[Thu 23 Jul 2026 18:55:57 IDT] DCQCN sweep K=8  light=45 @ -P6, heavy=45 @ -P2  WORKROOT=/media/mahmoud_murad_allaah/Data/dcqcn_sweep_work
[Thu 23 Jul 2026 18:55:57 IDT] === LIGHT (128-node) phase ===
[skip 18:55:57] perm_random_128n_16MB.1os already done
[done 18:56:02] perm_fullbis_128n_16MB.1os status=ok wall=4s flows=128/128 makespan_us=3634.9 overflow=0 K=8
[done 18:56:02] perm_random_128n_16MB.4os status=ok wall=5s flows=128/128 makespan_us=8312.4 overflow=0 K=8
[done 18:56:02] perm_fullbis_128n_16MB.4os status=ok wall=5s flows=128/128 makespan_us=9423.5 overflow=0 K=8
[done 18:56:03] perm_random_128n_16MB.8os status=ok wall=6s flows=128/128 makespan_us=11679.0 overflow=0 K=8
[done 18:56:04] perm_fullbis_128n_16MB.8os status=ok wall=7s flows=128/128 makespan_us=12771.8 overflow=0 K=8
[done 18:56:05] outcast_incast_128n_16MB.1os status=ok wall=3s flows=61/61 makespan_us=14904.4 overflow=0 K=8
[done 18:56:06] outcast_incast_128n_16MB.4os status=ok wall=3s flows=61/61 makespan_us=15171.7 overflow=0 K=8
[done 18:56:08] outcast_incast_128n_16MB.8os status=ok wall=4s flows=61/61 makespan_us=24563.2 overflow=0 K=8
[done 18:56:10] incast_remote_128n_16MB.8os status=ok wall=8s flows=64/64 makespan_us=64581.6 overflow=0 K=8
[done 18:56:12] incast_remote_128n_16MB.1os status=ok wall=15s flows=64/64 makespan_us=63332.0 overflow=0 K=8
[done 18:56:16] incast_remote_128n_16MB.4os status=ok wall=14s flows=64/64 makespan_us=65100.1 overflow=0 K=8
[done 18:56:16] incast_random_128n_16MB.1os status=ok wall=11s flows=127/127 makespan_us=95178.1 overflow=0 K=8
[done 18:56:18] incast_random_128n_16MB.4os status=ok wall=12s flows=127/127 makespan_us=94646.7 overflow=0 K=8
[done 18:56:19] incast_random_128n_16MB.8os status=ok wall=11s flows=127/127 makespan_us=98207.4 overflow=0 K=8
[done 18:56:41] perm_random_128n_64MB.1os status=ok wall=31s flows=128/128 makespan_us=14847.3 overflow=0 K=8
[done 18:56:45] perm_fullbis_128n_64MB.1os status=ok wall=29s flows=128/128 makespan_us=14667.3 overflow=0 K=8
[done 18:56:53] perm_random_128n_64MB.4os status=ok wall=41s flows=128/128 makespan_us=27744.3 overflow=0 K=8
[done 18:57:04] perm_fullbis_128n_64MB.4os status=ok wall=46s flows=128/128 makespan_us=34901.3 overflow=0 K=8
[done 18:57:13] perm_random_128n_64MB.8os status=ok wall=57s flows=128/128 makespan_us=41044.0 overflow=0 K=8
[done 18:57:26] outcast_incast_128n_64MB.1os status=ok wall=22s flows=61/61 makespan_us=52185.3 overflow=0 K=8
[done 18:57:31] perm_fullbis_128n_64MB.8os status=ok wall=72s flows=128/128 makespan_us=44009.5 overflow=0 K=8
[done 18:57:48] outcast_incast_128n_64MB.8os status=ok wall=22s flows=61/61 makespan_us=93562.1 overflow=0 K=8
[done 18:57:49] incast_remote_128n_64MB.8os status=ok wall=56s flows=64/64 makespan_us=251059.0 overflow=0 K=8
[done 18:57:50] outcast_incast_128n_64MB.4os status=ok wall=37s flows=61/61 makespan_us=52105.3 overflow=0 K=8
[done 18:58:34] incast_random_128n_64MB.1os status=ok wall=63s flows=127/127 makespan_us=372423.0 overflow=0 K=8
[done 18:58:51] incast_remote_128n_64MB.4os status=ok wall=126s flows=64/64 makespan_us=254309.0 overflow=0 K=8
[done 18:58:53] perm_random_128n_100MB.1os status=ok wall=63s flows=128/128 makespan_us=22075.4 overflow=0 K=8
[done 18:59:50] incast_random_128n_64MB.4os status=ok wall=122s flows=127/127 makespan_us=373000.0 overflow=0 K=8
[done 18:59:52] perm_fullbis_128n_100MB.1os status=ok wall=59s flows=128/128 makespan_us=26479.8 overflow=0 K=8
[done 19:00:01] incast_remote_128n_64MB.1os status=ok wall=200s flows=64/64 makespan_us=250168.0 overflow=0 K=8
[done 19:00:02] perm_random_128n_100MB.4os status=ok wall=88s flows=128/128 makespan_us=41507.2 overflow=0 K=8
[done 19:00:14] incast_random_128n_64MB.8os status=ok wall=145s flows=127/127 makespan_us=386638.0 overflow=0 K=8
[done 19:01:05] perm_random_128n_100MB.8os status=ok wall=134s flows=128/128 makespan_us=61764.9 overflow=0 K=8
[done 19:01:26] perm_fullbis_128n_100MB.4os status=ok wall=96s flows=128/128 makespan_us=41536.0 overflow=0 K=8
[done 19:01:55] incast_remote_128n_100MB.8os status=ok wall=101s flows=64/64 makespan_us=390663.0 overflow=0 K=8
[done 19:01:56] outcast_incast_128n_100MB.1os status=ok wall=51s flows=61/61 makespan_us=79970.8 overflow=0 K=8
[done 19:02:28] outcast_incast_128n_100MB.8os status=ok wall=33s flows=61/61 makespan_us=144581.0 overflow=0 K=8
[done 19:02:28] perm_fullbis_128n_100MB.8os status=ok wall=156s flows=128/128 makespan_us=61360.4 overflow=0 K=8
[done 19:02:50] outcast_incast_128n_100MB.4os status=ok wall=83s flows=61/61 makespan_us=79850.6 overflow=0 K=8
[done 19:04:04] incast_random_128n_100MB.1os status=ok wall=127s flows=127/127 makespan_us=579901.0 overflow=0 K=8
[done 19:04:37] incast_remote_128n_100MB.4os status=ok wall=274s flows=64/64 makespan_us=396402.0 overflow=0 K=8
[done 19:06:55] incast_random_128n_100MB.4os status=ok wall=267s flows=127/127 makespan_us=580984.0 overflow=0 K=8
[done 19:07:47] incast_remote_128n_100MB.1os status=ok wall=466s flows=64/64 makespan_us=390726.0 overflow=0 K=8
[done 19:07:56] incast_random_128n_100MB.8os status=ok wall=328s flows=127/127 makespan_us=603029.0 overflow=0 K=8
[Thu 23 Jul 2026 19:07:56 IDT] light done; === HEAVY (1024-node) phase ===
[done 19:09:13] perm_random_1024n_16MB.1os status=ok wall=77s flows=1024/1024 makespan_us=5472.2 overflow=0 K=8
[done 19:09:21] perm_random_1024n_16MB.4os status=ok wall=85s flows=1024/1024 makespan_us=11871.4 overflow=0 K=8
[done 19:10:35] perm_fullbis_1024n_16MB.1os status=ok wall=74s flows=1024/1024 makespan_us=6284.1 overflow=0 K=8
[done 19:10:50] perm_random_1024n_16MB.8os status=ok wall=97s flows=1024/1024 makespan_us=16910.7 overflow=0 K=8
[done 19:11:57] perm_fullbis_1024n_16MB.4os status=ok wall=82s flows=1024/1024 makespan_us=10813.7 overflow=0 K=8
[done 19:12:14] incast_remote_1024n_16MB.1os status=ok wall=17s flows=512/512 makespan_us=337258.0 overflow=0 K=8
[done 19:12:28] perm_fullbis_1024n_16MB.8os status=ok wall=98s flows=1024/1024 makespan_us=15379.5 overflow=0 K=8
[done 19:12:30] incast_remote_1024n_16MB.4os status=ok wall=16s flows=512/512 makespan_us=336741.0 overflow=0 K=8
[done 19:12:43] incast_remote_1024n_16MB.8os status=ok wall=15s flows=512/512 makespan_us=337057.0 overflow=0 K=8
[done 19:12:59] outcast_incast_1024n_16MB.1os status=ok wall=29s flows=509/509 makespan_us=96591.1 overflow=0 K=8
[done 19:13:09] outcast_incast_1024n_16MB.4os status=ok wall=26s flows=509/509 makespan_us=102627.0 overflow=0 K=8
[done 19:13:22] outcast_incast_1024n_16MB.8os status=ok wall=23s flows=509/509 makespan_us=102733.0 overflow=0 K=8
[done 19:14:12] incast_random_1024n_16MB.1os status=ok wall=62s flows=1023/1023 makespan_us=669152.0 overflow=0 K=8
[done 19:16:58] incast_random_1024n_16MB.4os status=ok wall=216s flows=1023/1023 makespan_us=670410.0 overflow=0 K=8
[done 19:19:33] incast_random_1024n_16MB.8os status=ok wall=320s flows=1023/1023 makespan_us=669114.0 overflow=0 K=8
[done 19:24:23] perm_random_1024n_64MB.1os status=ok wall=445s flows=1024/1024 makespan_us=18334.1 overflow=0 K=8
[done 19:29:30] perm_random_1024n_64MB.4os status=ok wall=597s flows=1024/1024 makespan_us=41173.6 overflow=0 K=8
[done 19:36:27] perm_fullbis_1024n_64MB.1os status=ok wall=417s flows=1024/1024 makespan_us=20946.3 overflow=0 K=8
[done 19:37:41] perm_random_1024n_64MB.8os status=ok wall=798s flows=1024/1024 makespan_us=59973.9 overflow=0 K=8
[done 19:46:10] perm_fullbis_1024n_64MB.4os status=ok wall=583s flows=1024/1024 makespan_us=31181.4 overflow=0 K=8
[done 19:47:27] incast_remote_1024n_64MB.1os status=ok wall=77s flows=512/512 makespan_us=1349300.0 overflow=0 K=8
[done 19:48:34] incast_remote_1024n_64MB.4os status=ok wall=67s flows=512/512 makespan_us=1350090.0 overflow=0 K=8
[done 19:49:37] incast_remote_1024n_64MB.8os status=ok wall=63s flows=512/512 makespan_us=1351270.0 overflow=0 K=8
[done 19:51:16] perm_fullbis_1024n_64MB.8os status=ok wall=815s flows=1024/1024 makespan_us=50688.0 overflow=0 K=8
[done 19:51:44] outcast_incast_1024n_64MB.1os status=ok wall=127s flows=509/509 makespan_us=383260.0 overflow=0 K=8
[done 19:53:28] outcast_incast_1024n_64MB.4os status=ok wall=132s flows=509/509 makespan_us=399400.0 overflow=0 K=8
[done 19:53:46] outcast_incast_1024n_64MB.8os status=ok wall=122s flows=509/509 makespan_us=403284.0 overflow=0 K=8
[done 20:05:24] incast_random_1024n_64MB.1os status=ok wall=715s flows=1023/1023 makespan_us=2675930.0 overflow=0 K=8
[done 20:42:56] incast_random_1024n_64MB.4os status=ok wall=2950s flows=1023/1023 makespan_us=2684300.0 overflow=0 K=8
[done 20:55:22] incast_random_1024n_64MB.8os status=ok wall=2998s flows=1023/1023 makespan_us=2678610.0 overflow=0 K=8
[done 20:56:43] perm_random_1024n_100MB.1os status=ok wall=827s flows=1024/1024 makespan_us=26989.0 overflow=0 K=8
[done 21:15:48] perm_random_1024n_100MB.4os status=ok wall=1226s flows=1024/1024 makespan_us=61054.4 overflow=0 K=8
[done 21:25:08] perm_random_1024n_100MB.8os status=ok wall=1705s flows=1024/1024 makespan_us=92528.9 overflow=0 K=8
[done 21:28:33] perm_fullbis_1024n_100MB.1os status=ok wall=764s flows=1024/1024 makespan_us=23204.0 overflow=0 K=8
[done 21:44:29] perm_fullbis_1024n_100MB.4os status=ok wall=1161s flows=1024/1024 makespan_us=46832.1 overflow=0 K=8
[done 21:46:45] incast_remote_1024n_100MB.1os status=ok wall=136s flows=512/512 makespan_us=2107340.0 overflow=0 K=8
[done 21:48:35] incast_remote_1024n_100MB.4os status=ok wall=110s flows=512/512 makespan_us=2110110.0 overflow=0 K=8
[done 21:50:14] incast_remote_1024n_100MB.8os status=ok wall=99s flows=512/512 makespan_us=2112030.0 overflow=0 K=8
[done 21:53:55] outcast_incast_1024n_100MB.1os status=ok wall=221s flows=509/509 makespan_us=598319.0 overflow=0 K=8
[done 21:57:05] perm_fullbis_1024n_100MB.8os status=ok wall=1712s flows=1024/1024 makespan_us=73099.7 overflow=0 K=8
[done 21:58:14] outcast_incast_1024n_100MB.4os status=ok wall=258s flows=509/509 makespan_us=623470.0 overflow=0 K=8
[done 22:00:58] outcast_incast_1024n_100MB.8os status=ok wall=233s flows=509/509 makespan_us=627471.0 overflow=0 K=8
[done 22:25:53] incast_random_1024n_100MB.1os status=ok wall=1659s flows=1023/1023 makespan_us=4181200.0 overflow=0 K=8
[done 23:21:37] incast_random_1024n_100MB.4os status=ok wall=4839s flows=1023/1023 makespan_us=4193160.0 overflow=0 K=8
[done 00:15:56] incast_random_1024n_100MB.8os status=ok wall=6603s flows=1023/1023 makespan_us=4185310.0 overflow=0 K=8
[Fri 24 Jul 2026 00:15:56 IDT] heavy done
[Fri 24 Jul 2026 00:15:56 IDT] COMPLETE  main=90/90 rows  util=90 rows  ok=90
