[Fri 24 Jul 2026 12:46:27 IDT] DCQCN sweep K=8  light=45 @ -P6, heavy=45 @ -P2  WORKROOT=/media/mahmoud_murad_allaah/Data/dcqcn_sweep_work
[Fri 24 Jul 2026 12:46:27 IDT] === LIGHT (128-node) phase ===
[done 12:46:32] perm_random_128n_16MB.4os status=ok wall=5s flows=128/128 makespan_us=8312.4 overflow=0 K=8
[done 12:46:32] perm_random_128n_16MB.1os status=ok wall=5s flows=128/128 makespan_us=4449.0 overflow=0 K=8
[done 12:46:32] perm_fullbis_128n_16MB.1os status=ok wall=5s flows=128/128 makespan_us=3634.9 overflow=0 K=8
[done 12:46:33] perm_fullbis_128n_16MB.4os status=ok wall=6s flows=128/128 makespan_us=9423.5 overflow=0 K=8
[done 12:46:34] perm_random_128n_16MB.8os status=ok wall=7s flows=128/128 makespan_us=11679.0 overflow=0 K=8
[done 12:46:34] perm_fullbis_128n_16MB.8os status=ok wall=7s flows=128/128 makespan_us=12771.8 overflow=0 K=8
[done 12:46:38] outcast_incast_128n_16MB.1os status=ok wall=3s flows=61/61 makespan_us=14904.4 overflow=0 K=8
[done 12:46:40] outcast_incast_128n_16MB.4os status=ok wall=4s flows=61/61 makespan_us=15171.7 overflow=0 K=8
[done 12:46:41] outcast_incast_128n_16MB.8os status=ok wall=4s flows=61/61 makespan_us=24563.2 overflow=0 K=8
[done 12:46:44] incast_remote_128n_16MB.8os status=ok wall=9s flows=64/64 makespan_us=64581.6 overflow=0 K=8
[done 12:46:46] incast_remote_128n_16MB.4os status=ok wall=13s flows=64/64 makespan_us=65100.1 overflow=0 K=8
[done 12:46:47] incast_remote_128n_16MB.1os status=ok wall=14s flows=64/64 makespan_us=63332.0 overflow=0 K=8
[done 12:46:51] incast_random_128n_16MB.1os status=ok wall=11s flows=127/127 makespan_us=95178.1 overflow=0 K=8
[done 12:46:51] incast_random_128n_16MB.4os status=ok wall=11s flows=127/127 makespan_us=94646.7 overflow=0 K=8
[done 12:46:53] incast_random_128n_16MB.8os status=ok wall=11s flows=127/127 makespan_us=98207.4 overflow=0 K=8
[done 12:47:17] perm_random_128n_64MB.1os status=ok wall=31s flows=128/128 makespan_us=14847.3 overflow=0 K=8
[done 12:47:22] perm_fullbis_128n_64MB.1os status=ok wall=30s flows=128/128 makespan_us=14667.3 overflow=0 K=8
[done 12:47:29] perm_random_128n_64MB.4os status=ok wall=42s flows=128/128 makespan_us=27744.3 overflow=0 K=8
[done 12:47:39] perm_fullbis_128n_64MB.4os status=ok wall=46s flows=128/128 makespan_us=34901.3 overflow=0 K=8
[done 12:47:48] perm_random_128n_64MB.8os status=ok wall=59s flows=128/128 makespan_us=41044.0 overflow=0 K=8
[done 12:48:03] outcast_incast_128n_64MB.1os status=ok wall=22s flows=61/61 makespan_us=52185.3 overflow=0 K=8
[done 12:48:05] perm_fullbis_128n_64MB.8os status=ok wall=70s flows=128/128 makespan_us=44009.5 overflow=0 K=8
[done 12:48:23] incast_remote_128n_64MB.8os status=ok wall=52s flows=64/64 makespan_us=251059.0 overflow=0 K=8
[done 12:48:24] outcast_incast_128n_64MB.4os status=ok wall=35s flows=61/61 makespan_us=52105.3 overflow=0 K=8
[done 12:48:26] outcast_incast_128n_64MB.8os status=ok wall=22s flows=61/61 makespan_us=93562.1 overflow=0 K=8
[done 12:49:07] incast_random_128n_64MB.1os status=ok wall=60s flows=127/127 makespan_us=372423.0 overflow=0 K=8
[done 12:49:17] incast_remote_128n_64MB.4os status=ok wall=112s flows=64/64 makespan_us=254309.0 overflow=0 K=8
[done 12:49:30] perm_random_128n_100MB.1os status=ok wall=62s flows=128/128 makespan_us=22075.4 overflow=0 K=8
[done 12:50:12] incast_remote_128n_64MB.1os status=ok wall=174s flows=64/64 makespan_us=250168.0 overflow=0 K=8
[done 12:50:13] incast_random_128n_64MB.4os status=ok wall=109s flows=127/127 makespan_us=373000.0 overflow=0 K=8
[done 12:50:32] perm_fullbis_128n_100MB.1os status=ok wall=60s flows=128/128 makespan_us=26479.8 overflow=0 K=8
[done 12:50:35] incast_random_128n_64MB.8os status=ok wall=129s flows=127/127 makespan_us=386638.0 overflow=0 K=8
[done 12:50:35] perm_random_128n_100MB.4os status=ok wall=87s flows=128/128 makespan_us=41507.2 overflow=0 K=8
[done 12:51:28] perm_random_128n_100MB.8os status=ok wall=129s flows=128/128 makespan_us=61764.9 overflow=0 K=8
[done 12:51:50] perm_fullbis_128n_100MB.4os status=ok wall=96s flows=128/128 makespan_us=41536.0 overflow=0 K=8
[done 12:52:10] incast_remote_128n_100MB.8os status=ok wall=93s flows=64/64 makespan_us=390663.0 overflow=0 K=8
[done 12:52:18] outcast_incast_128n_100MB.1os status=ok wall=49s flows=61/61 makespan_us=79970.8 overflow=0 K=8
[done 12:52:43] perm_fullbis_128n_100MB.8os status=ok wall=148s flows=128/128 makespan_us=61360.4 overflow=0 K=8
[done 12:52:44] outcast_incast_128n_100MB.8os status=ok wall=32s flows=61/61 makespan_us=144581.0 overflow=0 K=8
[done 12:53:10] outcast_incast_128n_100MB.4os status=ok wall=78s flows=61/61 makespan_us=79850.6 overflow=0 K=8
[done 12:54:16] incast_random_128n_100MB.1os status=ok wall=116s flows=127/127 makespan_us=579901.0 overflow=0 K=8
[done 12:54:35] incast_remote_128n_100MB.4os status=ok wall=240s flows=64/64 makespan_us=396402.0 overflow=0 K=8
[done 12:56:58] incast_random_128n_100MB.4os status=ok wall=255s flows=127/127 makespan_us=580984.0 overflow=0 K=8
[done 12:57:14] incast_remote_128n_100MB.1os status=ok wall=400s flows=64/64 makespan_us=390726.0 overflow=0 K=8
[done 12:57:57] incast_random_128n_100MB.8os status=ok wall=312s flows=127/127 makespan_us=603029.0 overflow=0 K=8
[Fri 24 Jul 2026 12:57:58 IDT] light done; === HEAVY (1024-node) phase ===
[done 12:59:17] perm_random_1024n_16MB.1os status=ok wall=79s flows=1024/1024 makespan_us=5472.2 overflow=0 K=8
[done 12:59:23] perm_random_1024n_16MB.4os status=ok wall=85s flows=1024/1024 makespan_us=11871.4 overflow=0 K=8
[done 13:00:37] perm_fullbis_1024n_16MB.1os status=ok wall=74s flows=1024/1024 makespan_us=6284.1 overflow=0 K=8
[done 13:00:56] perm_random_1024n_16MB.8os status=ok wall=97s flows=1024/1024 makespan_us=16910.7 overflow=0 K=8
[done 13:01:59] perm_fullbis_1024n_16MB.4os status=ok wall=82s flows=1024/1024 makespan_us=10813.7 overflow=0 K=8
[done 13:02:16] incast_remote_1024n_16MB.1os status=ok wall=17s flows=512/512 makespan_us=337258.0 overflow=0 K=8
[done 13:02:34] incast_remote_1024n_16MB.4os status=ok wall=16s flows=512/512 makespan_us=336741.0 overflow=0 K=8
[done 13:02:36] perm_fullbis_1024n_16MB.8os status=ok wall=99s flows=1024/1024 makespan_us=15379.5 overflow=0 K=8
[done 13:02:51] incast_remote_1024n_16MB.8os status=ok wall=15s flows=512/512 makespan_us=337057.0 overflow=0 K=8
[done 13:03:06] outcast_incast_1024n_16MB.1os status=ok wall=29s flows=509/509 makespan_us=96591.1 overflow=0 K=8
[done 13:03:18] outcast_incast_1024n_16MB.4os status=ok wall=26s flows=509/509 makespan_us=102627.0 overflow=0 K=8
[done 13:03:30] outcast_incast_1024n_16MB.8os status=ok wall=23s flows=509/509 makespan_us=102733.0 overflow=0 K=8
[done 13:04:18] incast_random_1024n_16MB.1os status=ok wall=59s flows=1023/1023 makespan_us=669152.0 overflow=0 K=8
[done 13:06:39] incast_random_1024n_16MB.4os status=ok wall=189s flows=1023/1023 makespan_us=670410.0 overflow=0 K=8
[done 13:08:58] incast_random_1024n_16MB.8os status=ok wall=279s flows=1023/1023 makespan_us=669114.0 overflow=0 K=8
[done 13:14:10] perm_random_1024n_64MB.1os status=ok wall=450s flows=1024/1024 makespan_us=18334.1 overflow=0 K=8
[done 13:18:56] perm_random_1024n_64MB.4os status=ok wall=595s flows=1024/1024 makespan_us=41173.6 overflow=0 K=8
[done 13:25:55] perm_fullbis_1024n_64MB.1os status=ok wall=416s flows=1024/1024 makespan_us=20946.3 overflow=0 K=8
[done 13:26:58] perm_random_1024n_64MB.8os status=ok wall=767s flows=1024/1024 makespan_us=59973.9 overflow=0 K=8
[done 13:35:29] perm_fullbis_1024n_64MB.4os status=ok wall=572s flows=1024/1024 makespan_us=31181.4 overflow=0 K=8
[done 13:36:49] incast_remote_1024n_64MB.1os status=ok wall=77s flows=512/512 makespan_us=1349300.0 overflow=0 K=8
[done 13:37:58] incast_remote_1024n_64MB.4os status=ok wall=68s flows=512/512 makespan_us=1350090.0 overflow=0 K=8
[done 13:39:04] incast_remote_1024n_64MB.8os status=ok wall=64s flows=512/512 makespan_us=1351270.0 overflow=0 K=8
[done 13:40:11] perm_fullbis_1024n_64MB.8os status=ok wall=790s flows=1024/1024 makespan_us=50688.0 overflow=0 K=8
[done 13:41:13] outcast_incast_1024n_64MB.1os status=ok wall=127s flows=509/509 makespan_us=383260.0 overflow=0 K=8
[done 13:42:24] outcast_incast_1024n_64MB.4os status=ok wall=131s flows=509/509 makespan_us=399400.0 overflow=0 K=8
[done 13:43:16] outcast_incast_1024n_64MB.8os status=ok wall=122s flows=509/509 makespan_us=403284.0 overflow=0 K=8
[done 13:53:00] incast_random_1024n_64MB.1os status=ok wall=635s flows=1023/1023 makespan_us=2675930.0 overflow=0 K=8
[done 14:29:05] incast_random_1024n_64MB.4os status=ok wall=2746s flows=1023/1023 makespan_us=2684300.0 overflow=0 K=8
[done 14:39:41] incast_random_1024n_64MB.8os status=ok wall=2796s flows=1023/1023 makespan_us=2678610.0 overflow=0 K=8
[done 14:43:00] perm_random_1024n_100MB.1os status=ok wall=833s flows=1024/1024 makespan_us=26989.0 overflow=0 K=8
[done 14:59:32] perm_random_1024n_100MB.4os status=ok wall=1188s flows=1024/1024 makespan_us=61054.4 overflow=0 K=8
[done 15:09:35] perm_random_1024n_100MB.8os status=ok wall=1593s flows=1024/1024 makespan_us=92528.9 overflow=0 K=8
[done 15:12:11] perm_fullbis_1024n_100MB.1os status=ok wall=758s flows=1024/1024 makespan_us=23204.0 overflow=0 K=8
[done 15:28:29] perm_fullbis_1024n_100MB.4os status=ok wall=1133s flows=1024/1024 makespan_us=46832.1 overflow=0 K=8
[done 15:30:42] incast_remote_1024n_100MB.1os status=ok wall=133s flows=512/512 makespan_us=2107340.0 overflow=0 K=8
[done 15:32:35] incast_remote_1024n_100MB.4os status=ok wall=110s flows=512/512 makespan_us=2110110.0 overflow=0 K=8
[done 15:34:17] incast_remote_1024n_100MB.8os status=ok wall=100s flows=512/512 makespan_us=2112030.0 overflow=0 K=8
[done 15:38:00] outcast_incast_1024n_100MB.1os status=ok wall=221s flows=509/509 makespan_us=598319.0 overflow=0 K=8
[done 15:40:06] perm_fullbis_1024n_100MB.8os status=ok wall=1672s flows=1024/1024 makespan_us=73099.7 overflow=0 K=8
[done 15:42:05] outcast_incast_1024n_100MB.4os status=ok wall=245s flows=509/509 makespan_us=623470.0 overflow=0 K=8
[done 15:43:50] outcast_incast_1024n_100MB.8os status=ok wall=223s flows=509/509 makespan_us=627471.0 overflow=0 K=8
[done 16:07:18] incast_random_1024n_100MB.1os status=ok wall=1512s flows=1023/1023 makespan_us=4181200.0 overflow=0 K=8
[done 16:58:36] incast_random_1024n_100MB.4os status=ok wall=4485s flows=1023/1023 makespan_us=4193160.0 overflow=0 K=8
[done 17:51:34] incast_random_1024n_100MB.8os status=ok wall=6249s flows=1023/1023 makespan_us=4185310.0 overflow=0 K=8
[Fri 24 Jul 2026 17:51:37 IDT] heavy done
[Fri 24 Jul 2026 17:51:37 IDT] COMPLETE  main=90/90 rows  util=90 rows  ok=90
