..Flow Roce_627_0 12832 finished at 100134 total bytes 4000
Flow Roce_803_0 13536 finished at 104477 total bytes 4000
Flow Roce_600_0 12724 finished at 106871 total bytes 4000
Flow Roce_602_0 12732 finished at 109699 total bytes 4000
Flow Roce_985_0 14264 finished at 115290 total bytes 4000
Flow Roce_891_0 13888 finished at 123047 total bytes 4000
Flow Roce_903_0 13936 finished at 123529 total bytes 4000
Flow Roce_946_0 14108 finished at 124086 total bytes 4000
Flow Roce_939_0 14080 finished at 128798 total bytes 4000
Flow Roce_940_0 14084 finished at 131641 total bytes 4000
Flow Roce_832_0 13652 finished at 137881 total bytes 4000
Flow Roce_835_0 13664 finished at 142027 total bytes 4000
Flow Roce_836_0 13668 finished at 143281 total bytes 4000
.Flow Roce_678_0 13036 finished at 152056 total bytes 4000
Flow Roce_840_0 13684 finished at 154379 total bytes 4000
Flow Roce_895_0 13904 finished at 159665 total bytes 4000
Flow Roce_893_0 13896 finished at 162567 total bytes 4000
Flow Roce_984_0 14260 finished at 162692 total bytes 4000
Flow Roce_543_0 12496 finished at 169896 total bytes 4000
Flow Roce_730_0 13244 finished at 173224 total bytes 4000
Flow Roce_986_0 14268 finished at 174167 total bytes 4000
Flow Roce_923_0 14016 finished at 176166 total bytes 4000
Flow Roce_731_0 13248 finished at 178114 total bytes 4000
Flow Roce_785_0 13464 finished at 180302 total bytes 4000
Flow Roce_771_0 13408 finished at 182380 total bytes 4000
Flow Roce_926_0 14028 finished at 188299 total bytes 4000
Flow Roce_734_0 13260 finished at 189223 total bytes 4000
Flow Roce_634_0 12860 finished at 190916 total bytes 4000
Flow Roce_675_0 13024 finished at 191472 total bytes 4000
Flow Roce_676_0 13028 finished at 194089 total bytes 4000
Flow Roce_769_0 13400 finished at 194381 total bytes 4000
Flow Roce_920_0 14004 finished at 194886 total bytes 4000
Flow Roce_924_0 14020 finished at 195349 total bytes 4000
Flow Roce_696_0 13108 finished at 195773 total bytes 4000
Flow Roce_537_0 12472 finished at 196549 total bytes 4000
Flow Roce_667_0 12992 finished at 197618 total bytes 4000
Flow Roce_632_0 12852 finished at 198163 total bytes 4000
.Flow Roce_539_0 12480 finished at 201040 total bytes 4000
Flow Roce_538_0 12476 finished at 201252 total bytes 4000
Flow Roce_743_0 13296 finished at 202256 total bytes 4000
Flow Roce_540_0 12484 finished at 203754 total bytes 4000
Flow Roce_737_0 13272 finished at 204846 total bytes 4000
Flow Roce_670_0 13004 finished at 205873 total bytes 4000
Flow Roce_912_0 13972 finished at 206662 total bytes 4000
Flow Roce_860_0 13764 finished at 206818 total bytes 4000
Flow Roce_981_0 14248 finished at 206954 total bytes 4000
Flow Roce_611_0 12768 finished at 208430 total bytes 4000
Flow Roce_697_0 13112 finished at 210265 total bytes 4000
Flow Roce_559_0 12560 finished at 212439 total bytes 4000
Flow Roce_871_0 13808 finished at 213814 total bytes 4000
Flow Roce_707_0 13152 finished at 214718 total bytes 4000
Flow Roce_993_0 14296 finished at 215629 total bytes 4000
Flow Roce_710_0 13164 finished at 215752 total bytes 4000
Flow Roce_698_0 13116 finished at 216226 total bytes 4000
Flow Roce_609_0 12760 finished at 218445 total bytes 4000
Flow Roce_918_0 13996 finished at 219057 total bytes 4000
Flow Roce_863_0 13776 finished at 221105 total bytes 4000
Flow Roce_1021_0 14408 finished at 221966 total bytes 4000
Flow Roce_979_0 14240 finished at 222037 total bytes 4000
Flow Roce_911_0 13968 finished at 222170 total bytes 4000
Flow Roce_751_0 13328 finished at 222849 total bytes 4000
Flow Roce_980_0 14244 finished at 223143 total bytes 4000
Flow Roce_819_0 13600 finished at 223287 total bytes 4000
Flow Roce_533_0 12456 finished at 223426 total bytes 4000
Flow Roce_532_0 12452 finished at 223783 total bytes 4000
Flow Roce_816_0 13588 finished at 224773 total bytes 4000
Flow Roce_998_0 14316 finished at 225006 total bytes 4000
Flow Roce_867_0 13792 finished at 225054 total bytes 4000
Flow Roce_512_0 12372 finished at 225083 total bytes 4000
Flow Roce_701_0 13128 finished at 225124 total bytes 4000
Flow Roce_992_0 14292 finished at 225224 total bytes 4000
Flow Roce_870_0 13804 finished at 226819 total bytes 4000
Flow Roce_862_0 13772 finished at 227005 total bytes 4000
Flow Roce_748_0 13316 finished at 227538 total bytes 4000
Flow Roce_741_0 13288 finished at 228972 total bytes 4000
Flow Roce_904_0 13940 finished at 229022 total bytes 4000
Flow Roce_744_0 13300 finished at 230444 total bytes 4000
Flow Roce_739_0 13280 finished at 230787 total bytes 4000
Flow Roce_915_0 13984 finished at 231719 total bytes 4000
Flow Roce_546_0 12508 finished at 232180 total bytes 4000
Flow Roce_905_0 13944 finished at 232476 total bytes 4000
Flow Roce_558_0 12556 finished at 233144 total bytes 4000
Flow Roce_554_0 12540 finished at 233438 total bytes 4000
Flow Roce_583_0 12656 finished at 233689 total bytes 4000
Flow Roce_534_0 12460 finished at 233702 total bytes 4000
Flow Roce_535_0 12464 finished at 233705 total bytes 4000
Flow Roce_550_0 12524 finished at 234586 total bytes 4000
Flow Roce_686_0 13068 finished at 234635 total bytes 4000
Flow Roce_680_0 13044 finished at 234837 total bytes 4000
Flow Roce_932_0 14052 finished at 236879 total bytes 4000
Flow Roce_646_0 12908 finished at 236936 total bytes 4000
Flow Roce_716_0 13188 finished at 237111 total bytes 4000
Flow Roce_713_0 13176 finished at 237388 total bytes 4000
Flow Roce_1006_0 14348 finished at 237498 total bytes 4000
Flow Roce_645_0 12904 finished at 237765 total bytes 4000
Flow Roce_767_0 13392 finished at 238012 total bytes 4000
Flow Roce_1019_0 14400 finished at 238081 total bytes 4000
Flow Roce_577_0 12632 finished at 238261 total bytes 4000
Flow Roce_579_0 12640 finished at 238317 total bytes 4000
Flow Roce_654_0 12940 finished at 238317 total bytes 4000
Flow Roce_544_0 12500 finished at 238879 total bytes 4000
Flow Roce_648_0 12916 finished at 239111 total bytes 4000
Flow Roce_1020_0 14404 finished at 239326 total bytes 4000
Flow Roce_578_0 12636 finished at 239515 total bytes 4000
Flow Roce_931_0 14048 finished at 239750 total bytes 4000
Flow Roce_529_0 12440 finished at 240309 total bytes 4000
Flow Roce_547_0 12512 finished at 240495 total bytes 4000
Flow Roce_930_0 14044 finished at 240510 total bytes 4000
Flow Roce_517_0 12392 finished at 240568 total bytes 4000
Flow Roce_518_0 12396 finished at 241130 total bytes 4000
Flow Roce_781_0 13448 finished at 242513 total bytes 4000
Flow Roce_1007_0 14352 finished at 243994 total bytes 4000
Flow Roce_712_0 13172 finished at 244570 total bytes 4000
Flow Roce_778_0 13436 finished at 245417 total bytes 4000
Flow Roce_766_0 13388 finished at 245994 total bytes 4000
Flow Roce_715_0 13184 finished at 246219 total bytes 4000
Flow Roce_799_0 13520 finished at 246936 total bytes 4000
Flow Roce_528_0 12436 finished at 247534 total bytes 4000
Flow Roce_762_0 13372 finished at 247745 total bytes 4000
Flow Roce_874_0 13820 finished at 248085 total bytes 4000
Flow Roce_793_0 13496 finished at 249406 total bytes 4000
Flow Roce_580_0 12644 finished at 249755 total bytes 4000
Flow Roce_1004_0 14340 finished at 249998 total bytes 4000
.Flow Roce_694_0 13100 finished at 250327 total bytes 4000
Flow Roce_531_0 12448 finished at 251260 total bytes 4000
Flow Roce_876_0 13828 finished at 252506 total bytes 4000
Flow Roce_689_0 13080 finished at 252927 total bytes 4000
Flow Roce_662_0 12972 finished at 254728 total bytes 4000
Flow Roce_797_0 13512 finished at 255279 total bytes 4000
Flow Roce_975_0 14224 finished at 255629 total bytes 4000
Flow Roce_542_0 12492 finished at 255808 total bytes 4000
Flow Roce_955_0 14144 finished at 255867 total bytes 4000
Flow Roce_714_0 13180 finished at 255985 total bytes 4000
Flow Roce_530_0 12444 finished at 256335 total bytes 4000
Flow Roce_887_0 13872 finished at 256751 total bytes 4000
Flow Roce_718_0 13196 finished at 256851 total bytes 4000
Flow Roce_875_0 13824 finished at 258206 total bytes 4000
Flow Roce_783_0 13456 finished at 258419 total bytes 4000
Flow Roce_994_0 14300 finished at 258899 total bytes 4000
Flow Roce_968_0 14196 finished at 259646 total bytes 4000
Flow Roce_972_0 14212 finished at 260420 total bytes 4000
Flow Roce_974_0 14220 finished at 260422 total bytes 4000
Flow Roce_999_0 14320 finished at 260432 total bytes 4000
Flow Roce_973_0 14216 finished at 260532 total bytes 4000
Flow Roce_941_0 14088 finished at 260739 total bytes 4000
Flow Roce_719_0 13200 finished at 261190 total bytes 4000
Flow Roce_779_0 13440 finished at 262521 total bytes 4000
Flow Roce_957_0 14152 finished at 262781 total bytes 4000
Flow Roce_961_0 14168 finished at 264012 total bytes 4000
Flow Roce_958_0 14156 finished at 264235 total bytes 4000
Flow Roce_776_0 13428 finished at 264745 total bytes 4000
Flow Roce_995_0 14304 finished at 264902 total bytes 4000
Flow Roce_717_0 13192 finished at 265609 total bytes 4000
Flow Roce_688_0 13076 finished at 266407 total bytes 4000
Flow Roce_996_0 14308 finished at 266421 total bytes 4000
Flow Roce_573_0 12616 finished at 266495 total bytes 4000
Flow Roce_541_0 12488 finished at 266542 total bytes 4000
Flow Roce_936_0 14068 finished at 266653 total bytes 4000
Flow Roce_574_0 12620 finished at 267083 total bytes 4000
Flow Roce_536_0 12468 finished at 267103 total bytes 4000
Flow Roce_820_0 13604 finished at 267340 total bytes 4000
Flow Roce_1014_0 14380 finished at 267987 total bytes 4000
Flow Roce_817_0 13592 finished at 268152 total bytes 4000
Flow Roce_822_0 13612 finished at 268255 total bytes 4000
Flow Roce_1011_0 14368 finished at 268744 total bytes 4000
Flow Roce_962_0 14172 finished at 269396 total bytes 4000
Flow Roce_571_0 12608 finished at 269501 total bytes 4000
Flow Roce_916_0 13988 finished at 269814 total bytes 4000
Flow Roce_1009_0 14360 finished at 269859 total bytes 4000
Flow Roce_1012_0 14372 finished at 270135 total bytes 4000
Flow Roce_913_0 13976 finished at 270259 total bytes 4000
Flow Roce_695_0 13104 finished at 270454 total bytes 4000
Flow Roce_1008_0 14356 finished at 270907 total bytes 4000
Flow Roce_780_0 13444 finished at 271632 total bytes 4000
Flow Roce_777_0 13432 finished at 271707 total bytes 4000
Flow Roce_599_0 12720 finished at 271775 total bytes 4000
Flow Roce_964_0 14180 finished at 272217 total bytes 4000
Flow Roce_810_0 13564 finished at 272378 total bytes 4000
Flow Roce_690_0 13084 finished at 272558 total bytes 4000
Flow Roce_809_0 13560 finished at 272687 total bytes 4000
Flow Roce_782_0 13452 finished at 273337 total bytes 4000
Flow Roce_997_0 14312 finished at 273416 total bytes 4000
Flow Roce_692_0 13092 finished at 273776 total bytes 4000
Flow Roce_982_0 14252 finished at 274023 total bytes 4000
Flow Roce_818_0 13596 finished at 274078 total bytes 4000
Flow Roce_520_0 12404 finished at 274107 total bytes 4000
Flow Roce_658_0 12956 finished at 274251 total bytes 4000
Flow Roce_691_0 13088 finished at 274449 total bytes 4000
Flow Roce_693_0 13096 finished at 275140 total bytes 4000
Flow Roce_967_0 14192 finished at 275214 total bytes 4000
Flow Roce_1010_0 14364 finished at 275878 total bytes 4000
Flow Roce_976_0 14228 finished at 276066 total bytes 4000
Flow Roce_978_0 14236 finished at 276187 total bytes 4000
Flow Roce_661_0 12968 finished at 277060 total bytes 4000
Flow Roce_881_0 13848 finished at 277712 total bytes 4000
Flow Roce_882_0 13852 finished at 278216 total bytes 4000
Flow Roce_565_0 12584 finished at 279032 total bytes 4000
Flow Roce_736_0 13268 finished at 279345 total bytes 4000
Flow Roce_592_0 12692 finished at 279443 total bytes 4000
Flow Roce_859_0 13760 finished at 279654 total bytes 4000
Flow Roce_593_0 12696 finished at 280064 total bytes 4000
Flow Roce_977_0 14232 finished at 280656 total bytes 4000
Flow Roce_856_0 13748 finished at 280791 total bytes 4000
Flow Roce_521_0 12408 finished at 280816 total bytes 4000
Flow Roce_821_0 13608 finished at 280949 total bytes 4000
Flow Roce_823_0 13616 finished at 281152 total bytes 4000
Flow Roce_938_0 14076 finished at 281162 total bytes 4000
Flow Roce_566_0 12588 finished at 281971 total bytes 4000
Flow Roce_943_0 14096 finished at 282097 total bytes 4000
Flow Roce_857_0 13752 finished at 282495 total bytes 4000
Flow Roce_656_0 12948 finished at 283088 total bytes 4000
Flow Roce_1015_0 14384 finished at 283095 total bytes 4000
Flow Roce_527_0 12432 finished at 283180 total bytes 4000
Flow Roce_983_0 14256 finished at 283551 total bytes 4000
Flow Roce_1013_0 14376 finished at 283945 total bytes 4000
Flow Roce_971_0 14208 finished at 284287 total bytes 4000
Flow Roce_567_0 12592 finished at 285477 total bytes 4000
Flow Roce_969_0 14200 finished at 285879 total bytes 4000
Flow Roce_524_0 12420 finished at 285988 total bytes 4000
Flow Roce_858_0 13756 finished at 286531 total bytes 4000
Flow Roce_965_0 14184 finished at 286629 total bytes 4000
Flow Roce_849_0 13720 finished at 287147 total bytes 4000
Flow Roce_663_0 12976 finished at 287338 total bytes 4000
Flow Roce_561_0 12568 finished at 287999 total bytes 4000
Flow Roce_937_0 14072 finished at 288034 total bytes 4000
Flow Roce_942_0 14092 finished at 288200 total bytes 4000
Flow Roce_966_0 14188 finished at 288495 total bytes 4000
Flow Roce_742_0 13292 finished at 288740 total bytes 4000
Flow Roce_883_0 13856 finished at 289065 total bytes 4000
Flow Roce_850_0 13724 finished at 289721 total bytes 4000
Flow Roce_880_0 13844 finished at 290171 total bytes 4000
Flow Roce_564_0 12580 finished at 290564 total bytes 4000
Flow Roce_988_0 14276 finished at 290748 total bytes 4000
Flow Roce_894_0 13900 finished at 290908 total bytes 4000
Flow Roce_759_0 13360 finished at 290932 total bytes 4000
Flow Roce_919_0 14000 finished at 290939 total bytes 4000
Flow Roce_657_0 12952 finished at 291121 total bytes 4000
Flow Roce_548_0 12516 finished at 291515 total bytes 4000
Flow Roce_990_0 14284 finished at 291806 total bytes 4000
Flow Roce_892_0 13892 finished at 291837 total bytes 4000
Flow Roce_889_0 13880 finished at 291887 total bytes 4000
Flow Roce_562_0 12572 finished at 292079 total bytes 4000
Flow Roce_738_0 13276 finished at 292147 total bytes 4000
Flow Roce_563_0 12576 finished at 292512 total bytes 4000
Flow Roce_553_0 12536 finished at 293005 total bytes 4000
Flow Roce_598_0 12716 finished at 293044 total bytes 4000
Flow Roce_560_0 12564 finished at 293061 total bytes 4000
Flow Roce_861_0 13768 finished at 293702 total bytes 4000
Flow Roce_888_0 13876 finished at 294041 total bytes 4000
Flow Roce_659_0 12960 finished at 294203 total bytes 4000
Flow Roce_700_0 13124 finished at 294364 total bytes 4000
Flow Roce_756_0 13348 finished at 294666 total bytes 4000
Flow Roce_757_0 13352 finished at 294833 total bytes 4000
Flow Roce_740_0 13284 finished at 294942 total bytes 4000
Flow Roce_890_0 13884 finished at 294969 total bytes 4000
Flow Roce_755_0 13344 finished at 295150 total bytes 4000
Flow Roce_596_0 12708 finished at 295630 total bytes 4000
Flow Roce_886_0 13868 finished at 295641 total bytes 4000
Flow Roce_970_0 14204 finished at 295721 total bytes 4000
Flow Roce_595_0 12704 finished at 296050 total bytes 4000
Flow Roce_826_0 13628 finished at 296115 total bytes 4000
Flow Roce_884_0 13860 finished at 296235 total bytes 4000
Flow Roce_991_0 14288 finished at 296326 total bytes 4000
Flow Roce_885_0 13864 finished at 296509 total bytes 4000
Flow Roce_597_0 12712 finished at 296579 total bytes 4000
Flow Roce_792_0 13492 finished at 296856 total bytes 4000
Flow Roce_864_0 13780 finished at 297687 total bytes 4000
Flow Roce_699_0 13120 finished at 297927 total bytes 4000
Flow Roce_594_0 12700 finished at 298150 total bytes 4000
Flow Roce_613_0 12776 finished at 298275 total bytes 4000
Flow Roce_618_0 12796 finished at 298552 total bytes 4000
Flow Roce_869_0 13800 finished at 298717 total bytes 4000
Flow Roce_865_0 13784 finished at 298754 total bytes 4000
Flow Roce_703_0 13136 finished at 299006 total bytes 4000
Flow Roce_584_0 12660 finished at 299064 total bytes 4000
Flow Roce_866_0 13788 finished at 299171 total bytes 4000
Flow Roce_617_0 12792 finished at 299565 total bytes 4000
.Flow Roce_612_0 12772 finished at 300092 total bytes 4000
Flow Roce_610_0 12764 finished at 300222 total bytes 4000
Flow Roce_551_0 12528 finished at 301879 total bytes 4000
Flow Roce_831_0 13648 finished at 302222 total bytes 4000
Flow Roce_854_0 13740 finished at 302638 total bytes 4000
Flow Roce_637_0 12872 finished at 302793 total bytes 4000
Flow Roce_853_0 13736 finished at 302925 total bytes 4000
Flow Roce_914_0 13980 finished at 303502 total bytes 4000
Flow Roce_655_0 12944 finished at 303757 total bytes 4000
Flow Roce_768_0 13396 finished at 304178 total bytes 4000
Flow Roce_1017_0 14392 finished at 304378 total bytes 4000
Flow Roce_557_0 12552 finished at 304713 total bytes 4000
Flow Roce_798_0 13516 finished at 304867 total bytes 4000
Flow Roce_702_0 13132 finished at 305113 total bytes 4000
Flow Roce_727_0 13232 finished at 305283 total bytes 4000
Flow Roce_650_0 12924 finished at 305352 total bytes 4000
Flow Roce_723_0 13216 finished at 305605 total bytes 4000
Flow Roce_829_0 13640 finished at 305711 total bytes 4000
Flow Roce_555_0 12544 finished at 305731 total bytes 4000
Flow Roce_827_0 13632 finished at 305839 total bytes 4000
Flow Roce_556_0 12548 finished at 306254 total bytes 4000
Flow Roce_649_0 12920 finished at 306557 total bytes 4000
Flow Roce_773_0 13416 finished at 306728 total bytes 4000
Flow Roce_761_0 13368 finished at 306989 total bytes 4000
Flow Roce_720_0 13204 finished at 307002 total bytes 4000
Flow Roce_652_0 12932 finished at 307023 total bytes 4000
Flow Roce_989_0 14280 finished at 307825 total bytes 4000
Flow Roce_638_0 12876 finished at 307920 total bytes 4000
Flow Roce_721_0 13208 finished at 308014 total bytes 4000
Flow Roce_660_0 12964 finished at 308033 total bytes 4000
Flow Roce_796_0 13508 finished at 308065 total bytes 4000
Flow Roce_917_0 13992 finished at 308095 total bytes 4000
Flow Roce_987_0 14272 finished at 308109 total bytes 4000
Flow Roce_653_0 12936 finished at 308604 total bytes 4000
Flow Roce_679_0 13040 finished at 309132 total bytes 4000
Flow Roce_681_0 13048 finished at 309859 total bytes 4000
Flow Roce_685_0 13064 finished at 310305 total bytes 4000
Flow Roce_868_0 13796 finished at 310780 total bytes 4000
Flow Roce_725_0 13224 finished at 311393 total bytes 4000
Flow Roce_623_0 12816 finished at 311928 total bytes 4000
Flow Roce_1016_0 14388 finished at 312438 total bytes 4000
Flow Roce_608_0 12756 finished at 312592 total bytes 4000
Flow Roce_794_0 13500 finished at 312733 total bytes 4000
Flow Roce_745_0 13304 finished at 312866 total bytes 4000
Flow Roce_614_0 12780 finished at 312881 total bytes 4000
Flow Roce_633_0 12856 finished at 312979 total bytes 4000
Flow Roce_963_0 14176 finished at 313016 total bytes 4000
Flow Roce_639_0 12880 finished at 313133 total bytes 4000
Flow Roce_636_0 12868 finished at 313153 total bytes 4000
Flow Roce_549_0 12520 finished at 313187 total bytes 4000
Flow Roce_760_0 13364 finished at 313751 total bytes 4000
Flow Roce_615_0 12784 finished at 313903 total bytes 4000
Flow Roce_552_0 12532 finished at 314226 total bytes 4000
Flow Roce_922_0 14012 finished at 314820 total bytes 4000
Flow Roce_830_0 13644 finished at 314908 total bytes 4000
Flow Roce_651_0 12928 finished at 314919 total bytes 4000
Flow Roce_722_0 13212 finished at 314949 total bytes 4000
Flow Roce_664_0 12980 finished at 315015 total bytes 4000
Flow Roce_789_0 13480 finished at 315219 total bytes 4000
Flow Roce_825_0 13624 finished at 315222 total bytes 4000
Flow Roce_787_0 13472 finished at 315530 total bytes 4000
Flow Roce_811_0 13568 finished at 315788 total bytes 4000
Flow Roce_519_0 12400 finished at 315836 total bytes 4000
Flow Roce_621_0 12808 finished at 315952 total bytes 4000
Flow Roce_775_0 13424 finished at 316103 total bytes 4000
Flow Roce_1022_0 14412 finished at 316201 total bytes 4000
Flow Roce_824_0 13620 finished at 316318 total bytes 4000
Flow Roce_828_0 13636 finished at 316419 total bytes 4000
Flow Roce_619_0 12800 finished at 316462 total bytes 4000
Flow Roce_855_0 13744 finished at 316644 total bytes 4000
Flow Roce_673_0 13016 finished at 317151 total bytes 4000
Flow Roce_635_0 12864 finished at 317583 total bytes 4000
Flow Roce_586_0 12668 finished at 317695 total bytes 4000
Flow Roce_795_0 13504 finished at 318015 total bytes 4000
Flow Roce_960_0 14164 finished at 318020 total bytes 4000
Flow Roce_763_0 13376 finished at 318132 total bytes 4000
Flow Roce_672_0 13012 finished at 318331 total bytes 4000
Flow Roce_753_0 13336 finished at 318381 total bytes 4000
Flow Roce_928_0 14036 finished at 318552 total bytes 4000
Flow Roce_687_0 13072 finished at 318654 total bytes 4000
Flow Roce_765_0 13384 finished at 319100 total bytes 4000
Flow Roce_576_0 12628 finished at 319146 total bytes 4000
Flow Roce_852_0 13732 finished at 319159 total bytes 4000
Flow Roce_616_0 12788 finished at 319238 total bytes 4000
Flow Roce_726_0 13228 finished at 319253 total bytes 4000
Flow Roce_758_0 13356 finished at 319329 total bytes 4000
Flow Roce_747_0 13312 finished at 319454 total bytes 4000
Flow Roce_764_0 13380 finished at 319598 total bytes 4000
Flow Roce_1023_0 14416 finished at 319608 total bytes 4000
Flow Roce_750_0 13324 finished at 319656 total bytes 4000
Flow Roce_754_0 13340 finished at 319758 total bytes 4000
Flow Roce_774_0 13420 finished at 319841 total bytes 4000
Flow Roce_683_0 13056 finished at 319849 total bytes 4000
Flow Roce_669_0 13000 finished at 319883 total bytes 4000
Flow Roce_581_0 12648 finished at 320067 total bytes 4000
Flow Roce_772_0 13412 finished at 320119 total bytes 4000
Flow Roce_622_0 12812 finished at 320121 total bytes 4000
Flow Roce_927_0 14032 finished at 320337 total bytes 4000
Flow Roce_677_0 13032 finished at 320373 total bytes 4000
Flow Roce_682_0 13052 finished at 320474 total bytes 4000
Flow Roce_582_0 12652 finished at 320754 total bytes 4000
Flow Roce_1018_0 14396 finished at 320768 total bytes 4000
Flow Roce_522_0 12412 finished at 320781 total bytes 4000
Flow Roce_545_0 12504 finished at 320783 total bytes 4000
Flow Roce_770_0 13404 finished at 320791 total bytes 4000
Flow Roce_749_0 13320 finished at 320859 total bytes 4000
Flow Roce_526_0 12428 finished at 321231 total bytes 4000
Flow Roce_848_0 13716 finished at 321244 total bytes 4000
Flow Roce_523_0 12416 finished at 321303 total bytes 4000
Flow Roce_647_0 12912 finished at 321725 total bytes 4000
Flow Roce_575_0 12624 finished at 321809 total bytes 4000
Flow Roce_620_0 12804 finished at 321836 total bytes 4000
Flow Roce_934_0 14060 finished at 321911 total bytes 4000
Flow Roce_684_0 13060 finished at 322016 total bytes 4000
Flow Roce_570_0 12604 finished at 322049 total bytes 4000
Flow Roce_674_0 13020 finished at 322246 total bytes 4000
Flow Roce_724_0 13220 finished at 322401 total bytes 4000
Flow Roce_513_0 12376 finished at 322582 total bytes 4000
Flow Roce_752_0 13332 finished at 322707 total bytes 4000
Flow Roce_588_0 12676 finished at 322780 total bytes 4000
Flow Roce_851_0 13728 finished at 322810 total bytes 4000
Flow Roce_921_0 14008 finished at 323101 total bytes 4000
Flow Roce_572_0 12612 finished at 323191 total bytes 4000
Flow Roce_1000_0 14324 finished at 323194 total bytes 4000
Flow Roce_907_0 13952 finished at 323217 total bytes 4000
Flow Roce_790_0 13484 finished at 323266 total bytes 4000
Flow Roce_808_0 13556 finished at 323470 total bytes 4000
Flow Roce_671_0 13008 finished at 323658 total bytes 4000
Flow Roce_813_0 13576 finished at 324084 total bytes 4000
Flow Roce_516_0 12388 finished at 324369 total bytes 4000
Flow Roce_788_0 13476 finished at 324642 total bytes 4000
Flow Roce_569_0 12600 finished at 325055 total bytes 4000
Flow Roce_568_0 12596 finished at 325130 total bytes 4000
Flow Roce_814_0 13580 finished at 325197 total bytes 4000
Flow Roce_746_0 13308 finished at 325247 total bytes 4000
Flow Roce_812_0 13572 finished at 325293 total bytes 4000
Flow Roce_668_0 12996 finished at 325490 total bytes 4000
Flow Roce_514_0 12380 finished at 325742 total bytes 4000
Flow Roce_929_0 14040 finished at 325766 total bytes 4000
Flow Roce_1005_0 14344 finished at 326070 total bytes 4000
Flow Roce_525_0 12424 finished at 326084 total bytes 4000
Flow Roce_1002_0 14332 finished at 326113 total bytes 4000
Flow Roce_800_0 13524 finished at 326121 total bytes 4000
Flow Roce_515_0 12384 finished at 326126 total bytes 4000
Flow Roce_631_0 12848 finished at 326696 total bytes 4000
Flow Roce_1001_0 14328 finished at 326818 total bytes 4000
Flow Roce_640_0 12884 finished at 326851 total bytes 4000
Flow Roce_666_0 12988 finished at 327053 total bytes 4000
Flow Roce_908_0 13956 finished at 327191 total bytes 4000
Flow Roce_791_0 13488 finished at 327452 total bytes 4000
Flow Roce_589_0 12680 finished at 327490 total bytes 4000
Flow Roce_925_0 14024 finished at 327541 total bytes 4000
Flow Roce_910_0 13964 finished at 327633 total bytes 4000
Flow Roce_906_0 13948 finished at 327947 total bytes 4000
Flow Roce_784_0 13460 finished at 327959 total bytes 4000
Flow Roce_665_0 12984 finished at 328254 total bytes 4000
Flow Roce_872_0 13812 finished at 328429 total bytes 4000
Flow Roce_815_0 13584 finished at 328731 total bytes 4000
Flow Roce_786_0 13468 finished at 328902 total bytes 4000
Flow Roce_1003_0 14336 finished at 328980 total bytes 4000
Flow Roce_624_0 12820 finished at 329735 total bytes 4000
Flow Roce_643_0 12896 finished at 329954 total bytes 4000
Flow Roce_909_0 13960 finished at 329980 total bytes 4000
Flow Roce_735_0 13264 finished at 330002 total bytes 4000
Flow Roce_706_0 13148 finished at 330005 total bytes 4000
Flow Roce_935_0 14064 finished at 330206 total bytes 4000
Flow Roce_705_0 13144 finished at 330510 total bytes 4000
Flow Roce_630_0 12844 finished at 330584 total bytes 4000
Flow Roce_802_0 13532 finished at 330606 total bytes 4000
Flow Roce_806_0 13548 finished at 330708 total bytes 4000
Flow Roce_873_0 13816 finished at 330729 total bytes 4000
Flow Roce_933_0 14056 finished at 330742 total bytes 4000
Flow Roce_804_0 13540 finished at 330755 total bytes 4000
Flow Roce_591_0 12688 finished at 331166 total bytes 4000
Flow Roce_642_0 12892 finished at 331260 total bytes 4000
Flow Roce_878_0 13836 finished at 331369 total bytes 4000
Flow Roce_877_0 13832 finished at 331424 total bytes 4000
Flow Roce_805_0 13544 finished at 331467 total bytes 4000
Flow Roce_711_0 13168 finished at 332109 total bytes 4000
Flow Roce_833_0 13656 finished at 332183 total bytes 4000
Flow Roce_953_0 14136 finished at 332341 total bytes 4000
Flow Roce_708_0 13156 finished at 332613 total bytes 4000
Flow Roce_644_0 12900 finished at 332644 total bytes 4000
Flow Roce_732_0 13252 finished at 332665 total bytes 4000
Flow Roce_604_0 12740 finished at 332947 total bytes 4000
Flow Roce_834_0 13660 finished at 333175 total bytes 4000
Flow Roce_729_0 13240 finished at 333201 total bytes 4000
Flow Roce_629_0 12840 finished at 333244 total bytes 4000
Flow Roce_839_0 13680 finished at 333256 total bytes 4000
Flow Roce_641_0 12888 finished at 333353 total bytes 4000
Flow Roce_603_0 12736 finished at 333438 total bytes 4000
Flow Roce_807_0 13552 finished at 333535 total bytes 4000
Flow Roce_952_0 14132 finished at 333641 total bytes 4000
Flow Roce_879_0 13840 finished at 333698 total bytes 4000
Flow Roce_587_0 12672 finished at 333824 total bytes 4000
Flow Roce_704_0 13140 finished at 333841 total bytes 4000
Flow Roce_838_0 13676 finished at 333868 total bytes 4000
Flow Roce_585_0 12664 finished at 333893 total bytes 4000
Flow Roce_801_0 13528 finished at 334292 total bytes 4000
Flow Roce_625_0 12824 finished at 334293 total bytes 4000
Flow Roce_709_0 13160 finished at 334299 total bytes 4000
Flow Roce_900_0 13924 finished at 334320 total bytes 4000
Flow Roce_842_0 13692 finished at 334403 total bytes 4000
Flow Roce_954_0 14140 finished at 334433 total bytes 4000
Flow Roce_896_0 13908 finished at 334773 total bytes 4000
Flow Roce_897_0 13912 finished at 334780 total bytes 4000
Flow Roce_901_0 13928 finished at 334787 total bytes 4000
Flow Roce_605_0 12744 finished at 334821 total bytes 4000
Flow Roce_590_0 12684 finished at 334995 total bytes 4000
Flow Roce_959_0 14160 finished at 335122 total bytes 4000
Flow Roce_733_0 13256 finished at 335476 total bytes 4000
Flow Roce_956_0 14148 finished at 335514 total bytes 4000
Flow Roce_837_0 13672 finished at 335592 total bytes 4000
Flow Roce_902_0 13932 finished at 335626 total bytes 4000
Flow Roce_728_0 13236 finished at 335627 total bytes 4000
Flow Roce_601_0 12728 finished at 335720 total bytes 4000
Flow Roce_845_0 13704 finished at 335862 total bytes 4000
Flow Roce_899_0 13920 finished at 335899 total bytes 4000
Flow Roce_898_0 13916 finished at 335971 total bytes 4000
Flow Roce_949_0 14120 finished at 336016 total bytes 4000
Flow Roce_606_0 12748 finished at 336066 total bytes 4000
Flow Roce_607_0 12752 finished at 336150 total bytes 4000
Flow Roce_626_0 12828 finished at 336174 total bytes 4000
Flow Roce_944_0 14100 finished at 336342 total bytes 4000
Flow Roce_628_0 12836 finished at 336358 total bytes 4000
Flow Roce_844_0 13700 finished at 336455 total bytes 4000
Flow Roce_948_0 14116 finished at 336493 total bytes 4000
Flow Roce_846_0 13708 finished at 336508 total bytes 4000
Flow Roce_843_0 13696 finished at 336632 total bytes 4000
Flow Roce_951_0 14128 finished at 336711 total bytes 4000
Flow Roce_841_0 13688 finished at 336718 total bytes 4000
Flow Roce_945_0 14104 finished at 336979 total bytes 4000
Flow Roce_950_0 14124 finished at 337021 total bytes 4000
Flow Roce_947_0 14112 finished at 337048 total bytes 4000
Flow Roce_847_0 13712 finished at 337057 total bytes 4000
New: 0 Rtx: 0
OVERFLOW_COUNT 0
