.Flow Roce_72_0 2796 finished at 59418.5 total bytes 4000
Flow Roce_110_0 2948 finished at 60142.6 total bytes 4000
Flow Roce_111_0 2952 finished at 60456.9 total bytes 4000
Flow Roce_118_0 2980 finished at 60711.3 total bytes 4000
Flow Roce_71_0 2792 finished at 60973.1 total bytes 4000
Flow Roce_125_0 3008 finished at 61261.8 total bytes 4000
Flow Roce_70_0 2788 finished at 61270.3 total bytes 4000
Flow Roce_89_0 2864 finished at 61405.9 total bytes 4000
Flow Roce_67_0 2776 finished at 61409.8 total bytes 4000
Flow Roce_120_0 2988 finished at 61414.2 total bytes 4000
Flow Roce_77_0 2816 finished at 61450.6 total bytes 4000
Flow Roce_81_0 2832 finished at 61969 total bytes 4000
Flow Roce_107_0 2936 finished at 62118.2 total bytes 4000
Flow Roce_82_0 2836 finished at 62138 total bytes 4000
Flow Roce_76_0 2812 finished at 62265.1 total bytes 4000
Flow Roce_122_0 2996 finished at 62374.1 total bytes 4000
Flow Roce_116_0 2972 finished at 62403.1 total bytes 4000
Flow Roce_119_0 2984 finished at 62485.1 total bytes 4000
Flow Roce_112_0 2956 finished at 62570.2 total bytes 4000
Flow Roce_126_0 3012 finished at 62749.7 total bytes 4000
Flow Roce_95_0 2888 finished at 62759.8 total bytes 4000
Flow Roce_113_0 2960 finished at 62834.3 total bytes 4000
Flow Roce_108_0 2940 finished at 63026.2 total bytes 4000
Flow Roce_65_0 2768 finished at 63075 total bytes 4000
Flow Roce_99_0 2904 finished at 63078.9 total bytes 4000
Flow Roce_73_0 2800 finished at 63178.7 total bytes 4000
Flow Roce_91_0 2872 finished at 63227.6 total bytes 4000
Flow Roce_100_0 2908 finished at 63241.4 total bytes 4000
Flow Roce_64_0 2764 finished at 63302.2 total bytes 4000
Flow Roce_124_0 3004 finished at 63316.1 total bytes 4000
Flow Roce_74_0 2804 finished at 63457.3 total bytes 4000
Flow Roce_66_0 2772 finished at 63469.2 total bytes 4000
Flow Roce_103_0 2920 finished at 63579.5 total bytes 4000
Flow Roce_94_0 2884 finished at 63615 total bytes 4000
Flow Roce_97_0 2896 finished at 63634.6 total bytes 4000
Flow Roce_86_0 2852 finished at 63636 total bytes 4000
Flow Roce_80_0 2828 finished at 63811.1 total bytes 4000
Flow Roce_93_0 2880 finished at 63868.8 total bytes 4000
Flow Roce_127_0 3016 finished at 63917.3 total bytes 4000
Flow Roce_96_0 2892 finished at 64012.2 total bytes 4000
Flow Roce_75_0 2808 finished at 64080 total bytes 4000
Flow Roce_87_0 2856 finished at 64085.5 total bytes 4000
Flow Roce_117_0 2976 finished at 64085.7 total bytes 4000
Flow Roce_84_0 2844 finished at 64104.2 total bytes 4000
Flow Roce_98_0 2900 finished at 64286.6 total bytes 4000
Flow Roce_83_0 2840 finished at 64296.8 total bytes 4000
Flow Roce_69_0 2784 finished at 64357.5 total bytes 4000
Flow Roce_114_0 2964 finished at 64367.9 total bytes 4000
Flow Roce_105_0 2928 finished at 64386.9 total bytes 4000
Flow Roce_79_0 2824 finished at 64387.3 total bytes 4000
Flow Roce_115_0 2968 finished at 64461.5 total bytes 4000
Flow Roce_104_0 2924 finished at 64473.5 total bytes 4000
Flow Roce_106_0 2932 finished at 64491.4 total bytes 4000
Flow Roce_101_0 2912 finished at 64531.9 total bytes 4000
Flow Roce_102_0 2916 finished at 64691.7 total bytes 4000
Flow Roce_121_0 2992 finished at 64741.8 total bytes 4000
Flow Roce_68_0 2780 finished at 64834.5 total bytes 4000
Flow Roce_90_0 2868 finished at 64844 total bytes 4000
Flow Roce_123_0 3000 finished at 64866.4 total bytes 4000
Flow Roce_88_0 2860 finished at 64961.7 total bytes 4000
Flow Roce_78_0 2820 finished at 64989.3 total bytes 4000
Flow Roce_109_0 2944 finished at 64994.4 total bytes 4000
Flow Roce_85_0 2848 finished at 65028.9 total bytes 4000
Flow Roce_92_0 2876 finished at 65100.1 total bytes 4000
New: 0 Rtx: 0
OVERFLOW_COUNT 0
