.Flow Roce_87_0 3840 finished at 56285.9 total bytes 4000
Flow Roce_67_0 3760 finished at 57306.2 total bytes 4000
Flow Roce_95_0 3872 finished at 57632.7 total bytes 4000
Flow Roce_84_0 3828 finished at 57719.1 total bytes 4000
Flow Roce_118_0 3964 finished at 57871.4 total bytes 4000
Flow Roce_75_0 3792 finished at 58120.3 total bytes 4000
Flow Roce_123_0 3984 finished at 58274.1 total bytes 4000
Flow Roce_73_0 3784 finished at 58800.4 total bytes 4000
Flow Roce_111_0 3936 finished at 59170.6 total bytes 4000
Flow Roce_69_0 3768 finished at 59547.4 total bytes 4000
Flow Roce_116_0 3956 finished at 59632 total bytes 4000
Flow Roce_106_0 3916 finished at 60148.5 total bytes 4000
Flow Roce_89_0 3848 finished at 60157.9 total bytes 4000
Flow Roce_93_0 3864 finished at 60370.9 total bytes 4000
Flow Roce_98_0 3884 finished at 60487.8 total bytes 4000
Flow Roce_102_0 3900 finished at 60649 total bytes 4000
Flow Roce_66_0 3756 finished at 60678.6 total bytes 4000
Flow Roce_77_0 3800 finished at 60709.2 total bytes 4000
Flow Roce_125_0 3992 finished at 60788.2 total bytes 4000
Flow Roce_86_0 3836 finished at 61048.8 total bytes 4000
Flow Roce_127_0 4000 finished at 61163.2 total bytes 4000
Flow Roce_88_0 3844 finished at 61279.8 total bytes 4000
Flow Roce_68_0 3764 finished at 61296 total bytes 4000
Flow Roce_119_0 3968 finished at 61394.7 total bytes 4000
Flow Roce_96_0 3876 finished at 61415.3 total bytes 4000
Flow Roce_71_0 3776 finished at 61426.5 total bytes 4000
Flow Roce_115_0 3952 finished at 61601.9 total bytes 4000
Flow Roce_107_0 3920 finished at 61709.2 total bytes 4000
Flow Roce_113_0 3944 finished at 61755.5 total bytes 4000
Flow Roce_82_0 3820 finished at 61768.8 total bytes 4000
Flow Roce_76_0 3796 finished at 61772.5 total bytes 4000
Flow Roce_78_0 3804 finished at 61831.3 total bytes 4000
Flow Roce_126_0 3996 finished at 61858.4 total bytes 4000
Flow Roce_117_0 3960 finished at 61898.1 total bytes 4000
Flow Roce_64_0 3748 finished at 62037.3 total bytes 4000
Flow Roce_79_0 3808 finished at 62257 total bytes 4000
Flow Roce_109_0 3928 finished at 62367.9 total bytes 4000
Flow Roce_112_0 3940 finished at 62478.9 total bytes 4000
Flow Roce_101_0 3896 finished at 62488.8 total bytes 4000
Flow Roce_81_0 3816 finished at 62509.3 total bytes 4000
Flow Roce_104_0 3908 finished at 62539.8 total bytes 4000
Flow Roce_103_0 3904 finished at 62553.5 total bytes 4000
Flow Roce_92_0 3860 finished at 62630.6 total bytes 4000
Flow Roce_70_0 3772 finished at 62660.8 total bytes 4000
Flow Roce_124_0 3988 finished at 62665 total bytes 4000
Flow Roce_90_0 3852 finished at 62705.3 total bytes 4000
Flow Roce_97_0 3880 finished at 62755.6 total bytes 4000
Flow Roce_122_0 3980 finished at 62764.6 total bytes 4000
Flow Roce_110_0 3932 finished at 62777.8 total bytes 4000
Flow Roce_114_0 3948 finished at 62779.9 total bytes 4000
Flow Roce_121_0 3976 finished at 62786.6 total bytes 4000
Flow Roce_85_0 3832 finished at 62808.7 total bytes 4000
Flow Roce_99_0 3888 finished at 62877.6 total bytes 4000
Flow Roce_105_0 3912 finished at 62923.5 total bytes 4000
Flow Roce_120_0 3972 finished at 63002.5 total bytes 4000
Flow Roce_108_0 3924 finished at 63023.6 total bytes 4000
Flow Roce_72_0 3780 finished at 63045 total bytes 4000
Flow Roce_65_0 3752 finished at 63114.6 total bytes 4000
Flow Roce_80_0 3812 finished at 63274 total bytes 4000
Flow Roce_100_0 3892 finished at 63291.3 total bytes 4000
Flow Roce_74_0 3788 finished at 63298.2 total bytes 4000
Flow Roce_83_0 3824 finished at 63300.6 total bytes 4000
Flow Roce_91_0 3856 finished at 63310.9 total bytes 4000
Flow Roce_94_0 3868 finished at 63332 total bytes 4000
New: 0 Rtx: 0
OVERFLOW_COUNT 0
