..........|.Flow Roce_94_0 16928 finished at 646478 total bytes 25000
........Flow Roce_355_0 16996 finished at 1.03685e+06 total bytes 25000
Flow Roce_597_0 14824 finished at 1.03733e+06 total bytes 25000
.Flow Roce_347_0 16284 finished at 1.05157e+06 total bytes 25000
Flow Roce_345_0 15664 finished at 1.06635e+06 total bytes 25000
|Flow Roce_578_0 16156 finished at 1.11365e+06 total bytes 25000
Flow Roce_753_0 16608 finished at 1.13788e+06 total bytes 25000
.Flow Roce_755_0 16296 finished at 1.15713e+06 total bytes 25000
Flow Roce_375_0 15372 finished at 1.16357e+06 total bytes 25000
Flow Roce_759_0 17080 finished at 1.17173e+06 total bytes 25000
Flow Roce_481_0 17220 finished at 1.18935e+06 total bytes 25000
.Flow Roce_482_0 14400 finished at 1.20336e+06 total bytes 25000
.Flow Roce_397_0 13724 finished at 1.27642e+06 total bytes 25000
.Flow Roce_392_0 15228 finished at 1.30185e+06 total bytes 25000
.Flow Roce_952_0 15512 finished at 1.39683e+06 total bytes 25000
.Flow Roce_477_0 13936 finished at 1.41126e+06 total bytes 25000
Flow Roce_475_0 14124 finished at 1.43664e+06 total bytes 25000
Flow Roce_654_0 15152 finished at 1.44103e+06 total bytes 25000
.Flow Roce_653_0 13776 finished at 1.45663e+06 total bytes 25000
Flow Roce_651_0 16948 finished at 1.47737e+06 total bytes 25000
..Flow Roce_990_0 16468 finished at 1.554e+06 total bytes 25000
Flow Roce_101_0 14276 finished at 1.57182e+06 total bytes 25000
Flow Roce_795_0 17292 finished at 1.57419e+06 total bytes 25000
.Flow Roce_97_0 17692 finished at 1.61165e+06 total bytes 25000
Flow Roce_702_0 15048 finished at 1.61573e+06 total bytes 25000
Flow Roce_793_0 16292 finished at 1.62018e+06 total bytes 25000
Flow Roce_989_0 15032 finished at 1.63271e+06 total bytes 25000
Flow Roce_589_0 15924 finished at 1.6351e+06 total bytes 25000
Flow Roce_584_0 17032 finished at 1.6351e+06 total bytes 25000
|Flow Roce_426_0 15344 finished at 1.66779e+06 total bytes 25000
Flow Roce_703_0 17568 finished at 1.69488e+06 total bytes 25000
.Flow Roce_424_0 17016 finished at 1.70325e+06 total bytes 25000
Flow Roce_444_0 17668 finished at 1.70984e+06 total bytes 25000
Flow Roce_445_0 13720 finished at 1.71056e+06 total bytes 25000
Flow Roce_98_0 14968 finished at 1.71184e+06 total bytes 25000
Flow Roce_553_0 17152 finished at 1.71941e+06 total bytes 25000
Flow Roce_431_0 15652 finished at 1.72083e+06 total bytes 25000
Flow Roce_785_0 15352 finished at 1.72092e+06 total bytes 25000
Flow Roce_791_0 15332 finished at 1.7333e+06 total bytes 25000
.Flow Roce_234_0 13788 finished at 1.75445e+06 total bytes 25000
Flow Roce_238_0 17144 finished at 1.7745e+06 total bytes 25000
Flow Roce_236_0 16952 finished at 1.7769e+06 total bytes 25000
.Flow Roce_936_0 15592 finished at 1.84318e+06 total bytes 25000
Flow Roce_288_0 16880 finished at 1.84593e+06 total bytes 25000
.Flow Roce_558_0 16672 finished at 1.85673e+06 total bytes 25000
Flow Roce_556_0 16048 finished at 1.87117e+06 total bytes 25000
Flow Roce_552_0 16988 finished at 1.87576e+06 total bytes 25000
Flow Roce_233_0 17168 finished at 1.8846e+06 total bytes 25000
.Flow Roce_575_0 17056 finished at 1.90396e+06 total bytes 25000
Flow Roce_569_0 15340 finished at 1.9079e+06 total bytes 25000
Flow Roce_294_0 14304 finished at 1.91566e+06 total bytes 25000
Flow Roce_877_0 14660 finished at 1.91612e+06 total bytes 25000
Flow Roce_289_0 16416 finished at 1.94259e+06 total bytes 25000
Flow Roce_568_0 17028 finished at 1.94366e+06 total bytes 25000
.Flow Roce_293_0 15492 finished at 1.95264e+06 total bytes 25000
Flow Roce_291_0 17380 finished at 1.96438e+06 total bytes 25000
Flow Roce_343_0 15844 finished at 1.96564e+06 total bytes 25000
Flow Roce_295_0 13840 finished at 1.96631e+06 total bytes 25000
Flow Roce_342_0 15600 finished at 1.97059e+06 total bytes 25000
Flow Roce_259_0 16552 finished at 1.97082e+06 total bytes 25000
Flow Roce_339_0 14432 finished at 1.97222e+06 total bytes 25000
Flow Roce_257_0 15956 finished at 1.98162e+06 total bytes 25000
.Flow Roce_942_0 15060 finished at 2.02194e+06 total bytes 25000
Flow Roce_939_0 17472 finished at 2.02488e+06 total bytes 25000
.Flow Roce_466_0 16804 finished at 2.05557e+06 total bytes 25000
Flow Roce_464_0 16896 finished at 2.06168e+06 total bytes 25000
Flow Roce_256_0 16876 finished at 2.06342e+06 total bytes 25000
Flow Roce_470_0 16964 finished at 2.06869e+06 total bytes 25000
Flow Roce_714_0 15384 finished at 2.0708e+06 total bytes 25000
Flow Roce_261_0 14440 finished at 2.07596e+06 total bytes 25000
.Flow Roce_170_0 13680 finished at 2.10246e+06 total bytes 25000
Flow Roce_713_0 17648 finished at 2.121e+06 total bytes 25000
Flow Roce_718_0 16504 finished at 2.1216e+06 total bytes 25000
Flow Roce_858_0 17476 finished at 2.12534e+06 total bytes 25000
Flow Roce_857_0 15268 finished at 2.13259e+06 total bytes 25000
Flow Roce_136_0 14352 finished at 2.135e+06 total bytes 25000
.Flow Roce_122_0 14068 finished at 2.15388e+06 total bytes 25000
Flow Roce_159_0 14028 finished at 2.16756e+06 total bytes 25000
Flow Roce_156_0 13704 finished at 2.17275e+06 total bytes 25000
Flow Roce_152_0 14992 finished at 2.17522e+06 total bytes 25000
Flow Roce_123_0 15364 finished at 2.17688e+06 total bytes 25000
Flow Roce_120_0 15416 finished at 2.18103e+06 total bytes 25000
Flow Roce_138_0 17756 finished at 2.1953e+06 total bytes 25000
Flow Roce_740_0 14912 finished at 2.19659e+06 total bytes 25000
|Flow Roce_141_0 15312 finished at 2.20124e+06 total bytes 25000
Flow Roce_668_0 17708 finished at 2.2101e+06 total bytes 25000
Flow Roce_667_0 14888 finished at 2.21394e+06 total bytes 25000
Flow Roce_935_0 14568 finished at 2.22063e+06 total bytes 25000
Flow Roce_153_0 15256 finished at 2.23641e+06 total bytes 25000
Flow Roce_137_0 16328 finished at 2.24426e+06 total bytes 25000
.Flow Roce_267_0 14312 finished at 2.25424e+06 total bytes 25000
Flow Roce_929_0 13748 finished at 2.25616e+06 total bytes 25000
Flow Roce_689_0 15816 finished at 2.2593e+06 total bytes 25000
Flow Roce_143_0 14988 finished at 2.26366e+06 total bytes 25000
Flow Roce_692_0 16628 finished at 2.26439e+06 total bytes 25000
Flow Roce_688_0 15436 finished at 2.27636e+06 total bytes 25000
Flow Roce_266_0 15936 finished at 2.27958e+06 total bytes 25000
Flow Roce_452_0 14956 finished at 2.28485e+06 total bytes 25000
Flow Roce_840_0 14752 finished at 2.28869e+06 total bytes 25000
Flow Roce_383_0 15644 finished at 2.28874e+06 total bytes 25000
Flow Roce_666_0 17592 finished at 2.29636e+06 total bytes 25000
Flow Roce_206_0 16496 finished at 2.29695e+06 total bytes 25000
Flow Roce_742_0 17444 finished at 2.29768e+06 total bytes 25000
.Flow Roce_176_0 16516 finished at 2.30547e+06 total bytes 25000
Flow Roce_737_0 16700 finished at 2.31516e+06 total bytes 25000
Flow Roce_743_0 15484 finished at 2.3156e+06 total bytes 25000
Flow Roce_181_0 14372 finished at 2.32211e+06 total bytes 25000
Flow Roce_843_0 16164 finished at 2.32454e+06 total bytes 25000
Flow Roce_916_0 14084 finished at 2.32533e+06 total bytes 25000
Flow Roce_844_0 14932 finished at 2.3325e+06 total bytes 25000
Flow Roce_695_0 16680 finished at 2.33331e+06 total bytes 25000
Flow Roce_142_0 15444 finished at 2.33625e+06 total bytes 25000
Flow Roce_691_0 17288 finished at 2.33843e+06 total bytes 25000
Flow Roce_814_0 16836 finished at 2.34054e+06 total bytes 25000
Flow Roce_379_0 14896 finished at 2.34058e+06 total bytes 25000
Flow Roce_845_0 14740 finished at 2.34273e+06 total bytes 25000
Flow Roce_915_0 17680 finished at 2.34413e+06 total bytes 25000
Flow Roce_169_0 14416 finished at 2.34583e+06 total bytes 25000
Flow Roce_173_0 17176 finished at 2.3488e+06 total bytes 25000
.Flow Roce_1006_0 14252 finished at 2.35444e+06 total bytes 25000
Flow Roce_264_0 15200 finished at 2.35782e+06 total bytes 25000
Flow Roce_917_0 15504 finished at 2.35836e+06 total bytes 25000
Flow Roce_270_0 13912 finished at 2.36207e+06 total bytes 25000
Flow Roce_268_0 14420 finished at 2.36686e+06 total bytes 25000
Flow Roce_203_0 15532 finished at 2.37213e+06 total bytes 25000
Flow Roce_140_0 14908 finished at 2.37438e+06 total bytes 25000
Flow Roce_204_0 15916 finished at 2.37526e+06 total bytes 25000
Flow Roce_271_0 15400 finished at 2.37779e+06 total bytes 25000
Flow Roce_139_0 16392 finished at 2.38241e+06 total bytes 25000
Flow Roce_934_0 14100 finished at 2.38629e+06 total bytes 25000
Flow Roce_1001_0 16472 finished at 2.38997e+06 total bytes 25000
Flow Roce_928_0 16200 finished at 2.38997e+06 total bytes 25000
Flow Roce_1005_0 17552 finished at 2.392e+06 total bytes 25000
.Flow Roce_723_0 13888 finished at 2.40011e+06 total bytes 25000
Flow Roce_721_0 17208 finished at 2.41835e+06 total bytes 25000
Flow Roce_179_0 15136 finished at 2.42696e+06 total bytes 25000
Flow Roce_565_0 16924 finished at 2.42744e+06 total bytes 25000
Flow Roce_725_0 16064 finished at 2.42951e+06 total bytes 25000
.Flow Roce_1012_0 15648 finished at 2.45484e+06 total bytes 25000
Flow Roce_423_0 15156 finished at 2.45793e+06 total bytes 25000
Flow Roce_561_0 16364 finished at 2.46164e+06 total bytes 25000
Flow Roce_177_0 14388 finished at 2.46296e+06 total bytes 25000
Flow Roce_448_0 14368 finished at 2.47139e+06 total bytes 25000
Flow Roce_739_0 17636 finished at 2.47421e+06 total bytes 25000
Flow Roce_733_0 16216 finished at 2.49153e+06 total bytes 25000
Flow Roce_811_0 16580 finished at 2.49236e+06 total bytes 25000
Flow Roce_805_0 16100 finished at 2.49279e+06 total bytes 25000
Flow Roce_809_0 16432 finished at 2.49327e+06 total bytes 25000
Flow Roce_807_0 16120 finished at 2.49348e+06 total bytes 25000
.Flow Roce_741_0 14620 finished at 2.50994e+06 total bytes 25000
Flow Roce_736_0 13692 finished at 2.52107e+06 total bytes 25000
Flow Roce_730_0 15424 finished at 2.52273e+06 total bytes 25000
Flow Roce_732_0 14208 finished at 2.53534e+06 total bytes 25000
Flow Roce_134_0 16548 finished at 2.53894e+06 total bytes 25000
Flow Roce_73_0 16908 finished at 2.54902e+06 total bytes 25000
.Flow Roce_803_0 17088 finished at 2.5554e+06 total bytes 25000
Flow Roce_923_0 17240 finished at 2.56388e+06 total bytes 25000
Flow Roce_1011_0 15068 finished at 2.56393e+06 total bytes 25000
Flow Roce_804_0 15900 finished at 2.56424e+06 total bytes 25000
Flow Roce_927_0 17300 finished at 2.56743e+06 total bytes 25000
Flow Roce_1010_0 16368 finished at 2.56803e+06 total bytes 25000
Flow Roce_74_0 13844 finished at 2.57117e+06 total bytes 25000
Flow Roce_1008_0 16736 finished at 2.57246e+06 total bytes 25000
Flow Roce_867_0 17364 finished at 2.58475e+06 total bytes 25000
Flow Roce_947_0 15240 finished at 2.5885e+06 total bytes 25000
Flow Roce_404_0 17188 finished at 2.59578e+06 total bytes 25000
Flow Roce_638_0 16512 finished at 2.59773e+06 total bytes 25000
.Flow Roce_729_0 17412 finished at 2.60157e+06 total bytes 25000
Flow Roce_522_0 16508 finished at 2.60165e+06 total bytes 25000
Flow Roce_632_0 15756 finished at 2.60367e+06 total bytes 25000
Flow Roce_738_0 14060 finished at 2.61243e+06 total bytes 25000
Flow Roce_685_0 15432 finished at 2.61693e+06 total bytes 25000
Flow Roce_418_0 14192 finished at 2.61934e+06 total bytes 25000
Flow Roce_135_0 14680 finished at 2.6234e+06 total bytes 25000
Flow Roce_132_0 14044 finished at 2.6247e+06 total bytes 25000
Flow Roce_362_0 17124 finished at 2.62986e+06 total bytes 25000
Flow Roce_681_0 17316 finished at 2.63099e+06 total bytes 25000
Flow Roce_948_0 16024 finished at 2.63402e+06 total bytes 25000
Flow Roce_868_0 17748 finished at 2.63429e+06 total bytes 25000
Flow Roce_634_0 13876 finished at 2.63746e+06 total bytes 25000
Flow Roce_945_0 17464 finished at 2.64783e+06 total bytes 25000
Flow Roce_365_0 15940 finished at 2.64884e+06 total bytes 25000
Flow Roce_687_0 17392 finished at 2.6496e+06 total bytes 25000
.Flow Roce_937_0 16812 finished at 2.65514e+06 total bytes 25000
Flow Roce_711_0 15752 finished at 2.6559e+06 total bytes 25000
Flow Roce_523_0 16740 finished at 2.66213e+06 total bytes 25000
Flow Roce_117_0 16784 finished at 2.66729e+06 total bytes 25000
Flow Roce_904_0 17372 finished at 2.66962e+06 total bytes 25000
Flow Roce_639_0 16980 finished at 2.67708e+06 total bytes 25000
Flow Roce_636_0 16148 finished at 2.67911e+06 total bytes 25000
Flow Roce_906_0 16476 finished at 2.68626e+06 total bytes 25000
Flow Roce_403_0 17356 finished at 2.68821e+06 total bytes 25000
Flow Roce_907_0 16072 finished at 2.6948e+06 total bytes 25000
Flow Roce_316_0 17212 finished at 2.69679e+06 total bytes 25000
Flow Roce_920_0 14180 finished at 2.69903e+06 total bytes 25000
.Flow Roce_437_0 17048 finished at 2.70345e+06 total bytes 25000
Flow Roce_313_0 15728 finished at 2.70572e+06 total bytes 25000
Flow Roce_360_0 15232 finished at 2.70684e+06 total bytes 25000
Flow Roce_72_0 16848 finished at 2.70829e+06 total bytes 25000
Flow Roce_209_0 14532 finished at 2.70913e+06 total bytes 25000
Flow Roce_705_0 13732 finished at 2.71198e+06 total bytes 25000
Flow Roce_938_0 16240 finished at 2.71293e+06 total bytes 25000
Flow Roce_520_0 17400 finished at 2.7137e+06 total bytes 25000
Flow Roce_924_0 17612 finished at 2.71405e+06 total bytes 25000
Flow Roce_925_0 16856 finished at 2.71501e+06 total bytes 25000
Flow Roce_384_0 17280 finished at 2.71512e+06 total bytes 25000
Flow Roce_680_0 17268 finished at 2.71514e+06 total bytes 25000
Flow Roce_707_0 14404 finished at 2.71794e+06 total bytes 25000
Flow Roce_887_0 15080 finished at 2.71858e+06 total bytes 25000
Flow Roce_882_0 14396 finished at 2.7215e+06 total bytes 25000
Flow Roce_524_0 14176 finished at 2.72309e+06 total bytes 25000
Flow Roce_434_0 14964 finished at 2.73006e+06 total bytes 25000
Flow Roce_885_0 14676 finished at 2.73286e+06 total bytes 25000
Flow Roce_941_0 14640 finished at 2.74519e+06 total bytes 25000
Flow Roce_433_0 17560 finished at 2.74687e+06 total bytes 25000
Flow Roce_208_0 13956 finished at 2.74783e+06 total bytes 25000
|Flow Roce_940_0 16304 finished at 2.75329e+06 total bytes 25000
Flow Roce_317_0 14500 finished at 2.75763e+06 total bytes 25000
Flow Roce_943_0 16444 finished at 2.76575e+06 total bytes 25000
Flow Roce_690_0 16912 finished at 2.76698e+06 total bytes 25000
Flow Roce_827_0 14016 finished at 2.76977e+06 total bytes 25000
Flow Roce_312_0 14380 finished at 2.77001e+06 total bytes 25000
Flow Roce_683_0 13708 finished at 2.77352e+06 total bytes 25000
Flow Roce_432_0 16764 finished at 2.7866e+06 total bytes 25000
Flow Roce_109_0 15020 finished at 2.78906e+06 total bytes 25000
Flow Roce_533_0 14008 finished at 2.79208e+06 total bytes 25000
Flow Roce_314_0 16584 finished at 2.79606e+06 total bytes 25000
.Flow Roce_318_0 16572 finished at 2.80167e+06 total bytes 25000
Flow Roce_106_0 16060 finished at 2.8017e+06 total bytes 25000
Flow Roce_529_0 16656 finished at 2.82268e+06 total bytes 25000
Flow Roce_145_0 15736 finished at 2.82329e+06 total bytes 25000
Flow Roce_535_0 15708 finished at 2.82718e+06 total bytes 25000
Flow Roce_880_0 14848 finished at 2.82812e+06 total bytes 25000
Flow Roce_438_0 14464 finished at 2.83819e+06 total bytes 25000
Flow Roce_108_0 14052 finished at 2.83842e+06 total bytes 25000
Flow Roce_104_0 15840 finished at 2.83942e+06 total bytes 25000
Flow Roce_213_0 16020 finished at 2.8417e+06 total bytes 25000
.Flow Roce_192_0 15860 finished at 2.85115e+06 total bytes 25000
Flow Roce_531_0 14540 finished at 2.85339e+06 total bytes 25000
Flow Roce_198_0 13668 finished at 2.86863e+06 total bytes 25000
Flow Roce_987_0 13864 finished at 2.87192e+06 total bytes 25000
Flow Roce_781_0 17660 finished at 2.87414e+06 total bytes 25000
Flow Roce_194_0 15192 finished at 2.87516e+06 total bytes 25000
Flow Roce_112_0 16752 finished at 2.87751e+06 total bytes 25000
Flow Roce_530_0 15144 finished at 2.88538e+06 total bytes 25000
Flow Roce_127_0 15596 finished at 2.88631e+06 total bytes 25000
Flow Roce_886_0 14936 finished at 2.89246e+06 total bytes 25000
Flow Roce_242_0 14088 finished at 2.89358e+06 total bytes 25000
Flow Roce_914_0 17000 finished at 2.8988e+06 total bytes 25000
Flow Roce_884_0 16204 finished at 2.89924e+06 total bytes 25000
Flow Roce_918_0 17420 finished at 2.8998e+06 total bytes 25000
.Flow Roce_166_0 16084 finished at 2.90822e+06 total bytes 25000
Flow Roce_823_0 14000 finished at 2.91549e+06 total bytes 25000
Flow Roce_161_0 16408 finished at 2.9205e+06 total bytes 25000
Flow Roce_818_0 15636 finished at 2.92218e+06 total bytes 25000
Flow Roce_991_0 13700 finished at 2.9307e+06 total bytes 25000
Flow Roce_763_0 16412 finished at 2.93512e+06 total bytes 25000
Flow Roce_119_0 16080 finished at 2.93709e+06 total bytes 25000
Flow Roce_764_0 14764 finished at 2.9404e+06 total bytes 25000
Flow Roce_197_0 15132 finished at 2.94291e+06 total bytes 25000
Flow Roce_167_0 15040 finished at 2.94935e+06 total bytes 25000
.Flow Roce_164_0 16840 finished at 2.95264e+06 total bytes 25000
Flow Roce_777_0 13960 finished at 2.95777e+06 total bytes 25000
Flow Roce_761_0 17428 finished at 2.96021e+06 total bytes 25000
Flow Roce_767_0 16108 finished at 2.96162e+06 total bytes 25000
Flow Roce_783_0 17740 finished at 2.96296e+06 total bytes 25000
Flow Roce_779_0 15612 finished at 2.97778e+06 total bytes 25000
Flow Roce_819_0 16184 finished at 2.98357e+06 total bytes 25000
Flow Roce_912_0 15748 finished at 2.99348e+06 total bytes 25000
.Flow Roce_913_0 15884 finished at 3.00733e+06 total bytes 25000
Flow Roce_986_0 16016 finished at 3.01063e+06 total bytes 25000
Flow Roce_853_0 14240 finished at 3.01976e+06 total bytes 25000
Flow Roce_693_0 15336 finished at 3.02604e+06 total bytes 25000
Flow Roce_984_0 17484 finished at 3.02657e+06 total bytes 25000
Flow Roce_816_0 16116 finished at 3.03421e+06 total bytes 25000
Flow Roce_985_0 16636 finished at 3.03589e+06 total bytes 25000
Flow Roce_243_0 13676 finished at 3.03668e+06 total bytes 25000
Flow Roce_883_0 15348 finished at 3.03778e+06 total bytes 25000
Flow Roce_542_0 13948 finished at 3.04292e+06 total bytes 25000
Flow Roce_540_0 15116 finished at 3.0459e+06 total bytes 25000
Flow Roce_124_0 17432 finished at 3.04633e+06 total bytes 25000
Flow Roce_699_0 14592 finished at 3.04819e+06 total bytes 25000
.Flow Roce_919_0 14284 finished at 3.05297e+06 total bytes 25000
Flow Roce_697_0 16256 finished at 3.05495e+06 total bytes 25000
Flow Roce_633_0 16052 finished at 3.05693e+06 total bytes 25000
Flow Roce_624_0 17104 finished at 3.05716e+06 total bytes 25000
Flow Roce_852_0 13804 finished at 3.05877e+06 total bytes 25000
Flow Roce_694_0 17508 finished at 3.06004e+06 total bytes 25000
Flow Roce_602_0 17376 finished at 3.06024e+06 total bytes 25000
Flow Roce_326_0 17608 finished at 3.0621e+06 total bytes 25000
Flow Roce_325_0 15968 finished at 3.06277e+06 total bytes 25000
Flow Roce_614_0 14140 finished at 3.0647e+06 total bytes 25000
Flow Roce_701_0 14808 finished at 3.06539e+06 total bytes 25000
Flow Roce_186_0 16932 finished at 3.07012e+06 total bytes 25000
Flow Roce_988_0 15264 finished at 3.0725e+06 total bytes 25000
Flow Roce_241_0 16344 finished at 3.07396e+06 total bytes 25000
Flow Roce_85_0 15236 finished at 3.08171e+06 total bytes 25000
Flow Roce_84_0 16172 finished at 3.08668e+06 total bytes 25000
Flow Roce_606_0 17624 finished at 3.08737e+06 total bytes 25000
Flow Roce_82_0 15276 finished at 3.09084e+06 total bytes 25000
.Flow Roce_848_0 16540 finished at 3.10183e+06 total bytes 25000
Flow Roce_240_0 13856 finished at 3.10373e+06 total bytes 25000
Flow Roce_83_0 13908 finished at 3.10489e+06 total bytes 25000
Flow Roce_635_0 16040 finished at 3.11205e+06 total bytes 25000
Flow Roce_698_0 16244 finished at 3.11381e+06 total bytes 25000
Flow Roce_881_0 17440 finished at 3.12337e+06 total bytes 25000
Flow Roce_700_0 14528 finished at 3.12924e+06 total bytes 25000
Flow Roce_237_0 17512 finished at 3.13716e+06 total bytes 25000
Flow Roce_758_0 13764 finished at 3.13784e+06 total bytes 25000
Flow Roce_125_0 14940 finished at 3.13949e+06 total bytes 25000
Flow Roce_439_0 14544 finished at 3.14185e+06 total bytes 25000
Flow Roce_160_0 15260 finished at 3.14308e+06 total bytes 25000
Flow Roce_696_0 15876 finished at 3.14412e+06 total bytes 25000
Flow Roce_121_0 17728 finished at 3.14591e+06 total bytes 25000
Flow Roce_851_0 15516 finished at 3.1464e+06 total bytes 25000
Flow Roce_235_0 17628 finished at 3.149e+06 total bytes 25000
.Flow Roce_855_0 14584 finished at 3.1542e+06 total bytes 25000
Flow Roce_756_0 17284 finished at 3.15728e+06 total bytes 25000
Flow Roce_324_0 14316 finished at 3.15773e+06 total bytes 25000
Flow Roce_854_0 15872 finished at 3.15855e+06 total bytes 25000
Flow Roce_850_0 17396 finished at 3.15856e+06 total bytes 25000
Flow Roce_126_0 14136 finished at 3.16468e+06 total bytes 25000
Flow Roce_244_0 13796 finished at 3.16688e+06 total bytes 25000
Flow Roce_604_0 17352 finished at 3.16906e+06 total bytes 25000
Flow Roce_655_0 14452 finished at 3.16992e+06 total bytes 25000
Flow Roce_754_0 15464 finished at 3.17306e+06 total bytes 25000
Flow Roce_757_0 15196 finished at 3.17525e+06 total bytes 25000
Flow Roce_849_0 15788 finished at 3.17932e+06 total bytes 25000
Flow Roce_752_0 15632 finished at 3.18406e+06 total bytes 25000
Flow Roce_677_0 13740 finished at 3.18496e+06 total bytes 25000
.Flow Roce_321_0 15984 finished at 3.20234e+06 total bytes 25000
Flow Roce_652_0 14344 finished at 3.20425e+06 total bytes 25000
Flow Roce_322_0 15100 finished at 3.20732e+06 total bytes 25000
Flow Roce_239_0 17520 finished at 3.20869e+06 total bytes 25000
Flow Roce_813_0 13940 finished at 3.21311e+06 total bytes 25000
Flow Roce_621_0 16732 finished at 3.21515e+06 total bytes 25000
Flow Roce_538_0 15668 finished at 3.21756e+06 total bytes 25000
Flow Roce_810_0 14340 finished at 3.21813e+06 total bytes 25000
Flow Roce_232_0 14576 finished at 3.22121e+06 total bytes 25000
Flow Roce_435_0 15188 finished at 3.22267e+06 total bytes 25000
Flow Roce_188_0 15932 finished at 3.22333e+06 total bytes 25000
Flow Roce_728_0 16192 finished at 3.22726e+06 total bytes 25000
Flow Roce_836_0 15480 finished at 3.22786e+06 total bytes 25000
Flow Roce_890_0 14144 finished at 3.22838e+06 total bytes 25000
Flow Roce_731_0 14212 finished at 3.23067e+06 total bytes 25000
Flow Roce_815_0 16248 finished at 3.23606e+06 total bytes 25000
Flow Roce_650_0 15656 finished at 3.24073e+06 total bytes 25000
Flow Roce_926_0 16436 finished at 3.24206e+06 total bytes 25000
Flow Roce_834_0 15448 finished at 3.24256e+06 total bytes 25000
Flow Roce_189_0 15280 finished at 3.24482e+06 total bytes 25000
.Flow Roce_637_0 15580 finished at 3.25096e+06 total bytes 25000
Flow Roce_808_0 17700 finished at 3.25546e+06 total bytes 25000
Flow Roce_812_0 15904 finished at 3.2662e+06 total bytes 25000
Flow Roce_802_0 15620 finished at 3.26732e+06 total bytes 25000
Flow Roce_622_0 14784 finished at 3.27009e+06 total bytes 25000
Flow Roce_436_0 15548 finished at 3.27416e+06 total bytes 25000
Flow Roce_801_0 15304 finished at 3.28272e+06 total bytes 25000
Flow Roce_165_0 16696 finished at 3.2835e+06 total bytes 25000
Flow Roce_162_0 15684 finished at 3.28524e+06 total bytes 25000
Flow Roce_172_0 16844 finished at 3.28575e+06 total bytes 25000
Flow Roce_748_0 16744 finished at 3.28871e+06 total bytes 25000
Flow Roce_806_0 16976 finished at 3.28928e+06 total bytes 25000
Flow Roce_620_0 13824 finished at 3.29339e+06 total bytes 25000
Flow Roce_507_0 13816 finished at 3.29513e+06 total bytes 25000
|Flow Roce_504_0 13696 finished at 3.30667e+06 total bytes 25000
Flow Roce_750_0 13872 finished at 3.30732e+06 total bytes 25000
Flow Roce_832_0 14724 finished at 3.3093e+06 total bytes 25000
Flow Roce_893_0 13944 finished at 3.30932e+06 total bytes 25000
Flow Roce_922_0 14480 finished at 3.31051e+06 total bytes 25000
Flow Roce_800_0 14288 finished at 3.31985e+06 total bytes 25000
Flow Roce_649_0 13972 finished at 3.32305e+06 total bytes 25000
Flow Roce_682_0 16452 finished at 3.32671e+06 total bytes 25000
Flow Roce_605_0 16532 finished at 3.32846e+06 total bytes 25000
Flow Roce_751_0 17228 finished at 3.33039e+06 total bytes 25000
Flow Roce_658_0 17460 finished at 3.3349e+06 total bytes 25000
Flow Roce_888_0 14264 finished at 3.33636e+06 total bytes 25000
Flow Roce_895_0 14744 finished at 3.33869e+06 total bytes 25000
Flow Roce_835_0 15608 finished at 3.3407e+06 total bytes 25000
Flow Roce_837_0 16352 finished at 3.34775e+06 total bytes 25000
.Flow Roce_184_0 15744 finished at 3.35475e+06 total bytes 25000
Flow Roce_772_0 15172 finished at 3.35585e+06 total bytes 25000
Flow Roce_600_0 15396 finished at 3.35594e+06 total bytes 25000
Flow Roce_163_0 16564 finished at 3.35786e+06 total bytes 25000
Flow Roce_839_0 16440 finished at 3.36135e+06 total bytes 25000
Flow Roce_897_0 14216 finished at 3.36168e+06 total bytes 25000
Flow Roce_746_0 15576 finished at 3.36217e+06 total bytes 25000
Flow Roce_896_0 14296 finished at 3.36502e+06 total bytes 25000
Flow Roce_185_0 14580 finished at 3.3655e+06 total bytes 25000
Flow Roce_899_0 16136 finished at 3.36751e+06 total bytes 25000
Flow Roce_788_0 13780 finished at 3.36829e+06 total bytes 25000
Flow Roce_674_0 13904 finished at 3.36837e+06 total bytes 25000
Flow Roce_684_0 15864 finished at 3.36909e+06 total bytes 25000
Flow Roce_534_0 17248 finished at 3.36921e+06 total bytes 25000
Flow Roce_532_0 17064 finished at 3.37312e+06 total bytes 25000
Flow Roce_191_0 17452 finished at 3.38157e+06 total bytes 25000
Flow Roce_171_0 16320 finished at 3.38853e+06 total bytes 25000
Flow Roce_603_0 15412 finished at 3.38899e+06 total bytes 25000
Flow Roce_174_0 16324 finished at 3.39853e+06 total bytes 25000
Flow Roce_771_0 16036 finished at 3.39858e+06 total bytes 25000
.Flow Roce_648_0 14096 finished at 3.40474e+06 total bytes 25000
Flow Roce_870_0 15220 finished at 3.40833e+06 total bytes 25000
Flow Roce_190_0 16860 finished at 3.41305e+06 total bytes 25000
Flow Roce_168_0 17252 finished at 3.41777e+06 total bytes 25000
Flow Roce_865_0 13984 finished at 3.42093e+06 total bytes 25000
Flow Roce_833_0 17008 finished at 3.42879e+06 total bytes 25000
Flow Roce_921_0 16152 finished at 3.43036e+06 total bytes 25000
Flow Roce_601_0 16092 finished at 3.43099e+06 total bytes 25000
Flow Roce_187_0 14200 finished at 3.43123e+06 total bytes 25000
Flow Roce_768_0 14364 finished at 3.43185e+06 total bytes 25000
Flow Roce_352_0 16768 finished at 3.43421e+06 total bytes 25000
Flow Roce_462_0 16652 finished at 3.43733e+06 total bytes 25000
Flow Roce_68_0 14512 finished at 3.44415e+06 total bytes 25000
Flow Roce_838_0 16112 finished at 3.44735e+06 total bytes 25000
Flow Roce_734_0 16568 finished at 3.44864e+06 total bytes 25000
.Flow Roce_175_0 17180 finished at 3.45187e+06 total bytes 25000
Flow Roce_66_0 15972 finished at 3.45598e+06 total bytes 25000
Flow Roce_712_0 16660 finished at 3.45634e+06 total bytes 25000
Flow Roce_385_0 14944 finished at 3.45845e+06 total bytes 25000
Flow Roce_358_0 14148 finished at 3.45898e+06 total bytes 25000
Flow Roce_715_0 13672 finished at 3.46475e+06 total bytes 25000
Flow Roce_719_0 15700 finished at 3.4693e+06 total bytes 25000
Flow Roce_71_0 15468 finished at 3.47443e+06 total bytes 25000
Flow Roce_457_0 17644 finished at 3.47653e+06 total bytes 25000
Flow Roce_65_0 17736 finished at 3.48011e+06 total bytes 25000
Flow Roce_662_0 15176 finished at 3.48025e+06 total bytes 25000
Flow Roce_391_0 17572 finished at 3.4901e+06 total bytes 25000
Flow Roce_357_0 13980 finished at 3.49133e+06 total bytes 25000
Flow Roce_661_0 15808 finished at 3.4923e+06 total bytes 25000
Flow Roce_770_0 14852 finished at 3.49332e+06 total bytes 25000
Flow Roce_607_0 14232 finished at 3.49362e+06 total bytes 25000
Flow Roce_773_0 16888 finished at 3.49398e+06 total bytes 25000
Flow Roce_869_0 17204 finished at 3.49969e+06 total bytes 25000
.Flow Roce_864_0 13828 finished at 3.50088e+06 total bytes 25000
Flow Roce_876_0 15880 finished at 3.50342e+06 total bytes 25000
Flow Roce_866_0 15544 finished at 3.50527e+06 total bytes 25000
Flow Roce_784_0 14116 finished at 3.50685e+06 total bytes 25000
Flow Roce_81_0 15616 finished at 3.50791e+06 total bytes 25000
Flow Roce_328_0 15996 finished at 3.51143e+06 total bytes 25000
Flow Roce_389_0 17704 finished at 3.51325e+06 total bytes 25000
Flow Roce_329_0 16620 finished at 3.51327e+06 total bytes 25000
Flow Roce_686_0 15360 finished at 3.51505e+06 total bytes 25000
Flow Roce_69_0 14336 finished at 3.51569e+06 total bytes 25000
Flow Roce_874_0 17348 finished at 3.51585e+06 total bytes 25000
Flow Roce_218_0 16592 finished at 3.51671e+06 total bytes 25000
Flow Roce_222_0 17564 finished at 3.51673e+06 total bytes 25000
Flow Roce_335_0 15316 finished at 3.5174e+06 total bytes 25000
Flow Roce_644_0 14736 finished at 3.51874e+06 total bytes 25000
Flow Roce_892_0 14492 finished at 3.52487e+06 total bytes 25000
Flow Roce_871_0 17108 finished at 3.52505e+06 total bytes 25000
Flow Roce_550_0 15760 finished at 3.52795e+06 total bytes 25000
Flow Roce_717_0 14780 finished at 3.5285e+06 total bytes 25000
Flow Roce_386_0 14772 finished at 3.52945e+06 total bytes 25000
Flow Roce_789_0 15704 finished at 3.5303e+06 total bytes 25000
Flow Roce_716_0 14300 finished at 3.53074e+06 total bytes 25000
Flow Roce_388_0 16500 finished at 3.53131e+06 total bytes 25000
Flow Roce_353_0 17132 finished at 3.53177e+06 total bytes 25000
Flow Roce_544_0 15768 finished at 3.53415e+06 total bytes 25000
Flow Roce_879_0 14168 finished at 3.53502e+06 total bytes 25000
Flow Roce_88_0 15520 finished at 3.53629e+06 total bytes 25000
Flow Roce_330_0 16796 finished at 3.53816e+06 total bytes 25000
Flow Roce_333_0 15388 finished at 3.54006e+06 total bytes 25000
Flow Roce_95_0 15836 finished at 3.54662e+06 total bytes 25000
Flow Roce_80_0 15184 finished at 3.54848e+06 total bytes 25000
.Flow Roce_458_0 14072 finished at 3.55041e+06 total bytes 25000
Flow Roce_92_0 15896 finished at 3.55067e+06 total bytes 25000
Flow Roce_894_0 14228 finished at 3.55254e+06 total bytes 25000
Flow Roce_376_0 17308 finished at 3.55365e+06 total bytes 25000
Flow Roce_878_0 16828 finished at 3.55409e+06 total bytes 25000
Flow Roce_216_0 14872 finished at 3.55533e+06 total bytes 25000
Flow Roce_970_0 15064 finished at 3.55615e+06 total bytes 25000
Flow Roce_93_0 15888 finished at 3.55702e+06 total bytes 25000
Flow Roce_891_0 15828 finished at 3.55811e+06 total bytes 25000
Flow Roce_889_0 15944 finished at 3.55906e+06 total bytes 25000
Flow Roce_875_0 16124 finished at 3.56295e+06 total bytes 25000
Flow Roce_643_0 16104 finished at 3.56464e+06 total bytes 25000
Flow Roce_332_0 14820 finished at 3.56626e+06 total bytes 25000
Flow Roce_90_0 14516 finished at 3.56671e+06 total bytes 25000
Flow Roce_89_0 17276 finished at 3.56703e+06 total bytes 25000
Flow Roce_354_0 17516 finished at 3.5673e+06 total bytes 25000
Flow Roce_91_0 15404 finished at 3.56812e+06 total bytes 25000
Flow Roce_356_0 16492 finished at 3.57108e+06 total bytes 25000
Flow Roce_963_0 15640 finished at 3.57228e+06 total bytes 25000
Flow Roce_359_0 13920 finished at 3.57788e+06 total bytes 25000
Flow Roce_873_0 17024 finished at 3.5798e+06 total bytes 25000
Flow Roce_29_0 16956 finished at 3.58552e+06 total bytes 25000
Flow Roce_331_0 15500 finished at 3.58851e+06 total bytes 25000
Flow Roce_872_0 15688 finished at 3.5918e+06 total bytes 25000
Flow Roce_774_0 16884 finished at 3.59277e+06 total bytes 25000
Flow Roce_50_0 13952 finished at 3.59324e+06 total bytes 25000
Flow Roce_86_0 16904 finished at 3.59347e+06 total bytes 25000
Flow Roce_87_0 16332 finished at 3.5972e+06 total bytes 25000
Flow Roce_456_0 13852 finished at 3.59754e+06 total bytes 25000
Flow Roce_775_0 16088 finished at 3.59936e+06 total bytes 25000
Flow Roce_769_0 14036 finished at 3.59957e+06 total bytes 25000
.Flow Roce_787_0 15804 finished at 3.60007e+06 total bytes 25000
Flow Roce_28_0 16008 finished at 3.60265e+06 total bytes 25000
Flow Roce_378_0 15224 finished at 3.60275e+06 total bytes 25000
Flow Roce_585_0 16188 finished at 3.605e+06 total bytes 25000
Flow Roce_48_0 13768 finished at 3.60722e+06 total bytes 25000
Flow Roce_53_0 13716 finished at 3.61345e+06 total bytes 25000
Flow Roce_735_0 14996 finished at 3.61363e+06 total bytes 25000
Flow Roce_24_0 14384 finished at 3.61776e+06 total bytes 25000
Flow Roce_390_0 16224 finished at 3.61941e+06 total bytes 25000
Flow Roce_461_0 17716 finished at 3.62136e+06 total bytes 25000
Flow Roce_975_0 15624 finished at 3.62253e+06 total bytes 25000
Flow Roce_641_0 15812 finished at 3.62682e+06 total bytes 25000
Flow Roce_778_0 15672 finished at 3.62999e+06 total bytes 25000
Flow Roce_790_0 17160 finished at 3.63057e+06 total bytes 25000
Flow Roce_786_0 17656 finished at 3.63065e+06 total bytes 25000
Flow Roce_334_0 16428 finished at 3.63082e+06 total bytes 25000
Flow Roce_591_0 14728 finished at 3.63554e+06 total bytes 25000
Flow Roce_528_0 14904 finished at 3.63593e+06 total bytes 25000
Flow Roce_587_0 13760 finished at 3.63755e+06 total bytes 25000
Flow Roce_647_0 16612 finished at 3.63825e+06 total bytes 25000
Flow Roce_25_0 16780 finished at 3.6391e+06 total bytes 25000
Flow Roce_460_0 14460 finished at 3.63954e+06 total bytes 25000
Flow Roce_51_0 14104 finished at 3.63995e+06 total bytes 25000
Flow Roce_459_0 15892 finished at 3.64375e+06 total bytes 25000
Flow Roce_31_0 17224 finished at 3.64434e+06 total bytes 25000
.Flow Roce_54_0 14356 finished at 3.65494e+06 total bytes 25000
Flow Roce_645_0 17448 finished at 3.65685e+06 total bytes 25000
Flow Roce_387_0 14468 finished at 3.65759e+06 total bytes 25000
Flow Roce_1000_0 15460 finished at 3.65859e+06 total bytes 25000
Flow Roce_15_0 16892 finished at 3.66105e+06 total bytes 25000
Flow Roce_217_0 14548 finished at 3.66191e+06 total bytes 25000
Flow Roce_55_0 13900 finished at 3.66279e+06 total bytes 25000
Flow Roce_525_0 17076 finished at 3.66636e+06 total bytes 25000
Flow Roce_588_0 16480 finished at 3.66861e+06 total bytes 25000
Flow Roce_182_0 16944 finished at 3.67069e+06 total bytes 25000
Flow Roce_219_0 16380 finished at 3.67211e+06 total bytes 25000
Flow Roce_640_0 16864 finished at 3.67262e+06 total bytes 25000
Flow Roce_70_0 14816 finished at 3.67351e+06 total bytes 25000
Flow Roce_1003_0 14560 finished at 3.67643e+06 total bytes 25000
Flow Roce_842_0 16524 finished at 3.67688e+06 total bytes 25000
Flow Roce_26_0 14444 finished at 3.67705e+06 total bytes 25000
Flow Roce_468_0 14588 finished at 3.67789e+06 total bytes 25000
Flow Roce_381_0 14424 finished at 3.67856e+06 total bytes 25000
Flow Roce_526_0 14656 finished at 3.6835e+06 total bytes 25000
Flow Roce_841_0 17084 finished at 3.68418e+06 total bytes 25000
Flow Roce_21_0 15824 finished at 3.68632e+06 total bytes 25000
Flow Roce_380_0 17236 finished at 3.6878e+06 total bytes 25000
Flow Roce_382_0 14980 finished at 3.69239e+06 total bytes 25000
Flow Roce_17_0 15692 finished at 3.69329e+06 total bytes 25000
.Flow Roce_846_0 16676 finished at 3.70072e+06 total bytes 25000
Flow Roce_817_0 17328 finished at 3.70165e+06 total bytes 25000
Flow Roce_60_0 14280 finished at 3.70798e+06 total bytes 25000
Flow Roce_32_0 17604 finished at 3.70829e+06 total bytes 25000
Flow Roce_18_0 16900 finished at 3.71018e+06 total bytes 25000
Flow Roce_1002_0 16448 finished at 3.71156e+06 total bytes 25000
Flow Roce_780_0 17720 finished at 3.71534e+06 total bytes 25000
Flow Roce_11_0 16004 finished at 3.71546e+06 total bytes 25000
Flow Roce_782_0 14256 finished at 3.71639e+06 total bytes 25000
Flow Roce_42_0 16336 finished at 3.71749e+06 total bytes 25000
Flow Roce_847_0 16484 finished at 3.71783e+06 total bytes 25000
Flow Roce_776_0 15380 finished at 3.71925e+06 total bytes 25000
Flow Roce_9_0 16544 finished at 3.72095e+06 total bytes 25000
Flow Roce_35_0 13832 finished at 3.72137e+06 total bytes 25000
Flow Roce_8_0 14236 finished at 3.72241e+06 total bytes 25000
Flow Roce_58_0 17044 finished at 3.72323e+06 total bytes 25000
Flow Roce_965_0 14636 finished at 3.72334e+06 total bytes 25000
Flow Roce_12_0 14456 finished at 3.72364e+06 total bytes 25000
Flow Roce_744_0 17556 finished at 3.72406e+06 total bytes 25000
Flow Roce_557_0 15308 finished at 3.72553e+06 total bytes 25000
Flow Roce_20_0 14328 finished at 3.7258e+06 total bytes 25000
Flow Roce_642_0 14348 finished at 3.72708e+06 total bytes 25000
Flow Roce_590_0 16624 finished at 3.72864e+06 total bytes 25000
Flow Roce_646_0 16664 finished at 3.73056e+06 total bytes 25000
Flow Roce_22_0 16724 finished at 3.73069e+06 total bytes 25000
Flow Roce_249_0 17336 finished at 3.73226e+06 total bytes 25000
Flow Roce_38_0 14196 finished at 3.73455e+06 total bytes 25000
Flow Roce_183_0 14880 finished at 3.73544e+06 total bytes 25000
Flow Roce_863_0 16872 finished at 3.73653e+06 total bytes 25000
Flow Roce_1021_0 14076 finished at 3.74321e+06 total bytes 25000
Flow Roce_799_0 14048 finished at 3.74498e+06 total bytes 25000
Flow Roce_57_0 14248 finished at 3.74692e+06 total bytes 25000
Flow Roce_820_0 15476 finished at 3.74812e+06 total bytes 25000
Flow Roce_1020_0 17632 finished at 3.74849e+06 total bytes 25000
Flow Roce_36_0 17344 finished at 3.7496e+06 total bytes 25000
.Flow Roce_546_0 16348 finished at 3.75021e+06 total bytes 25000
Flow Roce_822_0 17744 finished at 3.75134e+06 total bytes 25000
Flow Roce_180_0 14760 finished at 3.75298e+06 total bytes 25000
Flow Roce_63_0 14868 finished at 3.75498e+06 total bytes 25000
Flow Roce_43_0 15868 finished at 3.75583e+06 total bytes 25000
Flow Roce_178_0 17312 finished at 3.75642e+06 total bytes 25000
Flow Roce_377_0 16288 finished at 3.75681e+06 total bytes 25000
Flow Roce_40_0 14572 finished at 3.7578e+06 total bytes 25000
Flow Roce_862_0 16616 finished at 3.75872e+06 total bytes 25000
Flow Roce_861_0 17244 finished at 3.76004e+06 total bytes 25000
Flow Roce_79_0 16576 finished at 3.76005e+06 total bytes 25000
Flow Roce_62_0 15016 finished at 3.76046e+06 total bytes 25000
Flow Roce_39_0 16536 finished at 3.76085e+06 total bytes 25000
Flow Roce_586_0 14064 finished at 3.76154e+06 total bytes 25000
Flow Roce_361_0 14160 finished at 3.76191e+06 total bytes 25000
Flow Roce_821_0 13808 finished at 3.762e+06 total bytes 25000
Flow Roce_856_0 17676 finished at 3.76372e+06 total bytes 25000
Flow Roce_745_0 14596 finished at 3.76483e+06 total bytes 25000
Flow Roce_794_0 14604 finished at 3.76598e+06 total bytes 25000
Flow Roce_599_0 16936 finished at 3.76812e+06 total bytes 25000
Flow Roce_44_0 15212 finished at 3.76858e+06 total bytes 25000
Flow Roce_46_0 15420 finished at 3.7702e+06 total bytes 25000
Flow Roce_465_0 15660 finished at 3.77107e+06 total bytes 25000
Flow Roce_859_0 16076 finished at 3.77324e+06 total bytes 25000
Flow Roce_932_0 14536 finished at 3.77343e+06 total bytes 25000
Flow Roce_64_0 15208 finished at 3.77408e+06 total bytes 25000
Flow Roce_19_0 16716 finished at 3.77606e+06 total bytes 25000
Flow Roce_110_0 15724 finished at 3.77644e+06 total bytes 25000
Flow Roce_225_0 17504 finished at 3.77764e+06 total bytes 25000
Flow Roce_41_0 16236 finished at 3.77832e+06 total bytes 25000
Flow Roce_596_0 15948 finished at 3.78094e+06 total bytes 25000
Flow Roce_220_0 13784 finished at 3.78214e+06 total bytes 25000
Flow Roce_996_0 14496 finished at 3.78256e+06 total bytes 25000
Flow Roce_521_0 17264 finished at 3.78361e+06 total bytes 25000
Flow Roce_1004_0 15572 finished at 3.78437e+06 total bytes 25000
Flow Roce_67_0 16340 finished at 3.78483e+06 total bytes 25000
Flow Roce_979_0 17532 finished at 3.7851e+06 total bytes 25000
Flow Roce_971_0 16832 finished at 3.78531e+06 total bytes 25000
Flow Roce_659_0 15508 finished at 3.78581e+06 total bytes 25000
Flow Roce_1018_0 15976 finished at 3.78761e+06 total bytes 25000
Flow Roce_248_0 16068 finished at 3.78773e+06 total bytes 25000
Flow Roce_265_0 16756 finished at 3.78825e+06 total bytes 25000
Flow Roce_998_0 16044 finished at 3.78914e+06 total bytes 25000
Flow Roce_33_0 15584 finished at 3.78939e+06 total bytes 25000
Flow Roce_860_0 16128 finished at 3.78947e+06 total bytes 25000
Flow Roce_250_0 15820 finished at 3.79004e+06 total bytes 25000
Flow Roce_16_0 14948 finished at 3.79006e+06 total bytes 25000
Flow Roce_367_0 14856 finished at 3.7901e+06 total bytes 25000
Flow Roce_201_0 14556 finished at 3.79154e+06 total bytes 25000
Flow Roce_797_0 17060 finished at 3.79225e+06 total bytes 25000
Flow Roce_10_0 17584 finished at 3.79322e+06 total bytes 25000
Flow Roce_146_0 14924 finished at 3.79341e+06 total bytes 25000
Flow Roce_23_0 17600 finished at 3.79417e+06 total bytes 25000
Flow Roce_660_0 14472 finished at 3.79558e+06 total bytes 25000
Flow Roce_337_0 14648 finished at 3.79714e+06 total bytes 25000
Flow Roce_1016_0 13996 finished at 3.79742e+06 total bytes 25000
Flow Roce_14_0 14112 finished at 3.79918e+06 total bytes 25000
.Flow Roce_327_0 15140 finished at 3.80038e+06 total bytes 25000
Flow Roce_47_0 16132 finished at 3.80041e+06 total bytes 25000
Flow Roce_37_0 16704 finished at 3.8014e+06 total bytes 25000
Flow Roce_45_0 17216 finished at 3.8023e+06 total bytes 25000
Flow Roce_595_0 14448 finished at 3.80295e+06 total bytes 25000
Flow Roce_972_0 14108 finished at 3.80472e+06 total bytes 25000
Flow Roce_247_0 13860 finished at 3.80561e+06 total bytes 25000
Flow Roce_299_0 16272 finished at 3.8058e+06 total bytes 25000
Flow Roce_559_0 14552 finished at 3.80669e+06 total bytes 25000
Flow Roce_1017_0 16920 finished at 3.80945e+06 total bytes 25000
Flow Roce_679_0 16312 finished at 3.80953e+06 total bytes 25000
Flow Roce_323_0 16028 finished at 3.81061e+06 total bytes 25000
Flow Roce_231_0 16720 finished at 3.81264e+06 total bytes 25000
Flow Roce_13_0 17164 finished at 3.813e+06 total bytes 25000
Flow Roce_350_0 16212 finished at 3.81353e+06 total bytes 25000
Flow Roce_973_0 15524 finished at 3.81384e+06 total bytes 25000
Flow Roce_968_0 17620 finished at 3.81468e+06 total bytes 25000
Flow Roce_338_0 15076 finished at 3.81499e+06 total bytes 25000
Flow Roce_495_0 14860 finished at 3.81567e+06 total bytes 25000
Flow Roce_463_0 15676 finished at 3.81647e+06 total bytes 25000
Flow Roce_471_0 17496 finished at 3.81781e+06 total bytes 25000
Flow Roce_933_0 14952 finished at 3.81863e+06 total bytes 25000
Flow Roce_676_0 17112 finished at 3.81893e+06 total bytes 25000
Flow Roce_346_0 13928 finished at 3.82013e+06 total bytes 25000
Flow Roce_491_0 15248 finished at 3.82068e+06 total bytes 25000
Flow Roce_747_0 17100 finished at 3.82098e+06 total bytes 25000
Flow Roce_75_0 16228 finished at 3.82275e+06 total bytes 25000
Flow Roce_594_0 16252 finished at 3.82318e+06 total bytes 25000
Flow Roce_469_0 16144 finished at 3.82484e+06 total bytes 25000
Flow Roce_34_0 16916 finished at 3.82632e+06 total bytes 25000
Flow Roce_151_0 16220 finished at 3.82657e+06 total bytes 25000
Flow Roce_363_0 13892 finished at 3.82716e+06 total bytes 25000
Flow Roce_673_0 16824 finished at 3.8274e+06 total bytes 25000
Flow Roce_59_0 13884 finished at 3.82915e+06 total bytes 25000
Flow Roce_107_0 16456 finished at 3.8295e+06 total bytes 25000
Flow Roce_105_0 17616 finished at 3.82989e+06 total bytes 25000
Flow Roce_999_0 14308 finished at 3.83012e+06 total bytes 25000
Flow Roce_61_0 16604 finished at 3.83084e+06 total bytes 25000
Flow Roce_467_0 15964 finished at 3.83138e+06 total bytes 25000
Flow Roce_148_0 14244 finished at 3.83257e+06 total bytes 25000
Flow Roce_366_0 17004 finished at 3.83329e+06 total bytes 25000
Flow Roce_976_0 14704 finished at 3.83329e+06 total bytes 25000
Flow Roce_111_0 17260 finished at 3.83341e+06 total bytes 25000
Flow Roce_196_0 15056 finished at 3.83356e+06 total bytes 25000
Flow Roce_78_0 14488 finished at 3.83389e+06 total bytes 25000
Flow Roce_320_0 16776 finished at 3.83419e+06 total bytes 25000
Flow Roce_56_0 14844 finished at 3.83514e+06 total bytes 25000
Flow Roce_593_0 17192 finished at 3.83531e+06 total bytes 25000
Flow Roce_527_0 17136 finished at 3.83614e+06 total bytes 25000
Flow Roce_493_0 17040 finished at 3.83706e+06 total bytes 25000
Flow Roce_974_0 17404 finished at 3.83764e+06 total bytes 25000
Flow Roce_245_0 14092 finished at 3.83775e+06 total bytes 25000
Flow Roce_656_0 13756 finished at 3.83845e+06 total bytes 25000
Flow Roce_931_0 13868 finished at 3.83866e+06 total bytes 25000
Flow Roce_144_0 14272 finished at 3.83934e+06 total bytes 25000
Flow Roce_554_0 16984 finished at 3.83995e+06 total bytes 25000
Flow Roce_319_0 15028 finished at 3.84048e+06 total bytes 25000
Flow Roce_393_0 17092 finished at 3.84068e+06 total bytes 25000
Flow Roce_77_0 15800 finished at 3.84336e+06 total bytes 25000
Flow Roce_195_0 17388 finished at 3.84411e+06 total bytes 25000
Flow Roce_150_0 16708 finished at 3.84483e+06 total bytes 25000
Flow Roce_930_0 15852 finished at 3.84771e+06 total bytes 25000
Flow Roce_227_0 14768 finished at 3.84902e+06 total bytes 25000
|Flow Roce_76_0 14920 finished at 3.85336e+06 total bytes 25000
Flow Roce_490_0 15052 finished at 3.85417e+06 total bytes 25000
Flow Roce_1007_0 14152 finished at 3.85653e+06 total bytes 25000
Flow Roce_555_0 17588 finished at 3.85701e+06 total bytes 25000
Flow Roce_30_0 17684 finished at 3.85913e+06 total bytes 25000
Flow Roce_52_0 15096 finished at 3.85926e+06 total bytes 25000
Flow Roce_395_0 13916 finished at 3.86077e+06 total bytes 25000
Flow Roce_399_0 15588 finished at 3.86341e+06 total bytes 25000
Flow Roce_494_0 13712 finished at 3.86353e+06 total bytes 25000
Flow Roce_678_0 14700 finished at 3.86534e+06 total bytes 25000
Flow Roce_657_0 15288 finished at 3.86558e+06 total bytes 25000
Flow Roce_230_0 16180 finished at 3.86573e+06 total bytes 25000
Flow Roce_442_0 15604 finished at 3.86575e+06 total bytes 25000
Flow Roce_440_0 16384 finished at 3.86581e+06 total bytes 25000
Flow Roce_396_0 16772 finished at 3.86631e+06 total bytes 25000
Flow Roce_223_0 16528 finished at 3.86786e+06 total bytes 25000
Flow Roce_27_0 17596 finished at 3.86876e+06 total bytes 25000
Flow Roce_749_0 15560 finished at 3.87022e+06 total bytes 25000
Flow Roce_193_0 16760 finished at 3.87112e+06 total bytes 25000
Flow Roce_446_0 16056 finished at 3.87447e+06 total bytes 25000
Flow Roce_344_0 14600 finished at 3.87517e+06 total bytes 25000
Flow Roce_341_0 17424 finished at 3.87598e+06 total bytes 25000
Flow Roce_147_0 14024 finished at 3.87701e+06 total bytes 25000
Flow Roce_207_0 13992 finished at 3.87864e+06 total bytes 25000
Flow Roce_49_0 16588 finished at 3.87944e+06 total bytes 25000
Flow Roce_292_0 15168 finished at 3.87969e+06 total bytes 25000
Flow Roce_149_0 14664 finished at 3.88196e+06 total bytes 25000
Flow Roce_447_0 13880 finished at 3.88369e+06 total bytes 25000
Flow Roce_229_0 16648 finished at 3.88543e+06 total bytes 25000
Flow Roce_663_0 17184 finished at 3.88674e+06 total bytes 25000
Flow Roce_796_0 15084 finished at 3.88966e+06 total bytes 25000
Flow Roce_517_0 17020 finished at 3.89014e+06 total bytes 25000
Flow Roce_798_0 17256 finished at 3.89637e+06 total bytes 25000
Flow Roce_157_0 14756 finished at 3.89764e+06 total bytes 25000
Flow Roce_398_0 13988 finished at 3.89875e+06 total bytes 25000
.Flow Roce_443_0 16728 finished at 3.90104e+06 total bytes 25000
Flow Roce_962_0 17580 finished at 3.90393e+06 total bytes 25000
Flow Roce_155_0 14524 finished at 3.90431e+06 total bytes 25000
Flow Roce_254_0 15356 finished at 3.90453e+06 total bytes 25000
Flow Roce_315_0 15920 finished at 3.90724e+06 total bytes 25000
Flow Roce_514_0 15764 finished at 3.90843e+06 total bytes 25000
Flow Roce_202_0 15148 finished at 3.90848e+06 total bytes 25000
Flow Roce_269_0 15112 finished at 3.90921e+06 total bytes 25000
Flow Roce_474_0 15180 finished at 3.90948e+06 total bytes 25000
Flow Roce_792_0 14376 finished at 3.90949e+06 total bytes 25000
Flow Roce_824_0 16300 finished at 3.91222e+06 total bytes 25000
Flow Roce_592_0 17128 finished at 3.91238e+06 total bytes 25000
Flow Roce_273_0 17640 finished at 3.91306e+06 total bytes 25000
Flow Roce_114_0 14412 finished at 3.9142e+06 total bytes 25000
Flow Roce_278_0 15556 finished at 3.91569e+06 total bytes 25000
Flow Roce_290_0 14672 finished at 3.91582e+06 total bytes 25000
Flow Roce_336_0 16400 finished at 3.91632e+06 total bytes 25000
Flow Roce_113_0 16868 finished at 3.91651e+06 total bytes 25000
Flow Roce_255_0 14040 finished at 3.91824e+06 total bytes 25000
Flow Roce_573_0 15392 finished at 3.91881e+06 total bytes 25000
Flow Roce_214_0 15496 finished at 3.92044e+06 total bytes 25000
Flow Roce_598_0 14120 finished at 3.92211e+06 total bytes 25000
Flow Roce_212_0 15712 finished at 3.92305e+06 total bytes 25000
Flow Roce_489_0 16032 finished at 3.92321e+06 total bytes 25000
Flow Roce_574_0 14172 finished at 3.92377e+06 total bytes 25000
Flow Roce_251_0 15832 finished at 3.92628e+06 total bytes 25000
Flow Roce_364_0 13800 finished at 3.9263e+06 total bytes 25000
Flow Roce_492_0 17340 finished at 3.92689e+06 total bytes 25000
Flow Roce_478_0 14892 finished at 3.92783e+06 total bytes 25000
Flow Roce_284_0 16140 finished at 3.92913e+06 total bytes 25000
Flow Roce_215_0 17696 finished at 3.93035e+06 total bytes 25000
Flow Roce_246_0 16096 finished at 3.93047e+06 total bytes 25000
Flow Roce_497_0 17012 finished at 3.93108e+06 total bytes 25000
Flow Roce_488_0 13932 finished at 3.93242e+06 total bytes 25000
Flow Roce_825_0 14156 finished at 3.93259e+06 total bytes 25000
Flow Roce_476_0 15012 finished at 3.93271e+06 total bytes 25000
Flow Roce_503_0 15452 finished at 3.93371e+06 total bytes 25000
Flow Roce_116_0 15368 finished at 3.93417e+06 total bytes 25000
Flow Roce_274_0 16168 finished at 3.9364e+06 total bytes 25000
Flow Roce_394_0 14612 finished at 3.93901e+06 total bytes 25000
Flow Roce_199_0 16464 finished at 3.93941e+06 total bytes 25000
Flow Roce_224_0 14796 finished at 3.93964e+06 total bytes 25000
Flow Roce_200_0 14564 finished at 3.94009e+06 total bytes 25000
Flow Roce_226_0 16668 finished at 3.94111e+06 total bytes 25000
Flow Roce_964_0 14428 finished at 3.94123e+06 total bytes 25000
Flow Roce_830_0 15540 finished at 3.94185e+06 total bytes 25000
Flow Roce_210_0 15000 finished at 3.9439e+06 total bytes 25000
Flow Roce_441_0 14928 finished at 3.9466e+06 total bytes 25000
Flow Roce_349_0 16280 finished at 3.94846e+06 total bytes 25000
Flow Roce_286_0 14408 finished at 3.94978e+06 total bytes 25000
.Flow Roce_501_0 16260 finished at 3.95022e+06 total bytes 25000
Flow Roce_205_0 17156 finished at 3.95119e+06 total bytes 25000
Flow Roce_221_0 15952 finished at 3.95175e+06 total bytes 25000
Flow Roce_253_0 15912 finished at 3.95215e+06 total bytes 25000
Flow Roce_831_0 16316 finished at 3.95285e+06 total bytes 25000
Flow Roce_518_0 17360 finished at 3.95371e+06 total bytes 25000
Flow Roce_572_0 15568 finished at 3.95526e+06 total bytes 25000
Flow Roce_961_0 15376 finished at 3.95649e+06 total bytes 25000
Flow Roce_570_0 17468 finished at 3.9566e+06 total bytes 25000
Flow Roce_307_0 14204 finished at 3.958e+06 total bytes 25000
Flow Roce_506_0 15780 finished at 3.95934e+06 total bytes 25000
Flow Roce_983_0 15160 finished at 3.96006e+06 total bytes 25000
Flow Roce_479_0 14128 finished at 3.96096e+06 total bytes 25000
Flow Roce_966_0 14268 finished at 3.96237e+06 total bytes 25000
Flow Roce_498_0 14644 finished at 3.96252e+06 total bytes 25000
Flow Roce_997_0 14972 finished at 3.96362e+06 total bytes 25000
Flow Roce_373_0 15320 finished at 3.96366e+06 total bytes 25000
Flow Roce_969_0 14020 finished at 3.96431e+06 total bytes 25000
Flow Roce_510_0 14884 finished at 3.96536e+06 total bytes 25000
Flow Roce_960_0 15552 finished at 3.96613e+06 total bytes 25000
Flow Roce_826_0 13836 finished at 3.9676e+06 total bytes 25000
Flow Roce_509_0 16792 finished at 3.9682e+06 total bytes 25000
Flow Roce_348_0 16388 finished at 3.96861e+06 total bytes 25000
Flow Roce_519_0 16684 finished at 3.97079e+06 total bytes 25000
Flow Roce_829_0 17072 finished at 3.97119e+06 total bytes 25000
Flow Roce_992_0 14220 finished at 3.97431e+06 total bytes 25000
Flow Roce_516_0 15324 finished at 3.97542e+06 total bytes 25000
Flow Roce_828_0 13848 finished at 3.97903e+06 total bytes 25000
Flow Roce_967_0 14708 finished at 3.97921e+06 total bytes 25000
Flow Roce_995_0 16692 finished at 3.97953e+06 total bytes 25000
Flow Roce_340_0 16968 finished at 3.97956e+06 total bytes 25000
Flow Roce_371_0 14032 finished at 3.97975e+06 total bytes 25000
Flow Roce_282_0 15564 finished at 3.98015e+06 total bytes 25000
Flow Roce_496_0 13736 finished at 3.98072e+06 total bytes 25000
Flow Roce_508_0 17724 finished at 3.98122e+06 total bytes 25000
Flow Roce_310_0 14800 finished at 3.9889e+06 total bytes 25000
Flow Roce_512_0 17368 finished at 3.9896e+06 total bytes 25000
Flow Roce_541_0 17548 finished at 3.99185e+06 total bytes 25000
Flow Roce_672_0 14836 finished at 3.99188e+06 total bytes 25000
Flow Roce_420_0 13728 finished at 3.99208e+06 total bytes 25000
Flow Roce_955_0 15796 finished at 3.99232e+06 total bytes 25000
Flow Roce_902_0 14788 finished at 3.99234e+06 total bytes 25000
Flow Roce_675_0 15696 finished at 3.99262e+06 total bytes 25000
Flow Roce_277_0 14608 finished at 3.99277e+06 total bytes 25000
Flow Roce_499_0 14748 finished at 3.99319e+06 total bytes 25000
Flow Roce_957_0 15472 finished at 3.99349e+06 total bytes 25000
Flow Roce_898_0 16360 finished at 3.99785e+06 total bytes 25000
Flow Roce_351_0 14392 finished at 3.99844e+06 total bytes 25000
Flow Roce_118_0 16208 finished at 3.99855e+06 total bytes 25000
Flow Roce_4_0 15408 finished at 3.99917e+06 total bytes 25000
.Flow Roce_6_0 17096 finished at 4.00107e+06 total bytes 25000
Flow Roce_2_0 16992 finished at 4.00262e+06 total bytes 25000
Flow Roce_7_0 14828 finished at 4.00377e+06 total bytes 25000
Flow Roce_1_0 14776 finished at 4.00515e+06 total bytes 25000
Flow Roce_3_0 17652 finished at 4.00516e+06 total bytes 25000
Flow Roce_96_0 13820 finished at 4.00577e+06 total bytes 25000
Flow Roce_5_0 14056 finished at 4.00614e+06 total bytes 25000
Flow Roce_252_0 15848 finished at 4.00669e+06 total bytes 25000
Flow Roce_115_0 15960 finished at 4.00785e+06 total bytes 25000
Flow Roce_956_0 15628 finished at 4.00876e+06 total bytes 25000
Flow Roce_511_0 13924 finished at 4.00908e+06 total bytes 25000
Flow Roce_515_0 17172 finished at 4.01048e+06 total bytes 25000
Flow Roce_422_0 15072 finished at 4.01155e+06 total bytes 25000
Flow Roce_993_0 17416 finished at 4.01198e+06 total bytes 25000
Flow Roce_228_0 17544 finished at 4.01369e+06 total bytes 25000
Flow Roce_472_0 16520 finished at 4.01421e+06 total bytes 25000
Flow Roce_994_0 16376 finished at 4.01731e+06 total bytes 25000
Flow Roce_370_0 15908 finished at 4.01837e+06 total bytes 25000
Flow Roce_543_0 14320 finished at 4.01928e+06 total bytes 25000
Flow Roce_285_0 14624 finished at 4.02082e+06 total bytes 25000
Flow Roce_211_0 17052 finished at 4.02105e+06 total bytes 25000
Flow Roce_571_0 14684 finished at 4.02181e+06 total bytes 25000
Flow Roce_368_0 15784 finished at 4.02353e+06 total bytes 25000
Flow Roce_545_0 14960 finished at 4.02355e+06 total bytes 25000
Flow Roce_901_0 13896 finished at 4.02407e+06 total bytes 25000
Flow Roce_500_0 17688 finished at 4.02591e+06 total bytes 25000
Flow Roce_369_0 15164 finished at 4.02631e+06 total bytes 25000
Flow Roce_547_0 15204 finished at 4.02727e+06 total bytes 25000
Flow Roce_416_0 14976 finished at 4.02881e+06 total bytes 25000
Flow Roce_548_0 16356 finished at 4.03049e+06 total bytes 25000
Flow Roce_513_0 17408 finished at 4.03102e+06 total bytes 25000
Flow Roce_103_0 17456 finished at 4.03354e+06 total bytes 25000
Flow Roce_502_0 17232 finished at 4.03411e+06 total bytes 25000
Flow Roce_473_0 14916 finished at 4.03464e+06 total bytes 25000
Flow Roce_99_0 16372 finished at 4.03479e+06 total bytes 25000
Flow Roce_306_0 16600 finished at 4.03493e+06 total bytes 25000
Flow Roce_154_0 15740 finished at 4.03495e+06 total bytes 25000
Flow Roce_616_0 16000 finished at 4.0363e+06 total bytes 25000
Flow Roce_374_0 17036 finished at 4.03812e+06 total bytes 25000
Flow Roce_665_0 16640 finished at 4.03884e+06 total bytes 25000
Flow Roce_505_0 16460 finished at 4.03921e+06 total bytes 25000
Flow Roce_1015_0 17528 finished at 4.04002e+06 total bytes 25000
Flow Roce_958_0 17120 finished at 4.04044e+06 total bytes 25000
Flow Roce_629_0 14628 finished at 4.04103e+06 total bytes 25000
Flow Roce_954_0 16560 finished at 4.0411e+06 total bytes 25000
Flow Roce_158_0 15772 finished at 4.04276e+06 total bytes 25000
Flow Roce_536_0 14692 finished at 4.04351e+06 total bytes 25000
Flow Roce_537_0 16644 finished at 4.04531e+06 total bytes 25000
Flow Roce_669_0 14476 finished at 4.04774e+06 total bytes 25000
Flow Roce_372_0 14260 finished at 4.04848e+06 total bytes 25000
.Flow Roce_982_0 15092 finished at 4.05054e+06 total bytes 25000
Flow Roce_419_0 15044 finished at 4.05099e+06 total bytes 25000
Flow Roce_953_0 15536 finished at 4.05113e+06 total bytes 25000
Flow Roce_1014_0 17500 finished at 4.05257e+06 total bytes 25000
Flow Roce_905_0 14080 finished at 4.05352e+06 total bytes 25000
Flow Roce_623_0 17664 finished at 4.05393e+06 total bytes 25000
Flow Roce_959_0 16276 finished at 4.05485e+06 total bytes 25000
Flow Roce_910_0 17148 finished at 4.05558e+06 total bytes 25000
Flow Roce_909_0 15128 finished at 4.05606e+06 total bytes 25000
Flow Roce_581_0 15124 finished at 4.05806e+06 total bytes 25000
Flow Roce_900_0 13968 finished at 4.05827e+06 total bytes 25000
Flow Roce_625_0 14132 finished at 4.05928e+06 total bytes 25000
Flow Roce_580_0 16176 finished at 4.05983e+06 total bytes 25000
Flow Roce_551_0 15088 finished at 4.05988e+06 total bytes 25000
Flow Roce_304_0 17436 finished at 4.06015e+06 total bytes 25000
Flow Roce_549_0 14804 finished at 4.06041e+06 total bytes 25000
Flow Roce_903_0 17576 finished at 4.06228e+06 total bytes 25000
Flow Roce_981_0 15928 finished at 4.06229e+06 total bytes 25000
Flow Roce_908_0 16800 finished at 4.06407e+06 total bytes 25000
Flow Roce_977_0 15292 finished at 4.06493e+06 total bytes 25000
Flow Roce_911_0 14832 finished at 4.06566e+06 total bytes 25000
Flow Roce_102_0 16488 finished at 4.06644e+06 total bytes 25000
Flow Roce_619_0 16264 finished at 4.06753e+06 total bytes 25000
Flow Roce_618_0 14224 finished at 4.06772e+06 total bytes 25000
Flow Roce_417_0 16232 finished at 4.06839e+06 total bytes 25000
Flow Roce_583_0 17752 finished at 4.06979e+06 total bytes 25000
Flow Roce_539_0 15024 finished at 4.07107e+06 total bytes 25000
Flow Roce_671_0 14876 finished at 4.07243e+06 total bytes 25000
Flow Roce_1009_0 14696 finished at 4.07246e+06 total bytes 25000
Flow Roce_100_0 14668 finished at 4.0727e+06 total bytes 25000
Flow Roce_421_0 15680 finished at 4.07361e+06 total bytes 25000
Flow Roce_582_0 14840 finished at 4.07379e+06 total bytes 25000
Flow Roce_631_0 15792 finished at 4.0751e+06 total bytes 25000
Flow Roce_980_0 15488 finished at 4.07537e+06 total bytes 25000
Flow Roce_576_0 15856 finished at 4.07685e+06 total bytes 25000
Flow Roce_579_0 16556 finished at 4.07689e+06 total bytes 25000
Flow Roce_617_0 15108 finished at 4.07697e+06 total bytes 25000
Flow Roce_429_0 15528 finished at 4.07754e+06 total bytes 25000
Flow Roce_430_0 15036 finished at 4.07827e+06 total bytes 25000
Flow Roce_1013_0 15992 finished at 4.07985e+06 total bytes 25000
Flow Roce_577_0 16396 finished at 4.08112e+06 total bytes 25000
Flow Roce_627_0 16424 finished at 4.08175e+06 total bytes 25000
Flow Roce_425_0 17320 finished at 4.08311e+06 total bytes 25000
Flow Roce_978_0 15428 finished at 4.08993e+06 total bytes 25000
Flow Roce_401_0 15988 finished at 4.09009e+06 total bytes 25000
Flow Roce_944_0 14332 finished at 4.09096e+06 total bytes 25000
Flow Roce_628_0 16972 finished at 4.09158e+06 total bytes 25000
Flow Roce_630_0 17200 finished at 4.09372e+06 total bytes 25000
Flow Roce_428_0 14484 finished at 4.09376e+06 total bytes 25000
Flow Roce_664_0 16816 finished at 4.0978e+06 total bytes 25000
Flow Roce_762_0 17332 finished at 4.0982e+06 total bytes 25000
Flow Roce_626_0 15004 finished at 4.099e+06 total bytes 25000
.Flow Roce_951_0 15776 finished at 4.10574e+06 total bytes 25000
Flow Roce_133_0 17068 finished at 4.10671e+06 total bytes 25000
Flow Roce_129_0 16596 finished at 4.10756e+06 total bytes 25000
Flow Roce_670_0 16268 finished at 4.1093e+06 total bytes 25000
Flow Roce_949_0 17488 finished at 4.10948e+06 total bytes 25000
Flow Roce_405_0 16632 finished at 4.1101e+06 total bytes 25000
Flow Roce_950_0 14720 finished at 4.11024e+06 total bytes 25000
Flow Roce_427_0 17480 finished at 4.11214e+06 total bytes 25000
Flow Roce_765_0 13976 finished at 4.1126e+06 total bytes 25000
Flow Roce_946_0 14864 finished at 4.11608e+06 total bytes 25000
Flow Roce_400_0 17672 finished at 4.1178e+06 total bytes 25000
Flow Roce_402_0 14716 finished at 4.12169e+06 total bytes 25000
Flow Roce_609_0 13792 finished at 4.12594e+06 total bytes 25000
Flow Roce_612_0 14292 finished at 4.12763e+06 total bytes 25000
Flow Roce_128_0 14984 finished at 4.12971e+06 total bytes 25000
Flow Roce_407_0 16712 finished at 4.13028e+06 total bytes 25000
Flow Roce_406_0 15272 finished at 4.13054e+06 total bytes 25000
Flow Roce_760_0 15296 finished at 4.13055e+06 total bytes 25000
Flow Roce_766_0 14436 finished at 4.13061e+06 total bytes 25000
Flow Roce_130_0 15716 finished at 4.13267e+06 total bytes 25000
Flow Roce_131_0 15104 finished at 4.13511e+06 total bytes 25000
Flow Roce_704_0 13772 finished at 4.13791e+06 total bytes 25000
Flow Roce_608_0 17196 finished at 4.14509e+06 total bytes 25000
Flow Roce_710_0 14812 finished at 4.14645e+06 total bytes 25000
Flow Roce_611_0 14188 finished at 4.1487e+06 total bytes 25000
Flow Roce_615_0 16960 finished at 4.14924e+06 total bytes 25000
.Flow Roce_610_0 16012 finished at 4.15154e+06 total bytes 25000
Flow Roce_613_0 14012 finished at 4.15287e+06 total bytes 25000
Flow Roce_709_0 16196 finished at 4.15384e+06 total bytes 25000
Flow Roce_708_0 16404 finished at 4.15617e+06 total bytes 25000
Flow Roce_287_0 15328 finished at 4.1567e+06 total bytes 25000
Flow Roce_272_0 14508 finished at 4.15749e+06 total bytes 25000
Flow Roce_279_0 15120 finished at 4.16021e+06 total bytes 25000
Flow Roce_1022_0 15732 finished at 4.16064e+06 total bytes 25000
Flow Roce_276_0 17116 finished at 4.16217e+06 total bytes 25000
Flow Roce_722_0 16688 finished at 4.16218e+06 total bytes 25000
Flow Roce_275_0 16308 finished at 4.16338e+06 total bytes 25000
Flow Roce_720_0 17296 finished at 4.16355e+06 total bytes 25000
Flow Roce_706_0 14712 finished at 4.16494e+06 total bytes 25000
Flow Roce_726_0 14652 finished at 4.16696e+06 total bytes 25000
Flow Roce_724_0 14520 finished at 4.16926e+06 total bytes 25000
Flow Roce_727_0 14324 finished at 4.16929e+06 total bytes 25000
Flow Roce_1023_0 13688 finished at 4.17288e+06 total bytes 25000
Flow Roce_1019_0 17540 finished at 4.17293e+06 total bytes 25000
Flow Roce_262_0 17732 finished at 4.17299e+06 total bytes 25000
Flow Roce_280_0 16820 finished at 4.17305e+06 total bytes 25000
Flow Roce_258_0 14792 finished at 4.17387e+06 total bytes 25000
Flow Roce_308_0 15008 finished at 4.17532e+06 total bytes 25000
Flow Roce_301_0 15720 finished at 4.17631e+06 total bytes 25000
Flow Roce_562_0 17304 finished at 4.17654e+06 total bytes 25000
Flow Roce_281_0 14184 finished at 4.1778e+06 total bytes 25000
Flow Roce_566_0 14732 finished at 4.17829e+06 total bytes 25000
Flow Roce_563_0 15440 finished at 4.17865e+06 total bytes 25000
Flow Roce_300_0 14900 finished at 4.17902e+06 total bytes 25000
Flow Roce_260_0 16748 finished at 4.17906e+06 total bytes 25000
Flow Roce_263_0 14688 finished at 4.18067e+06 total bytes 25000
Flow Roce_567_0 17524 finished at 4.18085e+06 total bytes 25000
Flow Roce_564_0 16940 finished at 4.18089e+06 total bytes 25000
Flow Roce_283_0 15244 finished at 4.18098e+06 total bytes 25000
Flow Roce_487_0 15300 finished at 4.18281e+06 total bytes 25000
Flow Roce_486_0 16788 finished at 4.18403e+06 total bytes 25000
Flow Roce_305_0 15216 finished at 4.1842e+06 total bytes 25000
Flow Roce_560_0 13684 finished at 4.18447e+06 total bytes 25000
Flow Roce_309_0 14004 finished at 4.18526e+06 total bytes 25000
Flow Roce_483_0 14616 finished at 4.1855e+06 total bytes 25000
Flow Roce_302_0 16808 finished at 4.18579e+06 total bytes 25000
Flow Roce_311_0 17384 finished at 4.18721e+06 total bytes 25000
Flow Roce_485_0 14360 finished at 4.18746e+06 total bytes 25000
Flow Roce_297_0 17492 finished at 4.18785e+06 total bytes 25000
Flow Roce_480_0 13744 finished at 4.18818e+06 total bytes 25000
Flow Roce_296_0 14164 finished at 4.18837e+06 total bytes 25000
Flow Roce_484_0 17712 finished at 4.18844e+06 total bytes 25000
Flow Roce_303_0 16160 finished at 4.18861e+06 total bytes 25000
Flow Roce_298_0 16852 finished at 4.18908e+06 total bytes 25000
Flow Roce_412_0 16420 finished at 4.18951e+06 total bytes 25000
Flow Roce_410_0 13812 finished at 4.19004e+06 total bytes 25000
Flow Roce_414_0 17324 finished at 4.19026e+06 total bytes 25000
Flow Roce_409_0 15980 finished at 4.19078e+06 total bytes 25000
Flow Roce_411_0 15284 finished at 4.19079e+06 total bytes 25000
Flow Roce_413_0 14632 finished at 4.19119e+06 total bytes 25000
Flow Roce_415_0 17140 finished at 4.19148e+06 total bytes 25000
Flow Roce_408_0 13964 finished at 4.19166e+06 total bytes 25000
Flow Roce_454_0 15252 finished at 4.19201e+06 total bytes 25000
Flow Roce_455_0 13752 finished at 4.19201e+06 total bytes 25000
Flow Roce_450_0 17272 finished at 4.19236e+06 total bytes 25000
Flow Roce_451_0 15456 finished at 4.19296e+06 total bytes 25000
Flow Roce_453_0 14504 finished at 4.19303e+06 total bytes 25000
Flow Roce_449_0 17536 finished at 4.19316e+06 total bytes 25000
New: 0 Rtx: 0
OVERFLOW_COUNT 0
