Flow Roce_128_507 15692 finished at 2662.66 total bytes 4000
Flow Roce_128_508 15696 finished at 3063.45 total bytes 4000
Flow Roce_128_509 15700 finished at 3063.52 total bytes 4000
Flow Roce_7_144 13756 finished at 6647.18 total bytes 4000
Flow Roce_7_145 13760 finished at 6897.73 total bytes 4000
Flow Roce_4_137 13716 finished at 7045.4 total bytes 4000
Flow Roce_4_136 13712 finished at 7193.6 total bytes 4000
Flow Roce_96_412 15184 finished at 7217.71 total bytes 4000
Flow Roce_6_143 13748 finished at 7746.18 total bytes 4000
Flow Roce_5_140 13732 finished at 7783.02 total bytes 4000
Flow Roce_6_142 13744 finished at 7914.48 total bytes 4000
Flow Roce_103_432 15292 finished at 8269.47 total bytes 4000
Flow Roce_7_146 13764 finished at 8759.21 total bytes 4000
Flow Roce_65_319 14688 finished at 9121.73 total bytes 4000
Flow Roce_4_135 13708 finished at 9129.97 total bytes 4000
Flow Roce_68_327 14732 finished at 9309.48 total bytes 4000
Flow Roce_70_333 14764 finished at 9511.05 total bytes 4000
Flow Roce_6_141 13740 finished at 10146.2 total bytes 4000
Flow Roce_100_425 15252 finished at 10166.4 total bytes 4000
Flow Roce_102_429 15276 finished at 10175.2 total bytes 4000
Flow Roce_98_419 15220 finished at 10188.7 total bytes 4000
Flow Roce_2_131 13684 finished at 10258.2 total bytes 4000
Flow Roce_3_132 13692 finished at 10651.7 total bytes 4000
Flow Roce_5_139 13728 finished at 10700.8 total bytes 4000
Flow Roce_5_138 13724 finished at 10778.4 total bytes 4000
Flow Roce_2_129 13676 finished at 10967.8 total bytes 4000
Flow Roce_3_134 13700 finished at 11042.5 total bytes 4000
Flow Roce_2_130 13680 finished at 11073.2 total bytes 4000
Flow Roce_3_133 13696 finished at 11305.5 total bytes 4000
Flow Roce_45_260 14372 finished at 11747.4 total bytes 4000
Flow Roce_44_257 14356 finished at 11980.5 total bytes 4000
Flow Roce_42_250 14320 finished at 12028.9 total bytes 4000
Flow Roce_42_251 14324 finished at 12214.3 total bytes 4000
Flow Roce_95_409 15168 finished at 12255.1 total bytes 4000
Flow Roce_41_246 14300 finished at 12311.7 total bytes 4000
Flow Roce_46_261 14380 finished at 12319.2 total bytes 4000
Flow Roce_12_159 13836 finished at 12485.7 total bytes 4000
Flow Roce_45_258 14364 finished at 12521 total bytes 4000
Flow Roce_64_317 14676 finished at 12622.2 total bytes 4000
Flow Roce_47_266 14404 finished at 12649.2 total bytes 4000
Flow Roce_75_349 14848 finished at 12728 total bytes 4000
Flow Roce_63_312 14652 finished at 13201.9 total bytes 4000
Flow Roce_60_303 14604 finished at 13779.3 total bytes 4000
Flow Roce_93_403 15136 finished at 14195.9 total bytes 4000
Flow Roce_56_293 14548 finished at 14218.6 total bytes 4000
Flow Roce_58_297 14572 finished at 14314.6 total bytes 4000
Flow Roce_114_466 15472 finished at 14345.8 total bytes 4000
Flow Roce_62_309 14636 finished at 14472.4 total bytes 4000
Flow Roce_63_314 14660 finished at 14495.5 total bytes 4000
Flow Roce_61_308 14628 finished at 14532.2 total bytes 4000
Flow Roce_56_291 14540 finished at 14668.1 total bytes 4000
Flow Roce_79_360 14908 finished at 14670.8 total bytes 4000
Flow Roce_56_292 14544 finished at 14890.9 total bytes 4000
Flow Roce_116_473 15508 finished at 14896.2 total bytes 4000
Flow Roce_70_335 14772 finished at 14915.7 total bytes 4000
Flow Roce_63_313 14656 finished at 14927.5 total bytes 4000
Flow Roce_66_323 14708 finished at 15049.2 total bytes 4000
Flow Roce_9_150 13788 finished at 15177.8 total bytes 4000
Flow Roce_62_310 14640 finished at 15249.9 total bytes 4000
Flow Roce_94_406 15152 finished at 15332.1 total bytes 4000
Flow Roce_39_241 14272 finished at 15387.1 total bytes 4000
Flow Roce_9_151 13792 finished at 15460.5 total bytes 4000
Flow Roce_60_304 14608 finished at 15544.9 total bytes 4000
Flow Roce_76_352 14864 finished at 15814.4 total bytes 4000
Flow Roce_36_231 14220 finished at 16214.8 total bytes 4000
Flow Roce_38_237 14252 finished at 16302.6 total bytes 4000
Flow Roce_51_278 14468 finished at 16352.1 total bytes 4000
Flow Roce_111_458 15428 finished at 16363.6 total bytes 4000
Flow Roce_23_192 14012 finished at 16408.4 total bytes 4000
Flow Roce_16_173 13908 finished at 16533.1 total bytes 4000
Flow Roce_29_211 14112 finished at 16622.2 total bytes 4000
Flow Roce_48_267 14412 finished at 16748.1 total bytes 4000
Flow Roce_51_277 14464 finished at 16874.7 total bytes 4000
Flow Roce_9_152 13796 finished at 16906.6 total bytes 4000
Flow Roce_52_280 14480 finished at 16923.5 total bytes 4000
Flow Roce_25_199 14048 finished at 16936 total bytes 4000
Flow Roce_14_167 13876 finished at 16941.7 total bytes 4000
Flow Roce_53_282 14492 finished at 17021 total bytes 4000
Flow Roce_13_164 13860 finished at 17112.2 total bytes 4000
Flow Roce_127_504 15676 finished at 17160.8 total bytes 4000
Flow Roce_52_279 14476 finished at 17346.8 total bytes 4000
Flow Roce_18_178 13936 finished at 17360.8 total bytes 4000
Flow Roce_92_399 15116 finished at 17385.3 total bytes 4000
Flow Roce_55_288 14524 finished at 17467 total bytes 4000
Flow Roce_16_172 13904 finished at 17485.5 total bytes 4000
Flow Roce_13_162 13852 finished at 17485.9 total bytes 4000
Flow Roce_16_171 13900 finished at 17489.2 total bytes 4000
Flow Roce_80_365 14932 finished at 17507.3 total bytes 4000
Flow Roce_18_179 13940 finished at 17515.2 total bytes 4000
Flow Roce_36_232 14224 finished at 17698.6 total bytes 4000
Flow Roce_124_495 15628 finished at 17822.4 total bytes 4000
Flow Roce_19_181 13952 finished at 17873.1 total bytes 4000
Flow Roce_8_148 13776 finished at 18044.5 total bytes 4000
Flow Roce_106_442 15344 finished at 18066.9 total bytes 4000
Flow Roce_14_166 13872 finished at 18077.3 total bytes 4000
Flow Roce_68_329 14740 finished at 18078.1 total bytes 4000
Flow Roce_17_175 13920 finished at 18131.7 total bytes 4000
Flow Roce_55_289 14528 finished at 18217.8 total bytes 4000
Flow Roce_54_285 14508 finished at 18249.7 total bytes 4000
Flow Roce_37_234 14236 finished at 18263.2 total bytes 4000
Flow Roce_8_147 13772 finished at 18304.1 total bytes 4000
Flow Roce_12_161 13844 finished at 18334 total bytes 4000
Flow Roce_38_239 14260 finished at 18343.2 total bytes 4000
Flow Roce_22_189 13996 finished at 18350 total bytes 4000
Flow Roce_52_281 14484 finished at 18364.1 total bytes 4000
Flow Roce_34_225 14188 finished at 18367.8 total bytes 4000
Flow Roce_104_436 15312 finished at 18370.4 total bytes 4000
Flow Roce_34_227 14196 finished at 18381.3 total bytes 4000
Flow Roce_25_200 14052 finished at 18389.6 total bytes 4000
Flow Roce_12_160 13840 finished at 18398.2 total bytes 4000
Flow Roce_32_221 14164 finished at 18402.2 total bytes 4000
Flow Roce_115_468 15484 finished at 18413.6 total bytes 4000
Flow Roce_105_439 15328 finished at 18413.6 total bytes 4000
Flow Roce_90_395 15092 finished at 18417.3 total bytes 4000
Flow Roce_50_274 14448 finished at 18428.3 total bytes 4000
Flow Roce_33_222 14172 finished at 18446.7 total bytes 4000
Flow Roce_37_236 14244 finished at 18449.3 total bytes 4000
Flow Roce_18_177 13932 finished at 18642.9 total bytes 4000
Flow Roce_49_272 14436 finished at 18700.1 total bytes 4000
Flow Roce_86_382 15024 finished at 18706.5 total bytes 4000
Flow Roce_85_378 15004 finished at 18815.3 total bytes 4000
Flow Roce_49_271 14432 finished at 18863.2 total bytes 4000
Flow Roce_31_216 14140 finished at 18944 total bytes 4000
Flow Roce_33_224 14180 finished at 18950.8 total bytes 4000
Flow Roce_21_187 13984 finished at 18972.1 total bytes 4000
Flow Roce_29_210 14108 finished at 19128.9 total bytes 4000
Flow Roce_22_191 14004 finished at 19195.4 total bytes 4000
Flow Roce_13_163 13856 finished at 19211.5 total bytes 4000
Flow Roce_31_218 14148 finished at 19303.2 total bytes 4000
Flow Roce_23_193 14016 finished at 19320.8 total bytes 4000
Flow Roce_75_350 14852 finished at 19393.2 total bytes 4000
Flow Roce_110_454 15408 finished at 19512.8 total bytes 4000
Flow Roce_79_361 14912 finished at 19548.6 total bytes 4000
Flow Roce_23_194 14020 finished at 19604.1 total bytes 4000
Flow Roce_25_198 14044 finished at 19644.5 total bytes 4000
Flow Roce_67_324 14716 finished at 19753 total bytes 4000
Flow Roce_27_206 14084 finished at 19798.3 total bytes 4000
Flow Roce_31_217 14144 finished at 19803.7 total bytes 4000
Flow Roce_109_450 15388 finished at 19987.4 total bytes 4000
Flow Roce_79_362 14916 finished at 20100.8 total bytes 4000
Flow Roce_28_208 14096 finished at 20172.8 total bytes 4000
Flow Roce_78_359 14900 finished at 20206.7 total bytes 4000
Flow Roce_26_201 14060 finished at 20293 total bytes 4000
Flow Roce_26_203 14068 finished at 20298.9 total bytes 4000
Flow Roce_73_344 14820 finished at 20302.2 total bytes 4000
Flow Roce_30_215 14132 finished at 20321.7 total bytes 4000
Flow Roce_30_213 14124 finished at 20413.4 total bytes 4000
Flow Roce_24_197 14036 finished at 20440.3 total bytes 4000
Flow Roce_28_209 14100 finished at 20764.1 total bytes 4000
Flow Roce_27_205 14080 finished at 20764.1 total bytes 4000
Flow Roce_24_195 14028 finished at 21104.9 total bytes 4000
Flow Roce_30_214 14128 finished at 21123.9 total bytes 4000
Flow Roce_114_465 15468 finished at 21217.1 total bytes 4000
Flow Roce_80_363 14924 finished at 21230.3 total bytes 4000
Flow Roce_114_467 15476 finished at 21267.2 total bytes 4000
Flow Roce_28_207 14092 finished at 21345.8 total bytes 4000
Flow Roce_27_204 14076 finished at 21419.7 total bytes 4000
Flow Roce_24_196 14032 finished at 21515.1 total bytes 4000
Flow Roce_29_212 14116 finished at 21532.5 total bytes 4000
Flow Roce_26_202 14064 finished at 21634.6 total bytes 4000
Flow Roce_123_494 15620 finished at 21774.1 total bytes 4000
Flow Roce_17_174 13916 finished at 21814.9 total bytes 4000
Flow Roce_82_370 14960 finished at 21902.1 total bytes 4000
Flow Roce_112_460 15440 finished at 21933.6 total bytes 4000
Flow Roce_104_437 15316 finished at 22144.9 total bytes 4000
Flow Roce_115_470 15492 finished at 22172 total bytes 4000
Flow Roce_83_372 14972 finished at 22392.2 total bytes 4000
Flow Roce_106_441 15340 finished at 22588.7 total bytes 4000
Flow Roce_89_391 15072 finished at 23003.4 total bytes 4000
Flow Roce_104_435 15308 finished at 23039.5 total bytes 4000
Flow Roce_125_500 15652 finished at 23136.9 total bytes 4000
Flow Roce_55_290 14532 finished at 23452.9 total bytes 4000
Flow Roce_19_180 13948 finished at 23593.4 total bytes 4000
Flow Roce_108_449 15380 finished at 23742.7 total bytes 4000
Flow Roce_21_186 13980 finished at 23890.9 total bytes 4000
Flow Roce_111_456 15420 finished at 23925.4 total bytes 4000
Flow Roce_94_407 15156 finished at 24237.2 total bytes 4000
Flow Roce_107_444 15356 finished at 24319.5 total bytes 4000
Flow Roce_123_492 15612 finished at 24475.8 total bytes 4000
Flow Roce_122_491 15604 finished at 24549.1 total bytes 4000
Flow Roce_120_483 15564 finished at 24666.2 total bytes 4000
Flow Roce_122_489 15596 finished at 24702.5 total bytes 4000
Flow Roce_22_190 14000 finished at 24722 total bytes 4000
Flow Roce_90_394 15088 finished at 24791.5 total bytes 4000
Flow Roce_120_484 15568 finished at 24882.5 total bytes 4000
Flow Roce_126_501 15660 finished at 24922.6 total bytes 4000
Flow Roce_92_400 15120 finished at 25411.1 total bytes 4000
Flow Roce_77_354 14876 finished at 25447.7 total bytes 4000
Flow Roce_74_346 14832 finished at 25769 total bytes 4000
Flow Roce_20_185 13972 finished at 25828 total bytes 4000
Flow Roce_83_374 14980 finished at 25914.7 total bytes 4000
Flow Roce_122_490 15600 finished at 25922.9 total bytes 4000
Flow Roce_126_502 15664 finished at 26364.9 total bytes 4000
Flow Roce_37_235 14240 finished at 26740.4 total bytes 4000
Flow Roce_95_408 15164 finished at 26808 total bytes 4000
Flow Roce_51_276 14460 finished at 26812.8 total bytes 4000
Flow Roce_20_183 13964 finished at 26821.5 total bytes 4000
Flow Roce_110_453 15404 finished at 26868.4 total bytes 4000
Flow Roce_121_486 15580 finished at 27583.2 total bytes 4000
Flow Roce_126_503 15668 finished at 27603.4 total bytes 4000
Flow Roce_62_311 14644 finished at 27714 total bytes 4000
Flow Roce_20_184 13968 finished at 27799.4 total bytes 4000
Flow Roce_95_410 15172 finished at 27799.7 total bytes 4000
Flow Roce_94_405 15148 finished at 27806.8 total bytes 4000
Flow Roce_60_305 14612 finished at 27990.2 total bytes 4000
Flow Roce_10_154 13808 finished at 28033.4 total bytes 4000
Flow Roce_113_464 15460 finished at 28355.4 total bytes 4000
Flow Roce_119_482 15556 finished at 28439.2 total bytes 4000
Flow Roce_50_275 14452 finished at 28498.5 total bytes 4000
Flow Roce_54_286 14512 finished at 28554.7 total bytes 4000
Flow Roce_49_270 14428 finished at 28570.1 total bytes 4000
Flow Roce_81_368 14948 finished at 28647 total bytes 4000
Flow Roce_85_380 15012 finished at 28667.8 total bytes 4000
Flow Roce_124_496 15632 finished at 28681.3 total bytes 4000
Flow Roce_125_498 15644 finished at 28729.1 total bytes 4000
Flow Roce_125_499 15648 finished at 29117.4 total bytes 4000
Flow Roce_121_488 15588 finished at 29341.1 total bytes 4000
Flow Roce_124_497 15636 finished at 29346 total bytes 4000
Flow Roce_127_505 15680 finished at 29347.7 total bytes 4000
Flow Roce_11_157 13824 finished at 29384.1 total bytes 4000
Flow Roce_111_457 15424 finished at 29388.4 total bytes 4000
Flow Roce_120_485 15572 finished at 29390.1 total bytes 4000
Flow Roce_8_149 13780 finished at 29413.7 total bytes 4000
Flow Roce_58_299 14580 finished at 29446.6 total bytes 4000
Flow Roce_11_156 13820 finished at 29451.6 total bytes 4000
Flow Roce_89_392 15076 finished at 29540.6 total bytes 4000
Flow Roce_48_269 14420 finished at 29577.4 total bytes 4000
Flow Roce_34_226 14192 finished at 29615.5 total bytes 4000
Flow Roce_84_376 14992 finished at 29642.6 total bytes 4000
Flow Roce_54_287 14516 finished at 29693.9 total bytes 4000
Flow Roce_92_401 15124 finished at 29753.9 total bytes 4000
Flow Roce_21_188 13988 finished at 29800.4 total bytes 4000
Flow Roce_32_220 14160 finished at 29806.9 total bytes 4000
Flow Roce_17_176 13924 finished at 29835.2 total bytes 4000
Flow Roce_91_398 15108 finished at 29874.8 total bytes 4000
Flow Roce_91_397 15104 finished at 29900.5 total bytes 4000
Flow Roce_14_165 13868 finished at 29919.8 total bytes 4000
Flow Roce_19_182 13956 finished at 29954.3 total bytes 4000
Flow Roce_88_387 15052 finished at 29954.8 total bytes 4000
Flow Roce_39_242 14276 finished at 30032.3 total bytes 4000
Flow Roce_38_238 14256 finished at 30045.2 total bytes 4000
Flow Roce_15_168 13884 finished at 30071.2 total bytes 4000
Flow Roce_35_228 14204 finished at 30085.9 total bytes 4000
Flow Roce_108_448 15376 finished at 30179.6 total bytes 4000
Flow Roce_15_169 13888 finished at 30191.7 total bytes 4000
Flow Roce_61_307 14624 finished at 30285.9 total bytes 4000
Flow Roce_11_158 13828 finished at 30343.3 total bytes 4000
Flow Roce_108_447 15372 finished at 30386.8 total bytes 4000
Flow Roce_59_300 14588 finished at 30435 total bytes 4000
Flow Roce_109_451 15392 finished at 30456.4 total bytes 4000
Flow Roce_76_353 14868 finished at 30535.9 total bytes 4000
Flow Roce_105_438 15324 finished at 30575.7 total bytes 4000
Flow Roce_57_294 14556 finished at 30584.1 total bytes 4000
Flow Roce_53_283 14496 finished at 30626.9 total bytes 4000
Flow Roce_10_155 13812 finished at 30666.3 total bytes 4000
Flow Roce_10_153 13804 finished at 30694.7 total bytes 4000
Flow Roce_127_506 15684 finished at 30714.1 total bytes 4000
Flow Roce_15_170 13892 finished at 30773.7 total bytes 4000
Flow Roce_59_301 14592 finished at 30779.4 total bytes 4000
Flow Roce_57_295 14560 finished at 30791.7 total bytes 4000
Flow Roce_105_440 15332 finished at 30793 total bytes 4000
Flow Roce_48_268 14416 finished at 30820.5 total bytes 4000
Flow Roce_39_240 14268 finished at 30828.6 total bytes 4000
Flow Roce_58_298 14576 finished at 30869.9 total bytes 4000
Flow Roce_33_223 14176 finished at 30884.6 total bytes 4000
Flow Roce_35_230 14212 finished at 30958.7 total bytes 4000
Flow Roce_88_388 15056 finished at 30990.6 total bytes 4000
Flow Roce_50_273 14444 finished at 31010.8 total bytes 4000
Flow Roce_110_455 15412 finished at 31034.7 total bytes 4000
Flow Roce_53_284 14500 finished at 31080 total bytes 4000
Flow Roce_35_229 14208 finished at 31091.5 total bytes 4000
Flow Roce_93_402 15132 finished at 31100.6 total bytes 4000
Flow Roce_45_259 14368 finished at 31110.3 total bytes 4000
Flow Roce_121_487 15584 finished at 31289.6 total bytes 4000
Flow Roce_57_296 14564 finished at 31420.4 total bytes 4000
Flow Roce_93_404 15140 finished at 31444.5 total bytes 4000
Flow Roce_74_345 14828 finished at 31477.6 total bytes 4000
Flow Roce_59_302 14596 finished at 31588.4 total bytes 4000
Flow Roce_90_393 15084 finished at 31629.2 total bytes 4000
Flow Roce_36_233 14228 finished at 31649.1 total bytes 4000
Flow Roce_123_493 15616 finished at 31741.6 total bytes 4000
Flow Roce_109_452 15396 finished at 31993.9 total bytes 4000
Flow Roce_73_342 14812 finished at 32030.2 total bytes 4000
Flow Roce_77_355 14880 finished at 32053.4 total bytes 4000
Flow Roce_106_443 15348 finished at 32097.3 total bytes 4000
Flow Roce_107_446 15364 finished at 32443.1 total bytes 4000
Flow Roce_32_219 14156 finished at 32491.3 total bytes 4000
Flow Roce_78_358 14896 finished at 32523.7 total bytes 4000
Flow Roce_91_396 15100 finished at 32787 total bytes 4000
Flow Roce_81_366 14940 finished at 32850.2 total bytes 4000
Flow Roce_107_445 15360 finished at 32911.8 total bytes 4000
Flow Roce_76_351 14860 finished at 32998 total bytes 4000
Flow Roce_42_249 14316 finished at 33310.2 total bytes 4000
Flow Roce_88_389 15060 finished at 33356.1 total bytes 4000
Flow Roce_61_306 14620 finished at 33405.7 total bytes 4000
Flow Roce_89_390 15068 finished at 33492.3 total bytes 4000
Flow Roce_77_356 14884 finished at 33549.4 total bytes 4000
Flow Roce_78_357 14892 finished at 33557.5 total bytes 4000
Flow Roce_72_341 14804 finished at 33978.1 total bytes 4000
Flow Roce_75_348 14844 finished at 34045 total bytes 4000
Flow Roce_72_339 14796 finished at 34100.3 total bytes 4000
Flow Roce_44_256 14352 finished at 34117.1 total bytes 4000
Flow Roce_74_347 14836 finished at 34159.8 total bytes 4000
Flow Roce_83_373 14976 finished at 34169.5 total bytes 4000
Flow Roce_86_381 15020 finished at 34270.6 total bytes 4000
Flow Roce_87_384 15036 finished at 34372.4 total bytes 4000
Flow Roce_41_247 14304 finished at 34443.4 total bytes 4000
Flow Roce_82_369 14956 finished at 34630.6 total bytes 4000
Flow Roce_46_262 14384 finished at 34724.8 total bytes 4000
Flow Roce_44_255 14348 finished at 34752.3 total bytes 4000
Flow Roce_72_340 14800 finished at 34791.5 total bytes 4000
Flow Roce_43_252 14332 finished at 34904.5 total bytes 4000
Flow Roce_87_385 15040 finished at 34964.7 total bytes 4000
Flow Roce_73_343 14816 finished at 35108.1 total bytes 4000
Flow Roce_46_263 14388 finished at 35117 total bytes 4000
Flow Roce_43_253 14336 finished at 35413.2 total bytes 4000
Flow Roce_40_245 14292 finished at 35650.5 total bytes 4000
Flow Roce_41_248 14308 finished at 35738.1 total bytes 4000
Flow Roce_47_265 14400 finished at 35842.6 total bytes 4000
Flow Roce_47_264 14396 finished at 35857.8 total bytes 4000
Flow Roce_80_364 14928 finished at 35970.8 total bytes 4000
Flow Roce_40_243 14284 finished at 35978.7 total bytes 4000
Flow Roce_40_244 14288 finished at 35979.9 total bytes 4000
Flow Roce_85_379 15008 finished at 35987.1 total bytes 4000
Flow Roce_84_377 14996 finished at 36063.5 total bytes 4000
Flow Roce_43_254 14340 finished at 36164.3 total bytes 4000
Flow Roce_68_328 14736 finished at 36278.1 total bytes 4000
Flow Roce_82_371 14964 finished at 36343 total bytes 4000
Flow Roce_81_367 14944 finished at 36364.3 total bytes 4000
Flow Roce_84_375 14988 finished at 36393.8 total bytes 4000
Flow Roce_87_386 15044 finished at 36581.5 total bytes 4000
Flow Roce_86_383 15028 finished at 36629.4 total bytes 4000
Flow Roce_71_338 14788 finished at 37373.1 total bytes 4000
Flow Roce_66_322 14704 finished at 37652.6 total bytes 4000
Flow Roce_65_318 14684 finished at 37652.9 total bytes 4000
Flow Roce_118_479 15540 finished at 37719.5 total bytes 4000
Flow Roce_65_320 14692 finished at 38365.5 total bytes 4000
Flow Roce_71_337 14784 finished at 38912.6 total bytes 4000
Flow Roce_66_321 14700 finished at 39537.3 total bytes 4000
Flow Roce_64_316 14672 finished at 40135.4 total bytes 4000
Flow Roce_69_330 14748 finished at 40139 total bytes 4000
Flow Roce_70_334 14768 finished at 40158.4 total bytes 4000
Flow Roce_69_331 14752 finished at 40165 total bytes 4000
Flow Roce_118_477 15532 finished at 40872 total bytes 4000
Flow Roce_116_472 15504 finished at 40972.9 total bytes 4000
Flow Roce_67_326 14724 finished at 41221.3 total bytes 4000
Flow Roce_119_481 15552 finished at 42333.2 total bytes 4000
Flow Roce_69_332 14756 finished at 42651.3 total bytes 4000
Flow Roce_113_462 15452 finished at 43238.2 total bytes 4000
Flow Roce_119_480 15548 finished at 43373.9 total bytes 4000
Flow Roce_64_315 14668 finished at 43395.2 total bytes 4000
Flow Roce_67_325 14720 finished at 43529.9 total bytes 4000
Flow Roce_71_336 14780 finished at 43703.4 total bytes 4000
Flow Roce_117_475 15520 finished at 43887.9 total bytes 4000
Flow Roce_117_476 15524 finished at 44000.7 total bytes 4000
Flow Roce_112_461 15444 finished at 44018 total bytes 4000
Flow Roce_102_431 15284 finished at 44028.8 total bytes 4000
Flow Roce_116_471 15500 finished at 44234.9 total bytes 4000
Flow Roce_118_478 15536 finished at 44367.4 total bytes 4000
Flow Roce_117_474 15516 finished at 44375.7 total bytes 4000
Flow Roce_115_469 15488 finished at 44383.7 total bytes 4000
Flow Roce_112_459 15436 finished at 44444.6 total bytes 4000
Flow Roce_113_463 15456 finished at 44475.7 total bytes 4000
Flow Roce_99_422 15236 finished at 44508.8 total bytes 4000
Flow Roce_101_428 15268 finished at 44547.3 total bytes 4000
Flow Roce_97_416 15204 finished at 44933.7 total bytes 4000
Flow Roce_103_434 15300 finished at 45201.6 total bytes 4000
Flow Roce_98_417 15212 finished at 45384 total bytes 4000
Flow Roce_100_424 15248 finished at 45455.2 total bytes 4000
Flow Roce_98_418 15216 finished at 45470.9 total bytes 4000
Flow Roce_96_411 15180 finished at 45475.6 total bytes 4000
Flow Roce_102_430 15280 finished at 45501.4 total bytes 4000
Flow Roce_97_415 15200 finished at 45570.6 total bytes 4000
Flow Roce_99_420 15228 finished at 45578.7 total bytes 4000
Flow Roce_96_413 15188 finished at 45700.8 total bytes 4000
Flow Roce_97_414 15196 finished at 45814.2 total bytes 4000
Flow Roce_99_421 15232 finished at 46002.1 total bytes 4000
Flow Roce_103_433 15296 finished at 46050.5 total bytes 4000
Flow Roce_101_426 15260 finished at 46200.6 total bytes 4000
Flow Roce_100_423 15244 finished at 46487.6 total bytes 4000
Flow Roce_101_427 15264 finished at 46563.7 total bytes 4000
.Flow Roce_128_0 15688 finished at 74989.7 total bytes 4000
Flow Roce_80_0 14920 finished at 81587.6 total bytes 4000
Flow Roce_104_0 15304 finished at 81720.1 total bytes 4000
Flow Roce_85_0 15000 finished at 84041.1 total bytes 4000
Flow Roce_1_0 13668 finished at 85424.2 total bytes 4000
Flow Roce_120_0 15560 finished at 86246.2 total bytes 4000
Flow Roce_98_0 15208 finished at 86353.5 total bytes 4000
Flow Roce_18_0 13928 finished at 86918.5 total bytes 4000
Flow Roce_107_0 15352 finished at 88319.4 total bytes 4000
Flow Roce_56_0 14536 finished at 88448.8 total bytes 4000
Flow Roce_114_0 15464 finished at 89420.8 total bytes 4000
Flow Roce_123_0 15608 finished at 90081.1 total bytes 4000
Flow Roce_88_0 15048 finished at 90173.6 total bytes 4000
Flow Roce_60_0 14600 finished at 90477.3 total bytes 4000
Flow Roce_99_0 15224 finished at 90594.8 total bytes 4000
Flow Roce_126_0 15656 finished at 90623.3 total bytes 4000
Flow Roce_13_0 13848 finished at 90630.2 total bytes 4000
Flow Roce_94_0 15144 finished at 91320.4 total bytes 4000
Flow Roce_91_0 15096 finished at 91372.1 total bytes 4000
Flow Roce_6_0 13736 finished at 92090.7 total bytes 4000
Flow Roce_19_0 13944 finished at 92502.6 total bytes 4000
Flow Roce_24_0 14024 finished at 92528.3 total bytes 4000
Flow Roce_96_0 15176 finished at 92647.7 total bytes 4000
Flow Roce_113_0 15448 finished at 92710.6 total bytes 4000
Flow Roce_121_0 15576 finished at 92733.9 total bytes 4000
Flow Roce_122_0 15592 finished at 92756.8 total bytes 4000
Flow Roce_86_0 15016 finished at 93025.5 total bytes 4000
Flow Roce_68_0 14728 finished at 93218.8 total bytes 4000
Flow Roce_124_0 15624 finished at 93907 total bytes 4000
Flow Roce_79_0 14904 finished at 94249.8 total bytes 4000
Flow Roce_9_0 13784 finished at 94674.8 total bytes 4000
Flow Roce_25_0 14040 finished at 94799.9 total bytes 4000
Flow Roce_65_0 14680 finished at 94817.5 total bytes 4000
Flow Roce_116_0 15496 finished at 94831 total bytes 4000
Flow Roce_111_0 15416 finished at 95025.4 total bytes 4000
Flow Roce_97_0 15192 finished at 95089.8 total bytes 4000
Flow Roce_125_0 15640 finished at 95536.8 total bytes 4000
Flow Roce_89_0 15064 finished at 95648.5 total bytes 4000
Flow Roce_81_0 14936 finished at 95754.7 total bytes 4000
Flow Roce_100_0 15240 finished at 96145 total bytes 4000
Flow Roce_11_0 13816 finished at 96174.4 total bytes 4000
Flow Roce_27_0 14072 finished at 96272.4 total bytes 4000
Flow Roce_78_0 14888 finished at 96350.8 total bytes 4000
Flow Roce_70_0 14760 finished at 96388.7 total bytes 4000
Flow Roce_66_0 14696 finished at 96826 total bytes 4000
Flow Roce_4_0 13704 finished at 96840.4 total bytes 4000
Flow Roce_102_0 15272 finished at 96923.1 total bytes 4000
Flow Roce_37_0 14232 finished at 97407.5 total bytes 4000
Flow Roce_87_0 15032 finished at 97518.9 total bytes 4000
Flow Roce_110_0 15400 finished at 97584.2 total bytes 4000
Flow Roce_82_0 14952 finished at 97600.9 total bytes 4000
Flow Roce_118_0 15528 finished at 97602.2 total bytes 4000
Flow Roce_73_0 14808 finished at 97688.4 total bytes 4000
Flow Roce_46_0 14376 finished at 97729 total bytes 4000
Flow Roce_117_0 15512 finished at 97731.6 total bytes 4000
Flow Roce_74_0 14824 finished at 97776.7 total bytes 4000
Flow Roce_106_0 15336 finished at 97792.3 total bytes 4000
Flow Roce_93_0 15128 finished at 97820.1 total bytes 4000
Flow Roce_8_0 13768 finished at 97944 total bytes 4000
Flow Roce_7_0 13752 finished at 97968 total bytes 4000
Flow Roce_71_0 14776 finished at 98061.5 total bytes 4000
Flow Roce_2_0 13672 finished at 98135.4 total bytes 4000
Flow Roce_75_0 14840 finished at 98167 total bytes 4000
Flow Roce_103_0 15288 finished at 98251.4 total bytes 4000
Flow Roce_32_0 14152 finished at 98298.5 total bytes 4000
Flow Roce_3_0 13688 finished at 98361.4 total bytes 4000
Flow Roce_108_0 15368 finished at 98473.7 total bytes 4000
Flow Roce_63_0 14648 finished at 98681.3 total bytes 4000
Flow Roce_55_0 14520 finished at 98769.5 total bytes 4000
Flow Roce_39_0 14264 finished at 98777.4 total bytes 4000
Flow Roce_95_0 15160 finished at 98823.5 total bytes 4000
Flow Roce_83_0 14968 finished at 98896 total bytes 4000
Flow Roce_76_0 14856 finished at 98976 total bytes 4000
Flow Roce_101_0 15256 finished at 98995.5 total bytes 4000
Flow Roce_92_0 15112 finished at 99217.9 total bytes 4000
Flow Roce_41_0 14296 finished at 99294.6 total bytes 4000
Flow Roce_115_0 15480 finished at 99312.6 total bytes 4000
Flow Roce_69_0 14744 finished at 99366.3 total bytes 4000
Flow Roce_72_0 14792 finished at 99410.7 total bytes 4000
Flow Roce_90_0 15080 finished at 99591.4 total bytes 4000
Flow Roce_64_0 14664 finished at 99591.8 total bytes 4000
Flow Roce_119_0 15544 finished at 99617.4 total bytes 4000
Flow Roce_67_0 14712 finished at 99648.6 total bytes 4000
Flow Roce_5_0 13720 finished at 99940.8 total bytes 4000
.Flow Roce_112_0 15432 finished at 100130 total bytes 4000
Flow Roce_26_0 14056 finished at 100179 total bytes 4000
Flow Roce_52_0 14472 finished at 100513 total bytes 4000
Flow Roce_16_0 13896 finished at 100618 total bytes 4000
Flow Roce_61_0 14616 finished at 100644 total bytes 4000
Flow Roce_54_0 14504 finished at 100659 total bytes 4000
Flow Roce_59_0 14584 finished at 100664 total bytes 4000
Flow Roce_42_0 14312 finished at 100684 total bytes 4000
Flow Roce_31_0 14136 finished at 100928 total bytes 4000
Flow Roce_43_0 14328 finished at 101026 total bytes 4000
Flow Roce_58_0 14568 finished at 101045 total bytes 4000
Flow Roce_12_0 13832 finished at 101078 total bytes 4000
Flow Roce_50_0 14440 finished at 101110 total bytes 4000
Flow Roce_23_0 14008 finished at 101118 total bytes 4000
Flow Roce_36_0 14216 finished at 101140 total bytes 4000
Flow Roce_48_0 14408 finished at 101190 total bytes 4000
Flow Roce_77_0 14872 finished at 101317 total bytes 4000
Flow Roce_15_0 13880 finished at 101396 total bytes 4000
Flow Roce_28_0 14088 finished at 101433 total bytes 4000
Flow Roce_38_0 14248 finished at 101530 total bytes 4000
Flow Roce_127_0 15672 finished at 101561 total bytes 4000
Flow Roce_22_0 13992 finished at 101570 total bytes 4000
Flow Roce_33_0 14168 finished at 101667 total bytes 4000
Flow Roce_109_0 15384 finished at 101673 total bytes 4000
Flow Roce_30_0 14120 finished at 101683 total bytes 4000
Flow Roce_57_0 14552 finished at 101684 total bytes 4000
Flow Roce_44_0 14344 finished at 101692 total bytes 4000
Flow Roce_105_0 15320 finished at 101707 total bytes 4000
Flow Roce_14_0 13864 finished at 101743 total bytes 4000
Flow Roce_53_0 14488 finished at 101818 total bytes 4000
Flow Roce_84_0 14984 finished at 101947 total bytes 4000
Flow Roce_62_0 14632 finished at 101978 total bytes 4000
Flow Roce_34_0 14184 finished at 101997 total bytes 4000
Flow Roce_49_0 14424 finished at 102015 total bytes 4000
Flow Roce_47_0 14392 finished at 102089 total bytes 4000
Flow Roce_20_0 13960 finished at 102207 total bytes 4000
Flow Roce_29_0 14104 finished at 102218 total bytes 4000
Flow Roce_51_0 14456 finished at 102349 total bytes 4000
Flow Roce_40_0 14280 finished at 102383 total bytes 4000
Flow Roce_21_0 13976 finished at 102403 total bytes 4000
Flow Roce_35_0 14200 finished at 102529 total bytes 4000
Flow Roce_17_0 13912 finished at 102536 total bytes 4000
Flow Roce_45_0 14360 finished at 102581 total bytes 4000
Flow Roce_10_0 13800 finished at 102627 total bytes 4000
New: 0 Rtx: 0
OVERFLOW_COUNT 0
