Flow Roce_128_507 14396 finished at 8736.16 total bytes 16000
Flow Roce_128_508 14400 finished at 9071.84 total bytes 16000
Flow Roce_128_509 14404 finished at 9072.06 total bytes 16000
Flow Roce_3_133 12400 finished at 22348.6 total bytes 16000
Flow Roce_5_138 12428 finished at 22845.6 total bytes 16000
Flow Roce_4_137 12420 finished at 24109.8 total bytes 16000
Flow Roce_6_143 12452 finished at 24924.1 total bytes 16000
Flow Roce_7_145 12464 finished at 25385.4 total bytes 16000
Flow Roce_5_140 12436 finished at 26583.8 total bytes 16000
Flow Roce_8_149 12484 finished at 36829.6 total bytes 16000
Flow Roce_2_129 12380 finished at 39484.2 total bytes 16000
Flow Roce_7_146 12468 finished at 40300.4 total bytes 16000
Flow Roce_15_169 12592 finished at 41634.4 total bytes 16000
Flow Roce_7_144 12460 finished at 49013.6 total bytes 16000
.Flow Roce_2_131 12388 finished at 51371.1 total bytes 16000
Flow Roce_4_136 12416 finished at 53075.3 total bytes 16000
Flow Roce_14_167 12580 finished at 53486 total bytes 16000
Flow Roce_2_130 12384 finished at 53486.9 total bytes 16000
Flow Roce_3_132 12396 finished at 53939.5 total bytes 16000
Flow Roce_4_135 12412 finished at 54941.8 total bytes 16000
Flow Roce_3_134 12404 finished at 55138.9 total bytes 16000
Flow Roce_9_151 12496 finished at 55331.5 total bytes 16000
Flow Roce_5_139 12432 finished at 55639.7 total bytes 16000
Flow Roce_13_162 12556 finished at 55831.6 total bytes 16000
Flow Roce_6_141 12444 finished at 56306 total bytes 16000
Flow Roce_6_142 12448 finished at 56697.4 total bytes 16000
Flow Roce_15_170 12596 finished at 57797.2 total bytes 16000
Flow Roce_12_161 12548 finished at 61879.7 total bytes 16000
Flow Roce_9_152 12500 finished at 64435.4 total bytes 16000
Flow Roce_12_160 12544 finished at 64684.5 total bytes 16000
Flow Roce_11_158 12532 finished at 66992.1 total bytes 16000
Flow Roce_58_299 13284 finished at 68166.2 total bytes 16000
Flow Roce_59_301 13296 finished at 69084.8 total bytes 16000
Flow Roce_41_247 13008 finished at 72043.8 total bytes 16000
Flow Roce_37_236 12948 finished at 73092.9 total bytes 16000
Flow Roce_16_172 12608 finished at 74074.8 total bytes 16000
Flow Roce_17_175 12624 finished at 74131 total bytes 16000
Flow Roce_16_171 12604 finished at 75704 total bytes 16000
Flow Roce_31_218 12852 finished at 76958.8 total bytes 16000
Flow Roce_32_220 12864 finished at 77503.7 total bytes 16000
Flow Roce_17_174 12620 finished at 78069.5 total bytes 16000
Flow Roce_23_192 12716 finished at 78949.5 total bytes 16000
Flow Roce_33_223 12880 finished at 79045.2 total bytes 16000
Flow Roce_40_243 12988 finished at 79045.4 total bytes 16000
Flow Roce_28_209 12804 finished at 79597.3 total bytes 16000
Flow Roce_23_194 12724 finished at 80323 total bytes 16000
Flow Roce_17_176 12628 finished at 80634.7 total bytes 16000
Flow Roce_18_177 12636 finished at 81435.8 total bytes 16000
Flow Roce_23_193 12720 finished at 81499.6 total bytes 16000
Flow Roce_20_184 12672 finished at 82393.1 total bytes 16000
Flow Roce_24_197 12740 finished at 83630.9 total bytes 16000
Flow Roce_19_181 12656 finished at 83832.3 total bytes 16000
Flow Roce_21_187 12688 finished at 83854.1 total bytes 16000
Flow Roce_21_186 12684 finished at 84385 total bytes 16000
Flow Roce_21_188 12692 finished at 84517.4 total bytes 16000
Flow Roce_16_173 12612 finished at 84722.5 total bytes 16000
Flow Roce_54_286 13216 finished at 85700 total bytes 16000
Flow Roce_86_382 13728 finished at 85922.6 total bytes 16000
Flow Roce_36_233 12932 finished at 86184.7 total bytes 16000
Flow Roce_34_226 12896 finished at 86549 total bytes 16000
Flow Roce_30_215 12836 finished at 86586.8 total bytes 16000
Flow Roce_63_314 13364 finished at 86659.9 total bytes 16000
Flow Roce_53_283 13200 finished at 87511.3 total bytes 16000
Flow Roce_104_437 14020 finished at 87657.8 total bytes 16000
Flow Roce_32_219 12860 finished at 87692.8 total bytes 16000
Flow Roce_35_230 12916 finished at 87962.8 total bytes 16000
Flow Roce_39_241 12976 finished at 88512.8 total bytes 16000
Flow Roce_39_240 12972 finished at 88534.3 total bytes 16000
Flow Roce_26_201 12764 finished at 88557.5 total bytes 16000
Flow Roce_36_231 12924 finished at 88602.2 total bytes 16000
Flow Roce_49_270 13132 finished at 88633.7 total bytes 16000
Flow Roce_35_228 12908 finished at 88641.9 total bytes 16000
Flow Roce_38_237 12956 finished at 89002.1 total bytes 16000
Flow Roce_56_292 13248 finished at 89106.7 total bytes 16000
Flow Roce_109_450 14092 finished at 89369.2 total bytes 16000
Flow Roce_111_458 14132 finished at 89375.4 total bytes 16000
Flow Roce_50_275 13156 finished at 89750.8 total bytes 16000
Flow Roce_83_373 13680 finished at 89823.8 total bytes 16000
Flow Roce_58_298 13280 finished at 89984.5 total bytes 16000
Flow Roce_33_222 12876 finished at 90079 total bytes 16000
Flow Roce_55_289 13232 finished at 90197.5 total bytes 16000
Flow Roce_63_313 13360 finished at 90258.7 total bytes 16000
Flow Roce_61_307 13328 finished at 90327.3 total bytes 16000
Flow Roce_49_272 13140 finished at 90808 total bytes 16000
Flow Roce_62_309 13340 finished at 91035.6 total bytes 16000
Flow Roce_61_306 13324 finished at 91659.3 total bytes 16000
Flow Roce_59_302 13300 finished at 92580.2 total bytes 16000
Flow Roce_40_244 12992 finished at 93651.8 total bytes 16000
Flow Roce_45_258 13068 finished at 93702.4 total bytes 16000
Flow Roce_42_250 13024 finished at 93741.6 total bytes 16000
Flow Roce_60_303 13308 finished at 93752.7 total bytes 16000
Flow Roce_29_211 12816 finished at 93970.5 total bytes 16000
Flow Roce_27_206 12788 finished at 93997.8 total bytes 16000
Flow Roce_40_245 12996 finished at 94286.5 total bytes 16000
Flow Roce_44_256 13056 finished at 94344.1 total bytes 16000
Flow Roce_108_449 14084 finished at 94449.4 total bytes 16000
Flow Roce_28_207 12796 finished at 94615.2 total bytes 16000
Flow Roce_31_217 12848 finished at 95041.2 total bytes 16000
Flow Roce_106_441 14044 finished at 95470.7 total bytes 16000
Flow Roce_19_180 12652 finished at 95476.6 total bytes 16000
Flow Roce_24_195 12732 finished at 95489.2 total bytes 16000
Flow Roce_48_267 13116 finished at 96884.8 total bytes 16000
Flow Roce_31_216 12844 finished at 96980.3 total bytes 16000
Flow Roce_22_189 12700 finished at 97040.4 total bytes 16000
Flow Roce_80_363 13628 finished at 97186 total bytes 16000
Flow Roce_50_274 13152 finished at 97605.4 total bytes 16000
Flow Roce_59_300 13292 finished at 98265.2 total bytes 16000
Flow Roce_41_246 13004 finished at 98668.6 total bytes 16000
Flow Roce_25_199 12752 finished at 98688.6 total bytes 16000
Flow Roce_22_190 12704 finished at 98738.5 total bytes 16000
Flow Roce_46_263 13092 finished at 98861.6 total bytes 16000
Flow Roce_85_380 13716 finished at 98991.2 total bytes 16000
Flow Roce_26_203 12772 finished at 99093 total bytes 16000
Flow Roce_43_254 13044 finished at 99865.7 total bytes 16000
Flow Roce_42_251 13028 finished at 99895.4 total bytes 16000
Flow Roce_54_285 13212 finished at 99911.4 total bytes 16000
.Flow Roce_30_213 12828 finished at 100168 total bytes 16000
Flow Roce_51_278 13172 finished at 100189 total bytes 16000
Flow Roce_43_253 13040 finished at 100561 total bytes 16000
Flow Roce_28_208 12800 finished at 100670 total bytes 16000
Flow Roce_27_204 12780 finished at 101181 total bytes 16000
Flow Roce_25_200 12756 finished at 101530 total bytes 16000
Flow Roce_50_273 13148 finished at 101612 total bytes 16000
Flow Roce_108_448 14080 finished at 102335 total bytes 16000
Flow Roce_55_290 13236 finished at 102980 total bytes 16000
Flow Roce_51_276 13164 finished at 104140 total bytes 16000
Flow Roce_61_308 13332 finished at 104407 total bytes 16000
Flow Roce_51_277 13168 finished at 104849 total bytes 16000
Flow Roce_56_291 13244 finished at 105316 total bytes 16000
Flow Roce_46_262 13088 finished at 106837 total bytes 16000
Flow Roce_45_259 13072 finished at 106921 total bytes 16000
Flow Roce_39_242 12980 finished at 107064 total bytes 16000
Flow Roce_34_227 12900 finished at 107301 total bytes 16000
Flow Roce_46_261 13084 finished at 107310 total bytes 16000
Flow Roce_62_311 13348 finished at 107669 total bytes 16000
Flow Roce_27_205 12784 finished at 107884 total bytes 16000
Flow Roce_62_310 13344 finished at 108497 total bytes 16000
Flow Roce_49_271 13136 finished at 109203 total bytes 16000
Flow Roce_37_234 12940 finished at 109501 total bytes 16000
Flow Roce_122_489 14300 finished at 109920 total bytes 16000
Flow Roce_54_287 13220 finished at 110148 total bytes 16000
Flow Roce_35_229 12912 finished at 110208 total bytes 16000
Flow Roce_37_235 12944 finished at 110355 total bytes 16000
Flow Roce_45_260 13076 finished at 110617 total bytes 16000
Flow Roce_48_269 13124 finished at 110691 total bytes 16000
Flow Roce_47_265 13104 finished at 111496 total bytes 16000
Flow Roce_126_502 14368 finished at 112542 total bytes 16000
Flow Roce_127_505 14384 finished at 112549 total bytes 16000
Flow Roce_44_257 13060 finished at 112685 total bytes 16000
Flow Roce_32_221 12868 finished at 112966 total bytes 16000
Flow Roce_33_224 12884 finished at 112996 total bytes 16000
Flow Roce_58_297 13276 finished at 113704 total bytes 16000
Flow Roce_26_202 12768 finished at 114261 total bytes 16000
Flow Roce_24_196 12736 finished at 114275 total bytes 16000
Flow Roce_29_210 12812 finished at 114361 total bytes 16000
Flow Roce_18_178 12640 finished at 114947 total bytes 16000
Flow Roce_123_494 14324 finished at 115860 total bytes 16000
Flow Roce_53_284 13204 finished at 116103 total bytes 16000
Flow Roce_30_214 12832 finished at 116507 total bytes 16000
Flow Roce_63_312 13356 finished at 117047 total bytes 16000
Flow Roce_22_191 12708 finished at 117336 total bytes 16000
Flow Roce_44_255 13052 finished at 117788 total bytes 16000
Flow Roce_52_279 13180 finished at 117951 total bytes 16000
Flow Roce_43_252 13036 finished at 118092 total bytes 16000
Flow Roce_53_282 13196 finished at 118100 total bytes 16000
Flow Roce_120_483 14268 finished at 118209 total bytes 16000
Flow Roce_52_280 13184 finished at 118763 total bytes 16000
Flow Roce_52_281 13188 finished at 119285 total bytes 16000
Flow Roce_57_295 13264 finished at 120429 total bytes 16000
Flow Roce_60_304 13312 finished at 120447 total bytes 16000
Flow Roce_55_288 13228 finished at 120478 total bytes 16000
Flow Roce_48_268 13120 finished at 120556 total bytes 16000
Flow Roce_121_486 14284 finished at 120579 total bytes 16000
Flow Roce_47_264 13100 finished at 121576 total bytes 16000
Flow Roce_57_296 13268 finished at 121625 total bytes 16000
Flow Roce_60_305 13316 finished at 121946 total bytes 16000
Flow Roce_102_430 13984 finished at 122734 total bytes 16000
Flow Roce_125_498 14348 finished at 122869 total bytes 16000
Flow Roce_93_404 13844 finished at 122919 total bytes 16000
Flow Roce_56_293 13252 finished at 123151 total bytes 16000
Flow Roce_47_266 13108 finished at 123564 total bytes 16000
Flow Roce_42_249 13020 finished at 123998 total bytes 16000
Flow Roce_125_499 14352 finished at 124024 total bytes 16000
Flow Roce_41_248 13012 finished at 124239 total bytes 16000
Flow Roce_25_198 12748 finished at 126357 total bytes 16000
Flow Roce_29_212 12820 finished at 126366 total bytes 16000
Flow Roce_57_294 13260 finished at 127070 total bytes 16000
Flow Roce_36_232 12928 finished at 130881 total bytes 16000
Flow Roce_34_225 12892 finished at 131548 total bytes 16000
Flow Roce_38_238 12960 finished at 132819 total bytes 16000
Flow Roce_38_239 12964 finished at 133119 total bytes 16000
Flow Roce_92_400 13824 finished at 134068 total bytes 16000
Flow Roce_18_179 12644 finished at 137905 total bytes 16000
Flow Roce_91_396 13804 finished at 137956 total bytes 16000
Flow Roce_19_182 12660 finished at 138004 total bytes 16000
Flow Roce_117_474 14220 finished at 138236 total bytes 16000
Flow Roce_20_185 12676 finished at 138980 total bytes 16000
Flow Roce_20_183 12668 finished at 139267 total bytes 16000
Flow Roce_118_479 14244 finished at 139299 total bytes 16000
Flow Roce_114_466 14176 finished at 139555 total bytes 16000
Flow Roce_93_403 13840 finished at 141294 total bytes 16000
Flow Roce_14_165 12572 finished at 142372 total bytes 16000
Flow Roce_90_394 13792 finished at 143151 total bytes 16000
Flow Roce_92_399 13820 finished at 143378 total bytes 16000
Flow Roce_66_322 13408 finished at 143794 total bytes 16000
Flow Roce_97_415 13904 finished at 145181 total bytes 16000
Flow Roce_13_164 12564 finished at 145502 total bytes 16000
Flow Roce_88_387 13756 finished at 145546 total bytes 16000
Flow Roce_88_389 13764 finished at 145548 total bytes 16000
Flow Roce_12_159 12540 finished at 145654 total bytes 16000
Flow Roce_91_397 13808 finished at 145996 total bytes 16000
Flow Roce_97_416 13908 finished at 146553 total bytes 16000
Flow Roce_72_341 13508 finished at 146854 total bytes 16000
Flow Roce_114_465 14172 finished at 148289 total bytes 16000
Flow Roce_118_478 14240 finished at 148357 total bytes 16000
Flow Roce_72_340 13504 finished at 148418 total bytes 16000
Flow Roce_11_157 12528 finished at 148522 total bytes 16000
Flow Roce_72_339 13500 finished at 148559 total bytes 16000
Flow Roce_118_477 14236 finished at 148718 total bytes 16000
Flow Roce_113_464 14164 finished at 148849 total bytes 16000
Flow Roce_15_168 12588 finished at 149140 total bytes 16000
Flow Roce_116_473 14212 finished at 149668 total bytes 16000
.Flow Roce_79_361 13616 finished at 150234 total bytes 16000
Flow Roce_78_359 13604 finished at 150259 total bytes 16000
Flow Roce_115_470 14196 finished at 150296 total bytes 16000
Flow Roce_9_150 12492 finished at 150584 total bytes 16000
Flow Roce_14_166 12576 finished at 150594 total bytes 16000
Flow Roce_75_349 13552 finished at 150830 total bytes 16000
Flow Roce_8_147 12476 finished at 151112 total bytes 16000
Flow Roce_8_148 12480 finished at 151450 total bytes 16000
Flow Roce_74_347 13540 finished at 151633 total bytes 16000
Flow Roce_114_467 14180 finished at 151649 total bytes 16000
Flow Roce_70_335 13476 finished at 151832 total bytes 16000
Flow Roce_75_350 13556 finished at 152060 total bytes 16000
Flow Roce_112_461 14148 finished at 152709 total bytes 16000
Flow Roce_13_163 12560 finished at 152773 total bytes 16000
Flow Roce_10_153 12508 finished at 152945 total bytes 16000
Flow Roce_11_156 12524 finished at 153127 total bytes 16000
Flow Roce_10_155 12516 finished at 153296 total bytes 16000
Flow Roce_81_367 13648 finished at 153422 total bytes 16000
Flow Roce_116_472 14208 finished at 153652 total bytes 16000
Flow Roce_112_460 14144 finished at 153892 total bytes 16000
Flow Roce_77_354 13580 finished at 154173 total bytes 16000
Flow Roce_77_356 13588 finished at 154437 total bytes 16000
Flow Roce_10_154 12512 finished at 154884 total bytes 16000
Flow Roce_105_438 14028 finished at 155403 total bytes 16000
Flow Roce_64_315 13372 finished at 155581 total bytes 16000
Flow Roce_74_346 13536 finished at 155700 total bytes 16000
Flow Roce_112_459 14140 finished at 155773 total bytes 16000
Flow Roce_106_443 14052 finished at 155902 total bytes 16000
Flow Roce_64_317 13380 finished at 156184 total bytes 16000
Flow Roce_119_481 14256 finished at 156582 total bytes 16000
Flow Roce_98_419 13924 finished at 157391 total bytes 16000
Flow Roce_96_411 13884 finished at 157467 total bytes 16000
Flow Roce_117_475 14224 finished at 157750 total bytes 16000
Flow Roce_99_421 13936 finished at 159171 total bytes 16000
Flow Roce_99_420 13932 finished at 161145 total bytes 16000
Flow Roce_116_471 14204 finished at 161152 total bytes 16000
Flow Roce_85_378 13708 finished at 161178 total bytes 16000
Flow Roce_99_422 13940 finished at 161932 total bytes 16000
Flow Roce_113_462 14156 finished at 162452 total bytes 16000
Flow Roce_101_427 13968 finished at 163431 total bytes 16000
Flow Roce_125_500 14356 finished at 164642 total bytes 16000
Flow Roce_101_426 13964 finished at 165290 total bytes 16000
Flow Roce_79_362 13620 finished at 165381 total bytes 16000
Flow Roce_79_360 13612 finished at 166007 total bytes 16000
Flow Roce_71_338 13492 finished at 166605 total bytes 16000
Flow Roce_76_352 13568 finished at 166859 total bytes 16000
Flow Roce_123_492 14316 finished at 167246 total bytes 16000
Flow Roce_71_337 13488 finished at 168647 total bytes 16000
Flow Roce_73_342 13516 finished at 172433 total bytes 16000
Flow Roce_98_418 13920 finished at 172657 total bytes 16000
Flow Roce_67_326 13428 finished at 172679 total bytes 16000
Flow Roce_121_488 14292 finished at 172700 total bytes 16000
Flow Roce_77_355 13584 finished at 172875 total bytes 16000
Flow Roce_122_490 14304 finished at 173229 total bytes 16000
Flow Roce_70_333 13468 finished at 175048 total bytes 16000
Flow Roce_74_345 13532 finished at 175371 total bytes 16000
Flow Roce_75_348 13548 finished at 175407 total bytes 16000
Flow Roce_103_434 14004 finished at 175726 total bytes 16000
Flow Roce_78_357 13596 finished at 177141 total bytes 16000
Flow Roce_89_390 13772 finished at 180236 total bytes 16000
Flow Roce_103_432 13996 finished at 180968 total bytes 16000
Flow Roce_124_496 14336 finished at 183973 total bytes 16000
Flow Roce_69_331 13456 finished at 184270 total bytes 16000
Flow Roce_69_332 13460 finished at 184584 total bytes 16000
Flow Roce_66_323 13412 finished at 185473 total bytes 16000
Flow Roce_64_316 13376 finished at 185961 total bytes 16000
Flow Roce_68_328 13440 finished at 186281 total bytes 16000
Flow Roce_68_327 13436 finished at 187872 total bytes 16000
Flow Roce_68_329 13444 finished at 188334 total bytes 16000
Flow Roce_69_330 13452 finished at 188991 total bytes 16000
Flow Roce_65_318 13388 finished at 189345 total bytes 16000
Flow Roce_124_495 14332 finished at 191812 total bytes 16000
Flow Roce_65_319 13392 finished at 192409 total bytes 16000
Flow Roce_97_414 13900 finished at 193216 total bytes 16000
Flow Roce_65_320 13396 finished at 193255 total bytes 16000
Flow Roce_102_429 13980 finished at 193591 total bytes 16000
Flow Roce_96_413 13892 finished at 193697 total bytes 16000
Flow Roce_121_487 14288 finished at 193967 total bytes 16000
Flow Roce_127_506 14388 finished at 194202 total bytes 16000
Flow Roce_124_497 14340 finished at 194298 total bytes 16000
Flow Roce_122_491 14308 finished at 195147 total bytes 16000
Flow Roce_126_501 14364 finished at 196352 total bytes 16000
Flow Roce_113_463 14160 finished at 199833 total bytes 16000
.Flow Roce_96_412 13888 finished at 200248 total bytes 16000
Flow Roce_91_398 13812 finished at 203151 total bytes 16000
Flow Roce_117_476 14228 finished at 204347 total bytes 16000
Flow Roce_92_401 13828 finished at 204515 total bytes 16000
Flow Roce_119_482 14260 finished at 205038 total bytes 16000
Flow Roce_119_480 14252 finished at 205273 total bytes 16000
Flow Roce_102_431 13988 finished at 205552 total bytes 16000
Flow Roce_103_433 14000 finished at 206583 total bytes 16000
Flow Roce_100_425 13956 finished at 207120 total bytes 16000
Flow Roce_78_358 13600 finished at 213514 total bytes 16000
Flow Roce_100_424 13952 finished at 213963 total bytes 16000
Flow Roce_100_423 13948 finished at 215696 total bytes 16000
Flow Roce_126_503 14372 finished at 216260 total bytes 16000
Flow Roce_73_344 13524 finished at 216538 total bytes 16000
Flow Roce_120_484 14272 finished at 216760 total bytes 16000
Flow Roce_120_485 14276 finished at 216844 total bytes 16000
Flow Roce_127_504 14380 finished at 216880 total bytes 16000
Flow Roce_88_388 13760 finished at 219830 total bytes 16000
Flow Roce_94_405 13852 finished at 220174 total bytes 16000
Flow Roce_94_406 13856 finished at 220298 total bytes 16000
Flow Roce_93_402 13836 finished at 220567 total bytes 16000
Flow Roce_105_439 14032 finished at 223155 total bytes 16000
Flow Roce_104_435 14012 finished at 223254 total bytes 16000
Flow Roce_108_447 14076 finished at 224141 total bytes 16000
Flow Roce_123_493 14320 finished at 226866 total bytes 16000
Flow Roce_107_445 14064 finished at 227906 total bytes 16000
Flow Roce_98_417 13916 finished at 229274 total bytes 16000
Flow Roce_106_442 14048 finished at 229960 total bytes 16000
Flow Roce_115_468 14188 finished at 230657 total bytes 16000
Flow Roce_73_343 13520 finished at 232421 total bytes 16000
Flow Roce_111_456 14124 finished at 232585 total bytes 16000
Flow Roce_104_436 14016 finished at 236100 total bytes 16000
Flow Roce_105_440 14036 finished at 236285 total bytes 16000
Flow Roce_109_452 14100 finished at 236440 total bytes 16000
Flow Roce_110_454 14112 finished at 236665 total bytes 16000
Flow Roce_115_469 14192 finished at 239147 total bytes 16000
Flow Roce_110_455 14116 finished at 239370 total bytes 16000
Flow Roce_110_453 14108 finished at 239556 total bytes 16000
Flow Roce_83_374 13684 finished at 239724 total bytes 16000
Flow Roce_76_353 13572 finished at 240920 total bytes 16000
Flow Roce_80_364 13632 finished at 244075 total bytes 16000
Flow Roce_83_372 13676 finished at 244120 total bytes 16000
Flow Roce_101_428 13972 finished at 245174 total bytes 16000
Flow Roce_87_385 13744 finished at 245203 total bytes 16000
Flow Roce_84_376 13696 finished at 245324 total bytes 16000
Flow Roce_86_381 13724 finished at 245330 total bytes 16000
Flow Roce_76_351 13564 finished at 247824 total bytes 16000
Flow Roce_81_366 13644 finished at 249002 total bytes 16000
Flow Roce_90_395 13796 finished at 249546 total bytes 16000
.Flow Roce_94_407 13860 finished at 251460 total bytes 16000
Flow Roce_87_386 13748 finished at 251700 total bytes 16000
Flow Roce_80_365 13636 finished at 253039 total bytes 16000
Flow Roce_89_391 13776 finished at 253389 total bytes 16000
Flow Roce_89_392 13780 finished at 254783 total bytes 16000
Flow Roce_95_410 13876 finished at 254966 total bytes 16000
Flow Roce_84_375 13692 finished at 255371 total bytes 16000
Flow Roce_71_336 13484 finished at 257108 total bytes 16000
Flow Roce_85_379 13712 finished at 257437 total bytes 16000
Flow Roce_87_384 13740 finished at 257491 total bytes 16000
Flow Roce_90_393 13788 finished at 257657 total bytes 16000
Flow Roce_95_409 13872 finished at 259104 total bytes 16000
Flow Roce_66_321 13404 finished at 265148 total bytes 16000
Flow Roce_70_334 13472 finished at 265482 total bytes 16000
Flow Roce_95_408 13868 finished at 266067 total bytes 16000
Flow Roce_84_377 13700 finished at 268344 total bytes 16000
Flow Roce_109_451 14096 finished at 268437 total bytes 16000
Flow Roce_67_324 13420 finished at 269297 total bytes 16000
Flow Roce_107_446 14068 finished at 269347 total bytes 16000
Flow Roce_111_457 14128 finished at 269493 total bytes 16000
Flow Roce_107_444 14060 finished at 270855 total bytes 16000
Flow Roce_67_325 13424 finished at 271075 total bytes 16000
Flow Roce_86_383 13732 finished at 271498 total bytes 16000
Flow Roce_82_370 13664 finished at 272090 total bytes 16000
Flow Roce_81_368 13652 finished at 272849 total bytes 16000
Flow Roce_82_371 13668 finished at 273804 total bytes 16000
Flow Roce_82_369 13660 finished at 274105 total bytes 16000
.Flow Roce_128_0 14392 finished at 303755 total bytes 16000
Flow Roce_81_0 13640 finished at 342638 total bytes 16000
.Flow Roce_12_0 12536 finished at 351150 total bytes 16000
Flow Roce_122_0 14296 finished at 356795 total bytes 16000
Flow Roce_32_0 12856 finished at 357680 total bytes 16000
Flow Roce_59_0 13288 finished at 360210 total bytes 16000
Flow Roce_5_0 12424 finished at 360315 total bytes 16000
Flow Roce_46_0 13080 finished at 362950 total bytes 16000
Flow Roce_1_0 12372 finished at 363078 total bytes 16000
Flow Roce_107_0 14056 finished at 363535 total bytes 16000
Flow Roce_73_0 13512 finished at 365070 total bytes 16000
Flow Roce_111_0 14120 finished at 366625 total bytes 16000
Flow Roce_50_0 13144 finished at 367459 total bytes 16000
Flow Roce_121_0 14280 finished at 368954 total bytes 16000
Flow Roce_102_0 13976 finished at 369980 total bytes 16000
Flow Roce_108_0 14072 finished at 370017 total bytes 16000
Flow Roce_4_0 12408 finished at 371714 total bytes 16000
Flow Roce_21_0 12680 finished at 372418 total bytes 16000
Flow Roce_91_0 13800 finished at 372570 total bytes 16000
Flow Roce_30_0 12824 finished at 373261 total bytes 16000
Flow Roce_3_0 12392 finished at 373454 total bytes 16000
Flow Roce_37_0 12936 finished at 375317 total bytes 16000
Flow Roce_26_0 12760 finished at 376166 total bytes 16000
Flow Roce_2_0 12376 finished at 376327 total bytes 16000
Flow Roce_93_0 13832 finished at 376672 total bytes 16000
Flow Roce_77_0 13576 finished at 377073 total bytes 16000
Flow Roce_51_0 13160 finished at 377176 total bytes 16000
Flow Roce_17_0 12616 finished at 377876 total bytes 16000
Flow Roce_61_0 13320 finished at 377926 total bytes 16000
Flow Roce_55_0 13224 finished at 378109 total bytes 16000
Flow Roce_45_0 13064 finished at 378787 total bytes 16000
Flow Roce_27_0 12776 finished at 379993 total bytes 16000
Flow Roce_95_0 13864 finished at 380153 total bytes 16000
Flow Roce_70_0 13464 finished at 380634 total bytes 16000
Flow Roce_72_0 13496 finished at 381184 total bytes 16000
Flow Roce_94_0 13848 finished at 381437 total bytes 16000
Flow Roce_57_0 13256 finished at 381917 total bytes 16000
Flow Roce_52_0 13176 finished at 382097 total bytes 16000
Flow Roce_23_0 12712 finished at 382282 total bytes 16000
Flow Roce_6_0 12440 finished at 382432 total bytes 16000
Flow Roce_79_0 13608 finished at 383437 total bytes 16000
Flow Roce_112_0 14136 finished at 383457 total bytes 16000
Flow Roce_47_0 13096 finished at 383475 total bytes 16000
Flow Roce_38_0 12952 finished at 383577 total bytes 16000
Flow Roce_66_0 13400 finished at 384007 total bytes 16000
Flow Roce_19_0 12648 finished at 384213 total bytes 16000
Flow Roce_16_0 12600 finished at 384260 total bytes 16000
Flow Roce_33_0 12872 finished at 384355 total bytes 16000
Flow Roce_35_0 12904 finished at 384414 total bytes 16000
Flow Roce_85_0 13704 finished at 384654 total bytes 16000
Flow Roce_7_0 12456 finished at 384835 total bytes 16000
Flow Roce_49_0 13128 finished at 384923 total bytes 16000
Flow Roce_74_0 13528 finished at 385083 total bytes 16000
Flow Roce_114_0 14168 finished at 385096 total bytes 16000
Flow Roce_34_0 12888 finished at 385099 total bytes 16000
Flow Roce_99_0 13928 finished at 385514 total bytes 16000
Flow Roce_88_0 13752 finished at 385985 total bytes 16000
Flow Roce_14_0 12568 finished at 385990 total bytes 16000
Flow Roce_117_0 14216 finished at 386066 total bytes 16000
Flow Roce_124_0 14328 finished at 386287 total bytes 16000
Flow Roce_103_0 13992 finished at 388235 total bytes 16000
Flow Roce_69_0 13448 finished at 388246 total bytes 16000
Flow Roce_92_0 13816 finished at 388978 total bytes 16000
Flow Roce_118_0 14232 finished at 390339 total bytes 16000
Flow Roce_115_0 14184 finished at 390473 total bytes 16000
Flow Roce_28_0 12792 finished at 392079 total bytes 16000
Flow Roce_53_0 13192 finished at 392184 total bytes 16000
Flow Roce_127_0 14376 finished at 392855 total bytes 16000
Flow Roce_100_0 13944 finished at 392865 total bytes 16000
Flow Roce_18_0 12632 finished at 393016 total bytes 16000
Flow Roce_125_0 14344 finished at 393388 total bytes 16000
Flow Roce_101_0 13960 finished at 393718 total bytes 16000
Flow Roce_119_0 14248 finished at 393718 total bytes 16000
Flow Roce_20_0 12664 finished at 393780 total bytes 16000
Flow Roce_22_0 12696 finished at 393783 total bytes 16000
Flow Roce_31_0 12840 finished at 394333 total bytes 16000
Flow Roce_123_0 14312 finished at 394565 total bytes 16000
Flow Roce_86_0 13720 finished at 394809 total bytes 16000
Flow Roce_40_0 12984 finished at 395055 total bytes 16000
Flow Roce_106_0 14040 finished at 395465 total bytes 16000
Flow Roce_41_0 13000 finished at 395638 total bytes 16000
Flow Roce_65_0 13384 finished at 396072 total bytes 16000
Flow Roce_62_0 13336 finished at 396617 total bytes 16000
Flow Roce_63_0 13352 finished at 396989 total bytes 16000
Flow Roce_25_0 12744 finished at 397008 total bytes 16000
Flow Roce_43_0 13032 finished at 397434 total bytes 16000
Flow Roce_126_0 14360 finished at 397716 total bytes 16000
Flow Roce_39_0 12968 finished at 397757 total bytes 16000
Flow Roce_15_0 12584 finished at 397998 total bytes 16000
Flow Roce_68_0 13432 finished at 398072 total bytes 16000
Flow Roce_116_0 14200 finished at 398437 total bytes 16000
Flow Roce_97_0 13896 finished at 398778 total bytes 16000
Flow Roce_54_0 13208 finished at 398778 total bytes 16000
Flow Roce_24_0 12728 finished at 398925 total bytes 16000
Flow Roce_58_0 13272 finished at 398932 total bytes 16000
Flow Roce_76_0 13560 finished at 399478 total bytes 16000
Flow Roce_75_0 13544 finished at 399787 total bytes 16000
Flow Roce_60_0 13304 finished at 399791 total bytes 16000
.Flow Roce_36_0 12920 finished at 400149 total bytes 16000
Flow Roce_104_0 14008 finished at 400212 total bytes 16000
Flow Roce_71_0 13480 finished at 400250 total bytes 16000
Flow Roce_9_0 12488 finished at 400280 total bytes 16000
Flow Roce_11_0 12520 finished at 400439 total bytes 16000
Flow Roce_78_0 13592 finished at 400535 total bytes 16000
Flow Roce_56_0 13240 finished at 400735 total bytes 16000
Flow Roce_90_0 13784 finished at 400955 total bytes 16000
Flow Roce_113_0 14152 finished at 401074 total bytes 16000
Flow Roce_87_0 13736 finished at 401108 total bytes 16000
Flow Roce_67_0 13416 finished at 401180 total bytes 16000
Flow Roce_29_0 12808 finished at 401287 total bytes 16000
Flow Roce_80_0 13624 finished at 401327 total bytes 16000
Flow Roce_110_0 14104 finished at 401496 total bytes 16000
Flow Roce_44_0 13048 finished at 401644 total bytes 16000
Flow Roce_48_0 13112 finished at 401685 total bytes 16000
Flow Roce_89_0 13768 finished at 401851 total bytes 16000
Flow Roce_105_0 14024 finished at 402061 total bytes 16000
Flow Roce_64_0 13368 finished at 402122 total bytes 16000
Flow Roce_42_0 13016 finished at 402208 total bytes 16000
Flow Roce_120_0 14264 finished at 402480 total bytes 16000
Flow Roce_83_0 13672 finished at 402529 total bytes 16000
Flow Roce_13_0 12552 finished at 402600 total bytes 16000
Flow Roce_10_0 12504 finished at 402624 total bytes 16000
Flow Roce_96_0 13880 finished at 402666 total bytes 16000
Flow Roce_98_0 13912 finished at 402763 total bytes 16000
Flow Roce_109_0 14088 finished at 402894 total bytes 16000
Flow Roce_8_0 12472 finished at 403027 total bytes 16000
Flow Roce_84_0 13688 finished at 403165 total bytes 16000
Flow Roce_82_0 13656 finished at 403284 total bytes 16000
New: 0 Rtx: 0
OVERFLOW_COUNT 0
