[Tue 14 Jul 2026 18:23:24 IDT] HEAVY (1024-node)=45 jobs @ -P2, WORKROOT=/media/mahmoud_murad_allaah/Data/ib_sweep_work
[done 18:33:39] incast_random_1024n_100MB.4os status=ok wall=561s flows=1023/1023 makespan_us=4157950.0 overflow=0
[done 18:35:07] incast_random_1024n_100MB.1os status=ok wall=619s flows=1023/1023 makespan_us=4157790.0 overflow=0
[done 18:37:01] incast_random_1024n_16MB.1os status=ok wall=101s flows=1023/1023 makespan_us=665372.0 overflow=0
[done 18:38:41] incast_random_1024n_16MB.4os status=ok wall=91s flows=1023/1023 makespan_us=665411.0 overflow=0
[done 18:40:15] incast_random_1024n_16MB.8os status=ok wall=86s flows=1023/1023 makespan_us=665370.0 overflow=0
[done 18:43:22] incast_random_1024n_100MB.8os status=ok wall=533s flows=1023/1023 makespan_us=4157700.0 overflow=0
[done 18:47:43] incast_random_1024n_64MB.1os status=ok wall=395s flows=1023/1023 makespan_us=2661040.0 overflow=0
[done 18:49:56] incast_random_1024n_64MB.4os status=ok wall=359s flows=1023/1023 makespan_us=2661160.0 overflow=0
[done 18:53:10] incast_remote_1024n_100MB.1os status=ok wall=172s flows=512/512 makespan_us=2080910.0 overflow=0
[done 18:53:57] incast_random_1024n_64MB.8os status=ok wall=343s flows=1023/1023 makespan_us=2660960.0 overflow=0
[done 18:55:53] incast_remote_1024n_100MB.4os status=ok wall=149s flows=512/512 makespan_us=2080980.0 overflow=0
[done 18:56:25] incast_remote_1024n_16MB.1os status=ok wall=28s flows=512/512 makespan_us=333029.0 overflow=0
[done 18:56:30] incast_remote_1024n_100MB.8os status=ok wall=140s flows=512/512 makespan_us=2080940.0 overflow=0
[done 18:56:52] incast_remote_1024n_16MB.4os status=ok wall=24s flows=512/512 makespan_us=333035.0 overflow=0
[done 18:56:55] incast_remote_1024n_16MB.8os status=ok wall=23s flows=512/512 makespan_us=333026.0 overflow=0
[done 18:58:41] incast_remote_1024n_64MB.4os status=ok wall=97s flows=512/512 makespan_us=1331860.0 overflow=0
[done 18:58:57] incast_remote_1024n_64MB.1os status=ok wall=111s flows=512/512 makespan_us=1331820.0 overflow=0
[done 19:00:19] incast_remote_1024n_64MB.8os status=ok wall=90s flows=512/512 makespan_us=1331840.0 overflow=0
[done 19:00:59] outcast_incast_1024n_100MB.1os status=ok wall=115s flows=509/509 makespan_us=520808.0 overflow=0
[done 19:02:16] outcast_incast_1024n_100MB.4os status=ok wall=113s flows=509/509 makespan_us=525240.0 overflow=0
[done 19:02:35] outcast_incast_1024n_16MB.1os status=ok wall=18s flows=509/509 makespan_us=83391.9 overflow=0
[done 19:02:54] outcast_incast_1024n_16MB.4os status=ok wall=18s flows=509/509 makespan_us=84050.5 overflow=0
[done 19:03:00] outcast_incast_1024n_100MB.8os status=ok wall=117s flows=509/509 makespan_us=530194.0 overflow=0
[done 19:03:14] outcast_incast_1024n_16MB.8os status=ok wall=19s flows=509/509 makespan_us=84892.6 overflow=0
[done 19:04:17] outcast_incast_1024n_64MB.1os status=ok wall=74s flows=509/509 makespan_us=333501.0 overflow=0
[done 19:04:28] outcast_incast_1024n_64MB.4os status=ok wall=71s flows=509/509 makespan_us=336059.0 overflow=0
[done 19:05:36] outcast_incast_1024n_64MB.8os status=ok wall=77s flows=509/509 makespan_us=339933.0 overflow=0
[done 19:10:29] perm_fullbis_1024n_100MB.1os status=ok wall=360s flows=1024/1024 makespan_us=20901.4 overflow=0
[done 19:10:47] perm_fullbis_1024n_100MB.4os status=ok wall=310s flows=1024/1024 makespan_us=43652.2 overflow=0
[done 19:11:44] perm_fullbis_1024n_16MB.1os status=ok wall=57s flows=1024/1024 makespan_us=4387.4 overflow=0
[done 19:12:35] perm_fullbis_1024n_16MB.4os status=ok wall=51s flows=1024/1024 makespan_us=7301.4 overflow=0
[done 19:13:23] perm_fullbis_1024n_16MB.8os status=ok wall=47s flows=1024/1024 makespan_us=10673.8 overflow=0
[done 19:15:29] perm_fullbis_1024n_100MB.8os status=ok wall=299s flows=1024/1024 makespan_us=58045.9 overflow=0
[done 19:17:10] perm_fullbis_1024n_64MB.1os status=ok wall=227s flows=1024/1024 makespan_us=15702.4 overflow=0
[done 19:18:47] perm_fullbis_1024n_64MB.4os status=ok wall=197s flows=1024/1024 makespan_us=28826.5 overflow=0
[done 19:20:20] perm_fullbis_1024n_64MB.8os status=ok wall=189s flows=1024/1024 makespan_us=40209.8 overflow=0
[done 19:24:37] perm_random_1024n_100MB.1os status=ok wall=349s flows=1024/1024 makespan_us=30122.2 overflow=0
[done 19:25:33] perm_random_1024n_100MB.4os status=ok wall=312s flows=1024/1024 makespan_us=56854.7 overflow=0
[done 19:26:28] perm_random_1024n_16MB.1os status=ok wall=55s flows=1024/1024 makespan_us=4835.8 overflow=0
[done 19:27:17] perm_random_1024n_16MB.4os status=ok wall=49s flows=1024/1024 makespan_us=9000.0 overflow=0
[done 19:28:01] perm_random_1024n_16MB.8os status=ok wall=44s flows=1024/1024 makespan_us=12870.3 overflow=0
[done 19:29:18] perm_random_1024n_100MB.8os status=ok wall=280s flows=1024/1024 makespan_us=80087.3 overflow=0
[done 19:31:46] perm_random_1024n_64MB.1os status=ok wall=224s flows=1024/1024 makespan_us=19323.0 overflow=0
[done 19:32:36] perm_random_1024n_64MB.4os status=ok wall=197s flows=1024/1024 makespan_us=36339.1 overflow=0
[done 19:34:44] perm_random_1024n_64MB.8os status=ok wall=177s flows=1024/1024 makespan_us=51244.4 overflow=0
[Tue 14 Jul 2026 19:34:44 IDT] heavy phase done
[Tue 14 Jul 2026 19:34:44 IDT] COMPLETE  main=90 rows  util=90 rows
