Flow Roce_5_0 13959 finished at 23404.8 total bytes 16000
Flow Roce_1_0 14499 finished at 23414.4 total bytes 16000
Flow Roce_7_0 14538 finished at 23415.6 total bytes 16000
Flow Roce_4_0 14973 finished at 23416.7 total bytes 16000
Flow Roce_2_0 16161 finished at 23417.8 total bytes 16000
Flow Roce_6_0 16239 finished at 23418.5 total bytes 16000
Flow Roce_3_0 16656 finished at 23418.8 total bytes 16000
Flow Roce_27_0 16614 finished at 174170 total bytes 16000
Flow Roce_30_0 16680 finished at 174170 total bytes 16000
Flow Roce_52_0 14739 finished at 174289 total bytes 16000
Flow Roce_49_0 15858 finished at 174289 total bytes 16000
Flow Roce_61_0 15870 finished at 249438 total bytes 16000
Flow Roce_16_0 14628 finished at 249464 total bytes 16000
Flow Roce_23_0 16617 finished at 250597 total bytes 16000
Flow Roce_19_0 15954 finished at 250723 total bytes 16000
Flow Roce_56_0 14550 finished at 250823 total bytes 16000
Flow Roce_59_0 13830 finished at 251289 total bytes 16000
Flow Roce_10_0 16605 finished at 251290 total bytes 16000
Flow Roce_14_0 14001 finished at 251936 total bytes 16000
Flow Roce_13_0 16290 finished at 252048 total bytes 16000
Flow Roce_40_0 14346 finished at 308336 total bytes 16000
Flow Roce_43_0 15318 finished at 308870 total bytes 16000
Flow Roce_37_0 15945 finished at 309219 total bytes 16000
Flow Roce_33_0 15105 finished at 309441 total bytes 16000
Flow Roce_41_0 15594 finished at 309633 total bytes 16000
Flow Roce_47_0 15516 finished at 309636 total bytes 16000
Flow Roce_34_0 16104 finished at 309655 total bytes 16000
Flow Roce_36_0 16425 finished at 309758 total bytes 16000
Flow Roce_35_0 13791 finished at 311953 total bytes 16000
Flow Roce_46_0 14982 finished at 312070 total bytes 16000
Flow Roce_32_0 16620 finished at 312338 total bytes 16000
Flow Roce_45_0 16329 finished at 312550 total bytes 16000
Flow Roce_38_0 14064 finished at 312633 total bytes 16000
Flow Roce_42_0 15669 finished at 312646 total bytes 16000
Flow Roce_39_0 15819 finished at 312932 total bytes 16000
Flow Roce_44_0 14826 finished at 312943 total bytes 16000
Flow Roce_62_0 14679 finished at 363785 total bytes 16000
Flow Roce_58_0 16200 finished at 364074 total bytes 16000
Flow Roce_57_0 14103 finished at 364448 total bytes 16000
Flow Roce_22_0 15960 finished at 365408 total bytes 16000
Flow Roce_20_0 14163 finished at 365695 total bytes 16000
Flow Roce_18_0 16092 finished at 365795 total bytes 16000
Flow Roce_8_0 14094 finished at 366162 total bytes 16000
Flow Roce_21_0 15285 finished at 366166 total bytes 16000
Flow Roce_9_0 15825 finished at 366345 total bytes 16000
Flow Roce_60_0 14127 finished at 366432 total bytes 16000
Flow Roce_63_0 14568 finished at 366531 total bytes 16000
Flow Roce_17_0 15186 finished at 366879 total bytes 16000
Flow Roce_12_0 14259 finished at 367026 total bytes 16000
Flow Roce_11_0 15420 finished at 367099 total bytes 16000
Flow Roce_15_0 16086 finished at 367100 total bytes 16000
Flow Roce_26_0 14250 finished at 413868 total bytes 16000
Flow Roce_25_0 16002 finished at 414779 total bytes 16000
Flow Roce_24_0 14205 finished at 415607 total bytes 16000
Flow Roce_28_0 15423 finished at 415612 total bytes 16000
Flow Roce_29_0 16134 finished at 416031 total bytes 16000
Flow Roce_31_0 16335 finished at 416277 total bytes 16000
Flow Roce_53_0 13704 finished at 416284 total bytes 16000
Flow Roce_51_0 13995 finished at 416510 total bytes 16000
Flow Roce_55_0 13842 finished at 416662 total bytes 16000
Flow Roce_50_0 13881 finished at 416738 total bytes 16000
Flow Roce_54_0 14184 finished at 416810 total bytes 16000
Flow Roce_48_0 13743 finished at 416957 total bytes 16000
Flow Roce_94_0 16113 finished at 511607 total bytes 16000
Flow Roce_355_0 16164 finished at 771020 total bytes 16000
Flow Roce_597_0 14535 finished at 773016 total bytes 16000
Flow Roce_345_0 15165 finished at 787261 total bytes 16000
Flow Roce_347_0 15630 finished at 789927 total bytes 16000
Flow Roce_759_0 16227 finished at 810948 total bytes 16000
Flow Roce_753_0 15873 finished at 812065 total bytes 16000
Flow Roce_755_0 15639 finished at 846428 total bytes 16000
Flow Roce_578_0 15534 finished at 849775 total bytes 16000
Flow Roce_481_0 16332 finished at 883069 total bytes 16000
Flow Roce_375_0 14946 finished at 889518 total bytes 16000
Flow Roce_482_0 14217 finished at 890754 total bytes 16000
Flow Roce_397_0 13710 finished at 924190 total bytes 16000
Flow Roce_392_0 14838 finished at 946880 total bytes 16000
Flow Roce_477_0 13869 finished at 998972 total bytes 16000
Flow Roce_952_0 15051 finished at 1.0013e+06 total bytes 16000
Flow Roce_475_0 14010 finished at 1.00687e+06 total bytes 16000
Flow Roce_654_0 14781 finished at 1.02382e+06 total bytes 16000
Flow Roce_653_0 13749 finished at 1.02558e+06 total bytes 16000
Flow Roce_651_0 16128 finished at 1.06248e+06 total bytes 16000
Flow Roce_101_0 14124 finished at 1.08447e+06 total bytes 16000
Flow Roce_97_0 16686 finished at 1.09987e+06 total bytes 16000
Flow Roce_795_0 16386 finished at 1.10082e+06 total bytes 16000
Flow Roce_990_0 15768 finished at 1.10845e+06 total bytes 16000
Flow Roce_793_0 15636 finished at 1.12819e+06 total bytes 16000
Flow Roce_426_0 14925 finished at 1.12869e+06 total bytes 16000
Flow Roce_589_0 15360 finished at 1.14561e+06 total bytes 16000
Flow Roce_584_0 16191 finished at 1.14561e+06 total bytes 16000
Flow Roce_424_0 16179 finished at 1.14586e+06 total bytes 16000
Flow Roce_989_0 14691 finished at 1.14743e+06 total bytes 16000
Flow Roce_702_0 14703 finished at 1.14926e+06 total bytes 16000
Flow Roce_431_0 15156 finished at 1.15568e+06 total bytes 16000
Flow Roce_98_0 14643 finished at 1.16508e+06 total bytes 16000
Flow Roce_703_0 16593 finished at 1.16953e+06 total bytes 16000
Flow Roce_234_0 13758 finished at 1.18233e+06 total bytes 16000
Flow Roce_553_0 16281 finished at 1.18472e+06 total bytes 16000
Flow Roce_238_0 16275 finished at 1.18992e+06 total bytes 16000
Flow Roce_236_0 16131 finished at 1.19295e+06 total bytes 16000
Flow Roce_785_0 14931 finished at 1.19656e+06 total bytes 16000
Flow Roce_791_0 14916 finished at 1.19994e+06 total bytes 16000
Flow Roce_444_0 16668 finished at 1.20295e+06 total bytes 16000
Flow Roce_445_0 13707 finished at 1.20295e+06 total bytes 16000
Flow Roce_556_0 15453 finished at 1.24725e+06 total bytes 16000
Flow Roce_936_0 15111 finished at 1.25797e+06 total bytes 16000
Flow Roce_575_0 16209 finished at 1.26264e+06 total bytes 16000
Flow Roce_558_0 15921 finished at 1.26441e+06 total bytes 16000
Flow Roce_552_0 16158 finished at 1.27034e+06 total bytes 16000
Flow Roce_233_0 16293 finished at 1.27236e+06 total bytes 16000
Flow Roce_569_0 14922 finished at 1.27624e+06 total bytes 16000
Flow Roce_877_0 14412 finished at 1.27715e+06 total bytes 16000
Flow Roce_568_0 16188 finished at 1.29807e+06 total bytes 16000
Flow Roce_339_0 14241 finished at 1.30382e+06 total bytes 16000
Flow Roce_288_0 16077 finished at 1.30455e+06 total bytes 16000
Flow Roce_342_0 15117 finished at 1.31258e+06 total bytes 16000
Flow Roce_343_0 15300 finished at 1.31424e+06 total bytes 16000
Flow Roce_259_0 15831 finished at 1.34216e+06 total bytes 16000
Flow Roce_257_0 15384 finished at 1.34666e+06 total bytes 16000
Flow Roce_294_0 14145 finished at 1.35375e+06 total bytes 16000
Flow Roce_295_0 13797 finished at 1.36294e+06 total bytes 16000
Flow Roce_942_0 14712 finished at 1.3654e+06 total bytes 16000
Flow Roce_293_0 15036 finished at 1.36766e+06 total bytes 16000
Flow Roce_289_0 15729 finished at 1.37041e+06 total bytes 16000
Flow Roce_714_0 14955 finished at 1.37151e+06 total bytes 16000
Flow Roce_939_0 16521 finished at 1.37367e+06 total bytes 16000
Flow Roce_291_0 16452 finished at 1.38636e+06 total bytes 16000
Flow Roce_466_0 16020 finished at 1.38774e+06 total bytes 16000
Flow Roce_122_0 13968 finished at 1.38963e+06 total bytes 16000
Flow Roce_170_0 13677 finished at 1.39253e+06 total bytes 16000
Flow Roce_464_0 16089 finished at 1.40299e+06 total bytes 16000
Flow Roce_470_0 16140 finished at 1.4049e+06 total bytes 16000
Flow Roce_256_0 16074 finished at 1.40556e+06 total bytes 16000
Flow Roce_261_0 14247 finished at 1.4088e+06 total bytes 16000
Flow Roce_120_0 14979 finished at 1.41495e+06 total bytes 16000
Flow Roce_123_0 14940 finished at 1.4162e+06 total bytes 16000
Flow Roce_858_0 16524 finished at 1.4229e+06 total bytes 16000
Flow Roce_718_0 15795 finished at 1.42856e+06 total bytes 16000
Flow Roce_713_0 16653 finished at 1.42862e+06 total bytes 16000
Flow Roce_857_0 14868 finished at 1.43526e+06 total bytes 16000
Flow Roce_667_0 14583 finished at 1.4389e+06 total bytes 16000
Flow Roce_159_0 13938 finished at 1.46488e+06 total bytes 16000
Flow Roce_156_0 13695 finished at 1.46656e+06 total bytes 16000
Flow Roce_668_0 16698 finished at 1.46853e+06 total bytes 16000
Flow Roce_136_0 14181 finished at 1.47609e+06 total bytes 16000
Flow Roce_152_0 14661 finished at 1.48068e+06 total bytes 16000
Flow Roce_138_0 16734 finished at 1.48801e+06 total bytes 16000
Flow Roce_689_0 15279 finished at 1.48941e+06 total bytes 16000
Flow Roce_153_0 14859 finished at 1.49118e+06 total bytes 16000
Flow Roce_740_0 14601 finished at 1.49382e+06 total bytes 16000
Flow Roce_141_0 14901 finished at 1.49759e+06 total bytes 16000
Flow Roce_688_0 14994 finished at 1.50198e+06 total bytes 16000
Flow Roce_666_0 16611 finished at 1.50308e+06 total bytes 16000
Flow Roce_916_0 13980 finished at 1.50662e+06 total bytes 16000
Flow Roce_137_0 15663 finished at 1.50672e+06 total bytes 16000
Flow Roce_692_0 15888 finished at 1.50744e+06 total bytes 16000
Flow Roce_935_0 14343 finished at 1.5119e+06 total bytes 16000
Flow Roce_173_0 16299 finished at 1.51402e+06 total bytes 16000
Flow Roce_169_0 14229 finished at 1.52127e+06 total bytes 16000
Flow Roce_929_0 13728 finished at 1.52252e+06 total bytes 16000
Flow Roce_695_0 15927 finished at 1.52586e+06 total bytes 16000
Flow Roce_140_0 14598 finished at 1.52742e+06 total bytes 16000
Flow Roce_691_0 16383 finished at 1.53004e+06 total bytes 16000
Flow Roce_267_0 14151 finished at 1.53451e+06 total bytes 16000
Flow Roce_206_0 15789 finished at 1.5364e+06 total bytes 16000
Flow Roce_917_0 15045 finished at 1.53935e+06 total bytes 16000
Flow Roce_840_0 14481 finished at 1.53937e+06 total bytes 16000
Flow Roce_915_0 16677 finished at 1.53981e+06 total bytes 16000
Flow Roce_737_0 15942 finished at 1.54799e+06 total bytes 16000
Flow Roce_181_0 14196 finished at 1.55056e+06 total bytes 16000
Flow Roce_266_0 15369 finished at 1.55412e+06 total bytes 16000
Flow Roce_743_0 15030 finished at 1.55441e+06 total bytes 16000
Flow Roce_383_0 15150 finished at 1.5554e+06 total bytes 16000
Flow Roce_742_0 16500 finished at 1.55815e+06 total bytes 16000
Flow Roce_814_0 16044 finished at 1.55999e+06 total bytes 16000
Flow Roce_176_0 15804 finished at 1.56026e+06 total bytes 16000
Flow Roce_1001_0 15771 finished at 1.5653e+06 total bytes 16000
Flow Roce_142_0 15000 finished at 1.56894e+06 total bytes 16000
Flow Roce_143_0 14658 finished at 1.57201e+06 total bytes 16000
Flow Roce_1006_0 14106 finished at 1.57313e+06 total bytes 16000
Flow Roce_204_0 15354 finished at 1.57598e+06 total bytes 16000
Flow Roce_203_0 15066 finished at 1.58199e+06 total bytes 16000
Flow Roce_844_0 14616 finished at 1.582e+06 total bytes 16000
Flow Roce_845_0 14472 finished at 1.58322e+06 total bytes 16000
Flow Roce_139_0 15711 finished at 1.58372e+06 total bytes 16000
Flow Roce_1005_0 16581 finished at 1.58441e+06 total bytes 16000
Flow Roce_271_0 14967 finished at 1.58472e+06 total bytes 16000
Flow Roce_379_0 14589 finished at 1.58474e+06 total bytes 16000
Flow Roce_843_0 15540 finished at 1.58619e+06 total bytes 16000
Flow Roce_723_0 13833 finished at 1.58683e+06 total bytes 16000
Flow Roce_928_0 15567 finished at 1.59383e+06 total bytes 16000
Flow Roce_721_0 16323 finished at 1.59408e+06 total bytes 16000
Flow Roce_934_0 13992 finished at 1.59461e+06 total bytes 16000
Flow Roce_270_0 13851 finished at 1.59625e+06 total bytes 16000
Flow Roce_725_0 15465 finished at 1.59764e+06 total bytes 16000
Flow Roce_268_0 14232 finished at 1.60043e+06 total bytes 16000
Flow Roce_264_0 14817 finished at 1.60125e+06 total bytes 16000
Flow Roce_179_0 14769 finished at 1.61861e+06 total bytes 16000
Flow Roce_177_0 14208 finished at 1.6296e+06 total bytes 16000
Flow Roce_565_0 16110 finished at 1.65207e+06 total bytes 16000
Flow Roce_809_0 15741 finished at 1.66062e+06 total bytes 16000
Flow Roce_811_0 15852 finished at 1.66347e+06 total bytes 16000
Flow Roce_805_0 15492 finished at 1.67059e+06 total bytes 16000
Flow Roce_733_0 15579 finished at 1.67356e+06 total bytes 16000
Flow Roce_135_0 14427 finished at 1.67542e+06 total bytes 16000
Flow Roce_561_0 15690 finished at 1.67571e+06 total bytes 16000
Flow Roce_134_0 15828 finished at 1.6775e+06 total bytes 16000
Flow Roce_132_0 13950 finished at 1.6788e+06 total bytes 16000
Flow Roce_632_0 15234 finished at 1.67943e+06 total bytes 16000
Flow Roce_732_0 14073 finished at 1.68215e+06 total bytes 16000
Flow Roce_807_0 15507 finished at 1.68583e+06 total bytes 16000
Flow Roce_741_0 14382 finished at 1.69203e+06 total bytes 16000
Flow Roce_73_0 16098 finished at 1.69443e+06 total bytes 16000
Flow Roce_739_0 16644 finished at 1.6979e+06 total bytes 16000
Flow Roce_432_0 15990 finished at 1.69839e+06 total bytes 16000
Flow Roce_638_0 15801 finished at 1.69962e+06 total bytes 16000
Flow Roce_730_0 14985 finished at 1.70631e+06 total bytes 16000
Flow Roce_947_0 14847 finished at 1.70714e+06 total bytes 16000
Flow Roce_736_0 13686 finished at 1.71879e+06 total bytes 16000
Flow Roce_803_0 16233 finished at 1.72001e+06 total bytes 16000
Flow Roce_923_0 16347 finished at 1.72021e+06 total bytes 16000
Flow Roce_74_0 13800 finished at 1.72025e+06 total bytes 16000
Flow Roce_1012_0 15153 finished at 1.72144e+06 total bytes 16000
Flow Roce_639_0 16152 finished at 1.72177e+06 total bytes 16000
Flow Roce_927_0 16392 finished at 1.72236e+06 total bytes 16000
Flow Roce_804_0 15342 finished at 1.72323e+06 total bytes 16000
Flow Roce_685_0 14991 finished at 1.72579e+06 total bytes 16000
Flow Roce_636_0 15528 finished at 1.72718e+06 total bytes 16000
Flow Roce_362_0 16260 finished at 1.73016e+06 total bytes 16000
Flow Roce_948_0 15435 finished at 1.73238e+06 total bytes 16000
Flow Roce_729_0 16476 finished at 1.73425e+06 total bytes 16000
Flow Roce_522_0 15798 finished at 1.73527e+06 total bytes 16000
Flow Roce_680_0 16368 finished at 1.73677e+06 total bytes 16000
Flow Roce_634_0 13824 finished at 1.738e+06 total bytes 16000
Flow Roce_940_0 15645 finished at 1.73801e+06 total bytes 16000
Flow Roce_867_0 16440 finished at 1.74106e+06 total bytes 16000
Flow Roce_938_0 15597 finished at 1.74356e+06 total bytes 16000
Flow Roce_945_0 16515 finished at 1.74359e+06 total bytes 16000
Flow Roce_365_0 15372 finished at 1.74393e+06 total bytes 16000
Flow Roce_738_0 13962 finished at 1.74529e+06 total bytes 16000
Flow Roce_313_0 15213 finished at 1.7454e+06 total bytes 16000
Flow Roce_434_0 14640 finished at 1.74751e+06 total bytes 16000
Flow Roce_711_0 15231 finished at 1.74773e+06 total bytes 16000
Flow Roce_687_0 16461 finished at 1.75047e+06 total bytes 16000
Flow Roce_423_0 14784 finished at 1.75143e+06 total bytes 16000
Flow Roce_937_0 16026 finished at 1.75317e+06 total bytes 16000
Flow Roce_316_0 16326 finished at 1.75594e+06 total bytes 16000
Flow Roce_868_0 16728 finished at 1.75907e+06 total bytes 16000
Flow Roce_384_0 16377 finished at 1.76023e+06 total bytes 16000
Flow Roce_705_0 13716 finished at 1.76632e+06 total bytes 16000
Flow Roce_523_0 15972 finished at 1.76717e+06 total bytes 16000
Flow Roce_707_0 14220 finished at 1.76724e+06 total bytes 16000
Flow Roce_904_0 16446 finished at 1.7677e+06 total bytes 16000
Flow Roce_941_0 14397 finished at 1.76771e+06 total bytes 16000
Flow Roce_209_0 14316 finished at 1.76968e+06 total bytes 16000
Flow Roce_317_0 14292 finished at 1.76969e+06 total bytes 16000
Flow Roce_1008_0 15969 finished at 1.76995e+06 total bytes 16000
Flow Roce_433_0 16587 finished at 1.77157e+06 total bytes 16000
Flow Roce_1011_0 14718 finished at 1.77287e+06 total bytes 16000
Flow Roce_360_0 14841 finished at 1.77412e+06 total bytes 16000
Flow Roce_906_0 15774 finished at 1.77929e+06 total bytes 16000
Flow Roce_943_0 15750 finished at 1.77939e+06 total bytes 16000
Flow Roce_1010_0 15693 finished at 1.78041e+06 total bytes 16000
Flow Roce_907_0 15471 finished at 1.78065e+06 total bytes 16000
Flow Roce_418_0 14061 finished at 1.78097e+06 total bytes 16000
Flow Roce_524_0 14049 finished at 1.78147e+06 total bytes 16000
Flow Roce_520_0 16467 finished at 1.78159e+06 total bytes 16000
Flow Roce_452_0 14634 finished at 1.78442e+06 total bytes 16000
Flow Roce_72_0 16053 finished at 1.78625e+06 total bytes 16000
Flow Roce_925_0 16059 finished at 1.78648e+06 total bytes 16000
Flow Roce_920_0 14052 finished at 1.79151e+06 total bytes 16000
Flow Roce_924_0 16626 finished at 1.79151e+06 total bytes 16000
Flow Roce_208_0 13884 finished at 1.79546e+06 total bytes 16000
Flow Roce_117_0 16005 finished at 1.80313e+06 total bytes 16000
Flow Roce_318_0 15846 finished at 1.80434e+06 total bytes 16000
Flow Roce_681_0 16404 finished at 1.80484e+06 total bytes 16000
Flow Roce_312_0 14202 finished at 1.80539e+06 total bytes 16000
Flow Roce_314_0 15855 finished at 1.80886e+06 total bytes 16000
Flow Roce_448_0 14193 finished at 1.81024e+06 total bytes 16000
Flow Roce_683_0 13698 finished at 1.81556e+06 total bytes 16000
Flow Roce_437_0 16203 finished at 1.81565e+06 total bytes 16000
Flow Roce_827_0 13929 finished at 1.81995e+06 total bytes 16000
Flow Roce_885_0 14424 finished at 1.82174e+06 total bytes 16000
Flow Roce_887_0 14727 finished at 1.82284e+06 total bytes 16000
Flow Roce_213_0 15432 finished at 1.82962e+06 total bytes 16000
Flow Roce_192_0 15312 finished at 1.83206e+06 total bytes 16000
Flow Roce_109_0 14682 finished at 1.83351e+06 total bytes 16000
Flow Roce_882_0 14214 finished at 1.83539e+06 total bytes 16000
Flow Roce_106_0 15462 finished at 1.8398e+06 total bytes 16000
Flow Roce_198_0 13668 finished at 1.84352e+06 total bytes 16000
Flow Roce_438_0 14265 finished at 1.84875e+06 total bytes 16000
Flow Roce_127_0 15114 finished at 1.85029e+06 total bytes 16000
Flow Roce_404_0 16308 finished at 1.85872e+06 total bytes 16000
Flow Roce_194_0 14811 finished at 1.86151e+06 total bytes 16000
Flow Roce_403_0 16434 finished at 1.86497e+06 total bytes 16000
Flow Roce_108_0 13956 finished at 1.86626e+06 total bytes 16000
Flow Roce_104_0 15297 finished at 1.86733e+06 total bytes 16000
Flow Roce_112_0 15981 finished at 1.86851e+06 total bytes 16000
Flow Roce_533_0 13923 finished at 1.86918e+06 total bytes 16000
Flow Roce_529_0 15909 finished at 1.87611e+06 total bytes 16000
Flow Roce_880_0 14553 finished at 1.87717e+06 total bytes 16000
Flow Roce_690_0 16101 finished at 1.87726e+06 total bytes 16000
Flow Roce_197_0 14766 finished at 1.88222e+06 total bytes 16000
Flow Roce_166_0 15480 finished at 1.88512e+06 total bytes 16000
Flow Roce_161_0 15723 finished at 1.88513e+06 total bytes 16000
Flow Roce_535_0 15198 finished at 1.88546e+06 total bytes 16000
Flow Roce_145_0 15219 finished at 1.8941e+06 total bytes 16000
Flow Roce_918_0 16482 finished at 1.89478e+06 total bytes 16000
Flow Roce_987_0 13815 finished at 1.89551e+06 total bytes 16000
Flow Roce_763_0 15726 finished at 1.89722e+06 total bytes 16000
Flow Roce_164_0 16047 finished at 1.8985e+06 total bytes 16000
Flow Roce_914_0 16167 finished at 1.89957e+06 total bytes 16000
Flow Roce_823_0 13917 finished at 1.90017e+06 total bytes 16000
Flow Roce_781_0 16662 finished at 1.90186e+06 total bytes 16000
Flow Roce_167_0 14697 finished at 1.90293e+06 total bytes 16000
Flow Roce_761_0 16488 finished at 1.90517e+06 total bytes 16000
Flow Roce_818_0 15144 finished at 1.90782e+06 total bytes 16000
Flow Roce_119_0 15477 finished at 1.90829e+06 total bytes 16000
Flow Roce_764_0 14490 finished at 1.90908e+06 total bytes 16000
Flow Roce_991_0 13692 finished at 1.9117e+06 total bytes 16000
Flow Roce_542_0 13878 finished at 1.91315e+06 total bytes 16000
Flow Roce_531_0 14322 finished at 1.91371e+06 total bytes 16000
Flow Roce_767_0 15498 finished at 1.91518e+06 total bytes 16000
Flow Roce_886_0 14619 finished at 1.91713e+06 total bytes 16000
Flow Roce_779_0 15126 finished at 1.91733e+06 total bytes 16000
Flow Roce_884_0 15570 finished at 1.92218e+06 total bytes 16000
Flow Roce_530_0 14775 finished at 1.92449e+06 total bytes 16000
Flow Roce_614_0 14022 finished at 1.93103e+06 total bytes 16000
Flow Roce_540_0 14754 finished at 1.93118e+06 total bytes 16000
Flow Roce_913_0 15330 finished at 1.93151e+06 total bytes 16000
Flow Roce_777_0 13887 finished at 1.93298e+06 total bytes 16000
Flow Roce_783_0 16722 finished at 1.93676e+06 total bytes 16000
Flow Roce_912_0 15228 finished at 1.94008e+06 total bytes 16000
Flow Roce_699_0 14361 finished at 1.94283e+06 total bytes 16000
Flow Roce_242_0 13983 finished at 1.94403e+06 total bytes 16000
Flow Roce_624_0 16245 finished at 1.94413e+06 total bytes 16000
Flow Roce_602_0 16449 finished at 1.94635e+06 total bytes 16000
Flow Roce_697_0 15609 finished at 1.94752e+06 total bytes 16000
Flow Roce_124_0 16491 finished at 1.94789e+06 total bytes 16000
Flow Roce_819_0 15555 finished at 1.94821e+06 total bytes 16000
Flow Roce_698_0 15600 finished at 1.95495e+06 total bytes 16000
Flow Roce_852_0 13770 finished at 1.95712e+06 total bytes 16000
Flow Roce_125_0 14622 finished at 1.96107e+06 total bytes 16000
Flow Roce_919_0 14130 finished at 1.96367e+06 total bytes 16000
Flow Roce_816_0 15504 finished at 1.96561e+06 total bytes 16000
Flow Roce_701_0 14523 finished at 1.97185e+06 total bytes 16000
Flow Roce_606_0 16635 finished at 1.97281e+06 total bytes 16000
Flow Roce_986_0 15429 finished at 1.97923e+06 total bytes 16000
Flow Roce_700_0 14313 finished at 1.98056e+06 total bytes 16000
Flow Roce_696_0 15324 finished at 1.98454e+06 total bytes 16000
Flow Roce_984_0 16530 finished at 1.98478e+06 total bytes 16000
Flow Roce_848_0 15822 finished at 1.98647e+06 total bytes 16000
Flow Roce_85_0 14844 finished at 1.9891e+06 total bytes 16000
Flow Roce_538_0 15168 finished at 1.99518e+06 total bytes 16000
Flow Roce_985_0 15894 finished at 1.99554e+06 total bytes 16000
Flow Roce_82_0 14874 finished at 2.00128e+06 total bytes 16000
Flow Roce_693_0 14919 finished at 2.00419e+06 total bytes 16000
Flow Roce_83_0 13848 finished at 2.00604e+06 total bytes 16000
Flow Roce_84_0 15546 finished at 2.00605e+06 total bytes 16000
Flow Roce_988_0 14865 finished at 2.00608e+06 total bytes 16000
Flow Roce_121_0 16713 finished at 2.00953e+06 total bytes 16000
Flow Roce_126_0 14019 finished at 2.01562e+06 total bytes 16000
Flow Roce_694_0 16548 finished at 2.01823e+06 total bytes 16000
Flow Roce_850_0 16464 finished at 2.01906e+06 total bytes 16000
Flow Roce_237_0 16551 finished at 2.02039e+06 total bytes 16000
Flow Roce_854_0 15321 finished at 2.02081e+06 total bytes 16000
Flow Roce_855_0 14355 finished at 2.02177e+06 total bytes 16000
Flow Roce_883_0 14928 finished at 2.02179e+06 total bytes 16000
Flow Roce_604_0 16431 finished at 2.02357e+06 total bytes 16000
Flow Roce_853_0 14097 finished at 2.02401e+06 total bytes 16000
Flow Roce_633_0 15456 finished at 2.02609e+06 total bytes 16000
Flow Roce_635_0 15447 finished at 2.02807e+06 total bytes 16000
Flow Roce_235_0 16638 finished at 2.03573e+06 total bytes 16000
Flow Roce_756_0 16380 finished at 2.03894e+06 total bytes 16000
Flow Roce_758_0 13740 finished at 2.04488e+06 total bytes 16000
Flow Roce_881_0 16497 finished at 2.04819e+06 total bytes 16000
Flow Roce_754_0 15015 finished at 2.04963e+06 total bytes 16000
Flow Roce_435_0 14808 finished at 2.0535e+06 total bytes 16000
Flow Roce_757_0 14814 finished at 2.05358e+06 total bytes 16000
Flow Roce_325_0 15393 finished at 2.05415e+06 total bytes 16000
Flow Roce_326_0 16623 finished at 2.05443e+06 total bytes 16000
Flow Roce_160_0 14862 finished at 2.05641e+06 total bytes 16000
Flow Roce_752_0 15141 finished at 2.06013e+06 total bytes 16000
Flow Roce_851_0 15054 finished at 2.06068e+06 total bytes 16000
Flow Roce_621_0 15966 finished at 2.06265e+06 total bytes 16000
Flow Roce_174_0 15660 finished at 2.06589e+06 total bytes 16000
Flow Roce_243_0 13674 finished at 2.06979e+06 total bytes 16000
Flow Roce_849_0 15258 finished at 2.07182e+06 total bytes 16000
Flow Roce_186_0 16116 finished at 2.07506e+06 total bytes 16000
Flow Roce_812_0 15345 finished at 2.07678e+06 total bytes 16000
Flow Roce_241_0 15675 finished at 2.07689e+06 total bytes 16000
Flow Roce_232_0 14349 finished at 2.07893e+06 total bytes 16000
Flow Roce_810_0 14172 finished at 2.08189e+06 total bytes 16000
Flow Roce_239_0 16557 finished at 2.08246e+06 total bytes 16000
Flow Roce_622_0 14505 finished at 2.08467e+06 total bytes 16000
Flow Roce_677_0 13722 finished at 2.08604e+06 total bytes 16000
Flow Roce_813_0 13872 finished at 2.08625e+06 total bytes 16000
Flow Roce_655_0 14256 finished at 2.0911e+06 total bytes 16000
Flow Roce_620_0 13785 finished at 2.093e+06 total bytes 16000
Flow Roce_808_0 16692 finished at 2.09431e+06 total bytes 16000
Flow Roce_815_0 15603 finished at 2.09678e+06 total bytes 16000
Flow Roce_321_0 15405 finished at 2.09816e+06 total bytes 16000
Flow Roce_802_0 15132 finished at 2.0999e+06 total bytes 16000
Flow Roce_439_0 14325 finished at 2.10433e+06 total bytes 16000
Flow Roce_834_0 15003 finished at 2.105e+06 total bytes 16000
Flow Roce_806_0 16149 finished at 2.10519e+06 total bytes 16000
Flow Roce_436_0 15078 finished at 2.10632e+06 total bytes 16000
Flow Roce_836_0 15027 finished at 2.10931e+06 total bytes 16000
Flow Roce_801_0 14895 finished at 2.11381e+06 total bytes 16000
Flow Roce_240_0 13809 finished at 2.11586e+06 total bytes 16000
Flow Roce_652_0 14175 finished at 2.11742e+06 total bytes 16000
Flow Roce_637_0 15102 finished at 2.1243e+06 total bytes 16000
Flow Roce_165_0 15939 finished at 2.12537e+06 total bytes 16000
Flow Roce_800_0 14133 finished at 2.12542e+06 total bytes 16000
Flow Roce_162_0 15180 finished at 2.12755e+06 total bytes 16000
Flow Roce_244_0 13764 finished at 2.12896e+06 total bytes 16000
Flow Roce_189_0 14877 finished at 2.13152e+06 total bytes 16000
Flow Roce_324_0 14154 finished at 2.13486e+06 total bytes 16000
Flow Roce_322_0 14742 finished at 2.13773e+06 total bytes 16000
Flow Roce_682_0 15756 finished at 2.14329e+06 total bytes 16000
Flow Roce_188_0 15366 finished at 2.14416e+06 total bytes 16000
Flow Roce_832_0 14460 finished at 2.14455e+06 total bytes 16000
Flow Roce_837_0 15681 finished at 2.14713e+06 total bytes 16000
Flow Roce_839_0 15747 finished at 2.14792e+06 total bytes 16000
Flow Roce_605_0 15816 finished at 2.15071e+06 total bytes 16000
Flow Roce_650_0 15159 finished at 2.15097e+06 total bytes 16000
Flow Roce_171_0 15657 finished at 2.15627e+06 total bytes 16000
Flow Roce_890_0 14025 finished at 2.15627e+06 total bytes 16000
Flow Roce_600_0 14964 finished at 2.15777e+06 total bytes 16000
Flow Roce_788_0 13752 finished at 2.16362e+06 total bytes 16000
Flow Roce_926_0 15744 finished at 2.16505e+06 total bytes 16000
Flow Roce_896_0 14139 finished at 2.16658e+06 total bytes 16000
Flow Roce_899_0 15519 finished at 2.16743e+06 total bytes 16000
Flow Roce_897_0 14079 finished at 2.16747e+06 total bytes 16000
Flow Roce_748_0 15975 finished at 2.1689e+06 total bytes 16000
Flow Roce_507_0 13779 finished at 2.16906e+06 total bytes 16000
Flow Roce_835_0 15123 finished at 2.17019e+06 total bytes 16000
Flow Roce_750_0 13821 finished at 2.17292e+06 total bytes 16000
Flow Roce_658_0 16512 finished at 2.17352e+06 total bytes 16000
Flow Roce_838_0 15501 finished at 2.17442e+06 total bytes 16000
Flow Roce_728_0 15561 finished at 2.17544e+06 total bytes 16000
Flow Roce_504_0 13689 finished at 2.1764e+06 total bytes 16000
Flow Roce_771_0 15444 finished at 2.17667e+06 total bytes 16000
Flow Roce_833_0 16173 finished at 2.17669e+06 total bytes 16000
Flow Roce_603_0 14976 finished at 2.17724e+06 total bytes 16000
Flow Roce_772_0 14796 finished at 2.17769e+06 total bytes 16000
Flow Roce_172_0 16050 finished at 2.17841e+06 total bytes 16000
Flow Roce_731_0 14076 finished at 2.1789e+06 total bytes 16000
Flow Roce_684_0 15315 finished at 2.18016e+06 total bytes 16000
Flow Roce_168_0 16356 finished at 2.18147e+06 total bytes 16000
Flow Roce_163_0 15840 finished at 2.18214e+06 total bytes 16000
Flow Roce_550_0 15237 finished at 2.18309e+06 total bytes 16000
Flow Roce_751_0 16338 finished at 2.18347e+06 total bytes 16000
Flow Roce_674_0 13845 finished at 2.18351e+06 total bytes 16000
Flow Roce_649_0 13896 finished at 2.1858e+06 total bytes 16000
Flow Roce_185_0 14352 finished at 2.19234e+06 total bytes 16000
Flow Roce_888_0 14115 finished at 2.19829e+06 total bytes 16000
Flow Roce_385_0 14625 finished at 2.19842e+06 total bytes 16000
Flow Roce_175_0 16302 finished at 2.20248e+06 total bytes 16000
Flow Roce_870_0 14832 finished at 2.20377e+06 total bytes 16000
Flow Roce_893_0 13875 finished at 2.20387e+06 total bytes 16000
Flow Roce_895_0 14475 finished at 2.20444e+06 total bytes 16000
Flow Roce_352_0 15993 finished at 2.20478e+06 total bytes 16000
Flow Roce_746_0 15099 finished at 2.20486e+06 total bytes 16000
Flow Roce_865_0 13905 finished at 2.2049e+06 total bytes 16000
Flow Roce_922_0 14277 finished at 2.20552e+06 total bytes 16000
Flow Roce_770_0 14556 finished at 2.20985e+06 total bytes 16000
Flow Roce_184_0 15225 finished at 2.21043e+06 total bytes 16000
Flow Roce_544_0 15243 finished at 2.21069e+06 total bytes 16000
Flow Roce_601_0 15486 finished at 2.21084e+06 total bytes 16000
Flow Roce_768_0 14190 finished at 2.21638e+06 total bytes 16000
Flow Roce_187_0 14067 finished at 2.21711e+06 total bytes 16000
Flow Roce_190_0 16062 finished at 2.21729e+06 total bytes 16000
Flow Roce_773_0 16083 finished at 2.21807e+06 total bytes 16000
Flow Roce_391_0 16596 finished at 2.22073e+06 total bytes 16000
Flow Roce_218_0 15861 finished at 2.22118e+06 total bytes 16000
Flow Roce_222_0 16590 finished at 2.22286e+06 total bytes 16000
Flow Roce_607_0 14091 finished at 2.22323e+06 total bytes 16000
Flow Roce_216_0 14571 finished at 2.22428e+06 total bytes 16000
Flow Roce_648_0 13989 finished at 2.22583e+06 total bytes 16000
Flow Roce_386_0 14496 finished at 2.22725e+06 total bytes 16000
Flow Roce_191_0 16506 finished at 2.2285e+06 total bytes 16000
Flow Roce_661_0 15273 finished at 2.23226e+06 total bytes 16000
Flow Roce_66_0 15396 finished at 2.23642e+06 total bytes 16000
Flow Roce_358_0 14028 finished at 2.23846e+06 total bytes 16000
Flow Roce_662_0 14799 finished at 2.23888e+06 total bytes 16000
Flow Roce_591_0 14463 finished at 2.2391e+06 total bytes 16000
Flow Roce_869_0 16320 finished at 2.23921e+06 total bytes 16000
Flow Roce_789_0 15195 finished at 2.24137e+06 total bytes 16000
Flow Roce_866_0 15075 finished at 2.24315e+06 total bytes 16000
Flow Roce_864_0 13788 finished at 2.2437e+06 total bytes 16000
Flow Roce_357_0 13902 finished at 2.24393e+06 total bytes 16000
Flow Roce_65_0 16719 finished at 2.24444e+06 total bytes 16000
Flow Roce_388_0 15792 finished at 2.24488e+06 total bytes 16000
Flow Roce_587_0 13737 finished at 2.24571e+06 total bytes 16000
Flow Roce_784_0 14004 finished at 2.24766e+06 total bytes 16000
Flow Roce_871_0 16248 finished at 2.24803e+06 total bytes 16000
.Flow Roce_719_0 15192 finished at 2.25001e+06 total bytes 16000
Flow Roce_81_0 15129 finished at 2.25198e+06 total bytes 16000
Flow Roce_715_0 13671 finished at 2.25222e+06 total bytes 16000
Flow Roce_390_0 15585 finished at 2.25247e+06 total bytes 16000
Flow Roce_712_0 15912 finished at 2.25348e+06 total bytes 16000
Flow Roce_644_0 14469 finished at 2.25421e+06 total bytes 16000
Flow Roce_686_0 14937 finished at 2.25472e+06 total bytes 16000
Flow Roce_353_0 16266 finished at 2.25619e+06 total bytes 16000
Flow Roce_68_0 14301 finished at 2.26128e+06 total bytes 16000
Flow Roce_921_0 15531 finished at 2.26521e+06 total bytes 16000
Flow Roce_69_0 14169 finished at 2.26579e+06 total bytes 16000
Flow Roce_71_0 15018 finished at 2.26604e+06 total bytes 16000
Flow Roce_585_0 15558 finished at 2.26755e+06 total bytes 16000
Flow Roce_588_0 15777 finished at 2.27058e+06 total bytes 16000
Flow Roce_590_0 15885 finished at 2.27281e+06 total bytes 16000
Flow Roce_458_0 13971 finished at 2.27389e+06 total bytes 16000
Flow Roce_586_0 13965 finished at 2.27506e+06 total bytes 16000
Flow Roce_354_0 16554 finished at 2.2805e+06 total bytes 16000
Flow Roce_786_0 16659 finished at 2.28097e+06 total bytes 16000
Flow Roce_376_0 16398 finished at 2.28117e+06 total bytes 16000
Flow Roce_359_0 13857 finished at 2.28185e+06 total bytes 16000
Flow Roce_734_0 15843 finished at 2.28207e+06 total bytes 16000
Flow Roce_356_0 15786 finished at 2.28215e+06 total bytes 16000
Flow Roce_331_0 15042 finished at 2.28302e+06 total bytes 16000
Flow Roce_643_0 15495 finished at 2.28325e+06 total bytes 16000
Flow Roce_80_0 14805 finished at 2.28436e+06 total bytes 16000
Flow Roce_468_0 14358 finished at 2.28486e+06 total bytes 16000
Flow Roce_874_0 16428 finished at 2.2852e+06 total bytes 16000
Flow Roce_879_0 14043 finished at 2.28623e+06 total bytes 16000
Flow Roce_876_0 15327 finished at 2.2867e+06 total bytes 16000
Flow Roce_532_0 16215 finished at 2.28756e+06 total bytes 16000
Flow Roce_717_0 14502 finished at 2.28842e+06 total bytes 16000
Flow Roce_716_0 14142 finished at 2.2909e+06 total bytes 16000
Flow Roce_328_0 15414 finished at 2.29124e+06 total bytes 16000
Flow Roce_86_0 16095 finished at 2.29332e+06 total bytes 16000
Flow Roce_87_0 15666 finished at 2.29425e+06 total bytes 16000
Flow Roce_892_0 14286 finished at 2.2946e+06 total bytes 16000
Flow Roce_92_0 15339 finished at 2.2967e+06 total bytes 16000
Flow Roce_787_0 15270 finished at 2.29699e+06 total bytes 16000
Flow Roce_891_0 15288 finished at 2.29728e+06 total bytes 16000
Flow Roce_88_0 15057 finished at 2.29734e+06 total bytes 16000
Flow Roce_790_0 16287 finished at 2.29742e+06 total bytes 16000
Flow Roce_778_0 15171 finished at 2.29779e+06 total bytes 16000
Flow Roce_894_0 14088 finished at 2.29785e+06 total bytes 16000
Flow Roce_889_0 15375 finished at 2.29842e+06 total bytes 16000
Flow Roce_534_0 16353 finished at 2.29903e+06 total bytes 16000
Flow Roce_769_0 13944 finished at 2.2992e+06 total bytes 16000
Flow Roce_774_0 16080 finished at 2.29942e+06 total bytes 16000
Flow Roce_91_0 14970 finished at 2.29969e+06 total bytes 16000
Flow Roce_89_0 16374 finished at 2.29978e+06 total bytes 16000
Flow Roce_775_0 15483 finished at 2.29996e+06 total bytes 16000
Flow Roce_878_0 16038 finished at 2.30077e+06 total bytes 16000
Flow Roce_219_0 15702 finished at 2.3029e+06 total bytes 16000
Flow Roce_970_0 14715 finished at 2.30377e+06 total bytes 16000
Flow Roce_217_0 14328 finished at 2.30464e+06 total bytes 16000
Flow Roce_875_0 15510 finished at 2.30506e+06 total bytes 16000
Flow Roce_95_0 15294 finished at 2.30597e+06 total bytes 16000
Flow Roce_389_0 16695 finished at 2.30627e+06 total bytes 16000
Flow Roce_93_0 15333 finished at 2.30719e+06 total bytes 16000
Flow Roce_90_0 14304 finished at 2.30824e+06 total bytes 16000
Flow Roce_335_0 14904 finished at 2.3107e+06 total bytes 16000
Flow Roce_872_0 15183 finished at 2.31147e+06 total bytes 16000
Flow Roce_333_0 14958 finished at 2.31229e+06 total bytes 16000
Flow Roce_873_0 16185 finished at 2.3135e+06 total bytes 16000
Flow Roce_330_0 16014 finished at 2.31447e+06 total bytes 16000
Flow Roce_465_0 15162 finished at 2.31474e+06 total bytes 16000
Flow Roce_641_0 15276 finished at 2.31887e+06 total bytes 16000
Flow Roce_462_0 15906 finished at 2.31947e+06 total bytes 16000
Flow Roce_387_0 14268 finished at 2.32044e+06 total bytes 16000
Flow Roce_975_0 15135 finished at 2.32607e+06 total bytes 16000
Flow Roce_378_0 14835 finished at 2.32699e+06 total bytes 16000
Flow Roce_380_0 16344 finished at 2.32854e+06 total bytes 16000
Flow Roce_329_0 15882 finished at 2.32974e+06 total bytes 16000
Flow Roce_780_0 16707 finished at 2.33336e+06 total bytes 16000
Flow Roce_782_0 14109 finished at 2.33522e+06 total bytes 16000
Flow Roce_776_0 14952 finished at 2.33542e+06 total bytes 16000
Flow Roce_1004_0 15096 finished at 2.33563e+06 total bytes 16000
Flow Roce_525_0 16224 finished at 2.33575e+06 total bytes 16000
Flow Roce_1003_0 14337 finished at 2.33747e+06 total bytes 16000
Flow Roce_1000_0 15012 finished at 2.33788e+06 total bytes 16000
Flow Roce_735_0 14664 finished at 2.34484e+06 total bytes 16000
Flow Roce_647_0 15876 finished at 2.34488e+06 total bytes 16000
Flow Roce_457_0 16650 finished at 2.34752e+06 total bytes 16000
Flow Roce_817_0 16413 finished at 2.35061e+06 total bytes 16000
Flow Roce_841_0 16230 finished at 2.35125e+06 total bytes 16000
Flow Roce_645_0 16503 finished at 2.3514e+06 total bytes 16000
Flow Roce_526_0 14409 finished at 2.35169e+06 total bytes 16000
Flow Roce_847_0 15780 finished at 2.3517e+06 total bytes 16000
Flow Roce_332_0 14532 finished at 2.35312e+06 total bytes 16000
Flow Roce_334_0 15738 finished at 2.35816e+06 total bytes 16000
Flow Roce_846_0 15924 finished at 2.3593e+06 total bytes 16000
Flow Roce_797_0 16212 finished at 2.36071e+06 total bytes 16000
Flow Roce_842_0 15810 finished at 2.36218e+06 total bytes 16000
Flow Roce_794_0 14370 finished at 2.36424e+06 total bytes 16000
Flow Roce_640_0 16065 finished at 2.36518e+06 total bytes 16000
Flow Roce_546_0 15678 finished at 2.36708e+06 total bytes 16000
Flow Roce_747_0 16242 finished at 2.36901e+06 total bytes 16000
Flow Roce_820_0 15024 finished at 2.37421e+06 total bytes 16000
Flow Roce_599_0 16119 finished at 2.37527e+06 total bytes 16000
Flow Roce_799_0 13953 finished at 2.37649e+06 total bytes 16000
Flow Roce_596_0 15378 finished at 2.37703e+06 total bytes 16000
Flow Roce_559_0 14331 finished at 2.38264e+06 total bytes 16000
Flow Roce_381_0 14235 finished at 2.38382e+06 total bytes 16000
Flow Roce_822_0 16725 finished at 2.38389e+06 total bytes 16000
Flow Roce_469_0 15525 finished at 2.38535e+06 total bytes 16000
Flow Roce_593_0 16311 finished at 2.38722e+06 total bytes 16000
Flow Roce_821_0 13773 finished at 2.38725e+06 total bytes 16000
Flow Roce_595_0 14253 finished at 2.38797e+06 total bytes 16000
Flow Roce_592_0 16263 finished at 2.38994e+06 total bytes 16000
Flow Roce_594_0 15606 finished at 2.39065e+06 total bytes 16000
Flow Roce_646_0 15915 finished at 2.391e+06 total bytes 16000
Flow Roce_598_0 14007 finished at 2.39134e+06 total bytes 16000
Flow Roce_862_0 15879 finished at 2.39189e+06 total bytes 16000
Flow Roce_798_0 16359 finished at 2.39229e+06 total bytes 16000
Flow Roce_70_0 14529 finished at 2.39289e+06 total bytes 16000
Flow Roce_796_0 14730 finished at 2.39421e+06 total bytes 16000
Flow Roce_792_0 14199 finished at 2.39433e+06 total bytes 16000
Flow Roce_863_0 16071 finished at 2.39528e+06 total bytes 16000
Flow Roce_299_0 15621 finished at 2.39651e+06 total bytes 16000
Flow Roce_249_0 16419 finished at 2.39766e+06 total bytes 16000
Flow Roce_642_0 14178 finished at 2.39924e+06 total bytes 16000
Flow Roce_932_0 14319 finished at 2.39995e+06 total bytes 16000
Flow Roce_182_0 16125 finished at 2.40149e+06 total bytes 16000
Flow Roce_79_0 15849 finished at 2.40276e+06 total bytes 16000
Flow Roce_861_0 16350 finished at 2.40322e+06 total bytes 16000
Flow Roce_461_0 16704 finished at 2.40329e+06 total bytes 16000
Flow Roce_856_0 16674 finished at 2.40425e+06 total bytes 16000
Flow Roce_859_0 15474 finished at 2.40447e+06 total bytes 16000
Flow Roce_382_0 14652 finished at 2.40514e+06 total bytes 16000
Flow Roce_250_0 15282 finished at 2.40638e+06 total bytes 16000
Flow Roce_361_0 14037 finished at 2.40683e+06 total bytes 16000
Flow Roce_860_0 15513 finished at 2.40693e+06 total bytes 16000
Flow Roce_110_0 15210 finished at 2.40879e+06 total bytes 16000
Flow Roce_971_0 16041 finished at 2.40901e+06 total bytes 16000
Flow Roce_248_0 15468 finished at 2.40992e+06 total bytes 16000
Flow Roce_467_0 15390 finished at 2.41098e+06 total bytes 16000
Flow Roce_528_0 14595 finished at 2.41137e+06 total bytes 16000
Flow Roce_471_0 16539 finished at 2.4122e+06 total bytes 16000
Flow Roce_972_0 13998 finished at 2.41429e+06 total bytes 16000
Flow Roce_459_0 15336 finished at 2.41452e+06 total bytes 16000
Flow Roce_180_0 14487 finished at 2.41495e+06 total bytes 16000
Flow Roce_225_0 16545 finished at 2.41555e+06 total bytes 16000
Flow Roce_521_0 16365 finished at 2.41593e+06 total bytes 16000
Flow Roce_460_0 14262 finished at 2.41704e+06 total bytes 16000
Flow Roce_973_0 15060 finished at 2.41773e+06 total bytes 16000
Flow Roce_745_0 14364 finished at 2.41773e+06 total bytes 16000
Flow Roce_968_0 16632 finished at 2.41813e+06 total bytes 16000
Flow Roce_75_0 15588 finished at 2.41858e+06 total bytes 16000
Flow Roce_1021_0 13974 finished at 2.42034e+06 total bytes 16000
Flow Roce_456_0 13806 finished at 2.42055e+06 total bytes 16000
Flow Roce_337_0 14403 finished at 2.4228e+06 total bytes 16000
Flow Roce_231_0 15957 finished at 2.42291e+06 total bytes 16000
Flow Roce_1020_0 16641 finished at 2.42405e+06 total bytes 16000
Flow Roce_744_0 16584 finished at 2.42498e+06 total bytes 16000
Flow Roce_201_0 14334 finished at 2.42515e+06 total bytes 16000
Flow Roce_659_0 15048 finished at 2.42562e+06 total bytes 16000
Flow Roce_996_0 14289 finished at 2.42566e+06 total bytes 16000
Flow Roce_377_0 15633 finished at 2.4271e+06 total bytes 16000
Flow Roce_660_0 14271 finished at 2.42842e+06 total bytes 16000
Flow Roce_146_0 14610 finished at 2.42861e+06 total bytes 16000
Flow Roce_183_0 14577 finished at 2.43025e+06 total bytes 16000
Flow Roce_679_0 15651 finished at 2.43148e+06 total bytes 16000
Flow Roce_656_0 13734 finished at 2.43195e+06 total bytes 16000
Flow Roce_227_0 14493 finished at 2.4324e+06 total bytes 16000
Flow Roce_205_0 16284 finished at 2.43346e+06 total bytes 16000
Flow Roce_676_0 16251 finished at 2.43353e+06 total bytes 16000
Flow Roce_178_0 16401 finished at 2.43356e+06 total bytes 16000
Flow Roce_557_0 14898 finished at 2.43491e+06 total bytes 16000
Flow Roce_527_0 16269 finished at 2.43531e+06 total bytes 16000
Flow Roce_111_0 16362 finished at 2.43553e+06 total bytes 16000
Flow Roce_1018_0 15399 finished at 2.43554e+06 total bytes 16000
Flow Roce_673_0 16035 finished at 2.4358e+06 total bytes 16000
Flow Roce_230_0 15552 finished at 2.43606e+06 total bytes 16000
Flow Roce_229_0 15903 finished at 2.43649e+06 total bytes 16000
Flow Roce_1002_0 15753 finished at 2.43711e+06 total bytes 16000
Flow Roce_207_0 13911 finished at 2.43755e+06 total bytes 16000
Flow Roce_196_0 14709 finished at 2.43771e+06 total bytes 16000
Flow Roce_202_0 14778 finished at 2.43773e+06 total bytes 16000
Flow Roce_200_0 14340 finished at 2.43841e+06 total bytes 16000
Flow Roce_393_0 16236 finished at 2.43869e+06 total bytes 16000
Flow Roce_148_0 14100 finished at 2.43934e+06 total bytes 16000
Flow Roce_338_0 14724 finished at 2.44074e+06 total bytes 16000
Flow Roce_107_0 15759 finished at 2.44076e+06 total bytes 16000
Flow Roce_77_0 15267 finished at 2.44121e+06 total bytes 16000
Flow Roce_1016_0 13914 finished at 2.44155e+06 total bytes 16000
Flow Roce_105_0 16629 finished at 2.44166e+06 total bytes 16000
Flow Roce_1017_0 16107 finished at 2.44177e+06 total bytes 16000
Flow Roce_998_0 15450 finished at 2.44274e+06 total bytes 16000
Flow Roce_67_0 15672 finished at 2.44309e+06 total bytes 16000
Flow Roce_554_0 16155 finished at 2.44436e+06 total bytes 16000
Flow Roce_974_0 16470 finished at 2.44565e+06 total bytes 16000
Flow Roce_931_0 13818 finished at 2.44593e+06 total bytes 16000
Flow Roce_64_0 14823 finished at 2.44601e+06 total bytes 16000
Flow Roce_151_0 15582 finished at 2.4465e+06 total bytes 16000
Flow Roce_78_0 14283 finished at 2.44768e+06 total bytes 16000
Flow Roce_323_0 15438 finished at 2.44834e+06 total bytes 16000
Flow Roce_247_0 13812 finished at 2.44963e+06 total bytes 16000
Flow Roce_327_0 14772 finished at 2.45005e+06 total bytes 16000
Flow Roce_672_0 14544 finished at 2.45041e+06 total bytes 16000
Flow Roce_999_0 14148 finished at 2.45096e+06 total bytes 16000
Flow Roce_320_0 15999 finished at 2.45153e+06 total bytes 16000
Flow Roce_76_0 14607 finished at 2.45214e+06 total bytes 16000
Flow Roce_144_0 14121 finished at 2.45241e+06 total bytes 16000
Flow Roce_350_0 15576 finished at 2.45263e+06 total bytes 16000
Flow Roce_1007_0 14031 finished at 2.4528e+06 total bytes 16000
Flow Roce_395_0 13854 finished at 2.45318e+06 total bytes 16000
Flow Roce_555_0 16608 finished at 2.45368e+06 total bytes 16000
Flow Roce_657_0 14883 finished at 2.4543e+06 total bytes 16000
Flow Roce_366_0 16170 finished at 2.45452e+06 total bytes 16000
Flow Roce_346_0 13863 finished at 2.4548e+06 total bytes 16000
Flow Roce_675_0 15189 finished at 2.45518e+06 total bytes 16000
Flow Roce_195_0 16458 finished at 2.45565e+06 total bytes 16000
Flow Roce_678_0 14442 finished at 2.45696e+06 total bytes 16000
Flow Roce_495_0 14562 finished at 2.45824e+06 total bytes 16000
Flow Roce_341_0 16485 finished at 2.4598e+06 total bytes 16000
Flow Roce_363_0 13836 finished at 2.46049e+06 total bytes 16000
Flow Roce_491_0 14853 finished at 2.46054e+06 total bytes 16000
Flow Roce_245_0 13986 finished at 2.4607e+06 total bytes 16000
Flow Roce_493_0 16197 finished at 2.46091e+06 total bytes 16000
Flow Roce_979_0 16566 finished at 2.46121e+06 total bytes 16000
Flow Roce_976_0 14445 finished at 2.46203e+06 total bytes 16000
Flow Roce_399_0 15108 finished at 2.46232e+06 total bytes 16000
Flow Roce_193_0 15987 finished at 2.46372e+06 total bytes 16000
Flow Roce_825_0 14034 finished at 2.46455e+06 total bytes 16000
Flow Roce_396_0 15996 finished at 2.46589e+06 total bytes 16000
Flow Roce_830_0 15072 finished at 2.46632e+06 total bytes 16000
Flow Roce_150_0 15948 finished at 2.46647e+06 total bytes 16000
Flow Roce_992_0 14082 finished at 2.46697e+06 total bytes 16000
Flow Roce_344_0 14367 finished at 2.46731e+06 total bytes 16000
Flow Roce_933_0 14631 finished at 2.46897e+06 total bytes 16000
Flow Roce_663_0 16305 finished at 2.46943e+06 total bytes 16000
Flow Roce_994_0 15699 finished at 2.46968e+06 total bytes 16000
Flow Roce_494_0 13701 finished at 2.46985e+06 total bytes 16000
Flow Roce_993_0 16479 finished at 2.47013e+06 total bytes 16000
Flow Roce_930_0 15306 finished at 2.47045e+06 total bytes 16000
Flow Roce_995_0 15936 finished at 2.47073e+06 total bytes 16000
Flow Roce_149_0 14415 finished at 2.47085e+06 total bytes 16000
Flow Roce_489_0 15441 finished at 2.47094e+06 total bytes 16000
Flow Roce_367_0 14559 finished at 2.47113e+06 total bytes 16000
Flow Roce_749_0 15087 finished at 2.47144e+06 total bytes 16000
Flow Roce_969_0 13932 finished at 2.47195e+06 total bytes 16000
Flow Roce_492_0 16422 finished at 2.47285e+06 total bytes 16000
Flow Roce_147_0 13935 finished at 2.4731e+06 total bytes 16000
Flow Roce_336_0 15717 finished at 2.47328e+06 total bytes 16000
Flow Roce_340_0 16143 finished at 2.47411e+06 total bytes 16000
Flow Roce_373_0 14907 finished at 2.47532e+06 total bytes 16000
Flow Roce_371_0 13941 finished at 2.47781e+06 total bytes 16000
Flow Roce_490_0 14706 finished at 2.47809e+06 total bytes 16000
Flow Roce_349_0 15627 finished at 2.48023e+06 total bytes 16000
Flow Roce_319_0 14688 finished at 2.4808e+06 total bytes 16000
Flow Roce_348_0 15708 finished at 2.48179e+06 total bytes 16000
Flow Roce_351_0 14211 finished at 2.4819e+06 total bytes 16000
Flow Roce_364_0 13767 finished at 2.48215e+06 total bytes 16000
Flow Roce_369_0 14790 finished at 2.48575e+06 total bytes 16000
Flow Roce_368_0 15255 finished at 2.48589e+06 total bytes 16000
Flow Roce_824_0 15642 finished at 2.4871e+06 total bytes 16000
Flow Roce_374_0 16194 finished at 2.48711e+06 total bytes 16000
Flow Roce_828_0 13803 finished at 2.48716e+06 total bytes 16000
Flow Roce_826_0 13794 finished at 2.48788e+06 total bytes 16000
Flow Roce_370_0 15348 finished at 2.48851e+06 total bytes 16000
Flow Roce_372_0 14112 finished at 2.48974e+06 total bytes 16000
Flow Roce_983_0 14787 finished at 2.49012e+06 total bytes 16000
Flow Roce_398_0 13908 finished at 2.49052e+06 total bytes 16000
Flow Roce_829_0 16221 finished at 2.4922e+06 total bytes 16000
Flow Roce_997_0 14646 finished at 2.49223e+06 total bytes 16000
Flow Roce_982_0 14736 finished at 2.49348e+06 total bytes 16000
Flow Roce_265_0 15984 finished at 2.49431e+06 total bytes 16000
Flow Roce_292_0 14793 finished at 2.4964e+06 total bytes 16000
Flow Roce_963_0 15147 finished at 2.49642e+06 total bytes 16000
Flow Roce_965_0 14394 finished at 2.49676e+06 total bytes 16000
Flow Roce_898_0 15687 finished at 2.49775e+06 total bytes 16000
Flow Roce_901_0 13839 finished at 2.49802e+06 total bytes 16000
Flow Roce_517_0 16182 finished at 2.49813e+06 total bytes 16000
Flow Roce_831_0 15654 finished at 2.49887e+06 total bytes 16000
Flow Roce_978_0 14988 finished at 2.50015e+06 total bytes 16000
Flow Roce_442_0 15120 finished at 2.50023e+06 total bytes 16000
Flow Roce_902_0 14508 finished at 2.50039e+06 total bytes 16000
Flow Roce_155_0 14310 finished at 2.50075e+06 total bytes 16000
Flow Roce_964_0 14238 finished at 2.50155e+06 total bytes 16000
Flow Roce_440_0 15705 finished at 2.5026e+06 total bytes 16000
Flow Roce_113_0 16068 finished at 2.50283e+06 total bytes 16000
Flow Roce_962_0 16602 finished at 2.50334e+06 total bytes 16000
Flow Roce_980_0 15033 finished at 2.50338e+06 total bytes 16000
Flow Roce_1014_0 16542 finished at 2.5034e+06 total bytes 16000
Flow Roce_519_0 15930 finished at 2.50467e+06 total bytes 16000
Flow Roce_518_0 16437 finished at 2.50469e+06 total bytes 16000
Flow Roce_981_0 15363 finished at 2.50483e+06 total bytes 16000
Flow Roce_977_0 14886 finished at 2.50538e+06 total bytes 16000
Flow Roce_157_0 14484 finished at 2.50782e+06 total bytes 16000
Flow Roce_220_0 13755 finished at 2.50795e+06 total bytes 16000
Flow Roce_446_0 15459 finished at 2.50829e+06 total bytes 16000
Flow Roce_1015_0 16563 finished at 2.50992e+06 total bytes 16000
Flow Roce_116_0 14943 finished at 2.50998e+06 total bytes 16000
Flow Roce_447_0 13827 finished at 2.51126e+06 total bytes 16000
Flow Roce_253_0 15351 finished at 2.51209e+06 total bytes 16000
Flow Roce_1009_0 14439 finished at 2.5123e+06 total bytes 16000
Flow Roce_1013_0 15411 finished at 2.51375e+06 total bytes 16000
Flow Roce_223_0 15813 finished at 2.51398e+06 total bytes 16000
Flow Roce_463_0 15174 finished at 2.51479e+06 total bytes 16000
Flow Roce_114_0 14226 finished at 2.51762e+06 total bytes 16000
Flow Roce_900_0 13893 finished at 2.51826e+06 total bytes 16000
Flow Roce_158_0 15246 finished at 2.51832e+06 total bytes 16000
Flow Roce_515_0 16296 finished at 2.51833e+06 total bytes 16000
Flow Roce_903_0 16599 finished at 2.51932e+06 total bytes 16000
Flow Roce_960_0 15081 finished at 2.5197e+06 total bytes 16000
Flow Roce_961_0 14949 finished at 2.51977e+06 total bytes 16000
Flow Roce_154_0 15222 finished at 2.51994e+06 total bytes 16000
Flow Roce_957_0 15021 finished at 2.5207e+06 total bytes 16000
Flow Roce_443_0 15963 finished at 2.52169e+06 total bytes 16000
Flow Roce_273_0 16647 finished at 2.52206e+06 total bytes 16000
Flow Roce_394_0 14376 finished at 2.52236e+06 total bytes 16000
Flow Roce_966_0 14118 finished at 2.52256e+06 total bytes 16000
Flow Roce_967_0 14448 finished at 2.52278e+06 total bytes 16000
Flow Roce_115_0 15387 finished at 2.52366e+06 total bytes 16000
Flow Roce_118_0 15573 finished at 2.52462e+06 total bytes 16000
Flow Roce_514_0 15240 finished at 2.52488e+06 total bytes 16000
Flow Roce_278_0 15084 finished at 2.52641e+06 total bytes 16000
Flow Roce_956_0 15138 finished at 2.52678e+06 total bytes 16000
Flow Roce_955_0 15264 finished at 2.52734e+06 total bytes 16000
Flow Roce_99_0 15696 finished at 2.5274e+06 total bytes 16000
Flow Roce_103_0 16509 finished at 2.52761e+06 total bytes 16000
Flow Roce_512_0 16443 finished at 2.52888e+06 total bytes 16000
Flow Roce_96_0 13782 finished at 2.5308e+06 total bytes 16000
Flow Roce_251_0 15291 finished at 2.53096e+06 total bytes 16000
Flow Roce_513_0 16473 finished at 2.53117e+06 total bytes 16000
Flow Roce_1022_0 15216 finished at 2.53301e+06 total bytes 16000
Flow Roce_100_0 14418 finished at 2.53447e+06 total bytes 16000
Flow Roce_498_0 14400 finished at 2.53448e+06 total bytes 16000
Flow Roce_102_0 15783 finished at 2.53471e+06 total bytes 16000
Flow Roce_501_0 15612 finished at 2.53522e+06 total bytes 16000
Flow Roce_255_0 13947 finished at 2.53546e+06 total bytes 16000
Flow Roce_214_0 15039 finished at 2.53575e+06 total bytes 16000
Flow Roce_246_0 15489 finished at 2.53641e+06 total bytes 16000
Flow Roce_609_0 13761 finished at 2.53724e+06 total bytes 16000
Flow Roce_958_0 16257 finished at 2.53734e+06 total bytes 16000
Flow Roce_612_0 14136 finished at 2.53846e+06 total bytes 16000
Flow Roce_608_0 16314 finished at 2.53896e+06 total bytes 16000
Flow Roce_315_0 15357 finished at 2.53934e+06 total bytes 16000
Flow Roce_290_0 14421 finished at 2.53938e+06 total bytes 16000
Flow Roce_1019_0 16572 finished at 2.54071e+06 total bytes 16000
Flow Roce_1023_0 13683 finished at 2.54094e+06 total bytes 16000
Flow Roce_212_0 15201 finished at 2.54115e+06 total bytes 16000
Flow Roce_954_0 15837 finished at 2.54155e+06 total bytes 16000
Flow Roce_615_0 16137 finished at 2.54176e+06 total bytes 16000
Flow Roce_953_0 15069 finished at 2.54188e+06 total bytes 16000
Flow Roce_959_0 15624 finished at 2.54189e+06 total bytes 16000
Flow Roce_215_0 16689 finished at 2.54211e+06 total bytes 16000
Flow Roce_496_0 13719 finished at 2.54383e+06 total bytes 16000
Flow Roce_474_0 14802 finished at 2.54485e+06 total bytes 16000
Flow Roce_611_0 14058 finished at 2.54609e+06 total bytes 16000
Flow Roce_610_0 15426 finished at 2.54616e+06 total bytes 16000
Flow Roce_613_0 13926 finished at 2.54634e+06 total bytes 16000
Flow Roce_441_0 14613 finished at 2.54698e+06 total bytes 16000
Flow Roce_478_0 14586 finished at 2.54715e+06 total bytes 16000
Flow Roce_199_0 15765 finished at 2.54739e+06 total bytes 16000
Flow Roce_573_0 14961 finished at 2.54748e+06 total bytes 16000
Flow Roce_488_0 13866 finished at 2.54816e+06 total bytes 16000
Flow Roce_574_0 14046 finished at 2.54881e+06 total bytes 16000
Flow Roce_516_0 14910 finished at 2.54914e+06 total bytes 16000
Flow Roce_284_0 15522 finished at 2.54916e+06 total bytes 16000
Flow Roce_548_0 15684 finished at 2.54918e+06 total bytes 16000
Flow Roce_476_0 14676 finished at 2.54993e+06 total bytes 16000
Flow Roce_545_0 14637 finished at 2.54996e+06 total bytes 16000
Flow Roce_129_0 15864 finished at 2.551e+06 total bytes 16000
Flow Roce_133_0 16218 finished at 2.55118e+06 total bytes 16000
Flow Roce_547_0 14820 finished at 2.55177e+06 total bytes 16000
Flow Roce_269_0 14751 finished at 2.55326e+06 total bytes 16000
Flow Roce_286_0 14223 finished at 2.55357e+06 total bytes 16000
Flow Roce_497_0 16176 finished at 2.5536e+06 total bytes 16000
Flow Roce_226_0 15918 finished at 2.55515e+06 total bytes 16000
Flow Roce_130_0 15204 finished at 2.55621e+06 total bytes 16000
Flow Roce_131_0 14745 finished at 2.55635e+06 total bytes 16000
Flow Roce_128_0 14655 finished at 2.55644e+06 total bytes 16000
Flow Roce_503_0 15006 finished at 2.55649e+06 total bytes 16000
Flow Roce_274_0 15543 finished at 2.55745e+06 total bytes 16000
Flow Roce_224_0 14514 finished at 2.55787e+06 total bytes 16000
Flow Roce_669_0 14274 finished at 2.55799e+06 total bytes 16000
Flow Roce_665_0 15897 finished at 2.55811e+06 total bytes 16000
Flow Roce_221_0 15381 finished at 2.55831e+06 total bytes 16000
Flow Roce_307_0 14070 finished at 2.55866e+06 total bytes 16000
Flow Roce_572_0 15093 finished at 2.55915e+06 total bytes 16000
Flow Roce_500_0 16683 finished at 2.56018e+06 total bytes 16000
Flow Roce_671_0 14574 finished at 2.56143e+06 total bytes 16000
Flow Roce_570_0 16518 finished at 2.56148e+06 total bytes 16000
Flow Roce_541_0 16578 finished at 2.56155e+06 total bytes 16000
Flow Roce_282_0 15090 finished at 2.56172e+06 total bytes 16000
Flow Roce_310_0 14517 finished at 2.56213e+06 total bytes 16000
Flow Roce_502_0 16341 finished at 2.56215e+06 total bytes 16000
Flow Roce_479_0 14013 finished at 2.56215e+06 total bytes 16000
Flow Roce_419_0 14700 finished at 2.5629e+06 total bytes 16000
Flow Roce_210_0 14667 finished at 2.56311e+06 total bytes 16000
Flow Roce_549_0 14520 finished at 2.5634e+06 total bytes 16000
Flow Roce_506_0 15252 finished at 2.56357e+06 total bytes 16000
Flow Roce_551_0 14733 finished at 2.56378e+06 total bytes 16000
Flow Roce_420_0 13713 finished at 2.56429e+06 total bytes 16000
Flow Roce_254_0 14934 finished at 2.56447e+06 total bytes 16000
Flow Roce_509_0 16011 finished at 2.56465e+06 total bytes 16000
Flow Roce_510_0 14580 finished at 2.56526e+06 total bytes 16000
Flow Roce_473_0 14604 finished at 2.56668e+06 total bytes 16000
Flow Roce_416_0 14649 finished at 2.56675e+06 total bytes 16000
Flow Roce_472_0 15807 finished at 2.56676e+06 total bytes 16000
Flow Roce_664_0 16029 finished at 2.56687e+06 total bytes 16000
Flow Roce_670_0 15618 finished at 2.56727e+06 total bytes 16000
Flow Roce_422_0 14721 finished at 2.56731e+06 total bytes 16000
Flow Roce_944_0 14166 finished at 2.56736e+06 total bytes 16000
Flow Roce_285_0 14385 finished at 2.56795e+06 total bytes 16000
Flow Roce_306_0 15867 finished at 2.56914e+06 total bytes 16000
Flow Roce_304_0 16494 finished at 2.57035e+06 total bytes 16000
Flow Roce_252_0 15303 finished at 2.57103e+06 total bytes 16000
Flow Roce_951_0 15249 finished at 2.57109e+06 total bytes 16000
Flow Roce_949_0 16533 finished at 2.57123e+06 total bytes 16000
Flow Roce_616_0 15417 finished at 2.57141e+06 total bytes 16000
Flow Roce_618_0 14085 finished at 2.57183e+06 total bytes 16000
Flow Roce_910_0 16278 finished at 2.57243e+06 total bytes 16000
Flow Roce_946_0 14565 finished at 2.57248e+06 total bytes 16000
Flow Roce_536_0 14436 finished at 2.5728e+06 total bytes 16000
Flow Roce_950_0 14457 finished at 2.57294e+06 total bytes 16000
Flow Roce_508_0 16710 finished at 2.57298e+06 total bytes 16000
Flow Roce_571_0 14430 finished at 2.573e+06 total bytes 16000
Flow Roce_909_0 14763 finished at 2.57304e+06 total bytes 16000
Flow Roce_911_0 14541 finished at 2.57316e+06 total bytes 16000
Flow Roce_908_0 16017 finished at 2.57371e+06 total bytes 16000
Flow Roce_905_0 13977 finished at 2.57395e+06 total bytes 16000
Flow Roce_543_0 14157 finished at 2.57442e+06 total bytes 16000
Flow Roce_417_0 15591 finished at 2.57459e+06 total bytes 16000
Flow Roce_421_0 15177 finished at 2.57466e+06 total bytes 16000
Flow Roce_211_0 16206 finished at 2.57662e+06 total bytes 16000
Flow Roce_228_0 16575 finished at 2.57744e+06 total bytes 16000
Flow Roce_537_0 15900 finished at 2.57769e+06 total bytes 16000
Flow Roce_499_0 14478 finished at 2.57845e+06 total bytes 16000
Flow Roce_511_0 13860 finished at 2.58076e+06 total bytes 16000
Flow Roce_277_0 14373 finished at 2.58114e+06 total bytes 16000
Flow Roce_539_0 14685 finished at 2.58407e+06 total bytes 16000
Flow Roce_405_0 15891 finished at 2.58626e+06 total bytes 16000
Flow Roce_400_0 16671 finished at 2.58636e+06 total bytes 16000
Flow Roce_401_0 15408 finished at 2.5865e+06 total bytes 16000
Flow Roce_272_0 14298 finished at 2.58672e+06 total bytes 16000
Flow Roce_276_0 16254 finished at 2.58726e+06 total bytes 16000
Flow Roce_275_0 15648 finished at 2.58799e+06 total bytes 16000
Flow Roce_279_0 14757 finished at 2.58803e+06 total bytes 16000
Flow Roce_406_0 14871 finished at 2.58809e+06 total bytes 16000
Flow Roce_402_0 14454 finished at 2.58814e+06 total bytes 16000
Flow Roce_407_0 15951 finished at 2.58818e+06 total bytes 16000
Flow Roce_617_0 14748 finished at 2.58966e+06 total bytes 16000
Flow Roce_505_0 15762 finished at 2.58971e+06 total bytes 16000
Flow Roce_619_0 15615 finished at 2.59053e+06 total bytes 16000
Flow Roce_623_0 16665 finished at 2.59209e+06 total bytes 16000
Flow Roce_430_0 14694 finished at 2.59841e+06 total bytes 16000
Flow Roce_425_0 16407 finished at 2.60149e+06 total bytes 16000
Flow Roce_429_0 15063 finished at 2.60477e+06 total bytes 16000
Flow Roce_582_0 14547 finished at 2.60493e+06 total bytes 16000
Flow Roce_577_0 15714 finished at 2.60566e+06 total bytes 16000
Flow Roce_625_0 14016 finished at 2.6096e+06 total bytes 16000
Flow Roce_579_0 15834 finished at 2.61109e+06 total bytes 16000
Flow Roce_583_0 16731 finished at 2.61209e+06 total bytes 16000
Flow Roce_629_0 14388 finished at 2.61322e+06 total bytes 16000
Flow Roce_576_0 15309 finished at 2.61341e+06 total bytes 16000
Flow Roce_428_0 14280 finished at 2.61357e+06 total bytes 16000
Flow Roce_581_0 14760 finished at 2.61394e+06 total bytes 16000
Flow Roce_580_0 15549 finished at 2.61397e+06 total bytes 16000
Flow Roce_427_0 16527 finished at 2.61498e+06 total bytes 16000
Flow Roce_631_0 15261 finished at 2.61668e+06 total bytes 16000
Flow Roce_560_0 13680 finished at 2.61694e+06 total bytes 16000
Flow Roce_562_0 16395 finished at 2.6183e+06 total bytes 16000
Flow Roce_630_0 16317 finished at 2.61943e+06 total bytes 16000
Flow Roce_566_0 14466 finished at 2.61959e+06 total bytes 16000
Flow Roce_563_0 14997 finished at 2.62035e+06 total bytes 16000
Flow Roce_626_0 14670 finished at 2.62047e+06 total bytes 16000
Flow Roce_628_0 16146 finished at 2.62093e+06 total bytes 16000
Flow Roce_627_0 15735 finished at 2.62124e+06 total bytes 16000
Flow Roce_567_0 16560 finished at 2.62237e+06 total bytes 16000
Flow Roce_564_0 16122 finished at 2.62333e+06 total bytes 16000
Flow Roce_762_0 16416 finished at 2.62544e+06 total bytes 16000
Flow Roce_765_0 13899 finished at 2.62702e+06 total bytes 16000
Flow Roce_710_0 14526 finished at 2.63599e+06 total bytes 16000
Flow Roce_709_0 15564 finished at 2.6378e+06 total bytes 16000
Flow Roce_760_0 14889 finished at 2.63811e+06 total bytes 16000
Flow Roce_766_0 14244 finished at 2.63841e+06 total bytes 16000
Flow Roce_720_0 16389 finished at 2.63946e+06 total bytes 16000
Flow Roce_704_0 13746 finished at 2.63994e+06 total bytes 16000
Flow Roce_724_0 14307 finished at 2.64016e+06 total bytes 16000
Flow Roce_411_0 14880 finished at 2.64166e+06 total bytes 16000
Flow Roce_412_0 15732 finished at 2.64167e+06 total bytes 16000
Flow Roce_409_0 15402 finished at 2.64184e+06 total bytes 16000
Flow Roce_485_0 14187 finished at 2.6419e+06 total bytes 16000
Flow Roce_410_0 13776 finished at 2.64203e+06 total bytes 16000
Flow Roce_487_0 14892 finished at 2.64206e+06 total bytes 16000
Flow Roce_486_0 16008 finished at 2.64228e+06 total bytes 16000
Flow Roce_415_0 16272 finished at 2.64292e+06 total bytes 16000
Flow Roce_483_0 14379 finished at 2.64342e+06 total bytes 16000
Flow Roce_722_0 15933 finished at 2.64368e+06 total bytes 16000
Flow Roce_706_0 14451 finished at 2.64374e+06 total bytes 16000
Flow Roce_708_0 15720 finished at 2.64456e+06 total bytes 16000
Flow Roce_726_0 14406 finished at 2.64495e+06 total bytes 16000
Flow Roce_727_0 14160 finished at 2.64517e+06 total bytes 16000
Flow Roce_414_0 16410 finished at 2.6454e+06 total bytes 16000
Flow Roce_413_0 14391 finished at 2.64565e+06 total bytes 16000
Flow Roce_408_0 13890 finished at 2.6457e+06 total bytes 16000
Flow Roce_480_0 13725 finished at 2.64584e+06 total bytes 16000
Flow Roce_484_0 16701 finished at 2.64604e+06 total bytes 16000
Flow Roce_454_0 14856 finished at 2.65492e+06 total bytes 16000
Flow Roce_450_0 16371 finished at 2.65494e+06 total bytes 16000
Flow Roce_455_0 13731 finished at 2.65511e+06 total bytes 16000
Flow Roce_453_0 14295 finished at 2.65672e+06 total bytes 16000
Flow Roce_287_0 14913 finished at 2.65687e+06 total bytes 16000
Flow Roce_258_0 14511 finished at 2.6569e+06 total bytes 16000
Flow Roce_451_0 15009 finished at 2.65699e+06 total bytes 16000
Flow Roce_449_0 16569 finished at 2.65704e+06 total bytes 16000
Flow Roce_280_0 16032 finished at 2.65707e+06 total bytes 16000
Flow Roce_262_0 16716 finished at 2.65773e+06 total bytes 16000
Flow Roce_305_0 14829 finished at 2.65885e+06 total bytes 16000
Flow Roce_308_0 14673 finished at 2.65913e+06 total bytes 16000
Flow Roce_283_0 14850 finished at 2.6595e+06 total bytes 16000
Flow Roce_281_0 14055 finished at 2.65957e+06 total bytes 16000
Flow Roce_260_0 15978 finished at 2.65964e+06 total bytes 16000
Flow Roce_263_0 14433 finished at 2.65973e+06 total bytes 16000
Flow Roce_309_0 13920 finished at 2.66025e+06 total bytes 16000
Flow Roce_311_0 16455 finished at 2.6603e+06 total bytes 16000
Flow Roce_301_0 15207 finished at 2.66051e+06 total bytes 16000
Flow Roce_300_0 14592 finished at 2.66069e+06 total bytes 16000
Flow Roce_302_0 16023 finished at 2.66077e+06 total bytes 16000
Flow Roce_297_0 16536 finished at 2.6608e+06 total bytes 16000
Flow Roce_296_0 14040 finished at 2.66093e+06 total bytes 16000
Flow Roce_303_0 15537 finished at 2.66115e+06 total bytes 16000
Flow Roce_298_0 16056 finished at 2.66116e+06 total bytes 16000
New: 0 Rtx: 0
OVERFLOW_COUNT 0
