..........Flow Roce_51_0 29752 finished at 510850 total bytes 25000
Flow Roce_58_0 32692 finished at 513005 total bytes 25000
Flow Roce_47_0 31780 finished at 515239 total bytes 25000
Flow Roce_34_0 32564 finished at 516517 total bytes 25000
Flow Roce_23_0 33248 finished at 522970 total bytes 25000
Flow Roce_43_0 31516 finished at 524206 total bytes 25000
Flow Roce_15_0 32540 finished at 524645 total bytes 25000
Flow Roce_8_0 29884 finished at 525140 total bytes 25000
Flow Roce_26_0 30092 finished at 527259 total bytes 25000
Flow Roce_31_0 32872 finished at 528744 total bytes 25000
|....Flow Roce_46_0 31068 finished at 783805 total bytes 25000
Flow Roce_61_0 32252 finished at 784188 total bytes 25000
Flow Roce_59_0 29532 finished at 784886 total bytes 25000
Flow Roce_41_0 31884 finished at 784946 total bytes 25000
Flow Roce_33_0 31232 finished at 785041 total bytes 25000
Flow Roce_17_0 31340 finished at 786726 total bytes 25000
Flow Roce_14_0 29760 finished at 787005 total bytes 25000
Flow Roce_21_0 31472 finished at 787020 total bytes 25000
Flow Roce_10_0 33232 finished at 787303 total bytes 25000
Flow Roce_25_0 32428 finished at 787333 total bytes 25000
Flow Roce_32_0 33252 finished at 787559 total bytes 25000
Flow Roce_24_0 30032 finished at 788030 total bytes 25000
Flow Roce_63_0 30516 finished at 788439 total bytes 25000
Flow Roce_62_0 30664 finished at 789281 total bytes 25000
.....Flow Roce_53_0 29364 finished at 1.01078e+06 total bytes 25000
Flow Roce_13_0 32812 finished at 1.01484e+06 total bytes 25000
Flow Roce_38_0 29844 finished at 1.03074e+06 total bytes 25000
Flow Roce_44_0 30860 finished at 1.03202e+06 total bytes 25000
Flow Roce_19_0 32364 finished at 1.03213e+06 total bytes 25000
.Flow Roce_16_0 30596 finished at 1.05309e+06 total bytes 25000
Flow Roce_11_0 31652 finished at 1.05339e+06 total bytes 25000
Flow Roce_12_0 30104 finished at 1.08078e+06 total bytes 25000
|Flow Roce_22_0 32372 finished at 1.1186e+06 total bytes 25000
.Flow Roce_415_0 32788 finished at 1.17185e+06 total bytes 25000
Flow Roce_49_0 32236 finished at 1.17217e+06 total bytes 25000
Flow Roce_40_0 30220 finished at 1.17479e+06 total bytes 25000
Flow Roce_37_0 32352 finished at 1.17972e+06 total bytes 25000
Flow Roce_39_0 32184 finished at 1.19375e+06 total bytes 25000
Flow Roce_48_0 29416 finished at 1.19926e+06 total bytes 25000
.Flow Roce_50_0 29600 finished at 1.20146e+06 total bytes 25000
Flow Roce_712_0 32308 finished at 1.22202e+06 total bytes 25000
Flow Roce_244_0 29444 finished at 1.22553e+06 total bytes 25000
Flow Roce_1011_0 30716 finished at 1.22582e+06 total bytes 25000
.Flow Roce_56_0 30492 finished at 1.25935e+06 total bytes 25000
Flow Roce_558_0 32320 finished at 1.27206e+06 total bytes 25000
Flow Roce_60_0 29928 finished at 1.28497e+06 total bytes 25000
.Flow Roce_36_0 32992 finished at 1.30927e+06 total bytes 25000
Flow Roce_57_0 29896 finished at 1.31135e+06 total bytes 25000
Flow Roce_30_0 33332 finished at 1.31986e+06 total bytes 25000
Flow Roce_677_0 29388 finished at 1.32409e+06 total bytes 25000
Flow Roce_783_0 33388 finished at 1.32534e+06 total bytes 25000
Flow Roce_27_0 33244 finished at 1.3311e+06 total bytes 25000
Flow Roce_29_0 32604 finished at 1.33571e+06 total bytes 25000
Flow Roce_217_0 30196 finished at 1.34419e+06 total bytes 25000
.Flow Roce_55_0 29548 finished at 1.36968e+06 total bytes 25000
Flow Roce_489_0 31680 finished at 1.38027e+06 total bytes 25000
Flow Roce_1002_0 32096 finished at 1.3806e+06 total bytes 25000
.Flow Roce_52_0 30744 finished at 1.40575e+06 total bytes 25000
.Flow Roce_328_0 31644 finished at 1.46831e+06 total bytes 25000
Flow Roce_229_0 32296 finished at 1.47327e+06 total bytes 25000
.Flow Roce_28_0 31656 finished at 1.52934e+06 total bytes 25000
.Flow Roce_42_0 31984 finished at 1.55271e+06 total bytes 25000
Flow Roce_9_0 32192 finished at 1.55799e+06 total bytes 25000
Flow Roce_18_0 32548 finished at 1.56575e+06 total bytes 25000
Flow Roce_553_0 32800 finished at 1.57635e+06 total bytes 25000
Flow Roce_313_0 31376 finished at 1.59205e+06 total bytes 25000
Flow Roce_35_0 29480 finished at 1.59312e+06 total bytes 25000
.Flow Roce_20_0 29976 finished at 1.60037e+06 total bytes 25000
Flow Roce_759_0 32728 finished at 1.60442e+06 total bytes 25000
Flow Roce_354_0 33164 finished at 1.60499e+06 total bytes 25000
Flow Roce_54_0 30004 finished at 1.61338e+06 total bytes 25000
Flow Roce_45_0 32864 finished at 1.64718e+06 total bytes 25000
|Flow Roce_639_0 32628 finished at 1.65163e+06 total bytes 25000
Flow Roce_186_0 32580 finished at 1.66653e+06 total bytes 25000
.Flow Roce_260_0 32396 finished at 1.72048e+06 total bytes 25000
Flow Roce_380_0 32884 finished at 1.72139e+06 total bytes 25000
Flow Roce_865_0 29632 finished at 1.73209e+06 total bytes 25000
Flow Roce_521_0 32912 finished at 1.74482e+06 total bytes 25000
.Flow Roce_482_0 30048 finished at 1.75663e+06 total bytes 25000
Flow Roce_780_0 33368 finished at 1.76788e+06 total bytes 25000
Flow Roce_810_0 29988 finished at 1.77144e+06 total bytes 25000
Flow Roce_738_0 29708 finished at 1.77252e+06 total bytes 25000
Flow Roce_476_0 30660 finished at 1.77975e+06 total bytes 25000
Flow Roce_477_0 29584 finished at 1.78246e+06 total bytes 25000
Flow Roce_290_0 30320 finished at 1.79583e+06 total bytes 25000
.Flow Roce_478_0 30540 finished at 1.84496e+06 total bytes 25000
.Flow Roce_921_0 31800 finished at 1.85638e+06 total bytes 25000
Flow Roce_431_0 31300 finished at 1.88485e+06 total bytes 25000
..Flow Roce_1015_0 33176 finished at 1.98037e+06 total bytes 25000
Flow Roce_768_0 30012 finished at 1.98274e+06 total bytes 25000
.Flow Roce_242_0 29736 finished at 2.02564e+06 total bytes 25000
Flow Roce_422_0 30720 finished at 2.02681e+06 total bytes 25000
Flow Roce_620_0 29472 finished at 2.02797e+06 total bytes 25000
Flow Roce_157_0 30404 finished at 2.03149e+06 total bytes 25000
.Flow Roce_606_0 33272 finished at 2.05445e+06 total bytes 25000
Flow Roce_455_0 29400 finished at 2.05518e+06 total bytes 25000
Flow Roce_671_0 30524 finished at 2.08523e+06 total bytes 25000
Flow Roce_401_0 31636 finished at 2.08882e+06 total bytes 25000
Flow Roce_944_0 29980 finished at 2.08905e+06 total bytes 25000
Flow Roce_348_0 32036 finished at 2.09083e+06 total bytes 25000
Flow Roce_420_0 29376 finished at 2.09112e+06 total bytes 25000
Flow Roce_441_0 30576 finished at 2.09802e+06 total bytes 25000
Flow Roce_945_0 33112 finished at 2.09843e+06 total bytes 25000
.Flow Roce_596_0 31596 finished at 2.10407e+06 total bytes 25000
Flow Roce_92_0 31544 finished at 2.11602e+06 total bytes 25000
Flow Roce_533_0 29656 finished at 2.11637e+06 total bytes 25000
Flow Roce_988_0 30912 finished at 2.123e+06 total bytes 25000
Flow Roce_485_0 30008 finished at 2.13672e+06 total bytes 25000
Flow Roce_371_0 29680 finished at 2.13787e+06 total bytes 25000
Flow Roce_405_0 32280 finished at 2.14261e+06 total bytes 25000
.Flow Roce_1023_0 29336 finished at 2.15191e+06 total bytes 25000
Flow Roce_463_0 31324 finished at 2.15612e+06 total bytes 25000
Flow Roce_280_0 32468 finished at 2.15953e+06 total bytes 25000
Flow Roce_190_0 32508 finished at 2.16342e+06 total bytes 25000
Flow Roce_700_0 30176 finished at 2.16379e+06 total bytes 25000
Flow Roce_100_0 30316 finished at 2.1678e+06 total bytes 25000
Flow Roce_327_0 30788 finished at 2.16902e+06 total bytes 25000
Flow Roce_508_0 33372 finished at 2.17111e+06 total bytes 25000
Flow Roce_505_0 32108 finished at 2.17572e+06 total bytes 25000
Flow Roce_928_0 31848 finished at 2.1815e+06 total bytes 25000
Flow Roce_934_0 29748 finished at 2.18455e+06 total bytes 25000
Flow Roce_361_0 29808 finished at 2.18549e+06 total bytes 25000
Flow Roce_514_0 31412 finished at 2.18839e+06 total bytes 25000
Flow Roce_833_0 32656 finished at 2.19262e+06 total bytes 25000
Flow Roce_808_0 33348 finished at 2.1937e+06 total bytes 25000
Flow Roce_115_0 31608 finished at 2.19487e+06 total bytes 25000
Flow Roce_349_0 31928 finished at 2.1978e+06 total bytes 25000
Flow Roce_963_0 31288 finished at 2.19848e+06 total bytes 25000
|Flow Roce_111_0 32908 finished at 2.20186e+06 total bytes 25000
Flow Roce_384_0 32928 finished at 2.20261e+06 total bytes 25000
Flow Roce_922_0 30128 finished at 2.20307e+06 total bytes 25000
Flow Roce_183_0 30528 finished at 2.20336e+06 total bytes 25000
Flow Roce_193_0 32408 finished at 2.2051e+06 total bytes 25000
Flow Roce_400_0 33320 finished at 2.20582e+06 total bytes 25000
Flow Roce_576_0 31504 finished at 2.20948e+06 total bytes 25000
Flow Roce_599_0 32584 finished at 2.21332e+06 total bytes 25000
Flow Roce_470_0 32612 finished at 2.23754e+06 total bytes 25000
Flow Roce_494_0 29360 finished at 2.23754e+06 total bytes 25000
.Flow Roce_504_0 29344 finished at 2.25939e+06 total bytes 25000
Flow Roce_702_0 30696 finished at 2.26838e+06 total bytes 25000
Flow Roce_342_0 31248 finished at 2.27398e+06 total bytes 25000
Flow Roce_129_0 32244 finished at 2.27536e+06 total bytes 25000
Flow Roce_404_0 32836 finished at 2.27586e+06 total bytes 25000
Flow Roce_802_0 31268 finished at 2.27965e+06 total bytes 25000
Flow Roce_375_0 31020 finished at 2.2929e+06 total bytes 25000
Flow Roce_866_0 31192 finished at 2.29524e+06 total bytes 25000
Flow Roce_465_0 31308 finished at 2.29792e+06 total bytes 25000
Flow Roce_773_0 32536 finished at 2.29836e+06 total bytes 25000
Flow Roce_979_0 33180 finished at 2.29946e+06 total bytes 25000
.Flow Roce_332_0 30468 finished at 2.30348e+06 total bytes 25000
Flow Roce_565_0 32572 finished at 2.30433e+06 total bytes 25000
Flow Roce_304_0 33084 finished at 2.30643e+06 total bytes 25000
Flow Roce_272_0 30156 finished at 2.30714e+06 total bytes 25000
Flow Roce_901_0 29544 finished at 2.30834e+06 total bytes 25000
Flow Roce_662_0 30824 finished at 2.30879e+06 total bytes 25000
Flow Roce_779_0 31260 finished at 2.30883e+06 total bytes 25000
Flow Roce_124_0 33080 finished at 2.31029e+06 total bytes 25000
Flow Roce_835_0 31256 finished at 2.31165e+06 total bytes 25000
Flow Roce_910_0 32796 finished at 2.31281e+06 total bytes 25000
Flow Roce_801_0 30952 finished at 2.31676e+06 total bytes 25000
Flow Roce_484_0 33360 finished at 2.31808e+06 total bytes 25000
Flow Roce_527_0 32784 finished at 2.31826e+06 total bytes 25000
Flow Roce_817_0 32976 finished at 2.32031e+06 total bytes 25000
Flow Roce_804_0 31548 finished at 2.33421e+06 total bytes 25000
Flow Roce_277_0 30256 finished at 2.33912e+06 total bytes 25000
Flow Roce_424_0 32664 finished at 2.34019e+06 total bytes 25000
Flow Roce_278_0 31204 finished at 2.34846e+06 total bytes 25000
.Flow Roce_498_0 30292 finished at 2.35307e+06 total bytes 25000
Flow Roce_225_0 33152 finished at 2.38926e+06 total bytes 25000
Flow Roce_754_0 31112 finished at 2.3943e+06 total bytes 25000
Flow Roce_898_0 32008 finished at 2.39488e+06 total bytes 25000
Flow Roce_139_0 32040 finished at 2.39709e+06 total bytes 25000
Flow Roce_763_0 32060 finished at 2.39753e+06 total bytes 25000
Flow Roce_102_0 32136 finished at 2.3993e+06 total bytes 25000
.Flow Roce_269_0 30760 finished at 2.40427e+06 total bytes 25000
Flow Roce_428_0 30132 finished at 2.40455e+06 total bytes 25000
Flow Roce_786_0 33304 finished at 2.40517e+06 total bytes 25000
Flow Roce_227_0 30416 finished at 2.40577e+06 total bytes 25000
Flow Roce_334_0 32076 finished at 2.40579e+06 total bytes 25000
Flow Roce_79_0 32224 finished at 2.40846e+06 total bytes 25000
Flow Roce_285_0 30272 finished at 2.40975e+06 total bytes 25000
Flow Roce_266_0 31584 finished at 2.41342e+06 total bytes 25000
Flow Roce_563_0 31088 finished at 2.42319e+06 total bytes 25000
Flow Roce_539_0 30672 finished at 2.42434e+06 total bytes 25000
Flow Roce_551_0 30736 finished at 2.42703e+06 total bytes 25000
Flow Roce_600_0 31044 finished at 2.42831e+06 total bytes 25000
Flow Roce_982_0 30740 finished at 2.43893e+06 total bytes 25000
Flow Roce_1021_0 29724 finished at 2.44179e+06 total bytes 25000
Flow Roce_338_0 30724 finished at 2.44554e+06 total bytes 25000
Flow Roce_710_0 30460 finished at 2.44793e+06 total bytes 25000
Flow Roce_330_0 32444 finished at 2.44811e+06 total bytes 25000
Flow Roce_690_0 32560 finished at 2.44915e+06 total bytes 25000
.Flow Roce_510_0 30532 finished at 2.45251e+06 total bytes 25000
Flow Roce_175_0 32828 finished at 2.45303e+06 total bytes 25000
Flow Roce_830_0 31188 finished at 2.45838e+06 total bytes 25000
Flow Roce_989_0 30680 finished at 2.45954e+06 total bytes 25000
Flow Roce_483_0 30264 finished at 2.4624e+06 total bytes 25000
Flow Roce_701_0 30456 finished at 2.46471e+06 total bytes 25000
Flow Roce_628_0 32620 finished at 2.47132e+06 total bytes 25000
Flow Roce_635_0 31688 finished at 2.47243e+06 total bytes 25000
Flow Roce_902_0 30436 finished at 2.47412e+06 total bytes 25000
Flow Roce_501_0 31908 finished at 2.47417e+06 total bytes 25000
Flow Roce_509_0 32440 finished at 2.4759e+06 total bytes 25000
Flow Roce_101_0 29924 finished at 2.48237e+06 total bytes 25000
Flow Roce_230_0 31828 finished at 2.48576e+06 total bytes 25000
Flow Roce_976_0 30352 finished at 2.48892e+06 total bytes 25000
Flow Roce_76_0 30568 finished at 2.49325e+06 total bytes 25000
Flow Roce_838_0 31760 finished at 2.49671e+06 total bytes 25000
Flow Roce_698_0 31892 finished at 2.4973e+06 total bytes 25000
.Flow Roce_341_0 33072 finished at 2.5031e+06 total bytes 25000
Flow Roce_709_0 31844 finished at 2.5041e+06 total bytes 25000
Flow Roce_920_0 29828 finished at 2.50685e+06 total bytes 25000
Flow Roce_515_0 32820 finished at 2.50777e+06 total bytes 25000
Flow Roce_953_0 31184 finished at 2.50901e+06 total bytes 25000
Flow Roce_109_0 30668 finished at 2.51024e+06 total bytes 25000
Flow Roce_785_0 31000 finished at 2.51614e+06 total bytes 25000
Flow Roce_655_0 30100 finished at 2.52078e+06 total bytes 25000
Flow Roce_652_0 29992 finished at 2.52133e+06 total bytes 25000
Flow Roce_250_0 31468 finished at 2.52307e+06 total bytes 25000
Flow Roce_335_0 30964 finished at 2.52947e+06 total bytes 25000
Flow Roce_541_0 33196 finished at 2.52968e+06 total bytes 25000
Flow Roce_605_0 32180 finished at 2.53373e+06 total bytes 25000
Flow Roce_270_0 29560 finished at 2.53508e+06 total bytes 25000
Flow Roce_811_0 32228 finished at 2.54374e+06 total bytes 25000
Flow Roce_758_0 29412 finished at 2.54421e+06 total bytes 25000
Flow Roce_752_0 31280 finished at 2.54604e+06 total bytes 25000
.Flow Roce_171_0 31968 finished at 2.551e+06 total bytes 25000
Flow Roce_1006_0 29900 finished at 2.55273e+06 total bytes 25000
Flow Roce_753_0 32256 finished at 2.55294e+06 total bytes 25000
Flow Roce_265_0 32404 finished at 2.55899e+06 total bytes 25000
Flow Roce_456_0 29500 finished at 2.55958e+06 total bytes 25000
Flow Roce_812_0 31552 finished at 2.57158e+06 total bytes 25000
Flow Roce_253_0 31560 finished at 2.5763e+06 total bytes 25000
Flow Roce_909_0 30776 finished at 2.57989e+06 total bytes 25000
Flow Roce_425_0 32968 finished at 2.5825e+06 total bytes 25000
Flow Roce_771_0 31684 finished at 2.58792e+06 total bytes 25000
Flow Roce_507_0 29464 finished at 2.59068e+06 total bytes 25000
Flow Roce_978_0 31076 finished at 2.59235e+06 total bytes 25000
Flow Roce_626_0 30652 finished at 2.59556e+06 total bytes 25000
Flow Roce_114_0 30060 finished at 2.59574e+06 total bytes 25000
Flow Roce_836_0 31128 finished at 2.59635e+06 total bytes 25000
Flow Roce_757_0 30844 finished at 2.59866e+06 total bytes 25000
Flow Roce_299_0 31920 finished at 2.59994e+06 total bytes 25000
.Flow Roce_664_0 32464 finished at 2.60239e+06 total bytes 25000
Flow Roce_1005_0 33200 finished at 2.60583e+06 total bytes 25000
Flow Roce_964_0 30076 finished at 2.60587e+06 total bytes 25000
Flow Roce_430_0 30684 finished at 2.60597e+06 total bytes 25000
Flow Roce_518_0 33008 finished at 2.61209e+06 total bytes 25000
Flow Roce_582_0 30488 finished at 2.61235e+06 total bytes 25000
Flow Roce_618_0 29872 finished at 2.61524e+06 total bytes 25000
Flow Roce_106_0 31708 finished at 2.62035e+06 total bytes 25000
Flow Roce_731_0 29860 finished at 2.62467e+06 total bytes 25000
Flow Roce_449_0 33184 finished at 2.62499e+06 total bytes 25000
Flow Roce_911_0 30480 finished at 2.62693e+06 total bytes 25000
Flow Roce_824_0 31948 finished at 2.63437e+06 total bytes 25000
Flow Roce_872_0 31336 finished at 2.63588e+06 total bytes 25000
Flow Roce_887_0 30728 finished at 2.63731e+06 total bytes 25000
Flow Roce_815_0 31896 finished at 2.64897e+06 total bytes 25000
.Flow Roce_619_0 31912 finished at 2.6529e+06 total bytes 25000
Flow Roce_907_0 31720 finished at 2.65351e+06 total bytes 25000
Flow Roce_772_0 30820 finished at 2.6541e+06 total bytes 25000
Flow Roce_765_0 29624 finished at 2.65786e+06 total bytes 25000
Flow Roce_181_0 30020 finished at 2.65881e+06 total bytes 25000
Flow Roce_631_0 31440 finished at 2.66491e+06 total bytes 25000
Flow Roce_141_0 30960 finished at 2.66586e+06 total bytes 25000
Flow Roce_827_0 29664 finished at 2.67167e+06 total bytes 25000
Flow Roce_429_0 31176 finished at 2.67224e+06 total bytes 25000
Flow Roce_324_0 29964 finished at 2.67615e+06 total bytes 25000
Flow Roce_826_0 29484 finished at 2.68977e+06 total bytes 25000
Flow Roce_760_0 30944 finished at 2.69214e+06 total bytes 25000
Flow Roce_674_0 29552 finished at 2.69739e+06 total bytes 25000
.Flow Roce_344_0 30248 finished at 2.70163e+06 total bytes 25000
Flow Roce_519_0 32332 finished at 2.70637e+06 total bytes 25000
Flow Roce_914_0 32648 finished at 2.70704e+06 total bytes 25000
Flow Roce_418_0 29840 finished at 2.711e+06 total bytes 25000
Flow Roce_432_0 32412 finished at 2.72215e+06 total bytes 25000
Flow Roce_806_0 32624 finished at 2.72433e+06 total bytes 25000
Flow Roce_499_0 30396 finished at 2.72751e+06 total bytes 25000
Flow Roce_764_0 30412 finished at 2.73495e+06 total bytes 25000
Flow Roce_138_0 33404 finished at 2.74092e+06 total bytes 25000
Flow Roce_659_0 31156 finished at 2.7434e+06 total bytes 25000
Flow Roce_364_0 29448 finished at 2.74431e+06 total bytes 25000
Flow Roce_496_0 29384 finished at 2.74477e+06 total bytes 25000
Flow Roce_739_0 33284 finished at 2.74533e+06 total bytes 25000
|Flow Roce_125_0 30588 finished at 2.75503e+06 total bytes 25000
Flow Roce_71_0 31116 finished at 2.75693e+06 total bytes 25000
Flow Roce_207_0 29640 finished at 2.75768e+06 total bytes 25000
Flow Roce_894_0 29876 finished at 2.76596e+06 total bytes 25000
Flow Roce_118_0 31856 finished at 2.76907e+06 total bytes 25000
Flow Roce_651_0 32596 finished at 2.7701e+06 total bytes 25000
Flow Roce_686_0 31008 finished at 2.7733e+06 total bytes 25000
Flow Roce_676_0 32760 finished at 2.77425e+06 total bytes 25000
Flow Roce_660_0 30120 finished at 2.77519e+06 total bytes 25000
Flow Roce_142_0 31092 finished at 2.78038e+06 total bytes 25000
Flow Roce_755_0 31944 finished at 2.7834e+06 total bytes 25000
Flow Roce_357_0 29628 finished at 2.78501e+06 total bytes 25000
Flow Roce_119_0 31728 finished at 2.78823e+06 total bytes 25000
.Flow Roce_672_0 30484 finished at 2.80906e+06 total bytes 25000
Flow Roce_68_0 30160 finished at 2.81041e+06 total bytes 25000
Flow Roce_829_0 32720 finished at 2.81191e+06 total bytes 25000
Flow Roce_222_0 33212 finished at 2.81856e+06 total bytes 25000
Flow Roce_654_0 30800 finished at 2.82445e+06 total bytes 25000
Flow Roce_766_0 30084 finished at 2.83894e+06 total bytes 25000
Flow Roce_632_0 31404 finished at 2.84034e+06 total bytes 25000
Flow Roce_592_0 32776 finished at 2.84173e+06 total bytes 25000
Flow Roce_468_0 30236 finished at 2.84248e+06 total bytes 25000
Flow Roce_206_0 32144 finished at 2.84252e+06 total bytes 25000
Flow Roce_657_0 30936 finished at 2.84343e+06 total bytes 25000
Flow Roce_891_0 31476 finished at 2.84771e+06 total bytes 25000
Flow Roce_740_0 30560 finished at 2.84978e+06 total bytes 25000
.Flow Roce_597_0 30472 finished at 2.85131e+06 total bytes 25000
Flow Roce_633_0 31700 finished at 2.85238e+06 total bytes 25000
Flow Roce_204_0 31564 finished at 2.85643e+06 total bytes 25000
Flow Roce_678_0 30348 finished at 2.85694e+06 total bytes 25000
Flow Roce_1000_0 31108 finished at 2.86603e+06 total bytes 25000
Flow Roce_271_0 31048 finished at 2.86801e+06 total bytes 25000
Flow Roce_241_0 31992 finished at 2.87499e+06 total bytes 25000
Flow Roce_66_0 31620 finished at 2.87993e+06 total bytes 25000
Flow Roce_520_0 33048 finished at 2.88493e+06 total bytes 25000
Flow Roce_943_0 32092 finished at 2.88934e+06 total bytes 25000
Flow Roce_506_0 31428 finished at 2.88979e+06 total bytes 25000
Flow Roce_935_0 30216 finished at 2.89306e+06 total bytes 25000
Flow Roce_828_0 29496 finished at 2.89323e+06 total bytes 25000
Flow Roce_776_0 31028 finished at 2.89933e+06 total bytes 25000
.Flow Roce_930_0 31500 finished at 2.90187e+06 total bytes 25000
Flow Roce_642_0 29996 finished at 2.90321e+06 total bytes 25000
Flow Roce_636_0 31796 finished at 2.90524e+06 total bytes 25000
Flow Roce_245_0 29740 finished at 2.91212e+06 total bytes 25000
Flow Roce_634_0 29524 finished at 2.91233e+06 total bytes 25000
Flow Roce_1019_0 33188 finished at 2.91522e+06 total bytes 25000
Flow Roce_848_0 32188 finished at 2.9156e+06 total bytes 25000
Flow Roce_741_0 30268 finished at 2.9165e+06 total bytes 25000
Flow Roce_856_0 33324 finished at 2.91728e+06 total bytes 25000
Flow Roce_598_0 29768 finished at 2.91907e+06 total bytes 25000
Flow Roce_853_0 29888 finished at 2.92602e+06 total bytes 25000
Flow Roce_315_0 31568 finished at 2.92758e+06 total bytes 25000
Flow Roce_860_0 31776 finished at 2.92942e+06 total bytes 25000
Flow Roce_987_0 29512 finished at 2.92944e+06 total bytes 25000
Flow Roce_443_0 32376 finished at 2.93023e+06 total bytes 25000
Flow Roce_589_0 31572 finished at 2.93219e+06 total bytes 25000
Flow Roce_221_0 31600 finished at 2.93722e+06 total bytes 25000
Flow Roce_240_0 29504 finished at 2.93769e+06 total bytes 25000
Flow Roce_199_0 32112 finished at 2.94001e+06 total bytes 25000
Flow Roce_379_0 30544 finished at 2.94025e+06 total bytes 25000
Flow Roce_467_0 31612 finished at 2.9405e+06 total bytes 25000
Flow Roce_550_0 31408 finished at 2.94308e+06 total bytes 25000
Flow Roce_362_0 32772 finished at 2.94319e+06 total bytes 25000
Flow Roce_153_0 30904 finished at 2.9483e+06 total bytes 25000
.Flow Roce_728_0 31840 finished at 2.95388e+06 total bytes 25000
Flow Roce_735_0 30644 finished at 2.95454e+06 total bytes 25000
Flow Roce_282_0 31212 finished at 2.96884e+06 total bytes 25000
Flow Roce_267_0 29960 finished at 2.96973e+06 total bytes 25000
Flow Roce_607_0 29880 finished at 2.97291e+06 total bytes 25000
Flow Roce_74_0 29492 finished at 2.9799e+06 total bytes 25000
Flow Roce_888_0 29912 finished at 2.98141e+06 total bytes 25000
Flow Roce_96_0 29468 finished at 2.98297e+06 total bytes 25000
Flow Roce_1016_0 29644 finished at 2.98355e+06 total bytes 25000
Flow Roce_623_0 33312 finished at 2.985e+06 total bytes 25000
Flow Roce_97_0 33340 finished at 2.98572e+06 total bytes 25000
Flow Roce_239_0 33168 finished at 2.98612e+06 total bytes 25000
Flow Roce_194_0 30840 finished at 2.9872e+06 total bytes 25000
Flow Roce_491_0 30896 finished at 2.98769e+06 total bytes 25000
Flow Roce_789_0 31352 finished at 2.9881e+06 total bytes 25000
Flow Roce_85_0 30884 finished at 2.98818e+06 total bytes 25000
Flow Roce_637_0 31228 finished at 2.98875e+06 total bytes 25000
Flow Roce_457_0 33292 finished at 2.98954e+06 total bytes 25000
Flow Roce_933_0 30600 finished at 2.99231e+06 total bytes 25000
Flow Roce_692_0 32276 finished at 2.99595e+06 total bytes 25000
Flow Roce_255_0 29688 finished at 2.9995e+06 total bytes 25000
.Flow Roce_977_0 30940 finished at 3.00145e+06 total bytes 25000
Flow Roce_781_0 33308 finished at 3.0136e+06 total bytes 25000
Flow Roce_535_0 31356 finished at 3.01782e+06 total bytes 25000
Flow Roce_616_0 31648 finished at 3.01869e+06 total bytes 25000
Flow Roce_590_0 32272 finished at 3.02352e+06 total bytes 25000
Flow Roce_832_0 30372 finished at 3.03226e+06 total bytes 25000
Flow Roce_274_0 31816 finished at 3.03427e+06 total bytes 25000
Flow Roce_859_0 31724 finished at 3.03566e+06 total bytes 25000
Flow Roce_566_0 30380 finished at 3.03649e+06 total bytes 25000
Flow Roce_156_0 29352 finished at 3.04541e+06 total bytes 25000
Flow Roce_666_0 33240 finished at 3.04769e+06 total bytes 25000
Flow Roce_703_0 33216 finished at 3.04878e+06 total bytes 25000
.Flow Roce_350_0 31860 finished at 3.05195e+06 total bytes 25000
Flow Roce_325_0 31616 finished at 3.06094e+06 total bytes 25000
Flow Roce_321_0 31632 finished at 3.0611e+06 total bytes 25000
Flow Roce_923_0 32888 finished at 3.06537e+06 total bytes 25000
Flow Roce_547_0 30852 finished at 3.07196e+06 total bytes 25000
Flow Roce_288_0 32528 finished at 3.0724e+06 total bytes 25000
Flow Roce_1003_0 30208 finished at 3.07295e+06 total bytes 25000
Flow Roce_1007_0 29800 finished at 3.07396e+06 total bytes 25000
Flow Roce_390_0 31872 finished at 3.07631e+06 total bytes 25000
Flow Roce_622_0 30432 finished at 3.0766e+06 total bytes 25000
Flow Roce_614_0 29788 finished at 3.07734e+06 total bytes 25000
Flow Roce_994_0 32024 finished at 3.07917e+06 total bytes 25000
Flow Roce_869_0 32852 finished at 3.07975e+06 total bytes 25000
Flow Roce_279_0 30768 finished at 3.08009e+06 total bytes 25000
Flow Roce_336_0 32048 finished at 3.08024e+06 total bytes 25000
Flow Roce_451_0 31104 finished at 3.08224e+06 total bytes 25000
Flow Roce_868_0 33396 finished at 3.08589e+06 total bytes 25000
Flow Roce_347_0 31932 finished at 3.08618e+06 total bytes 25000
Flow Roce_522_0 32156 finished at 3.08782e+06 total bytes 25000
Flow Roce_870_0 30868 finished at 3.08864e+06 total bytes 25000
Flow Roce_881_0 33088 finished at 3.09007e+06 total bytes 25000
Flow Roce_876_0 31528 finished at 3.0904e+06 total bytes 25000
Flow Roce_915_0 33328 finished at 3.09242e+06 total bytes 25000
Flow Roce_912_0 31396 finished at 3.09286e+06 total bytes 25000
Flow Roce_889_0 31592 finished at 3.09422e+06 total bytes 25000
Flow Roce_320_0 32424 finished at 3.0951e+06 total bytes 25000
.Flow Roce_155_0 30172 finished at 3.10027e+06 total bytes 25000
Flow Roce_725_0 31712 finished at 3.10221e+06 total bytes 25000
Flow Roce_722_0 32336 finished at 3.10408e+06 total bytes 25000
Flow Roce_548_0 32004 finished at 3.10611e+06 total bytes 25000
Flow Roce_94_0 32576 finished at 3.10878e+06 total bytes 25000
Flow Roce_968_0 33268 finished at 3.11064e+06 total bytes 25000
Flow Roce_570_0 33116 finished at 3.11122e+06 total bytes 25000
Flow Roce_980_0 31136 finished at 3.11273e+06 total bytes 25000
Flow Roce_948_0 31672 finished at 3.11576e+06 total bytes 25000
Flow Roce_990_0 32116 finished at 3.11861e+06 total bytes 25000
Flow Roce_273_0 33288 finished at 3.12651e+06 total bytes 25000
Flow Roce_326_0 33256 finished at 3.1344e+06 total bytes 25000
Flow Roce_890_0 29792 finished at 3.13486e+06 total bytes 25000
Flow Roce_892_0 30140 finished at 3.13511e+06 total bytes 25000
Flow Roce_212_0 31360 finished at 3.13795e+06 total bytes 25000
Flow Roce_971_0 32480 finished at 3.13918e+06 total bytes 25000
Flow Roce_369_0 30812 finished at 3.14032e+06 total bytes 25000
Flow Roce_148_0 29892 finished at 3.14552e+06 total bytes 25000
.Flow Roce_152_0 30640 finished at 3.15491e+06 total bytes 25000
Flow Roce_767_0 31756 finished at 3.15858e+06 total bytes 25000
Flow Roce_645_0 33096 finished at 3.16084e+06 total bytes 25000
Flow Roce_363_0 29540 finished at 3.16605e+06 total bytes 25000
Flow Roce_174_0 31972 finished at 3.17209e+06 total bytes 25000
Flow Roce_426_0 30992 finished at 3.1743e+06 total bytes 25000
Flow Roce_172_0 32492 finished at 3.17715e+06 total bytes 25000
Flow Roce_135_0 30328 finished at 3.18128e+06 total bytes 25000
Flow Roce_917_0 31152 finished at 3.18196e+06 total bytes 25000
Flow Roce_298_0 32500 finished at 3.18312e+06 total bytes 25000
Flow Roce_970_0 30712 finished at 3.1868e+06 total bytes 25000
Flow Roce_466_0 32452 finished at 3.19252e+06 total bytes 25000
Flow Roce_98_0 30616 finished at 3.19269e+06 total bytes 25000
.Flow Roce_630_0 32848 finished at 3.20008e+06 total bytes 25000
Flow Roce_438_0 30112 finished at 3.20104e+06 total bytes 25000
Flow Roce_818_0 31284 finished at 3.20109e+06 total bytes 25000
Flow Roce_464_0 32544 finished at 3.20269e+06 total bytes 25000
Flow Roce_471_0 33144 finished at 3.20291e+06 total bytes 25000
Flow Roce_873_0 32672 finished at 3.20364e+06 total bytes 25000
Flow Roce_586_0 29712 finished at 3.20718e+06 total bytes 25000
Flow Roce_778_0 31320 finished at 3.20852e+06 total bytes 25000
Flow Roce_99_0 32020 finished at 3.21229e+06 total bytes 25000
Flow Roce_540_0 30764 finished at 3.21624e+06 total bytes 25000
Flow Roce_798_0 32904 finished at 3.22186e+06 total bytes 25000
Flow Roce_777_0 29608 finished at 3.22259e+06 total bytes 25000
Flow Roce_146_0 30572 finished at 3.22622e+06 total bytes 25000
Flow Roce_895_0 30392 finished at 3.23212e+06 total bytes 25000
Flow Roce_746_0 31224 finished at 3.23287e+06 total bytes 25000
Flow Roce_393_0 32740 finished at 3.2352e+06 total bytes 25000
Flow Roce_81_0 31264 finished at 3.23579e+06 total bytes 25000
Flow Roce_372_0 29908 finished at 3.242e+06 total bytes 25000
Flow Roce_169_0 30064 finished at 3.24302e+06 total bytes 25000
Flow Roce_337_0 30296 finished at 3.24681e+06 total bytes 25000
Flow Roce_374_0 32684 finished at 3.24979e+06 total bytes 25000
.Flow Roce_561_0 32012 finished at 3.25197e+06 total bytes 25000
Flow Roce_87_0 31980 finished at 3.25209e+06 total bytes 25000
Flow Roce_744_0 33204 finished at 3.26341e+06 total bytes 25000
Flow Roce_220_0 29432 finished at 3.26386e+06 total bytes 25000
Flow Roce_168_0 32900 finished at 3.26552e+06 total bytes 25000
Flow Roce_874_0 32996 finished at 3.26597e+06 total bytes 25000
Flow Roce_398_0 29636 finished at 3.26659e+06 total bytes 25000
Flow Roce_734_0 32216 finished at 3.26848e+06 total bytes 25000
Flow Roce_503_0 31100 finished at 3.26977e+06 total bytes 25000
Flow Roce_538_0 31316 finished at 3.2717e+06 total bytes 25000
Flow Roce_650_0 31304 finished at 3.28051e+06 total bytes 25000
Flow Roce_775_0 31736 finished at 3.28308e+06 total bytes 25000
Flow Roce_112_0 32400 finished at 3.28683e+06 total bytes 25000
Flow Roce_938_0 31888 finished at 3.28819e+06 total bytes 25000
Flow Roce_382_0 30628 finished at 3.28894e+06 total bytes 25000
Flow Roce_427_0 33128 finished at 3.2917e+06 total bytes 25000
Flow Roce_179_0 30784 finished at 3.29237e+06 total bytes 25000
Flow Roce_742_0 33092 finished at 3.29463e+06 total bytes 25000
Flow Roce_234_0 29436 finished at 3.29517e+06 total bytes 25000
Flow Roce_145_0 31384 finished at 3.29738e+06 total bytes 25000
Flow Roce_166_0 31732 finished at 3.29833e+06 total bytes 25000
Flow Roce_176_0 32164 finished at 3.29957e+06 total bytes 25000
|Flow Roce_893_0 29592 finished at 3.30446e+06 total bytes 25000
Flow Roce_699_0 30240 finished at 3.3051e+06 total bytes 25000
Flow Roce_228_0 33192 finished at 3.30659e+06 total bytes 25000
Flow Roce_185_0 30228 finished at 3.30679e+06 total bytes 25000
Flow Roce_668_0 33356 finished at 3.30747e+06 total bytes 25000
Flow Roce_939_0 33120 finished at 3.30784e+06 total bytes 25000
Flow Roce_956_0 31276 finished at 3.30846e+06 total bytes 25000
Flow Roce_434_0 30612 finished at 3.31098e+06 total bytes 25000
Flow Roce_556_0 31696 finished at 3.31264e+06 total bytes 25000
Flow Roce_165_0 32344 finished at 3.31292e+06 total bytes 25000
Flow Roce_984_0 33132 finished at 3.31334e+06 total bytes 25000
Flow Roce_932_0 30184 finished at 3.31463e+06 total bytes 25000
Flow Roce_177_0 30036 finished at 3.31562e+06 total bytes 25000
Flow Roce_792_0 30024 finished at 3.31613e+06 total bytes 25000
Flow Roce_679_0 31960 finished at 3.31778e+06 total bytes 25000
Flow Roce_825_0 29804 finished at 3.32013e+06 total bytes 25000
Flow Roce_151_0 31868 finished at 3.32108e+06 total bytes 25000
Flow Roce_577_0 32044 finished at 3.32115e+06 total bytes 25000
Flow Roce_182_0 32592 finished at 3.32367e+06 total bytes 25000
Flow Roce_609_0 29440 finished at 3.32429e+06 total bytes 25000
Flow Roce_816_0 31764 finished at 3.33074e+06 total bytes 25000
Flow Roce_178_0 32960 finished at 3.33244e+06 total bytes 25000
Flow Roce_88_0 31168 finished at 3.33504e+06 total bytes 25000
Flow Roce_345_0 31312 finished at 3.33636e+06 total bytes 25000
Flow Roce_170_0 29328 finished at 3.33915e+06 total bytes 25000
Flow Roce_653_0 29424 finished at 3.34182e+06 total bytes 25000
Flow Roce_819_0 31832 finished at 3.34218e+06 total bytes 25000
Flow Roce_998_0 31692 finished at 3.34722e+06 total bytes 25000
Flow Roce_236_0 32600 finished at 3.34839e+06 total bytes 25000
.Flow Roce_226_0 32316 finished at 3.35356e+06 total bytes 25000
Flow Roce_797_0 32708 finished at 3.35549e+06 total bytes 25000
Flow Roce_237_0 33160 finished at 3.35577e+06 total bytes 25000
Flow Roce_196_0 30704 finished at 3.35678e+06 total bytes 25000
Flow Roce_264_0 30848 finished at 3.36063e+06 total bytes 25000
Flow Roce_268_0 30068 finished at 3.36066e+06 total bytes 25000
Flow Roce_931_0 29516 finished at 3.36139e+06 total bytes 25000
Flow Roce_743_0 31132 finished at 3.3635e+06 total bytes 25000
Flow Roce_581_0 30772 finished at 3.36392e+06 total bytes 25000
Flow Roce_180_0 30408 finished at 3.36906e+06 total bytes 25000
Flow Roce_796_0 30732 finished at 3.37519e+06 total bytes 25000
Flow Roce_77_0 31448 finished at 3.37614e+06 total bytes 25000
Flow Roce_795_0 32940 finished at 3.37712e+06 total bytes 25000
Flow Roce_70_0 30464 finished at 3.37737e+06 total bytes 25000
Flow Roce_624_0 32752 finished at 3.37867e+06 total bytes 25000
Flow Roce_116_0 31016 finished at 3.37872e+06 total bytes 25000
Flow Roce_511_0 29572 finished at 3.37875e+06 total bytes 25000
Flow Roce_481_0 32868 finished at 3.37943e+06 total bytes 25000
Flow Roce_318_0 32220 finished at 3.38191e+06 total bytes 25000
Flow Roce_202_0 30796 finished at 3.38307e+06 total bytes 25000
Flow Roce_840_0 30400 finished at 3.38521e+06 total bytes 25000
Flow Roce_346_0 29576 finished at 3.39577e+06 total bytes 25000
.Flow Roce_625_0 29780 finished at 3.40402e+06 total bytes 25000
Flow Roce_985_0 32284 finished at 3.40403e+06 total bytes 25000
Flow Roce_232_0 30224 finished at 3.40472e+06 total bytes 25000
Flow Roce_231_0 32368 finished at 3.40579e+06 total bytes 25000
Flow Roce_584_0 32680 finished at 3.40898e+06 total bytes 25000
Flow Roce_160_0 30908 finished at 3.41374e+06 total bytes 25000
Flow Roce_615_0 32608 finished at 3.41387e+06 total bytes 25000
Flow Roce_831_0 31964 finished at 3.41789e+06 total bytes 25000
Flow Roce_133_0 32716 finished at 3.41859e+06 total bytes 25000
Flow Roce_905_0 29728 finished at 3.41879e+06 total bytes 25000
Flow Roce_926_0 32084 finished at 3.4203e+06 total bytes 25000
Flow Roce_687_0 33040 finished at 3.42265e+06 total bytes 25000
Flow Roce_557_0 30956 finished at 3.42513e+06 total bytes 25000
Flow Roce_339_0 30080 finished at 3.42631e+06 total bytes 25000
Flow Roce_343_0 31492 finished at 3.4264e+06 total bytes 25000
Flow Roce_555_0 33236 finished at 3.4313e+06 total bytes 25000
Flow Roce_200_0 30212 finished at 3.43157e+06 total bytes 25000
Flow Roce_233_0 32816 finished at 3.43381e+06 total bytes 25000
Flow Roce_188_0 31580 finished at 3.43537e+06 total bytes 25000
Flow Roce_877_0 30308 finished at 3.43592e+06 total bytes 25000
Flow Roce_365_0 31588 finished at 3.44197e+06 total bytes 25000
Flow Roce_601_0 31740 finished at 3.44613e+06 total bytes 25000
Flow Roce_132_0 29692 finished at 3.44738e+06 total bytes 25000
.Flow Roce_946_0 30512 finished at 3.45573e+06 total bytes 25000
Flow Roce_130_0 31364 finished at 3.45833e+06 total bytes 25000
Flow Roce_648_0 29744 finished at 3.46077e+06 total bytes 25000
Flow Roce_588_0 32128 finished at 3.46077e+06 total bytes 25000
Flow Roce_254_0 31004 finished at 3.46533e+06 total bytes 25000
Flow Roce_213_0 31668 finished at 3.46731e+06 total bytes 25000
Flow Roce_107_0 32104 finished at 3.46875e+06 total bytes 25000
Flow Roce_960_0 31200 finished at 3.47447e+06 total bytes 25000
Flow Roce_210_0 30648 finished at 3.47448e+06 total bytes 25000
Flow Roce_603_0 31060 finished at 3.47468e+06 total bytes 25000
Flow Roce_675_0 31344 finished at 3.47662e+06 total bytes 25000
Flow Roce_924_0 33260 finished at 3.47736e+06 total bytes 25000
Flow Roce_302_0 32456 finished at 3.47955e+06 total bytes 25000
Flow Roce_587_0 29408 finished at 3.48337e+06 total bytes 25000
Flow Roce_983_0 30808 finished at 3.48744e+06 total bytes 25000
Flow Roce_879_0 29816 finished at 3.49286e+06 total bytes 25000
Flow Roce_682_0 32100 finished at 3.49295e+06 total bytes 25000
Flow Roce_340_0 32616 finished at 3.49397e+06 total bytes 25000
Flow Roce_904_0 33020 finished at 3.49415e+06 total bytes 25000
Flow Roce_215_0 33344 finished at 3.49635e+06 total bytes 25000
Flow Roce_966_0 29916 finished at 3.4981e+06 total bytes 25000
.Flow Roce_205_0 32804 finished at 3.50032e+06 total bytes 25000
Flow Roce_82_0 30924 finished at 3.50408e+06 total bytes 25000
Flow Roce_121_0 33376 finished at 3.50618e+06 total bytes 25000
Flow Roce_842_0 32172 finished at 3.50816e+06 total bytes 25000
Flow Roce_694_0 33156 finished at 3.50912e+06 total bytes 25000
Flow Roce_685_0 31080 finished at 3.50912e+06 total bytes 25000
Flow Roce_799_0 29696 finished at 3.51009e+06 total bytes 25000
Flow Roce_680_0 32916 finished at 3.51048e+06 total bytes 25000
Flow Roce_749_0 31208 finished at 3.51096e+06 total bytes 25000
Flow Roce_407_0 32360 finished at 3.52347e+06 total bytes 25000
Flow Roce_105_0 33264 finished at 3.53582e+06 total bytes 25000
Flow Roce_218_0 32240 finished at 3.53903e+06 total bytes 25000
Flow Roce_108_0 29700 finished at 3.53908e+06 total bytes 25000
Flow Roce_878_0 32476 finished at 3.53984e+06 total bytes 25000
Flow Roce_841_0 32732 finished at 3.54279e+06 total bytes 25000
Flow Roce_1001_0 32120 finished at 3.54479e+06 total bytes 25000
Flow Roce_863_0 32520 finished at 3.54609e+06 total bytes 25000
Flow Roce_847_0 32132 finished at 3.54648e+06 total bytes 25000
Flow Roce_638_0 32160 finished at 3.54717e+06 total bytes 25000
.Flow Roce_837_0 32000 finished at 3.55142e+06 total bytes 25000
Flow Roce_423_0 30804 finished at 3.5568e+06 total bytes 25000
Flow Roce_331_0 31148 finished at 3.55808e+06 total bytes 25000
Flow Roce_965_0 30284 finished at 3.55876e+06 total bytes 25000
Flow Roce_356_0 32140 finished at 3.56039e+06 total bytes 25000
Flow Roce_417_0 31880 finished at 3.56048e+06 total bytes 25000
Flow Roce_291_0 33028 finished at 3.57407e+06 total bytes 25000
Flow Roce_793_0 31940 finished at 3.57671e+06 total bytes 25000
Flow Roce_730_0 31072 finished at 3.5775e+06 total bytes 25000
Flow Roce_843_0 31812 finished at 3.5794e+06 total bytes 25000
Flow Roce_311_0 33032 finished at 3.58019e+06 total bytes 25000
Flow Roce_611_0 29836 finished at 3.58061e+06 total bytes 25000
Flow Roce_750_0 29520 finished at 3.58431e+06 total bytes 25000
Flow Roce_580_0 31824 finished at 3.58456e+06 total bytes 25000
Flow Roce_90_0 30164 finished at 3.58621e+06 total bytes 25000
Flow Roce_366_0 32652 finished at 3.58809e+06 total bytes 25000
Flow Roce_967_0 30356 finished at 3.5931e+06 total bytes 25000
Flow Roce_262_0 33380 finished at 3.59334e+06 total bytes 25000
Flow Roce_437_0 32696 finished at 3.59563e+06 total bytes 25000
Flow Roce_408_0 29612 finished at 3.59563e+06 total bytes 25000
Flow Roce_306_0 32248 finished at 3.59565e+06 total bytes 25000
Flow Roce_461_0 33364 finished at 3.59781e+06 total bytes 25000
Flow Roce_316_0 32860 finished at 3.5983e+06 total bytes 25000
Flow Roce_992_0 29868 finished at 3.59921e+06 total bytes 25000
Flow Roce_736_0 29340 finished at 3.5997e+06 total bytes 25000
.Flow Roce_403_0 33004 finished at 3.60135e+06 total bytes 25000
Flow Roce_147_0 29672 finished at 3.60273e+06 total bytes 25000
Flow Roce_460_0 30108 finished at 3.60515e+06 total bytes 25000
Flow Roce_459_0 31540 finished at 3.60516e+06 total bytes 25000
Flow Roce_329_0 32268 finished at 3.60657e+06 total bytes 25000
Flow Roce_732_0 29856 finished at 3.6092e+06 total bytes 25000
Flow Roce_1018_0 31624 finished at 3.61877e+06 total bytes 25000
Flow Roce_1017_0 32568 finished at 3.62006e+06 total bytes 25000
Flow Roce_162_0 31332 finished at 3.62053e+06 total bytes 25000
Flow Roce_834_0 31096 finished at 3.62109e+06 total bytes 25000
Flow Roce_858_0 33124 finished at 3.62109e+06 total bytes 25000
Flow Roce_452_0 30604 finished at 3.6235e+06 total bytes 25000
Flow Roce_353_0 32780 finished at 3.62588e+06 total bytes 25000
Flow Roce_416_0 30624 finished at 3.62638e+06 total bytes 25000
Flow Roce_307_0 29852 finished at 3.62925e+06 total bytes 25000
Flow Roce_454_0 30900 finished at 3.63556e+06 total bytes 25000
Flow Roce_317_0 30148 finished at 3.63649e+06 total bytes 25000
Flow Roce_214_0 31144 finished at 3.64236e+06 total bytes 25000
Flow Roce_774_0 32532 finished at 3.6434e+06 total bytes 25000
.Flow Roce_358_0 29796 finished at 3.65183e+06 total bytes 25000
Flow Roce_191_0 33100 finished at 3.65215e+06 total bytes 25000
Flow Roce_144_0 29920 finished at 3.6542e+06 total bytes 25000
Flow Roce_319_0 30676 finished at 3.65634e+06 total bytes 25000
Flow Roce_849_0 31436 finished at 3.65692e+06 total bytes 25000
Flow Roce_1010_0 32016 finished at 3.66424e+06 total bytes 25000
Flow Roce_192_0 31508 finished at 3.66426e+06 total bytes 25000
Flow Roce_367_0 30504 finished at 3.66729e+06 total bytes 25000
Flow Roce_999_0 29956 finished at 3.66944e+06 total bytes 25000
Flow Roce_991_0 29348 finished at 3.67438e+06 total bytes 25000
Flow Roce_981_0 31576 finished at 3.67485e+06 total bytes 25000
Flow Roce_947_0 30888 finished at 3.67634e+06 total bytes 25000
Flow Roce_572_0 31216 finished at 3.67656e+06 total bytes 25000
Flow Roce_794_0 30252 finished at 3.6767e+06 total bytes 25000
Flow Roce_839_0 32088 finished at 3.69803e+06 total bytes 25000
Flow Roce_880_0 30496 finished at 3.6992e+06 total bytes 25000
.Flow Roce_821_0 29456 finished at 3.70222e+06 total bytes 25000
Flow Roce_201_0 30204 finished at 3.70805e+06 total bytes 25000
Flow Roce_387_0 30116 finished at 3.70813e+06 total bytes 25000
Flow Roce_161_0 32056 finished at 3.71047e+06 total bytes 25000
Flow Roce_608_0 32844 finished at 3.71093e+06 total bytes 25000
Flow Roce_1012_0 31296 finished at 3.71524e+06 total bytes 25000
Flow Roce_312_0 30028 finished at 3.71997e+06 total bytes 25000
Flow Roce_950_0 30368 finished at 3.73044e+06 total bytes 25000
Flow Roce_473_0 30564 finished at 3.73341e+06 total bytes 25000
Flow Roce_223_0 32176 finished at 3.73793e+06 total bytes 25000
Flow Roce_814_0 32484 finished at 3.73812e+06 total bytes 25000
Flow Roce_951_0 31424 finished at 3.7432e+06 total bytes 25000
Flow Roce_173_0 32824 finished at 3.74349e+06 total bytes 25000
.Flow Roce_359_0 29568 finished at 3.75022e+06 total bytes 25000
Flow Roce_936_0 31240 finished at 3.75613e+06 total bytes 25000
Flow Roce_954_0 32208 finished at 3.7596e+06 total bytes 25000
Flow Roce_458_0 29720 finished at 3.76368e+06 total bytes 25000
Flow Roce_949_0 33136 finished at 3.76506e+06 total bytes 25000
Flow Roce_355_0 32644 finished at 3.76625e+06 total bytes 25000
Flow Roce_385_0 30592 finished at 3.76967e+06 total bytes 25000
Flow Roce_419_0 30692 finished at 3.77751e+06 total bytes 25000
Flow Roce_807_0 31768 finished at 3.77846e+06 total bytes 25000
Flow Roce_219_0 32028 finished at 3.77868e+06 total bytes 25000
Flow Roce_822_0 33392 finished at 3.78013e+06 total bytes 25000
Flow Roce_737_0 32348 finished at 3.7829e+06 total bytes 25000
Flow Roce_247_0 29508 finished at 3.78379e+06 total bytes 25000
Flow Roce_89_0 32924 finished at 3.78402e+06 total bytes 25000
Flow Roce_103_0 33104 finished at 3.78486e+06 total bytes 25000
Flow Roce_993_0 33064 finished at 3.78513e+06 total bytes 25000
Flow Roce_569_0 30988 finished at 3.78525e+06 total bytes 25000
Flow Roce_961_0 31024 finished at 3.78549e+06 total bytes 25000
Flow Roce_388_0 32148 finished at 3.78667e+06 total bytes 25000
Flow Roce_91_0 31052 finished at 3.78855e+06 total bytes 25000
Flow Roce_756_0 32932 finished at 3.78915e+06 total bytes 25000
Flow Roce_803_0 32736 finished at 3.79095e+06 total bytes 25000
Flow Roce_649_0 29620 finished at 3.79189e+06 total bytes 25000
Flow Roce_352_0 32416 finished at 3.79483e+06 total bytes 25000
Flow Roce_389_0 33352 finished at 3.79815e+06 total bytes 25000
Flow Roce_195_0 33036 finished at 3.79941e+06 total bytes 25000
Flow Roce_995_0 32340 finished at 3.79957e+06 total bytes 25000
Flow Roce_762_0 32980 finished at 3.7999e+06 total bytes 25000
Flow Roce_567_0 33172 finished at 3.79994e+06 total bytes 25000
.Flow Roce_65_0 33384 finished at 3.80064e+06 total bytes 25000
Flow Roce_727_0 29972 finished at 3.80173e+06 total bytes 25000
Flow Roce_534_0 32896 finished at 3.80225e+06 total bytes 25000
Flow Roce_198_0 29316 finished at 3.80373e+06 total bytes 25000
Flow Roce_479_0 29776 finished at 3.8048e+06 total bytes 25000
Flow Roce_850_0 33044 finished at 3.80532e+06 total bytes 25000
Flow Roce_1022_0 31380 finished at 3.80855e+06 total bytes 25000
Flow Roce_854_0 31520 finished at 3.80943e+06 total bytes 25000
Flow Roce_487_0 30948 finished at 3.80955e+06 total bytes 25000
Flow Roce_568_0 32676 finished at 3.81075e+06 total bytes 25000
Flow Roce_84_0 31820 finished at 3.8143e+06 total bytes 25000
Flow Roce_246_0 31744 finished at 3.81742e+06 total bytes 25000
Flow Roce_809_0 32080 finished at 3.81828e+06 total bytes 25000
Flow Roce_462_0 32300 finished at 3.81906e+06 total bytes 25000
Flow Roce_716_0 29948 finished at 3.82423e+06 total bytes 25000
Flow Roce_800_0 29936 finished at 3.82726e+06 total bytes 25000
Flow Roce_726_0 30300 finished at 3.82931e+06 total bytes 25000
Flow Roce_113_0 32516 finished at 3.83057e+06 total bytes 25000
Flow Roce_187_0 29848 finished at 3.83373e+06 total bytes 25000
Flow Roce_729_0 33060 finished at 3.83518e+06 total bytes 25000
Flow Roce_243_0 29324 finished at 3.83697e+06 total bytes 25000
Flow Roce_150_0 32356 finished at 3.83707e+06 total bytes 25000
Flow Roce_1020_0 33280 finished at 3.83975e+06 total bytes 25000
Flow Roce_560_0 29332 finished at 3.84242e+06 total bytes 25000
Flow Roce_723_0 29536 finished at 3.84495e+06 total bytes 25000
Flow Roce_488_0 29580 finished at 3.84565e+06 total bytes 25000
Flow Roce_721_0 32856 finished at 3.84612e+06 total bytes 25000
|Flow Roce_941_0 30288 finished at 3.85103e+06 total bytes 25000
Flow Roce_448_0 30016 finished at 3.85325e+06 total bytes 25000
Flow Roce_1004_0 31220 finished at 3.85513e+06 total bytes 25000
Flow Roce_95_0 31484 finished at 3.85557e+06 total bytes 25000
Flow Roce_391_0 33220 finished at 3.85597e+06 total bytes 25000
Flow Roce_444_0 33316 finished at 3.85618e+06 total bytes 25000
Flow Roce_251_0 31480 finished at 3.8616e+06 total bytes 25000
Flow Roce_929_0 29396 finished at 3.8619e+06 total bytes 25000
Flow Roce_940_0 31952 finished at 3.86449e+06 total bytes 25000
Flow Roce_673_0 32472 finished at 3.86455e+06 total bytes 25000
Flow Roce_962_0 33228 finished at 3.86458e+06 total bytes 25000
Flow Roce_472_0 32168 finished at 3.87291e+06 total bytes 25000
Flow Roce_805_0 31748 finished at 3.87453e+06 total bytes 25000
Flow Roce_117_0 32432 finished at 3.87823e+06 total bytes 25000
Flow Roce_386_0 30420 finished at 3.88115e+06 total bytes 25000
Flow Roce_414_0 32972 finished at 3.88121e+06 total bytes 25000
Flow Roce_713_0 33296 finished at 3.88266e+06 total bytes 25000
Flow Roce_78_0 30136 finished at 3.88548e+06 total bytes 25000
Flow Roce_733_0 31864 finished at 3.88702e+06 total bytes 25000
Flow Roce_184_0 31392 finished at 3.88712e+06 total bytes 25000
Flow Roce_769_0 29684 finished at 3.89225e+06 total bytes 25000
Flow Roce_714_0 31032 finished at 3.89445e+06 total bytes 25000
Flow Roce_110_0 31372 finished at 3.89942e+06 total bytes 25000
Flow Roce_131_0 30752 finished at 3.89999e+06 total bytes 25000
.Flow Roce_927_0 32948 finished at 3.90056e+06 total bytes 25000
Flow Roce_440_0 32032 finished at 3.90225e+06 total bytes 25000
Flow Roce_813_0 29588 finished at 3.90501e+06 total bytes 25000
Flow Roce_562_0 32952 finished at 3.90608e+06 total bytes 25000
Flow Roce_751_0 32876 finished at 3.90617e+06 total bytes 25000
Flow Roce_661_0 31456 finished at 3.90651e+06 total bytes 25000
Flow Roce_475_0 29772 finished at 3.90875e+06 total bytes 25000
Flow Roce_189_0 30928 finished at 3.91027e+06 total bytes 25000
Flow Roce_875_0 31772 finished at 3.91076e+06 total bytes 25000
Flow Roce_224_0 30444 finished at 3.9128e+06 total bytes 25000
Flow Roce_235_0 33276 finished at 3.91323e+06 total bytes 25000
Flow Roce_724_0 30168 finished at 3.91348e+06 total bytes 25000
Flow Roce_790_0 32808 finished at 3.91358e+06 total bytes 25000
Flow Roce_493_0 32688 finished at 3.91605e+06 total bytes 25000
Flow Roce_899_0 31784 finished at 3.91933e+06 total bytes 25000
Flow Roce_333_0 31036 finished at 3.92049e+06 total bytes 25000
Flow Roce_594_0 31900 finished at 3.92052e+06 total bytes 25000
Flow Roce_617_0 30756 finished at 3.92087e+06 total bytes 25000
Flow Roce_719_0 31348 finished at 3.92128e+06 total bytes 25000
Flow Roce_925_0 32504 finished at 3.92262e+06 total bytes 25000
Flow Roce_908_0 32448 finished at 3.92534e+06 total bytes 25000
Flow Roce_360_0 30880 finished at 3.92566e+06 total bytes 25000
Flow Roce_906_0 32124 finished at 3.92613e+06 total bytes 25000
Flow Roce_442_0 31252 finished at 3.9301e+06 total bytes 25000
Flow Roce_972_0 29756 finished at 3.93029e+06 total bytes 25000
Flow Roce_238_0 32792 finished at 3.93029e+06 total bytes 25000
Flow Roce_761_0 33076 finished at 3.93144e+06 total bytes 25000
Flow Roce_292_0 30816 finished at 3.9341e+06 total bytes 25000
Flow Roce_293_0 31140 finished at 3.93416e+06 total bytes 25000
Flow Roce_717_0 30428 finished at 3.93583e+06 total bytes 25000
Flow Roce_128_0 30632 finished at 3.93753e+06 total bytes 25000
Flow Roce_720_0 32944 finished at 3.9392e+06 total bytes 25000
Flow Roce_435_0 30836 finished at 3.93997e+06 total bytes 25000
Flow Roce_897_0 29864 finished at 3.94376e+06 total bytes 25000
Flow Roce_718_0 32152 finished at 3.94403e+06 total bytes 25000
Flow Roce_83_0 29556 finished at 3.94527e+06 total bytes 25000
Flow Roce_896_0 29944 finished at 3.94878e+06 total bytes 25000
Flow Roce_627_0 32072 finished at 3.94919e+06 total bytes 25000
.Flow Roce_900_0 29616 finished at 3.95183e+06 total bytes 25000
Flow Roce_500_0 33336 finished at 3.95243e+06 total bytes 25000
Flow Roce_952_0 31160 finished at 3.95491e+06 total bytes 25000
Flow Roce_770_0 30500 finished at 3.95908e+06 total bytes 25000
Flow Roce_411_0 30932 finished at 3.9592e+06 total bytes 25000
Flow Roce_394_0 30260 finished at 3.96026e+06 total bytes 25000
Flow Roce_433_0 33208 finished at 3.96073e+06 total bytes 25000
Flow Roce_629_0 30276 finished at 3.96403e+06 total bytes 25000
Flow Roce_958_0 32768 finished at 3.96707e+06 total bytes 25000
Flow Roce_748_0 32392 finished at 3.96807e+06 total bytes 25000
Flow Roce_782_0 29904 finished at 3.9757e+06 total bytes 25000
Flow Roce_820_0 31124 finished at 3.97619e+06 total bytes 25000
Flow Roce_409_0 31628 finished at 3.98186e+06 total bytes 25000
Flow Roce_134_0 32196 finished at 3.98228e+06 total bytes 25000
Flow Roce_252_0 31496 finished at 3.98369e+06 total bytes 25000
Flow Roce_969_0 29668 finished at 3.98461e+06 total bytes 25000
Flow Roce_844_0 30580 finished at 3.9848e+06 total bytes 25000
Flow Roce_445_0 29368 finished at 3.98575e+06 total bytes 25000
Flow Roce_564_0 32588 finished at 3.99244e+06 total bytes 25000
Flow Roce_412_0 32068 finished at 3.99262e+06 total bytes 25000
Flow Roce_104_0 31488 finished at 3.99381e+06 total bytes 25000
Flow Roce_413_0 30280 finished at 3.99393e+06 total bytes 25000
Flow Roce_373_0 30968 finished at 3.99438e+06 total bytes 25000
Flow Roce_845_0 30388 finished at 3.99544e+06 total bytes 25000
Flow Roce_885_0 30324 finished at 3.99601e+06 total bytes 25000
Flow Roce_613_0 29660 finished at 3.99607e+06 total bytes 25000
Flow Roce_289_0 32064 finished at 3.99832e+06 total bytes 25000
Flow Roce_886_0 30584 finished at 3.99892e+06 total bytes 25000
Flow Roce_646_0 32312 finished at 3.99951e+06 total bytes 25000
.Flow Roce_919_0 29932 finished at 4.00141e+06 total bytes 25000
Flow Roce_469_0 31792 finished at 4.00277e+06 total bytes 25000
Flow Roce_864_0 29476 finished at 4.00289e+06 total bytes 25000
Flow Roce_502_0 32880 finished at 4.00538e+06 total bytes 25000
Flow Roce_537_0 32292 finished at 4.0085e+06 total bytes 25000
Flow Roce_529_0 32304 finished at 4.00929e+06 total bytes 25000
Flow Roce_543_0 29968 finished at 4.01108e+06 total bytes 25000
Flow Roce_957_0 31120 finished at 4.01158e+06 total bytes 25000
Flow Roce_846_0 32324 finished at 4.01818e+06 total bytes 25000
Flow Roce_474_0 30828 finished at 4.01841e+06 total bytes 25000
Flow Roce_410_0 29460 finished at 4.01858e+06 total bytes 25000
Flow Roce_747_0 32748 finished at 4.01962e+06 total bytes 25000
Flow Roce_286_0 30056 finished at 4.01989e+06 total bytes 25000
Flow Roce_154_0 31388 finished at 4.02324e+06 total bytes 25000
Flow Roce_75_0 31876 finished at 4.02587e+06 total bytes 25000
Flow Roce_704_0 29420 finished at 4.02744e+06 total bytes 25000
Flow Roce_903_0 33224 finished at 4.02798e+06 total bytes 25000
Flow Roce_397_0 29372 finished at 4.02815e+06 total bytes 25000
Flow Roce_392_0 30876 finished at 4.02836e+06 total bytes 25000
Flow Roce_446_0 31704 finished at 4.03144e+06 total bytes 25000
Flow Roce_149_0 30312 finished at 4.03218e+06 total bytes 25000
Flow Roce_399_0 31236 finished at 4.03412e+06 total bytes 25000
Flow Roce_711_0 31400 finished at 4.0348e+06 total bytes 25000
Flow Roce_663_0 32832 finished at 4.0358e+06 total bytes 25000
Flow Roce_450_0 32920 finished at 4.038e+06 total bytes 25000
Flow Roce_913_0 31532 finished at 4.03818e+06 total bytes 25000
Flow Roce_158_0 31420 finished at 4.04054e+06 total bytes 25000
Flow Roce_447_0 29528 finished at 4.04102e+06 total bytes 25000
Flow Roce_497_0 32660 finished at 4.04121e+06 total bytes 25000
Flow Roce_955_0 31444 finished at 4.04305e+06 total bytes 25000
Flow Roce_791_0 30980 finished at 4.04374e+06 total bytes 25000
Flow Roce_1_0 30424 finished at 4.04699e+06 total bytes 25000
Flow Roce_249_0 32984 finished at 4.04748e+06 total bytes 25000
Flow Roce_669_0 30124 finished at 4.04882e+06 total bytes 25000
Flow Roce_3_0 33300 finished at 4.04941e+06 total bytes 25000
.Flow Roce_248_0 31716 finished at 4.05029e+06 total bytes 25000
Flow Roce_216_0 30520 finished at 4.05063e+06 total bytes 25000
Flow Roce_492_0 32988 finished at 4.05064e+06 total bytes 25000
Flow Roce_203_0 31180 finished at 4.0507e+06 total bytes 25000
Flow Roce_301_0 31368 finished at 4.05171e+06 total bytes 25000
Flow Roce_867_0 33012 finished at 4.05201e+06 total bytes 25000
Flow Roce_707_0 30052 finished at 4.05266e+06 total bytes 25000
Flow Roce_383_0 31292 finished at 4.05301e+06 total bytes 25000
Flow Roce_490_0 30700 finished at 4.05356e+06 total bytes 25000
Flow Roce_6_0 32744 finished at 4.05584e+06 total bytes 25000
Flow Roce_647_0 32260 finished at 4.05587e+06 total bytes 25000
Flow Roce_640_0 32512 finished at 4.05605e+06 total bytes 25000
Flow Roce_715_0 29320 finished at 4.0563e+06 total bytes 25000
Flow Roce_745_0 30244 finished at 4.05676e+06 total bytes 25000
Flow Roce_986_0 31664 finished at 4.05742e+06 total bytes 25000
Flow Roce_641_0 31460 finished at 4.05746e+06 total bytes 25000
Flow Roce_396_0 32420 finished at 4.05955e+06 total bytes 25000
Flow Roce_67_0 31988 finished at 4.05996e+06 total bytes 25000
Flow Roce_823_0 29648 finished at 4.0606e+06 total bytes 25000
Flow Roce_2_0 32640 finished at 4.06141e+06 total bytes 25000
Flow Roce_526_0 30304 finished at 4.06143e+06 total bytes 25000
Flow Roce_696_0 31524 finished at 4.06202e+06 total bytes 25000
Flow Roce_4_0 31056 finished at 4.06324e+06 total bytes 25000
Flow Roce_959_0 31924 finished at 4.06361e+06 total bytes 25000
Flow Roce_303_0 31808 finished at 4.06574e+06 total bytes 25000
Flow Roce_7_0 30476 finished at 4.06577e+06 total bytes 25000
Flow Roce_297_0 33140 finished at 4.06675e+06 total bytes 25000
Flow Roce_378_0 30872 finished at 4.06676e+06 total bytes 25000
Flow Roce_64_0 30856 finished at 4.06694e+06 total bytes 25000
Flow Roce_593_0 32840 finished at 4.06757e+06 total bytes 25000
Flow Roce_370_0 31556 finished at 4.06799e+06 total bytes 25000
Flow Roce_5_0 29704 finished at 4.06953e+06 total bytes 25000
Flow Roce_377_0 31936 finished at 4.07129e+06 total bytes 25000
Flow Roce_281_0 29832 finished at 4.07219e+06 total bytes 25000
Flow Roce_996_0 30144 finished at 4.07391e+06 total bytes 25000
Flow Roce_1013_0 31640 finished at 4.07597e+06 total bytes 25000
Flow Roce_591_0 30376 finished at 4.07623e+06 total bytes 25000
Flow Roce_296_0 29812 finished at 4.07628e+06 total bytes 25000
Flow Roce_159_0 29676 finished at 4.07824e+06 total bytes 25000
Flow Roce_376_0 32956 finished at 4.07859e+06 total bytes 25000
Flow Roce_1009_0 30344 finished at 4.08211e+06 total bytes 25000
Flow Roce_918_0 33068 finished at 4.08611e+06 total bytes 25000
Flow Roce_314_0 32232 finished at 4.08767e+06 total bytes 25000
Flow Roce_300_0 30548 finished at 4.08848e+06 total bytes 25000
Flow Roce_644_0 30384 finished at 4.08954e+06 total bytes 25000
Flow Roce_595_0 30096 finished at 4.09116e+06 total bytes 25000
Flow Roce_787_0 31452 finished at 4.09126e+06 total bytes 25000
Flow Roce_665_0 32288 finished at 4.09557e+06 total bytes 25000
Flow Roce_689_0 31464 finished at 4.09695e+06 total bytes 25000
Flow Roce_688_0 31084 finished at 4.09805e+06 total bytes 25000
Flow Roce_784_0 29764 finished at 4.09809e+06 total bytes 25000
Flow Roce_211_0 32700 finished at 4.09903e+06 total bytes 25000
Flow Roce_916_0 29732 finished at 4.09945e+06 total bytes 25000
.Flow Roce_578_0 31804 finished at 4.10034e+06 total bytes 25000
Flow Roce_705_0 29380 finished at 4.10054e+06 total bytes 25000
Flow Roce_621_0 32380 finished at 4.10146e+06 total bytes 25000
Flow Roce_453_0 30152 finished at 4.10239e+06 total bytes 25000
Flow Roce_788_0 29428 finished at 4.10287e+06 total bytes 25000
Flow Roce_643_0 31752 finished at 4.10317e+06 total bytes 25000
Flow Roce_706_0 30360 finished at 4.10333e+06 total bytes 25000
Flow Roce_871_0 32756 finished at 4.10492e+06 total bytes 25000
Flow Roce_542_0 29596 finished at 4.10515e+06 total bytes 25000
Flow Roce_610_0 31660 finished at 4.10557e+06 total bytes 25000
Flow Roce_406_0 30920 finished at 4.10559e+06 total bytes 25000
Flow Roce_708_0 32052 finished at 4.10612e+06 total bytes 25000
Flow Roce_612_0 29940 finished at 4.10842e+06 total bytes 25000
Flow Roce_523_0 32388 finished at 4.10887e+06 total bytes 25000
Flow Roce_197_0 30780 finished at 4.10953e+06 total bytes 25000
Flow Roce_294_0 29952 finished at 4.11094e+06 total bytes 25000
Flow Roce_579_0 32204 finished at 4.11098e+06 total bytes 25000
Flow Roce_530_0 30792 finished at 4.11337e+06 total bytes 25000
Flow Roce_480_0 29392 finished at 4.11341e+06 total bytes 25000
Flow Roce_167_0 30688 finished at 4.11414e+06 total bytes 25000
Flow Roce_257_0 31604 finished at 4.11422e+06 total bytes 25000
Flow Roce_93_0 31536 finished at 4.11488e+06 total bytes 25000
Flow Roce_295_0 29488 finished at 4.11545e+06 total bytes 25000
Flow Roce_486_0 32436 finished at 4.11781e+06 total bytes 25000
Flow Roce_656_0 29404 finished at 4.11868e+06 total bytes 25000
Flow Roce_532_0 32712 finished at 4.12075e+06 total bytes 25000
Flow Roce_143_0 30636 finished at 4.12249e+06 total bytes 25000
Flow Roce_495_0 30508 finished at 4.12266e+06 total bytes 25000
Flow Roce_575_0 32704 finished at 4.12278e+06 total bytes 25000
Flow Roce_693_0 30984 finished at 4.12497e+06 total bytes 25000
Flow Roce_549_0 30452 finished at 4.12527e+06 total bytes 25000
Flow Roce_695_0 32328 finished at 4.12738e+06 total bytes 25000
Flow Roce_573_0 31040 finished at 4.12756e+06 total bytes 25000
Flow Roce_536_0 30340 finished at 4.12897e+06 total bytes 25000
Flow Roce_1008_0 32384 finished at 4.12955e+06 total bytes 25000
Flow Roce_975_0 31272 finished at 4.13247e+06 total bytes 25000
Flow Roce_861_0 32892 finished at 4.13486e+06 total bytes 25000
Flow Roce_585_0 31836 finished at 4.13621e+06 total bytes 25000
Flow Roce_524_0 29824 finished at 4.13625e+06 total bytes 25000
Flow Roce_163_0 32212 finished at 4.13714e+06 total bytes 25000
Flow Roce_997_0 30620 finished at 4.13729e+06 total bytes 25000
Flow Roce_862_0 32264 finished at 4.13765e+06 total bytes 25000
Flow Roce_1014_0 33148 finished at 4.13799e+06 total bytes 25000
Flow Roce_658_0 33108 finished at 4.13894e+06 total bytes 25000
Flow Roce_545_0 30608 finished at 4.1396e+06 total bytes 25000
Flow Roce_284_0 31788 finished at 4.13968e+06 total bytes 25000
Flow Roce_164_0 32488 finished at 4.14158e+06 total bytes 25000
Flow Roce_937_0 32460 finished at 4.1431e+06 total bytes 25000
Flow Roce_516_0 30972 finished at 4.14337e+06 total bytes 25000
Flow Roce_554_0 32632 finished at 4.14346e+06 total bytes 25000
Flow Roce_857_0 30916 finished at 4.14349e+06 total bytes 25000
Flow Roce_571_0 30332 finished at 4.14395e+06 total bytes 25000
Flow Roce_261_0 30088 finished at 4.14486e+06 total bytes 25000
Flow Roce_583_0 33400 finished at 4.14747e+06 total bytes 25000
Flow Roce_604_0 33000 finished at 4.14807e+06 total bytes 25000
.Flow Roce_421_0 31328 finished at 4.15043e+06 total bytes 25000
Flow Roce_684_0 31512 finished at 4.15137e+06 total bytes 25000
Flow Roce_667_0 30536 finished at 4.15331e+06 total bytes 25000
Flow Roce_559_0 30200 finished at 4.15388e+06 total bytes 25000
Flow Roce_263_0 30336 finished at 4.15464e+06 total bytes 25000
Flow Roce_517_0 32668 finished at 4.15469e+06 total bytes 25000
Flow Roce_323_0 31676 finished at 4.15645e+06 total bytes 25000
Flow Roce_256_0 32524 finished at 4.15653e+06 total bytes 25000
Flow Roce_258_0 30440 finished at 4.15757e+06 total bytes 25000
Flow Roce_395_0 29564 finished at 4.15766e+06 total bytes 25000
Flow Roce_137_0 31976 finished at 4.15792e+06 total bytes 25000
Flow Roce_381_0 30072 finished at 4.16031e+06 total bytes 25000
Flow Roce_691_0 32936 finished at 4.16058e+06 total bytes 25000
Flow Roce_69_0 29984 finished at 4.16124e+06 total bytes 25000
Flow Roce_670_0 31916 finished at 4.1641e+06 total bytes 25000
Flow Roce_351_0 30040 finished at 4.16503e+06 total bytes 25000
Flow Roce_531_0 30188 finished at 4.16577e+06 total bytes 25000
Flow Roce_973_0 31172 finished at 4.16579e+06 total bytes 25000
Flow Roce_697_0 31904 finished at 4.16598e+06 total bytes 25000
Flow Roce_681_0 32964 finished at 4.16615e+06 total bytes 25000
Flow Roce_683_0 29356 finished at 4.16667e+06 total bytes 25000
Flow Roce_120_0 31064 finished at 4.16834e+06 total bytes 25000
Flow Roce_309_0 29652 finished at 4.16896e+06 total bytes 25000
Flow Roce_122_0 29716 finished at 4.17096e+06 total bytes 25000
Flow Roce_276_0 32764 finished at 4.17116e+06 total bytes 25000
Flow Roce_525_0 32724 finished at 4.17159e+06 total bytes 25000
Flow Roce_308_0 30656 finished at 4.17201e+06 total bytes 25000
Flow Roce_602_0 33024 finished at 4.17216e+06 total bytes 25000
Flow Roce_513_0 33056 finished at 4.17218e+06 total bytes 25000
Flow Roce_275_0 31956 finished at 4.17219e+06 total bytes 25000
Flow Roce_942_0 30708 finished at 4.17239e+06 total bytes 25000
Flow Roce_368_0 31432 finished at 4.17305e+06 total bytes 25000
Flow Roce_80_0 30832 finished at 4.17314e+06 total bytes 25000
Flow Roce_574_0 29820 finished at 4.17316e+06 total bytes 25000
Flow Roce_287_0 30976 finished at 4.17319e+06 total bytes 25000
Flow Roce_855_0 30232 finished at 4.17358e+06 total bytes 25000
Flow Roce_402_0 30364 finished at 4.1736e+06 total bytes 25000
Flow Roce_86_0 32552 finished at 4.17374e+06 total bytes 25000
Flow Roce_439_0 30192 finished at 4.17425e+06 total bytes 25000
Flow Roce_283_0 30892 finished at 4.17454e+06 total bytes 25000
Flow Roce_436_0 31196 finished at 4.17473e+06 total bytes 25000
Flow Roce_546_0 31996 finished at 4.17474e+06 total bytes 25000
Flow Roce_208_0 29604 finished at 4.17516e+06 total bytes 25000
Flow Roce_552_0 32636 finished at 4.17524e+06 total bytes 25000
Flow Roce_974_0 33052 finished at 4.17605e+06 total bytes 25000
Flow Roce_126_0 29784 finished at 4.17643e+06 total bytes 25000
Flow Roce_544_0 31416 finished at 4.17651e+06 total bytes 25000
Flow Roce_528_0 30552 finished at 4.17653e+06 total bytes 25000
Flow Roce_259_0 32200 finished at 4.17659e+06 total bytes 25000
Flow Roce_305_0 30864 finished at 4.17698e+06 total bytes 25000
Flow Roce_310_0 30448 finished at 4.17704e+06 total bytes 25000
Flow Roce_72_0 32496 finished at 4.17711e+06 total bytes 25000
Flow Roce_209_0 30180 finished at 4.17725e+06 total bytes 25000
Flow Roce_123_0 31012 finished at 4.17753e+06 total bytes 25000
Flow Roce_512_0 33016 finished at 4.17797e+06 total bytes 25000
Flow Roce_73_0 32556 finished at 4.17967e+06 total bytes 25000
Flow Roce_140_0 30556 finished at 4.17982e+06 total bytes 25000
Flow Roce_136_0 30000 finished at 4.18017e+06 total bytes 25000
Flow Roce_883_0 30996 finished at 4.18032e+06 total bytes 25000
Flow Roce_882_0 30044 finished at 4.18039e+06 total bytes 25000
Flow Roce_322_0 30748 finished at 4.18056e+06 total bytes 25000
Flow Roce_884_0 31852 finished at 4.18065e+06 total bytes 25000
Flow Roce_127_0 31244 finished at 4.18073e+06 total bytes 25000
Flow Roce_851_0 31164 finished at 4.18108e+06 total bytes 25000
Flow Roce_852_0 29452 finished at 4.1812e+06 total bytes 25000
New: 0 Rtx: 0
PFC_PAUSES 4482962 PFC_PAUSE_US 6.77077e+09 MAX_QUEUE_BYTES 113792
OVERFLOW_COUNT 0
