..Flow Roce_94_0 16928 finished at 103757 total bytes 4000
.Flow Roce_355_0 16996 finished at 165556 total bytes 4000
Flow Roce_597_0 14824 finished at 166008 total bytes 4000
Flow Roce_347_0 16284 finished at 167957 total bytes 4000
Flow Roce_345_0 15664 finished at 170817 total bytes 4000
Flow Roce_578_0 16156 finished at 178859 total bytes 4000
Flow Roce_753_0 16608 finished at 180963 total bytes 4000
Flow Roce_755_0 16296 finished at 185266 total bytes 4000
Flow Roce_375_0 15372 finished at 187514 total bytes 4000
Flow Roce_759_0 17080 finished at 188345 total bytes 4000
Flow Roce_481_0 17220 finished at 191826 total bytes 4000
Flow Roce_482_0 14400 finished at 192475 total bytes 4000
.Flow Roce_397_0 13724 finished at 205854 total bytes 4000
Flow Roce_392_0 15228 finished at 208315 total bytes 4000
Flow Roce_952_0 15512 finished at 223129 total bytes 4000
Flow Roce_477_0 13936 finished at 227335 total bytes 4000
Flow Roce_475_0 14124 finished at 229959 total bytes 4000
Flow Roce_654_0 15152 finished at 237737 total bytes 4000
Flow Roce_651_0 16948 finished at 241504 total bytes 4000
Flow Roce_653_0 13776 finished at 242261 total bytes 4000
.Flow Roce_795_0 17292 finished at 250077 total bytes 4000
Flow Roce_990_0 16468 finished at 251555 total bytes 4000
Flow Roce_101_0 14276 finished at 254740 total bytes 4000
Flow Roce_793_0 16292 finished at 256337 total bytes 4000
Flow Roce_97_0 17692 finished at 257464 total bytes 4000
Flow Roce_702_0 15048 finished at 259049 total bytes 4000
Flow Roce_584_0 17032 finished at 261486 total bytes 4000
Flow Roce_589_0 15924 finished at 263105 total bytes 4000
Flow Roce_989_0 15032 finished at 263433 total bytes 4000
Flow Roce_426_0 15344 finished at 269552 total bytes 4000
Flow Roce_703_0 17568 finished at 270319 total bytes 4000
Flow Roce_424_0 17016 finished at 271085 total bytes 4000
Flow Roce_445_0 13720 finished at 271151 total bytes 4000
Flow Roce_553_0 17152 finished at 272863 total bytes 4000
Flow Roce_444_0 17668 finished at 273187 total bytes 4000
Flow Roce_431_0 15652 finished at 273271 total bytes 4000
Flow Roce_98_0 14968 finished at 274854 total bytes 4000
Flow Roce_785_0 15352 finished at 275081 total bytes 4000
Flow Roce_234_0 13788 finished at 275099 total bytes 4000
Flow Roce_791_0 15332 finished at 276720 total bytes 4000
Flow Roce_236_0 16952 finished at 280378 total bytes 4000
Flow Roce_238_0 17144 finished at 285652 total bytes 4000
Flow Roce_288_0 16880 finished at 292987 total bytes 4000
Flow Roce_575_0 17056 finished at 295953 total bytes 4000
Flow Roce_558_0 16672 finished at 297018 total bytes 4000
.Flow Roce_569_0 15340 finished at 300203 total bytes 4000
Flow Roce_877_0 14660 finished at 301502 total bytes 4000
Flow Roce_552_0 16988 finished at 301803 total bytes 4000
Flow Roce_556_0 16048 finished at 301958 total bytes 4000
Flow Roce_233_0 17168 finished at 302122 total bytes 4000
Flow Roce_568_0 17028 finished at 305044 total bytes 4000
Flow Roce_294_0 14304 finished at 306134 total bytes 4000
Flow Roce_293_0 15492 finished at 313930 total bytes 4000
Flow Roce_289_0 16416 finished at 314516 total bytes 4000
Flow Roce_291_0 17380 finished at 314911 total bytes 4000
Flow Roce_295_0 13840 finished at 314911 total bytes 4000
Flow Roce_342_0 15600 finished at 315186 total bytes 4000
Flow Roce_259_0 16552 finished at 316505 total bytes 4000
Flow Roce_936_0 15592 finished at 317910 total bytes 4000
Flow Roce_343_0 15844 finished at 318730 total bytes 4000
Flow Roce_339_0 14432 finished at 318846 total bytes 4000
Flow Roce_466_0 16804 finished at 320142 total bytes 4000
Flow Roce_257_0 15956 finished at 321362 total bytes 4000
Flow Roce_470_0 16964 finished at 325262 total bytes 4000
Flow Roce_464_0 16896 finished at 326935 total bytes 4000
Flow Roce_256_0 16876 finished at 329042 total bytes 4000
Flow Roce_714_0 15384 finished at 331283 total bytes 4000
Flow Roce_261_0 14440 finished at 333389 total bytes 4000
Flow Roce_136_0 14352 finished at 335892 total bytes 4000
Flow Roce_718_0 16504 finished at 340531 total bytes 4000
Flow Roce_713_0 17648 finished at 340908 total bytes 4000
Flow Roce_942_0 15060 finished at 341383 total bytes 4000
Flow Roce_857_0 15268 finished at 342751 total bytes 4000
Flow Roce_939_0 17472 finished at 344769 total bytes 4000
Flow Roce_122_0 14068 finished at 345981 total bytes 4000
Flow Roce_141_0 15312 finished at 347344 total bytes 4000
Flow Roce_159_0 14028 finished at 348827 total bytes 4000
Flow Roce_152_0 14992 finished at 348933 total bytes 4000
Flow Roce_120_0 15416 finished at 349262 total bytes 4000
.Flow Roce_740_0 14912 finished at 350163 total bytes 4000
Flow Roce_156_0 13704 finished at 350351 total bytes 4000
Flow Roce_858_0 17476 finished at 351427 total bytes 4000
Flow Roce_123_0 15364 finished at 351602 total bytes 4000
Flow Roce_137_0 16328 finished at 352540 total bytes 4000
Flow Roce_170_0 13680 finished at 353502 total bytes 4000
Flow Roce_153_0 15256 finished at 355371 total bytes 4000
Flow Roce_689_0 15816 finished at 355846 total bytes 4000
Flow Roce_935_0 14568 finished at 358754 total bytes 4000
Flow Roce_692_0 16628 finished at 360086 total bytes 4000
Flow Roce_667_0 14888 finished at 361385 total bytes 4000
Flow Roce_138_0 17756 finished at 361795 total bytes 4000
Flow Roce_840_0 14752 finished at 362387 total bytes 4000
Flow Roce_688_0 15436 finished at 362744 total bytes 4000
Flow Roce_843_0 16164 finished at 362819 total bytes 4000
Flow Roce_668_0 17708 finished at 362961 total bytes 4000
Flow Roce_929_0 13748 finished at 363140 total bytes 4000
Flow Roce_267_0 14312 finished at 363860 total bytes 4000
Flow Roce_452_0 14956 finished at 364373 total bytes 4000
Flow Roce_737_0 16700 finished at 366787 total bytes 4000
Flow Roce_176_0 16516 finished at 367255 total bytes 4000
Flow Roce_383_0 15644 finished at 368721 total bytes 4000
Flow Roce_206_0 16496 finished at 368786 total bytes 4000
Flow Roce_743_0 15484 finished at 368878 total bytes 4000
Flow Roce_844_0 14932 finished at 369022 total bytes 4000
Flow Roce_742_0 17444 finished at 369173 total bytes 4000
Flow Roce_181_0 14372 finished at 369746 total bytes 4000
Flow Roce_845_0 14740 finished at 371723 total bytes 4000
Flow Roce_666_0 17592 finished at 372155 total bytes 4000
Flow Roce_695_0 16680 finished at 372454 total bytes 4000
Flow Roce_691_0 17288 finished at 372483 total bytes 4000
Flow Roce_143_0 14988 finished at 372509 total bytes 4000
Flow Roce_204_0 15916 finished at 373228 total bytes 4000
Flow Roce_266_0 15936 finished at 373555 total bytes 4000
Flow Roce_916_0 14084 finished at 373666 total bytes 4000
Flow Roce_814_0 16836 finished at 375106 total bytes 4000
Flow Roce_203_0 15532 finished at 376295 total bytes 4000
Flow Roce_723_0 13888 finished at 378134 total bytes 4000
Flow Roce_1006_0 14252 finished at 378263 total bytes 4000
Flow Roce_379_0 14896 finished at 378949 total bytes 4000
Flow Roce_934_0 14100 finished at 380371 total bytes 4000
Flow Roce_264_0 15200 finished at 380988 total bytes 4000
Flow Roce_928_0 16200 finished at 381067 total bytes 4000
Flow Roce_915_0 17680 finished at 381306 total bytes 4000
Flow Roce_917_0 15504 finished at 381374 total bytes 4000
Flow Roce_270_0 13912 finished at 381526 total bytes 4000
Flow Roce_142_0 15444 finished at 383349 total bytes 4000
Flow Roce_271_0 15400 finished at 383523 total bytes 4000
Flow Roce_268_0 14420 finished at 384227 total bytes 4000
Flow Roce_1012_0 15648 finished at 384693 total bytes 4000
Flow Roce_1001_0 16472 finished at 385468 total bytes 4000
Flow Roce_140_0 14908 finished at 386483 total bytes 4000
Flow Roce_725_0 16064 finished at 386696 total bytes 4000
Flow Roce_1005_0 17552 finished at 386922 total bytes 4000
Flow Roce_139_0 16392 finished at 387190 total bytes 4000
Flow Roce_565_0 16924 finished at 387793 total bytes 4000
Flow Roce_721_0 17208 finished at 388486 total bytes 4000
Flow Roce_739_0 17636 finished at 388726 total bytes 4000
Flow Roce_169_0 14416 finished at 389904 total bytes 4000
Flow Roce_179_0 15136 finished at 390546 total bytes 4000
Flow Roce_173_0 17176 finished at 391382 total bytes 4000
Flow Roce_448_0 14368 finished at 391638 total bytes 4000
Flow Roce_561_0 16364 finished at 391931 total bytes 4000
Flow Roce_177_0 14388 finished at 392894 total bytes 4000
Flow Roce_811_0 16580 finished at 394045 total bytes 4000
Flow Roce_73_0 16908 finished at 395532 total bytes 4000
Flow Roce_809_0 16432 finished at 396885 total bytes 4000
Flow Roce_1011_0 15068 finished at 398230 total bytes 4000
Flow Roce_74_0 13844 finished at 399606 total bytes 4000
Flow Roce_736_0 13692 finished at 399719 total bytes 4000
Flow Roce_741_0 14620 finished at 399734 total bytes 4000
.Flow Roce_423_0 15156 finished at 400737 total bytes 4000
Flow Roce_1008_0 16736 finished at 401263 total bytes 4000
Flow Roce_632_0 15756 finished at 401958 total bytes 4000
Flow Roce_1010_0 16368 finished at 402771 total bytes 4000
Flow Roce_807_0 16120 finished at 403934 total bytes 4000
Flow Roce_805_0 16100 finished at 404761 total bytes 4000
Flow Roce_638_0 16512 finished at 405365 total bytes 4000
Flow Roce_134_0 16548 finished at 406215 total bytes 4000
Flow Roce_923_0 17240 finished at 406573 total bytes 4000
Flow Roce_927_0 17300 finished at 406583 total bytes 4000
Flow Roce_947_0 15240 finished at 408024 total bytes 4000
Flow Roce_132_0 14044 finished at 413619 total bytes 4000
Flow Roce_522_0 16508 finished at 413654 total bytes 4000
Flow Roce_804_0 15900 finished at 413897 total bytes 4000
Flow Roce_803_0 17088 finished at 414527 total bytes 4000
Flow Roce_733_0 16216 finished at 414901 total bytes 4000
Flow Roce_732_0 14208 finished at 414910 total bytes 4000
Flow Roce_948_0 16024 finished at 414992 total bytes 4000
Flow Roce_135_0 14680 finished at 415065 total bytes 4000
Flow Roce_404_0 17188 finished at 416186 total bytes 4000
Flow Roce_738_0 14060 finished at 416295 total bytes 4000
Flow Roce_634_0 13876 finished at 416568 total bytes 4000
Flow Roce_730_0 15424 finished at 417599 total bytes 4000
Flow Roce_384_0 17280 finished at 417644 total bytes 4000
Flow Roce_867_0 17364 finished at 418385 total bytes 4000
Flow Roce_868_0 17748 finished at 420692 total bytes 4000
Flow Roce_362_0 17124 finished at 420773 total bytes 4000
Flow Roce_636_0 16148 finished at 421657 total bytes 4000
Flow Roce_945_0 17464 finished at 422020 total bytes 4000
Flow Roce_72_0 16848 finished at 422456 total bytes 4000
Flow Roce_729_0 17412 finished at 422736 total bytes 4000
Flow Roce_685_0 15432 finished at 422779 total bytes 4000
Flow Roce_365_0 15940 finished at 422819 total bytes 4000
Flow Roce_920_0 14180 finished at 422900 total bytes 4000
Flow Roce_639_0 16980 finished at 422947 total bytes 4000
Flow Roce_681_0 17316 finished at 423968 total bytes 4000
Flow Roce_937_0 16812 finished at 424165 total bytes 4000
Flow Roce_316_0 17212 finished at 425493 total bytes 4000
Flow Roce_711_0 15752 finished at 425761 total bytes 4000
Flow Roce_924_0 17612 finished at 426857 total bytes 4000
Flow Roce_925_0 16856 finished at 427000 total bytes 4000
Flow Roce_117_0 16784 finished at 427769 total bytes 4000
Flow Roce_418_0 14192 finished at 429186 total bytes 4000
Flow Roce_523_0 16740 finished at 429433 total bytes 4000
Flow Roce_705_0 13732 finished at 430533 total bytes 4000
Flow Roce_520_0 17400 finished at 431188 total bytes 4000
Flow Roce_687_0 17392 finished at 431671 total bytes 4000
Flow Roce_904_0 17372 finished at 432364 total bytes 4000
Flow Roce_938_0 16240 finished at 432440 total bytes 4000
Flow Roce_707_0 14404 finished at 432586 total bytes 4000
Flow Roce_313_0 15728 finished at 432721 total bytes 4000
Flow Roce_524_0 14176 finished at 432868 total bytes 4000
Flow Roce_882_0 14396 finished at 433640 total bytes 4000
Flow Roce_887_0 15080 finished at 434142 total bytes 4000
Flow Roce_317_0 14500 finished at 434513 total bytes 4000
Flow Roce_906_0 16476 finished at 434614 total bytes 4000
Flow Roce_885_0 14676 finished at 436002 total bytes 4000
Flow Roce_940_0 16304 finished at 437234 total bytes 4000
Flow Roce_907_0 16072 finished at 437363 total bytes 4000
Flow Roce_403_0 17356 finished at 438383 total bytes 4000
Flow Roce_827_0 14016 finished at 439110 total bytes 4000
Flow Roce_106_0 16060 finished at 440189 total bytes 4000
Flow Roce_360_0 15232 finished at 441121 total bytes 4000
Flow Roce_109_0 15020 finished at 441170 total bytes 4000
Flow Roce_312_0 14380 finished at 441300 total bytes 4000
Flow Roce_941_0 14640 finished at 443017 total bytes 4000
Flow Roce_680_0 17268 finished at 443381 total bytes 4000
Flow Roce_690_0 16912 finished at 443663 total bytes 4000
Flow Roce_437_0 17048 finished at 444634 total bytes 4000
Flow Roce_529_0 16656 finished at 445048 total bytes 4000
Flow Roce_943_0 16444 finished at 445341 total bytes 4000
Flow Roce_104_0 15840 finished at 445715 total bytes 4000
Flow Roce_108_0 14052 finished at 445838 total bytes 4000
Flow Roce_433_0 17560 finished at 446315 total bytes 4000
Flow Roce_209_0 14532 finished at 446385 total bytes 4000
Flow Roce_318_0 16572 finished at 446556 total bytes 4000
Flow Roce_434_0 14964 finished at 446728 total bytes 4000
Flow Roce_314_0 16584 finished at 447159 total bytes 4000
Flow Roce_432_0 16764 finished at 449013 total bytes 4000
Flow Roce_208_0 13956 finished at 449056 total bytes 4000
Flow Roce_192_0 15860 finished at 449521 total bytes 4000
Flow Roce_531_0 14540 finished at 449759 total bytes 4000
.Flow Roce_242_0 14088 finished at 451321 total bytes 4000
Flow Roce_683_0 13708 finished at 451838 total bytes 4000
Flow Roce_535_0 15708 finished at 454493 total bytes 4000
Flow Roce_533_0 14008 finished at 456338 total bytes 4000
Flow Roce_781_0 17660 finished at 456500 total bytes 4000
Flow Roce_530_0 15144 finished at 457316 total bytes 4000
Flow Roce_880_0 14848 finished at 457466 total bytes 4000
Flow Roce_112_0 16752 finished at 457579 total bytes 4000
Flow Roce_145_0 15736 finished at 458276 total bytes 4000
Flow Roce_198_0 13668 finished at 459098 total bytes 4000
Flow Roce_886_0 14936 finished at 459440 total bytes 4000
Flow Roce_884_0 16204 finished at 460614 total bytes 4000
Flow Roce_987_0 13864 finished at 461272 total bytes 4000
Flow Roce_194_0 15192 finished at 461957 total bytes 4000
Flow Roce_166_0 16084 finished at 462279 total bytes 4000
Flow Roce_438_0 14464 finished at 463343 total bytes 4000
Flow Roce_243_0 13676 finished at 463422 total bytes 4000
Flow Roce_213_0 16020 finished at 464318 total bytes 4000
Flow Roce_918_0 17420 finished at 464978 total bytes 4000
Flow Roce_161_0 16408 finished at 465413 total bytes 4000
Flow Roce_914_0 17000 finished at 465508 total bytes 4000
Flow Roce_777_0 13960 finished at 466049 total bytes 4000
Flow Roce_127_0 15596 finished at 466223 total bytes 4000
Flow Roce_783_0 17740 finished at 467163 total bytes 4000
Flow Roce_991_0 13700 finished at 468602 total bytes 4000
Flow Roce_119_0 16080 finished at 469147 total bytes 4000
Flow Roce_779_0 15612 finished at 469236 total bytes 4000
Flow Roce_823_0 14000 finished at 470320 total bytes 4000
Flow Roce_818_0 15636 finished at 470406 total bytes 4000
Flow Roce_167_0 15040 finished at 471247 total bytes 4000
Flow Roce_853_0 14240 finished at 471463 total bytes 4000
Flow Roce_164_0 16840 finished at 473143 total bytes 4000
Flow Roce_764_0 14764 finished at 473381 total bytes 4000
Flow Roce_240_0 13856 finished at 473429 total bytes 4000
Flow Roce_241_0 16344 finished at 474104 total bytes 4000
Flow Roce_763_0 16412 finished at 475278 total bytes 4000
Flow Roce_197_0 15132 finished at 475559 total bytes 4000
Flow Roce_761_0 17428 finished at 475608 total bytes 4000
Flow Roce_912_0 15748 finished at 478129 total bytes 4000
Flow Roce_633_0 16052 finished at 478886 total bytes 4000
Flow Roce_767_0 16108 finished at 479080 total bytes 4000
Flow Roce_693_0 15336 finished at 479653 total bytes 4000
Flow Roce_819_0 16184 finished at 481064 total bytes 4000
Flow Roce_986_0 16016 finished at 481732 total bytes 4000
Flow Roce_913_0 15884 finished at 483557 total bytes 4000
Flow Roce_816_0 16116 finished at 484178 total bytes 4000
Flow Roce_124_0 17432 finished at 484482 total bytes 4000
Flow Roce_542_0 13948 finished at 484532 total bytes 4000
Flow Roce_852_0 13804 finished at 485610 total bytes 4000
Flow Roce_694_0 17508 finished at 486310 total bytes 4000
Flow Roce_635_0 16040 finished at 486318 total bytes 4000
Flow Roce_244_0 13796 finished at 486742 total bytes 4000
Flow Roce_883_0 15348 finished at 488875 total bytes 4000
Flow Roce_85_0 15236 finished at 489075 total bytes 4000
Flow Roce_614_0 14140 finished at 489355 total bytes 4000
Flow Roce_919_0 14284 finished at 489399 total bytes 4000
Flow Roce_84_0 16172 finished at 489446 total bytes 4000
Flow Roce_699_0 14592 finished at 489655 total bytes 4000
Flow Roce_624_0 17104 finished at 490134 total bytes 4000
Flow Roce_83_0 13908 finished at 490728 total bytes 4000
Flow Roce_701_0 14808 finished at 491718 total bytes 4000
Flow Roce_697_0 16256 finished at 491830 total bytes 4000
Flow Roce_82_0 15276 finished at 492096 total bytes 4000
Flow Roce_540_0 15116 finished at 492406 total bytes 4000
Flow Roce_985_0 16636 finished at 493860 total bytes 4000
Flow Roce_325_0 15968 finished at 493870 total bytes 4000
Flow Roce_848_0 16540 finished at 494127 total bytes 4000
Flow Roce_984_0 17484 finished at 494499 total bytes 4000
Flow Roce_326_0 17608 finished at 494599 total bytes 4000
Flow Roce_602_0 17376 finished at 494874 total bytes 4000
Flow Roce_988_0 15264 finished at 495699 total bytes 4000
Flow Roce_439_0 14544 finished at 496056 total bytes 4000
Flow Roce_606_0 17624 finished at 496701 total bytes 4000
Flow Roce_854_0 15872 finished at 499149 total bytes 4000
Flow Roce_851_0 15516 finished at 499227 total bytes 4000
.Flow Roce_881_0 17440 finished at 500252 total bytes 4000
Flow Roce_237_0 17512 finished at 500957 total bytes 4000
Flow Roce_698_0 16244 finished at 501084 total bytes 4000
Flow Roce_855_0 14584 finished at 501790 total bytes 4000
Flow Roce_186_0 16932 finished at 502026 total bytes 4000
Flow Roce_850_0 17396 finished at 502110 total bytes 4000
Flow Roce_655_0 14452 finished at 502315 total bytes 4000
Flow Roce_125_0 14940 finished at 502512 total bytes 4000
Flow Roce_121_0 17728 finished at 503118 total bytes 4000
Flow Roce_700_0 14528 finished at 503464 total bytes 4000
Flow Roce_696_0 15876 finished at 504206 total bytes 4000
Flow Roce_758_0 13764 finished at 504250 total bytes 4000
Flow Roce_235_0 17628 finished at 505274 total bytes 4000
Flow Roce_324_0 14316 finished at 505825 total bytes 4000
Flow Roce_926_0 16436 finished at 506612 total bytes 4000
Flow Roce_126_0 14136 finished at 507330 total bytes 4000
Flow Roce_756_0 17284 finished at 507380 total bytes 4000
Flow Roce_810_0 14340 finished at 507731 total bytes 4000
Flow Roce_677_0 13740 finished at 507938 total bytes 4000
Flow Roce_849_0 15788 finished at 508023 total bytes 4000
Flow Roce_435_0 15188 finished at 508049 total bytes 4000
Flow Roce_836_0 15480 finished at 510181 total bytes 4000
Flow Roce_757_0 15196 finished at 511440 total bytes 4000
Flow Roce_604_0 17352 finished at 512235 total bytes 4000
Flow Roce_239_0 17520 finished at 512283 total bytes 4000
Flow Roce_232_0 14576 finished at 512431 total bytes 4000
Flow Roce_160_0 15260 finished at 513074 total bytes 4000
Flow Roce_752_0 15632 finished at 513179 total bytes 4000
Flow Roce_754_0 15464 finished at 513181 total bytes 4000
Flow Roce_321_0 15984 finished at 513876 total bytes 4000
Flow Roce_813_0 13940 finished at 513969 total bytes 4000
Flow Roce_815_0 16248 finished at 514419 total bytes 4000
Flow Roce_808_0 17700 finished at 514629 total bytes 4000
Flow Roce_322_0 15100 finished at 515199 total bytes 4000
Flow Roce_890_0 14144 finished at 515209 total bytes 4000
Flow Roce_436_0 15548 finished at 515603 total bytes 4000
Flow Roce_652_0 14344 finished at 515906 total bytes 4000
Flow Roce_650_0 15656 finished at 516172 total bytes 4000
Flow Roce_637_0 15580 finished at 517006 total bytes 4000
Flow Roce_189_0 15280 finished at 519042 total bytes 4000
Flow Roce_507_0 13816 finished at 519238 total bytes 4000
Flow Roce_621_0 16732 finished at 519723 total bytes 4000
Flow Roce_839_0 16440 finished at 520987 total bytes 4000
Flow Roce_834_0 15448 finished at 521258 total bytes 4000
Flow Roce_504_0 13696 finished at 522389 total bytes 4000
Flow Roce_188_0 15932 finished at 522411 total bytes 4000
Flow Roce_538_0 15668 finished at 524257 total bytes 4000
Flow Roce_802_0 15620 finished at 524873 total bytes 4000
Flow Roce_832_0 14724 finished at 525086 total bytes 4000
Flow Roce_837_0 16352 finished at 525164 total bytes 4000
Flow Roce_812_0 15904 finished at 525220 total bytes 4000
Flow Roce_622_0 14784 finished at 525670 total bytes 4000
Flow Roce_806_0 16976 finished at 526354 total bytes 4000
Flow Roce_658_0 17460 finished at 528215 total bytes 4000
Flow Roce_922_0 14480 finished at 528852 total bytes 4000
Flow Roce_748_0 16744 finished at 529309 total bytes 4000
Flow Roce_534_0 17248 finished at 529329 total bytes 4000
Flow Roce_801_0 15304 finished at 529350 total bytes 4000
Flow Roce_532_0 17064 finished at 529369 total bytes 4000
Flow Roce_800_0 14288 finished at 529550 total bytes 4000
Flow Roce_620_0 13824 finished at 530029 total bytes 4000
Flow Roce_165_0 16696 finished at 530316 total bytes 4000
Flow Roce_888_0 14264 finished at 530809 total bytes 4000
Flow Roce_172_0 16844 finished at 531551 total bytes 4000
Flow Roce_605_0 16532 finished at 531681 total bytes 4000
Flow Roce_728_0 16192 finished at 531942 total bytes 4000
Flow Roce_649_0 13972 finished at 532912 total bytes 4000
Flow Roce_772_0 15172 finished at 533026 total bytes 4000
Flow Roce_750_0 13872 finished at 533779 total bytes 4000
Flow Roce_600_0 15396 finished at 534101 total bytes 4000
Flow Roce_835_0 15608 finished at 534665 total bytes 4000
Flow Roce_893_0 13944 finished at 534994 total bytes 4000
Flow Roce_162_0 15684 finished at 535102 total bytes 4000
Flow Roce_771_0 16036 finished at 535494 total bytes 4000
Flow Roce_788_0 13780 finished at 535995 total bytes 4000
Flow Roce_895_0 14744 finished at 536094 total bytes 4000
Flow Roce_897_0 14216 finished at 536735 total bytes 4000
Flow Roce_899_0 16136 finished at 537045 total bytes 4000
Flow Roce_751_0 17228 finished at 537223 total bytes 4000
Flow Roce_674_0 13904 finished at 538531 total bytes 4000
Flow Roce_896_0 14296 finished at 540568 total bytes 4000
Flow Roce_838_0 16112 finished at 541281 total bytes 4000
Flow Roce_833_0 17008 finished at 541288 total bytes 4000
Flow Roce_184_0 15744 finished at 541667 total bytes 4000
Flow Roce_682_0 16452 finished at 541823 total bytes 4000
Flow Roce_870_0 15220 finished at 542112 total bytes 4000
Flow Roce_648_0 14096 finished at 543504 total bytes 4000
Flow Roce_746_0 15576 finished at 544302 total bytes 4000
Flow Roce_185_0 14580 finished at 544547 total bytes 4000
Flow Roce_15_0 16892 finished at 544602 total bytes 4000
Flow Roce_68_0 14512 finished at 545002 total bytes 4000
Flow Roce_684_0 15864 finished at 545192 total bytes 4000
Flow Roce_768_0 14364 finished at 545206 total bytes 4000
Flow Roce_603_0 15412 finished at 545662 total bytes 4000
Flow Roce_921_0 16152 finished at 545867 total bytes 4000
Flow Roce_865_0 13984 finished at 547080 total bytes 4000
Flow Roce_191_0 17452 finished at 547138 total bytes 4000
Flow Roce_174_0 16324 finished at 547167 total bytes 4000
Flow Roce_222_0 17564 finished at 547440 total bytes 4000
Flow Roce_731_0 14212 finished at 548009 total bytes 4000
Flow Roce_216_0 14872 finished at 548208 total bytes 4000
Flow Roce_163_0 16564 finished at 548259 total bytes 4000
Flow Roce_171_0 16320 finished at 549088 total bytes 4000
Flow Roce_770_0 14852 finished at 549307 total bytes 4000
Flow Roce_66_0 15972 finished at 549727 total bytes 4000
Flow Roce_190_0 16860 finished at 549731 total bytes 4000
|Flow Roce_662_0 15176 finished at 551009 total bytes 4000
Flow Roce_218_0 16592 finished at 551398 total bytes 4000
Flow Roce_601_0 16092 finished at 551486 total bytes 4000
Flow Roce_352_0 16768 finished at 552007 total bytes 4000
Flow Roce_773_0 16888 finished at 552361 total bytes 4000
Flow Roce_462_0 16652 finished at 552906 total bytes 4000
Flow Roce_391_0 17572 finished at 553451 total bytes 4000
Flow Roce_385_0 14944 finished at 553652 total bytes 4000
Flow Roce_12_0 14456 finished at 553870 total bytes 4000
Flow Roce_661_0 15808 finished at 554122 total bytes 4000
Flow Roce_187_0 14200 finished at 556325 total bytes 4000
Flow Roce_168_0 17252 finished at 556620 total bytes 4000
Flow Roce_71_0 15468 finished at 556700 total bytes 4000
Flow Roce_607_0 14232 finished at 556932 total bytes 4000
Flow Roce_550_0 15760 finished at 557333 total bytes 4000
Flow Roce_65_0 17736 finished at 558238 total bytes 4000
Flow Roce_88_0 15520 finished at 558279 total bytes 4000
Flow Roce_358_0 14148 finished at 558300 total bytes 4000
Flow Roce_719_0 15700 finished at 558598 total bytes 4000
Flow Roce_457_0 17644 finished at 558871 total bytes 4000
Flow Roce_81_0 15616 finished at 559188 total bytes 4000
Flow Roce_388_0 16500 finished at 559485 total bytes 4000
Flow Roce_95_0 15836 finished at 559848 total bytes 4000
Flow Roce_175_0 17180 finished at 559864 total bytes 4000
Flow Roce_58_0 17044 finished at 560128 total bytes 4000
Flow Roce_712_0 16660 finished at 560188 total bytes 4000
Flow Roce_970_0 15064 finished at 560316 total bytes 4000
Flow Roce_92_0 15896 finished at 560343 total bytes 4000
Flow Roce_544_0 15768 finished at 560374 total bytes 4000
Flow Roce_789_0 15704 finished at 560499 total bytes 4000
Flow Roce_715_0 13672 finished at 560617 total bytes 4000
Flow Roce_644_0 14736 finished at 560700 total bytes 4000
Flow Roce_892_0 14492 finished at 560777 total bytes 4000
Flow Roce_866_0 15544 finished at 560905 total bytes 4000
Flow Roce_69_0 14336 finished at 561198 total bytes 4000
Flow Roce_963_0 15640 finished at 561481 total bytes 4000
Flow Roce_93_0 15888 finished at 561612 total bytes 4000
Flow Roce_871_0 17108 finished at 561818 total bytes 4000
Flow Roce_869_0 17204 finished at 562044 total bytes 4000
Flow Roce_864_0 13828 finished at 562768 total bytes 4000
Flow Roce_975_0 15624 finished at 563454 total bytes 4000
Flow Roce_876_0 15880 finished at 563509 total bytes 4000
Flow Roce_357_0 13980 finished at 563918 total bytes 4000
Flow Roce_734_0 16568 finished at 563938 total bytes 4000
Flow Roce_889_0 15944 finished at 563995 total bytes 4000
Flow Roce_89_0 17276 finished at 564182 total bytes 4000
Flow Roce_894_0 14228 finished at 564188 total bytes 4000
Flow Roce_891_0 15828 finished at 564390 total bytes 4000
Flow Roce_335_0 15316 finished at 564630 total bytes 4000
Flow Roce_784_0 14116 finished at 564916 total bytes 4000
Flow Roce_91_0 15404 finished at 565034 total bytes 4000
Flow Roce_48_0 13768 finished at 565090 total bytes 4000
Flow Roce_329_0 16620 finished at 565448 total bytes 4000
Flow Roce_389_0 17704 finished at 565508 total bytes 4000
Flow Roce_879_0 14168 finished at 565911 total bytes 4000
Flow Roce_11_0 16004 finished at 566180 total bytes 4000
Flow Roce_386_0 14772 finished at 566585 total bytes 4000
Flow Roce_874_0 17348 finished at 567109 total bytes 4000
Flow Roce_90_0 14516 finished at 567319 total bytes 4000
Flow Roce_353_0 17132 finished at 567904 total bytes 4000
Flow Roce_717_0 14780 finished at 568099 total bytes 4000
Flow Roce_458_0 14072 finished at 568169 total bytes 4000
Flow Roce_332_0 14820 finished at 568426 total bytes 4000
Flow Roce_8_0 14236 finished at 568847 total bytes 4000
Flow Roce_219_0 16380 finished at 568970 total bytes 4000
Flow Roce_217_0 14548 finished at 569454 total bytes 4000
Flow Roce_716_0 14300 finished at 569686 total bytes 4000
Flow Roce_80_0 15184 finished at 569726 total bytes 4000
Flow Roce_686_0 15360 finished at 569828 total bytes 4000
Flow Roce_328_0 15996 finished at 569922 total bytes 4000
Flow Roce_875_0 16124 finished at 570281 total bytes 4000
Flow Roce_356_0 16492 finished at 571563 total bytes 4000
Flow Roce_330_0 16796 finished at 572102 total bytes 4000
Flow Roce_354_0 17516 finished at 572306 total bytes 4000
Flow Roce_9_0 16544 finished at 572337 total bytes 4000
Flow Roce_643_0 16104 finished at 572447 total bytes 4000
Flow Roce_333_0 15388 finished at 572528 total bytes 4000
Flow Roce_359_0 13920 finished at 572670 total bytes 4000
Flow Roce_878_0 16828 finished at 572713 total bytes 4000
Flow Roce_331_0 15500 finished at 573019 total bytes 4000
Flow Roce_86_0 16904 finished at 573477 total bytes 4000
Flow Roce_872_0 15688 finished at 573601 total bytes 4000
Flow Roce_55_0 13900 finished at 574180 total bytes 4000
Flow Roce_528_0 14904 finished at 574235 total bytes 4000
Flow Roce_769_0 14036 finished at 574560 total bytes 4000
Flow Roce_87_0 16332 finished at 574629 total bytes 4000
Flow Roce_787_0 15804 finished at 575265 total bytes 4000
Flow Roce_774_0 16884 finished at 575711 total bytes 4000
Flow Roce_461_0 17716 finished at 575912 total bytes 4000
Flow Roce_873_0 17024 finished at 575979 total bytes 4000
Flow Roce_376_0 17308 finished at 576867 total bytes 4000
Flow Roce_334_0 16428 finished at 577564 total bytes 4000
Flow Roce_790_0 17160 finished at 577606 total bytes 4000
Flow Roce_390_0 16224 finished at 577798 total bytes 4000
Flow Roce_591_0 14728 finished at 578547 total bytes 4000
Flow Roce_786_0 17656 finished at 578713 total bytes 4000
Flow Roce_587_0 13760 finished at 578894 total bytes 4000
Flow Roce_647_0 16612 finished at 578964 total bytes 4000
Flow Roce_585_0 16188 finished at 579094 total bytes 4000
Flow Roce_775_0 16088 finished at 579231 total bytes 4000
Flow Roce_21_0 15824 finished at 579931 total bytes 4000
Flow Roce_28_0 16008 finished at 580297 total bytes 4000
Flow Roce_641_0 15812 finished at 580995 total bytes 4000
Flow Roce_460_0 14460 finished at 581086 total bytes 4000
Flow Roce_24_0 14384 finished at 581144 total bytes 4000
Flow Roce_847_0 16484 finished at 581393 total bytes 4000
Flow Roce_1000_0 15460 finished at 581858 total bytes 4000
Flow Roce_70_0 14816 finished at 581875 total bytes 4000
Flow Roce_50_0 13952 finished at 582317 total bytes 4000
Flow Roce_456_0 13852 finished at 582319 total bytes 4000
Flow Roce_971_0 16832 finished at 582712 total bytes 4000
Flow Roce_459_0 15892 finished at 582959 total bytes 4000
Flow Roce_640_0 16864 finished at 583384 total bytes 4000
Flow Roce_468_0 14588 finished at 583526 total bytes 4000
Flow Roce_60_0 14280 finished at 583793 total bytes 4000
Flow Roce_57_0 14248 finished at 583817 total bytes 4000
Flow Roce_645_0 17448 finished at 584109 total bytes 4000
Flow Roce_45_0 17216 finished at 584113 total bytes 4000
Flow Roce_62_0 15016 finished at 584229 total bytes 4000
Flow Roce_26_0 14444 finished at 584444 total bytes 4000
Flow Roce_29_0 16956 finished at 584616 total bytes 4000
Flow Roce_525_0 17076 finished at 585071 total bytes 4000
Flow Roce_20_0 14328 finished at 585199 total bytes 4000
Flow Roce_965_0 14636 finished at 585406 total bytes 4000
Flow Roce_63_0 14868 finished at 585471 total bytes 4000
Flow Roce_1003_0 14560 finished at 585570 total bytes 4000
Flow Roce_387_0 14468 finished at 585594 total bytes 4000
Flow Roce_42_0 16336 finished at 586328 total bytes 4000
Flow Roce_249_0 17336 finished at 586415 total bytes 4000
Flow Roce_32_0 17604 finished at 586527 total bytes 4000
Flow Roce_1004_0 15572 finished at 587033 total bytes 4000
Flow Roce_51_0 14104 finished at 587268 total bytes 4000
Flow Roce_842_0 16524 finished at 587459 total bytes 4000
Flow Roce_778_0 15672 finished at 587530 total bytes 4000
Flow Roce_846_0 16676 finished at 587689 total bytes 4000
Flow Roce_841_0 17084 finished at 588833 total bytes 4000
Flow Roce_54_0 14356 finished at 589313 total bytes 4000
Flow Roce_526_0 14656 finished at 589496 total bytes 4000
Flow Roce_588_0 16480 finished at 589813 total bytes 4000
Flow Roce_265_0 16756 finished at 589876 total bytes 4000
Flow Roce_33_0 15584 finished at 590514 total bytes 4000
Flow Roce_378_0 15224 finished at 590651 total bytes 4000
Flow Roce_735_0 14996 finished at 590695 total bytes 4000
Flow Roce_863_0 16872 finished at 591354 total bytes 4000
Flow Roce_31_0 17224 finished at 591726 total bytes 4000
Flow Roce_817_0 17328 finished at 591734 total bytes 4000
Flow Roce_22_0 16724 finished at 591739 total bytes 4000
Flow Roce_182_0 16944 finished at 591890 total bytes 4000
Flow Roce_380_0 17236 finished at 592114 total bytes 4000
Flow Roce_13_0 17164 finished at 592924 total bytes 4000
Flow Roce_36_0 17344 finished at 593422 total bytes 4000
Flow Roce_646_0 16664 finished at 593649 total bytes 4000
Flow Roce_10_0 17584 finished at 594046 total bytes 4000
Flow Roce_25_0 16780 finished at 594146 total bytes 4000
Flow Roce_44_0 15212 finished at 594195 total bytes 4000
Flow Roce_382_0 14980 finished at 594383 total bytes 4000
Flow Roce_642_0 14348 finished at 595296 total bytes 4000
Flow Roce_14_0 14112 finished at 595324 total bytes 4000
Flow Roce_979_0 17532 finished at 595511 total bytes 4000
Flow Roce_220_0 13784 finished at 595546 total bytes 4000
Flow Roce_225_0 17504 finished at 595662 total bytes 4000
Flow Roce_596_0 15948 finished at 596640 total bytes 4000
Flow Roce_18_0 16900 finished at 596681 total bytes 4000
Flow Roce_183_0 14880 finished at 596971 total bytes 4000
Flow Roce_820_0 15476 finished at 597299 total bytes 4000
Flow Roce_861_0 17244 finished at 597476 total bytes 4000
Flow Roce_780_0 17720 finished at 597861 total bytes 4000
Flow Roce_41_0 16236 finished at 597943 total bytes 4000
Flow Roce_856_0 17676 finished at 597997 total bytes 4000
Flow Roce_223_0 16528 finished at 598161 total bytes 4000
Flow Roce_782_0 14256 finished at 598341 total bytes 4000
Flow Roce_1021_0 14076 finished at 598560 total bytes 4000
Flow Roce_46_0 15420 finished at 598719 total bytes 4000
Flow Roce_381_0 14424 finished at 598814 total bytes 4000
Flow Roce_932_0 14536 finished at 598853 total bytes 4000
Flow Roce_361_0 14160 finished at 599035 total bytes 4000
Flow Roce_67_0 16340 finished at 599083 total bytes 4000
Flow Roce_53_0 13716 finished at 599453 total bytes 4000
Flow Roce_859_0 16076 finished at 599503 total bytes 4000
Flow Roce_972_0 14108 finished at 599592 total bytes 4000
Flow Roce_180_0 14760 finished at 599655 total bytes 4000
Flow Roce_37_0 16704 finished at 599770 total bytes 4000
Flow Roce_17_0 15692 finished at 599908 total bytes 4000
Flow Roce_64_0 15208 finished at 599974 total bytes 4000
.Flow Roce_34_0 16916 finished at 600428 total bytes 4000
Flow Roce_822_0 17744 finished at 600698 total bytes 4000
Flow Roce_590_0 16624 finished at 601110 total bytes 4000
Flow Roce_862_0 16616 finished at 601269 total bytes 4000
Flow Roce_799_0 14048 finished at 601382 total bytes 4000
Flow Roce_16_0 14948 finished at 601398 total bytes 4000
Flow Roce_546_0 16348 finished at 601764 total bytes 4000
Flow Roce_465_0 15660 finished at 601815 total bytes 4000
Flow Roce_821_0 13808 finished at 601880 total bytes 4000
Flow Roce_1020_0 17632 finished at 602109 total bytes 4000
Flow Roce_557_0 15308 finished at 602217 total bytes 4000
Flow Roce_201_0 14556 finished at 602777 total bytes 4000
Flow Roce_110_0 15724 finished at 602901 total bytes 4000
Flow Roce_776_0 15380 finished at 603177 total bytes 4000
Flow Roce_1002_0 16448 finished at 603218 total bytes 4000
Flow Roce_327_0 15140 finished at 603256 total bytes 4000
Flow Roce_79_0 16576 finished at 603411 total bytes 4000
Flow Roce_43_0 15868 finished at 603551 total bytes 4000
Flow Roce_47_0 16132 finished at 603707 total bytes 4000
Flow Roce_248_0 16068 finished at 603874 total bytes 4000
Flow Roce_976_0 14704 finished at 603888 total bytes 4000
Flow Roce_744_0 17556 finished at 603907 total bytes 4000
Flow Roce_250_0 15820 finished at 603917 total bytes 4000
Flow Roce_973_0 15524 finished at 603965 total bytes 4000
Flow Roce_323_0 16028 finished at 604654 total bytes 4000
Flow Roce_39_0 16536 finished at 605000 total bytes 4000
Flow Roce_968_0 17620 finished at 605017 total bytes 4000
Flow Roce_797_0 17060 finished at 605100 total bytes 4000
Flow Roce_367_0 14856 finished at 605280 total bytes 4000
Flow Roce_23_0 17600 finished at 605305 total bytes 4000
Flow Roce_794_0 14604 finished at 605519 total bytes 4000
Flow Roce_1018_0 15976 finished at 605683 total bytes 4000
Flow Roce_231_0 16720 finished at 605696 total bytes 4000
Flow Roce_521_0 17264 finished at 605896 total bytes 4000
Flow Roce_974_0 17404 finished at 605897 total bytes 4000
Flow Roce_659_0 15508 finished at 605957 total bytes 4000
Flow Roce_660_0 14472 finished at 606042 total bytes 4000
Flow Roce_178_0 17312 finished at 606052 total bytes 4000
Flow Roce_377_0 16288 finished at 606263 total bytes 4000
Flow Roce_337_0 14648 finished at 606494 total bytes 4000
Flow Roce_996_0 14496 finished at 606501 total bytes 4000
Flow Roce_599_0 16936 finished at 606573 total bytes 4000
Flow Roce_860_0 16128 finished at 606995 total bytes 4000
Flow Roce_745_0 14596 finished at 607005 total bytes 4000
Flow Roce_676_0 17112 finished at 607656 total bytes 4000
Flow Roce_673_0 16824 finished at 607685 total bytes 4000
Flow Roce_227_0 14768 finished at 607759 total bytes 4000
Flow Roce_230_0 16180 finished at 607763 total bytes 4000
Flow Roce_202_0 15148 finished at 607771 total bytes 4000
Flow Roce_61_0 16604 finished at 607865 total bytes 4000
Flow Roce_679_0 16312 finished at 608224 total bytes 4000
Flow Roce_559_0 14552 finished at 608264 total bytes 4000
Flow Roce_205_0 17156 finished at 608328 total bytes 4000
Flow Roce_586_0 14064 finished at 608403 total bytes 4000
Flow Roce_593_0 17192 finished at 608782 total bytes 4000
Flow Roce_792_0 14376 finished at 608867 total bytes 4000
Flow Roce_494_0 13712 finished at 608930 total bytes 4000
Flow Roce_40_0 14572 finished at 608947 total bytes 4000
Flow Roce_1017_0 16920 finished at 609096 total bytes 4000
Flow Roce_146_0 14924 finished at 609116 total bytes 4000
Flow Roce_1016_0 13996 finished at 609170 total bytes 4000
Flow Roce_27_0 17596 finished at 609433 total bytes 4000
Flow Roce_35_0 13832 finished at 609665 total bytes 4000
Flow Roce_493_0 17040 finished at 609672 total bytes 4000
Flow Roce_933_0 14952 finished at 609982 total bytes 4000
Flow Roce_595_0 14448 finished at 610020 total bytes 4000
Flow Roce_363_0 13892 finished at 610058 total bytes 4000
Flow Roce_30_0 17684 finished at 610107 total bytes 4000
Flow Roce_38_0 14196 finished at 610203 total bytes 4000
Flow Roce_469_0 16144 finished at 610255 total bytes 4000
Flow Roce_75_0 16228 finished at 610473 total bytes 4000
Flow Roce_471_0 17496 finished at 610785 total bytes 4000
Flow Roce_49_0 16588 finished at 610967 total bytes 4000
Flow Roce_931_0 13868 finished at 610997 total bytes 4000
Flow Roce_998_0 16044 finished at 611047 total bytes 4000
Flow Roce_338_0 15076 finished at 611075 total bytes 4000
Flow Roce_56_0 14844 finished at 611319 total bytes 4000
Flow Roce_320_0 16776 finished at 611597 total bytes 4000
Flow Roce_1007_0 14152 finished at 612218 total bytes 4000
Flow Roce_151_0 16220 finished at 612254 total bytes 4000
Flow Roce_59_0 13884 finished at 612408 total bytes 4000
Flow Roce_366_0 17004 finished at 612489 total bytes 4000
Flow Roce_393_0 17092 finished at 612546 total bytes 4000
Flow Roce_554_0 16984 finished at 612558 total bytes 4000
Flow Roce_77_0 15800 finished at 612729 total bytes 4000
Flow Roce_489_0 16032 finished at 612918 total bytes 4000
Flow Roce_999_0 14308 finished at 612920 total bytes 4000
Flow Roce_527_0 17136 finished at 613024 total bytes 4000
Flow Roce_467_0 15964 finished at 613153 total bytes 4000
Flow Roce_107_0 16456 finished at 613195 total bytes 4000
Flow Roce_229_0 16648 finished at 613593 total bytes 4000
Flow Roce_207_0 13992 finished at 613887 total bytes 4000
Flow Roce_148_0 14244 finished at 614156 total bytes 4000
Flow Roce_52_0 15096 finished at 614387 total bytes 4000
Flow Roce_930_0 15852 finished at 614388 total bytes 4000
Flow Roce_78_0 14488 finished at 614464 total bytes 4000
Flow Roce_111_0 17260 finished at 614674 total bytes 4000
Flow Roce_105_0 17616 finished at 614722 total bytes 4000
Flow Roce_798_0 17256 finished at 614736 total bytes 4000
Flow Roce_824_0 16300 finished at 615146 total bytes 4000
Flow Roce_656_0 13756 finished at 615227 total bytes 4000
Flow Roce_678_0 14700 finished at 615386 total bytes 4000
Flow Roce_350_0 16212 finished at 615454 total bytes 4000
Flow Roce_144_0 14272 finished at 615505 total bytes 4000
Flow Roce_113_0 16868 finished at 615519 total bytes 4000
Flow Roce_150_0 16708 finished at 615543 total bytes 4000
Flow Roce_395_0 13916 finished at 615780 total bytes 4000
Flow Roce_983_0 15160 finished at 615984 total bytes 4000
Flow Roce_76_0 14920 finished at 616127 total bytes 4000
Flow Roce_364_0 13800 finished at 616422 total bytes 4000
Flow Roce_747_0 17100 finished at 616595 total bytes 4000
Flow Roce_336_0 16400 finished at 617224 total bytes 4000
Flow Roce_299_0 16272 finished at 617248 total bytes 4000
Flow Roce_346_0 13928 finished at 617372 total bytes 4000
Flow Roce_555_0 17588 finished at 617384 total bytes 4000
Flow Roce_399_0 15588 finished at 617436 total bytes 4000
Flow Roce_969_0 14020 finished at 617864 total bytes 4000
Flow Roce_492_0 17340 finished at 617888 total bytes 4000
Flow Roce_373_0 15320 finished at 617958 total bytes 4000
Flow Roce_344_0 14600 finished at 618146 total bytes 4000
Flow Roce_830_0 15540 finished at 618334 total bytes 4000
Flow Roce_116_0 15368 finished at 618437 total bytes 4000
Flow Roce_155_0 14524 finished at 618702 total bytes 4000
Flow Roce_396_0 16772 finished at 618845 total bytes 4000
Flow Roce_341_0 17424 finished at 619042 total bytes 4000
Flow Roce_825_0 14156 finished at 619095 total bytes 4000
Flow Roce_371_0 14032 finished at 619164 total bytes 4000
Flow Roce_19_0 16716 finished at 619482 total bytes 4000
Flow Roce_463_0 15676 finished at 619510 total bytes 4000
Flow Roce_348_0 16388 finished at 619674 total bytes 4000
Flow Roce_349_0 16280 finished at 619676 total bytes 4000
Flow Roce_657_0 15288 finished at 619735 total bytes 4000
Flow Roce_247_0 13860 finished at 619846 total bytes 4000
Flow Roce_147_0 14024 finished at 620004 total bytes 4000
Flow Roce_898_0 16360 finished at 620044 total bytes 4000
Flow Roce_495_0 14860 finished at 620129 total bytes 4000
Flow Roce_491_0 15248 finished at 620184 total bytes 4000
Flow Roce_368_0 15784 finished at 620231 total bytes 4000
Flow Roce_196_0 15056 finished at 620478 total bytes 4000
Flow Roce_149_0 14664 finished at 620634 total bytes 4000
Flow Roce_997_0 14972 finished at 620880 total bytes 4000
Flow Roce_369_0 15164 finished at 620881 total bytes 4000
Flow Roce_114_0 14412 finished at 620986 total bytes 4000
Flow Roce_955_0 15796 finished at 621015 total bytes 4000
Flow Roce_442_0 15604 finished at 621766 total bytes 4000
Flow Roce_374_0 17036 finished at 621931 total bytes 4000
Flow Roce_440_0 16384 finished at 622102 total bytes 4000
Flow Roce_446_0 16056 finished at 622123 total bytes 4000
Flow Roce_749_0 15560 finished at 622158 total bytes 4000
Flow Roce_195_0 17388 finished at 622233 total bytes 4000
Flow Roce_796_0 15084 finished at 622376 total bytes 4000
Flow Roce_319_0 15028 finished at 622594 total bytes 4000
Flow Roce_828_0 13848 finished at 622821 total bytes 4000
Flow Roce_663_0 17184 finished at 623020 total bytes 4000
Flow Roce_672_0 14836 finished at 623102 total bytes 4000
Flow Roce_193_0 16760 finished at 623622 total bytes 4000
Flow Roce_269_0 15112 finished at 623641 total bytes 4000
Flow Roce_518_0 17360 finished at 624029 total bytes 4000
Flow Roce_490_0 15052 finished at 624049 total bytes 4000
Flow Roce_273_0 17640 finished at 624079 total bytes 4000
Flow Roce_278_0 15556 finished at 624097 total bytes 4000
Flow Roce_245_0 14092 finished at 624307 total bytes 4000
Flow Roce_254_0 15356 finished at 624451 total bytes 4000
Flow Roce_826_0 13836 finished at 624905 total bytes 4000
Flow Roce_519_0 16684 finished at 624987 total bytes 4000
Flow Roce_517_0 17020 finished at 624990 total bytes 4000
Flow Roce_831_0 16316 finished at 625097 total bytes 4000
Flow Roce_226_0 16668 finished at 625102 total bytes 4000
Flow Roce_103_0 17456 finished at 625140 total bytes 4000
Flow Roce_292_0 15168 finished at 625143 total bytes 4000
Flow Roce_592_0 17128 finished at 625213 total bytes 4000
Flow Roce_829_0 17072 finished at 625326 total bytes 4000
Flow Roce_447_0 13880 finished at 625459 total bytes 4000
Flow Roce_398_0 13988 finished at 626024 total bytes 4000
Flow Roce_255_0 14040 finished at 626285 total bytes 4000
Flow Roce_594_0 16252 finished at 626459 total bytes 4000
Flow Roce_962_0 17580 finished at 626589 total bytes 4000
Flow Roce_964_0 14428 finished at 627077 total bytes 4000
Flow Roce_512_0 17368 finished at 627582 total bytes 4000
Flow Roce_514_0 15764 finished at 628127 total bytes 4000
Flow Roce_961_0 15376 finished at 628187 total bytes 4000
Flow Roce_960_0 15552 finished at 628319 total bytes 4000
Flow Roce_214_0 15496 finished at 628670 total bytes 4000
Flow Roce_474_0 15180 finished at 628944 total bytes 4000
Flow Roce_443_0 16728 finished at 629080 total bytes 4000
Flow Roce_598_0 14120 finished at 629135 total bytes 4000
Flow Roce_251_0 15832 finished at 629197 total bytes 4000
Flow Roce_340_0 16968 finished at 629805 total bytes 4000
Flow Roce_497_0 17012 finished at 629832 total bytes 4000
Flow Roce_274_0 16168 finished at 630211 total bytes 4000
Flow Roce_573_0 15392 finished at 630696 total bytes 4000
Flow Roce_215_0 17696 finished at 630762 total bytes 4000
Flow Roce_498_0 14644 finished at 630874 total bytes 4000
Flow Roce_422_0 15072 finished at 630975 total bytes 4000
Flow Roce_221_0 15952 finished at 631083 total bytes 4000
Flow Roce_419_0 15044 finished at 631104 total bytes 4000
Flow Roce_956_0 15628 finished at 631176 total bytes 4000
Flow Roce_574_0 14172 finished at 631246 total bytes 4000
Flow Roce_992_0 14220 finished at 631262 total bytes 4000
Flow Roce_224_0 14796 finished at 631338 total bytes 4000
Flow Roce_478_0 14892 finished at 631381 total bytes 4000
Flow Roce_476_0 15012 finished at 631397 total bytes 4000
Flow Roce_501_0 16260 finished at 631497 total bytes 4000
Flow Roce_420_0 13728 finished at 631616 total bytes 4000
Flow Roce_212_0 15712 finished at 631658 total bytes 4000
Flow Roce_394_0 14612 finished at 631787 total bytes 4000
Flow Roce_479_0 14128 finished at 631865 total bytes 4000
Flow Roce_99_0 16372 finished at 631964 total bytes 4000
Flow Roce_545_0 14960 finished at 632141 total bytes 4000
Flow Roce_496_0 13736 finished at 632278 total bytes 4000
Flow Roce_315_0 15920 finished at 632285 total bytes 4000
Flow Roce_503_0 15452 finished at 632292 total bytes 4000
Flow Roce_290_0 14672 finished at 632504 total bytes 4000
Flow Roce_284_0 16140 finished at 633038 total bytes 4000
Flow Roce_286_0 14408 finished at 633639 total bytes 4000
Flow Roce_307_0 14204 finished at 633678 total bytes 4000
Flow Roce_310_0 14800 finished at 633935 total bytes 4000
Flow Roce_246_0 16096 finished at 634093 total bytes 4000
Flow Roce_282_0 15564 finished at 634100 total bytes 4000
Flow Roce_516_0 15324 finished at 634183 total bytes 4000
Flow Roce_441_0 14928 finished at 634385 total bytes 4000
Flow Roce_306_0 16600 finished at 634411 total bytes 4000
Flow Roce_570_0 17468 finished at 634423 total bytes 4000
Flow Roce_572_0 15568 finished at 634751 total bytes 4000
Flow Roce_488_0 13932 finished at 635122 total bytes 4000
Flow Roce_967_0 14708 finished at 635456 total bytes 4000
Flow Roce_96_0 13820 finished at 635578 total bytes 4000
Flow Roce_675_0 15696 finished at 635677 total bytes 4000
Flow Roce_902_0 14788 finished at 635741 total bytes 4000
Flow Roce_370_0 15908 finished at 635896 total bytes 4000
Flow Roce_966_0 14268 finished at 636000 total bytes 4000
Flow Roce_541_0 17548 finished at 636107 total bytes 4000
Flow Roce_4_0 15408 finished at 636138 total bytes 4000
Flow Roce_547_0 15204 finished at 636154 total bytes 4000
Flow Roce_901_0 13896 finished at 636199 total bytes 4000
Flow Roce_199_0 16464 finished at 636622 total bytes 4000
Flow Roce_210_0 15000 finished at 636628 total bytes 4000
Flow Roce_506_0 15780 finished at 636642 total bytes 4000
Flow Roce_3_0 17652 finished at 636731 total bytes 4000
Flow Roce_253_0 15912 finished at 636801 total bytes 4000
Flow Roce_7_0 14828 finished at 637112 total bytes 4000
Flow Roce_351_0 14392 finished at 637140 total bytes 4000
Flow Roce_908_0 16800 finished at 637788 total bytes 4000
Flow Roce_2_0 16992 finished at 637796 total bytes 4000
Flow Roce_5_0 14056 finished at 637854 total bytes 4000
Flow Roce_509_0 16792 finished at 637954 total bytes 4000
Flow Roce_510_0 14884 finished at 637966 total bytes 4000
Flow Roce_200_0 14564 finished at 638075 total bytes 4000
Flow Roce_982_0 15092 finished at 638178 total bytes 4000
Flow Roce_416_0 14976 finished at 638352 total bytes 4000
Flow Roce_228_0 17544 finished at 638382 total bytes 4000
Flow Roce_537_0 16644 finished at 638438 total bytes 4000
Flow Roce_1_0 14776 finished at 638450 total bytes 4000
Flow Roce_543_0 14320 finished at 638450 total bytes 4000
Flow Roce_513_0 17408 finished at 638468 total bytes 4000
Flow Roce_536_0 14692 finished at 638489 total bytes 4000
Flow Roce_515_0 17172 finished at 638503 total bytes 4000
Flow Roce_252_0 15848 finished at 638675 total bytes 4000
Flow Roce_277_0 14608 finished at 638694 total bytes 4000
Flow Roce_957_0 15472 finished at 638722 total bytes 4000
Flow Roce_508_0 17724 finished at 638725 total bytes 4000
Flow Roce_499_0 14748 finished at 638823 total bytes 4000
Flow Roce_571_0 14684 finished at 638888 total bytes 4000
Flow Roce_211_0 17052 finished at 639186 total bytes 4000
Flow Roce_616_0 16000 finished at 639804 total bytes 4000
Flow Roce_429_0 15528 finished at 640344 total bytes 4000
Flow Roce_511_0 13924 finished at 640428 total bytes 4000
Flow Roce_118_0 16208 finished at 640600 total bytes 4000
Flow Roce_6_0 17096 finished at 641130 total bytes 4000
Flow Roce_157_0 14756 finished at 641283 total bytes 4000
Flow Roce_548_0 16356 finished at 641490 total bytes 4000
Flow Roce_473_0 14916 finished at 642050 total bytes 4000
Flow Roce_502_0 17232 finished at 642272 total bytes 4000
Flow Roce_581_0 15124 finished at 642795 total bytes 4000
Flow Roce_102_0 16488 finished at 643003 total bytes 4000
Flow Roce_995_0 16692 finished at 643135 total bytes 4000
Flow Roce_285_0 14624 finished at 643213 total bytes 4000
Flow Roce_583_0 17752 finished at 643392 total bytes 4000
Flow Roce_579_0 16556 finished at 643400 total bytes 4000
Flow Roce_472_0 16520 finished at 643810 total bytes 4000
Flow Roce_765_0 13976 finished at 643847 total bytes 4000
Flow Roce_115_0 15960 finished at 644294 total bytes 4000
Flow Roce_500_0 17688 finished at 645002 total bytes 4000
Flow Roce_625_0 14132 finished at 645030 total bytes 4000
Flow Roce_629_0 14628 finished at 645032 total bytes 4000
Flow Roce_669_0 14476 finished at 645265 total bytes 4000
Flow Roce_304_0 17436 finished at 645294 total bytes 4000
Flow Roce_909_0 15128 finished at 646196 total bytes 4000
Flow Roce_958_0 17120 finished at 646235 total bytes 4000
Flow Roce_1015_0 17528 finished at 647133 total bytes 4000
Flow Roce_910_0 17148 finished at 647148 total bytes 4000
Flow Roce_953_0 15536 finished at 647172 total bytes 4000
Flow Roce_959_0 16276 finished at 647182 total bytes 4000
Flow Roce_618_0 14224 finished at 647610 total bytes 4000
Flow Roce_372_0 14260 finished at 647833 total bytes 4000
Flow Roce_582_0 14840 finished at 647933 total bytes 4000
Flow Roce_505_0 16460 finished at 648008 total bytes 4000
Flow Roce_619_0 16264 finished at 648174 total bytes 4000
Flow Roce_1014_0 17500 finished at 648188 total bytes 4000
Flow Roce_617_0 15108 finished at 648309 total bytes 4000
Flow Roce_425_0 17320 finished at 648340 total bytes 4000
Flow Roce_430_0 15036 finished at 648435 total bytes 4000
Flow Roce_993_0 17416 finished at 648676 total bytes 4000
Flow Roce_977_0 15292 finished at 648720 total bytes 4000
Flow Roce_994_0 16376 finished at 648950 total bytes 4000
Flow Roce_911_0 14832 finished at 649145 total bytes 4000
Flow Roce_272_0 14508 finished at 649240 total bytes 4000
Flow Roce_954_0 16560 finished at 649309 total bytes 4000
Flow Roce_627_0 16424 finished at 649587 total bytes 4000
Flow Roce_944_0 14332 finished at 649959 total bytes 4000
.Flow Roce_900_0 13968 finished at 650033 total bytes 4000
Flow Roce_401_0 15988 finished at 650063 total bytes 4000
Flow Roce_1013_0 15992 finished at 650242 total bytes 4000
Flow Roce_400_0 17672 finished at 650284 total bytes 4000
Flow Roce_1009_0 14696 finished at 650304 total bytes 4000
Flow Roce_539_0 15024 finished at 650474 total bytes 4000
Flow Roce_577_0 16396 finished at 650622 total bytes 4000
Flow Roce_978_0 15428 finished at 651103 total bytes 4000
Flow Roce_630_0 17200 finished at 651228 total bytes 4000
Flow Roce_417_0 16232 finished at 651241 total bytes 4000
Flow Roce_549_0 14804 finished at 651257 total bytes 4000
Flow Roce_623_0 17664 finished at 651599 total bytes 4000
Flow Roce_100_0 14668 finished at 651678 total bytes 4000
Flow Roce_405_0 16632 finished at 651835 total bytes 4000
Flow Roce_665_0 16640 finished at 651883 total bytes 4000
Flow Roce_903_0 17576 finished at 651911 total bytes 4000
Flow Roce_980_0 15488 finished at 652100 total bytes 4000
Flow Roce_551_0 15088 finished at 652186 total bytes 4000
Flow Roce_949_0 17488 finished at 652938 total bytes 4000
Flow Roce_154_0 15740 finished at 653001 total bytes 4000
Flow Roce_631_0 15792 finished at 653026 total bytes 4000
Flow Roce_580_0 16176 finished at 653503 total bytes 4000
Flow Roce_626_0 15004 finished at 653829 total bytes 4000
Flow Roce_671_0 14876 finished at 654022 total bytes 4000
Flow Roce_981_0 15928 finished at 654088 total bytes 4000
Flow Roce_576_0 15856 finished at 654369 total bytes 4000
Flow Roce_905_0 14080 finished at 654407 total bytes 4000
Flow Roce_628_0 16972 finished at 655408 total bytes 4000
Flow Roce_950_0 14720 finished at 655448 total bytes 4000
Flow Roce_946_0 14864 finished at 655983 total bytes 4000
Flow Roce_421_0 15680 finished at 656060 total bytes 4000
Flow Roce_609_0 13792 finished at 656122 total bytes 4000
Flow Roce_762_0 17332 finished at 656126 total bytes 4000
Flow Roce_428_0 14484 finished at 656464 total bytes 4000
Flow Roce_612_0 14292 finished at 656704 total bytes 4000
Flow Roce_608_0 17196 finished at 656873 total bytes 4000
Flow Roce_158_0 15772 finished at 657598 total bytes 4000
Flow Roce_951_0 15776 finished at 657847 total bytes 4000
Flow Roce_664_0 16816 finished at 657951 total bytes 4000
Flow Roce_724_0 14520 finished at 658226 total bytes 4000
Flow Roce_670_0 16268 finished at 658895 total bytes 4000
Flow Roce_407_0 16712 finished at 658897 total bytes 4000
Flow Roce_305_0 15216 finished at 659812 total bytes 4000
Flow Roce_722_0 16688 finished at 659832 total bytes 4000
Flow Roce_402_0 14716 finished at 659893 total bytes 4000
Flow Roce_308_0 15008 finished at 659916 total bytes 4000
Flow Roce_704_0 13772 finished at 659971 total bytes 4000
Flow Roce_615_0 16960 finished at 660792 total bytes 4000
Flow Roce_129_0 16596 finished at 661195 total bytes 4000
Flow Roce_276_0 17116 finished at 661416 total bytes 4000
Flow Roce_427_0 17480 finished at 661448 total bytes 4000
Flow Roce_766_0 14436 finished at 661711 total bytes 4000
Flow Roce_406_0 15272 finished at 662061 total bytes 4000
Flow Roce_279_0 15120 finished at 662090 total bytes 4000
Flow Roce_563_0 15440 finished at 662365 total bytes 4000
Flow Roce_133_0 17068 finished at 662926 total bytes 4000
Flow Roce_720_0 17296 finished at 662959 total bytes 4000
Flow Roce_128_0 14984 finished at 663032 total bytes 4000
Flow Roce_130_0 15716 finished at 663248 total bytes 4000
Flow Roce_610_0 16012 finished at 664321 total bytes 4000
Flow Roce_710_0 14812 finished at 664337 total bytes 4000
Flow Roce_562_0 17304 finished at 664484 total bytes 4000
Flow Roce_287_0 15328 finished at 664509 total bytes 4000
Flow Roce_760_0 15296 finished at 664559 total bytes 4000
Flow Roce_613_0 14012 finished at 664709 total bytes 4000
Flow Roce_300_0 14900 finished at 665117 total bytes 4000
Flow Roce_709_0 16196 finished at 665122 total bytes 4000
Flow Roce_131_0 15104 finished at 665380 total bytes 4000
Flow Roce_301_0 15720 finished at 665734 total bytes 4000
Flow Roce_611_0 14188 finished at 665781 total bytes 4000
Flow Roce_275_0 16308 finished at 666014 total bytes 4000
Flow Roce_483_0 14616 finished at 666522 total bytes 4000
Flow Roce_708_0 16404 finished at 666558 total bytes 4000
Flow Roce_560_0 13684 finished at 666785 total bytes 4000
Flow Roce_727_0 14324 finished at 667285 total bytes 4000
Flow Roce_566_0 14732 finished at 667348 total bytes 4000
Flow Roce_726_0 14652 finished at 667359 total bytes 4000
Flow Roce_410_0 13812 finished at 667779 total bytes 4000
Flow Roce_485_0 14360 finished at 667886 total bytes 4000
Flow Roce_1022_0 15732 finished at 667970 total bytes 4000
Flow Roce_281_0 14184 finished at 668046 total bytes 4000
Flow Roce_706_0 14712 finished at 668055 total bytes 4000
Flow Roce_415_0 17140 finished at 668187 total bytes 4000
Flow Roce_564_0 16940 finished at 668221 total bytes 4000
Flow Roce_480_0 13744 finished at 668303 total bytes 4000
Flow Roce_280_0 16820 finished at 668389 total bytes 4000
Flow Roce_262_0 17732 finished at 668451 total bytes 4000
Flow Roce_411_0 15284 finished at 668502 total bytes 4000
Flow Roce_258_0 14792 finished at 668643 total bytes 4000
Flow Roce_283_0 15244 finished at 668663 total bytes 4000
Flow Roce_1023_0 13688 finished at 668688 total bytes 4000
Flow Roce_567_0 17524 finished at 668766 total bytes 4000
Flow Roce_455_0 13752 finished at 668776 total bytes 4000
Flow Roce_412_0 16420 finished at 668790 total bytes 4000
Flow Roce_486_0 16788 finished at 668876 total bytes 4000
Flow Roce_297_0 17492 finished at 668978 total bytes 4000
Flow Roce_263_0 14688 finished at 668988 total bytes 4000
Flow Roce_487_0 15300 finished at 669097 total bytes 4000
Flow Roce_303_0 16160 finished at 669129 total bytes 4000
Flow Roce_1019_0 17540 finished at 669231 total bytes 4000
Flow Roce_302_0 16808 finished at 669248 total bytes 4000
Flow Roce_311_0 17384 finished at 669261 total bytes 4000
Flow Roce_484_0 17712 finished at 669329 total bytes 4000
Flow Roce_296_0 14164 finished at 669399 total bytes 4000
Flow Roce_309_0 14004 finished at 669484 total bytes 4000
Flow Roce_409_0 15980 finished at 669506 total bytes 4000
Flow Roce_450_0 17272 finished at 669746 total bytes 4000
Flow Roce_298_0 16852 finished at 669767 total bytes 4000
Flow Roce_260_0 16748 finished at 669915 total bytes 4000
Flow Roce_408_0 13964 finished at 670136 total bytes 4000
Flow Roce_413_0 14632 finished at 670189 total bytes 4000
Flow Roce_451_0 15456 finished at 670190 total bytes 4000
Flow Roce_453_0 14504 finished at 670194 total bytes 4000
Flow Roce_454_0 15252 finished at 670227 total bytes 4000
Flow Roce_414_0 17324 finished at 670294 total bytes 4000
Flow Roce_449_0 17536 finished at 670410 total bytes 4000
New: 0 Rtx: 0
PFC_PAUSES 693865 PFC_PAUSE_US 7.16482e+08 MAX_QUEUE_BYTES 113792
OVERFLOW_COUNT 0
