.Flow Roce_591_0 29632 finished at 87330.3 total bytes 4000
Flow Roce_685_0 30008 finished at 91862.2 total bytes 4000
Flow Roce_941_0 31032 finished at 94392.9 total bytes 4000
.Flow Roce_992_0 31236 finished at 104810 total bytes 4000
Flow Roce_602_0 29676 finished at 107998 total bytes 4000
Flow Roce_598_0 29660 finished at 110037 total bytes 4000
Flow Roce_1004_0 31284 finished at 112613 total bytes 4000
Flow Roce_946_0 31052 finished at 114100 total bytes 4000
Flow Roce_832_0 30596 finished at 118040 total bytes 4000
Flow Roce_998_0 31260 finished at 121951 total bytes 4000
Flow Roce_664_0 29924 finished at 124718 total bytes 4000
Flow Roce_862_0 30716 finished at 125443 total bytes 4000
Flow Roce_636_0 29812 finished at 127666 total bytes 4000
Flow Roce_573_0 29560 finished at 128465 total bytes 4000
Flow Roce_994_0 31244 finished at 128958 total bytes 4000
Flow Roce_937_0 31016 finished at 129159 total bytes 4000
Flow Roce_738_0 30220 finished at 130795 total bytes 4000
Flow Roce_523_0 29360 finished at 132163 total bytes 4000
Flow Roce_831_0 30592 finished at 138359 total bytes 4000
Flow Roce_828_0 30580 finished at 138765 total bytes 4000
Flow Roce_1014_0 31324 finished at 143646 total bytes 4000
Flow Roce_578_0 29580 finished at 145650 total bytes 4000
Flow Roce_649_0 29864 finished at 146969 total bytes 4000
.Flow Roce_772_0 30356 finished at 150274 total bytes 4000
Flow Roce_775_0 30368 finished at 150783 total bytes 4000
Flow Roce_774_0 30364 finished at 153082 total bytes 4000
Flow Roce_849_0 30664 finished at 153836 total bytes 4000
Flow Roce_755_0 30288 finished at 154320 total bytes 4000
Flow Roce_747_0 30256 finished at 156062 total bytes 4000
Flow Roce_921_0 30952 finished at 157252 total bytes 4000
Flow Roce_666_0 29932 finished at 160931 total bytes 4000
Flow Roce_611_0 29712 finished at 161706 total bytes 4000
Flow Roce_783_0 30400 finished at 162692 total bytes 4000
Flow Roce_784_0 30404 finished at 166118 total bytes 4000
Flow Roce_853_0 30680 finished at 168452 total bytes 4000
Flow Roce_868_0 30740 finished at 168729 total bytes 4000
Flow Roce_729_0 30184 finished at 168772 total bytes 4000
Flow Roce_859_0 30704 finished at 170806 total bytes 4000
Flow Roce_521_0 29352 finished at 171503 total bytes 4000
Flow Roce_589_0 29624 finished at 171943 total bytes 4000
Flow Roce_791_0 30432 finished at 172180 total bytes 4000
Flow Roce_785_0 30408 finished at 172399 total bytes 4000
Flow Roce_688_0 30020 finished at 172632 total bytes 4000
Flow Roce_708_0 30100 finished at 172813 total bytes 4000
Flow Roce_1011_0 31312 finished at 173239 total bytes 4000
Flow Roce_538_0 29420 finished at 173540 total bytes 4000
Flow Roce_749_0 30264 finished at 173814 total bytes 4000
Flow Roce_1015_0 31328 finished at 174292 total bytes 4000
Flow Roce_930_0 30988 finished at 175870 total bytes 4000
Flow Roce_940_0 31028 finished at 175936 total bytes 4000
Flow Roce_990_0 31228 finished at 176142 total bytes 4000
Flow Roce_985_0 31208 finished at 177026 total bytes 4000
Flow Roce_558_0 29500 finished at 177089 total bytes 4000
Flow Roce_769_0 30344 finished at 177629 total bytes 4000
Flow Roce_608_0 29700 finished at 177881 total bytes 4000
Flow Roce_773_0 30360 finished at 177961 total bytes 4000
Flow Roce_932_0 30996 finished at 179004 total bytes 4000
Flow Roce_928_0 30980 finished at 180241 total bytes 4000
Flow Roce_751_0 30272 finished at 181655 total bytes 4000
Flow Roce_745_0 30248 finished at 182452 total bytes 4000
Flow Roce_1007_0 31296 finished at 182535 total bytes 4000
Flow Roce_893_0 30840 finished at 184303 total bytes 4000
Flow Roce_753_0 30280 finished at 185666 total bytes 4000
Flow Roce_550_0 29468 finished at 187092 total bytes 4000
Flow Roce_779_0 30384 finished at 187565 total bytes 4000
Flow Roce_743_0 30240 finished at 187717 total bytes 4000
Flow Roce_655_0 29888 finished at 187953 total bytes 4000
Flow Roce_540_0 29428 finished at 188258 total bytes 4000
Flow Roce_933_0 31000 finished at 188265 total bytes 4000
Flow Roce_1006_0 31292 finished at 188364 total bytes 4000
Flow Roce_962_0 31116 finished at 188403 total bytes 4000
Flow Roce_1001_0 31272 finished at 188584 total bytes 4000
Flow Roce_780_0 30388 finished at 189312 total bytes 4000
Flow Roce_824_0 30564 finished at 191698 total bytes 4000
Flow Roce_993_0 31240 finished at 192252 total bytes 4000
Flow Roce_541_0 29432 finished at 192619 total bytes 4000
Flow Roce_809_0 30504 finished at 193046 total bytes 4000
Flow Roce_820_0 30548 finished at 193329 total bytes 4000
Flow Roce_560_0 29508 finished at 196104 total bytes 4000
Flow Roce_914_0 30924 finished at 197075 total bytes 4000
.Flow Roce_935_0 31008 finished at 202047 total bytes 4000
Flow Roce_867_0 30736 finished at 202175 total bytes 4000
Flow Roce_604_0 29684 finished at 203243 total bytes 4000
Flow Roce_553_0 29480 finished at 203404 total bytes 4000
Flow Roce_890_0 30828 finished at 203968 total bytes 4000
Flow Roce_554_0 29484 finished at 204242 total bytes 4000
Flow Roce_927_0 30976 finished at 204415 total bytes 4000
Flow Roce_651_0 29872 finished at 204878 total bytes 4000
Flow Roce_734_0 30204 finished at 204912 total bytes 4000
Flow Roce_681_0 29992 finished at 205852 total bytes 4000
Flow Roce_689_0 30024 finished at 206084 total bytes 4000
Flow Roce_616_0 29732 finished at 206345 total bytes 4000
Flow Roce_956_0 31092 finished at 207686 total bytes 4000
Flow Roce_872_0 30756 finished at 207722 total bytes 4000
Flow Roce_603_0 29680 finished at 207797 total bytes 4000
Flow Roce_568_0 29540 finished at 207982 total bytes 4000
Flow Roce_822_0 30556 finished at 208070 total bytes 4000
Flow Roce_903_0 30880 finished at 208193 total bytes 4000
Flow Roce_916_0 30932 finished at 208217 total bytes 4000
Flow Roce_814_0 30524 finished at 208324 total bytes 4000
Flow Roce_840_0 30628 finished at 208436 total bytes 4000
Flow Roce_795_0 30448 finished at 208581 total bytes 4000
Flow Roce_567_0 29536 finished at 208606 total bytes 4000
Flow Roce_671_0 29952 finished at 208860 total bytes 4000
Flow Roce_991_0 31232 finished at 209684 total bytes 4000
Flow Roce_879_0 30784 finished at 210014 total bytes 4000
Flow Roce_617_0 29736 finished at 210511 total bytes 4000
Flow Roce_623_0 29760 finished at 210547 total bytes 4000
Flow Roce_947_0 31056 finished at 210695 total bytes 4000
Flow Roce_702_0 30076 finished at 211079 total bytes 4000
Flow Roce_548_0 29460 finished at 211239 total bytes 4000
Flow Roce_590_0 29628 finished at 211842 total bytes 4000
Flow Roce_551_0 29472 finished at 212062 total bytes 4000
Flow Roce_1005_0 31288 finished at 212064 total bytes 4000
Flow Roce_687_0 30016 finished at 212663 total bytes 4000
Flow Roce_794_0 30444 finished at 212757 total bytes 4000
Flow Roce_815_0 30528 finished at 212759 total bytes 4000
Flow Roce_637_0 29816 finished at 212971 total bytes 4000
Flow Roce_544_0 29444 finished at 213208 total bytes 4000
Flow Roce_537_0 29416 finished at 213684 total bytes 4000
Flow Roce_786_0 30412 finished at 213959 total bytes 4000
Flow Roce_680_0 29988 finished at 214302 total bytes 4000
Flow Roce_588_0 29620 finished at 215270 total bytes 4000
Flow Roce_837_0 30616 finished at 215449 total bytes 4000
Flow Roce_805_0 30488 finished at 215603 total bytes 4000
Flow Roce_842_0 30636 finished at 216542 total bytes 4000
Flow Roce_847_0 30656 finished at 217014 total bytes 4000
Flow Roce_806_0 30492 finished at 217109 total bytes 4000
Flow Roce_559_0 29504 finished at 218107 total bytes 4000
Flow Roce_565_0 29528 finished at 218475 total bytes 4000
Flow Roce_715_0 30128 finished at 218607 total bytes 4000
Flow Roce_975_0 31168 finished at 218858 total bytes 4000
Flow Roce_555_0 29488 finished at 218872 total bytes 4000
Flow Roce_969_0 31144 finished at 219295 total bytes 4000
Flow Roce_714_0 30124 finished at 219630 total bytes 4000
Flow Roce_721_0 30152 finished at 219879 total bytes 4000
Flow Roce_1002_0 31276 finished at 220097 total bytes 4000
Flow Roce_654_0 29884 finished at 220939 total bytes 4000
Flow Roce_642_0 29836 finished at 222110 total bytes 4000
Flow Roce_692_0 30036 finished at 222647 total bytes 4000
Flow Roce_765_0 30328 finished at 223017 total bytes 4000
Flow Roce_652_0 29876 finished at 224215 total bytes 4000
Flow Roce_939_0 31024 finished at 225244 total bytes 4000
Flow Roce_938_0 31020 finished at 225392 total bytes 4000
Flow Roce_536_0 29412 finished at 226248 total bytes 4000
Flow Roce_865_0 30728 finished at 226461 total bytes 4000
Flow Roce_1000_0 31268 finished at 226496 total bytes 4000
Flow Roce_713_0 30120 finished at 226551 total bytes 4000
Flow Roce_767_0 30336 finished at 227256 total bytes 4000
Flow Roce_618_0 29740 finished at 227744 total bytes 4000
Flow Roce_620_0 29748 finished at 228327 total bytes 4000
Flow Roce_1009_0 31304 finished at 228909 total bytes 4000
Flow Roce_823_0 30560 finished at 229877 total bytes 4000
Flow Roce_988_0 31220 finished at 230846 total bytes 4000
Flow Roce_924_0 30964 finished at 231331 total bytes 4000
Flow Roce_1019_0 31344 finished at 231415 total bytes 4000
Flow Roce_896_0 30852 finished at 232589 total bytes 4000
Flow Roce_796_0 30452 finished at 232847 total bytes 4000
Flow Roce_799_0 30464 finished at 232882 total bytes 4000
Flow Roce_718_0 30140 finished at 233275 total bytes 4000
Flow Roce_808_0 30500 finished at 233680 total bytes 4000
Flow Roce_549_0 29464 finished at 235008 total bytes 4000
Flow Roce_870_0 30748 finished at 235850 total bytes 4000
Flow Roce_848_0 30660 finished at 235851 total bytes 4000
Flow Roce_744_0 30244 finished at 235923 total bytes 4000
Flow Roce_716_0 30132 finished at 235923 total bytes 4000
Flow Roce_543_0 29440 finished at 236481 total bytes 4000
Flow Roce_803_0 30480 finished at 236543 total bytes 4000
Flow Roce_690_0 30028 finished at 236788 total bytes 4000
Flow Roce_661_0 29912 finished at 237745 total bytes 4000
Flow Roce_746_0 30252 finished at 238354 total bytes 4000
Flow Roce_936_0 31012 finished at 238465 total bytes 4000
Flow Roce_855_0 30688 finished at 239979 total bytes 4000
Flow Roce_527_0 29376 finished at 242342 total bytes 4000
Flow Roce_942_0 31036 finished at 244324 total bytes 4000
Flow Roce_731_0 30192 finished at 244416 total bytes 4000
Flow Roce_852_0 30676 finished at 244614 total bytes 4000
Flow Roce_526_0 29372 finished at 244704 total bytes 4000
Flow Roce_710_0 30108 finished at 244908 total bytes 4000
Flow Roce_741_0 30232 finished at 244958 total bytes 4000
Flow Roce_980_0 31188 finished at 245330 total bytes 4000
Flow Roce_609_0 29704 finished at 246101 total bytes 4000
Flow Roce_712_0 30116 finished at 246455 total bytes 4000
Flow Roce_515_0 29328 finished at 246933 total bytes 4000
Flow Roce_951_0 31072 finished at 247080 total bytes 4000
Flow Roce_750_0 30268 finished at 247736 total bytes 4000
Flow Roce_979_0 31184 finished at 247752 total bytes 4000
Flow Roce_518_0 29340 finished at 247788 total bytes 4000
Flow Roce_512_0 29316 finished at 249074 total bytes 4000
Flow Roce_699_0 30064 finished at 249224 total bytes 4000
Flow Roce_770_0 30348 finished at 249355 total bytes 4000
.Flow Roce_1017_0 31336 finished at 250243 total bytes 4000
Flow Roce_925_0 30968 finished at 251850 total bytes 4000
Flow Roce_556_0 29492 finished at 252560 total bytes 4000
Flow Roce_807_0 30496 finished at 252721 total bytes 4000
Flow Roce_1020_0 31348 finished at 252985 total bytes 4000
Flow Roce_1018_0 31340 finished at 253018 total bytes 4000
Flow Roce_1016_0 31332 finished at 253438 total bytes 4000
Flow Roce_530_0 29388 finished at 253765 total bytes 4000
Flow Roce_834_0 30604 finished at 253864 total bytes 4000
Flow Roce_789_0 30424 finished at 254825 total bytes 4000
Flow Roce_724_0 30164 finished at 255745 total bytes 4000
Flow Roce_889_0 30824 finished at 256105 total bytes 4000
Flow Roce_520_0 29348 finished at 257142 total bytes 4000
Flow Roce_612_0 29716 finished at 258249 total bytes 4000
Flow Roce_833_0 30600 finished at 259927 total bytes 4000
Flow Roce_675_0 29968 finished at 260022 total bytes 4000
Flow Roce_835_0 30608 finished at 260845 total bytes 4000
Flow Roce_625_0 29768 finished at 263514 total bytes 4000
Flow Roce_839_0 30624 finished at 264238 total bytes 4000
Flow Roce_1012_0 31316 finished at 266246 total bytes 4000
Flow Roce_948_0 31060 finished at 267052 total bytes 4000
Flow Roce_686_0 30012 finished at 267151 total bytes 4000
Flow Roce_964_0 31124 finished at 267245 total bytes 4000
Flow Roce_572_0 29556 finished at 268134 total bytes 4000
Flow Roce_802_0 30476 finished at 268277 total bytes 4000
Flow Roce_771_0 30352 finished at 268279 total bytes 4000
Flow Roce_657_0 29896 finished at 268358 total bytes 4000
Flow Roce_912_0 30916 finished at 268571 total bytes 4000
Flow Roce_524_0 29364 finished at 268700 total bytes 4000
Flow Roce_931_0 30992 finished at 268704 total bytes 4000
Flow Roce_594_0 29644 finished at 268837 total bytes 4000
Flow Roce_596_0 29652 finished at 268923 total bytes 4000
Flow Roce_733_0 30200 finished at 269809 total bytes 4000
Flow Roce_978_0 31180 finished at 270138 total bytes 4000
Flow Roce_757_0 30296 finished at 270391 total bytes 4000
Flow Roce_843_0 30640 finished at 270679 total bytes 4000
Flow Roce_605_0 29688 finished at 271088 total bytes 4000
Flow Roce_585_0 29608 finished at 271320 total bytes 4000
Flow Roce_597_0 29656 finished at 271601 total bytes 4000
Flow Roce_532_0 29396 finished at 271953 total bytes 4000
Flow Roce_528_0 29380 finished at 272316 total bytes 4000
Flow Roce_697_0 30056 finished at 272338 total bytes 4000
Flow Roce_545_0 29448 finished at 272382 total bytes 4000
Flow Roce_900_0 30868 finished at 272987 total bytes 4000
Flow Roce_622_0 29756 finished at 273594 total bytes 4000
Flow Roce_982_0 31196 finished at 273679 total bytes 4000
Flow Roce_954_0 31084 finished at 274163 total bytes 4000
Flow Roce_929_0 30984 finished at 274259 total bytes 4000
Flow Roce_696_0 30052 finished at 274628 total bytes 4000
Flow Roce_797_0 30456 finished at 275342 total bytes 4000
Flow Roce_934_0 31004 finished at 275493 total bytes 4000
Flow Roce_830_0 30588 finished at 275960 total bytes 4000
Flow Roce_619_0 29744 finished at 276008 total bytes 4000
Flow Roce_700_0 30068 finished at 276165 total bytes 4000
Flow Roce_958_0 31100 finished at 277920 total bytes 4000
Flow Roce_701_0 30072 finished at 278003 total bytes 4000
Flow Roce_698_0 30060 finished at 278264 total bytes 4000
Flow Roce_656_0 29892 finished at 278643 total bytes 4000
Flow Roce_910_0 30908 finished at 278978 total bytes 4000
Flow Roce_683_0 30000 finished at 279024 total bytes 4000
Flow Roce_844_0 30644 finished at 279611 total bytes 4000
Flow Roce_950_0 31068 finished at 280114 total bytes 4000
Flow Roce_592_0 29636 finished at 280591 total bytes 4000
Flow Roce_1010_0 31308 finished at 280924 total bytes 4000
Flow Roce_752_0 30276 finished at 280994 total bytes 4000
Flow Roce_756_0 30292 finished at 281031 total bytes 4000
Flow Roce_781_0 30392 finished at 281153 total bytes 4000
Flow Roce_917_0 30936 finished at 281359 total bytes 4000
Flow Roce_957_0 31096 finished at 281368 total bytes 4000
Flow Roce_778_0 30380 finished at 281601 total bytes 4000
Flow Roce_703_0 30080 finished at 281864 total bytes 4000
Flow Roce_662_0 29916 finished at 281864 total bytes 4000
Flow Roce_977_0 31176 finished at 282033 total bytes 4000
Flow Roce_898_0 30860 finished at 282094 total bytes 4000
Flow Roce_732_0 30196 finished at 282801 total bytes 4000
Flow Roce_827_0 30576 finished at 283470 total bytes 4000
Flow Roce_641_0 29832 finished at 284502 total bytes 4000
Flow Roce_883_0 30800 finished at 284639 total bytes 4000
Flow Roce_639_0 29824 finished at 284702 total bytes 4000
Flow Roce_552_0 29476 finished at 286181 total bytes 4000
Flow Roce_908_0 30900 finished at 287152 total bytes 4000
Flow Roce_793_0 30440 finished at 288716 total bytes 4000
Flow Roce_691_0 30032 finished at 289565 total bytes 4000
Flow Roce_959_0 31104 finished at 290438 total bytes 4000
Flow Roce_880_0 30788 finished at 295162 total bytes 4000
Flow Roce_918_0 30940 finished at 295342 total bytes 4000
Flow Roce_566_0 29532 finished at 295554 total bytes 4000
Flow Roce_858_0 30700 finished at 295560 total bytes 4000
Flow Roce_587_0 29616 finished at 295648 total bytes 4000
Flow Roce_955_0 31088 finished at 295665 total bytes 4000
Flow Roce_766_0 30332 finished at 295706 total bytes 4000
Flow Roce_640_0 29828 finished at 296057 total bytes 4000
Flow Roce_576_0 29572 finished at 296161 total bytes 4000
Flow Roce_760_0 30308 finished at 296325 total bytes 4000
Flow Roce_922_0 30956 finished at 296788 total bytes 4000
Flow Roce_579_0 29584 finished at 297469 total bytes 4000
Flow Roce_854_0 30684 finished at 297526 total bytes 4000
Flow Roce_761_0 30312 finished at 297597 total bytes 4000
Flow Roce_759_0 30304 finished at 297692 total bytes 4000
Flow Roce_561_0 29512 finished at 297876 total bytes 4000
Flow Roce_658_0 29900 finished at 298180 total bytes 4000
Flow Roce_595_0 29648 finished at 298310 total bytes 4000
Flow Roce_884_0 30804 finished at 298673 total bytes 4000
Flow Roce_836_0 30612 finished at 298712 total bytes 4000
Flow Roce_539_0 29424 finished at 298859 total bytes 4000
Flow Roce_782_0 30396 finished at 298894 total bytes 4000
Flow Roce_728_0 30180 finished at 299579 total bytes 4000
Flow Roce_943_0 31040 finished at 299599 total bytes 4000
.Flow Roce_764_0 30324 finished at 300434 total bytes 4000
Flow Roce_600_0 29668 finished at 300596 total bytes 4000
Flow Roce_542_0 29436 finished at 302108 total bytes 4000
Flow Roce_899_0 30864 finished at 302130 total bytes 4000
Flow Roce_621_0 29752 finished at 302318 total bytes 4000
Flow Roce_586_0 29612 finished at 302638 total bytes 4000
Flow Roce_758_0 30300 finished at 302945 total bytes 4000
Flow Roce_813_0 30520 finished at 303249 total bytes 4000
Flow Roce_944_0 31044 finished at 303312 total bytes 4000
Flow Roce_575_0 29568 finished at 303341 total bytes 4000
Flow Roce_901_0 30872 finished at 303600 total bytes 4000
Flow Roce_860_0 30708 finished at 303890 total bytes 4000
Flow Roce_693_0 30040 finished at 304609 total bytes 4000
Flow Roce_919_0 30944 finished at 305233 total bytes 4000
Flow Roce_644_0 29844 finished at 305241 total bytes 4000
Flow Roce_584_0 29604 finished at 307864 total bytes 4000
Flow Roce_829_0 30584 finished at 308225 total bytes 4000
Flow Roce_659_0 29904 finished at 308594 total bytes 4000
Flow Roce_682_0 29996 finished at 308629 total bytes 4000
Flow Roce_909_0 30904 finished at 308639 total bytes 4000
Flow Roce_672_0 29956 finished at 308663 total bytes 4000
Flow Roce_888_0 30820 finished at 308889 total bytes 4000
Flow Roce_923_0 30960 finished at 308924 total bytes 4000
Flow Roce_668_0 29940 finished at 309032 total bytes 4000
Flow Roce_841_0 30632 finished at 309162 total bytes 4000
Flow Roce_981_0 31192 finished at 309493 total bytes 4000
Flow Roce_788_0 30420 finished at 309549 total bytes 4000
Flow Roce_742_0 30236 finished at 309564 total bytes 4000
Flow Roce_736_0 30212 finished at 309705 total bytes 4000
Flow Roce_965_0 31128 finished at 309710 total bytes 4000
Flow Roce_812_0 30516 finished at 309747 total bytes 4000
Flow Roce_711_0 30112 finished at 309769 total bytes 4000
Flow Roce_763_0 30320 finished at 309780 total bytes 4000
Flow Roce_577_0 29576 finished at 309832 total bytes 4000
Flow Roce_989_0 31224 finished at 310077 total bytes 4000
Flow Roce_1003_0 31280 finished at 310106 total bytes 4000
Flow Roce_704_0 30084 finished at 310246 total bytes 4000
Flow Roce_645_0 29848 finished at 310266 total bytes 4000
Flow Roce_740_0 30228 finished at 310311 total bytes 4000
Flow Roce_768_0 30340 finished at 310446 total bytes 4000
Flow Roce_995_0 31248 finished at 310461 total bytes 4000
Flow Roce_694_0 30044 finished at 310687 total bytes 4000
Flow Roce_557_0 29496 finished at 310827 total bytes 4000
Flow Roce_777_0 30376 finished at 310857 total bytes 4000
Flow Roce_920_0 30948 finished at 311072 total bytes 4000
Flow Roce_630_0 29788 finished at 311226 total bytes 4000
Flow Roce_570_0 29548 finished at 311253 total bytes 4000
Flow Roce_522_0 29356 finished at 311282 total bytes 4000
Flow Roce_737_0 30216 finished at 311843 total bytes 4000
Flow Roce_593_0 29640 finished at 312142 total bytes 4000
Flow Roce_719_0 30144 finished at 312278 total bytes 4000
Flow Roce_801_0 30472 finished at 312509 total bytes 4000
Flow Roce_535_0 29408 finished at 312555 total bytes 4000
Flow Roce_871_0 30752 finished at 312676 total bytes 4000
Flow Roce_717_0 30136 finished at 312907 total bytes 4000
Flow Roce_563_0 29520 finished at 312923 total bytes 4000
Flow Roce_902_0 30876 finished at 313306 total bytes 4000
Flow Roce_864_0 30724 finished at 313590 total bytes 4000
Flow Roce_1008_0 31300 finished at 314313 total bytes 4000
Flow Roce_673_0 29960 finished at 314470 total bytes 4000
Flow Roce_660_0 29908 finished at 315120 total bytes 4000
Flow Roce_818_0 30540 finished at 315517 total bytes 4000
Flow Roce_562_0 29516 finished at 315537 total bytes 4000
Flow Roce_679_0 29984 finished at 315898 total bytes 4000
Flow Roce_846_0 30652 finished at 316045 total bytes 4000
Flow Roce_810_0 30508 finished at 316105 total bytes 4000
Flow Roce_531_0 29392 finished at 316175 total bytes 4000
Flow Roce_574_0 29564 finished at 316609 total bytes 4000
Flow Roce_838_0 30620 finished at 317151 total bytes 4000
Flow Roce_792_0 30436 finished at 317161 total bytes 4000
Flow Roce_915_0 30928 finished at 317275 total bytes 4000
Flow Roce_996_0 31252 finished at 317290 total bytes 4000
Flow Roce_705_0 30088 finished at 317440 total bytes 4000
Flow Roce_804_0 30484 finished at 317491 total bytes 4000
Flow Roce_974_0 31164 finished at 317658 total bytes 4000
Flow Roce_607_0 29696 finished at 317839 total bytes 4000
Flow Roce_787_0 30416 finished at 317870 total bytes 4000
Flow Roce_748_0 30260 finished at 317875 total bytes 4000
Flow Roce_727_0 30176 finished at 318024 total bytes 4000
Flow Roce_984_0 31204 finished at 318110 total bytes 4000
Flow Roce_861_0 30712 finished at 318124 total bytes 4000
Flow Roce_678_0 29980 finished at 318283 total bytes 4000
Flow Roce_676_0 29972 finished at 318384 total bytes 4000
Flow Roce_571_0 29552 finished at 318602 total bytes 4000
Flow Roce_684_0 30004 finished at 318785 total bytes 4000
Flow Roce_891_0 30832 finished at 319023 total bytes 4000
Flow Roce_850_0 30668 finished at 319233 total bytes 4000
Flow Roce_881_0 30792 finished at 319823 total bytes 4000
Flow Roce_634_0 29804 finished at 320037 total bytes 4000
Flow Roce_754_0 30284 finished at 320042 total bytes 4000
Flow Roce_821_0 30552 finished at 320065 total bytes 4000
Flow Roce_1022_0 31356 finished at 320302 total bytes 4000
Flow Roce_631_0 29792 finished at 320991 total bytes 4000
Flow Roce_997_0 31256 finished at 321231 total bytes 4000
Flow Roce_873_0 30760 finished at 321293 total bytes 4000
Flow Roce_674_0 29964 finished at 321322 total bytes 4000
Flow Roce_614_0 29724 finished at 321477 total bytes 4000
Flow Roce_695_0 30048 finished at 321803 total bytes 4000
Flow Roce_776_0 30372 finished at 322179 total bytes 4000
Flow Roce_547_0 29456 finished at 322641 total bytes 4000
Flow Roce_663_0 29920 finished at 322666 total bytes 4000
Flow Roce_816_0 30532 finished at 322739 total bytes 4000
Flow Roce_976_0 31172 finished at 322767 total bytes 4000
Flow Roce_963_0 31120 finished at 322767 total bytes 4000
Flow Roce_986_0 31212 finished at 322899 total bytes 4000
Flow Roce_569_0 29544 finished at 323114 total bytes 4000
Flow Roce_866_0 30732 finished at 323495 total bytes 4000
Flow Roce_800_0 30468 finished at 323515 total bytes 4000
Flow Roce_519_0 29344 finished at 323927 total bytes 4000
Flow Roce_739_0 30224 finished at 323968 total bytes 4000
Flow Roce_762_0 30316 finished at 324163 total bytes 4000
Flow Roce_1021_0 31352 finished at 324181 total bytes 4000
Flow Roce_869_0 30744 finished at 324470 total bytes 4000
Flow Roce_845_0 30648 finished at 324587 total bytes 4000
Flow Roce_826_0 30572 finished at 324737 total bytes 4000
Flow Roce_856_0 30692 finished at 324783 total bytes 4000
Flow Roce_643_0 29840 finished at 324798 total bytes 4000
Flow Roce_517_0 29336 finished at 324963 total bytes 4000
Flow Roce_646_0 29852 finished at 325667 total bytes 4000
Flow Roce_613_0 29720 finished at 325706 total bytes 4000
Flow Roce_882_0 30796 finished at 326267 total bytes 4000
Flow Roce_582_0 29596 finished at 326317 total bytes 4000
Flow Roce_580_0 29588 finished at 326517 total bytes 4000
Flow Roce_1023_0 31360 finished at 326875 total bytes 4000
Flow Roce_514_0 29324 finished at 326911 total bytes 4000
Flow Roce_638_0 29820 finished at 326926 total bytes 4000
Flow Roce_627_0 29776 finished at 326947 total bytes 4000
Flow Roce_601_0 29672 finished at 326978 total bytes 4000
Flow Roce_968_0 31140 finished at 327018 total bytes 4000
Flow Roce_516_0 29332 finished at 327103 total bytes 4000
Flow Roce_897_0 30856 finished at 327514 total bytes 4000
Flow Roce_952_0 31076 finished at 327653 total bytes 4000
Flow Roce_632_0 29796 finished at 327671 total bytes 4000
Flow Roce_798_0 30460 finished at 327700 total bytes 4000
Flow Roce_894_0 30844 finished at 327723 total bytes 4000
Flow Roce_583_0 29600 finished at 327857 total bytes 4000
Flow Roce_1013_0 31320 finished at 327948 total bytes 4000
Flow Roce_913_0 30920 finished at 328046 total bytes 4000
Flow Roce_564_0 29524 finished at 328054 total bytes 4000
Flow Roce_857_0 30696 finished at 328307 total bytes 4000
Flow Roce_647_0 29856 finished at 328628 total bytes 4000
Flow Roce_876_0 30772 finished at 328686 total bytes 4000
Flow Roce_677_0 29976 finished at 328776 total bytes 4000
Flow Roce_525_0 29368 finished at 328864 total bytes 4000
Flow Roce_892_0 30836 finished at 328880 total bytes 4000
Flow Roce_790_0 30428 finished at 328961 total bytes 4000
Flow Roce_513_0 29320 finished at 328961 total bytes 4000
Flow Roce_953_0 31080 finished at 329299 total bytes 4000
Flow Roce_926_0 30972 finished at 329318 total bytes 4000
Flow Roce_546_0 29452 finished at 329358 total bytes 4000
Flow Roce_615_0 29728 finished at 329549 total bytes 4000
Flow Roce_874_0 30764 finished at 330319 total bytes 4000
Flow Roce_606_0 29692 finished at 331093 total bytes 4000
Flow Roce_709_0 30104 finished at 331112 total bytes 4000
Flow Roce_581_0 29592 finished at 331148 total bytes 4000
Flow Roce_629_0 29784 finished at 331605 total bytes 4000
Flow Roce_999_0 31264 finished at 331714 total bytes 4000
Flow Roce_825_0 30568 finished at 331859 total bytes 4000
Flow Roce_599_0 29664 finished at 332186 total bytes 4000
Flow Roce_966_0 31132 finished at 332328 total bytes 4000
Flow Roce_722_0 30156 finished at 332345 total bytes 4000
Flow Roce_906_0 30892 finished at 332429 total bytes 4000
Flow Roce_723_0 30160 finished at 332476 total bytes 4000
Flow Roce_905_0 30888 finished at 332507 total bytes 4000
Flow Roce_707_0 30096 finished at 332511 total bytes 4000
Flow Roce_610_0 29708 finished at 332867 total bytes 4000
Flow Roce_878_0 30780 finished at 332952 total bytes 4000
Flow Roce_971_0 31152 finished at 332994 total bytes 4000
Flow Roce_669_0 29944 finished at 333044 total bytes 4000
Flow Roce_817_0 30536 finished at 333119 total bytes 4000
Flow Roce_983_0 31200 finished at 333411 total bytes 4000
Flow Roce_949_0 31064 finished at 333484 total bytes 4000
Flow Roce_706_0 30092 finished at 333919 total bytes 4000
Flow Roce_987_0 31216 finished at 333931 total bytes 4000
Flow Roce_720_0 30148 finished at 333964 total bytes 4000
Flow Roce_945_0 31048 finished at 334032 total bytes 4000
Flow Roce_529_0 29384 finished at 334071 total bytes 4000
Flow Roce_811_0 30512 finished at 334082 total bytes 4000
Flow Roce_628_0 29780 finished at 334259 total bytes 4000
Flow Roce_534_0 29404 finished at 334535 total bytes 4000
Flow Roce_973_0 31160 finished at 334738 total bytes 4000
Flow Roce_895_0 30848 finished at 334808 total bytes 4000
Flow Roce_972_0 31156 finished at 334997 total bytes 4000
Flow Roce_961_0 31112 finished at 335013 total bytes 4000
Flow Roce_726_0 30172 finished at 335120 total bytes 4000
Flow Roce_819_0 30544 finished at 335314 total bytes 4000
Flow Roce_725_0 30168 finished at 335318 total bytes 4000
Flow Roce_624_0 29764 finished at 335321 total bytes 4000
Flow Roce_667_0 29936 finished at 335328 total bytes 4000
Flow Roce_851_0 30672 finished at 335340 total bytes 4000
Flow Roce_665_0 29928 finished at 335414 total bytes 4000
Flow Roce_911_0 30912 finished at 335496 total bytes 4000
Flow Roce_970_0 31148 finished at 335590 total bytes 4000
Flow Roce_626_0 29772 finished at 335674 total bytes 4000
Flow Roce_633_0 29800 finished at 335676 total bytes 4000
Flow Roce_653_0 29880 finished at 335786 total bytes 4000
Flow Roce_960_0 31108 finished at 335831 total bytes 4000
Flow Roce_967_0 31136 finished at 335882 total bytes 4000
Flow Roce_877_0 30776 finished at 335927 total bytes 4000
Flow Roce_875_0 30768 finished at 335952 total bytes 4000
Flow Roce_670_0 29948 finished at 336081 total bytes 4000
Flow Roce_648_0 29860 finished at 336214 total bytes 4000
Flow Roce_533_0 29400 finished at 336509 total bytes 4000
Flow Roce_735_0 30208 finished at 336540 total bytes 4000
Flow Roce_730_0 30188 finished at 336557 total bytes 4000
Flow Roce_863_0 30720 finished at 336586 total bytes 4000
Flow Roce_907_0 30896 finished at 336638 total bytes 4000
Flow Roce_635_0 29808 finished at 336939 total bytes 4000
Flow Roce_904_0 30884 finished at 337045 total bytes 4000
Flow Roce_887_0 30816 finished at 337061 total bytes 4000
Flow Roce_650_0 29868 finished at 337073 total bytes 4000
Flow Roce_886_0 30812 finished at 337254 total bytes 4000
Flow Roce_885_0 30808 finished at 337258 total bytes 4000
New: 0 Rtx: 0
PFC_PAUSES 368320 PFC_PAUSE_US 2.86591e+08 MAX_QUEUE_BYTES 113792
OVERFLOW_COUNT 0
