..........Flow Roce_60_0 2940 finished at 500183 total bytes 25000
Flow Roce_117_0 3160 finished at 511289 total bytes 25000
Flow Roce_123_0 3232 finished at 518172 total bytes 25000
Flow Roce_64_0 3236 finished at 526230 total bytes 25000
Flow Roce_84_0 3220 finished at 526627 total bytes 25000
Flow Roce_95_0 2804 finished at 527135 total bytes 25000
Flow Roce_127_0 2764 finished at 527574 total bytes 25000
Flow Roce_96_0 2824 finished at 533094 total bytes 25000
Flow Roce_113_0 2816 finished at 533285 total bytes 25000
Flow Roce_125_0 3132 finished at 533985 total bytes 25000
Flow Roce_43_0 3024 finished at 534506 total bytes 25000
Flow Roce_63_0 3200 finished at 534556 total bytes 25000
Flow Roce_89_0 2996 finished at 535413 total bytes 25000
Flow Roce_53_0 2948 finished at 535571 total bytes 25000
Flow Roce_105_0 3064 finished at 535680 total bytes 25000
Flow Roce_34_0 2900 finished at 536968 total bytes 25000
Flow Roce_75_0 2916 finished at 537669 total bytes 25000
Flow Roce_70_0 3116 finished at 538632 total bytes 25000
Flow Roce_66_0 3000 finished at 538910 total bytes 25000
Flow Roce_19_0 2988 finished at 538916 total bytes 25000
Flow Roce_36_0 2928 finished at 539003 total bytes 25000
Flow Roce_18_0 3268 finished at 539458 total bytes 25000
Flow Roce_44_0 2796 finished at 539550 total bytes 25000
Flow Roce_101_0 3212 finished at 540029 total bytes 25000
Flow Roce_114_0 3108 finished at 540115 total bytes 25000
Flow Roce_68_0 3092 finished at 540279 total bytes 25000
Flow Roce_124_0 2792 finished at 540335 total bytes 25000
Flow Roce_54_0 3044 finished at 541130 total bytes 25000
Flow Roce_73_0 3264 finished at 541431 total bytes 25000
Flow Roce_122_0 2812 finished at 541989 total bytes 25000
Flow Roce_77_0 2924 finished at 543708 total bytes 25000
Flow Roce_23_0 2864 finished at 543812 total bytes 25000
Flow Roce_42_0 2776 finished at 544553 total bytes 25000
Flow Roce_41_0 3136 finished at 544598 total bytes 25000
Flow Roce_20_0 2992 finished at 544645 total bytes 25000
Flow Roce_74_0 3004 finished at 544886 total bytes 25000
Flow Roce_118_0 3176 finished at 546406 total bytes 25000
Flow Roce_22_0 2820 finished at 546566 total bytes 25000
Flow Roce_112_0 2944 finished at 547667 total bytes 25000
Flow Roce_78_0 3180 finished at 548161 total bytes 25000
Flow Roce_115_0 3120 finished at 548296 total bytes 25000
Flow Roce_62_0 2912 finished at 548632 total bytes 25000
Flow Roce_86_0 2772 finished at 549440 total bytes 25000
Flow Roce_56_0 3184 finished at 549484 total bytes 25000
|Flow Roce_24_0 3036 finished at 550294 total bytes 25000
Flow Roce_31_0 2960 finished at 550370 total bytes 25000
Flow Roce_65_0 3020 finished at 550411 total bytes 25000
Flow Roce_27_0 3208 finished at 550821 total bytes 25000
Flow Roce_26_0 2972 finished at 551453 total bytes 25000
Flow Roce_103_0 3256 finished at 551831 total bytes 25000
Flow Roce_93_0 3152 finished at 552084 total bytes 25000
Flow Roce_50_0 3188 finished at 552212 total bytes 25000
Flow Roce_40_0 2840 finished at 552440 total bytes 25000
Flow Roce_102_0 2880 finished at 552509 total bytes 25000
Flow Roce_67_0 2956 finished at 552704 total bytes 25000
Flow Roce_108_0 2852 finished at 553422 total bytes 25000
Flow Roce_116_0 2848 finished at 553602 total bytes 25000
Flow Roce_69_0 2932 finished at 553999 total bytes 25000
Flow Roce_104_0 3124 finished at 554084 total bytes 25000
Flow Roce_72_0 2964 finished at 554179 total bytes 25000
Flow Roce_83_0 2984 finished at 554876 total bytes 25000
Flow Roce_111_0 3040 finished at 554877 total bytes 25000
Flow Roce_16_0 3240 finished at 554957 total bytes 25000
Flow Roce_121_0 3012 finished at 555596 total bytes 25000
Flow Roce_51_0 2780 finished at 555653 total bytes 25000
Flow Roce_49_0 3216 finished at 556305 total bytes 25000
Flow Roce_47_0 2896 finished at 556583 total bytes 25000
Flow Roce_99_0 3172 finished at 556998 total bytes 25000
Flow Roce_57_0 3084 finished at 557027 total bytes 25000
Flow Roce_61_0 3224 finished at 557371 total bytes 25000
Flow Roce_38_0 3052 finished at 557709 total bytes 25000
Flow Roce_58_0 3228 finished at 557719 total bytes 25000
Flow Roce_32_0 2980 finished at 558356 total bytes 25000
Flow Roce_48_0 2952 finished at 558660 total bytes 25000
Flow Roce_120_0 3028 finished at 558793 total bytes 25000
Flow Roce_30_0 3148 finished at 558872 total bytes 25000
Flow Roce_81_0 2856 finished at 559753 total bytes 25000
Flow Roce_91_0 3096 finished at 560327 total bytes 25000
Flow Roce_88_0 2872 finished at 560374 total bytes 25000
Flow Roce_29_0 3088 finished at 561057 total bytes 25000
Flow Roce_126_0 3032 finished at 561217 total bytes 25000
Flow Roce_76_0 3144 finished at 561276 total bytes 25000
Flow Roce_90_0 3164 finished at 561378 total bytes 25000
Flow Roce_87_0 2876 finished at 561635 total bytes 25000
Flow Roce_94_0 2892 finished at 561697 total bytes 25000
Flow Roce_25_0 2836 finished at 561999 total bytes 25000
Flow Roce_85_0 3016 finished at 562070 total bytes 25000
Flow Roce_33_0 3244 finished at 562454 total bytes 25000
Flow Roce_59_0 3056 finished at 563039 total bytes 25000
Flow Roce_28_0 3104 finished at 563201 total bytes 25000
Flow Roce_35_0 3156 finished at 563313 total bytes 25000
Flow Roce_100_0 2860 finished at 563873 total bytes 25000
Flow Roce_17_0 2832 finished at 563881 total bytes 25000
Flow Roce_21_0 2844 finished at 564006 total bytes 25000
Flow Roce_37_0 2800 finished at 564583 total bytes 25000
Flow Roce_119_0 3080 finished at 564621 total bytes 25000
Flow Roce_39_0 2768 finished at 564709 total bytes 25000
Flow Roce_79_0 3008 finished at 564905 total bytes 25000
Flow Roce_106_0 2968 finished at 565070 total bytes 25000
Flow Roce_45_0 3068 finished at 565551 total bytes 25000
Flow Roce_98_0 3252 finished at 565579 total bytes 25000
Flow Roce_46_0 2788 finished at 565774 total bytes 25000
Flow Roce_52_0 2884 finished at 566388 total bytes 25000
Flow Roce_97_0 3072 finished at 566705 total bytes 25000
Flow Roce_82_0 3060 finished at 567337 total bytes 25000
Flow Roce_92_0 3048 finished at 567766 total bytes 25000
Flow Roce_109_0 3260 finished at 568475 total bytes 25000
Flow Roce_110_0 2976 finished at 568860 total bytes 25000
Flow Roce_71_0 3076 finished at 569079 total bytes 25000
Flow Roce_107_0 3192 finished at 569790 total bytes 25000
Flow Roce_80_0 2888 finished at 570030 total bytes 25000
Flow Roce_55_0 3100 finished at 570489 total bytes 25000
Flow Roce_9_0 3248 finished at 576570 total bytes 25000
Flow Roce_8_0 2828 finished at 576838 total bytes 25000
Flow Roce_14_0 3140 finished at 577304 total bytes 25000
Flow Roce_5_0 2784 finished at 578139 total bytes 25000
Flow Roce_12_0 2936 finished at 578192 total bytes 25000
Flow Roce_7_0 2908 finished at 578443 total bytes 25000
Flow Roce_13_0 3204 finished at 578469 total bytes 25000
Flow Roce_15_0 2808 finished at 578513 total bytes 25000
Flow Roce_10_0 2868 finished at 578808 total bytes 25000
Flow Roce_6_0 2920 finished at 579015 total bytes 25000
Flow Roce_11_0 2904 finished at 579467 total bytes 25000
Flow Roce_4_0 3196 finished at 579801 total bytes 25000
Flow Roce_2_0 3112 finished at 580586 total bytes 25000
Flow Roce_1_0 3168 finished at 580656 total bytes 25000
Flow Roce_3_0 3128 finished at 580984 total bytes 25000
New: 0 Rtx: 0
PFC_PAUSES 428770 PFC_PAUSE_US 2.72282e+07 MAX_QUEUE_BYTES 113792
OVERFLOW_COUNT 0
