....Flow Roce_70_0 2788 finished at 236330 total bytes 16000
Flow Roce_111_0 2952 finished at 236561 total bytes 16000
Flow Roce_118_0 2980 finished at 238063 total bytes 16000
Flow Roce_99_0 2904 finished at 238215 total bytes 16000
Flow Roce_112_0 2956 finished at 239179 total bytes 16000
Flow Roce_113_0 2960 finished at 239993 total bytes 16000
Flow Roce_110_0 2948 finished at 240895 total bytes 16000
Flow Roce_72_0 2796 finished at 241760 total bytes 16000
Flow Roce_122_0 2996 finished at 241804 total bytes 16000
Flow Roce_120_0 2988 finished at 242371 total bytes 16000
Flow Roce_67_0 2776 finished at 243026 total bytes 16000
Flow Roce_103_0 2920 finished at 243452 total bytes 16000
Flow Roce_95_0 2888 finished at 244080 total bytes 16000
Flow Roce_81_0 2832 finished at 244449 total bytes 16000
Flow Roce_94_0 2884 finished at 244815 total bytes 16000
Flow Roce_77_0 2816 finished at 245514 total bytes 16000
Flow Roce_76_0 2812 finished at 245518 total bytes 16000
Flow Roce_86_0 2852 finished at 245631 total bytes 16000
Flow Roce_124_0 3004 finished at 246731 total bytes 16000
Flow Roce_89_0 2864 finished at 246886 total bytes 16000
Flow Roce_114_0 2964 finished at 246896 total bytes 16000
Flow Roce_75_0 2808 finished at 246914 total bytes 16000
Flow Roce_73_0 2800 finished at 247390 total bytes 16000
Flow Roce_119_0 2984 finished at 247951 total bytes 16000
Flow Roce_107_0 2936 finished at 247953 total bytes 16000
Flow Roce_80_0 2828 finished at 248140 total bytes 16000
Flow Roce_82_0 2836 finished at 248249 total bytes 16000
Flow Roce_65_0 2768 finished at 248585 total bytes 16000
Flow Roce_105_0 2928 finished at 248684 total bytes 16000
Flow Roce_84_0 2844 finished at 248738 total bytes 16000
Flow Roce_108_0 2940 finished at 248822 total bytes 16000
Flow Roce_127_0 3016 finished at 248930 total bytes 16000
Flow Roce_93_0 2880 finished at 248972 total bytes 16000
Flow Roce_71_0 2792 finished at 248994 total bytes 16000
Flow Roce_116_0 2972 finished at 249077 total bytes 16000
Flow Roce_97_0 2896 finished at 249218 total bytes 16000
Flow Roce_125_0 3008 finished at 249526 total bytes 16000
Flow Roce_126_0 3012 finished at 249689 total bytes 16000
Flow Roce_74_0 2804 finished at 249717 total bytes 16000
.Flow Roce_104_0 2924 finished at 250072 total bytes 16000
Flow Roce_96_0 2892 finished at 250275 total bytes 16000
Flow Roce_66_0 2772 finished at 250604 total bytes 16000
Flow Roce_115_0 2968 finished at 251244 total bytes 16000
Flow Roce_117_0 2976 finished at 251481 total bytes 16000
Flow Roce_106_0 2932 finished at 252008 total bytes 16000
Flow Roce_100_0 2908 finished at 252398 total bytes 16000
Flow Roce_79_0 2824 finished at 252452 total bytes 16000
Flow Roce_68_0 2780 finished at 252485 total bytes 16000
Flow Roce_98_0 2900 finished at 252739 total bytes 16000
Flow Roce_121_0 2992 finished at 252966 total bytes 16000
Flow Roce_64_0 2764 finished at 252980 total bytes 16000
Flow Roce_91_0 2872 finished at 253110 total bytes 16000
Flow Roce_123_0 3000 finished at 253280 total bytes 16000
Flow Roce_88_0 2860 finished at 253299 total bytes 16000
Flow Roce_90_0 2868 finished at 253559 total bytes 16000
Flow Roce_101_0 2912 finished at 253561 total bytes 16000
Flow Roce_102_0 2916 finished at 253612 total bytes 16000
Flow Roce_69_0 2784 finished at 253676 total bytes 16000
Flow Roce_83_0 2840 finished at 253807 total bytes 16000
Flow Roce_78_0 2820 finished at 253918 total bytes 16000
Flow Roce_85_0 2848 finished at 253969 total bytes 16000
Flow Roce_109_0 2944 finished at 254029 total bytes 16000
Flow Roce_87_0 2856 finished at 254242 total bytes 16000
Flow Roce_92_0 2876 finished at 254309 total bytes 16000
New: 0 Rtx: 0
PFC_PAUSES 71741 PFC_PAUSE_US 1.3081e+06 MAX_QUEUE_BYTES 113792
OVERFLOW_COUNT 0
