.Flow Roce_8_0 29884 finished at 87020.2 total bytes 4000
Flow Roce_47_0 31780 finished at 87062.1 total bytes 4000
Flow Roce_51_0 29752 finished at 87133.1 total bytes 4000
Flow Roce_58_0 32692 finished at 87677.9 total bytes 4000
Flow Roce_15_0 32540 finished at 88198.2 total bytes 4000
Flow Roce_34_0 32564 finished at 88219.4 total bytes 4000
Flow Roce_26_0 30092 finished at 88441.9 total bytes 4000
Flow Roce_23_0 33248 finished at 88464.3 total bytes 4000
Flow Roce_43_0 31516 finished at 88716 total bytes 4000
Flow Roce_31_0 32872 finished at 89567 total bytes 4000
.Flow Roce_46_0 31068 finished at 124957 total bytes 4000
Flow Roce_41_0 31884 finished at 125326 total bytes 4000
Flow Roce_61_0 32252 finished at 125455 total bytes 4000
Flow Roce_59_0 29532 finished at 125856 total bytes 4000
Flow Roce_63_0 30516 finished at 125859 total bytes 4000
Flow Roce_33_0 31232 finished at 126192 total bytes 4000
Flow Roce_62_0 30664 finished at 126227 total bytes 4000
Flow Roce_17_0 31340 finished at 126498 total bytes 4000
Flow Roce_21_0 31472 finished at 126531 total bytes 4000
Flow Roce_32_0 33252 finished at 126557 total bytes 4000
Flow Roce_24_0 30032 finished at 126879 total bytes 4000
Flow Roce_14_0 29760 finished at 126959 total bytes 4000
Flow Roce_10_0 33232 finished at 126959 total bytes 4000
Flow Roce_25_0 32428 finished at 127542 total bytes 4000
.Flow Roce_11_0 31652 finished at 150339 total bytes 4000
Flow Roce_12_0 30104 finished at 157336 total bytes 4000
Flow Roce_22_0 32372 finished at 160736 total bytes 4000
Flow Roce_16_0 30596 finished at 163957 total bytes 4000
Flow Roce_44_0 30860 finished at 169738 total bytes 4000
Flow Roce_50_0 29600 finished at 178885 total bytes 4000
Flow Roce_48_0 29416 finished at 179542 total bytes 4000
Flow Roce_415_0 32788 finished at 188081 total bytes 4000
Flow Roce_37_0 32352 finished at 194495 total bytes 4000
Flow Roce_712_0 32308 finished at 194520 total bytes 4000
Flow Roce_244_0 29444 finished at 195291 total bytes 4000
Flow Roce_1011_0 30716 finished at 195582 total bytes 4000
Flow Roce_558_0 32320 finished at 196823 total bytes 4000
Flow Roce_49_0 32236 finished at 196998 total bytes 4000
Flow Roce_60_0 29928 finished at 199352 total bytes 4000
.Flow Roce_56_0 30492 finished at 202753 total bytes 4000
Flow Roce_27_0 33244 finished at 204249 total bytes 4000
Flow Roce_55_0 29548 finished at 205450 total bytes 4000
Flow Roce_36_0 32992 finished at 205496 total bytes 4000
Flow Roce_57_0 29896 finished at 206225 total bytes 4000
Flow Roce_30_0 33332 finished at 208196 total bytes 4000
Flow Roce_783_0 33388 finished at 211771 total bytes 4000
Flow Roce_677_0 29388 finished at 211806 total bytes 4000
Flow Roce_489_0 31680 finished at 218494 total bytes 4000
Flow Roce_217_0 30196 finished at 218623 total bytes 4000
Flow Roce_1002_0 32096 finished at 218823 total bytes 4000
Flow Roce_39_0 32184 finished at 220864 total bytes 4000
Flow Roce_54_0 30004 finished at 224464 total bytes 4000
Flow Roce_29_0 32604 finished at 226272 total bytes 4000
Flow Roce_42_0 31984 finished at 226780 total bytes 4000
Flow Roce_40_0 30220 finished at 230051 total bytes 4000
Flow Roce_18_0 32548 finished at 230570 total bytes 4000
Flow Roce_35_0 29480 finished at 231559 total bytes 4000
Flow Roce_52_0 30744 finished at 233253 total bytes 4000
Flow Roce_229_0 32296 finished at 233695 total bytes 4000
Flow Roce_9_0 32192 finished at 235449 total bytes 4000
Flow Roce_28_0 31656 finished at 235666 total bytes 4000
Flow Roce_38_0 29844 finished at 236744 total bytes 4000
Flow Roce_328_0 31644 finished at 237438 total bytes 4000
Flow Roce_19_0 32364 finished at 240654 total bytes 4000
Flow Roce_13_0 32812 finished at 242849 total bytes 4000
Flow Roce_45_0 32864 finished at 246269 total bytes 4000
.Flow Roce_20_0 29976 finished at 250476 total bytes 4000
Flow Roce_354_0 33164 finished at 256935 total bytes 4000
Flow Roce_759_0 32728 finished at 256956 total bytes 4000
Flow Roce_313_0 31376 finished at 257378 total bytes 4000
Flow Roce_553_0 32800 finished at 258258 total bytes 4000
Flow Roce_186_0 32580 finished at 262295 total bytes 4000
Flow Roce_639_0 32628 finished at 263552 total bytes 4000
Flow Roce_53_0 29364 finished at 268857 total bytes 4000
Flow Roce_865_0 29632 finished at 273383 total bytes 4000
Flow Roce_380_0 32884 finished at 273688 total bytes 4000
Flow Roce_260_0 32396 finished at 274565 total bytes 4000
Flow Roce_521_0 32912 finished at 279810 total bytes 4000
Flow Roce_477_0 29584 finished at 281797 total bytes 4000
Flow Roce_476_0 30660 finished at 282301 total bytes 4000
Flow Roce_482_0 30048 finished at 282560 total bytes 4000
Flow Roce_738_0 29708 finished at 284224 total bytes 4000
Flow Roce_810_0 29988 finished at 284682 total bytes 4000
Flow Roce_780_0 33368 finished at 284682 total bytes 4000
Flow Roce_290_0 30320 finished at 285596 total bytes 4000
Flow Roce_921_0 31800 finished at 298848 total bytes 4000
Flow Roce_478_0 30540 finished at 298942 total bytes 4000
.Flow Roce_431_0 31300 finished at 302659 total bytes 4000
Flow Roce_1015_0 33176 finished at 316836 total bytes 4000
Flow Roce_768_0 30012 finished at 320387 total bytes 4000
Flow Roce_422_0 30720 finished at 321178 total bytes 4000
Flow Roce_242_0 29736 finished at 321798 total bytes 4000
Flow Roce_606_0 33272 finished at 322820 total bytes 4000
Flow Roce_157_0 30404 finished at 324104 total bytes 4000
Flow Roce_455_0 29400 finished at 324794 total bytes 4000
Flow Roce_620_0 29472 finished at 329938 total bytes 4000
Flow Roce_420_0 29376 finished at 329955 total bytes 4000
Flow Roce_945_0 33112 finished at 331457 total bytes 4000
Flow Roce_533_0 29656 finished at 332197 total bytes 4000
Flow Roce_348_0 32036 finished at 332441 total bytes 4000
Flow Roce_671_0 30524 finished at 332972 total bytes 4000
Flow Roce_441_0 30576 finished at 333522 total bytes 4000
Flow Roce_944_0 29980 finished at 333556 total bytes 4000
Flow Roce_92_0 31544 finished at 335134 total bytes 4000
Flow Roce_988_0 30912 finished at 335609 total bytes 4000
Flow Roce_371_0 29680 finished at 337203 total bytes 4000
Flow Roce_401_0 31636 finished at 339467 total bytes 4000
Flow Roce_700_0 30176 finished at 339486 total bytes 4000
Flow Roce_928_0 31848 finished at 341815 total bytes 4000
Flow Roce_934_0 29748 finished at 343019 total bytes 4000
Flow Roce_115_0 31608 finished at 343503 total bytes 4000
Flow Roce_808_0 33348 finished at 343539 total bytes 4000
Flow Roce_463_0 31324 finished at 345363 total bytes 4000
Flow Roce_833_0 32656 finished at 345540 total bytes 4000
Flow Roce_922_0 30128 finished at 345900 total bytes 4000
Flow Roce_1023_0 29336 finished at 346099 total bytes 4000
Flow Roce_327_0 30788 finished at 346450 total bytes 4000
Flow Roce_190_0 32508 finished at 346662 total bytes 4000
Flow Roce_485_0 30008 finished at 347286 total bytes 4000
Flow Roce_514_0 31412 finished at 347315 total bytes 4000
Flow Roce_111_0 32908 finished at 348244 total bytes 4000
Flow Roce_280_0 32468 finished at 348952 total bytes 4000
.Flow Roce_183_0 30528 finished at 350000 total bytes 4000
Flow Roce_349_0 31928 finished at 351169 total bytes 4000
Flow Roce_100_0 30316 finished at 351310 total bytes 4000
Flow Roce_576_0 31504 finished at 351443 total bytes 4000
Flow Roce_193_0 32408 finished at 351702 total bytes 4000
Flow Roce_361_0 29808 finished at 351729 total bytes 4000
Flow Roce_963_0 31288 finished at 352470 total bytes 4000
Flow Roce_384_0 32928 finished at 353788 total bytes 4000
Flow Roce_505_0 32108 finished at 354546 total bytes 4000
Flow Roce_405_0 32280 finished at 355272 total bytes 4000
Flow Roce_400_0 33320 finished at 355465 total bytes 4000
Flow Roce_508_0 33372 finished at 355495 total bytes 4000
Flow Roce_504_0 29344 finished at 357668 total bytes 4000
Flow Roce_702_0 30696 finished at 358545 total bytes 4000
Flow Roce_129_0 32244 finished at 360042 total bytes 4000
Flow Roce_375_0 31020 finished at 360090 total bytes 4000
Flow Roce_470_0 32612 finished at 361322 total bytes 4000
Flow Roce_342_0 31248 finished at 361503 total bytes 4000
Flow Roce_494_0 29360 finished at 362784 total bytes 4000
Flow Roce_835_0 31256 finished at 363510 total bytes 4000
Flow Roce_802_0 31268 finished at 365052 total bytes 4000
Flow Roce_596_0 31596 finished at 365261 total bytes 4000
Flow Roce_866_0 31192 finished at 365866 total bytes 4000
Flow Roce_779_0 31260 finished at 365924 total bytes 4000
Flow Roce_599_0 32584 finished at 366356 total bytes 4000
Flow Roce_124_0 33080 finished at 366395 total bytes 4000
Flow Roce_404_0 32836 finished at 366493 total bytes 4000
Flow Roce_773_0 32536 finished at 366609 total bytes 4000
Flow Roce_272_0 30156 finished at 367014 total bytes 4000
Flow Roce_332_0 30468 finished at 367048 total bytes 4000
Flow Roce_901_0 29544 finished at 367266 total bytes 4000
Flow Roce_662_0 30824 finished at 367458 total bytes 4000
Flow Roce_979_0 33180 finished at 367927 total bytes 4000
Flow Roce_465_0 31308 finished at 368802 total bytes 4000
Flow Roce_498_0 30292 finished at 369157 total bytes 4000
Flow Roce_565_0 32572 finished at 370092 total bytes 4000
Flow Roce_304_0 33084 finished at 370191 total bytes 4000
Flow Roce_484_0 33360 finished at 371360 total bytes 4000
Flow Roce_527_0 32784 finished at 371799 total bytes 4000
Flow Roce_817_0 32976 finished at 372470 total bytes 4000
Flow Roce_804_0 31548 finished at 373959 total bytes 4000
Flow Roce_910_0 32796 finished at 374243 total bytes 4000
Flow Roce_277_0 30256 finished at 374999 total bytes 4000
Flow Roce_227_0 30416 finished at 374999 total bytes 4000
Flow Roce_801_0 30952 finished at 375237 total bytes 4000
Flow Roce_79_0 32224 finished at 376369 total bytes 4000
Flow Roce_278_0 31204 finished at 377312 total bytes 4000
Flow Roce_898_0 32008 finished at 381245 total bytes 4000
Flow Roce_902_0 30436 finished at 381435 total bytes 4000
Flow Roce_690_0 32560 finished at 382258 total bytes 4000
Flow Roce_334_0 32076 finished at 382935 total bytes 4000
Flow Roce_424_0 32664 finished at 383613 total bytes 4000
Flow Roce_225_0 33152 finished at 383924 total bytes 4000
Flow Roce_786_0 33304 finished at 383956 total bytes 4000
Flow Roce_763_0 32060 finished at 384444 total bytes 4000
Flow Roce_269_0 30760 finished at 384848 total bytes 4000
Flow Roce_266_0 31584 finished at 385113 total bytes 4000
Flow Roce_754_0 31112 finished at 385240 total bytes 4000
Flow Roce_102_0 32136 finished at 385555 total bytes 4000
Flow Roce_563_0 31088 finished at 385746 total bytes 4000
Flow Roce_428_0 30132 finished at 385827 total bytes 4000
Flow Roce_710_0 30460 finished at 385936 total bytes 4000
Flow Roce_510_0 30532 finished at 385989 total bytes 4000
Flow Roce_175_0 32828 finished at 386023 total bytes 4000
Flow Roce_509_0 32440 finished at 386506 total bytes 4000
Flow Roce_539_0 30672 finished at 386788 total bytes 4000
Flow Roce_551_0 30736 finished at 386879 total bytes 4000
Flow Roce_600_0 31044 finished at 387643 total bytes 4000
Flow Roce_501_0 31908 finished at 388028 total bytes 4000
Flow Roce_285_0 30272 finished at 388064 total bytes 4000
Flow Roce_139_0 32040 finished at 389968 total bytes 4000
Flow Roce_330_0 32444 finished at 392184 total bytes 4000
Flow Roce_338_0 30724 finished at 392613 total bytes 4000
Flow Roce_982_0 30740 finished at 393170 total bytes 4000
Flow Roce_635_0 31688 finished at 393675 total bytes 4000
Flow Roce_1021_0 29724 finished at 393764 total bytes 4000
Flow Roce_483_0 30264 finished at 394111 total bytes 4000
Flow Roce_989_0 30680 finished at 394366 total bytes 4000
Flow Roce_101_0 29924 finished at 395900 total bytes 4000
Flow Roce_830_0 31188 finished at 396175 total bytes 4000
Flow Roce_701_0 30456 finished at 396354 total bytes 4000
Flow Roce_230_0 31828 finished at 397316 total bytes 4000
Flow Roce_341_0 33072 finished at 397318 total bytes 4000
Flow Roce_709_0 31844 finished at 397506 total bytes 4000
Flow Roce_605_0 32180 finished at 397951 total bytes 4000
Flow Roce_838_0 31760 finished at 398069 total bytes 4000
Flow Roce_76_0 30568 finished at 398407 total bytes 4000
Flow Roce_628_0 32620 finished at 398635 total bytes 4000
Flow Roce_953_0 31184 finished at 399707 total bytes 4000
.Flow Roce_909_0 30776 finished at 400040 total bytes 4000
Flow Roce_109_0 30668 finished at 400095 total bytes 4000
Flow Roce_785_0 31000 finished at 400263 total bytes 4000
Flow Roce_920_0 29828 finished at 400730 total bytes 4000
Flow Roce_270_0 29560 finished at 401308 total bytes 4000
Flow Roce_507_0 29464 finished at 401566 total bytes 4000
Flow Roce_976_0 30352 finished at 401725 total bytes 4000
Flow Roce_515_0 32820 finished at 402384 total bytes 4000
Flow Roce_753_0 32256 finished at 402754 total bytes 4000
Flow Roce_811_0 32228 finished at 403165 total bytes 4000
Flow Roce_698_0 31892 finished at 404254 total bytes 4000
Flow Roce_171_0 31968 finished at 404442 total bytes 4000
Flow Roce_812_0 31552 finished at 405407 total bytes 4000
Flow Roce_655_0 30100 finished at 406803 total bytes 4000
Flow Roce_250_0 31468 finished at 407566 total bytes 4000
Flow Roce_541_0 33196 finished at 407886 total bytes 4000
Flow Roce_911_0 30480 finished at 408641 total bytes 4000
Flow Roce_299_0 31920 finished at 409111 total bytes 4000
Flow Roce_335_0 30964 finished at 409391 total bytes 4000
Flow Roce_652_0 29992 finished at 410213 total bytes 4000
Flow Roce_456_0 29500 finished at 411579 total bytes 4000
Flow Roce_265_0 32404 finished at 411612 total bytes 4000
Flow Roce_1006_0 29900 finished at 412067 total bytes 4000
Flow Roce_114_0 30060 finished at 414028 total bytes 4000
Flow Roce_449_0 33184 finished at 414063 total bytes 4000
Flow Roce_771_0 31684 finished at 414263 total bytes 4000
Flow Roce_836_0 31128 finished at 414607 total bytes 4000
Flow Roce_815_0 31896 finished at 414772 total bytes 4000
Flow Roce_664_0 32464 finished at 414897 total bytes 4000
Flow Roce_518_0 33008 finished at 415051 total bytes 4000
Flow Roce_964_0 30076 finished at 416109 total bytes 4000
Flow Roce_765_0 29624 finished at 416283 total bytes 4000
Flow Roce_731_0 29860 finished at 417396 total bytes 4000
Flow Roce_1005_0 33200 finished at 417463 total bytes 4000
Flow Roce_758_0 29412 finished at 417583 total bytes 4000
Flow Roce_978_0 31076 finished at 417675 total bytes 4000
Flow Roce_425_0 32968 finished at 417696 total bytes 4000
Flow Roce_582_0 30488 finished at 418171 total bytes 4000
Flow Roce_626_0 30652 finished at 418314 total bytes 4000
Flow Roce_430_0 30684 finished at 419799 total bytes 4000
Flow Roce_872_0 31336 finished at 419899 total bytes 4000
Flow Roce_519_0 32332 finished at 419908 total bytes 4000
Flow Roce_907_0 31720 finished at 419947 total bytes 4000
Flow Roce_141_0 30960 finished at 420063 total bytes 4000
Flow Roce_253_0 31560 finished at 420484 total bytes 4000
Flow Roce_887_0 30728 finished at 420920 total bytes 4000
Flow Roce_757_0 30844 finished at 421042 total bytes 4000
Flow Roce_824_0 31948 finished at 422263 total bytes 4000
Flow Roce_618_0 29872 finished at 422595 total bytes 4000
Flow Roce_772_0 30820 finished at 422856 total bytes 4000
Flow Roce_106_0 31708 finished at 424019 total bytes 4000
Flow Roce_344_0 30248 finished at 424202 total bytes 4000
Flow Roce_181_0 30020 finished at 424206 total bytes 4000
Flow Roce_760_0 30944 finished at 424543 total bytes 4000
Flow Roce_827_0 29664 finished at 426125 total bytes 4000
Flow Roce_619_0 31912 finished at 426797 total bytes 4000
Flow Roce_826_0 29484 finished at 427186 total bytes 4000
Flow Roce_631_0 31440 finished at 428509 total bytes 4000
Flow Roce_752_0 31280 finished at 430743 total bytes 4000
Flow Roce_499_0 30396 finished at 430983 total bytes 4000
Flow Roce_207_0 29640 finished at 431077 total bytes 4000
Flow Roce_914_0 32648 finished at 431980 total bytes 4000
Flow Roce_324_0 29964 finished at 432113 total bytes 4000
Flow Roce_418_0 29840 finished at 433855 total bytes 4000
Flow Roce_364_0 29448 finished at 433888 total bytes 4000
Flow Roce_764_0 30412 finished at 434101 total bytes 4000
Flow Roce_429_0 31176 finished at 434817 total bytes 4000
Flow Roce_138_0 33404 finished at 435101 total bytes 4000
Flow Roce_806_0 32624 finished at 435142 total bytes 4000
Flow Roce_894_0 29876 finished at 436611 total bytes 4000
Flow Roce_496_0 29384 finished at 436643 total bytes 4000
Flow Roce_674_0 29552 finished at 439117 total bytes 4000
Flow Roce_118_0 31856 finished at 440030 total bytes 4000
Flow Roce_119_0 31728 finished at 442833 total bytes 4000
Flow Roce_71_0 31116 finished at 443180 total bytes 4000
Flow Roce_432_0 32412 finished at 443403 total bytes 4000
Flow Roce_125_0 30588 finished at 443434 total bytes 4000
Flow Roce_739_0 33284 finished at 443576 total bytes 4000
Flow Roce_651_0 32596 finished at 443580 total bytes 4000
Flow Roce_142_0 31092 finished at 444983 total bytes 4000
Flow Roce_829_0 32720 finished at 445209 total bytes 4000
Flow Roce_357_0 29628 finished at 445330 total bytes 4000
Flow Roce_686_0 31008 finished at 445986 total bytes 4000
Flow Roce_659_0 31156 finished at 446299 total bytes 4000
Flow Roce_676_0 32760 finished at 446901 total bytes 4000
Flow Roce_204_0 31564 finished at 448532 total bytes 4000
Flow Roce_206_0 32144 finished at 449011 total bytes 4000
Flow Roce_891_0 31476 finished at 449105 total bytes 4000
Flow Roce_755_0 31944 finished at 449906 total bytes 4000
.Flow Roce_68_0 30160 finished at 451123 total bytes 4000
Flow Roce_660_0 30120 finished at 452041 total bytes 4000
Flow Roce_766_0 30084 finished at 452264 total bytes 4000
Flow Roce_632_0 31404 finished at 452388 total bytes 4000
Flow Roce_672_0 30484 finished at 453690 total bytes 4000
Flow Roce_654_0 30800 finished at 454006 total bytes 4000
Flow Roce_222_0 33212 finished at 454075 total bytes 4000
Flow Roce_592_0 32776 finished at 455057 total bytes 4000
Flow Roce_633_0 31700 finished at 455228 total bytes 4000
Flow Roce_740_0 30560 finished at 455600 total bytes 4000
Flow Roce_828_0 29496 finished at 455960 total bytes 4000
Flow Roce_597_0 30472 finished at 456143 total bytes 4000
Flow Roce_935_0 30216 finished at 457284 total bytes 4000
Flow Roce_642_0 29996 finished at 457312 total bytes 4000
Flow Roce_66_0 31620 finished at 457618 total bytes 4000
Flow Roce_271_0 31048 finished at 458467 total bytes 4000
Flow Roce_930_0 31500 finished at 458490 total bytes 4000
Flow Roce_1000_0 31108 finished at 458562 total bytes 4000
Flow Roce_520_0 33048 finished at 459650 total bytes 4000
Flow Roce_589_0 31572 finished at 460499 total bytes 4000
Flow Roce_943_0 32092 finished at 460913 total bytes 4000
Flow Roce_657_0 30936 finished at 460921 total bytes 4000
Flow Roce_468_0 30236 finished at 460997 total bytes 4000
Flow Roce_933_0 30600 finished at 461444 total bytes 4000
Flow Roce_776_0 31028 finished at 461873 total bytes 4000
Flow Roce_315_0 31568 finished at 462179 total bytes 4000
Flow Roce_678_0 30348 finished at 462269 total bytes 4000
Flow Roce_856_0 33324 finished at 462300 total bytes 4000
Flow Roce_241_0 31992 finished at 462333 total bytes 4000
Flow Roce_860_0 31776 finished at 462665 total bytes 4000
Flow Roce_848_0 32188 finished at 463436 total bytes 4000
Flow Roce_853_0 29888 finished at 463983 total bytes 4000
Flow Roce_741_0 30268 finished at 464188 total bytes 4000
Flow Roce_1019_0 33188 finished at 465253 total bytes 4000
Flow Roce_362_0 32772 finished at 465275 total bytes 4000
Flow Roce_255_0 29688 finished at 465772 total bytes 4000
Flow Roce_636_0 31796 finished at 466502 total bytes 4000
Flow Roce_634_0 29524 finished at 466569 total bytes 4000
Flow Roce_598_0 29768 finished at 466899 total bytes 4000
Flow Roce_245_0 29740 finished at 467046 total bytes 4000
Flow Roce_506_0 31428 finished at 468011 total bytes 4000
Flow Roce_199_0 32112 finished at 469005 total bytes 4000
Flow Roce_735_0 30644 finished at 469301 total bytes 4000
Flow Roce_728_0 31840 finished at 470002 total bytes 4000
Flow Roce_379_0 30544 finished at 470780 total bytes 4000
Flow Roce_282_0 31212 finished at 470861 total bytes 4000
Flow Roce_97_0 33340 finished at 471743 total bytes 4000
Flow Roce_267_0 29960 finished at 471783 total bytes 4000
Flow Roce_194_0 30840 finished at 471796 total bytes 4000
Flow Roce_666_0 33240 finished at 472154 total bytes 4000
Flow Roce_221_0 31600 finished at 472444 total bytes 4000
Flow Roce_977_0 30940 finished at 472892 total bytes 4000
Flow Roce_240_0 29504 finished at 472923 total bytes 4000
Flow Roce_467_0 31612 finished at 472924 total bytes 4000
Flow Roce_607_0 29880 finished at 472990 total bytes 4000
Flow Roce_1016_0 29644 finished at 473050 total bytes 4000
Flow Roce_85_0 30884 finished at 474177 total bytes 4000
Flow Roce_703_0 33216 finished at 474568 total bytes 4000
Flow Roce_443_0 32376 finished at 474705 total bytes 4000
Flow Roce_590_0 32272 finished at 474877 total bytes 4000
Flow Roce_789_0 31352 finished at 474896 total bytes 4000
Flow Roce_623_0 33312 finished at 475091 total bytes 4000
Flow Roce_457_0 33292 finished at 475677 total bytes 4000
Flow Roce_239_0 33168 finished at 475807 total bytes 4000
Flow Roce_616_0 31648 finished at 476224 total bytes 4000
Flow Roce_692_0 32276 finished at 476978 total bytes 4000
Flow Roce_1007_0 29800 finished at 477253 total bytes 4000
Flow Roce_566_0 30380 finished at 477763 total bytes 4000
Flow Roce_637_0 31228 finished at 477922 total bytes 4000
Flow Roce_491_0 30896 finished at 479827 total bytes 4000
Flow Roce_888_0 29912 finished at 479945 total bytes 4000
Flow Roce_96_0 29468 finished at 480411 total bytes 4000
Flow Roce_274_0 31816 finished at 480932 total bytes 4000
Flow Roce_74_0 29492 finished at 481033 total bytes 4000
Flow Roce_781_0 33308 finished at 483606 total bytes 4000
Flow Roce_832_0 30372 finished at 484612 total bytes 4000
Flow Roce_535_0 31356 finished at 484974 total bytes 4000
Flow Roce_321_0 31632 finished at 485134 total bytes 4000
Flow Roce_859_0 31724 finished at 485158 total bytes 4000
Flow Roce_987_0 29512 finished at 485988 total bytes 4000
Flow Roce_614_0 29788 finished at 486078 total bytes 4000
Flow Roce_279_0 30768 finished at 486123 total bytes 4000
Flow Roce_350_0 31860 finished at 486729 total bytes 4000
Flow Roce_550_0 31408 finished at 487233 total bytes 4000
Flow Roce_347_0 31932 finished at 487607 total bytes 4000
Flow Roce_156_0 29352 finished at 488198 total bytes 4000
Flow Roce_547_0 30852 finished at 490023 total bytes 4000
Flow Roce_889_0 31592 finished at 490200 total bytes 4000
Flow Roce_288_0 32528 finished at 490206 total bytes 4000
Flow Roce_326_0 33256 finished at 490365 total bytes 4000
Flow Roce_881_0 33088 finished at 491349 total bytes 4000
Flow Roce_325_0 31616 finished at 491891 total bytes 4000
Flow Roce_915_0 33328 finished at 492021 total bytes 4000
Flow Roce_912_0 31396 finished at 492204 total bytes 4000
Flow Roce_522_0 32156 finished at 492239 total bytes 4000
Flow Roce_1003_0 30208 finished at 492410 total bytes 4000
Flow Roce_451_0 31104 finished at 493532 total bytes 4000
Flow Roce_336_0 32048 finished at 493838 total bytes 4000
Flow Roce_868_0 33396 finished at 493934 total bytes 4000
Flow Roce_94_0 32576 finished at 494142 total bytes 4000
Flow Roce_890_0 29792 finished at 494219 total bytes 4000
Flow Roce_892_0 30140 finished at 494220 total bytes 4000
Flow Roce_923_0 32888 finished at 494336 total bytes 4000
Flow Roce_870_0 30868 finished at 494531 total bytes 4000
Flow Roce_622_0 30432 finished at 494591 total bytes 4000
Flow Roce_876_0 31528 finished at 494824 total bytes 4000
Flow Roce_570_0 33116 finished at 494968 total bytes 4000
Flow Roce_994_0 32024 finished at 495215 total bytes 4000
Flow Roce_869_0 32852 finished at 495471 total bytes 4000
Flow Roce_363_0 29540 finished at 495669 total bytes 4000
Flow Roce_725_0 31712 finished at 495694 total bytes 4000
Flow Roce_722_0 32336 finished at 495915 total bytes 4000
Flow Roce_273_0 33288 finished at 496152 total bytes 4000
Flow Roce_320_0 32424 finished at 496276 total bytes 4000
Flow Roce_390_0 31872 finished at 496457 total bytes 4000
Flow Roce_548_0 32004 finished at 496626 total bytes 4000
Flow Roce_948_0 31672 finished at 497539 total bytes 4000
Flow Roce_980_0 31136 finished at 499732 total bytes 4000
Flow Roce_971_0 32480 finished at 499775 total bytes 4000
.Flow Roce_212_0 31360 finished at 500803 total bytes 4000
Flow Roce_298_0 32500 finished at 502435 total bytes 4000
Flow Roce_645_0 33096 finished at 503268 total bytes 4000
Flow Roce_970_0 30712 finished at 503476 total bytes 4000
Flow Roce_917_0 31152 finished at 503936 total bytes 4000
Flow Roce_990_0 32116 finished at 504131 total bytes 4000
Flow Roce_148_0 29892 finished at 504146 total bytes 4000
Flow Roce_369_0 30812 finished at 504616 total bytes 4000
Flow Roce_152_0 30640 finished at 505170 total bytes 4000
Flow Roce_438_0 30112 finished at 506339 total bytes 4000
Flow Roce_968_0 33268 finished at 506686 total bytes 4000
Flow Roce_426_0 30992 finished at 507145 total bytes 4000
Flow Roce_767_0 31756 finished at 507495 total bytes 4000
Flow Roce_778_0 31320 finished at 508085 total bytes 4000
Flow Roce_777_0 29608 finished at 508121 total bytes 4000
Flow Roce_540_0 30764 finished at 508681 total bytes 4000
Flow Roce_464_0 32544 finished at 509492 total bytes 4000
Flow Roce_466_0 32452 finished at 509786 total bytes 4000
Flow Roce_873_0 32672 finished at 509860 total bytes 4000
Flow Roce_172_0 32492 finished at 509963 total bytes 4000
Flow Roce_174_0 31972 finished at 510233 total bytes 4000
Flow Roce_135_0 30328 finished at 510547 total bytes 4000
Flow Roce_586_0 29712 finished at 510802 total bytes 4000
Flow Roce_630_0 32848 finished at 510945 total bytes 4000
Flow Roce_153_0 30904 finished at 511980 total bytes 4000
Flow Roce_169_0 30064 finished at 512586 total bytes 4000
Flow Roce_938_0 31888 finished at 513137 total bytes 4000
Flow Roce_155_0 30172 finished at 513221 total bytes 4000
Flow Roce_746_0 31224 finished at 513924 total bytes 4000
Flow Roce_168_0 32900 finished at 514563 total bytes 4000
Flow Roce_561_0 32012 finished at 514848 total bytes 4000
Flow Roce_372_0 29908 finished at 515007 total bytes 4000
Flow Roce_816_0 31764 finished at 515077 total bytes 4000
Flow Roce_471_0 33144 finished at 515124 total bytes 4000
Flow Roce_744_0 33204 finished at 516335 total bytes 4000
Flow Roce_818_0 31284 finished at 516558 total bytes 4000
Flow Roce_374_0 32684 finished at 516653 total bytes 4000
Flow Roce_146_0 30572 finished at 516910 total bytes 4000
Flow Roce_538_0 31316 finished at 517894 total bytes 4000
Flow Roce_99_0 32020 finished at 518509 total bytes 4000
Flow Roce_98_0 30616 finished at 519061 total bytes 4000
Flow Roce_798_0 32904 finished at 519338 total bytes 4000
Flow Roce_81_0 31264 finished at 520421 total bytes 4000
Flow Roce_393_0 32740 finished at 520496 total bytes 4000
Flow Roce_337_0 30296 finished at 520802 total bytes 4000
Flow Roce_398_0 29636 finished at 521629 total bytes 4000
Flow Roce_734_0 32216 finished at 521659 total bytes 4000
Flow Roce_792_0 30024 finished at 521661 total bytes 4000
Flow Roce_87_0 31980 finished at 521844 total bytes 4000
Flow Roce_176_0 32164 finished at 521872 total bytes 4000
Flow Roce_345_0 31312 finished at 522667 total bytes 4000
Flow Roce_220_0 29432 finished at 522742 total bytes 4000
Flow Roce_874_0 32996 finished at 522911 total bytes 4000
Flow Roce_556_0 31696 finished at 523434 total bytes 4000
Flow Roce_228_0 33192 finished at 524250 total bytes 4000
Flow Roce_650_0 31304 finished at 524295 total bytes 4000
Flow Roce_742_0 33092 finished at 524327 total bytes 4000
Flow Roce_503_0 31100 finished at 524961 total bytes 4000
Flow Roce_840_0 30400 finished at 525007 total bytes 4000
Flow Roce_382_0 30628 finished at 526315 total bytes 4000
Flow Roce_939_0 33120 finished at 526526 total bytes 4000
Flow Roce_956_0 31276 finished at 526559 total bytes 4000
Flow Roce_895_0 30392 finished at 526839 total bytes 4000
Flow Roce_182_0 32592 finished at 527110 total bytes 4000
Flow Roce_427_0 33128 finished at 527365 total bytes 4000
Flow Roce_679_0 31960 finished at 527511 total bytes 4000
Flow Roce_170_0 29328 finished at 527759 total bytes 4000
Flow Roce_998_0 31692 finished at 527857 total bytes 4000
Flow Roce_234_0 29436 finished at 527906 total bytes 4000
Flow Roce_178_0 32960 finished at 528014 total bytes 4000
Flow Roce_434_0 30612 finished at 528021 total bytes 4000
Flow Roce_177_0 30036 finished at 528241 total bytes 4000
Flow Roce_145_0 31384 finished at 528314 total bytes 4000
Flow Roce_112_0 32400 finished at 528786 total bytes 4000
Flow Roce_668_0 33356 finished at 528865 total bytes 4000
Flow Roce_699_0 30240 finished at 528898 total bytes 4000
Flow Roce_775_0 31736 finished at 528982 total bytes 4000
Flow Roce_185_0 30228 finished at 529090 total bytes 4000
Flow Roce_179_0 30784 finished at 529265 total bytes 4000
Flow Roce_166_0 31732 finished at 529704 total bytes 4000
Flow Roce_984_0 33132 finished at 530016 total bytes 4000
Flow Roce_165_0 32344 finished at 530180 total bytes 4000
Flow Roce_226_0 32316 finished at 530243 total bytes 4000
Flow Roce_151_0 31868 finished at 531057 total bytes 4000
Flow Roce_932_0 30184 finished at 531230 total bytes 4000
Flow Roce_264_0 30848 finished at 531409 total bytes 4000
Flow Roce_577_0 32044 finished at 531578 total bytes 4000
Flow Roce_609_0 29440 finished at 532358 total bytes 4000
Flow Roce_675_0 31344 finished at 533102 total bytes 4000
Flow Roce_749_0 31208 finished at 533507 total bytes 4000
Flow Roce_893_0 29592 finished at 533604 total bytes 4000
Flow Roce_750_0 29520 finished at 533690 total bytes 4000
Flow Roce_730_0 31072 finished at 534020 total bytes 4000
Flow Roce_799_0 29696 finished at 534199 total bytes 4000
Flow Roce_268_0 30068 finished at 534699 total bytes 4000
Flow Roce_180_0 30408 finished at 535004 total bytes 4000
Flow Roce_931_0 29516 finished at 535188 total bytes 4000
Flow Roce_601_0 31740 finished at 535193 total bytes 4000
Flow Roce_346_0 29576 finished at 535213 total bytes 4000
Flow Roce_236_0 32600 finished at 535370 total bytes 4000
Flow Roce_625_0 29780 finished at 535408 total bytes 4000
Flow Roce_88_0 31168 finished at 535448 total bytes 4000
Flow Roce_624_0 32752 finished at 535994 total bytes 4000
Flow Roce_743_0 31132 finished at 536035 total bytes 4000
Flow Roce_237_0 33160 finished at 536145 total bytes 4000
Flow Roce_584_0 32680 finished at 536415 total bytes 4000
Flow Roce_481_0 32868 finished at 536975 total bytes 4000
Flow Roce_511_0 29572 finished at 536976 total bytes 4000
Flow Roce_196_0 30704 finished at 538304 total bytes 4000
Flow Roce_202_0 30796 finished at 538306 total bytes 4000
Flow Roce_615_0 32608 finished at 538306 total bytes 4000
Flow Roce_581_0 30772 finished at 538339 total bytes 4000
Flow Roce_819_0 31832 finished at 538580 total bytes 4000
Flow Roce_795_0 32940 finished at 538930 total bytes 4000
Flow Roce_147_0 29672 finished at 539018 total bytes 4000
Flow Roce_70_0 30464 finished at 539088 total bytes 4000
Flow Roce_318_0 32220 finished at 539490 total bytes 4000
Flow Roce_77_0 31448 finished at 539577 total bytes 4000
Flow Roce_825_0 29804 finished at 539651 total bytes 4000
Flow Roce_796_0 30732 finished at 539939 total bytes 4000
Flow Roce_797_0 32708 finished at 540864 total bytes 4000
Flow Roce_233_0 32816 finished at 541114 total bytes 4000
Flow Roce_201_0 30204 finished at 541273 total bytes 4000
Flow Roce_116_0 31016 finished at 541662 total bytes 4000
Flow Roce_160_0 30908 finished at 542063 total bytes 4000
Flow Roce_133_0 32716 finished at 542490 total bytes 4000
Flow Roce_603_0 31060 finished at 542699 total bytes 4000
Flow Roce_580_0 31824 finished at 544473 total bytes 4000
Flow Roce_231_0 32368 finished at 545813 total bytes 4000
Flow Roce_232_0 30224 finished at 545814 total bytes 4000
Flow Roce_985_0 32284 finished at 546491 total bytes 4000
Flow Roce_732_0 29856 finished at 546544 total bytes 4000
Flow Roce_611_0 29836 finished at 547126 total bytes 4000
Flow Roce_90_0 30164 finished at 547246 total bytes 4000
Flow Roce_653_0 29424 finished at 547570 total bytes 4000
Flow Roce_687_0 33040 finished at 548037 total bytes 4000
Flow Roce_557_0 30956 finished at 549095 total bytes 4000
Flow Roce_905_0 29728 finished at 549792 total bytes 4000
Flow Roce_555_0 33236 finished at 549825 total bytes 4000
|Flow Roce_132_0 29692 finished at 550647 total bytes 4000
Flow Roce_215_0 33344 finished at 550780 total bytes 4000
Flow Roce_188_0 31580 finished at 551412 total bytes 4000
Flow Roce_339_0 30080 finished at 551657 total bytes 4000
Flow Roce_926_0 32084 finished at 551865 total bytes 4000
Flow Roce_343_0 31492 finished at 551993 total bytes 4000
Flow Roce_365_0 31588 finished at 552050 total bytes 4000
Flow Roce_130_0 31364 finished at 552176 total bytes 4000
Flow Roce_210_0 30648 finished at 552180 total bytes 4000
Flow Roce_588_0 32128 finished at 553983 total bytes 4000
Flow Roce_200_0 30212 finished at 554060 total bytes 4000
Flow Roce_218_0 32240 finished at 554219 total bytes 4000
Flow Roce_107_0 32104 finished at 554962 total bytes 4000
Flow Roce_983_0 30808 finished at 555008 total bytes 4000
Flow Roce_946_0 30512 finished at 555245 total bytes 4000
Flow Roce_291_0 33028 finished at 555273 total bytes 4000
Flow Roce_682_0 32100 finished at 555449 total bytes 4000
Flow Roce_587_0 29408 finished at 555477 total bytes 4000
Flow Roce_572_0 31216 finished at 556839 total bytes 4000
Flow Roce_254_0 31004 finished at 557277 total bytes 4000
Flow Roce_213_0 31668 finished at 557277 total bytes 4000
Flow Roce_877_0 30308 finished at 557505 total bytes 4000
Flow Roce_904_0 33020 finished at 558200 total bytes 4000
Flow Roce_960_0 31200 finished at 560560 total bytes 4000
Flow Roce_680_0 32916 finished at 560601 total bytes 4000
Flow Roce_879_0 29816 finished at 561081 total bytes 4000
Flow Roce_340_0 32616 finished at 561152 total bytes 4000
Flow Roce_205_0 32804 finished at 561347 total bytes 4000
Flow Roce_842_0 32172 finished at 561577 total bytes 4000
Flow Roce_121_0 33376 finished at 561741 total bytes 4000
Flow Roce_302_0 32456 finished at 562197 total bytes 4000
Flow Roce_685_0 31080 finished at 562500 total bytes 4000
Flow Roce_694_0 33156 finished at 562525 total bytes 4000
Flow Roce_82_0 30924 finished at 562871 total bytes 4000
Flow Roce_924_0 33260 finished at 563235 total bytes 4000
Flow Roce_648_0 29744 finished at 563697 total bytes 4000
Flow Roce_331_0 31148 finished at 564502 total bytes 4000
Flow Roce_831_0 31964 finished at 565118 total bytes 4000
Flow Roce_966_0 29916 finished at 565380 total bytes 4000
Flow Roce_863_0 32520 finished at 565750 total bytes 4000
Flow Roce_262_0 33380 finished at 565962 total bytes 4000
Flow Roce_847_0 32132 finished at 566087 total bytes 4000
Flow Roce_841_0 32732 finished at 566517 total bytes 4000
Flow Roce_306_0 32248 finished at 566598 total bytes 4000
Flow Roce_108_0 29700 finished at 566663 total bytes 4000
Flow Roce_878_0 32476 finished at 567022 total bytes 4000
Flow Roce_353_0 32780 finished at 567196 total bytes 4000
Flow Roce_967_0 30356 finished at 567201 total bytes 4000
Flow Roce_407_0 32360 finished at 567400 total bytes 4000
Flow Roce_356_0 32140 finished at 568054 total bytes 4000
Flow Roce_105_0 33264 finished at 568333 total bytes 4000
Flow Roce_638_0 32160 finished at 568759 total bytes 4000
Flow Roce_408_0 29612 finished at 569107 total bytes 4000
Flow Roce_437_0 32696 finished at 569109 total bytes 4000
Flow Roce_793_0 31940 finished at 569583 total bytes 4000
Flow Roce_423_0 30804 finished at 570729 total bytes 4000
Flow Roce_1001_0 32120 finished at 571083 total bytes 4000
Flow Roce_736_0 29340 finished at 571273 total bytes 4000
Flow Roce_843_0 31812 finished at 572069 total bytes 4000
Flow Roce_417_0 31880 finished at 572101 total bytes 4000
Flow Roce_214_0 31144 finished at 572173 total bytes 4000
Flow Roce_191_0 33100 finished at 572479 total bytes 4000
Flow Roce_366_0 32652 finished at 573077 total bytes 4000
Flow Roce_329_0 32268 finished at 573305 total bytes 4000
Flow Roce_965_0 30284 finished at 574214 total bytes 4000
Flow Roce_358_0 29796 finished at 574472 total bytes 4000
Flow Roce_992_0 29868 finished at 574530 total bytes 4000
Flow Roce_452_0 30604 finished at 575502 total bytes 4000
Flow Roce_858_0 33124 finished at 576721 total bytes 4000
Flow Roce_837_0 32000 finished at 577869 total bytes 4000
Flow Roce_316_0 32860 finished at 577903 total bytes 4000
Flow Roce_774_0 32532 finished at 578551 total bytes 4000
Flow Roce_317_0 30148 finished at 579178 total bytes 4000
Flow Roce_454_0 30900 finished at 579290 total bytes 4000
Flow Roce_403_0 33004 finished at 579353 total bytes 4000
Flow Roce_460_0 30108 finished at 580239 total bytes 4000
Flow Roce_834_0 31096 finished at 580582 total bytes 4000
Flow Roce_999_0 29956 finished at 582032 total bytes 4000
Flow Roce_1018_0 31624 finished at 582255 total bytes 4000
Flow Roce_319_0 30676 finished at 582279 total bytes 4000
Flow Roce_311_0 33032 finished at 582535 total bytes 4000
Flow Roce_416_0 30624 finished at 582759 total bytes 4000
Flow Roce_1017_0 32568 finished at 582898 total bytes 4000
Flow Roce_947_0 30888 finished at 583366 total bytes 4000
Flow Roce_307_0 29852 finished at 583624 total bytes 4000
Flow Roce_459_0 31540 finished at 585093 total bytes 4000
Flow Roce_461_0 33364 finished at 586406 total bytes 4000
Flow Roce_367_0 30504 finished at 586589 total bytes 4000
Flow Roce_534_0 32896 finished at 586717 total bytes 4000
Flow Roce_562_0 32952 finished at 586996 total bytes 4000
Flow Roce_981_0 31576 finished at 587076 total bytes 4000
Flow Roce_991_0 29348 finished at 587187 total bytes 4000
Flow Roce_993_0 33064 finished at 587233 total bytes 4000
Flow Roce_568_0 32676 finished at 587564 total bytes 4000
Flow Roce_192_0 31508 finished at 588058 total bytes 4000
Flow Roce_849_0 31436 finished at 588107 total bytes 4000
Flow Roce_794_0 30252 finished at 588374 total bytes 4000
Flow Roce_198_0 29316 finished at 589309 total bytes 4000
Flow Roce_1010_0 32016 finished at 589566 total bytes 4000
Flow Roce_569_0 30988 finished at 590639 total bytes 4000
Flow Roce_995_0 32340 finished at 591154 total bytes 4000
Flow Roce_673_0 32472 finished at 591701 total bytes 4000
Flow Roce_195_0 33036 finished at 591849 total bytes 4000
Flow Roce_919_0 29932 finished at 592015 total bytes 4000
Flow Roce_448_0 30016 finished at 592715 total bytes 4000
Flow Roce_608_0 32844 finished at 593758 total bytes 4000
Flow Roce_312_0 30028 finished at 593875 total bytes 4000
Flow Roce_821_0 29456 finished at 593885 total bytes 4000
Flow Roce_839_0 32088 finished at 595278 total bytes 4000
Flow Roce_880_0 30496 finished at 595278 total bytes 4000
Flow Roce_936_0 31240 finished at 596554 total bytes 4000
Flow Roce_473_0 30564 finished at 597232 total bytes 4000
Flow Roce_814_0 32484 finished at 598575 total bytes 4000
Flow Roce_162_0 31332 finished at 598941 total bytes 4000
Flow Roce_173_0 32824 finished at 599427 total bytes 4000
Flow Roce_954_0 32208 finished at 599551 total bytes 4000
Flow Roce_951_0 31424 finished at 599742 total bytes 4000
Flow Roce_458_0 29720 finished at 599815 total bytes 4000
Flow Roce_161_0 32056 finished at 599898 total bytes 4000
.Flow Roce_1012_0 31296 finished at 600068 total bytes 4000
Flow Roce_355_0 32644 finished at 600098 total bytes 4000
Flow Roce_359_0 29568 finished at 600741 total bytes 4000
Flow Roce_854_0 31520 finished at 601663 total bytes 4000
Flow Roce_949_0 33136 finished at 602136 total bytes 4000
Flow Roce_352_0 32416 finished at 603125 total bytes 4000
Flow Roce_144_0 29920 finished at 604539 total bytes 4000
Flow Roce_251_0 31480 finished at 604553 total bytes 4000
Flow Roce_737_0 32348 finished at 604958 total bytes 4000
Flow Roce_472_0 32168 finished at 605240 total bytes 4000
Flow Roce_65_0 33384 finished at 605332 total bytes 4000
Flow Roce_223_0 32176 finished at 605558 total bytes 4000
Flow Roce_850_0 33044 finished at 606191 total bytes 4000
Flow Roce_150_0 32356 finished at 606571 total bytes 4000
Flow Roce_238_0 32792 finished at 606600 total bytes 4000
Flow Roce_961_0 31024 finished at 606669 total bytes 4000
Flow Roce_419_0 30692 finished at 606878 total bytes 4000
Flow Roce_89_0 32924 finished at 606927 total bytes 4000
Flow Roce_756_0 32932 finished at 607093 total bytes 4000
Flow Roce_762_0 32980 finished at 607267 total bytes 4000
Flow Roce_727_0 29972 finished at 607692 total bytes 4000
Flow Roce_822_0 33392 finished at 607949 total bytes 4000
Flow Roce_627_0 32072 finished at 607963 total bytes 4000
Flow Roce_247_0 29508 finished at 608050 total bytes 4000
Flow Roce_103_0 33104 finished at 608470 total bytes 4000
Flow Roce_387_0 30116 finished at 608808 total bytes 4000
Flow Roce_219_0 32028 finished at 608959 total bytes 4000
Flow Roce_134_0 32196 finished at 609141 total bytes 4000
Flow Roce_807_0 31768 finished at 609147 total bytes 4000
Flow Roce_117_0 32432 finished at 609193 total bytes 4000
Flow Roce_800_0 29936 finished at 609490 total bytes 4000
Flow Roce_950_0 30368 finished at 609621 total bytes 4000
Flow Roce_385_0 30592 finished at 609625 total bytes 4000
Flow Roce_388_0 32148 finished at 609736 total bytes 4000
Flow Roce_713_0 33296 finished at 609801 total bytes 4000
Flow Roce_649_0 29620 finished at 610355 total bytes 4000
Flow Roce_726_0 30300 finished at 610514 total bytes 4000
Flow Roce_246_0 31744 finished at 610576 total bytes 4000
Flow Roce_962_0 33228 finished at 610797 total bytes 4000
Flow Roce_1004_0 31220 finished at 611391 total bytes 4000
Flow Roce_716_0 29948 finished at 612014 total bytes 4000
Flow Roce_462_0 32300 finished at 612102 total bytes 4000
Flow Roce_113_0 32516 finished at 612715 total bytes 4000
Flow Roce_91_0 31052 finished at 613136 total bytes 4000
Flow Roce_809_0 32080 finished at 613593 total bytes 4000
Flow Roce_803_0 32736 finished at 613828 total bytes 4000
Flow Roce_487_0 30948 finished at 614356 total bytes 4000
Flow Roce_479_0 29776 finished at 614620 total bytes 4000
Flow Roce_187_0 29848 finished at 614878 total bytes 4000
Flow Roce_1022_0 31380 finished at 614974 total bytes 4000
Flow Roce_940_0 31952 finished at 615519 total bytes 4000
Flow Roce_243_0 29324 finished at 615546 total bytes 4000
Flow Roce_1020_0 33280 finished at 616280 total bytes 4000
Flow Roce_941_0 30288 finished at 616443 total bytes 4000
Flow Roce_875_0 31772 finished at 616643 total bytes 4000
Flow Roce_389_0 33352 finished at 616777 total bytes 4000
Flow Roce_629_0 30276 finished at 616844 total bytes 4000
Flow Roce_444_0 33316 finished at 617282 total bytes 4000
Flow Roce_751_0 32876 finished at 617324 total bytes 4000
Flow Roce_84_0 31820 finished at 617384 total bytes 4000
Flow Roce_720_0 32944 finished at 617825 total bytes 4000
Flow Roce_360_0 30880 finished at 617825 total bytes 4000
Flow Roce_391_0 33220 finished at 617991 total bytes 4000
Flow Roce_414_0 32972 finished at 618118 total bytes 4000
Flow Roce_184_0 31392 finished at 618454 total bytes 4000
Flow Roce_333_0 31036 finished at 618582 total bytes 4000
Flow Roce_78_0 30136 finished at 619133 total bytes 4000
Flow Roce_560_0 29332 finished at 619221 total bytes 4000
Flow Roce_386_0 30420 finished at 619255 total bytes 4000
Flow Roce_729_0 33060 finished at 619258 total bytes 4000
Flow Roce_761_0 33076 finished at 619900 total bytes 4000
Flow Roce_567_0 33172 finished at 620118 total bytes 4000
Flow Roce_189_0 30928 finished at 620133 total bytes 4000
Flow Roce_95_0 31484 finished at 620497 total bytes 4000
Flow Roce_723_0 29536 finished at 620773 total bytes 4000
Flow Roce_790_0 32808 finished at 620790 total bytes 4000
Flow Roce_721_0 32856 finished at 620917 total bytes 4000
Flow Roce_813_0 29588 finished at 621025 total bytes 4000
Flow Roce_564_0 32588 finished at 621073 total bytes 4000
Flow Roce_475_0 29772 finished at 621215 total bytes 4000
Flow Roce_435_0 30836 finished at 621385 total bytes 4000
Flow Roce_805_0 31748 finished at 621399 total bytes 4000
Flow Roce_929_0 29396 finished at 621598 total bytes 4000
Flow Roce_897_0 29864 finished at 622304 total bytes 4000
Flow Roce_714_0 31032 finished at 622897 total bytes 4000
Flow Roce_844_0 30580 finished at 624367 total bytes 4000
Flow Roce_131_0 30752 finished at 624420 total bytes 4000
Flow Roce_769_0 29684 finished at 625015 total bytes 4000
Flow Roce_864_0 29476 finished at 625208 total bytes 4000
Flow Roce_748_0 32392 finished at 625522 total bytes 4000
Flow Roce_661_0 31456 finished at 625778 total bytes 4000
Flow Roce_158_0 31420 finished at 627052 total bytes 4000
Flow Roce_719_0 31348 finished at 627158 total bytes 4000
Flow Roce_440_0 32032 finished at 627724 total bytes 4000
Flow Roce_908_0 32448 finished at 627859 total bytes 4000
Flow Roce_906_0 32124 finished at 627876 total bytes 4000
Flow Roce_1013_0 31640 finished at 628061 total bytes 4000
Flow Roce_488_0 29580 finished at 628196 total bytes 4000
Flow Roce_927_0 32948 finished at 628229 total bytes 4000
Flow Roce_617_0 30756 finished at 628247 total bytes 4000
Flow Roce_594_0 31900 finished at 628248 total bytes 4000
Flow Roce_128_0 30632 finished at 628802 total bytes 4000
Flow Roce_770_0 30500 finished at 629147 total bytes 4000
Flow Roce_235_0 33276 finished at 629257 total bytes 4000
Flow Roce_724_0 30168 finished at 629928 total bytes 4000
Flow Roce_718_0 32152 finished at 629958 total bytes 4000
Flow Roce_293_0 31140 finished at 630041 total bytes 4000
Flow Roce_292_0 30816 finished at 630326 total bytes 4000
Flow Roce_493_0 32688 finished at 630455 total bytes 4000
Flow Roce_640_0 32512 finished at 630654 total bytes 4000
Flow Roce_411_0 30932 finished at 630677 total bytes 4000
Flow Roce_394_0 30260 finished at 631580 total bytes 4000
Flow Roce_925_0 32504 finished at 631932 total bytes 4000
Flow Roce_952_0 31160 finished at 631971 total bytes 4000
Flow Roce_252_0 31496 finished at 632353 total bytes 4000
Flow Roce_958_0 32768 finished at 632967 total bytes 4000
Flow Roce_442_0 31252 finished at 632975 total bytes 4000
Flow Roce_500_0 33336 finished at 632990 total bytes 4000
Flow Roce_613_0 29660 finished at 633676 total bytes 4000
Flow Roce_445_0 29368 finished at 634168 total bytes 4000
Flow Roce_820_0 31124 finished at 634187 total bytes 4000
Flow Roce_782_0 29904 finished at 634461 total bytes 4000
Flow Roce_733_0 31864 finished at 634898 total bytes 4000
Flow Roce_83_0 29556 finished at 637007 total bytes 4000
Flow Roce_3_0 33300 finished at 638856 total bytes 4000
Flow Roce_899_0 31784 finished at 639210 total bytes 4000
Flow Roce_5_0 29704 finished at 639342 total bytes 4000
Flow Roce_409_0 31628 finished at 639628 total bytes 4000
Flow Roce_7_0 30476 finished at 639655 total bytes 4000
Flow Roce_1_0 30424 finished at 639917 total bytes 4000
Flow Roce_537_0 32292 finished at 640033 total bytes 4000
Flow Roce_900_0 29616 finished at 640151 total bytes 4000
Flow Roce_711_0 31400 finished at 640244 total bytes 4000
Flow Roce_704_0 29420 finished at 640443 total bytes 4000
Flow Roce_1009_0 30344 finished at 640498 total bytes 4000
Flow Roce_224_0 30444 finished at 640503 total bytes 4000
Flow Roce_717_0 30428 finished at 640592 total bytes 4000
Flow Roce_747_0 32748 finished at 640787 total bytes 4000
Flow Roce_913_0 31532 finished at 640897 total bytes 4000
Flow Roce_412_0 32068 finished at 640936 total bytes 4000
Flow Roce_955_0 31444 finished at 640964 total bytes 4000
Flow Roce_529_0 32304 finished at 641137 total bytes 4000
Flow Roce_646_0 32312 finished at 641308 total bytes 4000
Flow Roce_110_0 31372 finished at 641331 total bytes 4000
Flow Roce_957_0 31120 finished at 641440 total bytes 4000
Flow Roce_502_0 32880 finished at 641453 total bytes 4000
Flow Roce_543_0 29968 finished at 641496 total bytes 4000
Flow Roce_469_0 31792 finished at 641543 total bytes 4000
Flow Roce_433_0 33208 finished at 641654 total bytes 4000
Flow Roce_75_0 31876 finished at 641724 total bytes 4000
Flow Roce_885_0 30324 finished at 642117 total bytes 4000
Flow Roce_397_0 29372 finished at 642214 total bytes 4000
Flow Roce_972_0 29756 finished at 642217 total bytes 4000
Flow Roce_104_0 31488 finished at 642530 total bytes 4000
Flow Roce_492_0 32988 finished at 642538 total bytes 4000
Flow Roce_392_0 30876 finished at 642650 total bytes 4000
Flow Roce_845_0 30388 finished at 642727 total bytes 4000
Flow Roce_413_0 30280 finished at 642731 total bytes 4000
Flow Roce_969_0 29668 finished at 642895 total bytes 4000
Flow Roce_474_0 30828 finished at 643040 total bytes 4000
Flow Roce_846_0 32324 finished at 643115 total bytes 4000
Flow Roce_149_0 30312 finished at 643143 total bytes 4000
Flow Roce_447_0 29528 finished at 643542 total bytes 4000
Flow Roce_490_0 30700 finished at 643666 total bytes 4000
Flow Roce_154_0 31388 finished at 644149 total bytes 4000
Flow Roce_446_0 31704 finished at 644377 total bytes 4000
Flow Roce_823_0 29648 finished at 644507 total bytes 4000
Flow Roce_497_0 32660 finished at 644965 total bytes 4000
Flow Roce_301_0 31368 finished at 645380 total bytes 4000
Flow Roce_450_0 32920 finished at 645452 total bytes 4000
Flow Roce_289_0 32064 finished at 645853 total bytes 4000
Flow Roce_286_0 30056 finished at 646285 total bytes 4000
Flow Roce_6_0 32744 finished at 646848 total bytes 4000
Flow Roce_399_0 31236 finished at 647008 total bytes 4000
Flow Roce_410_0 29460 finished at 647038 total bytes 4000
Flow Roce_573_0 31040 finished at 647309 total bytes 4000
Flow Roce_396_0 32420 finished at 647447 total bytes 4000
Flow Roce_647_0 32260 finished at 647493 total bytes 4000
Flow Roce_986_0 31664 finished at 647786 total bytes 4000
Flow Roce_643_0 31752 finished at 647800 total bytes 4000
Flow Roce_641_0 31460 finished at 648271 total bytes 4000
Flow Roce_867_0 33012 finished at 648324 total bytes 4000
Flow Roce_695_0 32328 finished at 648764 total bytes 4000
Flow Roce_248_0 31716 finished at 648782 total bytes 4000
Flow Roce_896_0 29944 finished at 648951 total bytes 4000
Flow Roce_303_0 31808 finished at 649202 total bytes 4000
Flow Roce_663_0 32832 finished at 649236 total bytes 4000
Flow Roce_707_0 30052 finished at 649346 total bytes 4000
Flow Roce_644_0 30384 finished at 649373 total bytes 4000
Flow Roce_578_0 31804 finished at 649376 total bytes 4000
Flow Roce_383_0 31292 finished at 649545 total bytes 4000
Flow Roce_378_0 30872 finished at 649569 total bytes 4000
Flow Roce_688_0 31084 finished at 649590 total bytes 4000
Flow Roce_689_0 31464 finished at 649691 total bytes 4000
Flow Roce_715_0 29320 finished at 649776 total bytes 4000
Flow Roce_296_0 29812 finished at 649794 total bytes 4000
Flow Roce_281_0 29832 finished at 649795 total bytes 4000
Flow Roce_377_0 31936 finished at 649878 total bytes 4000
Flow Roce_787_0 31452 finished at 649994 total bytes 4000
.Flow Roce_610_0 31660 finished at 650138 total bytes 4000
Flow Roce_67_0 31988 finished at 650227 total bytes 4000
Flow Roce_554_0 32632 finished at 650329 total bytes 4000
Flow Roce_64_0 30856 finished at 650366 total bytes 4000
Flow Roce_297_0 33140 finished at 651369 total bytes 4000
Flow Roce_526_0 30304 finished at 651371 total bytes 4000
Flow Roce_203_0 31180 finished at 651453 total bytes 4000
Flow Roce_959_0 31924 finished at 651872 total bytes 4000
Flow Roce_159_0 29676 finished at 652006 total bytes 4000
Flow Roce_791_0 30980 finished at 652134 total bytes 4000
Flow Roce_886_0 30584 finished at 652323 total bytes 4000
Flow Roce_745_0 30244 finished at 652475 total bytes 4000
Flow Roce_669_0 30124 finished at 653161 total bytes 4000
Flow Roce_530_0 30792 finished at 653270 total bytes 4000
Flow Roce_918_0 33068 finished at 653794 total bytes 4000
Flow Roce_495_0 30508 finished at 653797 total bytes 4000
Flow Roce_4_0 31056 finished at 653807 total bytes 4000
Flow Roce_2_0 32640 finished at 653829 total bytes 4000
Flow Roce_216_0 30520 finished at 653839 total bytes 4000
Flow Roce_575_0 32704 finished at 653866 total bytes 4000
Flow Roce_595_0 30096 finished at 653972 total bytes 4000
Flow Roce_593_0 32840 finished at 653974 total bytes 4000
Flow Roce_916_0 29732 finished at 654230 total bytes 4000
Flow Roce_373_0 30968 finished at 654467 total bytes 4000
Flow Roce_167_0 30688 finished at 654514 total bytes 4000
Flow Roce_705_0 29380 finished at 654519 total bytes 4000
Flow Roce_579_0 32204 finished at 654602 total bytes 4000
Flow Roce_93_0 31536 finished at 654603 total bytes 4000
Flow Roce_665_0 32288 finished at 654641 total bytes 4000
Flow Roce_257_0 31604 finished at 654805 total bytes 4000
Flow Roce_295_0 29488 finished at 654925 total bytes 4000
Flow Roce_903_0 33224 finished at 655010 total bytes 4000
Flow Roce_1008_0 32384 finished at 655275 total bytes 4000
Flow Roce_323_0 31676 finished at 655639 total bytes 4000
Flow Roce_376_0 32956 finished at 655768 total bytes 4000
Flow Roce_591_0 30376 finished at 655880 total bytes 4000
Flow Roce_996_0 30144 finished at 655883 total bytes 4000
Flow Roce_370_0 31556 finished at 655970 total bytes 4000
Flow Roce_249_0 32984 finished at 656042 total bytes 4000
Flow Roce_197_0 30780 finished at 656177 total bytes 4000
Flow Roce_211_0 32700 finished at 656288 total bytes 4000
Flow Roce_143_0 30636 finished at 656343 total bytes 4000
Flow Roce_684_0 31512 finished at 656441 total bytes 4000
Flow Roce_571_0 30332 finished at 656909 total bytes 4000
Flow Roce_857_0 30916 finished at 656969 total bytes 4000
Flow Roce_294_0 29952 finished at 657350 total bytes 4000
Flow Roce_784_0 29764 finished at 657396 total bytes 4000
Flow Roce_788_0 29428 finished at 657397 total bytes 4000
Flow Roce_612_0 29940 finished at 657455 total bytes 4000
Flow Roce_300_0 30548 finished at 657742 total bytes 4000
Flow Roce_542_0 29596 finished at 657806 total bytes 4000
Flow Roce_871_0 32756 finished at 658011 total bytes 4000
Flow Roce_706_0 30360 finished at 658051 total bytes 4000
Flow Roce_486_0 32436 finished at 658103 total bytes 4000
Flow Roce_862_0 32264 finished at 658108 total bytes 4000
Flow Roce_164_0 32488 finished at 658641 total bytes 4000
Flow Roce_314_0 32232 finished at 658713 total bytes 4000
Flow Roce_258_0 30440 finished at 659037 total bytes 4000
Flow Roce_163_0 32212 finished at 659293 total bytes 4000
Flow Roce_693_0 30984 finished at 659407 total bytes 4000
Flow Roce_545_0 30608 finished at 659414 total bytes 4000
Flow Roce_691_0 32936 finished at 659499 total bytes 4000
Flow Roce_708_0 32052 finished at 659671 total bytes 4000
Flow Roce_536_0 30340 finished at 659689 total bytes 4000
Flow Roce_453_0 30152 finished at 659937 total bytes 4000
Flow Roce_261_0 30088 finished at 659968 total bytes 4000
Flow Roce_861_0 32892 finished at 660273 total bytes 4000
Flow Roce_656_0 29404 finished at 660706 total bytes 4000
Flow Roce_621_0 32380 finished at 660788 total bytes 4000
Flow Roce_480_0 29392 finished at 660959 total bytes 4000
Flow Roce_658_0 33108 finished at 661036 total bytes 4000
Flow Roce_516_0 30972 finished at 661476 total bytes 4000
Flow Roce_406_0 30920 finished at 661651 total bytes 4000
Flow Roce_604_0 33000 finished at 661767 total bytes 4000
Flow Roce_975_0 31272 finished at 661869 total bytes 4000
Flow Roce_523_0 32388 finished at 662051 total bytes 4000
Flow Roce_683_0 29356 finished at 662423 total bytes 4000
Flow Roce_524_0 29824 finished at 662602 total bytes 4000
Flow Roce_696_0 31524 finished at 662752 total bytes 4000
Flow Roce_942_0 30708 finished at 662795 total bytes 4000
Flow Roce_549_0 30452 finished at 663141 total bytes 4000
Flow Roce_1014_0 33148 finished at 663347 total bytes 4000
Flow Roce_574_0 29820 finished at 663464 total bytes 4000
Flow Roce_531_0 30188 finished at 663475 total bytes 4000
Flow Roce_263_0 30336 finished at 663493 total bytes 4000
Flow Roce_137_0 31976 finished at 663510 total bytes 4000
Flow Roce_583_0 33400 finished at 663766 total bytes 4000
Flow Roce_513_0 33056 finished at 664125 total bytes 4000
Flow Roce_585_0 31836 finished at 664288 total bytes 4000
Flow Roce_122_0 29716 finished at 664369 total bytes 4000
Flow Roce_517_0 32668 finished at 664751 total bytes 4000
Flow Roce_532_0 32712 finished at 664760 total bytes 4000
Flow Roce_395_0 29564 finished at 664901 total bytes 4000
Flow Roce_421_0 31328 finished at 664941 total bytes 4000
Flow Roce_69_0 29984 finished at 665129 total bytes 4000
Flow Roce_256_0 32524 finished at 665156 total bytes 4000
Flow Roce_120_0 31064 finished at 665384 total bytes 4000
Flow Roce_351_0 30040 finished at 665472 total bytes 4000
Flow Roce_997_0 30620 finished at 665504 total bytes 4000
Flow Roce_276_0 32764 finished at 665703 total bytes 4000
Flow Roce_544_0 31416 finished at 665713 total bytes 4000
Flow Roce_559_0 30200 finished at 665763 total bytes 4000
Flow Roce_667_0 30536 finished at 665921 total bytes 4000
Flow Roce_681_0 32964 finished at 665965 total bytes 4000
Flow Roce_546_0 31996 finished at 666068 total bytes 4000
Flow Roce_310_0 30448 finished at 666088 total bytes 4000
Flow Roce_368_0 31432 finished at 666120 total bytes 4000
Flow Roce_284_0 31788 finished at 666146 total bytes 4000
Flow Roce_512_0 33016 finished at 666273 total bytes 4000
Flow Roce_309_0 29652 finished at 666532 total bytes 4000
Flow Roce_287_0 30976 finished at 666819 total bytes 4000
Flow Roce_308_0 30656 finished at 666822 total bytes 4000
Flow Roce_937_0 32460 finished at 666857 total bytes 4000
Flow Roce_439_0 30192 finished at 666924 total bytes 4000
Flow Roce_973_0 31172 finished at 666934 total bytes 4000
Flow Roce_283_0 30892 finished at 666964 total bytes 4000
Flow Roce_126_0 29784 finished at 666968 total bytes 4000
Flow Roce_670_0 31916 finished at 667045 total bytes 4000
Flow Roce_552_0 32636 finished at 667171 total bytes 4000
Flow Roce_275_0 31956 finished at 667183 total bytes 4000
Flow Roce_525_0 32724 finished at 667316 total bytes 4000
Flow Roce_123_0 31012 finished at 667481 total bytes 4000
Flow Roce_80_0 30832 finished at 667610 total bytes 4000
Flow Roce_305_0 30864 finished at 667620 total bytes 4000
Flow Roce_72_0 32496 finished at 667696 total bytes 4000
Flow Roce_436_0 31196 finished at 667887 total bytes 4000
Flow Roce_402_0 30364 finished at 668102 total bytes 4000
Flow Roce_974_0 33052 finished at 668123 total bytes 4000
Flow Roce_73_0 32556 finished at 668181 total bytes 4000
Flow Roce_855_0 30232 finished at 668225 total bytes 4000
Flow Roce_697_0 31904 finished at 668243 total bytes 4000
Flow Roce_86_0 32552 finished at 668302 total bytes 4000
Flow Roce_884_0 31852 finished at 668534 total bytes 4000
Flow Roce_602_0 33024 finished at 668538 total bytes 4000
Flow Roce_259_0 32200 finished at 668560 total bytes 4000
Flow Roce_851_0 31164 finished at 668610 total bytes 4000
Flow Roce_136_0 30000 finished at 668673 total bytes 4000
Flow Roce_381_0 30072 finished at 668797 total bytes 4000
Flow Roce_883_0 30996 finished at 668815 total bytes 4000
Flow Roce_140_0 30556 finished at 668869 total bytes 4000
Flow Roce_208_0 29604 finished at 668944 total bytes 4000
Flow Roce_322_0 30748 finished at 668999 total bytes 4000
Flow Roce_209_0 30180 finished at 669002 total bytes 4000
Flow Roce_528_0 30552 finished at 669004 total bytes 4000
Flow Roce_127_0 31244 finished at 669080 total bytes 4000
Flow Roce_852_0 29452 finished at 669148 total bytes 4000
Flow Roce_882_0 30044 finished at 669152 total bytes 4000
New: 0 Rtx: 0
PFC_PAUSES 721420 PFC_PAUSE_US 1.08071e+09 MAX_QUEUE_BYTES 113792
OVERFLOW_COUNT 0
