......Flow Roce_123_0 3232 finished at 319306 total bytes 16000
Flow Roce_53_0 2948 finished at 333736 total bytes 16000
Flow Roce_75_0 2916 finished at 334232 total bytes 16000
Flow Roce_60_0 2940 finished at 334764 total bytes 16000
Flow Roce_63_0 3200 finished at 335884 total bytes 16000
Flow Roce_96_0 2824 finished at 337778 total bytes 16000
Flow Roce_41_0 3136 finished at 338046 total bytes 16000
Flow Roce_125_0 3132 finished at 338541 total bytes 16000
Flow Roce_84_0 3220 finished at 339360 total bytes 16000
Flow Roce_43_0 3024 finished at 339992 total bytes 16000
Flow Roce_42_0 2776 finished at 340571 total bytes 16000
Flow Roce_23_0 2864 finished at 340674 total bytes 16000
Flow Roce_78_0 3180 finished at 341028 total bytes 16000
Flow Roce_67_0 2956 finished at 341391 total bytes 16000
Flow Roce_18_0 3268 finished at 341924 total bytes 16000
Flow Roce_72_0 2964 finished at 342473 total bytes 16000
Flow Roce_112_0 2944 finished at 342685 total bytes 16000
Flow Roce_19_0 2988 finished at 343408 total bytes 16000
Flow Roce_117_0 3160 finished at 343599 total bytes 16000
Flow Roce_105_0 3064 finished at 343647 total bytes 16000
Flow Roce_66_0 3000 finished at 344159 total bytes 16000
Flow Roce_95_0 2804 finished at 344351 total bytes 16000
Flow Roce_34_0 2900 finished at 344572 total bytes 16000
Flow Roce_22_0 2820 finished at 344809 total bytes 16000
Flow Roce_68_0 3092 finished at 345610 total bytes 16000
Flow Roce_44_0 2796 finished at 345870 total bytes 16000
Flow Roce_113_0 2816 finished at 345907 total bytes 16000
Flow Roce_122_0 2812 finished at 345976 total bytes 16000
Flow Roce_73_0 3264 finished at 346599 total bytes 16000
Flow Roce_101_0 3212 finished at 346621 total bytes 16000
Flow Roce_70_0 3116 finished at 346924 total bytes 16000
Flow Roce_49_0 3216 finished at 347070 total bytes 16000
Flow Roce_89_0 2996 finished at 347775 total bytes 16000
Flow Roce_116_0 2848 finished at 348207 total bytes 16000
Flow Roce_64_0 3236 finished at 348320 total bytes 16000
Flow Roce_124_0 2792 finished at 348644 total bytes 16000
Flow Roce_121_0 3012 finished at 348942 total bytes 16000
Flow Roce_26_0 2972 finished at 349077 total bytes 16000
Flow Roce_54_0 3044 finished at 349242 total bytes 16000
Flow Roce_69_0 2932 finished at 349260 total bytes 16000
Flow Roce_103_0 3256 finished at 349928 total bytes 16000
Flow Roce_114_0 3108 finished at 349984 total bytes 16000
.Flow Roce_115_0 3120 finished at 350692 total bytes 16000
Flow Roce_48_0 2952 finished at 350862 total bytes 16000
Flow Roce_31_0 2960 finished at 350934 total bytes 16000
Flow Roce_24_0 3036 finished at 351718 total bytes 16000
Flow Roce_27_0 3208 finished at 351864 total bytes 16000
Flow Roce_111_0 3040 finished at 352165 total bytes 16000
Flow Roce_118_0 3176 finished at 352274 total bytes 16000
Flow Roce_36_0 2928 finished at 352676 total bytes 16000
Flow Roce_83_0 2984 finished at 353092 total bytes 16000
Flow Roce_56_0 3184 finished at 353733 total bytes 16000
Flow Roce_47_0 2896 finished at 353930 total bytes 16000
Flow Roce_127_0 2764 finished at 353970 total bytes 16000
Flow Roce_38_0 3052 finished at 354210 total bytes 16000
Flow Roce_86_0 2772 finished at 354514 total bytes 16000
Flow Roce_51_0 2780 finished at 354736 total bytes 16000
Flow Roce_74_0 3004 finished at 355920 total bytes 16000
Flow Roce_99_0 3172 finished at 355988 total bytes 16000
Flow Roce_40_0 2840 finished at 356307 total bytes 16000
Flow Roce_28_0 3104 finished at 356726 total bytes 16000
Flow Roce_62_0 2912 finished at 356889 total bytes 16000
Flow Roce_58_0 3228 finished at 357371 total bytes 16000
Flow Roce_57_0 3084 finished at 357470 total bytes 16000
Flow Roce_77_0 2924 finished at 357523 total bytes 16000
Flow Roce_85_0 3016 finished at 357532 total bytes 16000
Flow Roce_126_0 3032 finished at 357537 total bytes 16000
Flow Roce_119_0 3080 finished at 357573 total bytes 16000
Flow Roce_65_0 3020 finished at 358216 total bytes 16000
Flow Roce_30_0 3148 finished at 358410 total bytes 16000
Flow Roce_91_0 3096 finished at 358695 total bytes 16000
Flow Roce_16_0 3240 finished at 358802 total bytes 16000
Flow Roce_87_0 2876 finished at 358861 total bytes 16000
Flow Roce_93_0 3152 finished at 358893 total bytes 16000
Flow Roce_100_0 2860 finished at 359121 total bytes 16000
Flow Roce_88_0 2872 finished at 359295 total bytes 16000
Flow Roce_20_0 2992 finished at 359580 total bytes 16000
Flow Roce_59_0 3056 finished at 359705 total bytes 16000
Flow Roce_102_0 2880 finished at 359782 total bytes 16000
Flow Roce_32_0 2980 finished at 360001 total bytes 16000
Flow Roce_76_0 3144 finished at 360025 total bytes 16000
Flow Roce_104_0 3124 finished at 360150 total bytes 16000
Flow Roce_50_0 3188 finished at 360225 total bytes 16000
Flow Roce_108_0 2852 finished at 360403 total bytes 16000
Flow Roce_120_0 3028 finished at 360421 total bytes 16000
Flow Roce_92_0 3048 finished at 360499 total bytes 16000
Flow Roce_17_0 2832 finished at 360501 total bytes 16000
Flow Roce_94_0 2892 finished at 361045 total bytes 16000
Flow Roce_25_0 2836 finished at 361369 total bytes 16000
Flow Roce_46_0 2788 finished at 361393 total bytes 16000
Flow Roce_35_0 3156 finished at 361869 total bytes 16000
Flow Roce_45_0 3068 finished at 362044 total bytes 16000
Flow Roce_61_0 3224 finished at 362102 total bytes 16000
Flow Roce_21_0 2844 finished at 362175 total bytes 16000
Flow Roce_55_0 3100 finished at 362371 total bytes 16000
Flow Roce_29_0 3088 finished at 362687 total bytes 16000
Flow Roce_71_0 3076 finished at 363446 total bytes 16000
Flow Roce_79_0 3008 finished at 363508 total bytes 16000
Flow Roce_90_0 3164 finished at 363674 total bytes 16000
Flow Roce_106_0 2968 finished at 363715 total bytes 16000
Flow Roce_80_0 2888 finished at 363875 total bytes 16000
Flow Roce_81_0 2856 finished at 364129 total bytes 16000
Flow Roce_33_0 3244 finished at 364167 total bytes 16000
Flow Roce_52_0 2884 finished at 364212 total bytes 16000
Flow Roce_82_0 3060 finished at 364886 total bytes 16000
Flow Roce_39_0 2768 finished at 364957 total bytes 16000
Flow Roce_109_0 3260 finished at 365365 total bytes 16000
Flow Roce_97_0 3072 finished at 365442 total bytes 16000
Flow Roce_37_0 2800 finished at 365489 total bytes 16000
Flow Roce_110_0 2976 finished at 365920 total bytes 16000
Flow Roce_98_0 3252 finished at 366304 total bytes 16000
Flow Roce_107_0 3192 finished at 366356 total bytes 16000
Flow Roce_15_0 2808 finished at 368939 total bytes 16000
Flow Roce_8_0 2828 finished at 370074 total bytes 16000
Flow Roce_14_0 3140 finished at 370224 total bytes 16000
Flow Roce_9_0 3248 finished at 371070 total bytes 16000
Flow Roce_6_0 2920 finished at 371148 total bytes 16000
Flow Roce_7_0 2908 finished at 371299 total bytes 16000
Flow Roce_12_0 2936 finished at 371358 total bytes 16000
Flow Roce_5_0 2784 finished at 371542 total bytes 16000
Flow Roce_13_0 3204 finished at 371713 total bytes 16000
Flow Roce_11_0 2904 finished at 371991 total bytes 16000
Flow Roce_2_0 3112 finished at 372005 total bytes 16000
Flow Roce_10_0 2868 finished at 372115 total bytes 16000
Flow Roce_4_0 3196 finished at 372937 total bytes 16000
Flow Roce_3_0 3128 finished at 372976 total bytes 16000
Flow Roce_1_0 3168 finished at 373000 total bytes 16000
New: 0 Rtx: 0
PFC_PAUSES 273631 PFC_PAUSE_US 1.72729e+07 MAX_QUEUE_BYTES 113792
OVERFLOW_COUNT 0
