....Flow Roce_67_0 3760 finished at 230308 total bytes 16000
Flow Roce_118_0 3964 finished at 231951 total bytes 16000
Flow Roce_95_0 3872 finished at 233888 total bytes 16000
Flow Roce_87_0 3840 finished at 237194 total bytes 16000
Flow Roce_73_0 3784 finished at 237447 total bytes 16000
Flow Roce_125_0 3992 finished at 237491 total bytes 16000
Flow Roce_113_0 3944 finished at 238663 total bytes 16000
Flow Roce_111_0 3936 finished at 238892 total bytes 16000
Flow Roce_119_0 3968 finished at 239055 total bytes 16000
Flow Roce_102_0 3900 finished at 239461 total bytes 16000
Flow Roce_101_0 3896 finished at 240497 total bytes 16000
Flow Roce_66_0 3756 finished at 240647 total bytes 16000
Flow Roce_71_0 3776 finished at 241068 total bytes 16000
Flow Roce_98_0 3884 finished at 241459 total bytes 16000
Flow Roce_93_0 3864 finished at 242098 total bytes 16000
Flow Roce_68_0 3764 finished at 242449 total bytes 16000
Flow Roce_69_0 3768 finished at 242675 total bytes 16000
Flow Roce_82_0 3820 finished at 242989 total bytes 16000
Flow Roce_121_0 3976 finished at 243042 total bytes 16000
Flow Roce_75_0 3792 finished at 243100 total bytes 16000
Flow Roce_109_0 3928 finished at 243135 total bytes 16000
Flow Roce_86_0 3836 finished at 243500 total bytes 16000
Flow Roce_122_0 3980 finished at 243503 total bytes 16000
Flow Roce_88_0 3844 finished at 243679 total bytes 16000
Flow Roce_92_0 3860 finished at 244304 total bytes 16000
Flow Roce_70_0 3772 finished at 244363 total bytes 16000
Flow Roce_84_0 3828 finished at 244505 total bytes 16000
Flow Roce_106_0 3916 finished at 244664 total bytes 16000
Flow Roce_77_0 3800 finished at 244677 total bytes 16000
Flow Roce_96_0 3876 finished at 244804 total bytes 16000
Flow Roce_107_0 3920 finished at 245008 total bytes 16000
Flow Roce_89_0 3848 finished at 245218 total bytes 16000
Flow Roce_64_0 3748 finished at 245332 total bytes 16000
Flow Roce_124_0 3988 finished at 245787 total bytes 16000
Flow Roce_115_0 3952 finished at 245788 total bytes 16000
Flow Roce_127_0 4000 finished at 246047 total bytes 16000
Flow Roce_112_0 3940 finished at 246141 total bytes 16000
Flow Roce_116_0 3956 finished at 246356 total bytes 16000
Flow Roce_117_0 3960 finished at 246475 total bytes 16000
Flow Roce_78_0 3804 finished at 247068 total bytes 16000
Flow Roce_81_0 3816 finished at 247082 total bytes 16000
Flow Roce_103_0 3904 finished at 247825 total bytes 16000
Flow Roce_104_0 3908 finished at 247930 total bytes 16000
Flow Roce_123_0 3984 finished at 248050 total bytes 16000
Flow Roce_114_0 3948 finished at 248560 total bytes 16000
Flow Roce_110_0 3932 finished at 248570 total bytes 16000
Flow Roce_100_0 3892 finished at 248599 total bytes 16000
Flow Roce_91_0 3856 finished at 248821 total bytes 16000
Flow Roce_120_0 3972 finished at 249254 total bytes 16000
Flow Roce_90_0 3852 finished at 249295 total bytes 16000
Flow Roce_99_0 3888 finished at 249532 total bytes 16000
Flow Roce_94_0 3868 finished at 249552 total bytes 16000
Flow Roce_80_0 3812 finished at 249587 total bytes 16000
Flow Roce_126_0 3996 finished at 249630 total bytes 16000
Flow Roce_83_0 3824 finished at 249684 total bytes 16000
Flow Roce_74_0 3788 finished at 249795 total bytes 16000
Flow Roce_72_0 3780 finished at 249869 total bytes 16000
Flow Roce_65_0 3752 finished at 249896 total bytes 16000
Flow Roce_105_0 3912 finished at 249900 total bytes 16000
Flow Roce_85_0 3832 finished at 249943 total bytes 16000
Flow Roce_108_0 3924 finished at 249965 total bytes 16000
Flow Roce_97_0 3880 finished at 249985 total bytes 16000
.Flow Roce_76_0 3796 finished at 250114 total bytes 16000
Flow Roce_79_0 3808 finished at 250168 total bytes 16000
New: 0 Rtx: 0
PFC_PAUSES 52680 PFC_PAUSE_US 1.19725e+06 MAX_QUEUE_BYTES 113792
OVERFLOW_COUNT 0
