Flow Roce_128_507 15692 finished at 13061.9 total bytes 25000
Flow Roce_128_509 15700 finished at 13464.4 total bytes 25000
Flow Roce_128_508 15696 finished at 13466.2 total bytes 25000
Flow Roce_96_412 15184 finished at 29868.1 total bytes 25000
Flow Roce_4_136 13712 finished at 30279.6 total bytes 25000
Flow Roce_4_137 13716 finished at 30665.9 total bytes 25000
Flow Roce_5_140 13732 finished at 37955.1 total bytes 25000
Flow Roce_6_142 13744 finished at 38203.8 total bytes 25000
Flow Roce_6_143 13748 finished at 38761 total bytes 25000
Flow Roce_7_145 13760 finished at 38977.4 total bytes 25000
Flow Roce_7_144 13756 finished at 40262.3 total bytes 25000
Flow Roce_103_432 15292 finished at 41139.7 total bytes 25000
Flow Roce_98_419 15220 finished at 41337.6 total bytes 25000
Flow Roce_100_425 15252 finished at 42078 total bytes 25000
Flow Roce_102_429 15276 finished at 42387.1 total bytes 25000
.Flow Roce_6_141 13740 finished at 52857.9 total bytes 25000
Flow Roce_7_146 13764 finished at 52893.9 total bytes 25000
Flow Roce_45_260 14372 finished at 53442 total bytes 25000
Flow Roce_44_257 14356 finished at 54046.9 total bytes 25000
Flow Roce_4_135 13708 finished at 54701.2 total bytes 25000
Flow Roce_5_138 13724 finished at 55527.1 total bytes 25000
Flow Roce_41_246 14300 finished at 55529.9 total bytes 25000
Flow Roce_3_132 13692 finished at 57937.2 total bytes 25000
Flow Roce_3_134 13700 finished at 58326.6 total bytes 25000
Flow Roce_5_139 13728 finished at 58850.5 total bytes 25000
Flow Roce_2_129 13676 finished at 59117.3 total bytes 25000
Flow Roce_3_133 13696 finished at 59387.1 total bytes 25000
Flow Roce_2_131 13684 finished at 59417.3 total bytes 25000
Flow Roce_2_130 13680 finished at 59599.5 total bytes 25000
Flow Roce_47_266 14404 finished at 60804.7 total bytes 25000
Flow Roce_46_261 14380 finished at 62099.6 total bytes 25000
Flow Roce_95_409 15168 finished at 62262 total bytes 25000
Flow Roce_63_312 14652 finished at 63307.2 total bytes 25000
Flow Roce_68_327 14732 finished at 63349.1 total bytes 25000
Flow Roce_45_258 14364 finished at 64285.7 total bytes 25000
Flow Roce_42_250 14320 finished at 64540.3 total bytes 25000
Flow Roce_42_251 14324 finished at 64700.1 total bytes 25000
Flow Roce_65_319 14688 finished at 64742.5 total bytes 25000
Flow Roce_70_333 14764 finished at 64871.6 total bytes 25000
Flow Roce_60_303 14604 finished at 67308.7 total bytes 25000
Flow Roce_61_308 14628 finished at 69153.7 total bytes 25000
Flow Roce_63_314 14660 finished at 70086.7 total bytes 25000
Flow Roce_58_297 14572 finished at 71218 total bytes 25000
Flow Roce_56_293 14548 finished at 72761.8 total bytes 25000
Flow Roce_56_291 14540 finished at 73123.1 total bytes 25000
Flow Roce_63_313 14656 finished at 73525.9 total bytes 25000
Flow Roce_56_292 14544 finished at 73964.6 total bytes 25000
Flow Roce_62_310 14640 finished at 74192.5 total bytes 25000
Flow Roce_62_309 14636 finished at 74601.9 total bytes 25000
Flow Roce_60_304 14608 finished at 75247.2 total bytes 25000
Flow Roce_29_211 14112 finished at 75546 total bytes 25000
Flow Roce_52_280 14480 finished at 75596 total bytes 25000
Flow Roce_34_225 14188 finished at 76903.1 total bytes 25000
Flow Roce_66_323 14708 finished at 76963 total bytes 25000
Flow Roce_75_349 14848 finished at 77211.4 total bytes 25000
Flow Roce_12_160 13840 finished at 77366.8 total bytes 25000
Flow Roce_48_267 14412 finished at 77826.9 total bytes 25000
Flow Roce_13_162 13852 finished at 78632.2 total bytes 25000
Flow Roce_36_231 14220 finished at 80435.1 total bytes 25000
Flow Roce_51_278 14468 finished at 80587.3 total bytes 25000
Flow Roce_93_403 15136 finished at 80660.3 total bytes 25000
Flow Roce_116_473 15508 finished at 81319.8 total bytes 25000
Flow Roce_25_199 14048 finished at 81411.1 total bytes 25000
Flow Roce_12_159 13836 finished at 81571.6 total bytes 25000
Flow Roce_9_151 13792 finished at 82447.8 total bytes 25000
Flow Roce_114_466 15472 finished at 82605.6 total bytes 25000
Flow Roce_92_399 15116 finished at 82751.1 total bytes 25000
Flow Roce_32_221 14164 finished at 82899.1 total bytes 25000
Flow Roce_54_285 14508 finished at 83657.9 total bytes 25000
Flow Roce_51_277 14464 finished at 83768.7 total bytes 25000
Flow Roce_24_197 14036 finished at 83775.7 total bytes 25000
Flow Roce_33_224 14180 finished at 84119.5 total bytes 25000
Flow Roce_55_288 14524 finished at 84563.2 total bytes 25000
Flow Roce_38_239 14260 finished at 84563.6 total bytes 25000
Flow Roce_53_282 14492 finished at 84737.4 total bytes 25000
Flow Roce_76_352 14864 finished at 85106.8 total bytes 25000
Flow Roce_33_222 14172 finished at 85821.9 total bytes 25000
Flow Roce_79_360 14908 finished at 85832.3 total bytes 25000
Flow Roce_64_317 14676 finished at 85884.8 total bytes 25000
Flow Roce_38_237 14252 finished at 86006.3 total bytes 25000
Flow Roce_25_200 14052 finished at 86095.1 total bytes 25000
Flow Roce_9_150 13788 finished at 86180.6 total bytes 25000
Flow Roce_9_152 13796 finished at 86326.6 total bytes 25000
Flow Roce_14_166 13872 finished at 86428.1 total bytes 25000
Flow Roce_29_210 14108 finished at 86518.7 total bytes 25000
Flow Roce_37_236 14244 finished at 86703.3 total bytes 25000
Flow Roce_31_216 14140 finished at 86834.9 total bytes 25000
Flow Roce_39_241 14272 finished at 87576.2 total bytes 25000
Flow Roce_70_335 14772 finished at 87884.6 total bytes 25000
Flow Roce_8_148 13776 finished at 87923.4 total bytes 25000
Flow Roce_90_395 15092 finished at 88139.6 total bytes 25000
Flow Roce_18_177 13932 finished at 88478 total bytes 25000
Flow Roce_16_173 13908 finished at 88556.8 total bytes 25000
Flow Roce_37_234 14236 finished at 89145.8 total bytes 25000
Flow Roce_34_227 14196 finished at 89163.8 total bytes 25000
Flow Roce_13_164 13860 finished at 89189.6 total bytes 25000
Flow Roce_94_406 15152 finished at 89245.6 total bytes 25000
Flow Roce_36_232 14224 finished at 89462.6 total bytes 25000
Flow Roce_104_436 15312 finished at 89885.7 total bytes 25000
Flow Roce_52_281 14484 finished at 89977.5 total bytes 25000
Flow Roce_49_272 14436 finished at 90529.3 total bytes 25000
Flow Roce_18_178 13936 finished at 91145 total bytes 25000
Flow Roce_50_274 14448 finished at 91202.6 total bytes 25000
Flow Roce_27_205 14080 finished at 91637.5 total bytes 25000
Flow Roce_14_167 13876 finished at 91996.2 total bytes 25000
Flow Roce_19_181 13952 finished at 92459.1 total bytes 25000
Flow Roce_52_279 14476 finished at 92690.9 total bytes 25000
Flow Roce_55_289 14528 finished at 92894.7 total bytes 25000
Flow Roce_31_217 14144 finished at 93153 total bytes 25000
Flow Roce_12_161 13844 finished at 93391.9 total bytes 25000
Flow Roce_49_271 14432 finished at 93533.8 total bytes 25000
Flow Roce_8_147 13772 finished at 93909.6 total bytes 25000
Flow Roce_30_214 14128 finished at 94512.1 total bytes 25000
Flow Roce_13_163 13856 finished at 94902.9 total bytes 25000
Flow Roce_124_495 15628 finished at 95512.1 total bytes 25000
Flow Roce_30_215 14132 finished at 95970.5 total bytes 25000
Flow Roce_127_504 15676 finished at 97700.4 total bytes 25000
Flow Roce_22_189 13996 finished at 97774.1 total bytes 25000
Flow Roce_26_203 14068 finished at 98046 total bytes 25000
Flow Roce_109_450 15388 finished at 98221.9 total bytes 25000
Flow Roce_18_179 13940 finished at 98303.9 total bytes 25000
Flow Roce_23_194 14020 finished at 98743.1 total bytes 25000
Flow Roce_22_191 14004 finished at 98858.1 total bytes 25000
Flow Roce_68_329 14740 finished at 99822.4 total bytes 25000
.Flow Roce_111_458 15428 finished at 100574 total bytes 25000
Flow Roce_110_454 15408 finished at 101303 total bytes 25000
Flow Roce_115_468 15484 finished at 101857 total bytes 25000
Flow Roce_16_172 13904 finished at 102316 total bytes 25000
Flow Roce_106_442 15344 finished at 102567 total bytes 25000
Flow Roce_79_361 14912 finished at 102631 total bytes 25000
Flow Roce_17_175 13920 finished at 102797 total bytes 25000
Flow Roce_23_192 14012 finished at 104111 total bytes 25000
Flow Roce_105_439 15328 finished at 104313 total bytes 25000
Flow Roce_73_344 14820 finished at 105696 total bytes 25000
Flow Roce_78_359 14900 finished at 106232 total bytes 25000
Flow Roce_23_193 14016 finished at 107128 total bytes 25000
Flow Roce_79_362 14916 finished at 107257 total bytes 25000
Flow Roce_21_187 13984 finished at 107538 total bytes 25000
Flow Roce_67_324 14716 finished at 108224 total bytes 25000
Flow Roce_16_171 13900 finished at 108371 total bytes 25000
Flow Roce_83_372 14972 finished at 113218 total bytes 25000
Flow Roce_90_394 15088 finished at 113298 total bytes 25000
Flow Roce_94_407 15156 finished at 113816 total bytes 25000
Flow Roce_22_190 14000 finished at 114359 total bytes 25000
Flow Roce_86_382 15024 finished at 117117 total bytes 25000
Flow Roce_75_350 14852 finished at 117735 total bytes 25000
Flow Roce_31_218 14148 finished at 119158 total bytes 25000
Flow Roce_19_180 13948 finished at 120136 total bytes 25000
Flow Roce_123_494 15620 finished at 121195 total bytes 25000
Flow Roce_112_460 15440 finished at 121231 total bytes 25000
Flow Roce_85_378 15004 finished at 123014 total bytes 25000
Flow Roce_28_209 14100 finished at 123079 total bytes 25000
Flow Roce_21_186 13980 finished at 123088 total bytes 25000
Flow Roce_111_456 15420 finished at 123940 total bytes 25000
Flow Roce_27_206 14084 finished at 123947 total bytes 25000
Flow Roce_89_391 15072 finished at 124433 total bytes 25000
Flow Roce_26_202 14064 finished at 124658 total bytes 25000
Flow Roce_27_204 14076 finished at 125395 total bytes 25000
Flow Roce_82_370 14960 finished at 125526 total bytes 25000
Flow Roce_125_500 15652 finished at 125947 total bytes 25000
Flow Roce_55_290 14532 finished at 126006 total bytes 25000
Flow Roce_17_174 13916 finished at 126026 total bytes 25000
Flow Roce_80_365 14932 finished at 126411 total bytes 25000
Flow Roce_24_195 14028 finished at 127202 total bytes 25000
Flow Roce_25_198 14044 finished at 127353 total bytes 25000
Flow Roce_24_196 14032 finished at 127576 total bytes 25000
Flow Roce_28_208 14096 finished at 127703 total bytes 25000
Flow Roce_29_212 14116 finished at 128126 total bytes 25000
Flow Roce_26_201 14060 finished at 128269 total bytes 25000
Flow Roce_28_207 14092 finished at 128639 total bytes 25000
Flow Roce_51_276 14460 finished at 129053 total bytes 25000
Flow Roce_80_363 14924 finished at 129995 total bytes 25000
Flow Roce_20_183 13964 finished at 130178 total bytes 25000
Flow Roce_30_213 14124 finished at 130796 total bytes 25000
Flow Roce_106_441 15340 finished at 130865 total bytes 25000
Flow Roce_20_185 13972 finished at 130917 total bytes 25000
Flow Roce_115_470 15492 finished at 130981 total bytes 25000
Flow Roce_104_435 15308 finished at 131162 total bytes 25000
Flow Roce_104_437 15316 finished at 132641 total bytes 25000
Flow Roce_126_502 15664 finished at 132702 total bytes 25000
Flow Roce_120_484 15568 finished at 134440 total bytes 25000
Flow Roce_114_467 15476 finished at 134607 total bytes 25000
Flow Roce_124_497 15636 finished at 134738 total bytes 25000
Flow Roce_37_235 14240 finished at 135179 total bytes 25000
Flow Roce_54_286 14512 finished at 135271 total bytes 25000
Flow Roce_10_154 13808 finished at 135501 total bytes 25000
Flow Roce_114_465 15468 finished at 135603 total bytes 25000
Flow Roce_81_368 14948 finished at 136566 total bytes 25000
Flow Roce_20_184 13968 finished at 136770 total bytes 25000
Flow Roce_85_380 15012 finished at 137191 total bytes 25000
Flow Roce_120_483 15564 finished at 137319 total bytes 25000
Flow Roce_122_489 15596 finished at 137443 total bytes 25000
Flow Roce_50_275 14452 finished at 137780 total bytes 25000
Flow Roce_32_220 14160 finished at 137798 total bytes 25000
Flow Roce_122_491 15604 finished at 138351 total bytes 25000
Flow Roce_126_501 15660 finished at 138416 total bytes 25000
Flow Roce_123_492 15612 finished at 138423 total bytes 25000
Flow Roce_74_346 14832 finished at 138910 total bytes 25000
Flow Roce_122_490 15600 finished at 139398 total bytes 25000
Flow Roce_77_354 14876 finished at 139839 total bytes 25000
Flow Roce_48_269 14420 finished at 140139 total bytes 25000
Flow Roce_49_270 14428 finished at 140220 total bytes 25000
Flow Roce_17_176 13924 finished at 140559 total bytes 25000
Flow Roce_15_169 13888 finished at 141010 total bytes 25000
Flow Roce_21_188 13988 finished at 141419 total bytes 25000
Flow Roce_15_168 13884 finished at 141514 total bytes 25000
Flow Roce_120_485 15572 finished at 141527 total bytes 25000
Flow Roce_108_448 15376 finished at 141536 total bytes 25000
Flow Roce_38_238 14256 finished at 141538 total bytes 25000
Flow Roce_107_444 15356 finished at 142073 total bytes 25000
Flow Roce_124_496 15632 finished at 142556 total bytes 25000
Flow Roce_125_499 15648 finished at 143458 total bytes 25000
Flow Roce_19_182 13956 finished at 144014 total bytes 25000
Flow Roce_126_503 15668 finished at 144038 total bytes 25000
Flow Roce_34_226 14192 finished at 144537 total bytes 25000
Flow Roce_108_449 15380 finished at 144849 total bytes 25000
Flow Roce_54_287 14516 finished at 144880 total bytes 25000
Flow Roce_121_488 15588 finished at 145727 total bytes 25000
Flow Roce_127_505 15680 finished at 145784 total bytes 25000
Flow Roce_92_400 15120 finished at 145934 total bytes 25000
Flow Roce_125_498 15644 finished at 146063 total bytes 25000
Flow Roce_39_242 14276 finished at 146338 total bytes 25000
Flow Roce_35_228 14204 finished at 146397 total bytes 25000
Flow Roce_121_486 15580 finished at 147214 total bytes 25000
Flow Roce_48_268 14416 finished at 148037 total bytes 25000
Flow Roce_84_376 14992 finished at 148176 total bytes 25000
Flow Roce_11_156 13820 finished at 148727 total bytes 25000
Flow Roce_14_165 13868 finished at 148848 total bytes 25000
Flow Roce_11_157 13824 finished at 149029 total bytes 25000
Flow Roce_8_149 13780 finished at 149065 total bytes 25000
Flow Roce_39_240 14268 finished at 149189 total bytes 25000
Flow Roce_94_405 15148 finished at 149204 total bytes 25000
Flow Roce_10_155 13812 finished at 149279 total bytes 25000
Flow Roce_95_408 15164 finished at 149333 total bytes 25000
.Flow Roce_111_457 15424 finished at 150384 total bytes 25000
Flow Roce_53_284 14500 finished at 150712 total bytes 25000
Flow Roce_50_273 14444 finished at 150803 total bytes 25000
Flow Roce_83_374 14980 finished at 150849 total bytes 25000
Flow Roce_53_283 14496 finished at 150927 total bytes 25000
Flow Roce_35_229 14208 finished at 150997 total bytes 25000
Flow Roce_10_153 13804 finished at 151069 total bytes 25000
Flow Roce_62_311 14644 finished at 151109 total bytes 25000
Flow Roce_105_440 15332 finished at 151305 total bytes 25000
Flow Roce_109_451 15392 finished at 151755 total bytes 25000
Flow Roce_35_230 14212 finished at 151991 total bytes 25000
Flow Roce_88_388 15056 finished at 152102 total bytes 25000
Flow Roce_108_447 15372 finished at 152142 total bytes 25000
Flow Roce_33_223 14176 finished at 153280 total bytes 25000
Flow Roce_15_170 13892 finished at 153428 total bytes 25000
Flow Roce_113_464 15460 finished at 153951 total bytes 25000
Flow Roce_11_158 13828 finished at 154741 total bytes 25000
Flow Roce_61_307 14624 finished at 155320 total bytes 25000
Flow Roce_110_453 15404 finished at 155590 total bytes 25000
Flow Roce_105_438 15324 finished at 155695 total bytes 25000
Flow Roce_36_233 14228 finished at 155742 total bytes 25000
Flow Roce_119_482 15556 finished at 156265 total bytes 25000
Flow Roce_60_305 14612 finished at 156358 total bytes 25000
Flow Roce_32_219 14156 finished at 156377 total bytes 25000
Flow Roce_57_294 14556 finished at 157104 total bytes 25000
Flow Roce_127_506 15684 finished at 157397 total bytes 25000
Flow Roce_58_299 14580 finished at 157476 total bytes 25000
Flow Roce_59_300 14588 finished at 158780 total bytes 25000
Flow Roce_76_353 14868 finished at 159299 total bytes 25000
Flow Roce_121_487 15584 finished at 159712 total bytes 25000
Flow Roce_110_455 15412 finished at 159872 total bytes 25000
Flow Roce_123_493 15616 finished at 159964 total bytes 25000
Flow Roce_107_446 15364 finished at 160530 total bytes 25000
Flow Roce_59_301 14592 finished at 160779 total bytes 25000
Flow Roce_73_342 14812 finished at 160953 total bytes 25000
Flow Roce_106_443 15348 finished at 160972 total bytes 25000
Flow Roce_81_366 14940 finished at 161436 total bytes 25000
Flow Roce_77_355 14880 finished at 161957 total bytes 25000
Flow Roce_109_452 15396 finished at 162178 total bytes 25000
Flow Roce_74_345 14828 finished at 162542 total bytes 25000
Flow Roce_107_445 15360 finished at 162611 total bytes 25000
Flow Roce_46_262 14384 finished at 163702 total bytes 25000
Flow Roce_78_357 14892 finished at 163751 total bytes 25000
Flow Roce_78_358 14896 finished at 164014 total bytes 25000
Flow Roce_76_351 14860 finished at 164073 total bytes 25000
Flow Roce_58_298 14576 finished at 164170 total bytes 25000
Flow Roce_57_295 14560 finished at 164172 total bytes 25000
Flow Roce_59_302 14596 finished at 164287 total bytes 25000
Flow Roce_57_296 14564 finished at 164373 total bytes 25000
Flow Roce_45_259 14368 finished at 164506 total bytes 25000
Flow Roce_87_384 15036 finished at 165071 total bytes 25000
Flow Roce_43_252 14332 finished at 165424 total bytes 25000
Flow Roce_77_356 14884 finished at 166494 total bytes 25000
Flow Roce_40_243 14284 finished at 166924 total bytes 25000
Flow Roce_89_392 15076 finished at 167645 total bytes 25000
Flow Roce_44_255 14348 finished at 168110 total bytes 25000
Flow Roce_47_264 14396 finished at 169736 total bytes 25000
Flow Roce_61_306 14620 finished at 170375 total bytes 25000
Flow Roce_95_410 15172 finished at 171426 total bytes 25000
Flow Roce_91_397 15104 finished at 171667 total bytes 25000
Flow Roce_75_348 14844 finished at 172089 total bytes 25000
Flow Roce_41_248 14308 finished at 172327 total bytes 25000
Flow Roce_91_398 15108 finished at 172584 total bytes 25000
Flow Roce_42_249 14316 finished at 172890 total bytes 25000
Flow Roce_92_401 15124 finished at 172912 total bytes 25000
Flow Roce_41_247 14304 finished at 172917 total bytes 25000
Flow Roce_93_404 15140 finished at 172943 total bytes 25000
Flow Roce_88_387 15052 finished at 173062 total bytes 25000
Flow Roce_93_402 15132 finished at 173643 total bytes 25000
Flow Roce_43_253 14336 finished at 173723 total bytes 25000
Flow Roce_40_245 14292 finished at 173868 total bytes 25000
Flow Roce_72_339 14796 finished at 173974 total bytes 25000
Flow Roce_44_256 14352 finished at 174154 total bytes 25000
Flow Roce_40_244 14288 finished at 174298 total bytes 25000
Flow Roce_88_389 15060 finished at 174311 total bytes 25000
Flow Roce_91_396 15100 finished at 174498 total bytes 25000
Flow Roce_47_265 14400 finished at 174636 total bytes 25000
Flow Roce_74_347 14836 finished at 175203 total bytes 25000
Flow Roce_72_341 14804 finished at 175237 total bytes 25000
Flow Roce_90_393 15084 finished at 175864 total bytes 25000
Flow Roce_73_343 14816 finished at 176077 total bytes 25000
Flow Roce_83_373 14976 finished at 177432 total bytes 25000
Flow Roce_43_254 14340 finished at 177831 total bytes 25000
Flow Roce_46_263 14388 finished at 178325 total bytes 25000
Flow Roce_72_340 14800 finished at 180259 total bytes 25000
Flow Roce_80_364 14928 finished at 181032 total bytes 25000
Flow Roce_89_390 15068 finished at 181232 total bytes 25000
Flow Roce_84_377 14996 finished at 182458 total bytes 25000
Flow Roce_87_385 15040 finished at 184058 total bytes 25000
Flow Roce_82_369 14956 finished at 189753 total bytes 25000
Flow Roce_71_338 14788 finished at 198176 total bytes 25000
Flow Roce_85_379 15008 finished at 199061 total bytes 25000
.Flow Roce_65_318 14684 finished at 200734 total bytes 25000
Flow Roce_87_386 15044 finished at 201730 total bytes 25000
Flow Roce_70_334 14768 finished at 202357 total bytes 25000
Flow Roce_86_381 15020 finished at 202589 total bytes 25000
Flow Roce_84_375 14988 finished at 203467 total bytes 25000
Flow Roce_82_371 14964 finished at 203523 total bytes 25000
Flow Roce_81_367 14944 finished at 203605 total bytes 25000
Flow Roce_86_383 15028 finished at 203710 total bytes 25000
Flow Roce_68_328 14736 finished at 203861 total bytes 25000
Flow Roce_66_322 14704 finished at 204965 total bytes 25000
Flow Roce_69_331 14752 finished at 205403 total bytes 25000
Flow Roce_69_330 14748 finished at 205585 total bytes 25000
Flow Roce_117_476 15524 finished at 206276 total bytes 25000
Flow Roce_71_337 14784 finished at 206781 total bytes 25000
Flow Roce_64_316 14672 finished at 207274 total bytes 25000
Flow Roce_65_320 14692 finished at 208152 total bytes 25000
Flow Roce_115_469 15488 finished at 208244 total bytes 25000
Flow Roce_116_472 15504 finished at 208822 total bytes 25000
Flow Roce_119_480 15548 finished at 209042 total bytes 25000
Flow Roce_69_332 14756 finished at 211726 total bytes 25000
Flow Roce_118_479 15540 finished at 213736 total bytes 25000
Flow Roce_118_477 15532 finished at 217838 total bytes 25000
Flow Roce_113_462 15452 finished at 218007 total bytes 25000
Flow Roce_119_481 15552 finished at 221559 total bytes 25000
Flow Roce_67_325 14720 finished at 226435 total bytes 25000
Flow Roce_118_478 15536 finished at 226835 total bytes 25000
Flow Roce_116_471 15500 finished at 229323 total bytes 25000
Flow Roce_71_336 14780 finished at 231987 total bytes 25000
Flow Roce_67_326 14724 finished at 232058 total bytes 25000
Flow Roce_113_463 15456 finished at 233072 total bytes 25000
Flow Roce_117_474 15516 finished at 234103 total bytes 25000
Flow Roce_112_459 15436 finished at 234897 total bytes 25000
Flow Roce_66_321 14700 finished at 234954 total bytes 25000
Flow Roce_64_315 14668 finished at 236220 total bytes 25000
Flow Roce_117_475 15520 finished at 236687 total bytes 25000
Flow Roce_112_461 15444 finished at 236802 total bytes 25000
Flow Roce_97_415 15200 finished at 238989 total bytes 25000
Flow Roce_102_431 15284 finished at 239781 total bytes 25000
Flow Roce_101_428 15268 finished at 240341 total bytes 25000
Flow Roce_102_430 15280 finished at 240779 total bytes 25000
Flow Roce_97_416 15204 finished at 242321 total bytes 25000
Flow Roce_103_434 15300 finished at 245971 total bytes 25000
.Flow Roce_98_417 15212 finished at 252208 total bytes 25000
Flow Roce_96_411 15180 finished at 252678 total bytes 25000
Flow Roce_99_422 15236 finished at 256802 total bytes 25000
Flow Roce_101_427 15264 finished at 257794 total bytes 25000
Flow Roce_96_413 15188 finished at 258804 total bytes 25000
Flow Roce_103_433 15296 finished at 261108 total bytes 25000
Flow Roce_97_414 15196 finished at 261236 total bytes 25000
Flow Roce_100_423 15244 finished at 262281 total bytes 25000
Flow Roce_100_424 15248 finished at 263276 total bytes 25000
Flow Roce_101_426 15260 finished at 264041 total bytes 25000
Flow Roce_99_421 15232 finished at 264450 total bytes 25000
Flow Roce_99_420 15228 finished at 264573 total bytes 25000
Flow Roce_98_418 15216 finished at 264658 total bytes 25000
....Flow Roce_128_0 15688 finished at 480243 total bytes 25000
.Flow Roce_114_0 15464 finished at 536754 total bytes 25000
Flow Roce_91_0 15096 finished at 547646 total bytes 25000
|Flow Roce_98_0 15208 finished at 550521 total bytes 25000
Flow Roce_99_0 15224 finished at 551313 total bytes 25000
Flow Roce_70_0 14760 finished at 553531 total bytes 25000
Flow Roce_79_0 14904 finished at 556378 total bytes 25000
Flow Roce_104_0 15304 finished at 559868 total bytes 25000
Flow Roce_101_0 15256 finished at 561010 total bytes 25000
Flow Roce_115_0 15480 finished at 561027 total bytes 25000
Flow Roce_113_0 15448 finished at 561531 total bytes 25000
Flow Roce_121_0 15576 finished at 564214 total bytes 25000
Flow Roce_73_0 14808 finished at 567408 total bytes 25000
Flow Roce_106_0 15336 finished at 570536 total bytes 25000
Flow Roce_93_0 15128 finished at 571861 total bytes 25000
Flow Roce_95_0 15160 finished at 574574 total bytes 25000
Flow Roce_111_0 15416 finished at 574651 total bytes 25000
Flow Roce_122_0 15592 finished at 575208 total bytes 25000
Flow Roce_96_0 15176 finished at 575872 total bytes 25000
Flow Roce_124_0 15624 finished at 578568 total bytes 25000
Flow Roce_123_0 15608 finished at 578915 total bytes 25000
Flow Roce_72_0 14792 finished at 579120 total bytes 25000
Flow Roce_94_0 15144 finished at 579230 total bytes 25000
Flow Roce_80_0 14920 finished at 580112 total bytes 25000
Flow Roce_102_0 15272 finished at 580120 total bytes 25000
Flow Roce_65_0 14680 finished at 580121 total bytes 25000
Flow Roce_64_0 14664 finished at 580845 total bytes 25000
Flow Roce_117_0 15512 finished at 580906 total bytes 25000
Flow Roce_78_0 14888 finished at 581441 total bytes 25000
Flow Roce_126_0 15656 finished at 581722 total bytes 25000
Flow Roce_100_0 15240 finished at 582838 total bytes 25000
Flow Roce_83_0 14968 finished at 583856 total bytes 25000
Flow Roce_120_0 15560 finished at 585967 total bytes 25000
Flow Roce_108_0 15368 finished at 586433 total bytes 25000
Flow Roce_97_0 15192 finished at 586780 total bytes 25000
Flow Roce_76_0 14856 finished at 586827 total bytes 25000
Flow Roce_56_0 14536 finished at 588414 total bytes 25000
Flow Roce_6_0 13736 finished at 588819 total bytes 25000
Flow Roce_77_0 14872 finished at 589153 total bytes 25000
Flow Roce_75_0 14840 finished at 590260 total bytes 25000
Flow Roce_85_0 15000 finished at 591604 total bytes 25000
Flow Roce_87_0 15032 finished at 592263 total bytes 25000
Flow Roce_18_0 13928 finished at 592397 total bytes 25000
Flow Roce_92_0 15112 finished at 592681 total bytes 25000
Flow Roce_127_0 15672 finished at 592809 total bytes 25000
Flow Roce_71_0 14776 finished at 593364 total bytes 25000
Flow Roce_116_0 15496 finished at 596049 total bytes 25000
Flow Roce_90_0 15080 finished at 596424 total bytes 25000
Flow Roce_67_0 14712 finished at 597093 total bytes 25000
Flow Roce_1_0 13668 finished at 597252 total bytes 25000
Flow Roce_105_0 15320 finished at 597705 total bytes 25000
Flow Roce_24_0 14024 finished at 597775 total bytes 25000
Flow Roce_7_0 13752 finished at 598604 total bytes 25000
Flow Roce_37_0 14232 finished at 599535 total bytes 25000
Flow Roce_119_0 15544 finished at 599597 total bytes 25000
Flow Roce_84_0 14984 finished at 599696 total bytes 25000
Flow Roce_3_0 13688 finished at 599701 total bytes 25000
Flow Roce_86_0 15016 finished at 599761 total bytes 25000
.Flow Roce_110_0 15400 finished at 600436 total bytes 25000
Flow Roce_2_0 13672 finished at 600952 total bytes 25000
Flow Roce_88_0 15048 finished at 601592 total bytes 25000
Flow Roce_9_0 13784 finished at 602108 total bytes 25000
Flow Roce_68_0 14728 finished at 602526 total bytes 25000
Flow Roce_27_0 14072 finished at 602712 total bytes 25000
Flow Roce_63_0 14648 finished at 603486 total bytes 25000
Flow Roce_26_0 14056 finished at 604323 total bytes 25000
Flow Roce_42_0 14312 finished at 604431 total bytes 25000
Flow Roce_66_0 14696 finished at 605665 total bytes 25000
Flow Roce_5_0 13720 finished at 605969 total bytes 25000
Flow Roce_48_0 14408 finished at 606017 total bytes 25000
Flow Roce_125_0 15640 finished at 606241 total bytes 25000
Flow Roce_107_0 15352 finished at 606432 total bytes 25000
Flow Roce_19_0 13944 finished at 606655 total bytes 25000
Flow Roce_4_0 13704 finished at 606812 total bytes 25000
Flow Roce_55_0 14520 finished at 606982 total bytes 25000
Flow Roce_103_0 15288 finished at 607013 total bytes 25000
Flow Roce_16_0 13896 finished at 607507 total bytes 25000
Flow Roce_118_0 15528 finished at 607592 total bytes 25000
Flow Roce_46_0 14376 finished at 608109 total bytes 25000
Flow Roce_54_0 14504 finished at 608378 total bytes 25000
Flow Roce_74_0 14824 finished at 608776 total bytes 25000
Flow Roce_8_0 13768 finished at 609986 total bytes 25000
Flow Roce_43_0 14328 finished at 610640 total bytes 25000
Flow Roce_60_0 14600 finished at 610874 total bytes 25000
Flow Roce_82_0 14952 finished at 611129 total bytes 25000
Flow Roce_39_0 14264 finished at 611570 total bytes 25000
Flow Roce_89_0 15064 finished at 611631 total bytes 25000
Flow Roce_12_0 13832 finished at 612464 total bytes 25000
Flow Roce_52_0 14472 finished at 613129 total bytes 25000
Flow Roce_11_0 13816 finished at 613381 total bytes 25000
Flow Roce_112_0 15432 finished at 613412 total bytes 25000
Flow Roce_23_0 14008 finished at 614196 total bytes 25000
Flow Roce_32_0 14152 finished at 614413 total bytes 25000
Flow Roce_13_0 13848 finished at 614845 total bytes 25000
Flow Roce_69_0 14744 finished at 615025 total bytes 25000
Flow Roce_59_0 14584 finished at 615535 total bytes 25000
Flow Roce_81_0 14936 finished at 615648 total bytes 25000
Flow Roce_25_0 14040 finished at 615771 total bytes 25000
Flow Roce_31_0 14136 finished at 616830 total bytes 25000
Flow Roce_58_0 14568 finished at 616839 total bytes 25000
Flow Roce_33_0 14168 finished at 617465 total bytes 25000
Flow Roce_109_0 15384 finished at 618294 total bytes 25000
Flow Roce_30_0 14120 finished at 618442 total bytes 25000
Flow Roce_61_0 14616 finished at 619253 total bytes 25000
Flow Roce_57_0 14552 finished at 619767 total bytes 25000
Flow Roce_29_0 14104 finished at 620549 total bytes 25000
Flow Roce_34_0 14184 finished at 621038 total bytes 25000
Flow Roce_62_0 14632 finished at 621885 total bytes 25000
Flow Roce_41_0 14296 finished at 621895 total bytes 25000
Flow Roce_14_0 13864 finished at 621940 total bytes 25000
Flow Roce_50_0 14440 finished at 622022 total bytes 25000
Flow Roce_49_0 14424 finished at 622039 total bytes 25000
Flow Roce_38_0 14248 finished at 622170 total bytes 25000
Flow Roce_44_0 14344 finished at 622300 total bytes 25000
Flow Roce_20_0 13960 finished at 622341 total bytes 25000
Flow Roce_40_0 14280 finished at 622486 total bytes 25000
Flow Roce_28_0 14088 finished at 622552 total bytes 25000
Flow Roce_21_0 13976 finished at 622785 total bytes 25000
Flow Roce_45_0 14360 finished at 622905 total bytes 25000
Flow Roce_53_0 14488 finished at 622908 total bytes 25000
Flow Roce_35_0 14200 finished at 622923 total bytes 25000
Flow Roce_47_0 14392 finished at 622956 total bytes 25000
Flow Roce_36_0 14216 finished at 623056 total bytes 25000
Flow Roce_15_0 13880 finished at 623257 total bytes 25000
Flow Roce_22_0 13992 finished at 623284 total bytes 25000
Flow Roce_10_0 13800 finished at 623337 total bytes 25000
Flow Roce_17_0 13912 finished at 623424 total bytes 25000
Flow Roce_51_0 14456 finished at 623470 total bytes 25000
New: 0 Rtx: 0
PFC_PAUSES 391795 PFC_PAUSE_US 1.37638e+07 MAX_QUEUE_BYTES 117248
OVERFLOW_COUNT 0
