Flow Roce_128_507 15692 finished at 8634.38 total bytes 16000
Flow Roce_128_508 15696 finished at 9036.72 total bytes 16000
Flow Roce_128_509 15700 finished at 9036.88 total bytes 16000
Flow Roce_96_412 15184 finished at 17636.6 total bytes 16000
Flow Roce_4_137 13716 finished at 19700.4 total bytes 16000
Flow Roce_4_136 13712 finished at 20588.4 total bytes 16000
Flow Roce_7_144 13756 finished at 25403.3 total bytes 16000
Flow Roce_6_142 13744 finished at 25933.3 total bytes 16000
Flow Roce_5_140 13732 finished at 25994.6 total bytes 16000
Flow Roce_6_143 13748 finished at 26007.1 total bytes 16000
Flow Roce_98_419 15220 finished at 26166.9 total bytes 16000
Flow Roce_7_145 13760 finished at 26211.4 total bytes 16000
Flow Roce_103_432 15292 finished at 26821.4 total bytes 16000
Flow Roce_102_429 15276 finished at 26866.1 total bytes 16000
Flow Roce_100_425 15252 finished at 27292.6 total bytes 16000
Flow Roce_7_146 13764 finished at 33518 total bytes 16000
Flow Roce_4_135 13708 finished at 34666.3 total bytes 16000
Flow Roce_45_260 14372 finished at 35909.9 total bytes 16000
Flow Roce_41_246 14300 finished at 37140 total bytes 16000
Flow Roce_2_129 13676 finished at 37538.9 total bytes 16000
Flow Roce_5_138 13724 finished at 37788.8 total bytes 16000
Flow Roce_6_141 13740 finished at 38278.6 total bytes 16000
Flow Roce_2_131 13684 finished at 38612.3 total bytes 16000
Flow Roce_3_133 13696 finished at 38633.1 total bytes 16000
Flow Roce_3_132 13692 finished at 38763.3 total bytes 16000
Flow Roce_5_139 13728 finished at 38778.3 total bytes 16000
Flow Roce_2_130 13680 finished at 38877.7 total bytes 16000
Flow Roce_61_308 14628 finished at 39330.8 total bytes 16000
Flow Roce_44_257 14356 finished at 39489.8 total bytes 16000
Flow Roce_3_134 13700 finished at 39739.8 total bytes 16000
Flow Roce_47_266 14404 finished at 40411.8 total bytes 16000
Flow Roce_46_261 14380 finished at 42227 total bytes 16000
Flow Roce_63_312 14652 finished at 42740.2 total bytes 16000
Flow Roce_42_250 14320 finished at 43231.6 total bytes 16000
Flow Roce_45_258 14364 finished at 43239.4 total bytes 16000
Flow Roce_95_409 15168 finished at 43375.2 total bytes 16000
Flow Roce_42_251 14324 finished at 43399 total bytes 16000
Flow Roce_65_319 14688 finished at 44656.7 total bytes 16000
Flow Roce_56_293 14548 finished at 45446.4 total bytes 16000
Flow Roce_70_333 14764 finished at 45915.3 total bytes 16000
Flow Roce_60_303 14604 finished at 46083.4 total bytes 16000
Flow Roce_63_314 14660 finished at 46372.6 total bytes 16000
Flow Roce_68_327 14732 finished at 46891.4 total bytes 16000
Flow Roce_9_151 13792 finished at 47919.9 total bytes 16000
Flow Roce_56_291 14540 finished at 48462.4 total bytes 16000
Flow Roce_12_160 13840 finished at 48756.7 total bytes 16000
Flow Roce_60_304 14608 finished at 48901.9 total bytes 16000
Flow Roce_56_292 14544 finished at 48904.9 total bytes 16000
Flow Roce_63_313 14656 finished at 48942.6 total bytes 16000
Flow Roce_94_406 15152 finished at 49070.1 total bytes 16000
Flow Roce_62_310 14640 finished at 49733.9 total bytes 16000
Flow Roce_34_225 14188 finished at 49742.6 total bytes 16000
.Flow Roce_58_297 14572 finished at 50317.6 total bytes 16000
Flow Roce_62_309 14636 finished at 50587.2 total bytes 16000
Flow Roce_93_403 15136 finished at 50703.4 total bytes 16000
Flow Roce_12_159 13836 finished at 50969.5 total bytes 16000
Flow Roce_75_349 14848 finished at 51231.2 total bytes 16000
Flow Roce_8_148 13776 finished at 51666.2 total bytes 16000
Flow Roce_92_399 15116 finished at 51745.4 total bytes 16000
Flow Roce_53_282 14492 finished at 51947 total bytes 16000
Flow Roce_76_352 14864 finished at 52044 total bytes 16000
Flow Roce_13_162 13852 finished at 52178.2 total bytes 16000
Flow Roce_116_473 15508 finished at 52309.1 total bytes 16000
Flow Roce_90_395 15092 finished at 53287.1 total bytes 16000
Flow Roce_9_152 13796 finished at 54272.4 total bytes 16000
Flow Roce_36_231 14220 finished at 54338.4 total bytes 16000
Flow Roce_25_199 14048 finished at 54447.4 total bytes 16000
Flow Roce_24_197 14036 finished at 54745.3 total bytes 16000
Flow Roce_13_164 13860 finished at 54774.4 total bytes 16000
Flow Roce_52_280 14480 finished at 54795.5 total bytes 16000
Flow Roce_51_277 14464 finished at 54837.5 total bytes 16000
Flow Roce_14_166 13872 finished at 55104.6 total bytes 16000
Flow Roce_29_211 14112 finished at 55477.3 total bytes 16000
Flow Roce_51_278 14468 finished at 55708.7 total bytes 16000
Flow Roce_9_150 13788 finished at 55741.2 total bytes 16000
Flow Roce_13_163 13856 finished at 55800.3 total bytes 16000
Flow Roce_12_161 13844 finished at 56331.1 total bytes 16000
Flow Roce_32_221 14164 finished at 56507.8 total bytes 16000
Flow Roce_54_285 14508 finished at 56546.3 total bytes 16000
Flow Roce_33_222 14172 finished at 56813.6 total bytes 16000
Flow Roce_48_267 14412 finished at 57152 total bytes 16000
Flow Roce_55_288 14524 finished at 57353 total bytes 16000
Flow Roce_37_236 14244 finished at 57426.1 total bytes 16000
Flow Roce_52_281 14484 finished at 57577.1 total bytes 16000
Flow Roce_18_177 13932 finished at 57948.6 total bytes 16000
Flow Roce_8_147 13772 finished at 58157 total bytes 16000
Flow Roce_14_167 13876 finished at 58275.6 total bytes 16000
Flow Roce_37_234 14236 finished at 58438.4 total bytes 16000
Flow Roce_25_200 14052 finished at 58466.4 total bytes 16000
Flow Roce_29_210 14108 finished at 58490.8 total bytes 16000
Flow Roce_16_173 13908 finished at 58656.8 total bytes 16000
Flow Roce_38_239 14260 finished at 59025.1 total bytes 16000
Flow Roce_38_237 14252 finished at 59209.3 total bytes 16000
Flow Roce_33_224 14180 finished at 59259.6 total bytes 16000
Flow Roce_31_216 14140 finished at 59304.3 total bytes 16000
Flow Roce_66_323 14708 finished at 59643.6 total bytes 16000
Flow Roce_39_241 14272 finished at 59760.4 total bytes 16000
Flow Roce_30_214 14128 finished at 59778.8 total bytes 16000
Flow Roce_18_178 13936 finished at 59837.5 total bytes 16000
Flow Roce_49_272 14436 finished at 59943.2 total bytes 16000
Flow Roce_31_217 14144 finished at 60046.8 total bytes 16000
Flow Roce_27_205 14080 finished at 60187.6 total bytes 16000
Flow Roce_19_181 13952 finished at 60760.9 total bytes 16000
Flow Roce_55_289 14528 finished at 61068 total bytes 16000
Flow Roce_36_232 14224 finished at 61079 total bytes 16000
Flow Roce_34_227 14196 finished at 61192.3 total bytes 16000
Flow Roce_52_279 14476 finished at 61201.9 total bytes 16000
Flow Roce_79_360 14908 finished at 61231.7 total bytes 16000
Flow Roce_114_466 15472 finished at 61267.8 total bytes 16000
Flow Roce_50_274 14448 finished at 61889.6 total bytes 16000
Flow Roce_22_189 13996 finished at 62492.9 total bytes 16000
Flow Roce_49_271 14432 finished at 62501.2 total bytes 16000
Flow Roce_26_203 14068 finished at 62965.2 total bytes 16000
Flow Roce_30_215 14132 finished at 63520 total bytes 16000
Flow Roce_23_194 14020 finished at 63671.6 total bytes 16000
Flow Roce_83_372 14972 finished at 63906.1 total bytes 16000
Flow Roce_22_191 14004 finished at 64449.4 total bytes 16000
Flow Roce_18_179 13940 finished at 64652.9 total bytes 16000
Flow Roce_109_450 15388 finished at 65590.7 total bytes 16000
Flow Roce_94_407 15156 finished at 65625.5 total bytes 16000
Flow Roce_16_171 13900 finished at 65629.2 total bytes 16000
Flow Roce_17_175 13920 finished at 65663 total bytes 16000
Flow Roce_16_172 13904 finished at 65717.9 total bytes 16000
Flow Roce_23_193 14016 finished at 66141.9 total bytes 16000
Flow Roce_104_436 15312 finished at 66286.4 total bytes 16000
Flow Roce_23_192 14012 finished at 66362.6 total bytes 16000
Flow Roce_64_317 14676 finished at 66564.6 total bytes 16000
Flow Roce_21_187 13984 finished at 66624.8 total bytes 16000
Flow Roce_90_394 15088 finished at 67476.4 total bytes 16000
Flow Roce_110_454 15408 finished at 68292 total bytes 16000
Flow Roce_106_442 15344 finished at 68369.5 total bytes 16000
Flow Roce_115_468 15484 finished at 68629.8 total bytes 16000
Flow Roce_73_344 14820 finished at 68642.7 total bytes 16000
Flow Roce_78_359 14900 finished at 68647.9 total bytes 16000
Flow Roce_111_458 15428 finished at 68772.2 total bytes 16000
Flow Roce_79_361 14912 finished at 69043.9 total bytes 16000
Flow Roce_79_362 14916 finished at 69130.1 total bytes 16000
Flow Roce_124_495 15628 finished at 69225.7 total bytes 16000
Flow Roce_127_504 15676 finished at 69284 total bytes 16000
Flow Roce_105_439 15328 finished at 69324.1 total bytes 16000
Flow Roce_86_382 15024 finished at 69445.7 total bytes 16000
Flow Roce_70_335 14772 finished at 70569.1 total bytes 16000
Flow Roce_67_324 14716 finished at 71778.5 total bytes 16000
Flow Roce_22_190 14000 finished at 72944.6 total bytes 16000
Flow Roce_19_180 13948 finished at 73220.8 total bytes 16000
Flow Roce_28_208 14096 finished at 73526.1 total bytes 16000
Flow Roce_85_378 15004 finished at 73981.1 total bytes 16000
Flow Roce_21_186 13980 finished at 74130 total bytes 16000
Flow Roce_82_370 14960 finished at 74173.4 total bytes 16000
Flow Roce_125_500 15652 finished at 74291.3 total bytes 16000
Flow Roce_89_391 15072 finished at 74341.9 total bytes 16000
Flow Roce_28_209 14100 finished at 75659.4 total bytes 16000
Flow Roce_68_329 14740 finished at 75768.6 total bytes 16000
Flow Roce_55_290 14532 finished at 76140.2 total bytes 16000
Flow Roce_24_195 14028 finished at 76183.9 total bytes 16000
Flow Roce_17_174 13916 finished at 76361.1 total bytes 16000
Flow Roce_80_363 14924 finished at 76635.1 total bytes 16000
Flow Roce_20_183 13964 finished at 76736 total bytes 16000
Flow Roce_80_365 14932 finished at 76882.8 total bytes 16000
Flow Roce_51_276 14460 finished at 77896.6 total bytes 16000
Flow Roce_27_204 14076 finished at 78066.5 total bytes 16000
Flow Roce_112_460 15440 finished at 78436.7 total bytes 16000
Flow Roce_31_218 14148 finished at 78461.2 total bytes 16000
Flow Roce_26_201 14060 finished at 78838.7 total bytes 16000
Flow Roce_75_350 14852 finished at 79571.1 total bytes 16000
Flow Roce_24_196 14032 finished at 79620.8 total bytes 16000
Flow Roce_26_202 14064 finished at 79722.7 total bytes 16000
Flow Roce_27_206 14084 finished at 79761.3 total bytes 16000
Flow Roce_111_456 15420 finished at 79885.6 total bytes 16000
Flow Roce_25_198 14044 finished at 79930.4 total bytes 16000
Flow Roce_20_185 13972 finished at 80087.2 total bytes 16000
Flow Roce_123_494 15620 finished at 80499.7 total bytes 16000
Flow Roce_29_212 14116 finished at 80670 total bytes 16000
Flow Roce_28_207 14092 finished at 80671.9 total bytes 16000
Flow Roce_20_184 13968 finished at 81526.4 total bytes 16000
Flow Roce_81_368 14948 finished at 81527.2 total bytes 16000
Flow Roce_85_380 15012 finished at 81888.8 total bytes 16000
Flow Roce_30_213 14124 finished at 82290.7 total bytes 16000
Flow Roce_50_275 14452 finished at 82655 total bytes 16000
Flow Roce_54_286 14512 finished at 83662.2 total bytes 16000
Flow Roce_114_467 15476 finished at 84130.5 total bytes 16000
Flow Roce_49_270 14428 finished at 84478.7 total bytes 16000
Flow Roce_114_465 15468 finished at 84597.4 total bytes 16000
Flow Roce_106_441 15340 finished at 84607.5 total bytes 16000
Flow Roce_10_154 13808 finished at 84855 total bytes 16000
Flow Roce_108_448 15376 finished at 84960.8 total bytes 16000
Flow Roce_126_502 15664 finished at 85363.4 total bytes 16000
Flow Roce_104_437 15316 finished at 85404.8 total bytes 16000
Flow Roce_121_486 15580 finished at 85769.2 total bytes 16000
Flow Roce_104_435 15308 finished at 85863.6 total bytes 16000
Flow Roce_21_188 13988 finished at 85995.7 total bytes 16000
Flow Roce_19_182 13956 finished at 86026.3 total bytes 16000
Flow Roce_17_176 13924 finished at 86396.5 total bytes 16000
Flow Roce_54_287 14516 finished at 87124.6 total bytes 16000
Flow Roce_125_499 15648 finished at 87301.3 total bytes 16000
Flow Roce_32_220 14160 finished at 87442.8 total bytes 16000
Flow Roce_123_492 15612 finished at 87538.4 total bytes 16000
Flow Roce_38_238 14256 finished at 87663.2 total bytes 16000
Flow Roce_39_242 14276 finished at 87681 total bytes 16000
Flow Roce_115_470 15492 finished at 87709.9 total bytes 16000
Flow Roce_48_269 14420 finished at 87733.5 total bytes 16000
Flow Roce_37_235 14240 finished at 88264.4 total bytes 16000
Flow Roce_48_268 14416 finished at 88367.7 total bytes 16000
Flow Roce_121_488 15588 finished at 88477.4 total bytes 16000
Flow Roce_125_498 15644 finished at 88688.7 total bytes 16000
Flow Roce_15_168 13884 finished at 88811.3 total bytes 16000
Flow Roce_122_489 15596 finished at 88859.3 total bytes 16000
Flow Roce_84_376 14992 finished at 89011.9 total bytes 16000
Flow Roce_34_226 14192 finished at 89095.5 total bytes 16000
Flow Roce_15_169 13888 finished at 89290.3 total bytes 16000
Flow Roce_126_503 15668 finished at 89299 total bytes 16000
Flow Roce_126_501 15660 finished at 89365.2 total bytes 16000
Flow Roce_120_484 15568 finished at 89536.4 total bytes 16000
Flow Roce_8_149 13780 finished at 89545.7 total bytes 16000
Flow Roce_83_374 14980 finished at 89554.1 total bytes 16000
Flow Roce_74_346 14832 finished at 89576.6 total bytes 16000
Flow Roce_122_491 15604 finished at 89603.7 total bytes 16000
Flow Roce_105_440 15332 finished at 89659.3 total bytes 16000
Flow Roce_11_157 13824 finished at 89704.5 total bytes 16000
Flow Roce_124_497 15636 finished at 89721.2 total bytes 16000
Flow Roce_122_490 15600 finished at 89744.9 total bytes 16000
Flow Roce_77_354 14876 finished at 89851.7 total bytes 16000
Flow Roce_11_156 13820 finished at 89857 total bytes 16000
Flow Roce_35_228 14204 finished at 89938.2 total bytes 16000
Flow Roce_120_483 15564 finished at 89947.5 total bytes 16000
Flow Roce_50_273 14444 finished at 89987.9 total bytes 16000
Flow Roce_120_485 15572 finished at 90176.1 total bytes 16000
Flow Roce_109_451 15392 finished at 90215.4 total bytes 16000
Flow Roce_14_165 13868 finished at 90349.9 total bytes 16000
Flow Roce_53_283 14496 finished at 90495 total bytes 16000
Flow Roce_10_155 13812 finished at 90551.1 total bytes 16000
Flow Roce_124_496 15632 finished at 90554.1 total bytes 16000
Flow Roce_53_284 14500 finished at 90560.5 total bytes 16000
Flow Roce_39_240 14268 finished at 90667.9 total bytes 16000
Flow Roce_107_444 15356 finished at 90788.6 total bytes 16000
Flow Roce_127_505 15680 finished at 91142.3 total bytes 16000
Flow Roce_108_449 15380 finished at 91334.8 total bytes 16000
Flow Roce_111_457 15424 finished at 91742.6 total bytes 16000
Flow Roce_11_158 13828 finished at 91930.6 total bytes 16000
Flow Roce_35_229 14208 finished at 91937.3 total bytes 16000
Flow Roce_10_153 13804 finished at 91937.6 total bytes 16000
Flow Roce_15_170 13892 finished at 92020.6 total bytes 16000
Flow Roce_35_230 14212 finished at 92231.7 total bytes 16000
Flow Roce_33_223 14176 finished at 92456.7 total bytes 16000
Flow Roce_119_482 15556 finished at 92552.1 total bytes 16000
Flow Roce_105_438 15324 finished at 92807.2 total bytes 16000
Flow Roce_92_400 15120 finished at 92895.3 total bytes 16000
Flow Roce_73_342 14812 finished at 93403.1 total bytes 16000
Flow Roce_62_311 14644 finished at 93408.3 total bytes 16000
Flow Roce_36_233 14228 finished at 93494.3 total bytes 16000
Flow Roce_95_408 15164 finished at 93520 total bytes 16000
Flow Roce_108_447 15372 finished at 93531.2 total bytes 16000
Flow Roce_32_219 14156 finished at 93689.2 total bytes 16000
Flow Roce_61_307 14624 finished at 94019.9 total bytes 16000
Flow Roce_127_506 15684 finished at 94196.5 total bytes 16000
Flow Roce_107_446 15364 finished at 94294.5 total bytes 16000
Flow Roce_57_294 14556 finished at 94307.1 total bytes 16000
Flow Roce_81_366 14940 finished at 94434.7 total bytes 16000
Flow Roce_77_355 14880 finished at 94450 total bytes 16000
Flow Roce_78_357 14892 finished at 94548.6 total bytes 16000
Flow Roce_58_299 14580 finished at 94612.6 total bytes 16000
Flow Roce_94_405 15148 finished at 95001.5 total bytes 16000
Flow Roce_76_353 14868 finished at 95198.8 total bytes 16000
Flow Roce_77_356 14884 finished at 95459.4 total bytes 16000
Flow Roce_74_345 14828 finished at 95548.4 total bytes 16000
Flow Roce_76_351 14860 finished at 95796.2 total bytes 16000
Flow Roce_78_358 14896 finished at 96004.7 total bytes 16000
Flow Roce_110_455 15412 finished at 96013.7 total bytes 16000
Flow Roce_113_464 15460 finished at 96047.7 total bytes 16000
Flow Roce_59_301 14592 finished at 96169.3 total bytes 16000
Flow Roce_106_443 15348 finished at 96193 total bytes 16000
Flow Roce_59_302 14596 finished at 96282 total bytes 16000
Flow Roce_107_445 15360 finished at 96493.1 total bytes 16000
Flow Roce_110_453 15404 finished at 96523.5 total bytes 16000
Flow Roce_87_384 15036 finished at 96859.2 total bytes 16000
Flow Roce_123_493 15616 finished at 96883 total bytes 16000
Flow Roce_59_300 14588 finished at 96990.9 total bytes 16000
Flow Roce_109_452 15396 finished at 97012.7 total bytes 16000
Flow Roce_121_487 15584 finished at 97031.4 total bytes 16000
Flow Roce_60_305 14612 finished at 97572.5 total bytes 16000
Flow Roce_88_388 15056 finished at 97833.3 total bytes 16000
Flow Roce_58_298 14576 finished at 98355.5 total bytes 16000
Flow Roce_57_296 14564 finished at 98672.6 total bytes 16000
Flow Roce_57_295 14560 finished at 99063.4 total bytes 16000
Flow Roce_46_262 14384 finished at 99702.1 total bytes 16000
.Flow Roce_61_306 14620 finished at 100362 total bytes 16000
Flow Roce_42_249 14316 finished at 101229 total bytes 16000
Flow Roce_72_339 14796 finished at 101702 total bytes 16000
Flow Roce_72_341 14804 finished at 101959 total bytes 16000
Flow Roce_74_347 14836 finished at 102487 total bytes 16000
Flow Roce_44_255 14348 finished at 102582 total bytes 16000
Flow Roce_75_348 14844 finished at 103028 total bytes 16000
Flow Roce_73_343 14816 finished at 103430 total bytes 16000
Flow Roce_47_264 14396 finished at 103525 total bytes 16000
Flow Roce_95_410 15172 finished at 103829 total bytes 16000
Flow Roce_92_401 15124 finished at 104207 total bytes 16000
Flow Roce_40_243 14284 finished at 104539 total bytes 16000
Flow Roce_45_259 14368 finished at 105833 total bytes 16000
Flow Roce_43_252 14332 finished at 107795 total bytes 16000
Flow Roce_90_393 15084 finished at 108374 total bytes 16000
Flow Roce_43_253 14336 finished at 108413 total bytes 16000
Flow Roce_83_373 14976 finished at 108720 total bytes 16000
Flow Roce_89_392 15076 finished at 109970 total bytes 16000
Flow Roce_40_244 14288 finished at 110108 total bytes 16000
Flow Roce_40_245 14292 finished at 110173 total bytes 16000
Flow Roce_41_247 14304 finished at 110453 total bytes 16000
Flow Roce_44_256 14352 finished at 110478 total bytes 16000
Flow Roce_41_248 14308 finished at 110595 total bytes 16000
Flow Roce_72_340 14800 finished at 111210 total bytes 16000
Flow Roce_88_387 15052 finished at 111527 total bytes 16000
Flow Roce_91_397 15104 finished at 112116 total bytes 16000
Flow Roce_91_398 15108 finished at 112525 total bytes 16000
Flow Roce_47_265 14400 finished at 113478 total bytes 16000
Flow Roce_46_263 14388 finished at 113858 total bytes 16000
Flow Roce_93_402 15132 finished at 113904 total bytes 16000
Flow Roce_43_254 14340 finished at 114102 total bytes 16000
Flow Roce_84_377 14996 finished at 114242 total bytes 16000
Flow Roce_88_389 15060 finished at 114362 total bytes 16000
Flow Roce_91_396 15100 finished at 114495 total bytes 16000
Flow Roce_93_404 15140 finished at 116011 total bytes 16000
Flow Roce_69_331 14752 finished at 117077 total bytes 16000
Flow Roce_68_328 14736 finished at 118697 total bytes 16000
Flow Roce_80_364 14928 finished at 119858 total bytes 16000
Flow Roce_89_390 15068 finished at 121000 total bytes 16000
Flow Roce_87_385 15040 finished at 121059 total bytes 16000
Flow Roce_82_369 14956 finished at 121467 total bytes 16000
Flow Roce_86_381 15020 finished at 122544 total bytes 16000
Flow Roce_71_338 14788 finished at 122546 total bytes 16000
Flow Roce_65_318 14684 finished at 122622 total bytes 16000
Flow Roce_85_379 15008 finished at 122799 total bytes 16000
Flow Roce_87_386 15044 finished at 123676 total bytes 16000
Flow Roce_64_316 14672 finished at 124872 total bytes 16000
Flow Roce_84_375 14988 finished at 125154 total bytes 16000
Flow Roce_70_334 14768 finished at 127346 total bytes 16000
Flow Roce_86_383 15028 finished at 127482 total bytes 16000
Flow Roce_97_415 15200 finished at 128640 total bytes 16000
Flow Roce_81_367 14944 finished at 129244 total bytes 16000
Flow Roce_69_330 14748 finished at 129833 total bytes 16000
Flow Roce_66_322 14704 finished at 129922 total bytes 16000
Flow Roce_117_476 15524 finished at 129966 total bytes 16000
Flow Roce_116_472 15504 finished at 130828 total bytes 16000
Flow Roce_82_371 14964 finished at 131415 total bytes 16000
Flow Roce_71_337 14784 finished at 132574 total bytes 16000
Flow Roce_69_332 14756 finished at 133837 total bytes 16000
Flow Roce_101_428 15268 finished at 134708 total bytes 16000
Flow Roce_102_431 15284 finished at 136040 total bytes 16000
Flow Roce_119_480 15548 finished at 136124 total bytes 16000
Flow Roce_67_325 14720 finished at 136500 total bytes 16000
Flow Roce_65_320 14692 finished at 136984 total bytes 16000
Flow Roce_116_471 15500 finished at 137997 total bytes 16000
Flow Roce_113_462 15452 finished at 138050 total bytes 16000
Flow Roce_118_477 15532 finished at 138054 total bytes 16000
Flow Roce_71_336 14780 finished at 138162 total bytes 16000
Flow Roce_67_326 14724 finished at 138167 total bytes 16000
Flow Roce_118_479 15540 finished at 138220 total bytes 16000
Flow Roce_119_481 15552 finished at 138392 total bytes 16000
Flow Roce_103_434 15300 finished at 138432 total bytes 16000
Flow Roce_115_469 15488 finished at 138454 total bytes 16000
Flow Roce_64_315 14668 finished at 138700 total bytes 16000
Flow Roce_102_430 15280 finished at 138995 total bytes 16000
Flow Roce_97_416 15204 finished at 139146 total bytes 16000
Flow Roce_66_321 14700 finished at 139217 total bytes 16000
Flow Roce_118_478 15536 finished at 139431 total bytes 16000
Flow Roce_117_474 15516 finished at 139442 total bytes 16000
Flow Roce_112_459 15436 finished at 139551 total bytes 16000
Flow Roce_113_463 15456 finished at 139863 total bytes 16000
Flow Roce_112_461 15444 finished at 140096 total bytes 16000
Flow Roce_117_475 15520 finished at 140189 total bytes 16000
Flow Roce_101_427 15264 finished at 146371 total bytes 16000
Flow Roce_98_417 15212 finished at 148335 total bytes 16000
.Flow Roce_96_411 15180 finished at 156764 total bytes 16000
Flow Roce_98_418 15216 finished at 157034 total bytes 16000
Flow Roce_101_426 15260 finished at 157075 total bytes 16000
Flow Roce_99_422 15236 finished at 158324 total bytes 16000
Flow Roce_103_433 15296 finished at 161409 total bytes 16000
Flow Roce_96_413 15188 finished at 161409 total bytes 16000
Flow Roce_99_420 15228 finished at 162131 total bytes 16000
Flow Roce_100_424 15248 finished at 162282 total bytes 16000
Flow Roce_97_414 15196 finished at 163334 total bytes 16000
Flow Roce_100_423 15244 finished at 163410 total bytes 16000
Flow Roce_99_421 15232 finished at 163410 total bytes 16000
...Flow Roce_128_0 15688 finished at 321798 total bytes 16000
Flow Roce_99_0 15224 finished at 333521 total bytes 16000
Flow Roce_114_0 15464 finished at 346875 total bytes 16000
Flow Roce_91_0 15096 finished at 346878 total bytes 16000
.Flow Roce_70_0 14760 finished at 350974 total bytes 16000
Flow Roce_102_0 15272 finished at 351068 total bytes 16000
Flow Roce_126_0 15656 finished at 353758 total bytes 16000
Flow Roce_78_0 14888 finished at 355013 total bytes 16000
Flow Roce_117_0 15512 finished at 356203 total bytes 16000
Flow Roce_123_0 15608 finished at 357527 total bytes 16000
Flow Roce_121_0 15576 finished at 357805 total bytes 16000
Flow Roce_113_0 15448 finished at 362157 total bytes 16000
Flow Roce_96_0 15176 finished at 362408 total bytes 16000
Flow Roce_75_0 14840 finished at 362745 total bytes 16000
Flow Roce_79_0 14904 finished at 362907 total bytes 16000
Flow Roce_111_0 15416 finished at 363344 total bytes 16000
Flow Roce_95_0 15160 finished at 364663 total bytes 16000
Flow Roce_101_0 15256 finished at 364755 total bytes 16000
Flow Roce_116_0 15496 finished at 364986 total bytes 16000
Flow Roce_104_0 15304 finished at 364992 total bytes 16000
Flow Roce_87_0 15032 finished at 366341 total bytes 16000
Flow Roce_108_0 15368 finished at 366612 total bytes 16000
Flow Roce_119_0 15544 finished at 366644 total bytes 16000
Flow Roce_106_0 15336 finished at 366731 total bytes 16000
Flow Roce_85_0 15000 finished at 366800 total bytes 16000
Flow Roce_93_0 15128 finished at 367849 total bytes 16000
Flow Roce_73_0 14808 finished at 368063 total bytes 16000
Flow Roce_115_0 15480 finished at 369042 total bytes 16000
Flow Roce_76_0 14856 finished at 369193 total bytes 16000
Flow Roce_66_0 14696 finished at 370304 total bytes 16000
Flow Roce_120_0 15560 finished at 370354 total bytes 16000
Flow Roce_122_0 15592 finished at 371373 total bytes 16000
Flow Roce_56_0 14536 finished at 371897 total bytes 16000
Flow Roce_16_0 13896 finished at 374618 total bytes 16000
Flow Roce_74_0 14824 finished at 374638 total bytes 16000
Flow Roce_1_0 13668 finished at 374880 total bytes 16000
Flow Roce_127_0 15672 finished at 376062 total bytes 16000
Flow Roce_124_0 15624 finished at 376879 total bytes 16000
Flow Roce_48_0 14408 finished at 377759 total bytes 16000
Flow Roce_80_0 14920 finished at 377915 total bytes 16000
Flow Roce_4_0 13704 finished at 378014 total bytes 16000
Flow Roce_46_0 14376 finished at 379167 total bytes 16000
Flow Roce_37_0 14232 finished at 379608 total bytes 16000
Flow Roce_89_0 15064 finished at 379681 total bytes 16000
Flow Roce_77_0 14872 finished at 379745 total bytes 16000
Flow Roce_92_0 15112 finished at 380071 total bytes 16000
Flow Roce_7_0 13752 finished at 380290 total bytes 16000
Flow Roce_83_0 14968 finished at 380299 total bytes 16000
Flow Roce_88_0 15048 finished at 380932 total bytes 16000
Flow Roce_90_0 15080 finished at 380988 total bytes 16000
Flow Roce_103_0 15288 finished at 381137 total bytes 16000
Flow Roce_60_0 14600 finished at 381595 total bytes 16000
Flow Roce_64_0 14664 finished at 382652 total bytes 16000
Flow Roce_9_0 13784 finished at 382653 total bytes 16000
Flow Roce_84_0 14984 finished at 382728 total bytes 16000
Flow Roce_2_0 13672 finished at 383178 total bytes 16000
Flow Roce_72_0 14792 finished at 383208 total bytes 16000
Flow Roce_6_0 13736 finished at 383309 total bytes 16000
Flow Roce_97_0 15192 finished at 383409 total bytes 16000
Flow Roce_112_0 15432 finished at 383843 total bytes 16000
Flow Roce_109_0 15384 finished at 384100 total bytes 16000
Flow Roce_110_0 15400 finished at 384158 total bytes 16000
Flow Roce_42_0 14312 finished at 384607 total bytes 16000
Flow Roce_125_0 15640 finished at 384675 total bytes 16000
Flow Roce_24_0 14024 finished at 385159 total bytes 16000
Flow Roce_100_0 15240 finished at 386138 total bytes 16000
Flow Roce_55_0 14520 finished at 386196 total bytes 16000
Flow Roce_105_0 15320 finished at 386258 total bytes 16000
Flow Roce_27_0 14072 finished at 386635 total bytes 16000
Flow Roce_25_0 14040 finished at 386678 total bytes 16000
Flow Roce_39_0 14264 finished at 386724 total bytes 16000
Flow Roce_8_0 13768 finished at 387435 total bytes 16000
Flow Roce_3_0 13688 finished at 387974 total bytes 16000
Flow Roce_12_0 13832 finished at 388046 total bytes 16000
Flow Roce_11_0 13816 finished at 388228 total bytes 16000
Flow Roce_5_0 13720 finished at 388907 total bytes 16000
Flow Roce_18_0 13928 finished at 389053 total bytes 16000
Flow Roce_71_0 14776 finished at 389159 total bytes 16000
Flow Roce_26_0 14056 finished at 389441 total bytes 16000
Flow Roce_94_0 15144 finished at 389540 total bytes 16000
Flow Roce_82_0 14952 finished at 389767 total bytes 16000
Flow Roce_107_0 15352 finished at 390089 total bytes 16000
Flow Roce_65_0 14680 finished at 390188 total bytes 16000
Flow Roce_19_0 13944 finished at 390532 total bytes 16000
Flow Roce_69_0 14744 finished at 390703 total bytes 16000
Flow Roce_63_0 14648 finished at 390805 total bytes 16000
Flow Roce_62_0 14632 finished at 390924 total bytes 16000
Flow Roce_118_0 15528 finished at 391853 total bytes 16000
Flow Roce_98_0 15208 finished at 391975 total bytes 16000
Flow Roce_86_0 15016 finished at 392012 total bytes 16000
Flow Roce_43_0 14328 finished at 392268 total bytes 16000
Flow Roce_23_0 14008 finished at 392313 total bytes 16000
Flow Roce_68_0 14728 finished at 392467 total bytes 16000
Flow Roce_32_0 14152 finished at 392985 total bytes 16000
Flow Roce_67_0 14712 finished at 393996 total bytes 16000
Flow Roce_57_0 14552 finished at 395091 total bytes 16000
Flow Roce_13_0 13848 finished at 395165 total bytes 16000
Flow Roce_81_0 14936 finished at 395390 total bytes 16000
Flow Roce_61_0 14616 finished at 395891 total bytes 16000
Flow Roce_31_0 14136 finished at 396157 total bytes 16000
Flow Roce_30_0 14120 finished at 396211 total bytes 16000
Flow Roce_52_0 14472 finished at 396217 total bytes 16000
Flow Roce_22_0 13992 finished at 396837 total bytes 16000
Flow Roce_29_0 14104 finished at 396848 total bytes 16000
Flow Roce_59_0 14584 finished at 396907 total bytes 16000
Flow Roce_17_0 13912 finished at 396985 total bytes 16000
Flow Roce_20_0 13960 finished at 397096 total bytes 16000
Flow Roce_36_0 14216 finished at 397115 total bytes 16000
Flow Roce_54_0 14504 finished at 397306 total bytes 16000
Flow Roce_41_0 14296 finished at 397325 total bytes 16000
Flow Roce_35_0 14200 finished at 397971 total bytes 16000
Flow Roce_58_0 14568 finished at 397986 total bytes 16000
Flow Roce_34_0 14184 finished at 398007 total bytes 16000
Flow Roce_45_0 14360 finished at 398043 total bytes 16000
Flow Roce_10_0 13800 finished at 398067 total bytes 16000
Flow Roce_49_0 14424 finished at 398143 total bytes 16000
Flow Roce_51_0 14456 finished at 398196 total bytes 16000
Flow Roce_44_0 14344 finished at 398328 total bytes 16000
Flow Roce_14_0 13864 finished at 398985 total bytes 16000
Flow Roce_33_0 14168 finished at 399075 total bytes 16000
Flow Roce_53_0 14488 finished at 399169 total bytes 16000
Flow Roce_47_0 14392 finished at 399193 total bytes 16000
Flow Roce_40_0 14280 finished at 399233 total bytes 16000
Flow Roce_50_0 14440 finished at 399274 total bytes 16000
Flow Roce_21_0 13976 finished at 399292 total bytes 16000
Flow Roce_28_0 14088 finished at 399304 total bytes 16000
Flow Roce_15_0 13880 finished at 399350 total bytes 16000
Flow Roce_38_0 14248 finished at 399400 total bytes 16000
New: 0 Rtx: 0
PFC_PAUSES 245026 PFC_PAUSE_US 8.74902e+06 MAX_QUEUE_BYTES 116736
OVERFLOW_COUNT 0
