Flow Roce_16_59 2996 finished at 8381.11 total bytes 16000
Flow Roce_16_60 3000 finished at 8811.44 total bytes 16000
Flow Roce_16_61 3004 finished at 8811.6 total bytes 16000
Flow Roce_3_20 2788 finished at 23322.8 total bytes 16000
Flow Roce_5_26 2820 finished at 23692.5 total bytes 16000
Flow Roce_8_35 2868 finished at 24354.7 total bytes 16000
Flow Roce_10_43 2908 finished at 24588.5 total bytes 16000
Flow Roce_11_46 2924 finished at 24635.9 total bytes 16000
Flow Roce_6_29 2836 finished at 24647.7 total bytes 16000
Flow Roce_14_53 2964 finished at 24934.2 total bytes 16000
Flow Roce_9_39 2888 finished at 32022.5 total bytes 16000
Flow Roce_7_34 2860 finished at 32489.5 total bytes 16000
Flow Roce_9_40 2892 finished at 34316.4 total bytes 16000
Flow Roce_2_19 2780 finished at 34384.4 total bytes 16000
Flow Roce_14_55 2972 finished at 34487.8 total bytes 16000
Flow Roce_14_54 2968 finished at 34774 total bytes 16000
Flow Roce_4_24 2808 finished at 34802.1 total bytes 16000
Flow Roce_12_49 2940 finished at 34809.9 total bytes 16000
Flow Roce_7_33 2856 finished at 34818.1 total bytes 16000
Flow Roce_7_32 2852 finished at 34955.2 total bytes 16000
Flow Roce_4_23 2804 finished at 38293.9 total bytes 16000
Flow Roce_11_45 2920 finished at 38498.2 total bytes 16000
Flow Roce_3_21 2792 finished at 38628 total bytes 16000
Flow Roce_10_42 2904 finished at 39071.1 total bytes 16000
Flow Roce_13_52 2956 finished at 39251.6 total bytes 16000
Flow Roce_8_37 2876 finished at 39594.9 total bytes 16000
Flow Roce_10_41 2900 finished at 39846.1 total bytes 16000
Flow Roce_3_22 2796 finished at 40021.2 total bytes 16000
Flow Roce_12_48 2936 finished at 40216.9 total bytes 16000
Flow Roce_15_58 2988 finished at 40229 total bytes 16000
Flow Roce_2_18 2776 finished at 40251.9 total bytes 16000
Flow Roce_5_28 2828 finished at 40493.5 total bytes 16000
Flow Roce_12_47 2932 finished at 42313.3 total bytes 16000
Flow Roce_5_27 2824 finished at 42315.4 total bytes 16000
Flow Roce_13_50 2948 finished at 42567.1 total bytes 16000
Flow Roce_9_38 2884 finished at 42742.5 total bytes 16000
Flow Roce_8_36 2872 finished at 42760.5 total bytes 16000
Flow Roce_2_17 2772 finished at 43083.6 total bytes 16000
Flow Roce_13_51 2952 finished at 43122.4 total bytes 16000
Flow Roce_4_25 2812 finished at 43299.6 total bytes 16000
Flow Roce_6_31 2844 finished at 43406.8 total bytes 16000
Flow Roce_11_44 2916 finished at 43446 total bytes 16000
Flow Roce_15_57 2984 finished at 43494 total bytes 16000
Flow Roce_15_56 2980 finished at 43536 total bytes 16000
Flow Roce_6_30 2840 finished at 43684.7 total bytes 16000
Flow Roce_2_0 2768 finished at 46843.3 total bytes 16000
Flow Roce_1_0 2764 finished at 46998.5 total bytes 16000
Flow Roce_5_0 2816 finished at 47876.2 total bytes 16000
Flow Roce_8_0 2864 finished at 48214.9 total bytes 16000
Flow Roce_3_0 2784 finished at 48756 total bytes 16000
Flow Roce_12_0 2928 finished at 48910.8 total bytes 16000
Flow Roce_16_0 2992 finished at 49233.5 total bytes 16000
.Flow Roce_6_0 2832 finished at 50123.2 total bytes 16000
Flow Roce_13_0 2944 finished at 50407.4 total bytes 16000
Flow Roce_9_0 2880 finished at 50762.7 total bytes 16000
Flow Roce_10_0 2896 finished at 50831.5 total bytes 16000
Flow Roce_11_0 2912 finished at 50872 total bytes 16000
Flow Roce_7_0 2848 finished at 51002.3 total bytes 16000
Flow Roce_14_0 2960 finished at 51688.8 total bytes 16000
Flow Roce_4_0 2800 finished at 51926.1 total bytes 16000
Flow Roce_15_0 2976 finished at 52105.3 total bytes 16000
New: 0 Rtx: 0
PFC_PAUSES 1338 PFC_PAUSE_US 11526.9 MAX_QUEUE_BYTES 113856
OVERFLOW_COUNT 0
