Flow Roce_5_140 29380 finished at 1972.24 total bytes 4000
Flow Roce_5_138 29372 finished at 2010.04 total bytes 4000
Flow Roce_3_133 29344 finished at 2164.72 total bytes 4000
Flow Roce_6_141 29388 finished at 2267.32 total bytes 4000
Flow Roce_2_130 29328 finished at 2350.97 total bytes 4000
Flow Roce_6_143 29396 finished at 2396.43 total bytes 4000
Flow Roce_4_137 29364 finished at 2409.72 total bytes 4000
Flow Roce_54_285 30156 finished at 2482.77 total bytes 4000
Flow Roce_54_286 30160 finished at 2513.09 total bytes 4000
Flow Roce_4_136 29360 finished at 2554.6 total bytes 4000
Flow Roce_6_142 29392 finished at 2561.49 total bytes 4000
Flow Roce_57_295 30208 finished at 2631.81 total bytes 4000
Flow Roce_4_135 29356 finished at 2703.06 total bytes 4000
Flow Roce_100_424 30896 finished at 2879.14 total bytes 4000
Flow Roce_46_262 30032 finished at 2884.96 total bytes 4000
Flow Roce_43_252 29980 finished at 2907.96 total bytes 4000
Flow Roce_77_356 30532 finished at 3037.49 total bytes 4000
Flow Roce_37_236 29892 finished at 3092.47 total bytes 4000
Flow Roce_12_160 29488 finished at 3110.41 total bytes 4000
Flow Roce_11_156 29468 finished at 3131.54 total bytes 4000
Flow Roce_67_325 30368 finished at 3246.07 total bytes 4000
Flow Roce_2_131 29332 finished at 3318.82 total bytes 4000
Flow Roce_84_377 30644 finished at 3323.59 total bytes 4000
Flow Roce_105_439 30976 finished at 3326.66 total bytes 4000
Flow Roce_51_278 30116 finished at 3409.35 total bytes 4000
Flow Roce_44_255 29996 finished at 3409.38 total bytes 4000
Flow Roce_50_274 30096 finished at 3461.41 total bytes 4000
Flow Roce_5_139 29376 finished at 3553.72 total bytes 4000
Flow Roce_60_305 30260 finished at 3572.68 total bytes 4000
Flow Roce_35_228 29852 finished at 3574.14 total bytes 4000
Flow Roce_63_313 30304 finished at 3597.28 total bytes 4000
Flow Roce_57_296 30212 finished at 3631.49 total bytes 4000
Flow Roce_27_206 29732 finished at 3734.96 total bytes 4000
Flow Roce_76_353 30516 finished at 3796.75 total bytes 4000
Flow Roce_37_234 29884 finished at 3808.75 total bytes 4000
Flow Roce_3_134 29348 finished at 3875.27 total bytes 4000
Flow Roce_12_159 29484 finished at 3881.41 total bytes 4000
Flow Roce_128_507 31340 finished at 3934.5 total bytes 4000
Flow Roce_128_508 31344 finished at 3934.66 total bytes 4000
Flow Roce_59_300 30236 finished at 3939.03 total bytes 4000
Flow Roce_126_503 31316 finished at 3979.64 total bytes 4000
Flow Roce_52_281 30132 finished at 3995.12 total bytes 4000
Flow Roce_124_495 31276 finished at 4044.41 total bytes 4000
Flow Roce_124_497 31284 finished at 4044.85 total bytes 4000
Flow Roce_3_132 29340 finished at 4060.66 total bytes 4000
Flow Roce_100_425 30900 finished at 4069.08 total bytes 4000
Flow Roce_29_212 29764 finished at 4076.17 total bytes 4000
Flow Roce_56_291 30188 finished at 4096.04 total bytes 4000
Flow Roce_23_193 29664 finished at 4120.43 total bytes 4000
Flow Roce_57_294 30204 finished at 4125.26 total bytes 4000
Flow Roce_62_310 30288 finished at 4129.35 total bytes 4000
Flow Roce_122_491 31252 finished at 4139.73 total bytes 4000
Flow Roce_16_173 29556 finished at 4171.73 total bytes 4000
Flow Roce_60_304 30256 finished at 4173.57 total bytes 4000
Flow Roce_2_129 29324 finished at 4212.66 total bytes 4000
Flow Roce_59_301 30240 finished at 4214.32 total bytes 4000
Flow Roce_128_509 31348 finished at 4259.59 total bytes 4000
Flow Roce_48_269 30068 finished at 4267.47 total bytes 4000
Flow Roce_71_338 30436 finished at 4269.97 total bytes 4000
Flow Roce_71_337 30432 finished at 4275.4 total bytes 4000
Flow Roce_55_289 30176 finished at 4276.14 total bytes 4000
Flow Roce_87_386 30692 finished at 4315.87 total bytes 4000
Flow Roce_112_460 31088 finished at 4328.13 total bytes 4000
Flow Roce_38_239 29908 finished at 4333.76 total bytes 4000
Flow Roce_38_238 29904 finished at 4341.16 total bytes 4000
Flow Roce_124_496 31280 finished at 4367.53 total bytes 4000
Flow Roce_52_279 30124 finished at 4367.9 total bytes 4000
Flow Roce_63_312 30300 finished at 4388.75 total bytes 4000
Flow Roce_88_387 30700 finished at 4442.68 total bytes 4000
Flow Roce_97_414 30844 finished at 4460.53 total bytes 4000
Flow Roce_114_467 31124 finished at 4460.74 total bytes 4000
Flow Roce_7_144 29404 finished at 4466.43 total bytes 4000
Flow Roce_92_401 30772 finished at 4496.03 total bytes 4000
Flow Roce_99_422 30884 finished at 4520.66 total bytes 4000
Flow Roce_27_205 29728 finished at 4526.98 total bytes 4000
Flow Roce_103_434 30948 finished at 4535.17 total bytes 4000
Flow Roce_60_303 30252 finished at 4548.91 total bytes 4000
Flow Roce_126_502 31312 finished at 4624.98 total bytes 4000
Flow Roce_115_469 31136 finished at 4648.67 total bytes 4000
Flow Roce_20_184 29616 finished at 4681.94 total bytes 4000
Flow Roce_84_376 30640 finished at 4683.04 total bytes 4000
Flow Roce_110_453 31052 finished at 4690.72 total bytes 4000
Flow Roce_81_367 30592 finished at 4707.93 total bytes 4000
Flow Roce_90_393 30732 finished at 4709.14 total bytes 4000
Flow Roce_44_256 30000 finished at 4714.29 total bytes 4000
Flow Roce_19_180 29596 finished at 4739.55 total bytes 4000
Flow Roce_117_476 31172 finished at 4741.9 total bytes 4000
Flow Roce_7_145 29408 finished at 4758.24 total bytes 4000
Flow Roce_93_402 30780 finished at 4763.79 total bytes 4000
Flow Roce_110_454 31056 finished at 4766.08 total bytes 4000
Flow Roce_10_154 29456 finished at 4800.95 total bytes 4000
Flow Roce_63_314 30308 finished at 4806.09 total bytes 4000
Flow Roce_127_506 31332 finished at 4820.98 total bytes 4000
Flow Roce_45_258 30012 finished at 4830.59 total bytes 4000
Flow Roce_24_197 29684 finished at 4835.95 total bytes 4000
Flow Roce_36_233 29876 finished at 4879.4 total bytes 4000
Flow Roce_116_472 31152 finished at 4884.56 total bytes 4000
Flow Roce_7_146 29412 finished at 4886.22 total bytes 4000
Flow Roce_15_168 29532 finished at 4892.52 total bytes 4000
Flow Roce_69_330 30396 finished at 4895.48 total bytes 4000
Flow Roce_103_432 30940 finished at 4919.75 total bytes 4000
Flow Roce_78_359 30548 finished at 4931.39 total bytes 4000
Flow Roce_118_477 31180 finished at 4960.76 total bytes 4000
Flow Roce_121_488 31236 finished at 4969.7 total bytes 4000
Flow Roce_19_181 29600 finished at 4970.33 total bytes 4000
Flow Roce_71_336 30428 finished at 4974.29 total bytes 4000
Flow Roce_105_438 30972 finished at 4983.69 total bytes 4000
Flow Roce_28_209 29748 finished at 5011.73 total bytes 4000
Flow Roce_117_474 31164 finished at 5016.35 total bytes 4000
Flow Roce_106_443 30996 finished at 5042.63 total bytes 4000
Flow Roce_112_459 31084 finished at 5055.89 total bytes 4000
Flow Roce_100_423 30892 finished at 5058.05 total bytes 4000
Flow Roce_115_468 31132 finished at 5078.06 total bytes 4000
Flow Roce_51_277 30112 finished at 5125.38 total bytes 4000
Flow Roce_28_208 29744 finished at 5170.81 total bytes 4000
Flow Roce_104_435 30956 finished at 5171.87 total bytes 4000
Flow Roce_72_341 30452 finished at 5177.06 total bytes 4000
Flow Roce_105_440 30980 finished at 5186.25 total bytes 4000
Flow Roce_52_280 30128 finished at 5201.36 total bytes 4000
Flow Roce_20_183 29612 finished at 5201.97 total bytes 4000
Flow Roce_84_375 30636 finished at 5237.12 total bytes 4000
Flow Roce_107_444 31004 finished at 5251.75 total bytes 4000
Flow Roce_21_186 29628 finished at 5259.53 total bytes 4000
Flow Roce_20_185 29620 finished at 5267.43 total bytes 4000
Flow Roce_87_385 30688 finished at 5291.71 total bytes 4000
Flow Roce_114_466 31120 finished at 5416.53 total bytes 4000
Flow Roce_34_225 29836 finished at 5422.98 total bytes 4000
Flow Roce_80_364 30576 finished at 5434.87 total bytes 4000
Flow Roce_123_494 31268 finished at 5437.99 total bytes 4000
Flow Roce_123_493 31264 finished at 5439.25 total bytes 4000
Flow Roce_26_203 29716 finished at 5456.9 total bytes 4000
Flow Roce_17_176 29572 finished at 5490.16 total bytes 4000
Flow Roce_26_202 29712 finished at 5491.52 total bytes 4000
Flow Roce_85_380 30660 finished at 5533.17 total bytes 4000
Flow Roce_97_415 30848 finished at 5544.97 total bytes 4000
Flow Roce_41_247 29952 finished at 5550.86 total bytes 4000
Flow Roce_23_192 29660 finished at 5562.69 total bytes 4000
Flow Roce_74_346 30480 finished at 5568.51 total bytes 4000
Flow Roce_16_171 29548 finished at 5591.28 total bytes 4000
Flow Roce_35_229 29856 finished at 5597.19 total bytes 4000
Flow Roce_49_272 30084 finished at 5599.3 total bytes 4000
Flow Roce_104_437 30964 finished at 5615.75 total bytes 4000
Flow Roce_61_308 30276 finished at 5618.24 total bytes 4000
Flow Roce_32_220 29808 finished at 5636.99 total bytes 4000
Flow Roce_110_455 31060 finished at 5704.08 total bytes 4000
Flow Roce_94_407 30804 finished at 5719.35 total bytes 4000
Flow Roce_95_409 30816 finished at 5728.28 total bytes 4000
Flow Roce_108_449 31028 finished at 5732 total bytes 4000
Flow Roce_73_344 30468 finished at 5746.56 total bytes 4000
Flow Roce_81_368 30596 finished at 5780.62 total bytes 4000
Flow Roce_113_463 31104 finished at 5811.01 total bytes 4000
Flow Roce_111_458 31076 finished at 5812.87 total bytes 4000
Flow Roce_125_498 31292 finished at 5838.58 total bytes 4000
Flow Roce_31_217 29792 finished at 5854.91 total bytes 4000
Flow Roce_111_457 31072 finished at 5866.07 total bytes 4000
Flow Roce_79_360 30556 finished at 5871.09 total bytes 4000
Flow Roce_13_164 29508 finished at 5883.18 total bytes 4000
Flow Roce_120_485 31220 finished at 5896.16 total bytes 4000
Flow Roce_39_240 29916 finished at 5900.88 total bytes 4000
Flow Roce_35_230 29860 finished at 5970.98 total bytes 4000
Flow Roce_104_436 30960 finished at 5978.75 total bytes 4000
Flow Roce_58_298 30224 finished at 5986.51 total bytes 4000
Flow Roce_21_188 29636 finished at 6039.37 total bytes 4000
Flow Roce_62_311 30292 finished at 6040.87 total bytes 4000
Flow Roce_108_447 31020 finished at 6046.38 total bytes 4000
Flow Roce_59_302 30244 finished at 6051.04 total bytes 4000
Flow Roce_86_382 30672 finished at 6064.35 total bytes 4000
Flow Roce_15_169 29536 finished at 6065.91 total bytes 4000
Flow Roce_51_276 30108 finished at 6085.41 total bytes 4000
Flow Roce_119_480 31196 finished at 6103.79 total bytes 4000
Flow Roce_66_323 30356 finished at 6104.63 total bytes 4000
Flow Roce_15_170 29540 finished at 6129.28 total bytes 4000
Flow Roce_87_384 30684 finished at 6146.95 total bytes 4000
Flow Roce_23_194 29668 finished at 6233.48 total bytes 4000
Flow Roce_17_174 29564 finished at 6246.63 total bytes 4000
Flow Roce_14_167 29524 finished at 6319.96 total bytes 4000
Flow Roce_106_441 30988 finished at 6338.75 total bytes 4000
Flow Roce_34_226 29840 finished at 6342.98 total bytes 4000
Flow Roce_67_324 30364 finished at 6436.35 total bytes 4000
Flow Roce_62_309 30284 finished at 6482.97 total bytes 4000
Flow Roce_58_297 30220 finished at 6506.75 total bytes 4000
Flow Roce_96_413 30836 finished at 6617.65 total bytes 4000
Flow Roce_54_287 30164 finished at 6631.7 total bytes 4000
Flow Roce_12_161 29492 finished at 6677.46 total bytes 4000
Flow Roce_48_267 30060 finished at 6684.51 total bytes 4000
Flow Roce_11_157 29472 finished at 6718.05 total bytes 4000
Flow Roce_31_218 29796 finished at 6732.67 total bytes 4000
Flow Roce_91_397 30752 finished at 6746.09 total bytes 4000
Flow Roce_19_182 29604 finished at 6750.1 total bytes 4000
Flow Roce_30_214 29776 finished at 6761.42 total bytes 4000
Flow Roce_73_342 30460 finished at 6762.64 total bytes 4000
Flow Roce_21_187 29632 finished at 6768.39 total bytes 4000
Flow Roce_27_204 29724 finished at 6794.96 total bytes 4000
Flow Roce_82_370 30608 finished at 6799.93 total bytes 4000
Flow Roce_69_332 30404 finished at 6808.07 total bytes 4000
Flow Roce_46_263 30036 finished at 6823.12 total bytes 4000
Flow Roce_121_487 31232 finished at 6827.84 total bytes 4000
Flow Roce_38_237 29900 finished at 6833.28 total bytes 4000
Flow Roce_89_390 30716 finished at 6849.45 total bytes 4000
Flow Roce_55_288 30172 finished at 6860.9 total bytes 4000
Flow Roce_89_391 30720 finished at 6885.85 total bytes 4000
Flow Roce_33_223 29824 finished at 6914.38 total bytes 4000
Flow Roce_8_149 29428 finished at 6936.74 total bytes 4000
Flow Roce_34_227 29844 finished at 6940.76 total bytes 4000
Flow Roce_10_153 29452 finished at 6945.24 total bytes 4000
Flow Roce_127_504 31324 finished at 6973.23 total bytes 4000
Flow Roce_30_213 29772 finished at 6974.86 total bytes 4000
Flow Roce_126_501 31308 finished at 6999.17 total bytes 4000
Flow Roce_13_162 29500 finished at 7016.8 total bytes 4000
Flow Roce_93_403 30784 finished at 7025.63 total bytes 4000
Flow Roce_77_355 30528 finished at 7038.51 total bytes 4000
Flow Roce_93_404 30788 finished at 7047.3 total bytes 4000
Flow Roce_101_428 30916 finished at 7066.6 total bytes 4000
Flow Roce_97_416 30852 finished at 7082.32 total bytes 4000
Flow Roce_36_232 29872 finished at 7102.79 total bytes 4000
Flow Roce_96_412 30832 finished at 7105.85 total bytes 4000
Flow Roce_85_379 30656 finished at 7150.65 total bytes 4000
Flow Roce_30_215 29780 finished at 7212.79 total bytes 4000
Flow Roce_61_307 30272 finished at 7230.34 total bytes 4000
Flow Roce_113_464 31108 finished at 7233.57 total bytes 4000
Flow Roce_36_231 29868 finished at 7235.72 total bytes 4000
Flow Roce_85_378 30652 finished at 7250.75 total bytes 4000
Flow Roce_102_430 30928 finished at 7277.65 total bytes 4000
Flow Roce_109_451 31040 finished at 7290.8 total bytes 4000
Flow Roce_61_306 30268 finished at 7324.24 total bytes 4000
Flow Roce_45_260 30020 finished at 7338.15 total bytes 4000
Flow Roce_86_383 30676 finished at 7347.1 total bytes 4000
Flow Roce_67_326 30372 finished at 7351.38 total bytes 4000
Flow Roce_79_362 30564 finished at 7381.19 total bytes 4000
Flow Roce_8_148 29424 finished at 7391.55 total bytes 4000
Flow Roce_79_361 30560 finished at 7401.73 total bytes 4000
Flow Roce_123_492 31260 finished at 7405.77 total bytes 4000
Flow Roce_37_235 29888 finished at 7421.94 total bytes 4000
Flow Roce_25_198 29692 finished at 7445.4 total bytes 4000
Flow Roce_9_152 29444 finished at 7455.84 total bytes 4000
Flow Roce_98_418 30864 finished at 7477.08 total bytes 4000
Flow Roce_58_299 30228 finished at 7488.35 total bytes 4000
Flow Roce_17_175 29568 finished at 7493.18 total bytes 4000
Flow Roce_107_446 31012 finished at 7525.38 total bytes 4000
Flow Roce_42_249 29964 finished at 7571.37 total bytes 4000
Flow Roce_82_371 30612 finished at 7588.88 total bytes 4000
Flow Roce_46_261 30028 finished at 7615.98 total bytes 4000
Flow Roce_28_207 29740 finished at 7642.93 total bytes 4000
Flow Roce_9_150 29436 finished at 7644.34 total bytes 4000
Flow Roce_50_275 30100 finished at 7646.22 total bytes 4000
Flow Roce_74_347 30484 finished at 7661.94 total bytes 4000
Flow Roce_11_158 29476 finished at 7668 total bytes 4000
Flow Roce_47_265 30048 finished at 7675.58 total bytes 4000
Flow Roce_14_165 29516 finished at 7764.01 total bytes 4000
Flow Roce_24_196 29680 finished at 7773.59 total bytes 4000
Flow Roce_16_172 29552 finished at 7811.49 total bytes 4000
Flow Roce_70_334 30416 finished at 7844.14 total bytes 4000
Flow Roce_31_216 29788 finished at 7858.29 total bytes 4000
Flow Roce_56_293 30196 finished at 7870.3 total bytes 4000
Flow Roce_86_381 30668 finished at 7876.74 total bytes 4000
Flow Roce_102_431 30932 finished at 7917.53 total bytes 4000
Flow Roce_22_189 29644 finished at 7957.86 total bytes 4000
Flow Roce_75_348 30492 finished at 7966.11 total bytes 4000
Flow Roce_99_420 30876 finished at 7996.93 total bytes 4000
Flow Roce_9_151 29440 finished at 8009.08 total bytes 4000
Flow Roce_44_257 30004 finished at 8012.99 total bytes 4000
Flow Roce_18_179 29588 finished at 8056.76 total bytes 4000
Flow Roce_102_429 30924 finished at 8059.84 total bytes 4000
Flow Roce_40_244 29936 finished at 8069.23 total bytes 4000
Flow Roce_50_273 30092 finished at 8072.94 total bytes 4000
Flow Roce_101_426 30908 finished at 8078.24 total bytes 4000
Flow Roce_109_450 31036 finished at 8107.87 total bytes 4000
Flow Roce_64_316 30320 finished at 8115.21 total bytes 4000
Flow Roce_41_248 29956 finished at 8121.72 total bytes 4000
Flow Roce_111_456 31068 finished at 8163.26 total bytes 4000
Flow Roce_33_224 29828 finished at 8174.24 total bytes 4000
Flow Roce_49_271 30080 finished at 8177.15 total bytes 4000
Flow Roce_88_389 30708 finished at 8198.18 total bytes 4000
Flow Roce_43_253 29984 finished at 8287.3 total bytes 4000
Flow Roce_122_489 31244 finished at 8289.93 total bytes 4000
Flow Roce_47_266 30052 finished at 8354.01 total bytes 4000
Flow Roce_125_500 31300 finished at 8355.72 total bytes 4000
Flow Roce_81_366 30588 finished at 8387.82 total bytes 4000
Flow Roce_122_490 31248 finished at 8390.84 total bytes 4000
Flow Roce_39_241 29920 finished at 8392.21 total bytes 4000
Flow Roce_82_369 30604 finished at 8413.27 total bytes 4000
Flow Roce_43_254 29988 finished at 8484.37 total bytes 4000
Flow Roce_108_448 31024 finished at 8506.31 total bytes 4000
Flow Roce_32_219 29804 finished at 8517.97 total bytes 4000
Flow Roce_14_166 29520 finished at 8563.65 total bytes 4000
Flow Roce_121_486 31228 finished at 8564.94 total bytes 4000
Flow Roce_40_245 29940 finished at 8583.19 total bytes 4000
Flow Roce_75_350 30500 finished at 8602.79 total bytes 4000
Flow Roce_26_201 29708 finished at 8606.48 total bytes 4000
Flow Roce_47_264 30044 finished at 8613.37 total bytes 4000
Flow Roce_106_442 30992 finished at 8633.84 total bytes 4000
Flow Roce_127_505 31328 finished at 8642.41 total bytes 4000
Flow Roce_115_470 31140 finished at 8661.21 total bytes 4000
Flow Roce_73_343 30464 finished at 8661.71 total bytes 4000
Flow Roce_8_147 29420 finished at 8695.45 total bytes 4000
Flow Roce_78_357 30540 finished at 8696.49 total bytes 4000
Flow Roce_65_319 30336 finished at 8700.06 total bytes 4000
Flow Roce_112_461 31092 finished at 8714.75 total bytes 4000
Flow Roce_90_394 30736 finished at 8716.72 total bytes 4000
Flow Roce_29_210 29756 finished at 8730.6 total bytes 4000
Flow Roce_125_499 31296 finished at 8744.07 total bytes 4000
Flow Roce_109_452 31044 finished at 8766.97 total bytes 4000
Flow Roce_22_190 29648 finished at 8767.25 total bytes 4000
Flow Roce_103_433 30944 finished at 8770.06 total bytes 4000
Flow Roce_117_475 31168 finished at 8811.86 total bytes 4000
Flow Roce_83_374 30628 finished at 8818.78 total bytes 4000
Flow Roce_72_340 30448 finished at 8821.37 total bytes 4000
Flow Roce_95_408 30812 finished at 8895.56 total bytes 4000
Flow Roce_116_473 31156 finished at 8944.23 total bytes 4000
Flow Roce_88_388 30704 finished at 8998.2 total bytes 4000
Flow Roce_118_478 31184 finished at 9021.6 total bytes 4000
Flow Roce_40_243 29932 finished at 9028.42 total bytes 4000
Flow Roce_76_352 30512 finished at 9051.08 total bytes 4000
Flow Roce_89_392 30724 finished at 9052.3 total bytes 4000
Flow Roce_98_417 30860 finished at 9118.09 total bytes 4000
Flow Roce_119_482 31204 finished at 9165.75 total bytes 4000
Flow Roce_113_462 31100 finished at 9171.56 total bytes 4000
Flow Roce_18_178 29584 finished at 9172.49 total bytes 4000
Flow Roce_101_427 30912 finished at 9186.1 total bytes 4000
Flow Roce_91_396 30748 finished at 9188.81 total bytes 4000
Flow Roce_66_322 30352 finished at 9206.31 total bytes 4000
Flow Roce_80_365 30580 finished at 9220.2 total bytes 4000
Flow Roce_95_410 30820 finished at 9234.7 total bytes 4000
Flow Roce_68_328 30384 finished at 9235.79 total bytes 4000
Flow Roce_76_351 30508 finished at 9247.43 total bytes 4000
Flow Roce_24_195 29676 finished at 9261.04 total bytes 4000
Flow Roce_29_211 29760 finished at 9268.06 total bytes 4000
Flow Roce_10_155 29460 finished at 9280.9 total bytes 4000
Flow Roce_55_290 30180 finished at 9309.55 total bytes 4000
Flow Roce_119_481 31200 finished at 9325.51 total bytes 4000
Flow Roce_83_372 30620 finished at 9327.42 total bytes 4000
Flow Roce_80_363 30572 finished at 9332.35 total bytes 4000
Flow Roce_94_405 30796 finished at 9351.86 total bytes 4000
Flow Roce_13_163 29504 finished at 9365.2 total bytes 4000
Flow Roce_98_419 30868 finished at 9431.73 total bytes 4000
Flow Roce_92_400 30768 finished at 9459.69 total bytes 4000
Flow Roce_91_398 30756 finished at 9491.83 total bytes 4000
Flow Roce_94_406 30800 finished at 9524.56 total bytes 4000
Flow Roce_74_345 30476 finished at 9527.08 total bytes 4000
Flow Roce_69_331 30400 finished at 9540.67 total bytes 4000
Flow Roce_107_445 31008 finished at 9627.6 total bytes 4000
Flow Roce_72_339 30444 finished at 9656.93 total bytes 4000
Flow Roce_83_373 30624 finished at 9662.77 total bytes 4000
Flow Roce_77_354 30524 finished at 9684.62 total bytes 4000
Flow Roce_96_411 30828 finished at 9876.34 total bytes 4000
Flow Roce_66_321 30348 finished at 9885.35 total bytes 4000
Flow Roce_99_421 30880 finished at 9892.5 total bytes 4000
Flow Roce_56_292 30192 finished at 9966.49 total bytes 4000
Flow Roce_42_251 29972 finished at 10087.4 total bytes 4000
Flow Roce_42_250 29968 finished at 10120.6 total bytes 4000
Flow Roce_48_268 30064 finished at 10213.3 total bytes 4000
Flow Roce_116_471 31148 finished at 10218.8 total bytes 4000
Flow Roce_53_282 30140 finished at 10259.1 total bytes 4000
Flow Roce_49_270 30076 finished at 10272.9 total bytes 4000
Flow Roce_78_358 30544 finished at 10281.3 total bytes 4000
Flow Roce_45_259 30016 finished at 10287.7 total bytes 4000
Flow Roce_41_246 29948 finished at 10301 total bytes 4000
Flow Roce_53_283 30144 finished at 10360.1 total bytes 4000
Flow Roce_64_315 30316 finished at 10362.9 total bytes 4000
Flow Roce_75_349 30496 finished at 10364.8 total bytes 4000
Flow Roce_25_200 29700 finished at 10399.4 total bytes 4000
Flow Roce_53_284 30148 finished at 10498.2 total bytes 4000
Flow Roce_120_483 31212 finished at 10607.9 total bytes 4000
Flow Roce_39_242 29924 finished at 10841.2 total bytes 4000
Flow Roce_65_320 30340 finished at 11076.9 total bytes 4000
Flow Roce_33_222 29820 finished at 11251.8 total bytes 4000
Flow Roce_90_395 30740 finished at 11668.8 total bytes 4000
Flow Roce_25_199 29696 finished at 12330.9 total bytes 4000
Flow Roce_118_479 31188 finished at 12815.5 total bytes 4000
Flow Roce_68_329 30388 finished at 13116.2 total bytes 4000
Flow Roce_68_327 30380 finished at 13227.1 total bytes 4000
Flow Roce_64_317 30324 finished at 13576.1 total bytes 4000
Flow Roce_18_177 29580 finished at 14044.5 total bytes 4000
Flow Roce_22_191 29652 finished at 14112.9 total bytes 4000
Flow Roce_120_484 31216 finished at 14320.4 total bytes 4000
Flow Roce_92_399 30764 finished at 14659.7 total bytes 4000
Flow Roce_70_333 30412 finished at 14789.5 total bytes 4000
Flow Roce_32_221 29812 finished at 15009.1 total bytes 4000
Flow Roce_70_335 30420 finished at 15394.9 total bytes 4000
Flow Roce_65_318 30332 finished at 15719.5 total bytes 4000
Flow Roce_114_465 31116 finished at 20999.4 total bytes 4000
.Flow Roce_113_0 31096 finished at 68594.8 total bytes 4000
Flow Roce_104_0 30952 finished at 71681.9 total bytes 4000
Flow Roce_89_0 30712 finished at 74625.3 total bytes 4000
Flow Roce_105_0 30968 finished at 75744 total bytes 4000
Flow Roce_109_0 31032 finished at 75757.5 total bytes 4000
Flow Roce_83_0 30616 finished at 76009.8 total bytes 4000
Flow Roce_64_0 30312 finished at 77155 total bytes 4000
Flow Roce_115_0 31128 finished at 77469.2 total bytes 4000
Flow Roce_93_0 30776 finished at 77773.7 total bytes 4000
Flow Roce_108_0 31016 finished at 78093 total bytes 4000
Flow Roce_85_0 30648 finished at 78328.7 total bytes 4000
Flow Roce_121_0 31224 finished at 79466.3 total bytes 4000
Flow Roce_122_0 31240 finished at 79564.5 total bytes 4000
Flow Roce_125_0 31288 finished at 79705.9 total bytes 4000
Flow Roce_81_0 30584 finished at 79713.7 total bytes 4000
Flow Roce_95_0 30808 finished at 80137.9 total bytes 4000
Flow Roce_117_0 31160 finished at 80308.6 total bytes 4000
Flow Roce_67_0 30360 finished at 80443.2 total bytes 4000
Flow Roce_100_0 30888 finished at 80482.5 total bytes 4000
Flow Roce_112_0 31080 finished at 80645.7 total bytes 4000
Flow Roce_91_0 30744 finished at 80651.6 total bytes 4000
Flow Roce_103_0 30936 finished at 80662.6 total bytes 4000
Flow Roce_87_0 30680 finished at 81117.3 total bytes 4000
Flow Roce_99_0 30872 finished at 81426.5 total bytes 4000
Flow Roce_127_0 31320 finished at 81504.8 total bytes 4000
Flow Roce_97_0 30840 finished at 81562.1 total bytes 4000
Flow Roce_70_0 30408 finished at 81619.8 total bytes 4000
Flow Roce_79_0 30552 finished at 81691 total bytes 4000
Flow Roce_123_0 31256 finished at 81841.2 total bytes 4000
Flow Roce_98_0 30856 finished at 81989.6 total bytes 4000
Flow Roce_76_0 30504 finished at 82514.4 total bytes 4000
Flow Roce_119_0 31192 finished at 82608.8 total bytes 4000
Flow Roce_94_0 30792 finished at 82651.6 total bytes 4000
Flow Roce_102_0 30920 finished at 82837.4 total bytes 4000
Flow Roce_124_0 31272 finished at 82897.2 total bytes 4000
Flow Roce_101_0 30904 finished at 83163 total bytes 4000
Flow Roce_77_0 30520 finished at 83275.1 total bytes 4000
Flow Roce_110_0 31048 finished at 83834.5 total bytes 4000
Flow Roce_90_0 30728 finished at 83925 total bytes 4000
Flow Roce_69_0 30392 finished at 83953.3 total bytes 4000
Flow Roce_71_0 30424 finished at 83956.6 total bytes 4000
Flow Roce_111_0 31064 finished at 84087.8 total bytes 4000
Flow Roce_128_0 31336 finished at 84243.4 total bytes 4000
Flow Roce_72_0 30440 finished at 84578.9 total bytes 4000
Flow Roce_126_0 31304 finished at 84813.3 total bytes 4000
Flow Roce_86_0 30664 finished at 85039.1 total bytes 4000
Flow Roce_74_0 30472 finished at 85314 total bytes 4000
Flow Roce_78_0 30536 finished at 85625.8 total bytes 4000
Flow Roce_75_0 30488 finished at 85637.3 total bytes 4000
Flow Roce_116_0 31144 finished at 85845.6 total bytes 4000
Flow Roce_68_0 30376 finished at 86464.2 total bytes 4000
Flow Roce_114_0 31112 finished at 86624.8 total bytes 4000
Flow Roce_96_0 30824 finished at 86727.9 total bytes 4000
Flow Roce_107_0 31000 finished at 86748.4 total bytes 4000
Flow Roce_92_0 30760 finished at 87228.3 total bytes 4000
Flow Roce_73_0 30456 finished at 87664.2 total bytes 4000
Flow Roce_82_0 30600 finished at 88013.7 total bytes 4000
Flow Roce_30_0 29768 finished at 88298.3 total bytes 4000
Flow Roce_120_0 31208 finished at 88311.5 total bytes 4000
Flow Roce_80_0 30568 finished at 88549 total bytes 4000
Flow Roce_66_0 30344 finished at 89071.3 total bytes 4000
Flow Roce_65_0 30328 finished at 89878.8 total bytes 4000
Flow Roce_88_0 30696 finished at 90139.9 total bytes 4000
Flow Roce_35_0 29848 finished at 90702.9 total bytes 4000
Flow Roce_106_0 30984 finished at 90744.3 total bytes 4000
Flow Roce_45_0 30008 finished at 91194.3 total bytes 4000
Flow Roce_34_0 29832 finished at 91220.6 total bytes 4000
Flow Roce_42_0 29960 finished at 91319.2 total bytes 4000
Flow Roce_63_0 30296 finished at 91410 total bytes 4000
Flow Roce_9_0 29432 finished at 91733.8 total bytes 4000
Flow Roce_12_0 29480 finished at 92127.7 total bytes 4000
Flow Roce_37_0 29880 finished at 92346.4 total bytes 4000
Flow Roce_59_0 30232 finished at 93037.1 total bytes 4000
Flow Roce_47_0 30040 finished at 93374.3 total bytes 4000
Flow Roce_17_0 29560 finished at 93437.5 total bytes 4000
Flow Roce_56_0 30184 finished at 93509.1 total bytes 4000
Flow Roce_31_0 29784 finished at 93704.4 total bytes 4000
Flow Roce_118_0 31176 finished at 94107.5 total bytes 4000
Flow Roce_26_0 29704 finished at 94128.6 total bytes 4000
Flow Roce_44_0 29992 finished at 94140 total bytes 4000
Flow Roce_14_0 29512 finished at 94163.7 total bytes 4000
Flow Roce_84_0 30632 finished at 94239 total bytes 4000
Flow Roce_61_0 30264 finished at 94398.2 total bytes 4000
Flow Roce_62_0 30280 finished at 94515.2 total bytes 4000
Flow Roce_24_0 29672 finished at 94554.2 total bytes 4000
Flow Roce_55_0 30168 finished at 94564.2 total bytes 4000
Flow Roce_43_0 29976 finished at 94583.5 total bytes 4000
Flow Roce_46_0 30024 finished at 94652.1 total bytes 4000
Flow Roce_18_0 29576 finished at 94667.9 total bytes 4000
Flow Roce_40_0 29928 finished at 94838.8 total bytes 4000
Flow Roce_19_0 29592 finished at 94978.6 total bytes 4000
Flow Roce_29_0 29752 finished at 95025.2 total bytes 4000
Flow Roce_8_0 29416 finished at 95036.6 total bytes 4000
Flow Roce_10_0 29448 finished at 95078.4 total bytes 4000
Flow Roce_48_0 30056 finished at 95090.6 total bytes 4000
Flow Roce_13_0 29496 finished at 95092.5 total bytes 4000
Flow Roce_51_0 30104 finished at 95143.1 total bytes 4000
Flow Roce_27_0 29720 finished at 95250.2 total bytes 4000
Flow Roce_41_0 29944 finished at 95316.9 total bytes 4000
Flow Roce_15_0 29528 finished at 95400.1 total bytes 4000
Flow Roce_23_0 29656 finished at 95411.6 total bytes 4000
Flow Roce_16_0 29544 finished at 95458.8 total bytes 4000
Flow Roce_36_0 29864 finished at 95465.3 total bytes 4000
Flow Roce_22_0 29640 finished at 95494.5 total bytes 4000
Flow Roce_52_0 30120 finished at 95529.6 total bytes 4000
Flow Roce_53_0 30136 finished at 95722.5 total bytes 4000
Flow Roce_11_0 29464 finished at 95728.8 total bytes 4000
Flow Roce_49_0 30072 finished at 95739.5 total bytes 4000
Flow Roce_21_0 29624 finished at 95780.4 total bytes 4000
Flow Roce_32_0 29800 finished at 95824.4 total bytes 4000
Flow Roce_54_0 30152 finished at 95859.3 total bytes 4000
Flow Roce_20_0 29608 finished at 95918 total bytes 4000
Flow Roce_33_0 29816 finished at 95930.1 total bytes 4000
Flow Roce_60_0 30248 finished at 95950.6 total bytes 4000
Flow Roce_1_0 29316 finished at 96081 total bytes 4000
Flow Roce_58_0 30216 finished at 96146 total bytes 4000
Flow Roce_28_0 29736 finished at 96275.3 total bytes 4000
Flow Roce_7_0 29400 finished at 96287.6 total bytes 4000
Flow Roce_50_0 30088 finished at 96333 total bytes 4000
Flow Roce_4_0 29352 finished at 96333.2 total bytes 4000
Flow Roce_6_0 29384 finished at 96348.2 total bytes 4000
Flow Roce_38_0 29896 finished at 96389.8 total bytes 4000
Flow Roce_39_0 29912 finished at 96415 total bytes 4000
Flow Roce_25_0 29688 finished at 96420.4 total bytes 4000
Flow Roce_5_0 29368 finished at 96492.4 total bytes 4000
Flow Roce_57_0 30200 finished at 96505.9 total bytes 4000
Flow Roce_3_0 29336 finished at 96539.7 total bytes 4000
Flow Roce_2_0 29320 finished at 96591.1 total bytes 4000
New: 0 Rtx: 0
PFC_PAUSES 56667 PFC_PAUSE_US 4.42265e+06 MAX_QUEUE_BYTES 117504
OVERFLOW_COUNT 0
