Flow Roce_86_22 4076 finished at 2627.1 total bytes 16000
Flow Roce_83_19 4028 finished at 2627.33 total bytes 16000
Flow Roce_12_76 3748 finished at 2630.74 total bytes 16000
Flow Roce_18_82 3784 finished at 2643.02 total bytes 16000
Flow Roce_75_11 4156 finished at 2646.6 total bytes 16000
Flow Roce_4_68 3956 finished at 2654.76 total bytes 16000
Flow Roce_122_58 3912 finished at 2654.93 total bytes 16000
Flow Roce_58_122 4244 finished at 2655.2 total bytes 16000
Flow Roce_68_4 3780 finished at 2655.33 total bytes 16000
Flow Roce_26_90 3760 finished at 2975.75 total bytes 16000
Flow Roce_102_38 3904 finished at 3169.77 total bytes 16000
Flow Roce_119_55 4088 finished at 3237.4 total bytes 16000
Flow Roce_11_75 3916 finished at 3259.16 total bytes 16000
Flow Roce_40_104 4140 finished at 3263.91 total bytes 16000
Flow Roce_115_51 4092 finished at 3564.14 total bytes 16000
Flow Roce_27_91 4024 finished at 3599.97 total bytes 16000
Flow Roce_82_18 3936 finished at 3740.97 total bytes 16000
Flow Roce_53_117 4216 finished at 3758.42 total bytes 16000
Flow Roce_34_98 4020 finished at 3785.19 total bytes 16000
Flow Roce_106_42 4120 finished at 3835.31 total bytes 16000
Flow Roce_121_57 3756 finished at 3848.15 total bytes 16000
Flow Roce_63_127 3920 finished at 3852.73 total bytes 16000
Flow Roce_74_10 4160 finished at 3946.67 total bytes 16000
Flow Roce_103_39 3876 finished at 4022.3 total bytes 16000
Flow Roce_13_77 4168 finished at 4429.66 total bytes 16000
Flow Roce_110_46 3992 finished at 4436.76 total bytes 16000
Flow Roce_123_59 4040 finished at 4495.6 total bytes 16000
Flow Roce_117_53 3800 finished at 4497.66 total bytes 16000
Flow Roce_91_27 3836 finished at 4718.88 total bytes 16000
Flow Roce_108_44 4224 finished at 4738.91 total bytes 16000
Flow Roce_101_37 4188 finished at 4779.27 total bytes 16000
Flow Roce_72_8 4184 finished at 4796.37 total bytes 16000
Flow Roce_71_7 3856 finished at 4857.97 total bytes 16000
Flow Roce_55_119 4056 finished at 4886.91 total bytes 16000
Flow Roce_43_107 3900 finished at 4888.09 total bytes 16000
Flow Roce_80_16 3972 finished at 4892.18 total bytes 16000
Flow Roce_54_118 3844 finished at 4952.05 total bytes 16000
Flow Roce_5_69 4108 finished at 4985.02 total bytes 16000
Flow Roce_23_87 4248 finished at 5017.12 total bytes 16000
Flow Roce_111_47 4148 finished at 5069.45 total bytes 16000
Flow Roce_37_101 4208 finished at 5176.9 total bytes 16000
Flow Roce_76_12 3772 finished at 5350.35 total bytes 16000
Flow Roce_47_111 3980 finished at 5374.95 total bytes 16000
Flow Roce_51_115 3828 finished at 5376.09 total bytes 16000
Flow Roce_90_26 4172 finished at 5452.24 total bytes 16000
Flow Roce_42_106 4068 finished at 5699.21 total bytes 16000
Flow Roce_31_95 3832 finished at 5761.29 total bytes 16000
Flow Roce_105_41 4060 finished at 5793.94 total bytes 16000
Flow Roce_126_62 3840 finished at 6077.06 total bytes 16000
Flow Roce_118_54 4052 finished at 6134.1 total bytes 16000
Flow Roce_96_32 4032 finished at 6443.48 total bytes 16000
Flow Roce_127_63 4000 finished at 6522.49 total bytes 16000
Flow Roce_28_92 4080 finished at 6823.93 total bytes 16000
Flow Roce_89_25 4136 finished at 7473.36 total bytes 16000
Flow Roce_45_109 3768 finished at 7680.02 total bytes 16000
Flow Roce_48_112 4084 finished at 7681.25 total bytes 16000
Flow Roce_66_2 3988 finished at 7707.12 total bytes 16000
Flow Roce_21_85 4164 finished at 7708.35 total bytes 16000
Flow Roce_35_99 4100 finished at 7710.74 total bytes 16000
Flow Roce_70_6 3924 finished at 7710.94 total bytes 16000
Flow Roce_22_86 3788 finished at 7711.91 total bytes 16000
Flow Roce_67_3 4256 finished at 7712.14 total bytes 16000
Flow Roce_78_14 3928 finished at 7712.49 total bytes 16000
Flow Roce_64_0 3884 finished at 7714.2 total bytes 16000
Flow Roce_44_108 3752 finished at 7715.72 total bytes 16000
Flow Roce_62_126 3940 finished at 7715.91 total bytes 16000
Flow Roce_20_84 4152 finished at 7716.09 total bytes 16000
Flow Roce_14_78 4240 finished at 7716.25 total bytes 16000
Flow Roce_36_100 3996 finished at 7716.61 total bytes 16000
Flow Roce_6_70 4176 finished at 7716.92 total bytes 16000
Flow Roce_7_71 4252 finished at 7717.31 total bytes 16000
Flow Roce_19_83 4008 finished at 7717.6 total bytes 16000
Flow Roce_50_114 3932 finished at 7718.4 total bytes 16000
Flow Roce_15_79 3896 finished at 7718.41 total bytes 16000
Flow Roce_46_110 4096 finished at 7719.89 total bytes 16000
Flow Roce_33_97 3908 finished at 7720.37 total bytes 16000
Flow Roce_17_81 4132 finished at 7720.54 total bytes 16000
Flow Roce_32_96 3820 finished at 7720.7 total bytes 16000
Flow Roce_39_103 3864 finished at 7720.86 total bytes 16000
Flow Roce_65_1 4036 finished at 7721.65 total bytes 16000
Flow Roce_16_80 4204 finished at 7721.81 total bytes 16000
Flow Roce_38_102 4104 finished at 7723.74 total bytes 16000
Flow Roce_24_88 3804 finished at 7790.15 total bytes 16000
Flow Roce_41_105 3776 finished at 7855.26 total bytes 16000
Flow Roce_25_89 4196 finished at 7998.77 total bytes 16000
Flow Roce_77_13 3824 finished at 8000.45 total bytes 16000
Flow Roce_114_50 4192 finished at 9051.91 total bytes 16000
Flow Roce_120_56 4048 finished at 9167.43 total bytes 16000
Flow Roce_8_72 3796 finished at 9399.2 total bytes 16000
Flow Roce_84_20 3892 finished at 9399.96 total bytes 16000
Flow Roce_9_73 3764 finished at 9528.62 total bytes 16000
Flow Roce_98_34 3880 finished at 9543.94 total bytes 16000
Flow Roce_97_33 3816 finished at 9546.49 total bytes 16000
Flow Roce_93_29 3948 finished at 9603.4 total bytes 16000
Flow Roce_112_48 4004 finished at 9637.98 total bytes 16000
Flow Roce_69_5 3960 finished at 9781.27 total bytes 16000
Flow Roce_79_15 4016 finished at 9784.76 total bytes 16000
Flow Roce_116_52 4072 finished at 10358.9 total bytes 16000
Flow Roce_85_21 3976 finished at 11094.4 total bytes 16000
Flow Roce_81_17 4124 finished at 11116.1 total bytes 16000
Flow Roce_56_120 3944 finished at 11153.6 total bytes 16000
Flow Roce_57_121 4212 finished at 11154.8 total bytes 16000
Flow Roce_59_123 3872 finished at 11158.4 total bytes 16000
Flow Roce_92_28 3812 finished at 11164.2 total bytes 16000
Flow Roce_95_31 3808 finished at 11166.3 total bytes 16000
Flow Roce_87_23 4012 finished at 11169.2 total bytes 16000
Flow Roce_94_30 3888 finished at 11170.3 total bytes 16000
Flow Roce_88_24 3952 finished at 11212.8 total bytes 16000
Flow Roce_104_40 3964 finished at 11240.5 total bytes 16000
Flow Roce_99_35 4180 finished at 11283.2 total bytes 16000
Flow Roce_10_74 3968 finished at 11287.2 total bytes 16000
Flow Roce_73_9 3852 finished at 11334 total bytes 16000
Flow Roce_125_61 4228 finished at 11393.1 total bytes 16000
Flow Roce_1_65 3860 finished at 11422.7 total bytes 16000
Flow Roce_124_60 4232 finished at 11426.5 total bytes 16000
Flow Roce_3_67 4044 finished at 11427.1 total bytes 16000
Flow Roce_109_45 4220 finished at 11455.5 total bytes 16000
Flow Roce_113_49 3984 finished at 11477.8 total bytes 16000
Flow Roce_30_94 4128 finished at 11491.9 total bytes 16000
Flow Roce_100_36 3868 finished at 11529.2 total bytes 16000
Flow Roce_107_43 4064 finished at 11531.1 total bytes 16000
Flow Roce_29_93 4112 finished at 11634.1 total bytes 16000
Flow Roce_49_113 4236 finished at 13740.4 total bytes 16000
Flow Roce_60_124 4144 finished at 13805 total bytes 16000
Flow Roce_61_125 4116 finished at 13808.6 total bytes 16000
Flow Roce_0_64 3848 finished at 14597.7 total bytes 16000
Flow Roce_2_66 4200 finished at 14598 total bytes 16000
Flow Roce_52_116 3792 finished at 14667.3 total bytes 16000
New: 0 Rtx: 0
PFC_PAUSES 731 PFC_PAUSE_US 3620.22 MAX_QUEUE_BYTES 117248
OVERFLOW_COUNT 0
