Flow Roce_60_62 4212 finished at 2616.01 total bytes 16000
Flow Roce_1_2 4100 finished at 2617.96 total bytes 16000
Flow Roce_19_24 3996 finished at 2622.67 total bytes 16000
Flow Roce_0_3 4156 finished at 2968.4 total bytes 16000
Flow Roce_100_53 4200 finished at 3062.69 total bytes 16000
Flow Roce_57_52 4216 finished at 3232.66 total bytes 16000
Flow Roce_93_86 4112 finished at 3570.87 total bytes 16000
Flow Roce_28_14 4076 finished at 3593.7 total bytes 16000
Flow Roce_119_96 4068 finished at 3639.81 total bytes 16000
Flow Roce_22_117 3860 finished at 3773.59 total bytes 16000
Flow Roce_97_111 4240 finished at 3870.32 total bytes 16000
Flow Roce_76_123 3792 finished at 4752.6 total bytes 16000
Flow Roce_98_76 4160 finished at 4859.52 total bytes 16000
Flow Roce_68_26 3988 finished at 4922.55 total bytes 16000
Flow Roce_12_0 4192 finished at 4929.95 total bytes 16000
Flow Roce_51_95 3784 finished at 4932.47 total bytes 16000
Flow Roce_50_94 3884 finished at 5033.14 total bytes 16000
Flow Roce_26_44 4196 finished at 5035.94 total bytes 16000
Flow Roce_104_37 4060 finished at 5049.27 total bytes 16000
Flow Roce_101_90 3928 finished at 5060.15 total bytes 16000
Flow Roce_40_98 4124 finished at 5131.67 total bytes 16000
Flow Roce_85_102 4004 finished at 5217.79 total bytes 16000
Flow Roce_61_114 3848 finished at 5240.97 total bytes 16000
Flow Roce_69_10 4104 finished at 5419.77 total bytes 16000
Flow Roce_30_13 3956 finished at 5429.96 total bytes 16000
Flow Roce_36_85 3760 finished at 5493.83 total bytes 16000
Flow Roce_72_121 4252 finished at 5526.88 total bytes 16000
Flow Roce_112_65 3940 finished at 5591.04 total bytes 16000
Flow Roce_73_41 4020 finished at 5728.12 total bytes 16000
Flow Roce_14_127 3748 finished at 5895.3 total bytes 16000
Flow Roce_90_38 3952 finished at 5902.62 total bytes 16000
Flow Roce_92_120 4140 finished at 6057.5 total bytes 16000
Flow Roce_79_56 3840 finished at 6085.21 total bytes 16000
Flow Roce_67_34 4080 finished at 6105.81 total bytes 16000
Flow Roce_39_124 3868 finished at 6328.62 total bytes 16000
Flow Roce_124_18 3816 finished at 6353.48 total bytes 16000
Flow Roce_21_107 3828 finished at 6436.86 total bytes 16000
Flow Roce_16_101 3824 finished at 6468.33 total bytes 16000
Flow Roce_5_113 3912 finished at 6670.32 total bytes 16000
Flow Roce_17_125 3776 finished at 6683.11 total bytes 16000
Flow Roce_59_71 3904 finished at 6760.95 total bytes 16000
Flow Roce_83_104 4208 finished at 6805.02 total bytes 16000
Flow Roce_3_69 4184 finished at 6927.1 total bytes 16000
Flow Roce_25_87 3968 finished at 7219.39 total bytes 16000
Flow Roce_111_106 4028 finished at 7411.93 total bytes 16000
Flow Roce_103_67 4036 finished at 7709.08 total bytes 16000
Flow Roce_71_66 3756 finished at 7710.52 total bytes 16000
Flow Roce_20_40 3836 finished at 7711.11 total bytes 16000
Flow Roce_94_19 3796 finished at 7715.87 total bytes 16000
Flow Roce_96_59 3908 finished at 7718.19 total bytes 16000
Flow Roce_10_33 3896 finished at 7720.37 total bytes 16000
Flow Roce_99_77 3788 finished at 7720.5 total bytes 16000
Flow Roce_95_15 3764 finished at 7722.74 total bytes 16000
Flow Roce_49_100 4176 finished at 7753.67 total bytes 16000
Flow Roce_109_32 4120 finished at 7818.94 total bytes 16000
Flow Roce_27_1 4092 finished at 7889.07 total bytes 16000
Flow Roce_37_103 4040 finished at 7935.31 total bytes 16000
Flow Roce_75_23 4132 finished at 7965.26 total bytes 16000
Flow Roce_13_11 4128 finished at 8007.86 total bytes 16000
Flow Roce_52_75 3872 finished at 8013.76 total bytes 16000
Flow Roce_74_47 3880 finished at 8021.47 total bytes 16000
Flow Roce_106_79 4180 finished at 8033.5 total bytes 16000
Flow Roce_54_35 4088 finished at 8054.47 total bytes 16000
Flow Roce_77_42 4168 finished at 8056.3 total bytes 16000
Flow Roce_118_58 4164 finished at 8204.66 total bytes 16000
Flow Roce_42_60 4012 finished at 8212.88 total bytes 16000
Flow Roce_34_109 4256 finished at 8232.68 total bytes 16000
Flow Roce_46_43 3752 finished at 8259.31 total bytes 16000
Flow Roce_9_84 3864 finished at 8264.75 total bytes 16000
Flow Roce_18_126 3992 finished at 8307.57 total bytes 16000
Flow Roce_84_99 3772 finished at 8325.34 total bytes 16000
Flow Roce_123_64 4220 finished at 8401.49 total bytes 16000
Flow Roce_86_73 3856 finished at 8460.31 total bytes 16000
Flow Roce_91_31 4084 finished at 8589.92 total bytes 16000
Flow Roce_56_108 4072 finished at 8626.12 total bytes 16000
Flow Roce_45_28 3916 finished at 8729.02 total bytes 16000
Flow Roce_53_83 4032 finished at 8783.88 total bytes 16000
Flow Roce_88_54 3876 finished at 8835.17 total bytes 16000
Flow Roce_32_72 4232 finished at 9087 total bytes 16000
Flow Roce_116_122 3964 finished at 9280.94 total bytes 16000
Flow Roce_31_12 3980 finished at 9335.89 total bytes 16000
Flow Roce_108_7 4248 finished at 9405.63 total bytes 16000
Flow Roce_11_119 3932 finished at 9482.65 total bytes 16000
Flow Roce_2_4 4116 finished at 9510.18 total bytes 16000
Flow Roce_121_6 3972 finished at 9517.25 total bytes 16000
Flow Roce_48_45 4204 finished at 10036.8 total bytes 16000
Flow Roce_35_88 3924 finished at 10099.9 total bytes 16000
Flow Roce_105_92 3844 finished at 10254.9 total bytes 16000
Flow Roce_43_89 3920 finished at 10264.3 total bytes 16000
Flow Roce_15_70 4228 finished at 10563.4 total bytes 16000
Flow Roce_63_25 4224 finished at 10599.8 total bytes 16000
Flow Roce_70_112 4064 finished at 10727.9 total bytes 16000
Flow Roce_80_36 3808 finished at 10843.8 total bytes 16000
Flow Roce_81_50 3984 finished at 10844 total bytes 16000
Flow Roce_24_39 4000 finished at 10863.2 total bytes 16000
Flow Roce_4_118 3780 finished at 11124 total bytes 16000
Flow Roce_87_17 3804 finished at 11232.5 total bytes 16000
Flow Roce_33_105 3892 finished at 11244.3 total bytes 16000
Flow Roce_58_93 4044 finished at 11255 total bytes 16000
Flow Roce_89_29 4152 finished at 11261 total bytes 16000
Flow Roce_114_57 4096 finished at 11366.9 total bytes 16000
Flow Roce_41_110 3832 finished at 11388.3 total bytes 16000
Flow Roce_7_30 3820 finished at 11417.3 total bytes 16000
Flow Roce_122_116 3800 finished at 11471.3 total bytes 16000
Flow Roce_113_55 3768 finished at 11553.8 total bytes 16000
Flow Roce_126_97 3960 finished at 11588.7 total bytes 16000
Flow Roce_23_115 4024 finished at 11665.3 total bytes 16000
Flow Roce_8_46 4236 finished at 11718.8 total bytes 16000
Flow Roce_38_5 3812 finished at 11752.6 total bytes 16000
Flow Roce_82_20 4048 finished at 12018.2 total bytes 16000
Flow Roce_78_21 4052 finished at 12116.9 total bytes 16000
Flow Roce_44_8 4056 finished at 12434.2 total bytes 16000
Flow Roce_115_9 4108 finished at 12523.2 total bytes 16000
Flow Roce_125_91 3944 finished at 12549.8 total bytes 16000
Flow Roce_110_80 3852 finished at 12772.2 total bytes 16000
Flow Roce_65_16 3976 finished at 12821.6 total bytes 16000
Flow Roce_6_48 3900 finished at 13409.7 total bytes 16000
Flow Roce_66_49 3936 finished at 13414.1 total bytes 16000
Flow Roce_127_22 4144 finished at 13416.7 total bytes 16000
Flow Roce_55_78 4172 finished at 13545.2 total bytes 16000
Flow Roce_62_68 4188 finished at 13650.9 total bytes 16000
Flow Roce_64_82 4008 finished at 13833.4 total bytes 16000
Flow Roce_107_51 3888 finished at 14045 total bytes 16000
Flow Roce_102_61 4244 finished at 14557.2 total bytes 16000
Flow Roce_47_27 3948 finished at 14605.9 total bytes 16000
Flow Roce_120_63 4016 finished at 14695.5 total bytes 16000
Flow Roce_117_81 4148 finished at 14786.5 total bytes 16000
Flow Roce_29_74 4136 finished at 14847.3 total bytes 16000
New: 0 Rtx: 0
PFC_PAUSES 1525 PFC_PAUSE_US 8388.57 MAX_QUEUE_BYTES 116672
OVERFLOW_COUNT 0
