Flow Roce_122_58 2928 finished at 2618.65 total bytes 16000
Flow Roce_93_29 2964 finished at 3823.91 total bytes 16000
Flow Roce_35_99 3116 finished at 3833.02 total bytes 16000
Flow Roce_61_125 3132 finished at 4117.5 total bytes 16000
Flow Roce_77_13 2840 finished at 7690.68 total bytes 16000
Flow Roce_44_108 2768 finished at 7708.55 total bytes 16000
Flow Roce_116_52 3088 finished at 7711.97 total bytes 16000
Flow Roce_4_68 2972 finished at 7713.34 total bytes 16000
Flow Roce_121_57 2772 finished at 7717.65 total bytes 16000
Flow Roce_46_110 3112 finished at 7719.98 total bytes 16000
Flow Roce_66_2 3004 finished at 7721.34 total bytes 16000
Flow Roce_1_65 2876 finished at 7721.62 total bytes 16000
Flow Roce_29_93 3128 finished at 11163 total bytes 16000
Flow Roce_53_117 3232 finished at 11233.9 total bytes 16000
Flow Roce_49_113 3252 finished at 11238.7 total bytes 16000
Flow Roce_0_64 2864 finished at 11297 total bytes 16000
Flow Roce_104_40 2980 finished at 11335.3 total bytes 16000
Flow Roce_12_76 2764 finished at 11345.4 total bytes 16000
Flow Roce_110_46 3008 finished at 11347.2 total bytes 16000
Flow Roce_96_32 3048 finished at 11392.3 total bytes 16000
Flow Roce_87_23 3028 finished at 11404.3 total bytes 16000
Flow Roce_17_81 3148 finished at 11445.3 total bytes 16000
Flow Roce_115_51 3108 finished at 11454.5 total bytes 16000
Flow Roce_31_95 2848 finished at 11462.2 total bytes 16000
Flow Roce_26_90 2776 finished at 11469.6 total bytes 16000
Flow Roce_123_59 3056 finished at 11485.8 total bytes 16000
Flow Roce_56_120 2960 finished at 11512.5 total bytes 16000
Flow Roce_95_31 2824 finished at 11532.4 total bytes 16000
Flow Roce_94_30 2904 finished at 11532.7 total bytes 16000
Flow Roce_109_45 3236 finished at 11533.1 total bytes 16000
Flow Roce_120_56 3064 finished at 11538.1 total bytes 16000
Flow Roce_111_47 3164 finished at 11541.8 total bytes 16000
Flow Roce_22_86 2804 finished at 11542.2 total bytes 16000
Flow Roce_21_85 3180 finished at 11544 total bytes 16000
Flow Roce_100_36 2884 finished at 11610.6 total bytes 16000
Flow Roce_10_74 2984 finished at 11657.8 total bytes 16000
Flow Roce_25_89 3212 finished at 14156.1 total bytes 16000
Flow Roce_78_14 2944 finished at 14355.5 total bytes 16000
Flow Roce_28_92 3096 finished at 14526.1 total bytes 16000
Flow Roce_73_9 2868 finished at 14599 total bytes 16000
Flow Roce_72_8 3200 finished at 14601.1 total bytes 16000
Flow Roce_74_10 3176 finished at 14602.5 total bytes 16000
Flow Roce_19_83 3024 finished at 14688.4 total bytes 16000
Flow Roce_24_88 2820 finished at 14730.1 total bytes 16000
Flow Roce_105_41 3076 finished at 16666.8 total bytes 16000
Flow Roce_68_4 2796 finished at 16716.8 total bytes 16000
Flow Roce_101_37 3204 finished at 16771.5 total bytes 16000
Flow Roce_6_70 3192 finished at 17488.7 total bytes 16000
Flow Roce_58_122 3260 finished at 17531.2 total bytes 16000
Flow Roce_54_118 2860 finished at 17539.7 total bytes 16000
Flow Roce_5_69 3124 finished at 17566.8 total bytes 16000
Flow Roce_103_39 2892 finished at 17575.5 total bytes 16000
Flow Roce_108_44 3240 finished at 17592.6 total bytes 16000
Flow Roce_11_75 2932 finished at 17617.1 total bytes 16000
Flow Roce_9_73 2780 finished at 17636.9 total bytes 16000
Flow Roce_97_33 2832 finished at 17639 total bytes 16000
Flow Roce_99_35 3196 finished at 17660 total bytes 16000
Flow Roce_75_11 3172 finished at 17673.7 total bytes 16000
Flow Roce_98_34 2896 finished at 17675.6 total bytes 16000
Flow Roce_79_15 3032 finished at 17681.1 total bytes 16000
Flow Roce_107_43 3080 finished at 17706.7 total bytes 16000
Flow Roce_70_6 2940 finished at 17743.1 total bytes 16000
Flow Roce_71_7 2872 finished at 17745.4 total bytes 16000
Flow Roce_52_116 2808 finished at 17772.8 total bytes 16000
Flow Roce_102_38 2920 finished at 17789.2 total bytes 16000
Flow Roce_8_72 2812 finished at 17794.7 total bytes 16000
Flow Roce_106_42 3136 finished at 17809.3 total bytes 16000
Flow Roce_63_127 2936 finished at 17841.7 total bytes 16000
Flow Roce_59_123 2888 finished at 17883.7 total bytes 16000
Flow Roce_67_3 3272 finished at 17884.8 total bytes 16000
Flow Roce_76_12 2788 finished at 17892.5 total bytes 16000
Flow Roce_64_0 2900 finished at 17968.2 total bytes 16000
Flow Roce_43_107 2916 finished at 17993.6 total bytes 16000
Flow Roce_69_5 2976 finished at 18098.1 total bytes 16000
Flow Roce_65_1 3052 finished at 18105 total bytes 16000
Flow Roce_30_94 3144 finished at 18206.6 total bytes 16000
Flow Roce_85_21 2992 finished at 19879.7 total bytes 16000
Flow Roce_83_19 3044 finished at 20162 total bytes 16000
Flow Roce_84_20 2908 finished at 20234.3 total bytes 16000
Flow Roce_91_27 2852 finished at 20567.5 total bytes 16000
Flow Roce_3_67 3060 finished at 20620.3 total bytes 16000
Flow Roce_16_80 3220 finished at 20630.9 total bytes 16000
Flow Roce_92_28 2828 finished at 20678.9 total bytes 16000
Flow Roce_89_25 3152 finished at 20693 total bytes 16000
Flow Roce_47_111 2996 finished at 20787.9 total bytes 16000
Flow Roce_27_91 3040 finished at 20807.5 total bytes 16000
Flow Roce_80_16 2988 finished at 20808.1 total bytes 16000
Flow Roce_7_71 3268 finished at 20840.7 total bytes 16000
Flow Roce_90_26 3188 finished at 20895 total bytes 16000
Flow Roce_2_66 3216 finished at 20903.7 total bytes 16000
Flow Roce_41_105 2792 finished at 20907 total bytes 16000
Flow Roce_20_84 3168 finished at 20908.6 total bytes 16000
Flow Roce_18_82 2800 finished at 20918.2 total bytes 16000
Flow Roce_23_87 3264 finished at 20918.7 total bytes 16000
Flow Roce_13_77 3184 finished at 20939.2 total bytes 16000
Flow Roce_14_78 3256 finished at 20939.6 total bytes 16000
Flow Roce_15_79 2912 finished at 20940.3 total bytes 16000
Flow Roce_32_96 2836 finished at 21018 total bytes 16000
Flow Roce_82_18 2952 finished at 21021.9 total bytes 16000
Flow Roce_86_22 3092 finished at 21026.7 total bytes 16000
Flow Roce_36_100 3012 finished at 21027.6 total bytes 16000
Flow Roce_88_24 2968 finished at 21046.3 total bytes 16000
Flow Roce_81_17 3140 finished at 21048.1 total bytes 16000
Flow Roce_42_106 3084 finished at 21130.3 total bytes 16000
Flow Roce_55_119 3072 finished at 23597 total bytes 16000
Flow Roce_48_112 3100 finished at 23638.9 total bytes 16000
Flow Roce_50_114 2948 finished at 23772 total bytes 16000
Flow Roce_45_109 2784 finished at 23922.3 total bytes 16000
Flow Roce_40_104 3156 finished at 23959.3 total bytes 16000
Flow Roce_39_103 2880 finished at 24137 total bytes 16000
Flow Roce_57_121 3228 finished at 24188.9 total bytes 16000
Flow Roce_62_126 2956 finished at 24236.7 total bytes 16000
Flow Roce_60_124 3160 finished at 24237.3 total bytes 16000
Flow Roce_51_115 2844 finished at 24278.7 total bytes 16000
Flow Roce_38_102 3120 finished at 24370.9 total bytes 16000
Flow Roce_37_101 3224 finished at 24371.5 total bytes 16000
Flow Roce_33_97 2924 finished at 24593.2 total bytes 16000
Flow Roce_34_98 3036 finished at 24598.7 total bytes 16000
Flow Roce_118_54 3068 finished at 33214.4 total bytes 16000
Flow Roce_114_50 3208 finished at 33218.8 total bytes 16000
Flow Roce_117_53 2816 finished at 33948.7 total bytes 16000
Flow Roce_112_48 3020 finished at 34109.1 total bytes 16000
Flow Roce_127_63 3016 finished at 34534.2 total bytes 16000
Flow Roce_124_60 3248 finished at 34617.2 total bytes 16000
Flow Roce_119_55 3104 finished at 34690 total bytes 16000
Flow Roce_125_61 3244 finished at 34702.7 total bytes 16000
Flow Roce_113_49 3000 finished at 34862.1 total bytes 16000
Flow Roce_126_62 2856 finished at 34901.3 total bytes 16000
New: 0 Rtx: 0
PFC_PAUSES 2241 PFC_PAUSE_US 17502 MAX_QUEUE_BYTES 117824
OVERFLOW_COUNT 0
