Flow Uec_64_0 flowId 1 uecSrc 0 finished at 42557.3 total messages 1 total packets 24474 RTS 0 total bytes 100000764 in_flight now 0 fair_inc 41996 prop_inc 245 fast_inc 0 eta_inc 10632 multi_dec -0 quick_dec -98912 nack_dec -498000
....Flow Uec_77_0 flowId 14 uecSrc 13 finished at 241939 total messages 1 total packets 24474 RTS 0 total bytes 100000764 in_flight now 0 fair_inc 877670 prop_inc 51 fast_inc 0 eta_inc 13166403 multi_dec -14290493 quick_dec -399585 nack_dec -1253300
Flow Uec_83_0 flowId 20 uecSrc 19 finished at 244880 total messages 1 total packets 24474 RTS 0 total bytes 100000764 in_flight now 0 fair_inc 910340 prop_inc 6313 fast_inc 0 eta_inc 13333857 multi_dec -14536401 quick_dec -473305 nack_dec -1228400
Flow Uec_86_0 flowId 23 uecSrc 22 finished at 245004 total messages 1 total packets 24474 RTS 0 total bytes 100000764 in_flight now 0 fair_inc 778523 prop_inc 0 fast_inc 0 eta_inc 13344489 multi_dec -14558320 quick_dec -124706 nack_dec -1079000
.Flow Uec_125_0 flowId 62 uecSrc 61 finished at 252334 total messages 1 total packets 24474 RTS 0 total bytes 100000764 in_flight now 0 fair_inc 941404 prop_inc 0 fast_inc 0 eta_inc 13740531 multi_dec -15071140 quick_dec -407704 nack_dec -1124650
Flow Uec_71_0 flowId 8 uecSrc 7 finished at 252450 total messages 1 total packets 24474 RTS 0 total bytes 100000764 in_flight now 0 fair_inc 992657 prop_inc 0 fast_inc 0 eta_inc 13747176 multi_dec -15076547 quick_dec -466218 nack_dec -1215950
Flow Uec_119_0 flowId 56 uecSrc 55 finished at 254849 total messages 1 total packets 24474 RTS 0 total bytes 100000764 in_flight now 0 fair_inc 993634 prop_inc 0 fast_inc 0 eta_inc 13882734 multi_dec -15562064 quick_dec -304567 nack_dec -1120500
Flow Uec_79_0 flowId 16 uecSrc 15 finished at 255682 total messages 1 total packets 24474 RTS 0 total bytes 100000764 in_flight now 0 fair_inc 1038511 prop_inc 0 fast_inc 0 eta_inc 13919946 multi_dec -15583004 quick_dec -207927 nack_dec -1178600
Flow Uec_106_0 flowId 43 uecSrc 42 finished at 256155 total messages 1 total packets 24474 RTS 0 total bytes 100000764 in_flight now 0 fair_inc 1028913 prop_inc 56 fast_inc 0 eta_inc 13962474 multi_dec -15686922 quick_dec -351178 nack_dec -1062400
Flow Uec_72_0 flowId 9 uecSrc 8 finished at 256231 total messages 1 total packets 24474 RTS 0 total bytes 100000764 in_flight now 0 fair_inc 1016419 prop_inc 236 fast_inc 0 eta_inc 13971777 multi_dec -15769759 quick_dec -491652 nack_dec -1079000
Flow Uec_114_0 flowId 51 uecSrc 50 finished at 256446 total messages 1 total packets 24474 RTS 0 total bytes 100000764 in_flight now 0 fair_inc 1130314 prop_inc 9724 fast_inc 0 eta_inc 13987725 multi_dec -15612931 quick_dec -431066 nack_dec -1274050
Flow Uec_91_0 flowId 28 uecSrc 27 finished at 256536 total messages 1 total packets 24474 RTS 0 total bytes 100000764 in_flight now 0 fair_inc 916809 prop_inc 0 fast_inc 0 eta_inc 13962474 multi_dec -15679501 quick_dec -169993 nack_dec -1103900
Flow Uec_95_0 flowId 32 uecSrc 31 finished at 256627 total messages 1 total packets 24474 RTS 0 total bytes 100000764 in_flight now 0 fair_inc 940532 prop_inc 0 fast_inc 0 eta_inc 13974435 multi_dec -15398795 quick_dec -309739 nack_dec -1112200
Flow Uec_84_0 flowId 21 uecSrc 20 finished at 256893 total messages 1 total packets 24474 RTS 0 total bytes 100000764 in_flight now 0 fair_inc 1036443 prop_inc 297 fast_inc 0 eta_inc 13999686 multi_dec -15744409 quick_dec -137073 nack_dec -1045800
Flow Uec_102_0 flowId 39 uecSrc 38 finished at 257098 total messages 1 total packets 24474 RTS 0 total bytes 100000764 in_flight now 0 fair_inc 1030721 prop_inc 0 fast_inc 0 eta_inc 14006331 multi_dec -15811701 quick_dec -325332 nack_dec -1083150
Flow Uec_108_0 flowId 45 uecSrc 44 finished at 257278 total messages 1 total packets 24474 RTS 0 total bytes 100000764 in_flight now 0 fair_inc 984047 prop_inc 0 fast_inc 0 eta_inc 14018292 multi_dec -15759604 quick_dec -252966 nack_dec -1091450
Flow Uec_122_0 flowId 59 uecSrc 58 finished at 257430 total messages 1 total packets 24474 RTS 0 total bytes 100000764 in_flight now 0 fair_inc 1042990 prop_inc 0 fast_inc 0 eta_inc 14002344 multi_dec -15654050 quick_dec -298697 nack_dec -1191050
Flow Uec_76_0 flowId 13 uecSrc 12 finished at 257497 total messages 1 total packets 24474 RTS 0 total bytes 100000764 in_flight now 0 fair_inc 953793 prop_inc 1022 fast_inc 0 eta_inc 14043543 multi_dec -15579769 quick_dec -391862 nack_dec -962800
Flow Uec_105_0 flowId 42 uecSrc 41 finished at 257614 total messages 1 total packets 24474 RTS 0 total bytes 100000764 in_flight now 0 fair_inc 1083775 prop_inc 211 fast_inc 0 eta_inc 14048859 multi_dec -15657155 quick_dec -489942 nack_dec -1112200
Flow Uec_89_0 flowId 26 uecSrc 25 finished at 257667 total messages 1 total packets 24474 RTS 0 total bytes 100000764 in_flight now 0 fair_inc 1005556 prop_inc 981 fast_inc 0 eta_inc 14042214 multi_dec -15624838 quick_dec -305934 nack_dec -1141250
Flow Uec_78_0 flowId 15 uecSrc 14 finished at 258015 total messages 1 total packets 24474 RTS 0 total bytes 100000764 in_flight now 0 fair_inc 1072204 prop_inc 0 fast_inc 0 eta_inc 14043543 multi_dec -15593808 quick_dec -427683 nack_dec -1265750
Flow Uec_85_0 flowId 22 uecSrc 21 finished at 258041 total messages 1 total packets 24474 RTS 0 total bytes 100000764 in_flight now 0 fair_inc 1024407 prop_inc 0 fast_inc 0 eta_inc 14046201 multi_dec -15571510 quick_dec -322660 nack_dec -1199350
Flow Uec_74_0 flowId 11 uecSrc 10 finished at 258082 total messages 1 total packets 24474 RTS 0 total bytes 100000764 in_flight now 0 fair_inc 935708 prop_inc 118 fast_inc 0 eta_inc 14063478 multi_dec -15601970 quick_dec -381581 nack_dec -1074850
Flow Uec_109_0 flowId 46 uecSrc 45 finished at 258179 total messages 1 total packets 24474 RTS 0 total bytes 100000764 in_flight now 0 fair_inc 966155 prop_inc 230 fast_inc 0 eta_inc 14039556 multi_dec -15734008 quick_dec -308569 nack_dec -1203500
Flow Uec_96_0 flowId 33 uecSrc 32 finished at 258259 total messages 1 total packets 24474 RTS 0 total bytes 100000764 in_flight now 0 fair_inc 1004654 prop_inc 0 fast_inc 0 eta_inc 14051517 multi_dec -15733969 quick_dec -366782 nack_dec -1207650
Flow Uec_112_0 flowId 49 uecSrc 48 finished at 258319 total messages 1 total packets 24474 RTS 0 total bytes 100000764 in_flight now 0 fair_inc 1049348 prop_inc 364 fast_inc 0 eta_inc 14075439 multi_dec -15668572 quick_dec -610645 nack_dec -1128800
Flow Uec_103_0 flowId 40 uecSrc 39 finished at 258413 total messages 1 total packets 24474 RTS 0 total bytes 100000764 in_flight now 0 fair_inc 1090158 prop_inc 12858 fast_inc 0 eta_inc 14066136 multi_dec -15420333 quick_dec -420596 nack_dec -1261600
Flow Uec_123_0 flowId 60 uecSrc 59 finished at 258544 total messages 1 total packets 24474 RTS 0 total bytes 100000764 in_flight now 0 fair_inc 1061931 prop_inc 19348 fast_inc 0 eta_inc 14084742 multi_dec -15683042 quick_dec -511476 nack_dec -1240850
Flow Uec_101_0 flowId 38 uecSrc 37 finished at 258685 total messages 1 total packets 24474 RTS 0 total bytes 100000764 in_flight now 0 fair_inc 971175 prop_inc 425 fast_inc 0 eta_inc 14086071 multi_dec -15584203 quick_dec -356824 nack_dec -1132950
Flow Uec_73_0 flowId 10 uecSrc 9 finished at 258693 total messages 1 total packets 24474 RTS 0 total bytes 100000764 in_flight now 0 fair_inc 950737 prop_inc 555 fast_inc 0 eta_inc 14102019 multi_dec -15280843 quick_dec -401507 nack_dec -1211800
Flow Uec_111_0 flowId 48 uecSrc 47 finished at 258838 total messages 1 total packets 24474 RTS 0 total bytes 100000764 in_flight now 0 fair_inc 1022244 prop_inc 3691 fast_inc 0 eta_inc 14092716 multi_dec -15322044 quick_dec -516892 nack_dec -1365350
Flow Uec_126_0 flowId 63 uecSrc 62 finished at 258886 total messages 1 total packets 24474 RTS 0 total bytes 100000764 in_flight now 0 fair_inc 977078 prop_inc 646 fast_inc 0 eta_inc 14107335 multi_dec -15527802 quick_dec -503258 nack_dec -1128800
Flow Uec_104_0 flowId 41 uecSrc 40 finished at 258895 total messages 1 total packets 24474 RTS 0 total bytes 100000764 in_flight now 0 fair_inc 941436 prop_inc 869 fast_inc 0 eta_inc 14096703 multi_dec -15485850 quick_dec -364692 nack_dec -1166150
Flow Uec_99_0 flowId 36 uecSrc 35 finished at 258896 total messages 1 total packets 24474 RTS 0 total bytes 100000764 in_flight now 0 fair_inc 1056927 prop_inc 233 fast_inc 0 eta_inc 14104677 multi_dec -15816445 quick_dec -394510 nack_dec -1203500
Flow Uec_97_0 flowId 34 uecSrc 33 finished at 258898 total messages 1 total packets 24474 RTS 0 total bytes 100000764 in_flight now 0 fair_inc 1003980 prop_inc 0 fast_inc 0 eta_inc 14086071 multi_dec -15714382 quick_dec -366595 nack_dec -1166150
Flow Uec_90_0 flowId 27 uecSrc 26 finished at 258952 total messages 1 total packets 24474 RTS 0 total bytes 100000764 in_flight now 0 fair_inc 1042294 prop_inc 158 fast_inc 0 eta_inc 14092716 multi_dec -15698514 quick_dec -356004 nack_dec -1199350
Flow Uec_118_0 flowId 55 uecSrc 54 finished at 258981 total messages 1 total packets 24474 RTS 0 total bytes 100000764 in_flight now 0 fair_inc 966015 prop_inc 818 fast_inc 0 eta_inc 14103348 multi_dec -15547743 quick_dec -344414 nack_dec -1162000
Flow Uec_82_0 flowId 19 uecSrc 18 finished at 259073 total messages 1 total packets 24474 RTS 0 total bytes 100000764 in_flight now 0 fair_inc 970790 prop_inc 2315 fast_inc 0 eta_inc 14109993 multi_dec -15603007 quick_dec -307848 nack_dec -1232550
Flow Uec_107_0 flowId 44 uecSrc 43 finished at 259113 total messages 1 total packets 24474 RTS 0 total bytes 100000764 in_flight now 0 fair_inc 1052488 prop_inc 1987 fast_inc 0 eta_inc 14121954 multi_dec -15673231 quick_dec -481643 nack_dec -1211800
Flow Uec_88_0 flowId 25 uecSrc 24 finished at 259158 total messages 1 total packets 24474 RTS 0 total bytes 100000764 in_flight now 0 fair_inc 898825 prop_inc 19037 fast_inc 0 eta_inc 14115309 multi_dec -15629544 quick_dec -253761 nack_dec -1166150
Flow Uec_98_0 flowId 35 uecSrc 34 finished at 259194 total messages 1 total packets 24474 RTS 0 total bytes 100000764 in_flight now 0 fair_inc 1092672 prop_inc 1995 fast_inc 0 eta_inc 14127270 multi_dec -15306047 quick_dec -579759 nack_dec -1307250
Flow Uec_117_0 flowId 54 uecSrc 53 finished at 259283 total messages 1 total packets 24474 RTS 0 total bytes 100000764 in_flight now 0 fair_inc 1027026 prop_inc 891 fast_inc 0 eta_inc 14123283 multi_dec -15664380 quick_dec -519694 nack_dec -1207650
Flow Uec_67_0 flowId 4 uecSrc 3 finished at 259292 total messages 1 total packets 24474 RTS 0 total bytes 100000764 in_flight now 0 fair_inc 890919 prop_inc 613 fast_inc 0 eta_inc 14113980 multi_dec -15568538 quick_dec -179027 nack_dec -1091450
Flow Uec_81_0 flowId 18 uecSrc 17 finished at 259387 total messages 1 total packets 24474 RTS 0 total bytes 100000764 in_flight now 0 fair_inc 1014851 prop_inc 1973 fast_inc 0 eta_inc 14135244 multi_dec -15644721 quick_dec -507059 nack_dec -1191050
Flow Uec_121_0 flowId 58 uecSrc 57 finished at 259393 total messages 1 total packets 24474 RTS 0 total bytes 100000764 in_flight now 0 fair_inc 998461 prop_inc 2916 fast_inc 0 eta_inc 14124612 multi_dec -15552011 quick_dec -363180 nack_dec -1137100
Flow Uec_69_0 flowId 6 uecSrc 5 finished at 259404 total messages 1 total packets 24474 RTS 0 total bytes 100000764 in_flight now 0 fair_inc 1039340 prop_inc 2475 fast_inc 0 eta_inc 14125941 multi_dec -15693103 quick_dec -530089 nack_dec -1240850
Flow Uec_70_0 flowId 7 uecSrc 6 finished at 259414 total messages 1 total packets 24474 RTS 0 total bytes 100000764 in_flight now 0 fair_inc 1058970 prop_inc 2844 fast_inc 0 eta_inc 14129928 multi_dec -15682999 quick_dec -538477 nack_dec -1294800
Flow Uec_65_0 flowId 2 uecSrc 1 finished at 259508 total messages 1 total packets 24474 RTS 0 total bytes 100000764 in_flight now 0 fair_inc 1055179 prop_inc 4003 fast_inc 0 eta_inc 14112651 multi_dec -15613917 quick_dec -585560 nack_dec -1311400
Flow Uec_66_0 flowId 3 uecSrc 2 finished at 259580 total messages 1 total packets 24474 RTS 0 total bytes 100000764 in_flight now 0 fair_inc 922374 prop_inc 3701 fast_inc 0 eta_inc 14124612 multi_dec -15406196 quick_dec -379762 nack_dec -1215186
Flow Uec_110_0 flowId 47 uecSrc 46 finished at 259597 total messages 1 total packets 24474 RTS 0 total bytes 100000764 in_flight now 0 fair_inc 1055222 prop_inc 4743 fast_inc 0 eta_inc 14144547 multi_dec -15534676 quick_dec -577824 nack_dec -1211800
Flow Uec_100_0 flowId 37 uecSrc 36 finished at 259620 total messages 1 total packets 24474 RTS 0 total bytes 100000764 in_flight now 0 fair_inc 987273 prop_inc 9554 fast_inc 0 eta_inc 14137902 multi_dec -15495327 quick_dec -429439 nack_dec -1265750
Flow Uec_92_0 flowId 29 uecSrc 28 finished at 259670 total messages 1 total packets 24474 RTS 0 total bytes 100000764 in_flight now 0 fair_inc 960174 prop_inc 8480 fast_inc 0 eta_inc 14139231 multi_dec -15579050 quick_dec -345424 nack_dec -1137100
Flow Uec_115_0 flowId 52 uecSrc 51 finished at 259695 total messages 1 total packets 24474 RTS 0 total bytes 100000764 in_flight now 0 fair_inc 968266 prop_inc 6795 fast_inc 0 eta_inc 14120625 multi_dec -15410671 quick_dec -381314 nack_dec -1253300
Flow Uec_94_0 flowId 31 uecSrc 30 finished at 259708 total messages 1 total packets 24474 RTS 0 total bytes 100000764 in_flight now 0 fair_inc 955279 prop_inc 7192 fast_inc 0 eta_inc 14135244 multi_dec -15609747 quick_dec -326093 nack_dec -1157850
Flow Uec_120_0 flowId 57 uecSrc 56 finished at 259755 total messages 1 total packets 24474 RTS 0 total bytes 100000764 in_flight now 0 fair_inc 1012374 prop_inc 17741 fast_inc 0 eta_inc 14129928 multi_dec -15531725 quick_dec -512295 nack_dec -1298950
Flow Uec_75_0 flowId 12 uecSrc 11 finished at 259791 total messages 1 total packets 24474 RTS 0 total bytes 100000764 in_flight now 0 fair_inc 1022272 prop_inc 12498 fast_inc 0 eta_inc 14128599 multi_dec -15448746 quick_dec -507892 nack_dec -1253300
Flow Uec_87_0 flowId 24 uecSrc 23 finished at 259811 total messages 1 total packets 24474 RTS 0 total bytes 100000764 in_flight now 0 fair_inc 918288 prop_inc 16829 fast_inc 0 eta_inc 14137902 multi_dec -15475069 quick_dec -346571 nack_dec -1182750
Flow Uec_113_0 flowId 50 uecSrc 49 finished at 259812 total messages 1 total packets 24474 RTS 0 total bytes 100000764 in_flight now 0 fair_inc 925381 prop_inc 15054 fast_inc 0 eta_inc 14143218 multi_dec -15729523 quick_dec -265710 nack_dec -1174450
Flow Uec_68_0 flowId 5 uecSrc 4 finished at 259850 total messages 1 total packets 24474 RTS 0 total bytes 100000764 in_flight now 0 fair_inc 998114 prop_inc 41118 fast_inc 0 eta_inc 14155179 multi_dec -15498289 quick_dec -462484 nack_dec -1294800
Flow Uec_124_0 flowId 61 uecSrc 60 finished at 259884 total messages 1 total packets 24474 RTS 0 total bytes 100000764 in_flight now 0 fair_inc 909559 prop_inc 57752 fast_inc 0 eta_inc 14155179 multi_dec -15597285 quick_dec -241972 nack_dec -1157850
Flow Uec_93_0 flowId 30 uecSrc 29 finished at 259901 total messages 1 total packets 24474 RTS 0 total bytes 100000764 in_flight now 0 fair_inc 900422 prop_inc 70966 fast_inc 0 eta_inc 14140560 multi_dec -15234595 quick_dec -266520 nack_dec -1357050
Flow Uec_127_0 flowId 64 uecSrc 63 finished at 259992 total messages 1 total packets 24474 RTS 0 total bytes 100000764 in_flight now 0 fair_inc 863741 prop_inc 119973 fast_inc 0 eta_inc 14159166 multi_dec -15320540 quick_dec -443322 nack_dec -1137100
Flow Uec_80_0 flowId 17 uecSrc 16 finished at 260042 total messages 1 total packets 24474 RTS 0 total bytes 100000764 in_flight now 0 fair_inc 925352 prop_inc 167232 fast_inc 0 eta_inc 14168469 multi_dec -15363620 quick_dec -466167 nack_dec -1174450
Flow Uec_116_0 flowId 53 uecSrc 52 finished at 260078 total messages 1 total packets 24474 RTS 0 total bytes 100000764 in_flight now 0 fair_inc 842852 prop_inc 198966 fast_inc 242558 eta_inc 14144547 multi_dec -15341670 quick_dec -333876 nack_dec -1257450
...Received SIGTERM at 437000 us, shutting down cleanly.
New: 1566336 Rtx: 18120 RTS: 0 Bounced: 0 ACKs: 1565567 NACKs: 18120 Pulls: 0 sleek_pkts: 0
SPURIOUS_COUNT 0
