...Flow Uec_2_0 flowId 88 uecSrc 87 finished at 165558 total messages 1 total packets 15664 RTS 0 total bytes 64003104 in_flight now 0 fair_inc 22896 prop_inc 3212 fast_inc 0 eta_inc 12594933 multi_dec -11532813 quick_dec --1054709 nack_dec -4195650
Flow Uec_3_0 flowId 92 uecSrc 91 finished at 166645 total messages 1 total packets 15664 RTS 0 total bytes 64003104 in_flight now 0 fair_inc 21567 prop_inc 705 fast_inc 0 eta_inc 12658725 multi_dec -11593233 quick_dec --1046911 nack_dec -4195650
Flow Uec_1_0 flowId 102 uecSrc 101 finished at 167708 total messages 1 total packets 15664 RTS 0 total bytes 64003104 in_flight now 0 fair_inc 15418 prop_inc 2991 fast_inc 0 eta_inc 12826179 multi_dec -11715463 quick_dec --980488 nack_dec -3959100
.Flow Uec_126_0 flowId 68 uecSrc 67 finished at 236166 total messages 1 total packets 15664 RTS 0 total bytes 64003104 in_flight now 0 fair_inc 240770 prop_inc 0 fast_inc 0 eta_inc 11834745 multi_dec -12980102 quick_dec -148896 nack_dec -651550
.Flow Uec_75_0 flowId 39 uecSrc 38 finished at 253030 total messages 1 total packets 15664 RTS 0 total bytes 64003104 in_flight now 0 fair_inc 481239 prop_inc 0 fast_inc 0 eta_inc 12578985 multi_dec -15135343 quick_dec -36539 nack_dec -622500
Flow Uec_109_0 flowId 125 uecSrc 124 finished at 258187 total messages 1 total packets 15664 RTS 0 total bytes 64003104 in_flight now 0 fair_inc 491906 prop_inc 0 fast_inc 0 eta_inc 12814218 multi_dec -15456777 quick_dec -174697 nack_dec -601750
Flow Uec_98_0 flowId 123 uecSrc 122 finished at 258643 total messages 1 total packets 15664 RTS 0 total bytes 64003104 in_flight now 0 fair_inc 455806 prop_inc 0 fast_inc 0 eta_inc 12838140 multi_dec -15337904 quick_dec -234755 nack_dec -605900
Flow Uec_40_0 flowId 20 uecSrc 19 finished at 259112 total messages 1 total packets 15664 RTS 0 total bytes 64003104 in_flight now 0 fair_inc 395900 prop_inc 0 fast_inc 0 eta_inc 12840798 multi_dec -15026857 quick_dec -57361 nack_dec -664000
Flow Uec_47_0 flowId 34 uecSrc 33 finished at 267964 total messages 1 total packets 15664 RTS 0 total bytes 64003104 in_flight now 0 fair_inc 541602 prop_inc 0 fast_inc 0 eta_inc 13254117 multi_dec -16145028 quick_dec -150031 nack_dec -605900
Flow Uec_82_0 flowId 75 uecSrc 74 finished at 269489 total messages 1 total packets 15664 RTS 0 total bytes 64003104 in_flight now 0 fair_inc 339556 prop_inc 0 fast_inc 0 eta_inc 13308606 multi_dec -15328324 quick_dec -213374 nack_dec -622500
Flow Uec_29_0 flowId 82 uecSrc 81 finished at 272286 total messages 1 total packets 15664 RTS 0 total bytes 64003104 in_flight now 0 fair_inc 543589 prop_inc 0 fast_inc 0 eta_inc 13432203 multi_dec -16111050 quick_dec -113370 nack_dec -630800
Flow Uec_117_0 flowId 100 uecSrc 99 finished at 277107 total messages 1 total packets 15664 RTS 0 total bytes 64003104 in_flight now 0 fair_inc 545109 prop_inc 0 fast_inc 0 eta_inc 13644843 multi_dec -16531280 quick_dec -116415 nack_dec -647400
Flow Uec_104_0 flowId 91 uecSrc 90 finished at 283055 total messages 1 total packets 15664 RTS 0 total bytes 64003104 in_flight now 0 fair_inc 617315 prop_inc 285 fast_inc 0 eta_inc 13926591 multi_dec -17166074 quick_dec -85243 nack_dec -605900
Flow Uec_74_0 flowId 61 uecSrc 60 finished at 286016 total messages 1 total packets 15664 RTS 0 total bytes 64003104 in_flight now 0 fair_inc 632984 prop_inc 0 fast_inc 0 eta_inc 14042214 multi_dec -17523158 quick_dec -193078 nack_dec -647400
Flow Uec_125_0 flowId 93 uecSrc 92 finished at 289141 total messages 1 total packets 15664 RTS 0 total bytes 64003104 in_flight now 0 fair_inc 525234 prop_inc 0 fast_inc 0 eta_inc 14192391 multi_dec -16972011 quick_dec -257813 nack_dec -614200
Flow Uec_5_0 flowId 6 uecSrc 5 finished at 292534 total messages 1 total packets 15664 RTS 0 total bytes 64003104 in_flight now 0 fair_inc 795335 prop_inc 0 fast_inc 0 eta_inc 17185299 multi_dec -21491432 quick_dec -68597 nack_dec -498000
Flow Uec_94_0 flowId 33 uecSrc 32 finished at 293568 total messages 1 total packets 15664 RTS 0 total bytes 64003104 in_flight now 0 fair_inc 583273 prop_inc 0 fast_inc 0 eta_inc 14403702 multi_dec -17393012 quick_dec -139057 nack_dec -597600
Flow Uec_10_0 flowId 27 uecSrc 26 finished at 294081 total messages 1 total packets 15664 RTS 0 total bytes 64003104 in_flight now 0 fair_inc 739281 prop_inc 0 fast_inc 0 eta_inc 17249091 multi_dec -21400698 quick_dec --7012 nack_dec -522900
Flow Uec_4_0 flowId 109 uecSrc 108 finished at 296522 total messages 1 total packets 15664 RTS 0 total bytes 64003104 in_flight now 0 fair_inc 714966 prop_inc 0 fast_inc 0 eta_inc 17395281 multi_dec -21272649 quick_dec -119646 nack_dec -535350
Flow Uec_12_0 flowId 44 uecSrc 43 finished at 296528 total messages 1 total packets 15664 RTS 0 total bytes 64003104 in_flight now 0 fair_inc 768615 prop_inc 0 fast_inc 0 eta_inc 17405913 multi_dec -21581237 quick_dec --23514 nack_dec -435750
Flow Uec_9_0 flowId 122 uecSrc 121 finished at 296797 total messages 1 total packets 15664 RTS 0 total bytes 64003104 in_flight now 0 fair_inc 756322 prop_inc 0 fast_inc 0 eta_inc 17409900 multi_dec -21498312 quick_dec -87012 nack_dec -514600
Flow Uec_7_0 flowId 37 uecSrc 36 finished at 297409 total messages 1 total packets 15664 RTS 0 total bytes 64003104 in_flight now 0 fair_inc 702235 prop_inc 0 fast_inc 0 eta_inc 17456415 multi_dec -21406908 quick_dec -4005 nack_dec -435750
Flow Uec_15_0 flowId 12 uecSrc 11 finished at 297551 total messages 1 total packets 15664 RTS 0 total bytes 64003104 in_flight now 0 fair_inc 677876 prop_inc 0 fast_inc 0 eta_inc 17444454 multi_dec -21499279 quick_dec -17648 nack_dec -477250
Flow Uec_80_0 flowId 32 uecSrc 31 finished at 299213 total messages 1 total packets 15664 RTS 0 total bytes 64003104 in_flight now 0 fair_inc 543906 prop_inc 0 fast_inc 0 eta_inc 14662857 multi_dec -17547457 quick_dec -31991 nack_dec -614200
Flow Uec_14_0 flowId 95 uecSrc 94 finished at 299559 total messages 1 total packets 15664 RTS 0 total bytes 64003104 in_flight now 0 fair_inc 740732 prop_inc 0 fast_inc 0 eta_inc 17562735 multi_dec -21435594 quick_dec -54040 nack_dec -464800
Flow Uec_11_0 flowId 36 uecSrc 35 finished at 299941 total messages 1 total packets 15664 RTS 0 total bytes 64003104 in_flight now 0 fair_inc 689760 prop_inc 0 fast_inc 0 eta_inc 17572038 multi_dec -21469877 quick_dec --4463 nack_dec -489700
.Flow Uec_6_0 flowId 40 uecSrc 39 finished at 300630 total messages 1 total packets 15664 RTS 0 total bytes 64003104 in_flight now 0 fair_inc 669757 prop_inc 0 fast_inc 0 eta_inc 17593302 multi_dec -21216658 quick_dec -24732 nack_dec -539500
Flow Uec_13_0 flowId 111 uecSrc 110 finished at 300905 total messages 1 total packets 15664 RTS 0 total bytes 64003104 in_flight now 0 fair_inc 676869 prop_inc 0 fast_inc 0 eta_inc 17623869 multi_dec -21377918 quick_dec -28931 nack_dec -478296
Flow Uec_8_0 flowId 17 uecSrc 16 finished at 303669 total messages 1 total packets 15664 RTS 0 total bytes 64003104 in_flight now 0 fair_inc 760390 prop_inc 0 fast_inc 0 eta_inc 17760756 multi_dec -21425934 quick_dec -30927 nack_dec -551950
Flow Uec_18_0 flowId 127 uecSrc 126 finished at 305764 total messages 1 total packets 15664 RTS 0 total bytes 64003104 in_flight now 0 fair_inc 735524 prop_inc 0 fast_inc 0 eta_inc 14925999 multi_dec -18577327 quick_dec -180442 nack_dec -709650
Flow Uec_24_0 flowId 69 uecSrc 68 finished at 306760 total messages 1 total packets 15664 RTS 0 total bytes 64003104 in_flight now 0 fair_inc 726626 prop_inc 0 fast_inc 0 eta_inc 14956566 multi_dec -18404153 quick_dec -158361 nack_dec -825850
Flow Uec_63_0 flowId 110 uecSrc 109 finished at 307058 total messages 1 total packets 15664 RTS 0 total bytes 64003104 in_flight now 0 fair_inc 647613 prop_inc 0 fast_inc 0 eta_inc 14977830 multi_dec -18260548 quick_dec -246955 nack_dec -731446
Flow Uec_70_0 flowId 89 uecSrc 88 finished at 307801 total messages 1 total packets 15664 RTS 0 total bytes 64003104 in_flight now 0 fair_inc 937781 prop_inc 0 fast_inc 0 eta_inc 15020358 multi_dec -19368681 quick_dec -239760 nack_dec -780200
Flow Uec_68_0 flowId 83 uecSrc 82 finished at 309513 total messages 1 total packets 15664 RTS 0 total bytes 64003104 in_flight now 0 fair_inc 727823 prop_inc 0 fast_inc 0 eta_inc 15068202 multi_dec -18652495 quick_dec -126441 nack_dec -817550
Flow Uec_93_0 flowId 98 uecSrc 97 finished at 310338 total messages 1 total packets 15664 RTS 0 total bytes 64003104 in_flight now 0 fair_inc 706839 prop_inc 199 fast_inc 0 eta_inc 15106743 multi_dec -18421773 quick_dec -457633 nack_dec -892250
Flow Uec_65_0 flowId 65 uecSrc 64 finished at 311321 total messages 1 total packets 15664 RTS 0 total bytes 64003104 in_flight now 0 fair_inc 857320 prop_inc 890 fast_inc 0 eta_inc 15146613 multi_dec -19163582 quick_dec -199340 nack_dec -846600
Flow Uec_118_0 flowId 104 uecSrc 103 finished at 311899 total messages 1 total packets 15664 RTS 0 total bytes 64003104 in_flight now 0 fair_inc 932351 prop_inc 194 fast_inc 0 eta_inc 15170535 multi_dec -19431261 quick_dec -413580 nack_dec -937900
Flow Uec_84_0 flowId 115 uecSrc 114 finished at 313644 total messages 1 total packets 15664 RTS 0 total bytes 64003104 in_flight now 0 fair_inc 752511 prop_inc 0 fast_inc 0 eta_inc 15247617 multi_dec -18819078 quick_dec -296488 nack_dec -880846
Flow Uec_38_0 flowId 73 uecSrc 72 finished at 315820 total messages 1 total packets 15664 RTS 0 total bytes 64003104 in_flight now 0 fair_inc 1018314 prop_inc 0 fast_inc 0 eta_inc 15341976 multi_dec -19769673 quick_dec -310157 nack_dec -875650
Flow Uec_32_0 flowId 55 uecSrc 54 finished at 316399 total messages 1 total packets 15664 RTS 0 total bytes 64003104 in_flight now 0 fair_inc 1004029 prop_inc 0 fast_inc 0 eta_inc 15368556 multi_dec -19866743 quick_dec -364452 nack_dec -946200
Flow Uec_67_0 flowId 49 uecSrc 48 finished at 316399 total messages 1 total packets 15664 RTS 0 total bytes 64003104 in_flight now 0 fair_inc 776563 prop_inc 0 fast_inc 0 eta_inc 15353937 multi_dec -19086370 quick_dec -232303 nack_dec -992896
Flow Uec_89_0 flowId 59 uecSrc 58 finished at 318701 total messages 1 total packets 15664 RTS 0 total bytes 64003104 in_flight now 0 fair_inc 969638 prop_inc 0 fast_inc 0 eta_inc 15457599 multi_dec -19796637 quick_dec -287788 nack_dec -1000150
Flow Uec_64_0 flowId 119 uecSrc 118 finished at 319293 total messages 1 total packets 15664 RTS 0 total bytes 64003104 in_flight now 0 fair_inc 1084351 prop_inc 0 fast_inc 0 eta_inc 15488166 multi_dec -19964789 quick_dec -333248 nack_dec -991850
Flow Uec_61_0 flowId 116 uecSrc 115 finished at 319496 total messages 1 total packets 15664 RTS 0 total bytes 64003104 in_flight now 0 fair_inc 1198064 prop_inc 0 fast_inc 0 eta_inc 15492153 multi_dec -20476595 quick_dec -324371 nack_dec -1092496
Flow Uec_56_0 flowId 106 uecSrc 105 finished at 320190 total messages 1 total packets 15664 RTS 0 total bytes 64003104 in_flight now 0 fair_inc 960036 prop_inc 0 fast_inc 0 eta_inc 15496140 multi_dec -19492980 quick_dec -347027 nack_dec -1154746
Flow Uec_17_0 flowId 18 uecSrc 17 finished at 320661 total messages 1 total packets 15664 RTS 0 total bytes 64003104 in_flight now 0 fair_inc 1037399 prop_inc 0 fast_inc 0 eta_inc 15504114 multi_dec -19830526 quick_dec -387421 nack_dec -1203500
Flow Uec_28_0 flowId 86 uecSrc 85 finished at 321275 total messages 1 total packets 15664 RTS 0 total bytes 64003104 in_flight now 0 fair_inc 1058264 prop_inc 0 fast_inc 0 eta_inc 15565248 multi_dec -19737470 quick_dec -396340 nack_dec -1016750
Flow Uec_20_0 flowId 58 uecSrc 57 finished at 321947 total messages 1 total packets 15664 RTS 0 total bytes 64003104 in_flight now 0 fair_inc 1187151 prop_inc 197 fast_inc 0 eta_inc 15587841 multi_dec -20032665 quick_dec -570738 nack_dec -1261600
Flow Uec_23_0 flowId 26 uecSrc 25 finished at 322685 total messages 1 total packets 15664 RTS 0 total bytes 64003104 in_flight now 0 fair_inc 1538789 prop_inc 1731 fast_inc 0 eta_inc 15629040 multi_dec -21239886 quick_dec -393149 nack_dec -1211800
Flow Uec_90_0 flowId 101 uecSrc 100 finished at 322944 total messages 1 total packets 15664 RTS 0 total bytes 64003104 in_flight now 0 fair_inc 1268275 prop_inc 0 fast_inc 0 eta_inc 15621066 multi_dec -20281916 quick_dec -459113 nack_dec -1315550
Flow Uec_83_0 flowId 56 uecSrc 55 finished at 322980 total messages 1 total packets 15664 RTS 0 total bytes 64003104 in_flight now 0 fair_inc 1244421 prop_inc 0 fast_inc 0 eta_inc 15638343 multi_dec -20658085 quick_dec -448133 nack_dec -1303100
Flow Uec_105_0 flowId 76 uecSrc 75 finished at 323219 total messages 1 total packets 15664 RTS 0 total bytes 64003104 in_flight now 0 fair_inc 1183265 prop_inc 1736 fast_inc 0 eta_inc 15654291 multi_dec -20453828 quick_dec -324727 nack_dec -1108050
Flow Uec_112_0 flowId 46 uecSrc 45 finished at 323448 total messages 1 total packets 15664 RTS 0 total bytes 64003104 in_flight now 0 fair_inc 1288159 prop_inc 0 fast_inc 0 eta_inc 15641001 multi_dec -20940603 quick_dec -296722 nack_dec -1174450
Flow Uec_88_0 flowId 28 uecSrc 27 finished at 323518 total messages 1 total packets 15664 RTS 0 total bytes 64003104 in_flight now 0 fair_inc 1289758 prop_inc 717 fast_inc 0 eta_inc 15666252 multi_dec -20578427 quick_dec -393568 nack_dec -1089392
Flow Uec_53_0 flowId 47 uecSrc 46 finished at 323925 total messages 1 total packets 15664 RTS 0 total bytes 64003104 in_flight now 0 fair_inc 1363153 prop_inc 0 fast_inc 0 eta_inc 15664923 multi_dec -21169980 quick_dec --21623 nack_dec -1236700
Flow Uec_62_0 flowId 38 uecSrc 37 finished at 324098 total messages 1 total packets 15664 RTS 0 total bytes 64003104 in_flight now 0 fair_inc 1327670 prop_inc 0 fast_inc 0 eta_inc 15692832 multi_dec -20911499 quick_dec -532103 nack_dec -1232550
Flow Uec_49_0 flowId 114 uecSrc 113 finished at 324574 total messages 1 total packets 15664 RTS 0 total bytes 64003104 in_flight now 0 fair_inc 1161495 prop_inc 2252 fast_inc 0 eta_inc 15714096 multi_dec -20549504 quick_dec -440872 nack_dec -1168242
Flow Uec_55_0 flowId 85 uecSrc 84 finished at 325289 total messages 1 total packets 15664 RTS 0 total bytes 64003104 in_flight now 0 fair_inc 1413010 prop_inc 2182 fast_inc 0 eta_inc 15722070 multi_dec -20473663 quick_dec -312162 nack_dec -1362246
Flow Uec_120_0 flowId 67 uecSrc 66 finished at 325673 total messages 1 total packets 15664 RTS 0 total bytes 64003104 in_flight now 0 fair_inc 1498219 prop_inc 0 fast_inc 0 eta_inc 15752637 multi_dec -21169754 quick_dec -225953 nack_dec -1323850
Flow Uec_78_0 flowId 105 uecSrc 104 finished at 325768 total messages 1 total packets 15664 RTS 0 total bytes 64003104 in_flight now 0 fair_inc 1083212 prop_inc 0 fast_inc 0 eta_inc 15744663 multi_dec -20256503 quick_dec -407811 nack_dec -1199350
Flow Uec_124_0 flowId 8 uecSrc 7 finished at 325857 total messages 1 total packets 15664 RTS 0 total bytes 64003104 in_flight now 0 fair_inc 1428325 prop_inc 0 fast_inc 0 eta_inc 15730044 multi_dec -21114847 quick_dec -283886 nack_dec -1346692
Flow Uec_114_0 flowId 87 uecSrc 86 finished at 325909 total messages 1 total packets 15664 RTS 0 total bytes 64003104 in_flight now 0 fair_inc 1131733 prop_inc 0 fast_inc 0 eta_inc 15742005 multi_dec -20201466 quick_dec -663480 nack_dec -1211800
Flow Uec_57_0 flowId 81 uecSrc 80 finished at 326050 total messages 1 total packets 15664 RTS 0 total bytes 64003104 in_flight now 0 fair_inc 1253968 prop_inc 1245 fast_inc 0 eta_inc 15761940 multi_dec -21095358 quick_dec -205570 nack_dec -1145400
Flow Uec_96_0 flowId 16 uecSrc 15 finished at 326273 total messages 1 total packets 15664 RTS 0 total bytes 64003104 in_flight now 0 fair_inc 1408935 prop_inc 1478 fast_inc 0 eta_inc 15759282 multi_dec -20942091 quick_dec -553387 nack_dec -1203500
Flow Uec_77_0 flowId 41 uecSrc 40 finished at 326687 total messages 1 total packets 15664 RTS 0 total bytes 64003104 in_flight now 0 fair_inc 1385873 prop_inc 1549 fast_inc 0 eta_inc 15801810 multi_dec -20905081 quick_dec -480280 nack_dec -1290650
Flow Uec_100_0 flowId 25 uecSrc 24 finished at 326784 total messages 1 total packets 15664 RTS 0 total bytes 64003104 in_flight now 0 fair_inc 1166632 prop_inc 287 fast_inc 0 eta_inc 15769914 multi_dec -20940197 quick_dec -291893 nack_dec -1207650
Flow Uec_106_0 flowId 52 uecSrc 51 finished at 326955 total messages 1 total packets 15664 RTS 0 total bytes 64003104 in_flight now 0 fair_inc 1355996 prop_inc 0 fast_inc 0 eta_inc 15800481 multi_dec -21062499 quick_dec -606998 nack_dec -1274050
Flow Uec_116_0 flowId 22 uecSrc 21 finished at 326990 total messages 1 total packets 15664 RTS 0 total bytes 64003104 in_flight now 0 fair_inc 1409099 prop_inc 2354 fast_inc 0 eta_inc 15820416 multi_dec -20449818 quick_dec -583917 nack_dec -1456650
Flow Uec_119_0 flowId 80 uecSrc 79 finished at 326995 total messages 1 total packets 15664 RTS 0 total bytes 64003104 in_flight now 0 fair_inc 1113790 prop_inc 407 fast_inc 0 eta_inc 15788520 multi_dec -20277228 quick_dec -384799 nack_dec -1191050
Flow Uec_99_0 flowId 103 uecSrc 102 finished at 327081 total messages 1 total packets 15664 RTS 0 total bytes 64003104 in_flight now 0 fair_inc 1368915 prop_inc 0 fast_inc 0 eta_inc 15813771 multi_dec -20550851 quick_dec -491531 nack_dec -1211800
Flow Uec_43_0 flowId 66 uecSrc 65 finished at 327304 total messages 1 total packets 15664 RTS 0 total bytes 64003104 in_flight now 0 fair_inc 1293917 prop_inc 934 fast_inc 0 eta_inc 15813771 multi_dec -20716382 quick_dec -456687 nack_dec -1308296
Flow Uec_103_0 flowId 124 uecSrc 123 finished at 327357 total messages 1 total packets 15664 RTS 0 total bytes 64003104 in_flight now 0 fair_inc 1230338 prop_inc 0 fast_inc 0 eta_inc 15805797 multi_dec -20718244 quick_dec -472110 nack_dec -1386100
Flow Uec_36_0 flowId 42 uecSrc 41 finished at 327538 total messages 1 total packets 15664 RTS 0 total bytes 64003104 in_flight now 0 fair_inc 1518512 prop_inc 0 fast_inc 0 eta_inc 15811113 multi_dec -20760782 quick_dec -471249 nack_dec -1282350
Flow Uec_45_0 flowId 77 uecSrc 76 finished at 327550 total messages 1 total packets 15664 RTS 0 total bytes 64003104 in_flight now 0 fair_inc 1161516 prop_inc 0 fast_inc 0 eta_inc 15833706 multi_dec -20635683 quick_dec -427332 nack_dec -1183796
Flow Uec_21_0 flowId 21 uecSrc 20 finished at 327593 total messages 1 total packets 15664 RTS 0 total bytes 64003104 in_flight now 0 fair_inc 1317733 prop_inc 2127 fast_inc 0 eta_inc 15815100 multi_dec -21078940 quick_dec -526808 nack_dec -1274050
Flow Uec_27_0 flowId 112 uecSrc 111 finished at 327594 total messages 1 total packets 15664 RTS 0 total bytes 64003104 in_flight now 0 fair_inc 1432097 prop_inc 0 fast_inc 0 eta_inc 15832377 multi_dec -20901283 quick_dec -617531 nack_dec -1257450
Flow Uec_54_0 flowId 71 uecSrc 70 finished at 327771 total messages 1 total packets 15664 RTS 0 total bytes 64003104 in_flight now 0 fair_inc 1296341 prop_inc 0 fast_inc 0 eta_inc 15840351 multi_dec -21018510 quick_dec -489509 nack_dec -1278200
Flow Uec_121_0 flowId 63 uecSrc 62 finished at 327875 total messages 1 total packets 15664 RTS 0 total bytes 64003104 in_flight now 0 fair_inc 1588181 prop_inc 199 fast_inc 0 eta_inc 15828390 multi_dec -21084865 quick_dec -606189 nack_dec -1361200
Flow Uec_16_0 flowId 120 uecSrc 119 finished at 327913 total messages 1 total packets 15664 RTS 0 total bytes 64003104 in_flight now 0 fair_inc 1446536 prop_inc 1362 fast_inc 0 eta_inc 15837693 multi_dec -21198382 quick_dec -384796 nack_dec -1228400
Flow Uec_33_0 flowId 121 uecSrc 120 finished at 327944 total messages 1 total packets 15664 RTS 0 total bytes 64003104 in_flight now 0 fair_inc 1298617 prop_inc 0 fast_inc 0 eta_inc 15831048 multi_dec -20398505 quick_dec -434909 nack_dec -1365350
Flow Uec_30_0 flowId 97 uecSrc 96 finished at 328055 total messages 1 total packets 15664 RTS 0 total bytes 64003104 in_flight now 0 fair_inc 1309360 prop_inc 0 fast_inc 0 eta_inc 15852312 multi_dec -20865755 quick_dec -462653 nack_dec -1236700
Flow Uec_46_0 flowId 7 uecSrc 6 finished at 328071 total messages 1 total packets 15664 RTS 0 total bytes 64003104 in_flight now 0 fair_inc 1385105 prop_inc 1549 fast_inc 0 eta_inc 15854970 multi_dec -21103478 quick_dec -468108 nack_dec -1262646
Flow Uec_37_0 flowId 10 uecSrc 9 finished at 328243 total messages 1 total packets 15664 RTS 0 total bytes 64003104 in_flight now 0 fair_inc 1636678 prop_inc 633 fast_inc 0 eta_inc 15846996 multi_dec -21625662 quick_dec -493700 nack_dec -1361200
Flow Uec_111_0 flowId 70 uecSrc 69 finished at 328250 total messages 1 total packets 15664 RTS 0 total bytes 64003104 in_flight now 0 fair_inc 1355516 prop_inc 3148 fast_inc 0 eta_inc 15862944 multi_dec -21053934 quick_dec -323432 nack_dec -1174450
Flow Uec_95_0 flowId 11 uecSrc 10 finished at 328329 total messages 1 total packets 15664 RTS 0 total bytes 64003104 in_flight now 0 fair_inc 1318416 prop_inc 758 fast_inc 0 eta_inc 15858957 multi_dec -20876418 quick_dec -520213 nack_dec -1489850
Flow Uec_35_0 flowId 99 uecSrc 98 finished at 328351 total messages 1 total packets 15664 RTS 0 total bytes 64003104 in_flight now 0 fair_inc 1477292 prop_inc 2441 fast_inc 0 eta_inc 15861615 multi_dec -20450811 quick_dec -700007 nack_dec -1290650
Flow Uec_73_0 flowId 126 uecSrc 125 finished at 328392 total messages 1 total packets 15664 RTS 0 total bytes 64003104 in_flight now 0 fair_inc 1408249 prop_inc 3352 fast_inc 0 eta_inc 15868260 multi_dec -21229345 quick_dec -544986 nack_dec -1377800
Flow Uec_34_0 flowId 35 uecSrc 34 finished at 328395 total messages 1 total packets 15664 RTS 0 total bytes 64003104 in_flight now 0 fair_inc 1386241 prop_inc 1719 fast_inc 0 eta_inc 15865602 multi_dec -20843659 quick_dec -634956 nack_dec -1477400
Flow Uec_59_0 flowId 74 uecSrc 73 finished at 328453 total messages 1 total packets 15664 RTS 0 total bytes 64003104 in_flight now 0 fair_inc 1468461 prop_inc 4597 fast_inc 0 eta_inc 15861615 multi_dec -21229527 quick_dec -380936 nack_dec -1377800
Flow Uec_81_0 flowId 24 uecSrc 23 finished at 328555 total messages 1 total packets 15664 RTS 0 total bytes 64003104 in_flight now 0 fair_inc 1559324 prop_inc 1329 fast_inc 0 eta_inc 15861615 multi_dec -21460617 quick_dec -457604 nack_dec -1245000
Flow Uec_39_0 flowId 2 uecSrc 1 finished at 328600 total messages 1 total packets 15664 RTS 0 total bytes 64003104 in_flight now 0 fair_inc 1679766 prop_inc 1124 fast_inc 0 eta_inc 15898827 multi_dec -21106334 quick_dec -450208 nack_dec -1319700
Flow Uec_26_0 flowId 53 uecSrc 52 finished at 328688 total messages 1 total packets 15664 RTS 0 total bytes 64003104 in_flight now 0 fair_inc 1499425 prop_inc 2936 fast_inc 0 eta_inc 15868260 multi_dec -20769186 quick_dec -507774 nack_dec -1415150
Flow Uec_76_0 flowId 96 uecSrc 95 finished at 328704 total messages 1 total packets 15664 RTS 0 total bytes 64003104 in_flight now 0 fair_inc 1318201 prop_inc 3065 fast_inc 0 eta_inc 15870918 multi_dec -21302610 quick_dec -293793 nack_dec -1240850
Flow Uec_66_0 flowId 60 uecSrc 59 finished at 328709 total messages 1 total packets 15664 RTS 0 total bytes 64003104 in_flight now 0 fair_inc 1230627 prop_inc 270 fast_inc 0 eta_inc 15900156 multi_dec -20683120 quick_dec -733280 nack_dec -1278200
Flow Uec_113_0 flowId 14 uecSrc 13 finished at 328717 total messages 1 total packets 15664 RTS 0 total bytes 64003104 in_flight now 0 fair_inc 1462243 prop_inc 3473 fast_inc 0 eta_inc 15850983 multi_dec -21442878 quick_dec -462799 nack_dec -1344600
Flow Uec_127_0 flowId 1 uecSrc 0 finished at 329085 total messages 1 total packets 15664 RTS 0 total bytes 64003104 in_flight now 0 fair_inc 1624120 prop_inc 4508 fast_inc 0 eta_inc 15896169 multi_dec -21403108 quick_dec -252326 nack_dec -1307250
Flow Uec_97_0 flowId 78 uecSrc 77 finished at 329131 total messages 1 total packets 15664 RTS 0 total bytes 64003104 in_flight now 0 fair_inc 1729220 prop_inc 3801 fast_inc 0 eta_inc 15905472 multi_dec -21197256 quick_dec -455236 nack_dec -1232550
Flow Uec_31_0 flowId 50 uecSrc 49 finished at 329148 total messages 1 total packets 15664 RTS 0 total bytes 64003104 in_flight now 0 fair_inc 1751401 prop_inc 1923 fast_inc 0 eta_inc 15901485 multi_dec -21334617 quick_dec -520848 nack_dec -1577000
Flow Uec_51_0 flowId 5 uecSrc 4 finished at 329227 total messages 1 total packets 15664 RTS 0 total bytes 64003104 in_flight now 0 fair_inc 1663112 prop_inc 953 fast_inc 0 eta_inc 15905472 multi_dec -21287973 quick_dec -504608 nack_dec -1377800
Flow Uec_91_0 flowId 84 uecSrc 83 finished at 329372 total messages 1 total packets 15664 RTS 0 total bytes 64003104 in_flight now 0 fair_inc 1445475 prop_inc 1640 fast_inc 0 eta_inc 15885537 multi_dec -20591614 quick_dec -495562 nack_dec -1411000
Flow Uec_50_0 flowId 107 uecSrc 106 finished at 329433 total messages 1 total packets 15664 RTS 0 total bytes 64003104 in_flight now 0 fair_inc 1459597 prop_inc 2294 fast_inc 0 eta_inc 15908130 multi_dec -21235572 quick_dec -571630 nack_dec -1307250
Flow Uec_79_0 flowId 62 uecSrc 61 finished at 329439 total messages 1 total packets 15664 RTS 0 total bytes 64003104 in_flight now 0 fair_inc 1574723 prop_inc 8474 fast_inc 0 eta_inc 15898827 multi_dec -20749723 quick_dec -397870 nack_dec -1577000
Flow Uec_101_0 flowId 113 uecSrc 112 finished at 329494 total messages 1 total packets 15664 RTS 0 total bytes 64003104 in_flight now 0 fair_inc 1257001 prop_inc 5101 fast_inc 0 eta_inc 15898827 multi_dec -20415416 quick_dec -651126 nack_dec -1412046
Flow Uec_110_0 flowId 54 uecSrc 53 finished at 329501 total messages 1 total packets 15664 RTS 0 total bytes 64003104 in_flight now 0 fair_inc 1516749 prop_inc 9958 fast_inc 0 eta_inc 15925407 multi_dec -21059574 quick_dec -789281 nack_dec -1373650
Flow Uec_123_0 flowId 118 uecSrc 117 finished at 329601 total messages 1 total packets 15664 RTS 0 total bytes 64003104 in_flight now 0 fair_inc 1604232 prop_inc 2905 fast_inc 0 eta_inc 15914775 multi_dec -21468250 quick_dec -719700 nack_dec -1470146
Flow Uec_122_0 flowId 13 uecSrc 12 finished at 329620 total messages 1 total packets 15664 RTS 0 total bytes 64003104 in_flight now 0 fair_inc 1522806 prop_inc 4370 fast_inc 0 eta_inc 15900156 multi_dec -20930977 quick_dec -537755 nack_dec -1473250
Flow Uec_44_0 flowId 9 uecSrc 8 finished at 329635 total messages 1 total packets 15664 RTS 0 total bytes 64003104 in_flight now 0 fair_inc 1516509 prop_inc 1341 fast_inc 0 eta_inc 15918762 multi_dec -21325063 quick_dec -462559 nack_dec -1290650
Flow Uec_87_0 flowId 29 uecSrc 28 finished at 329696 total messages 1 total packets 15664 RTS 0 total bytes 64003104 in_flight now 0 fair_inc 1648367 prop_inc 6678 fast_inc 0 eta_inc 15930723 multi_dec -21189079 quick_dec -483140 nack_dec -1427600
Flow Uec_19_0 flowId 57 uecSrc 56 finished at 329703 total messages 1 total packets 15664 RTS 0 total bytes 64003104 in_flight now 0 fair_inc 1688761 prop_inc 7006 fast_inc 0 eta_inc 15909459 multi_dec -21438046 quick_dec -300642 nack_dec -1361200
Flow Uec_25_0 flowId 19 uecSrc 18 finished at 329727 total messages 1 total packets 15664 RTS 0 total bytes 64003104 in_flight now 0 fair_inc 1447142 prop_inc 3544 fast_inc 0 eta_inc 15926736 multi_dec -21177380 quick_dec -324667 nack_dec -1278200
Flow Uec_42_0 flowId 4 uecSrc 3 finished at 329776 total messages 1 total packets 15664 RTS 0 total bytes 64003104 in_flight now 0 fair_inc 1553922 prop_inc 6679 fast_inc 0 eta_inc 15941355 multi_dec -21194575 quick_dec -696608 nack_dec -1514750
Flow Uec_48_0 flowId 48 uecSrc 47 finished at 329806 total messages 1 total packets 15664 RTS 0 total bytes 64003104 in_flight now 0 fair_inc 1608218 prop_inc 5950 fast_inc 0 eta_inc 15918762 multi_dec -21239244 quick_dec -486789 nack_dec -1452500
Flow Uec_72_0 flowId 51 uecSrc 50 finished at 329871 total messages 1 total packets 15664 RTS 0 total bytes 64003104 in_flight now 0 fair_inc 1742738 prop_inc 4671 fast_inc 0 eta_inc 15961290 multi_dec -21237854 quick_dec -514073 nack_dec -1394400
Flow Uec_107_0 flowId 108 uecSrc 107 finished at 329872 total messages 1 total packets 15664 RTS 0 total bytes 64003104 in_flight now 0 fair_inc 1510000 prop_inc 5839 fast_inc 0 eta_inc 15928065 multi_dec -20763985 quick_dec -449558 nack_dec -1303100
Flow Uec_41_0 flowId 94 uecSrc 93 finished at 329899 total messages 1 total packets 15664 RTS 0 total bytes 64003104 in_flight now 0 fair_inc 1544340 prop_inc 7342 fast_inc 0 eta_inc 15922749 multi_dec -20643509 quick_dec -560364 nack_dec -1498150
Flow Uec_58_0 flowId 117 uecSrc 116 finished at 329909 total messages 1 total packets 15664 RTS 0 total bytes 64003104 in_flight now 0 fair_inc 1397429 prop_inc 8532 fast_inc 0 eta_inc 15951987 multi_dec -20812692 quick_dec -562015 nack_dec -1170300
Flow Uec_102_0 flowId 30 uecSrc 29 finished at 329913 total messages 1 total packets 15664 RTS 0 total bytes 64003104 in_flight now 0 fair_inc 1681943 prop_inc 4221 fast_inc 0 eta_inc 15938697 multi_dec -21332740 quick_dec -281324 nack_dec -1502300
Flow Uec_52_0 flowId 31 uecSrc 30 finished at 329963 total messages 1 total packets 15664 RTS 0 total bytes 64003104 in_flight now 0 fair_inc 1653781 prop_inc 7203 fast_inc 0 eta_inc 15926736 multi_dec -21119497 quick_dec -305013 nack_dec -1315550
Flow Uec_92_0 flowId 72 uecSrc 71 finished at 330050 total messages 1 total packets 15664 RTS 0 total bytes 64003104 in_flight now 0 fair_inc 1553099 prop_inc 8452 fast_inc 0 eta_inc 15925407 multi_dec -21044834 quick_dec -356819 nack_dec -1419300
Flow Uec_71_0 flowId 79 uecSrc 78 finished at 330115 total messages 1 total packets 15664 RTS 0 total bytes 64003104 in_flight now 0 fair_inc 1622914 prop_inc 9114 fast_inc 0 eta_inc 15951987 multi_dec -20770644 quick_dec -248557 nack_dec -1477400
Flow Uec_115_0 flowId 90 uecSrc 89 finished at 330153 total messages 1 total packets 15664 RTS 0 total bytes 64003104 in_flight now 0 fair_inc 1786186 prop_inc 4398 fast_inc 0 eta_inc 15941355 multi_dec -21037991 quick_dec -695873 nack_dec -1452500
Flow Uec_60_0 flowId 45 uecSrc 44 finished at 330193 total messages 1 total packets 15664 RTS 0 total bytes 64003104 in_flight now 0 fair_inc 1582918 prop_inc 4725 fast_inc 0 eta_inc 15934710 multi_dec -20647707 quick_dec -488242 nack_dec -1348750
Flow Uec_85_0 flowId 64 uecSrc 63 finished at 330205 total messages 1 total packets 15664 RTS 0 total bytes 64003104 in_flight now 0 fair_inc 1552805 prop_inc 13508 fast_inc 0 eta_inc 15961290 multi_dec -20951266 quick_dec -670166 nack_dec -1377800
Flow Uec_69_0 flowId 43 uecSrc 42 finished at 330295 total messages 1 total packets 15664 RTS 0 total bytes 64003104 in_flight now 0 fair_inc 1564083 prop_inc 52148 fast_inc 0 eta_inc 15970593 multi_dec -20906003 quick_dec -576692 nack_dec -1323850
Flow Uec_108_0 flowId 23 uecSrc 22 finished at 330301 total messages 1 total packets 15664 RTS 0 total bytes 64003104 in_flight now 0 fair_inc 1519648 prop_inc 53953 fast_inc 0 eta_inc 15958632 multi_dec -20825062 quick_dec -504265 nack_dec -1282350
Flow Uec_22_0 flowId 15 uecSrc 14 finished at 330302 total messages 1 total packets 15664 RTS 0 total bytes 64003104 in_flight now 0 fair_inc 1596249 prop_inc 52316 fast_inc 0 eta_inc 15932052 multi_dec -20845914 quick_dec -646650 nack_dec -1469100
Flow Uec_86_0 flowId 3 uecSrc 2 finished at 330327 total messages 1 total packets 15664 RTS 0 total bytes 64003104 in_flight now 0 fair_inc 1687077 prop_inc 77546 fast_inc 61303 eta_inc 15958632 multi_dec -20770670 quick_dec -353423 nack_dec -1336300
....|Received SIGTERM at 559000 us, shutting down cleanly.
New: 1989328 Rtx: 36057 RTS: 0 Bounced: 0 ACKs: 1984835 NACKs: 36057 Pulls: 0 sleek_pkts: 0
SPURIOUS_COUNT 0
