Flow Uec_107_0 flowId 108 uecSrc 107 finished at 33014.1 total messages 1 total packets 3916 RTS 0 total bytes 16000776 in_flight now 0 fair_inc 0 prop_inc 0 fast_inc 0 eta_inc 0 multi_dec -0 quick_dec -135176 nack_dec -581000
Flow Uec_4_0 flowId 109 uecSrc 108 finished at 41760 total messages 1 total packets 3916 RTS 0 total bytes 16000776 in_flight now 0 fair_inc 0 prop_inc 0 fast_inc 0 eta_inc 2618130 multi_dec -2570207 quick_dec -89037 nack_dec -527050
.Flow Uec_92_0 flowId 72 uecSrc 71 finished at 50017.4 total messages 1 total packets 3916 RTS 0 total bytes 16000776 in_flight now 0 fair_inc 0 prop_inc 0 fast_inc 0 eta_inc 2619459 multi_dec -2579911 quick_dec -152123 nack_dec -535350
Flow Uec_126_0 flowId 68 uecSrc 67 finished at 50243 total messages 1 total packets 3916 RTS 0 total bytes 16000776 in_flight now 0 fair_inc 0 prop_inc 0 fast_inc 0 eta_inc 2630091 multi_dec -2589826 quick_dec -142208 nack_dec -564400
Flow Uec_87_0 flowId 29 uecSrc 28 finished at 50341.6 total messages 1 total packets 3916 RTS 0 total bytes 16000776 in_flight now 0 fair_inc 0 prop_inc 0 fast_inc 0 eta_inc 2632749 multi_dec -2586522 quick_dec -200428 nack_dec -568550
Flow Uec_37_0 flowId 10 uecSrc 9 finished at 50407.9 total messages 1 total packets 3916 RTS 0 total bytes 16000776 in_flight now 0 fair_inc 0 prop_inc 0 fast_inc 0 eta_inc 2640723 multi_dec -2603274 quick_dec -184882 nack_dec -556100
Flow Uec_29_0 flowId 82 uecSrc 81 finished at 50473.6 total messages 1 total packets 3916 RTS 0 total bytes 16000776 in_flight now 0 fair_inc 0 prop_inc 0 fast_inc 0 eta_inc 2636736 multi_dec -2587674 quick_dec -180833 nack_dec -568550
Flow Uec_57_0 flowId 81 uecSrc 80 finished at 50494.9 total messages 1 total packets 3916 RTS 0 total bytes 16000776 in_flight now 0 fair_inc 0 prop_inc 0 fast_inc 0 eta_inc 2635407 multi_dec -2585070 quick_dec -163048 nack_dec -576850
Flow Uec_44_0 flowId 9 uecSrc 8 finished at 50741.2 total messages 1 total packets 3916 RTS 0 total bytes 16000776 in_flight now 0 fair_inc 0 prop_inc 0 fast_inc 0 eta_inc 2659329 multi_dec -2627245 quick_dec -165589 nack_dec -539500
Flow Uec_80_0 flowId 32 uecSrc 31 finished at 50755 total messages 1 total packets 3916 RTS 0 total bytes 16000776 in_flight now 0 fair_inc 0 prop_inc 0 fast_inc 0 eta_inc 2656671 multi_dec -2620056 quick_dec -143195 nack_dec -560250
Flow Uec_103_0 flowId 124 uecSrc 123 finished at 50875.2 total messages 1 total packets 3916 RTS 0 total bytes 16000776 in_flight now 0 fair_inc 0 prop_inc 0 fast_inc 0 eta_inc 2668632 multi_dec -2642904 quick_dec -215465 nack_dec -535350
Flow Uec_102_0 flowId 30 uecSrc 29 finished at 50887.1 total messages 1 total packets 3916 RTS 0 total bytes 16000776 in_flight now 0 fair_inc 0 prop_inc 0 fast_inc 0 eta_inc 2669961 multi_dec -2646255 quick_dec -171988 nack_dec -531200
Flow Uec_88_0 flowId 28 uecSrc 27 finished at 50980 total messages 1 total packets 3916 RTS 0 total bytes 16000776 in_flight now 0 fair_inc 0 prop_inc 0 fast_inc 0 eta_inc 2668632 multi_dec -2637392 quick_dec -227726 nack_dec -581000
Flow Uec_30_0 flowId 97 uecSrc 96 finished at 50986.3 total messages 1 total packets 3916 RTS 0 total bytes 16000776 in_flight now 0 fair_inc 0 prop_inc 0 fast_inc 0 eta_inc 2676606 multi_dec -2646535 quick_dec -198415 nack_dec -551950
Flow Uec_24_0 flowId 69 uecSrc 68 finished at 51179.3 total messages 1 total packets 3916 RTS 0 total bytes 16000776 in_flight now 0 fair_inc 0 prop_inc 0 fast_inc 0 eta_inc 2679264 multi_dec -2655260 quick_dec -114886 nack_dec -539500
Flow Uec_79_0 flowId 62 uecSrc 61 finished at 51710.2 total messages 1 total packets 3916 RTS 0 total bytes 16000776 in_flight now 0 fair_inc 0 prop_inc 0 fast_inc 0 eta_inc 2712489 multi_dec -2691905 quick_dec -110198 nack_dec -531200
Flow Uec_34_0 flowId 35 uecSrc 34 finished at 51896 total messages 1 total packets 3916 RTS 0 total bytes 16000776 in_flight now 0 fair_inc 6137 prop_inc 0 fast_inc 0 eta_inc 2719134 multi_dec -2711635 quick_dec -132833 nack_dec -531200
Flow Uec_59_0 flowId 74 uecSrc 73 finished at 52134.5 total messages 1 total packets 3916 RTS 0 total bytes 16000776 in_flight now 0 fair_inc 0 prop_inc 0 fast_inc 0 eta_inc 2728437 multi_dec -2705146 quick_dec -186888 nack_dec -564400
Flow Uec_106_0 flowId 52 uecSrc 51 finished at 52195.6 total messages 1 total packets 3916 RTS 0 total bytes 16000776 in_flight now 0 fair_inc 0 prop_inc 0 fast_inc 0 eta_inc 2733753 multi_dec -2711398 quick_dec -153814 nack_dec -556100
Flow Uec_3_0 flowId 92 uecSrc 91 finished at 55801.6 total messages 1 total packets 3916 RTS 0 total bytes 16000776 in_flight now 0 fair_inc 0 prop_inc 799 fast_inc 0 eta_inc 4429557 multi_dec -4330338 quick_dec --8186 nack_dec -423300
Flow Uec_1_0 flowId 102 uecSrc 101 finished at 56410 total messages 1 total packets 3916 RTS 0 total bytes 16000776 in_flight now 0 fair_inc 0 prop_inc 3595 fast_inc 0 eta_inc 4469427 multi_dec -4368156 quick_dec --3395 nack_dec -448200
Flow Uec_2_0 flowId 88 uecSrc 87 finished at 56907.9 total messages 1 total packets 3916 RTS 0 total bytes 16000776 in_flight now 0 fair_inc 0 prop_inc 3411 fast_inc 0 eta_inc 4509297 multi_dec -4415848 quick_dec --14971 nack_dec -468950
Flow Uec_42_0 flowId 4 uecSrc 3 finished at 65308.2 total messages 1 total packets 3916 RTS 0 total bytes 16000776 in_flight now 0 fair_inc 0 prop_inc 0 fast_inc 0 eta_inc 3420846 multi_dec -3392360 quick_dec -126412 nack_dec -572700
Flow Uec_9_0 flowId 122 uecSrc 121 finished at 66120.7 total messages 1 total packets 3916 RTS 0 total bytes 16000776 in_flight now 0 fair_inc 0 prop_inc 0 fast_inc 0 eta_inc 4142493 multi_dec -4053945 quick_dec -45957 nack_dec -630800
Flow Uec_7_0 flowId 37 uecSrc 36 finished at 66151.4 total messages 1 total packets 3916 RTS 0 total bytes 16000776 in_flight now 0 fair_inc 0 prop_inc 0 fast_inc 0 eta_inc 4150467 multi_dec -4064324 quick_dec --10764 nack_dec -622500
Flow Uec_8_0 flowId 17 uecSrc 16 finished at 66702.5 total messages 1 total packets 3916 RTS 0 total bytes 16000776 in_flight now 0 fair_inc 0 prop_inc 0 fast_inc 0 eta_inc 4191666 multi_dec -4124389 quick_dec --8657 nack_dec -605900
Flow Uec_12_0 flowId 44 uecSrc 43 finished at 66810.3 total messages 1 total packets 3916 RTS 0 total bytes 16000776 in_flight now 0 fair_inc 9364 prop_inc 0 fast_inc 0 eta_inc 4198311 multi_dec -4140318 quick_dec -39567 nack_dec -643250
Flow Uec_10_0 flowId 27 uecSrc 26 finished at 67994.5 total messages 1 total packets 3916 RTS 0 total bytes 16000776 in_flight now 0 fair_inc 0 prop_inc 0 fast_inc 0 eta_inc 4262103 multi_dec -4198694 quick_dec --13792 nack_dec -643250
Flow Uec_15_0 flowId 12 uecSrc 11 finished at 68304.4 total messages 1 total packets 3916 RTS 0 total bytes 16000776 in_flight now 0 fair_inc 0 prop_inc 0 fast_inc 0 eta_inc 4280709 multi_dec -4207034 quick_dec -17209 nack_dec -618350
Flow Uec_14_0 flowId 95 uecSrc 94 finished at 68310.8 total messages 1 total packets 3916 RTS 0 total bytes 16000776 in_flight now 0 fair_inc 0 prop_inc 0 fast_inc 0 eta_inc 4288683 multi_dec -4214307 quick_dec -22103 nack_dec -668150
Flow Uec_54_0 flowId 71 uecSrc 70 finished at 68981.8 total messages 1 total packets 3916 RTS 0 total bytes 16000776 in_flight now 0 fair_inc 0 prop_inc 0 fast_inc 0 eta_inc 3606906 multi_dec -3550399 quick_dec -141736 nack_dec -610050
Flow Uec_6_0 flowId 40 uecSrc 39 finished at 69096.1 total messages 1 total packets 3916 RTS 0 total bytes 16000776 in_flight now 0 fair_inc 0 prop_inc 0 fast_inc 0 eta_inc 4320579 multi_dec -4217381 quick_dec --13624 nack_dec -672300
Flow Uec_11_0 flowId 36 uecSrc 35 finished at 69487.2 total messages 1 total packets 3916 RTS 0 total bytes 16000776 in_flight now 0 fair_inc 0 prop_inc 0 fast_inc 0 eta_inc 4343172 multi_dec -4242155 quick_dec -26806 nack_dec -705500
Flow Uec_121_0 flowId 63 uecSrc 62 finished at 70926 total messages 1 total packets 3916 RTS 0 total bytes 16000776 in_flight now 0 fair_inc 0 prop_inc 0 fast_inc 0 eta_inc 3701265 multi_dec -3663238 quick_dec -233053 nack_dec -643250
Flow Uec_20_0 flowId 58 uecSrc 57 finished at 71522.8 total messages 1 total packets 3916 RTS 0 total bytes 16000776 in_flight now 0 fair_inc 5691 prop_inc 0 fast_inc 0 eta_inc 3741135 multi_dec -3703340 quick_dec -144318 nack_dec -610050
Flow Uec_93_0 flowId 98 uecSrc 97 finished at 73512.3 total messages 1 total packets 3916 RTS 0 total bytes 16000776 in_flight now 0 fair_inc 5672 prop_inc 0 fast_inc 0 eta_inc 3863403 multi_dec -3865658 quick_dec -124195 nack_dec -585150
Flow Uec_118_0 flowId 104 uecSrc 103 finished at 73908.2 total messages 1 total packets 3916 RTS 0 total bytes 16000776 in_flight now 0 fair_inc 0 prop_inc 0 fast_inc 0 eta_inc 3883338 multi_dec -3853782 quick_dec -154890 nack_dec -564400
Flow Uec_89_0 flowId 59 uecSrc 58 finished at 74060.1 total messages 1 total packets 3916 RTS 0 total bytes 16000776 in_flight now 0 fair_inc 0 prop_inc 0 fast_inc 0 eta_inc 3876693 multi_dec -3827650 quick_dec -197886 nack_dec -605900
Flow Uec_52_0 flowId 31 uecSrc 30 finished at 74184.4 total messages 1 total packets 3916 RTS 0 total bytes 16000776 in_flight now 0 fair_inc 12096 prop_inc 0 fast_inc 0 eta_inc 3883338 multi_dec -3894261 quick_dec -145086 nack_dec -617574
Flow Uec_113_0 flowId 14 uecSrc 13 finished at 74384.2 total messages 1 total packets 3916 RTS 0 total bytes 16000776 in_flight now 0 fair_inc 17207 prop_inc 0 fast_inc 0 eta_inc 3899286 multi_dec -3907176 quick_dec -131853 nack_dec -585150
Flow Uec_46_0 flowId 7 uecSrc 6 finished at 74514.7 total messages 1 total packets 3916 RTS 0 total bytes 16000776 in_flight now 0 fair_inc 0 prop_inc 0 fast_inc 0 eta_inc 3909918 multi_dec -3881244 quick_dec -157318 nack_dec -556100
Flow Uec_122_0 flowId 13 uecSrc 12 finished at 74564.9 total messages 1 total packets 3916 RTS 0 total bytes 16000776 in_flight now 0 fair_inc 6069 prop_inc 0 fast_inc 0 eta_inc 3901944 multi_dec -3892757 quick_dec -129777 nack_dec -618350
Flow Uec_47_0 flowId 34 uecSrc 33 finished at 74681.5 total messages 1 total packets 3916 RTS 0 total bytes 16000776 in_flight now 0 fair_inc 0 prop_inc 0 fast_inc 0 eta_inc 3925866 multi_dec -3904900 quick_dec -112080 nack_dec -543650
Flow Uec_125_0 flowId 93 uecSrc 92 finished at 74688.3 total messages 1 total packets 3916 RTS 0 total bytes 16000776 in_flight now 0 fair_inc 5765 prop_inc 0 fast_inc 0 eta_inc 3912576 multi_dec -3887744 quick_dec -144986 nack_dec -597600
Flow Uec_68_0 flowId 83 uecSrc 82 finished at 74706.8 total messages 1 total packets 3916 RTS 0 total bytes 16000776 in_flight now 0 fair_inc 5981 prop_inc 0 fast_inc 0 eta_inc 3919221 multi_dec -3900040 quick_dec -161841 nack_dec -589300
Flow Uec_56_0 flowId 106 uecSrc 105 finished at 74836.4 total messages 1 total packets 3916 RTS 0 total bytes 16000776 in_flight now 0 fair_inc 0 prop_inc 0 fast_inc 0 eta_inc 3928524 multi_dec -3892957 quick_dec -148624 nack_dec -556100
Flow Uec_112_0 flowId 46 uecSrc 45 finished at 74907.9 total messages 1 total packets 3916 RTS 0 total bytes 16000776 in_flight now 0 fair_inc 0 prop_inc 0 fast_inc 0 eta_inc 3927195 multi_dec -3863581 quick_dec -149861 nack_dec -597600
Flow Uec_85_0 flowId 64 uecSrc 63 finished at 74934 total messages 1 total packets 3916 RTS 0 total bytes 16000776 in_flight now 0 fair_inc 6047 prop_inc 0 fast_inc 0 eta_inc 3923208 multi_dec -3885832 quick_dec -122741 nack_dec -643250
Flow Uec_119_0 flowId 80 uecSrc 79 finished at 75101.3 total messages 1 total packets 3916 RTS 0 total bytes 16000776 in_flight now 0 fair_inc 0 prop_inc 0 fast_inc 0 eta_inc 3928524 multi_dec -3877847 quick_dec -121534 nack_dec -605900
Flow Uec_5_0 flowId 6 uecSrc 5 finished at 75296.8 total messages 1 total packets 3916 RTS 0 total bytes 16000776 in_flight now 0 fair_inc 0 prop_inc 0 fast_inc 0 eta_inc 4723266 multi_dec -4618168 quick_dec -5490 nack_dec -664000
Flow Uec_81_0 flowId 24 uecSrc 23 finished at 75422.3 total messages 1 total packets 3916 RTS 0 total bytes 16000776 in_flight now 0 fair_inc 0 prop_inc 0 fast_inc 0 eta_inc 3948459 multi_dec -3903183 quick_dec -108965 nack_dec -618350
Flow Uec_108_0 flowId 23 uecSrc 22 finished at 75456.3 total messages 1 total packets 3916 RTS 0 total bytes 16000776 in_flight now 0 fair_inc 0 prop_inc 0 fast_inc 0 eta_inc 3961749 multi_dec -3918683 quick_dec -134394 nack_dec -572700
Flow Uec_13_0 flowId 111 uecSrc 110 finished at 75983.8 total messages 1 total packets 3916 RTS 0 total bytes 16000776 in_flight now 0 fair_inc 0 prop_inc 0 fast_inc 0 eta_inc 4761807 multi_dec -4646844 quick_dec --6804 nack_dec -647400
Flow Uec_70_0 flowId 89 uecSrc 88 finished at 76077.4 total messages 1 total packets 3916 RTS 0 total bytes 16000776 in_flight now 0 fair_inc 0 prop_inc 0 fast_inc 0 eta_inc 3984342 multi_dec -3922586 quick_dec -141575 nack_dec -605900
Flow Uec_43_0 flowId 66 uecSrc 65 finished at 76488.5 total messages 1 total packets 3916 RTS 0 total bytes 16000776 in_flight now 0 fair_inc 0 prop_inc 0 fast_inc 0 eta_inc 4013580 multi_dec -3980310 quick_dec -174049 nack_dec -576850
Flow Uec_33_0 flowId 121 uecSrc 120 finished at 76799.1 total messages 1 total packets 3916 RTS 0 total bytes 16000776 in_flight now 0 fair_inc 0 prop_inc 0 fast_inc 0 eta_inc 4030857 multi_dec -3983445 quick_dec -158994 nack_dec -585150
Flow Uec_21_0 flowId 21 uecSrc 20 finished at 77106.8 total messages 1 total packets 3916 RTS 0 total bytes 16000776 in_flight now 0 fair_inc 6017 prop_inc 0 fast_inc 0 eta_inc 4038831 multi_dec -3975299 quick_dec -88189 nack_dec -626650
Flow Uec_63_0 flowId 110 uecSrc 109 finished at 77170.7 total messages 1 total packets 3916 RTS 0 total bytes 16000776 in_flight now 0 fair_inc 0 prop_inc 0 fast_inc 0 eta_inc 4045476 multi_dec -4002459 quick_dec -150131 nack_dec -605900
Flow Uec_78_0 flowId 105 uecSrc 104 finished at 77287.2 total messages 1 total packets 3916 RTS 0 total bytes 16000776 in_flight now 0 fair_inc 0 prop_inc 0 fast_inc 0 eta_inc 4053450 multi_dec -4004810 quick_dec -122116 nack_dec -597600
Flow Uec_32_0 flowId 55 uecSrc 54 finished at 77329.8 total messages 1 total packets 3916 RTS 0 total bytes 16000776 in_flight now 0 fair_inc 6546 prop_inc 0 fast_inc 0 eta_inc 4058766 multi_dec -4030785 quick_dec -128015 nack_dec -593450
Flow Uec_117_0 flowId 100 uecSrc 99 finished at 77676.9 total messages 1 total packets 3916 RTS 0 total bytes 16000776 in_flight now 0 fair_inc 6664 prop_inc 0 fast_inc 0 eta_inc 4065411 multi_dec -4001760 quick_dec -172031 nack_dec -630800
Flow Uec_95_0 flowId 11 uecSrc 10 finished at 78084.4 total messages 1 total packets 3916 RTS 0 total bytes 16000776 in_flight now 0 fair_inc 6690 prop_inc 0 fast_inc 0 eta_inc 4098636 multi_dec -4071090 quick_dec -103713 nack_dec -593450
Flow Uec_115_0 flowId 90 uecSrc 89 finished at 78248.1 total messages 1 total packets 3916 RTS 0 total bytes 16000776 in_flight now 0 fair_inc 6538 prop_inc 0 fast_inc 0 eta_inc 4098636 multi_dec -4034228 quick_dec -177203 nack_dec -626650
Flow Uec_124_0 flowId 8 uecSrc 7 finished at 78403.4 total messages 1 total packets 3916 RTS 0 total bytes 16000776 in_flight now 0 fair_inc 13163 prop_inc 0 fast_inc 0 eta_inc 4126545 multi_dec -4105212 quick_dec -148759 nack_dec -551950
Flow Uec_99_0 flowId 103 uecSrc 102 finished at 78775.1 total messages 1 total packets 3916 RTS 0 total bytes 16000776 in_flight now 0 fair_inc 6482 prop_inc 0 fast_inc 0 eta_inc 4127874 multi_dec -4057266 quick_dec -178510 nack_dec -643250
Flow Uec_72_0 flowId 51 uecSrc 50 finished at 78980 total messages 1 total packets 3916 RTS 0 total bytes 16000776 in_flight now 0 fair_inc 13427 prop_inc 0 fast_inc 0 eta_inc 4141164 multi_dec -4097100 quick_dec -168050 nack_dec -626650
Flow Uec_104_0 flowId 91 uecSrc 90 finished at 79349.7 total messages 1 total packets 3916 RTS 0 total bytes 16000776 in_flight now 0 fair_inc 11779 prop_inc 0 fast_inc 0 eta_inc 4158441 multi_dec -4140341 quick_dec -133794 nack_dec -622500
Flow Uec_49_0 flowId 114 uecSrc 113 finished at 79821.9 total messages 1 total packets 3916 RTS 0 total bytes 16000776 in_flight now 0 fair_inc 44234 prop_inc 0 fast_inc 0 eta_inc 4187679 multi_dec -4130822 quick_dec -230444 nack_dec -610050
Flow Uec_65_0 flowId 65 uecSrc 64 finished at 80148.9 total messages 1 total packets 3916 RTS 0 total bytes 16000776 in_flight now 0 fair_inc 33126 prop_inc 0 fast_inc 0 eta_inc 4196982 multi_dec -4187059 quick_dec -172609 nack_dec -659850
Flow Uec_114_0 flowId 87 uecSrc 86 finished at 80237.7 total messages 1 total packets 3916 RTS 0 total bytes 16000776 in_flight now 0 fair_inc 25670 prop_inc 0 fast_inc 0 eta_inc 4228878 multi_dec -4212107 quick_dec -187922 nack_dec -560250
Flow Uec_120_0 flowId 67 uecSrc 66 finished at 80472.2 total messages 1 total packets 3916 RTS 0 total bytes 16000776 in_flight now 0 fair_inc 13196 prop_inc 0 fast_inc 0 eta_inc 4227549 multi_dec -4186030 quick_dec -162050 nack_dec -589300
Flow Uec_71_0 flowId 79 uecSrc 78 finished at 80665.5 total messages 1 total packets 3916 RTS 0 total bytes 16000776 in_flight now 0 fair_inc 26653 prop_inc 0 fast_inc 0 eta_inc 4235523 multi_dec -4215815 quick_dec -151210 nack_dec -605900
Flow Uec_94_0 flowId 33 uecSrc 32 finished at 80754.2 total messages 1 total packets 3916 RTS 0 total bytes 16000776 in_flight now 0 fair_inc 26318 prop_inc 0 fast_inc 0 eta_inc 4239510 multi_dec -4207785 quick_dec -177078 nack_dec -622500
Flow Uec_82_0 flowId 75 uecSrc 74 finished at 80816.4 total messages 1 total packets 3916 RTS 0 total bytes 16000776 in_flight now 0 fair_inc 17866 prop_inc 0 fast_inc 0 eta_inc 4238181 multi_dec -4188021 quick_dec -142016 nack_dec -659850
Flow Uec_123_0 flowId 118 uecSrc 117 finished at 80881 total messages 1 total packets 3916 RTS 0 total bytes 16000776 in_flight now 0 fair_inc 19542 prop_inc 0 fast_inc 0 eta_inc 4239510 multi_dec -4218392 quick_dec -145895 nack_dec -622500
Flow Uec_116_0 flowId 22 uecSrc 21 finished at 80954.2 total messages 1 total packets 3916 RTS 0 total bytes 16000776 in_flight now 0 fair_inc 29548 prop_inc 0 fast_inc 0 eta_inc 4255458 multi_dec -4203516 quick_dec -192241 nack_dec -601750
Flow Uec_27_0 flowId 112 uecSrc 111 finished at 80961.6 total messages 1 total packets 3916 RTS 0 total bytes 16000776 in_flight now 0 fair_inc 20068 prop_inc 0 fast_inc 0 eta_inc 4256787 multi_dec -4224605 quick_dec -112190 nack_dec -626650
Flow Uec_16_0 flowId 120 uecSrc 119 finished at 80997.4 total messages 1 total packets 3916 RTS 0 total bytes 16000776 in_flight now 0 fair_inc 26043 prop_inc 0 fast_inc 0 eta_inc 4250142 multi_dec -4240537 quick_dec -158293 nack_dec -626650
Flow Uec_26_0 flowId 53 uecSrc 52 finished at 81029.3 total messages 1 total packets 3916 RTS 0 total bytes 16000776 in_flight now 0 fair_inc 38515 prop_inc 0 fast_inc 0 eta_inc 4266090 multi_dec -4263404 quick_dec -160409 nack_dec -585150
Flow Uec_22_0 flowId 15 uecSrc 14 finished at 81076.8 total messages 1 total packets 3916 RTS 0 total bytes 16000776 in_flight now 0 fair_inc 6693 prop_inc 0 fast_inc 0 eta_inc 4252800 multi_dec -4208917 quick_dec -137106 nack_dec -618350
Flow Uec_75_0 flowId 39 uecSrc 38 finished at 81104.6 total messages 1 total packets 3916 RTS 0 total bytes 16000776 in_flight now 0 fair_inc 6655 prop_inc 0 fast_inc 0 eta_inc 4256787 multi_dec -4197988 quick_dec -185251 nack_dec -622500
Flow Uec_109_0 flowId 125 uecSrc 124 finished at 81112.7 total messages 1 total packets 3916 RTS 0 total bytes 16000776 in_flight now 0 fair_inc 25181 prop_inc 0 fast_inc 0 eta_inc 4262103 multi_dec -4226566 quick_dec -138295 nack_dec -605900
Flow Uec_73_0 flowId 126 uecSrc 125 finished at 81204.7 total messages 1 total packets 3916 RTS 0 total bytes 16000776 in_flight now 0 fair_inc 39360 prop_inc 0 fast_inc 0 eta_inc 4258116 multi_dec -4229395 quick_dec -197019 nack_dec -655700
Flow Uec_19_0 flowId 57 uecSrc 56 finished at 81323.2 total messages 1 total packets 3916 RTS 0 total bytes 16000776 in_flight now 0 fair_inc 36750 prop_inc 0 fast_inc 0 eta_inc 4263432 multi_dec -4195216 quick_dec -230527 nack_dec -651550
Flow Uec_45_0 flowId 77 uecSrc 76 finished at 81394.3 total messages 1 total packets 3916 RTS 0 total bytes 16000776 in_flight now 0 fair_inc 22453 prop_inc 22 fast_inc 0 eta_inc 4282038 multi_dec -4249751 quick_dec -204081 nack_dec -585150
Flow Uec_25_0 flowId 19 uecSrc 18 finished at 81420.9 total messages 1 total packets 3916 RTS 0 total bytes 16000776 in_flight now 0 fair_inc 32828 prop_inc 0 fast_inc 0 eta_inc 4278051 multi_dec -4218472 quick_dec -157440 nack_dec -639100
Flow Uec_91_0 flowId 84 uecSrc 83 finished at 81515 total messages 1 total packets 3916 RTS 0 total bytes 16000776 in_flight now 0 fair_inc 19890 prop_inc 1485 fast_inc 0 eta_inc 4303302 multi_dec -4281658 quick_dec -208676 nack_dec -556100
Flow Uec_36_0 flowId 42 uecSrc 41 finished at 81581.7 total messages 1 total packets 3916 RTS 0 total bytes 16000776 in_flight now 0 fair_inc 33183 prop_inc 1962 fast_inc 0 eta_inc 4276722 multi_dec -4238458 quick_dec -157165 nack_dec -655700
Flow Uec_41_0 flowId 94 uecSrc 93 finished at 81622.4 total messages 1 total packets 3916 RTS 0 total bytes 16000776 in_flight now 0 fair_inc 33428 prop_inc 236 fast_inc 0 eta_inc 4299315 multi_dec -4282423 quick_dec -166396 nack_dec -597600
Flow Uec_28_0 flowId 86 uecSrc 85 finished at 81715.2 total messages 1 total packets 3916 RTS 0 total bytes 16000776 in_flight now 0 fair_inc 48381 prop_inc 1154 fast_inc 0 eta_inc 4297986 multi_dec -4275096 quick_dec -194755 nack_dec -618350
Flow Uec_23_0 flowId 26 uecSrc 25 finished at 81767.1 total messages 1 total packets 3916 RTS 0 total bytes 16000776 in_flight now 0 fair_inc 45764 prop_inc 20 fast_inc 0 eta_inc 4300644 multi_dec -4258908 quick_dec -200876 nack_dec -630800
Flow Uec_90_0 flowId 101 uecSrc 100 finished at 81773.4 total messages 1 total packets 3916 RTS 0 total bytes 16000776 in_flight now 0 fair_inc 33906 prop_inc 70 fast_inc 0 eta_inc 4311276 multi_dec -4279713 quick_dec -168325 nack_dec -581000
Flow Uec_55_0 flowId 85 uecSrc 84 finished at 81800.3 total messages 1 total packets 3916 RTS 0 total bytes 16000776 in_flight now 0 fair_inc 58755 prop_inc 1597 fast_inc 0 eta_inc 4299315 multi_dec -4294918 quick_dec -142901 nack_dec -614200
Flow Uec_101_0 flowId 113 uecSrc 112 finished at 81811.3 total messages 1 total packets 3916 RTS 0 total bytes 16000776 in_flight now 0 fair_inc 25563 prop_inc 0 fast_inc 0 eta_inc 4300644 multi_dec -4255154 quick_dec -156015 nack_dec -634950
Flow Uec_74_0 flowId 61 uecSrc 60 finished at 81915.2 total messages 1 total packets 3916 RTS 0 total bytes 16000776 in_flight now 0 fair_inc 51931 prop_inc 959 fast_inc 0 eta_inc 4305960 multi_dec -4300398 quick_dec -157553 nack_dec -618350
Flow Uec_127_0 flowId 1 uecSrc 0 finished at 81991.1 total messages 1 total packets 3916 RTS 0 total bytes 16000776 in_flight now 0 fair_inc 36080 prop_inc 26 fast_inc 0 eta_inc 4315263 multi_dec -4263123 quick_dec -171458 nack_dec -614200
Flow Uec_62_0 flowId 38 uecSrc 37 finished at 82019.3 total messages 1 total packets 3916 RTS 0 total bytes 16000776 in_flight now 0 fair_inc 47316 prop_inc 806 fast_inc 0 eta_inc 4305960 multi_dec -4318240 quick_dec -171754 nack_dec -634950
Flow Uec_100_0 flowId 25 uecSrc 24 finished at 82047 total messages 1 total packets 3916 RTS 0 total bytes 16000776 in_flight now 0 fair_inc 30393 prop_inc 440 fast_inc 0 eta_inc 4316592 multi_dec -4260393 quick_dec -191486 nack_dec -610050
Flow Uec_76_0 flowId 96 uecSrc 95 finished at 82078.2 total messages 1 total packets 3916 RTS 0 total bytes 16000776 in_flight now 0 fair_inc 45476 prop_inc 4450 fast_inc 0 eta_inc 4297986 multi_dec -4258949 quick_dec -118938 nack_dec -684750
Flow Uec_83_0 flowId 56 uecSrc 55 finished at 82136.1 total messages 1 total packets 3916 RTS 0 total bytes 16000776 in_flight now 0 fair_inc 41605 prop_inc 1638 fast_inc 0 eta_inc 4305960 multi_dec -4255120 quick_dec -140582 nack_dec -672300
Flow Uec_53_0 flowId 47 uecSrc 46 finished at 82167.8 total messages 1 total packets 3916 RTS 0 total bytes 16000776 in_flight now 0 fair_inc 73969 prop_inc 838 fast_inc 0 eta_inc 4325895 multi_dec -4337625 quick_dec -131807 nack_dec -610050
Flow Uec_35_0 flowId 99 uecSrc 98 finished at 82232.5 total messages 1 total packets 3916 RTS 0 total bytes 16000776 in_flight now 0 fair_inc 48555 prop_inc 1108 fast_inc 0 eta_inc 4328553 multi_dec -4304536 quick_dec -201743 nack_dec -621724
Flow Uec_31_0 flowId 50 uecSrc 49 finished at 82263 total messages 1 total packets 3916 RTS 0 total bytes 16000776 in_flight now 0 fair_inc 63449 prop_inc 399 fast_inc 0 eta_inc 4316592 multi_dec -4262192 quick_dec -177307 nack_dec -668150
Flow Uec_86_0 flowId 3 uecSrc 2 finished at 82294.1 total messages 1 total packets 3916 RTS 0 total bytes 16000776 in_flight now 0 fair_inc 45375 prop_inc 1640 fast_inc 0 eta_inc 4316592 multi_dec -4312286 quick_dec -170665 nack_dec -655700
Flow Uec_96_0 flowId 16 uecSrc 15 finished at 82300.3 total messages 1 total packets 3916 RTS 0 total bytes 16000776 in_flight now 0 fair_inc 50641 prop_inc 2761 fast_inc 0 eta_inc 4344501 multi_dec -4352953 quick_dec -190868 nack_dec -585150
Flow Uec_69_0 flowId 43 uecSrc 42 finished at 82321.4 total messages 1 total packets 3916 RTS 0 total bytes 16000776 in_flight now 0 fair_inc 104265 prop_inc 866 fast_inc 0 eta_inc 4335198 multi_dec -4352119 quick_dec -209783 nack_dec -601750
Flow Uec_110_0 flowId 54 uecSrc 53 finished at 82322 total messages 1 total packets 3916 RTS 0 total bytes 16000776 in_flight now 0 fair_inc 102252 prop_inc 1251 fast_inc 0 eta_inc 4337856 multi_dec -4357482 quick_dec -210934 nack_dec -630800
Flow Uec_84_0 flowId 115 uecSrc 114 finished at 82327.1 total messages 1 total packets 3916 RTS 0 total bytes 16000776 in_flight now 0 fair_inc 25969 prop_inc 2444 fast_inc 0 eta_inc 4325895 multi_dec -4284300 quick_dec -178226 nack_dec -614200
Flow Uec_66_0 flowId 60 uecSrc 59 finished at 82336.7 total messages 1 total packets 3916 RTS 0 total bytes 16000776 in_flight now 0 fair_inc 47314 prop_inc 5873 fast_inc 0 eta_inc 4316592 multi_dec -4258077 quick_dec -187260 nack_dec -680600
Flow Uec_18_0 flowId 127 uecSrc 126 finished at 82356.9 total messages 1 total packets 3916 RTS 0 total bytes 16000776 in_flight now 0 fair_inc 62018 prop_inc 5411 fast_inc 0 eta_inc 4345830 multi_dec -4316926 quick_dec -225980 nack_dec -597600
Flow Uec_105_0 flowId 76 uecSrc 75 finished at 82400.2 total messages 1 total packets 3916 RTS 0 total bytes 16000776 in_flight now 0 fair_inc 45093 prop_inc 3517 fast_inc 0 eta_inc 4327224 multi_dec -4266932 quick_dec -139755 nack_dec -651550
Flow Uec_61_0 flowId 116 uecSrc 115 finished at 82409 total messages 1 total packets 3916 RTS 0 total bytes 16000776 in_flight now 0 fair_inc 26372 prop_inc 8032 fast_inc 0 eta_inc 4336527 multi_dec -4261137 quick_dec -200752 nack_dec -610050
Flow Uec_64_0 flowId 119 uecSrc 118 finished at 82442.7 total messages 1 total packets 3916 RTS 0 total bytes 16000776 in_flight now 0 fair_inc 12656 prop_inc 7006 fast_inc 0 eta_inc 4337856 multi_dec -4261567 quick_dec -149995 nack_dec -618350
Flow Uec_58_0 flowId 117 uecSrc 116 finished at 82449.4 total messages 1 total packets 3916 RTS 0 total bytes 16000776 in_flight now 0 fair_inc 55963 prop_inc 7884 fast_inc 0 eta_inc 4343172 multi_dec -4315032 quick_dec -213945 nack_dec -593450
Flow Uec_17_0 flowId 18 uecSrc 17 finished at 82471.2 total messages 1 total packets 3916 RTS 0 total bytes 16000776 in_flight now 0 fair_inc 34513 prop_inc 4741 fast_inc 0 eta_inc 4335198 multi_dec -4267979 quick_dec -185836 nack_dec -634950
Flow Uec_67_0 flowId 49 uecSrc 48 finished at 82480.9 total messages 1 total packets 3916 RTS 0 total bytes 16000776 in_flight now 0 fair_inc 44321 prop_inc 5000 fast_inc 0 eta_inc 4332540 multi_dec -4285084 quick_dec -166982 nack_dec -643250
Flow Uec_39_0 flowId 2 uecSrc 1 finished at 82506.6 total messages 1 total packets 3916 RTS 0 total bytes 16000776 in_flight now 0 fair_inc 44815 prop_inc 14899 fast_inc 0 eta_inc 4349817 multi_dec -4297628 quick_dec -243113 nack_dec -581000
Flow Uec_97_0 flowId 78 uecSrc 77 finished at 82507.4 total messages 1 total packets 3916 RTS 0 total bytes 16000776 in_flight now 0 fair_inc 53599 prop_inc 5269 fast_inc 0 eta_inc 4336527 multi_dec -4295507 quick_dec -190998 nack_dec -626650
Flow Uec_98_0 flowId 123 uecSrc 122 finished at 82525.7 total messages 1 total packets 3916 RTS 0 total bytes 16000776 in_flight now 0 fair_inc 43865 prop_inc 14090 fast_inc 0 eta_inc 4335198 multi_dec -4274171 quick_dec -165700 nack_dec -651550
Flow Uec_111_0 flowId 70 uecSrc 69 finished at 82565.5 total messages 1 total packets 3916 RTS 0 total bytes 16000776 in_flight now 0 fair_inc 25257 prop_inc 37297 fast_inc 0 eta_inc 4345830 multi_dec -4276602 quick_dec -127664 nack_dec -634950
Flow Uec_38_0 flowId 73 uecSrc 72 finished at 82572.4 total messages 1 total packets 3916 RTS 0 total bytes 16000776 in_flight now 0 fair_inc 39611 prop_inc 24147 fast_inc 0 eta_inc 4332540 multi_dec -4266458 quick_dec -186059 nack_dec -676450
Flow Uec_51_0 flowId 5 uecSrc 4 finished at 82573.7 total messages 1 total packets 3916 RTS 0 total bytes 16000776 in_flight now 0 fair_inc 85839 prop_inc 21386 fast_inc 0 eta_inc 4347159 multi_dec -4338717 quick_dec -211451 nack_dec -664000
Flow Uec_50_0 flowId 107 uecSrc 106 finished at 82581.5 total messages 1 total packets 3916 RTS 0 total bytes 16000776 in_flight now 0 fair_inc 65086 prop_inc 37725 fast_inc 0 eta_inc 4343172 multi_dec -4316927 quick_dec -245067 nack_dec -634950
Flow Uec_60_0 flowId 45 uecSrc 44 finished at 82597.5 total messages 1 total packets 3916 RTS 0 total bytes 16000776 in_flight now 0 fair_inc 19628 prop_inc 65903 fast_inc 0 eta_inc 4341843 multi_dec -4254569 quick_dec -137062 nack_dec -630800
Flow Uec_48_0 flowId 48 uecSrc 47 finished at 82607.5 total messages 1 total packets 3916 RTS 0 total bytes 16000776 in_flight now 0 fair_inc 33504 prop_inc 53728 fast_inc 0 eta_inc 4352475 multi_dec -4314234 quick_dec -187079 nack_dec -593450
Flow Uec_40_0 flowId 20 uecSrc 19 finished at 82616.7 total messages 1 total packets 3916 RTS 0 total bytes 16000776 in_flight now 0 fair_inc 64330 prop_inc 75892 fast_inc 0 eta_inc 4336527 multi_dec -4194025 quick_dec -194583 nack_dec -668150
Flow Uec_77_0 flowId 41 uecSrc 40 finished at 82619.3 total messages 1 total packets 3916 RTS 0 total bytes 16000776 in_flight now 0 fair_inc 68470 prop_inc 82641 fast_inc 40495 eta_inc 4347159 multi_dec -4269598 quick_dec -185837 nack_dec -622500
..Received SIGTERM at 171000 us, shutting down cleanly.
New: 497332 Rtx: 18510 RTS: 0 Bounced: 0 ACKs: 497038 NACKs: 18510 Pulls: 0 sleek_pkts: 0
SPURIOUS_COUNT 0
