.Flow Uec_87_0 flowId 24 uecSrc 23 finished at 67886.2 total messages 1 total packets 24474 RTS 0 total bytes 100000764 in_flight now 0 fair_inc 0 prop_inc 0 fast_inc 0 eta_inc 0 multi_dec -0 quick_dec -27276 nack_dec -605900
Flow Uec_86_0 flowId 23 uecSrc 22 finished at 92751.1 total messages 1 total packets 24474 RTS 0 total bytes 100000764 in_flight now 0 fair_inc 5695 prop_inc 0 fast_inc 0 eta_inc 2658 multi_dec -0 quick_dec -70105 nack_dec -510450
Flow Uec_71_0 flowId 8 uecSrc 7 finished at 98908.9 total messages 1 total packets 24474 RTS 0 total bytes 100000764 in_flight now 0 fair_inc 5695 prop_inc 0 fast_inc 0 eta_inc 2658 multi_dec -0 quick_dec -86705 nack_dec -473100
.Flow Uec_110_0 flowId 47 uecSrc 46 finished at 111115 total messages 1 total packets 24474 RTS 0 total bytes 100000764 in_flight now 0 fair_inc 11194 prop_inc 0 fast_inc 0 eta_inc 2658 multi_dec -0 quick_dec -48026 nack_dec -481400
Flow Uec_91_0 flowId 28 uecSrc 27 finished at 111365 total messages 1 total packets 24474 RTS 0 total bytes 100000764 in_flight now 0 fair_inc 14754 prop_inc 0 fast_inc 0 eta_inc 3987 multi_dec -0 quick_dec -35576 nack_dec -535350
Flow Uec_68_0 flowId 5 uecSrc 4 finished at 116139 total messages 1 total packets 24474 RTS 0 total bytes 100000764 in_flight now 0 fair_inc 15467 prop_inc 240 fast_inc 0 eta_inc 5316 multi_dec -0 quick_dec -77076 nack_dec -527050
Flow Uec_83_0 flowId 20 uecSrc 19 finished at 130100 total messages 1 total packets 24474 RTS 0 total bytes 100000764 in_flight now 0 fair_inc 40624 prop_inc 0 fast_inc 0 eta_inc 9303 multi_dec -0 quick_dec -60476 nack_dec -510450
.Flow Uec_112_0 flowId 49 uecSrc 48 finished at 151565 total messages 1 total packets 24474 RTS 0 total bytes 100000764 in_flight now 0 fair_inc 247682 prop_inc 1659 fast_inc 0 eta_inc 1137624 multi_dec -1442764 quick_dec -158610 nack_dec -651550
.Flow Uec_72_0 flowId 9 uecSrc 8 finished at 240170 total messages 1 total packets 24474 RTS 0 total bytes 100000764 in_flight now 0 fair_inc 1021565 prop_inc 1143 fast_inc 0 eta_inc 12973698 multi_dec -14164080 quick_dec -322704 nack_dec -1249150
Flow Uec_97_0 flowId 34 uecSrc 33 finished at 242323 total messages 1 total packets 24474 RTS 0 total bytes 100000764 in_flight now 0 fair_inc 1020974 prop_inc 667 fast_inc 0 eta_inc 13093308 multi_dec -14284172 quick_dec -364607 nack_dec -1307250
Flow Uec_69_0 flowId 6 uecSrc 5 finished at 242856 total messages 1 total packets 24474 RTS 0 total bytes 100000764 in_flight now 0 fair_inc 960589 prop_inc 556 fast_inc 0 eta_inc 13127862 multi_dec -14351744 quick_dec -384460 nack_dec -1224250
Flow Uec_94_0 flowId 31 uecSrc 30 finished at 243085 total messages 1 total packets 24474 RTS 0 total bytes 100000764 in_flight now 0 fair_inc 973730 prop_inc 1558 fast_inc 0 eta_inc 13135836 multi_dec -14012466 quick_dec -418072 nack_dec -1265750
Flow Uec_99_0 flowId 36 uecSrc 35 finished at 245503 total messages 1 total packets 24474 RTS 0 total bytes 100000764 in_flight now 0 fair_inc 1033343 prop_inc 1325 fast_inc 0 eta_inc 13263420 multi_dec -14482630 quick_dec -379956 nack_dec -1290650
.Flow Uec_124_0 flowId 61 uecSrc 60 finished at 250574 total messages 1 total packets 24474 RTS 0 total bytes 100000764 in_flight now 0 fair_inc 1366834 prop_inc 1185 fast_inc 0 eta_inc 13549155 multi_dec -15175032 quick_dec -445279 nack_dec -1377800
Flow Uec_126_0 flowId 63 uecSrc 62 finished at 251057 total messages 1 total packets 24474 RTS 0 total bytes 100000764 in_flight now 0 fair_inc 1158587 prop_inc 874 fast_inc 0 eta_inc 13583709 multi_dec -15028789 quick_dec -455519 nack_dec -1265750
Flow Uec_85_0 flowId 22 uecSrc 21 finished at 253663 total messages 1 total packets 24474 RTS 0 total bytes 100000764 in_flight now 0 fair_inc 1087045 prop_inc 1360 fast_inc 0 eta_inc 13709964 multi_dec -14965239 quick_dec -505191 nack_dec -1373650
Flow Uec_79_0 flowId 16 uecSrc 15 finished at 253817 total messages 1 total packets 24474 RTS 0 total bytes 100000764 in_flight now 0 fair_inc 1274788 prop_inc 1023 fast_inc 0 eta_inc 13708635 multi_dec -15179168 quick_dec -485125 nack_dec -1377800
Flow Uec_90_0 flowId 27 uecSrc 26 finished at 254052 total messages 1 total packets 24474 RTS 0 total bytes 100000764 in_flight now 0 fair_inc 1237837 prop_inc 121 fast_inc 0 eta_inc 13727241 multi_dec -15302432 quick_dec -355514 nack_dec -1427600
Flow Uec_105_0 flowId 42 uecSrc 41 finished at 254060 total messages 1 total packets 24474 RTS 0 total bytes 100000764 in_flight now 0 fair_inc 1148473 prop_inc 20286 fast_inc 0 eta_inc 13743189 multi_dec -15300287 quick_dec -288794 nack_dec -1261600
Flow Uec_67_0 flowId 4 uecSrc 3 finished at 254234 total messages 1 total packets 24474 RTS 0 total bytes 100000764 in_flight now 0 fair_inc 1173626 prop_inc 1966 fast_inc 0 eta_inc 13733886 multi_dec -15089502 quick_dec -427439 nack_dec -1419300
Flow Uec_78_0 flowId 15 uecSrc 14 finished at 254390 total messages 1 total packets 24474 RTS 0 total bytes 100000764 in_flight now 0 fair_inc 1067940 prop_inc 1628 fast_inc 0 eta_inc 13755150 multi_dec -14781093 quick_dec -457993 nack_dec -1311400
Flow Uec_106_0 flowId 43 uecSrc 42 finished at 254493 total messages 1 total packets 24474 RTS 0 total bytes 100000764 in_flight now 0 fair_inc 1015281 prop_inc 1350 fast_inc 0 eta_inc 13749834 multi_dec -14907374 quick_dec -359152 nack_dec -1398550
Flow Uec_117_0 flowId 54 uecSrc 53 finished at 254798 total messages 1 total packets 24474 RTS 0 total bytes 100000764 in_flight now 0 fair_inc 1227194 prop_inc 1313 fast_inc 0 eta_inc 13801665 multi_dec -15214187 quick_dec -608192 nack_dec -1398550
Flow Uec_119_0 flowId 56 uecSrc 55 finished at 255098 total messages 1 total packets 24474 RTS 0 total bytes 100000764 in_flight now 0 fair_inc 1029674 prop_inc 993 fast_inc 0 eta_inc 13799007 multi_dec -15064975 quick_dec -361569 nack_dec -1294800
Flow Uec_118_0 flowId 55 uecSrc 54 finished at 255156 total messages 1 total packets 24474 RTS 0 total bytes 100000764 in_flight now 0 fair_inc 938253 prop_inc 3369 fast_inc 0 eta_inc 13785717 multi_dec -14767420 quick_dec -422403 nack_dec -1386100
Flow Uec_101_0 flowId 38 uecSrc 37 finished at 255171 total messages 1 total packets 24474 RTS 0 total bytes 100000764 in_flight now 0 fair_inc 1061692 prop_inc 1438 fast_inc 0 eta_inc 13800336 multi_dec -15041510 quick_dec -455275 nack_dec -1336300
Flow Uec_102_0 flowId 39 uecSrc 38 finished at 255219 total messages 1 total packets 24474 RTS 0 total bytes 100000764 in_flight now 0 fair_inc 1196168 prop_inc 1914 fast_inc 0 eta_inc 13797678 multi_dec -15160307 quick_dec -543654 nack_dec -1311400
Flow Uec_75_0 flowId 12 uecSrc 11 finished at 255554 total messages 1 total packets 24474 RTS 0 total bytes 100000764 in_flight now 0 fair_inc 1187158 prop_inc 1804 fast_inc 0 eta_inc 13809639 multi_dec -15366687 quick_dec -392516 nack_dec -1290650
Flow Uec_122_0 flowId 59 uecSrc 58 finished at 255599 total messages 1 total packets 24474 RTS 0 total bytes 100000764 in_flight now 0 fair_inc 1132877 prop_inc 21126 fast_inc 0 eta_inc 13818942 multi_dec -15247382 quick_dec -309418 nack_dec -1323850
Flow Uec_89_0 flowId 26 uecSrc 25 finished at 255806 total messages 1 total packets 24474 RTS 0 total bytes 100000764 in_flight now 0 fair_inc 1240815 prop_inc 1191 fast_inc 0 eta_inc 13809639 multi_dec -15350666 quick_dec -366850 nack_dec -1444200
Flow Uec_82_0 flowId 19 uecSrc 18 finished at 255980 total messages 1 total packets 24474 RTS 0 total bytes 100000764 in_flight now 0 fair_inc 1249892 prop_inc 1157 fast_inc 0 eta_inc 13861470 multi_dec -15384216 quick_dec -489243 nack_dec -1423450
Flow Uec_123_0 flowId 60 uecSrc 59 finished at 256089 total messages 1 total packets 24474 RTS 0 total bytes 100000764 in_flight now 0 fair_inc 1214958 prop_inc 15286 fast_inc 0 eta_inc 13836219 multi_dec -15326623 quick_dec -291067 nack_dec -1240850
Flow Uec_115_0 flowId 52 uecSrc 51 finished at 256323 total messages 1 total packets 24474 RTS 0 total bytes 100000764 in_flight now 0 fair_inc 1217984 prop_inc 296 fast_inc 0 eta_inc 13853496 multi_dec -15491465 quick_dec -404241 nack_dec -1394400
Flow Uec_74_0 flowId 11 uecSrc 10 finished at 256675 total messages 1 total packets 24474 RTS 0 total bytes 100000764 in_flight now 0 fair_inc 1181038 prop_inc 4835 fast_inc 0 eta_inc 13877418 multi_dec -15095884 quick_dec -390979 nack_dec -1323850
Flow Uec_120_0 flowId 57 uecSrc 56 finished at 256714 total messages 1 total packets 24474 RTS 0 total bytes 100000764 in_flight now 0 fair_inc 1107426 prop_inc 29168 fast_inc 0 eta_inc 13873431 multi_dec -15181177 quick_dec -562232 nack_dec -1365350
Flow Uec_109_0 flowId 46 uecSrc 45 finished at 256825 total messages 1 total packets 24474 RTS 0 total bytes 100000764 in_flight now 0 fair_inc 1071365 prop_inc 4487 fast_inc 0 eta_inc 13888050 multi_dec -14980694 quick_dec -499133 nack_dec -1427600
Flow Uec_80_0 flowId 17 uecSrc 16 finished at 257042 total messages 1 total packets 24474 RTS 0 total bytes 100000764 in_flight now 0 fair_inc 1094371 prop_inc 3607 fast_inc 0 eta_inc 13913301 multi_dec -15049212 quick_dec -580747 nack_dec -1373650
Flow Uec_108_0 flowId 45 uecSrc 44 finished at 257177 total messages 1 total packets 24474 RTS 0 total bytes 100000764 in_flight now 0 fair_inc 1180939 prop_inc 266 fast_inc 0 eta_inc 13910643 multi_dec -15366509 quick_dec -299094 nack_dec -1373650
Flow Uec_125_0 flowId 62 uecSrc 61 finished at 257186 total messages 1 total packets 24474 RTS 0 total bytes 100000764 in_flight now 0 fair_inc 1186221 prop_inc 6568 fast_inc 0 eta_inc 13889379 multi_dec -15405311 quick_dec -480918 nack_dec -1319700
Flow Uec_111_0 flowId 48 uecSrc 47 finished at 257280 total messages 1 total packets 24474 RTS 0 total bytes 100000764 in_flight now 0 fair_inc 1095924 prop_inc 1112 fast_inc 0 eta_inc 13903998 multi_dec -15207778 quick_dec -407275 nack_dec -1390250
Flow Uec_64_0 flowId 1 uecSrc 0 finished at 257518 total messages 1 total packets 24474 RTS 0 total bytes 100000764 in_flight now 0 fair_inc 1153117 prop_inc 9554 fast_inc 0 eta_inc 13919946 multi_dec -15428061 quick_dec -576965 nack_dec -1373650
Flow Uec_65_0 flowId 2 uecSrc 1 finished at 257561 total messages 1 total packets 24474 RTS 0 total bytes 100000764 in_flight now 0 fair_inc 1152769 prop_inc 14952 fast_inc 0 eta_inc 13917288 multi_dec -15329414 quick_dec -295607 nack_dec -1398550
Flow Uec_95_0 flowId 32 uecSrc 31 finished at 257613 total messages 1 total packets 24474 RTS 0 total bytes 100000764 in_flight now 0 fair_inc 1140975 prop_inc 2241 fast_inc 0 eta_inc 13923933 multi_dec -15311937 quick_dec -410935 nack_dec -1398550
Flow Uec_127_0 flowId 64 uecSrc 63 finished at 257667 total messages 1 total packets 24474 RTS 0 total bytes 100000764 in_flight now 0 fair_inc 1189564 prop_inc 4078 fast_inc 0 eta_inc 13909314 multi_dec -15133401 quick_dec -537982 nack_dec -1469100
Flow Uec_93_0 flowId 30 uecSrc 29 finished at 257736 total messages 1 total packets 24474 RTS 0 total bytes 100000764 in_flight now 0 fair_inc 1169365 prop_inc 5592 fast_inc 0 eta_inc 13922604 multi_dec -15385065 quick_dec -435673 nack_dec -1477400
Flow Uec_77_0 flowId 14 uecSrc 13 finished at 257757 total messages 1 total packets 24474 RTS 0 total bytes 100000764 in_flight now 0 fair_inc 1091996 prop_inc 2858 fast_inc 0 eta_inc 13941210 multi_dec -15200407 quick_dec -392197 nack_dec -1290650
Flow Uec_113_0 flowId 50 uecSrc 49 finished at 257842 total messages 1 total packets 24474 RTS 0 total bytes 100000764 in_flight now 0 fair_inc 1096972 prop_inc 1577 fast_inc 0 eta_inc 13929249 multi_dec -15375882 quick_dec -359412 nack_dec -1348750
Flow Uec_84_0 flowId 21 uecSrc 20 finished at 257885 total messages 1 total packets 24474 RTS 0 total bytes 100000764 in_flight now 0 fair_inc 1200579 prop_inc 5454 fast_inc 0 eta_inc 13938552 multi_dec -15310333 quick_dec -428162 nack_dec -1348750
Flow Uec_104_0 flowId 41 uecSrc 40 finished at 257887 total messages 1 total packets 24474 RTS 0 total bytes 100000764 in_flight now 0 fair_inc 1178322 prop_inc 5402 fast_inc 0 eta_inc 13927920 multi_dec -15406385 quick_dec -383773 nack_dec -1452500
Flow Uec_114_0 flowId 51 uecSrc 50 finished at 257893 total messages 1 total packets 24474 RTS 0 total bytes 100000764 in_flight now 0 fair_inc 1255039 prop_inc 32440 fast_inc 0 eta_inc 13938552 multi_dec -14974420 quick_dec -641660 nack_dec -1489850
Flow Uec_116_0 flowId 53 uecSrc 52 finished at 257916 total messages 1 total packets 24474 RTS 0 total bytes 100000764 in_flight now 0 fair_inc 1162014 prop_inc 6860 fast_inc 0 eta_inc 13941210 multi_dec -15418430 quick_dec -456404 nack_dec -1319700
Flow Uec_76_0 flowId 13 uecSrc 12 finished at 257922 total messages 1 total packets 24474 RTS 0 total bytes 100000764 in_flight now 0 fair_inc 1208535 prop_inc 14738 fast_inc 0 eta_inc 13954500 multi_dec -15404328 quick_dec -504208 nack_dec -1357050
Flow Uec_96_0 flowId 33 uecSrc 32 finished at 258010 total messages 1 total packets 24474 RTS 0 total bytes 100000764 in_flight now 0 fair_inc 1119147 prop_inc 13148 fast_inc 0 eta_inc 13939881 multi_dec -15194243 quick_dec -568746 nack_dec -1323086
Flow Uec_107_0 flowId 44 uecSrc 43 finished at 258104 total messages 1 total packets 24474 RTS 0 total bytes 100000764 in_flight now 0 fair_inc 1098968 prop_inc 4418 fast_inc 0 eta_inc 13958487 multi_dec -15368126 quick_dec -423646 nack_dec -1365350
Flow Uec_66_0 flowId 3 uecSrc 2 finished at 258120 total messages 1 total packets 24474 RTS 0 total bytes 100000764 in_flight now 0 fair_inc 1237312 prop_inc 6806 fast_inc 0 eta_inc 13957158 multi_dec -15417308 quick_dec -455999 nack_dec -1386100
Flow Uec_73_0 flowId 10 uecSrc 9 finished at 258221 total messages 1 total packets 24474 RTS 0 total bytes 100000764 in_flight now 0 fair_inc 1030867 prop_inc 11041 fast_inc 0 eta_inc 13957158 multi_dec -14954702 quick_dec -448187 nack_dec -1390250
Flow Uec_92_0 flowId 29 uecSrc 28 finished at 258225 total messages 1 total packets 24474 RTS 0 total bytes 100000764 in_flight now 0 fair_inc 1157293 prop_inc 7316 fast_inc 0 eta_inc 13946526 multi_dec -14925299 quick_dec -610685 nack_dec -1464950
Flow Uec_70_0 flowId 7 uecSrc 6 finished at 258267 total messages 1 total packets 24474 RTS 0 total bytes 100000764 in_flight now 0 fair_inc 1081349 prop_inc 13809 fast_inc 0 eta_inc 13946526 multi_dec -15081513 quick_dec -249652 nack_dec -1518900
Flow Uec_81_0 flowId 18 uecSrc 17 finished at 258377 total messages 1 total packets 24474 RTS 0 total bytes 100000764 in_flight now 0 fair_inc 1146174 prop_inc 49377 fast_inc 0 eta_inc 13970448 multi_dec -14971842 quick_dec -418187 nack_dec -1411000
Flow Uec_88_0 flowId 25 uecSrc 24 finished at 258521 total messages 1 total packets 24474 RTS 0 total bytes 100000764 in_flight now 0 fair_inc 1080354 prop_inc 22789 fast_inc 0 eta_inc 13967790 multi_dec -15133011 quick_dec -474413 nack_dec -1336300
Flow Uec_100_0 flowId 37 uecSrc 36 finished at 259836 total messages 1 total packets 24474 RTS 0 total bytes 100000764 in_flight now 0 fair_inc 1435629 prop_inc 38360 fast_inc 0 eta_inc 14046201 multi_dec -15850092 quick_dec -401078 nack_dec -1485700
Flow Uec_103_0 flowId 40 uecSrc 39 finished at 259870 total messages 1 total packets 24474 RTS 0 total bytes 100000764 in_flight now 0 fair_inc 1344218 prop_inc 55991 fast_inc 0 eta_inc 14064807 multi_dec -15735986 quick_dec -462149 nack_dec -1340450
Flow Uec_98_0 flowId 35 uecSrc 34 finished at 259972 total messages 1 total packets 24474 RTS 0 total bytes 100000764 in_flight now 0 fair_inc 1379201 prop_inc 141237 fast_inc 0 eta_inc 14056833 multi_dec -15714620 quick_dec -520485 nack_dec -1489850
Flow Uec_121_0 flowId 58 uecSrc 57 finished at 260082 total messages 1 total packets 24474 RTS 0 total bytes 100000764 in_flight now 0 fair_inc 1236028 prop_inc 169813 fast_inc 1151456 eta_inc 14086071 multi_dec -15309962 quick_dec -606020 nack_dec -1423450
.....|Received SIGTERM at 556000 us, shutting down cleanly.
New: 1566336 Rtx: 19500 RTS: 0 Bounced: 0 ACKs: 1565205 NACKs: 19500 Pulls: 0 sleek_pkts: 0
SPURIOUS_COUNT 0
