....Flow Uec_107_0 flowId 108 uecSrc 107 finished at 205265 total messages 1 total packets 24474 RTS 0 total bytes 100000764 in_flight now 0 fair_inc 0 prop_inc 0 fast_inc 0 eta_inc 0 multi_dec -0 quick_dec -135176 nack_dec -585150
.Flow Uec_4_0 flowId 109 uecSrc 108 finished at 254861 total messages 1 total packets 24474 RTS 0 total bytes 100000764 in_flight now 0 fair_inc 0 prop_inc 0 fast_inc 0 eta_inc 16277592 multi_dec -16228879 quick_dec -81546 nack_dec -535350
.Flow Uec_57_0 flowId 81 uecSrc 80 finished at 308520 total messages 1 total packets 24474 RTS 0 total bytes 100000764 in_flight now 0 fair_inc 0 prop_inc 0 fast_inc 0 eta_inc 16285566 multi_dec -16239549 quick_dec -158824 nack_dec -576850
Flow Uec_37_0 flowId 10 uecSrc 9 finished at 308633 total messages 1 total packets 24474 RTS 0 total bytes 100000764 in_flight now 0 fair_inc 0 prop_inc 0 fast_inc 0 eta_inc 16300185 multi_dec -16262562 quick_dec -180932 nack_dec -560250
Flow Uec_126_0 flowId 68 uecSrc 67 finished at 308740 total messages 1 total packets 24474 RTS 0 total bytes 100000764 in_flight now 0 fair_inc 0 prop_inc 0 fast_inc 0 eta_inc 16302843 multi_dec -16258288 quick_dec -138179 nack_dec -572700
Flow Uec_87_0 flowId 29 uecSrc 28 finished at 308742 total messages 1 total packets 24474 RTS 0 total bytes 100000764 in_flight now 0 fair_inc 0 prop_inc 0 fast_inc 0 eta_inc 16300185 multi_dec -16257856 quick_dec -188217 nack_dec -576850
Flow Uec_80_0 flowId 32 uecSrc 31 finished at 308798 total messages 1 total packets 24474 RTS 0 total bytes 100000764 in_flight now 0 fair_inc 0 prop_inc 0 fast_inc 0 eta_inc 16306830 multi_dec -16274368 quick_dec -134899 nack_dec -564400
Flow Uec_44_0 flowId 9 uecSrc 8 finished at 308965 total messages 1 total packets 24474 RTS 0 total bytes 100000764 in_flight now 0 fair_inc 0 prop_inc 0 fast_inc 0 eta_inc 16318791 multi_dec -16286467 quick_dec -161717 nack_dec -543650
Flow Uec_30_0 flowId 97 uecSrc 96 finished at 309214 total messages 1 total packets 24474 RTS 0 total bytes 100000764 in_flight now 0 fair_inc 0 prop_inc 0 fast_inc 0 eta_inc 16336068 multi_dec -16305966 quick_dec -194417 nack_dec -556100
Flow Uec_88_0 flowId 28 uecSrc 27 finished at 309229 total messages 1 total packets 24474 RTS 0 total bytes 100000764 in_flight now 0 fair_inc 0 prop_inc 0 fast_inc 0 eta_inc 16328094 multi_dec -16296566 quick_dec -219678 nack_dec -589300
Flow Uec_24_0 flowId 69 uecSrc 68 finished at 309458 total messages 1 total packets 24474 RTS 0 total bytes 100000764 in_flight now 0 fair_inc 0 prop_inc 0 fast_inc 0 eta_inc 16338726 multi_dec -16314717 quick_dec -102640 nack_dec -556100
Flow Uec_79_0 flowId 62 uecSrc 61 finished at 309646 total messages 1 total packets 24474 RTS 0 total bytes 100000764 in_flight now 0 fair_inc 0 prop_inc 0 fast_inc 0 eta_inc 16356003 multi_dec -16343002 quick_dec -97918 nack_dec -539500
Flow Uec_59_0 flowId 74 uecSrc 73 finished at 310356 total messages 1 total packets 24474 RTS 0 total bytes 100000764 in_flight now 0 fair_inc 6080 prop_inc 0 fast_inc 0 eta_inc 16386570 multi_dec -16365727 quick_dec -193673 nack_dec -576850
Flow Uec_34_0 flowId 35 uecSrc 34 finished at 310445 total messages 1 total packets 24474 RTS 0 total bytes 100000764 in_flight now 0 fair_inc 0 prop_inc 0 fast_inc 0 eta_inc 16391886 multi_dec -16362161 quick_dec -117164 nack_dec -547800
Flow Uec_106_0 flowId 52 uecSrc 51 finished at 310643 total messages 1 total packets 24474 RTS 0 total bytes 100000764 in_flight now 0 fair_inc 0 prop_inc 0 fast_inc 0 eta_inc 16405176 multi_dec -16379207 quick_dec -153281 nack_dec -560250
Flow Uec_103_0 flowId 124 uecSrc 123 finished at 311948 total messages 1 total packets 24474 RTS 0 total bytes 100000764 in_flight now 0 fair_inc 0 prop_inc 0 fast_inc 0 eta_inc 16468968 multi_dec -16433412 quick_dec -187672 nack_dec -572700
Flow Uec_92_0 flowId 72 uecSrc 71 finished at 313151 total messages 1 total packets 24474 RTS 0 total bytes 100000764 in_flight now 0 fair_inc 0 prop_inc 0 fast_inc 0 eta_inc 16527444 multi_dec -16485635 quick_dec -112918 nack_dec -576850
Flow Uec_29_0 flowId 82 uecSrc 81 finished at 318462 total messages 1 total packets 24474 RTS 0 total bytes 100000764 in_flight now 0 fair_inc 0 prop_inc 0 fast_inc 0 eta_inc 16802547 multi_dec -16750408 quick_dec -142329 nack_dec -610050
Flow Uec_102_0 flowId 30 uecSrc 29 finished at 321548 total messages 1 total packets 24474 RTS 0 total bytes 100000764 in_flight now 0 fair_inc 0 prop_inc 0 fast_inc 0 eta_inc 16967343 multi_dec -16923129 quick_dec -121637 nack_dec -605900
.Flow Uec_1_0 flowId 102 uecSrc 101 finished at 351627 total messages 1 total packets 24474 RTS 0 total bytes 100000764 in_flight now 0 fair_inc 5178 prop_inc 3595 fast_inc 0 eta_inc 28262514 multi_dec -28021498 quick_dec --305196 nack_dec -1062400
Flow Uec_2_0 flowId 88 uecSrc 87 finished at 353555 total messages 1 total packets 24474 RTS 0 total bytes 100000764 in_flight now 0 fair_inc 4710 prop_inc 3411 fast_inc 0 eta_inc 28428639 multi_dec -28183231 quick_dec --317647 nack_dec -1016750
Flow Uec_3_0 flowId 92 uecSrc 91 finished at 356585 total messages 1 total packets 24474 RTS 0 total bytes 100000764 in_flight now 0 fair_inc 0 prop_inc 799 fast_inc 0 eta_inc 28666530 multi_dec -28385378 quick_dec --306932 nack_dec -1025050
Flow Uec_42_0 flowId 4 uecSrc 3 finished at 398870 total messages 1 total packets 24474 RTS 0 total bytes 100000764 in_flight now 0 fair_inc 5728 prop_inc 0 fast_inc 0 eta_inc 21030096 multi_dec -20960630 quick_dec -26068 nack_dec -734550
.Flow Uec_121_0 flowId 63 uecSrc 62 finished at 408417 total messages 1 total packets 24474 RTS 0 total bytes 100000764 in_flight now 0 fair_inc 5699 prop_inc 0 fast_inc 0 eta_inc 21501891 multi_dec -21450477 quick_dec -59505 nack_dec -863200
Flow Uec_9_0 flowId 122 uecSrc 121 finished at 410328 total messages 1 total packets 24474 RTS 0 total bytes 100000764 in_flight now 0 fair_inc 0 prop_inc 0 fast_inc 0 eta_inc 26074980 multi_dec -25918252 quick_dec --361523 nack_dec -1128800
Flow Uec_7_0 flowId 37 uecSrc 36 finished at 410574 total messages 1 total packets 24474 RTS 0 total bytes 100000764 in_flight now 0 fair_inc 0 prop_inc 0 fast_inc 0 eta_inc 26129469 multi_dec -25958824 quick_dec --303775 nack_dec -1025050
Flow Uec_14_0 flowId 95 uecSrc 94 finished at 411495 total messages 1 total packets 24474 RTS 0 total bytes 100000764 in_flight now 0 fair_inc 6048 prop_inc 0 fast_inc 0 eta_inc 26137443 multi_dec -25968981 quick_dec --360135 nack_dec -1224250
Flow Uec_6_0 flowId 40 uecSrc 39 finished at 412940 total messages 1 total packets 24474 RTS 0 total bytes 100000764 in_flight now 0 fair_inc 5681 prop_inc 0 fast_inc 0 eta_inc 26237118 multi_dec -26059754 quick_dec --369160 nack_dec -1157850
Flow Uec_11_0 flowId 36 uecSrc 35 finished at 413392 total messages 1 total packets 24474 RTS 0 total bytes 100000764 in_flight now 0 fair_inc 6030 prop_inc 0 fast_inc 0 eta_inc 26280975 multi_dec -26128478 quick_dec --314537 nack_dec -1141250
Flow Uec_13_0 flowId 111 uecSrc 110 finished at 413953 total messages 1 total packets 24474 RTS 0 total bytes 100000764 in_flight now 0 fair_inc 0 prop_inc 0 fast_inc 0 eta_inc 26303568 multi_dec -26096243 quick_dec --348876 nack_dec -1103900
Flow Uec_12_0 flowId 44 uecSrc 43 finished at 420751 total messages 1 total packets 24474 RTS 0 total bytes 100000764 in_flight now 0 fair_inc 3794 prop_inc 0 fast_inc 0 eta_inc 26715558 multi_dec -26520997 quick_dec --428572 nack_dec -1274050
Flow Uec_10_0 flowId 27 uecSrc 26 finished at 421601 total messages 1 total packets 24474 RTS 0 total bytes 100000764 in_flight now 0 fair_inc 0 prop_inc 0 fast_inc 0 eta_inc 26740809 multi_dec -26502645 quick_dec --404023 nack_dec -1303100
Flow Uec_8_0 flowId 17 uecSrc 16 finished at 422458 total messages 1 total packets 24474 RTS 0 total bytes 100000764 in_flight now 0 fair_inc 11761 prop_inc 0 fast_inc 0 eta_inc 26844471 multi_dec -26628945 quick_dec --344750 nack_dec -1186900
Flow Uec_15_0 flowId 12 uecSrc 11 finished at 423003 total messages 1 total packets 24474 RTS 0 total bytes 100000764 in_flight now 0 fair_inc 5597 prop_inc 0 fast_inc 0 eta_inc 26861748 multi_dec -26637523 quick_dec --343627 nack_dec -1220100
Flow Uec_20_0 flowId 58 uecSrc 57 finished at 430871 total messages 1 total packets 24474 RTS 0 total bytes 100000764 in_flight now 0 fair_inc 6076 prop_inc 0 fast_inc 0 eta_inc 22704636 multi_dec -22641494 quick_dec --35988 nack_dec -809250
Flow Uec_54_0 flowId 71 uecSrc 70 finished at 432358 total messages 1 total packets 24474 RTS 0 total bytes 100000764 in_flight now 0 fair_inc 6063 prop_inc 0 fast_inc 0 eta_inc 22768428 multi_dec -22678456 quick_dec --47117 nack_dec -874886
.Flow Uec_93_0 flowId 98 uecSrc 97 finished at 460896 total messages 1 total packets 24474 RTS 0 total bytes 100000764 in_flight now 0 fair_inc 6043 prop_inc 0 fast_inc 0 eta_inc 24319371 multi_dec -24272041 quick_dec --19673 nack_dec -780200
Flow Uec_47_0 flowId 34 uecSrc 33 finished at 461956 total messages 1 total packets 24474 RTS 0 total bytes 100000764 in_flight now 0 fair_inc 11683 prop_inc 0 fast_inc 0 eta_inc 24365886 multi_dec -24337020 quick_dec --64918 nack_dec -784350
Flow Uec_89_0 flowId 59 uecSrc 58 finished at 461958 total messages 1 total packets 24474 RTS 0 total bytes 100000764 in_flight now 0 fair_inc 0 prop_inc 0 fast_inc 0 eta_inc 24341964 multi_dec -24241819 quick_dec --3341 nack_dec -871500
Flow Uec_46_0 flowId 7 uecSrc 6 finished at 463083 total messages 1 total packets 24474 RTS 0 total bytes 100000764 in_flight now 0 fair_inc 0 prop_inc 0 fast_inc 0 eta_inc 24423033 multi_dec -24360513 quick_dec --28908 nack_dec -788500
Flow Uec_118_0 flowId 104 uecSrc 103 finished at 464643 total messages 1 total packets 24474 RTS 0 total bytes 100000764 in_flight now 0 fair_inc 0 prop_inc 0 fast_inc 0 eta_inc 24500115 multi_dec -24396045 quick_dec --12032 nack_dec -842450
Flow Uec_119_0 flowId 80 uecSrc 79 finished at 464650 total messages 1 total packets 24474 RTS 0 total bytes 100000764 in_flight now 0 fair_inc 0 prop_inc 0 fast_inc 0 eta_inc 24492141 multi_dec -24395969 quick_dec --53033 nack_dec -825850
Flow Uec_17_0 flowId 18 uecSrc 17 finished at 465019 total messages 1 total packets 24474 RTS 0 total bytes 100000764 in_flight now 0 fair_inc 0 prop_inc 0 fast_inc 0 eta_inc 24533340 multi_dec -24469723 quick_dec --2800 nack_dec -784350
Flow Uec_104_0 flowId 91 uecSrc 90 finished at 467347 total messages 1 total packets 24474 RTS 0 total bytes 100000764 in_flight now 0 fair_inc 5564 prop_inc 0 fast_inc 0 eta_inc 24635673 multi_dec -24517508 quick_dec -9053 nack_dec -846600
Flow Uec_85_0 flowId 64 uecSrc 63 finished at 470429 total messages 1 total packets 24474 RTS 0 total bytes 100000764 in_flight now 0 fair_inc 11077 prop_inc 0 fast_inc 0 eta_inc 24809772 multi_dec -24737459 quick_dec --38735 nack_dec -879800
Flow Uec_91_0 flowId 84 uecSrc 83 finished at 475478 total messages 1 total packets 24474 RTS 0 total bytes 100000764 in_flight now 0 fair_inc 6042 prop_inc 0 fast_inc 0 eta_inc 25095507 multi_dec -25043166 quick_dec -43271 nack_dec -763600
Flow Uec_66_0 flowId 60 uecSrc 59 finished at 476051 total messages 1 total packets 24474 RTS 0 total bytes 100000764 in_flight now 0 fair_inc 6090 prop_inc 0 fast_inc 0 eta_inc 25084875 multi_dec -24956181 quick_dec -41522 nack_dec -854900
Flow Uec_115_0 flowId 90 uecSrc 89 finished at 477798 total messages 1 total packets 24474 RTS 0 total bytes 100000764 in_flight now 0 fair_inc 0 prop_inc 0 fast_inc 0 eta_inc 25191195 multi_dec -25049736 quick_dec -43757 nack_dec -842450
Flow Uec_56_0 flowId 106 uecSrc 105 finished at 479152 total messages 1 total packets 24474 RTS 0 total bytes 100000764 in_flight now 0 fair_inc 11132 prop_inc 0 fast_inc 0 eta_inc 25282896 multi_dec -25204258 quick_dec -41883 nack_dec -763600
Flow Uec_112_0 flowId 46 uecSrc 45 finished at 480098 total messages 1 total packets 24474 RTS 0 total bytes 100000764 in_flight now 0 fair_inc 6096 prop_inc 0 fast_inc 0 eta_inc 25324095 multi_dec -25222053 quick_dec --2471 nack_dec -817550
Flow Uec_33_0 flowId 121 uecSrc 120 finished at 480547 total messages 1 total packets 24474 RTS 0 total bytes 100000764 in_flight now 0 fair_inc 5626 prop_inc 0 fast_inc 0 eta_inc 25341372 multi_dec -25254677 quick_dec -714 nack_dec -838300
Flow Uec_28_0 flowId 86 uecSrc 85 finished at 480640 total messages 1 total packets 24474 RTS 0 total bytes 100000764 in_flight now 0 fair_inc 6034 prop_inc 0 fast_inc 0 eta_inc 25361307 multi_dec -25237820 quick_dec -51357 nack_dec -817550
Flow Uec_36_0 flowId 42 uecSrc 41 finished at 482179 total messages 1 total packets 24474 RTS 0 total bytes 100000764 in_flight now 0 fair_inc 0 prop_inc 0 fast_inc 0 eta_inc 25446363 multi_dec -25361978 quick_dec -19749 nack_dec -771900
Flow Uec_75_0 flowId 39 uecSrc 38 finished at 484546 total messages 1 total packets 24474 RTS 0 total bytes 100000764 in_flight now 0 fair_inc 6032 prop_inc 0 fast_inc 0 eta_inc 25565973 multi_dec -25471768 quick_dec -86588 nack_dec -780200
Flow Uec_5_0 flowId 6 uecSrc 5 finished at 484553 total messages 1 total packets 24474 RTS 0 total bytes 100000764 in_flight now 0 fair_inc 0 prop_inc 0 fast_inc 0 eta_inc 30746415 multi_dec -30229605 quick_dec --89802 nack_dec -1357050
Flow Uec_116_0 flowId 22 uecSrc 21 finished at 485683 total messages 1 total packets 24474 RTS 0 total bytes 100000764 in_flight now 0 fair_inc 0 prop_inc 0 fast_inc 0 eta_inc 25631094 multi_dec -25481013 quick_dec -79937 nack_dec -784350
Flow Uec_52_0 flowId 31 uecSrc 30 finished at 485705 total messages 1 total packets 24474 RTS 0 total bytes 100000764 in_flight now 0 fair_inc 5627 prop_inc 0 fast_inc 0 eta_inc 25635081 multi_dec -25564824 quick_dec -39868 nack_dec -792650
Flow Uec_95_0 flowId 11 uecSrc 10 finished at 488441 total messages 1 total packets 24474 RTS 0 total bytes 100000764 in_flight now 0 fair_inc 17575 prop_inc 0 fast_inc 0 eta_inc 25763994 multi_dec -25672752 quick_dec -3394 nack_dec -854900
Flow Uec_31_0 flowId 50 uecSrc 49 finished at 489690 total messages 1 total packets 24474 RTS 0 total bytes 100000764 in_flight now 0 fair_inc 6632 prop_inc 0 fast_inc 0 eta_inc 25847721 multi_dec -25707401 quick_dec -29207 nack_dec -821700
Flow Uec_21_0 flowId 21 uecSrc 20 finished at 490452 total messages 1 total packets 24474 RTS 0 total bytes 100000764 in_flight now 0 fair_inc 5927 prop_inc 0 fast_inc 0 eta_inc 25872972 multi_dec -25734318 quick_dec --41416 nack_dec -846600
Flow Uec_16_0 flowId 120 uecSrc 119 finished at 492856 total messages 1 total packets 24474 RTS 0 total bytes 100000764 in_flight now 0 fair_inc 12628 prop_inc 0 fast_inc 0 eta_inc 26011188 multi_dec -25904671 quick_dec -49781 nack_dec -817550
Flow Uec_101_0 flowId 113 uecSrc 112 finished at 492994 total messages 1 total packets 24474 RTS 0 total bytes 100000764 in_flight now 0 fair_inc 25558 prop_inc 0 fast_inc 0 eta_inc 26013846 multi_dec -25910337 quick_dec -39154 nack_dec -859050
Flow Uec_123_0 flowId 118 uecSrc 117 finished at 494081 total messages 1 total packets 24474 RTS 0 total bytes 100000764 in_flight now 0 fair_inc 12260 prop_inc 0 fast_inc 0 eta_inc 26097573 multi_dec -25971034 quick_dec -99537 nack_dec -784350
Flow Uec_19_0 flowId 57 uecSrc 56 finished at 494142 total messages 1 total packets 24474 RTS 0 total bytes 100000764 in_flight now 0 fair_inc 17831 prop_inc 0 fast_inc 0 eta_inc 26068335 multi_dec -25958272 quick_dec -80591 nack_dec -875650
Flow Uec_113_0 flowId 14 uecSrc 13 finished at 496003 total messages 1 total packets 24474 RTS 0 total bytes 100000764 in_flight now 0 fair_inc 19635 prop_inc 0 fast_inc 0 eta_inc 26189274 multi_dec -26035703 quick_dec -65481 nack_dec -813400
.Flow Uec_23_0 flowId 26 uecSrc 25 finished at 501381 total messages 1 total packets 24474 RTS 0 total bytes 100000764 in_flight now 0 fair_inc 45755 prop_inc 0 fast_inc 0 eta_inc 26482983 multi_dec -26407442 quick_dec -90676 nack_dec -838300
Flow Uec_114_0 flowId 87 uecSrc 86 finished at 501896 total messages 1 total packets 24474 RTS 0 total bytes 100000764 in_flight now 0 fair_inc 26034 prop_inc 0 fast_inc 0 eta_inc 26506905 multi_dec -26403050 quick_dec -65626 nack_dec -821700
Flow Uec_39_0 flowId 2 uecSrc 1 finished at 502038 total messages 1 total packets 24474 RTS 0 total bytes 100000764 in_flight now 0 fair_inc 52494 prop_inc 0 fast_inc 0 eta_inc 26528169 multi_dec -26390275 quick_dec -212965 nack_dec -792650
Flow Uec_81_0 flowId 24 uecSrc 23 finished at 502396 total messages 1 total packets 24474 RTS 0 total bytes 100000764 in_flight now 0 fair_inc 25251 prop_inc 0 fast_inc 0 eta_inc 26520195 multi_dec -26401799 quick_dec -31134 nack_dec -871500
Flow Uec_63_0 flowId 110 uecSrc 109 finished at 502438 total messages 1 total packets 24474 RTS 0 total bytes 100000764 in_flight now 0 fair_inc 70184 prop_inc 0 fast_inc 0 eta_inc 26521524 multi_dec -26380642 quick_dec -104513 nack_dec -867350
Flow Uec_45_0 flowId 77 uecSrc 76 finished at 502915 total messages 1 total packets 24474 RTS 0 total bytes 100000764 in_flight now 0 fair_inc 46177 prop_inc 0 fast_inc 0 eta_inc 26561394 multi_dec -26505286 quick_dec -68177 nack_dec -813400
Flow Uec_74_0 flowId 61 uecSrc 60 finished at 503273 total messages 1 total packets 24474 RTS 0 total bytes 100000764 in_flight now 0 fair_inc 108460 prop_inc 0 fast_inc 0 eta_inc 26570697 multi_dec -26579068 quick_dec -66859 nack_dec -917150
Flow Uec_83_0 flowId 56 uecSrc 55 finished at 503493 total messages 1 total packets 24474 RTS 0 total bytes 100000764 in_flight now 0 fair_inc 89884 prop_inc 0 fast_inc 0 eta_inc 26589303 multi_dec -26493396 quick_dec -84150 nack_dec -921300
Flow Uec_71_0 flowId 79 uecSrc 78 finished at 503548 total messages 1 total packets 24474 RTS 0 total bytes 100000764 in_flight now 0 fair_inc 43722 prop_inc 604 fast_inc 0 eta_inc 26599935 multi_dec -26502138 quick_dec -107432 nack_dec -846600
Flow Uec_94_0 flowId 33 uecSrc 32 finished at 503781 total messages 1 total packets 24474 RTS 0 total bytes 100000764 in_flight now 0 fair_inc 71303 prop_inc 0 fast_inc 0 eta_inc 26599935 multi_dec -26502120 quick_dec -126027 nack_dec -900550
Flow Uec_68_0 flowId 83 uecSrc 82 finished at 503902 total messages 1 total packets 24474 RTS 0 total bytes 100000764 in_flight now 0 fair_inc 57104 prop_inc 0 fast_inc 0 eta_inc 26631831 multi_dec -26527600 quick_dec -184161 nack_dec -805100
Flow Uec_61_0 flowId 116 uecSrc 115 finished at 504037 total messages 1 total packets 24474 RTS 0 total bytes 100000764 in_flight now 0 fair_inc 58699 prop_inc 0 fast_inc 0 eta_inc 26622528 multi_dec -26535043 quick_dec -103227 nack_dec -850750
Flow Uec_60_0 flowId 45 uecSrc 44 finished at 504434 total messages 1 total packets 24474 RTS 0 total bytes 100000764 in_flight now 0 fair_inc 118738 prop_inc 370 fast_inc 0 eta_inc 26625186 multi_dec -26607249 quick_dec -92010 nack_dec -896400
Flow Uec_73_0 flowId 126 uecSrc 125 finished at 504523 total messages 1 total packets 24474 RTS 0 total bytes 100000764 in_flight now 0 fair_inc 46126 prop_inc 0 fast_inc 0 eta_inc 26662398 multi_dec -26575088 quick_dec -147975 nack_dec -809250
Flow Uec_62_0 flowId 38 uecSrc 37 finished at 504643 total messages 1 total packets 24474 RTS 0 total bytes 100000764 in_flight now 0 fair_inc 71795 prop_inc 36 fast_inc 0 eta_inc 26662398 multi_dec -26581685 quick_dec -187090 nack_dec -846600
Flow Uec_122_0 flowId 13 uecSrc 12 finished at 505009 total messages 1 total packets 24474 RTS 0 total bytes 100000764 in_flight now 0 fair_inc 108497 prop_inc 127 fast_inc 0 eta_inc 26671701 multi_dec -26678418 quick_dec -75955 nack_dec -874122
Flow Uec_124_0 flowId 8 uecSrc 7 finished at 505124 total messages 1 total packets 24474 RTS 0 total bytes 100000764 in_flight now 0 fair_inc 84081 prop_inc 105 fast_inc 0 eta_inc 26706255 multi_dec -26687755 quick_dec -85646 nack_dec -788500
Flow Uec_127_0 flowId 1 uecSrc 0 finished at 505847 total messages 1 total packets 24474 RTS 0 total bytes 100000764 in_flight now 0 fair_inc 117201 prop_inc 0 fast_inc 0 eta_inc 26720874 multi_dec -26699899 quick_dec -120669 nack_dec -871500
Flow Uec_120_0 flowId 67 uecSrc 66 finished at 506369 total messages 1 total packets 24474 RTS 0 total bytes 100000764 in_flight now 0 fair_inc 85528 prop_inc 0 fast_inc 0 eta_inc 26775363 multi_dec -26638552 quick_dec -243671 nack_dec -830000
Flow Uec_35_0 flowId 99 uecSrc 98 finished at 506555 total messages 1 total packets 24474 RTS 0 total bytes 100000764 in_flight now 0 fair_inc 103692 prop_inc 4214 fast_inc 0 eta_inc 26731506 multi_dec -26624051 quick_dec -124212 nack_dec -987700
Flow Uec_86_0 flowId 3 uecSrc 2 finished at 507014 total messages 1 total packets 24474 RTS 0 total bytes 100000764 in_flight now 0 fair_inc 38617 prop_inc 2561 fast_inc 0 eta_inc 26758086 multi_dec -26617932 quick_dec -95546 nack_dec -920536
Flow Uec_40_0 flowId 20 uecSrc 19 finished at 507246 total messages 1 total packets 24474 RTS 0 total bytes 100000764 in_flight now 0 fair_inc 96827 prop_inc 2835 fast_inc 0 eta_inc 26805930 multi_dec -26700427 quick_dec -166038 nack_dec -859050
Flow Uec_90_0 flowId 101 uecSrc 100 finished at 507349 total messages 1 total packets 24474 RTS 0 total bytes 100000764 in_flight now 0 fair_inc 119756 prop_inc 126 fast_inc 0 eta_inc 26817891 multi_dec -26740302 quick_dec -171519 nack_dec -883950
Flow Uec_18_0 flowId 127 uecSrc 126 finished at 507614 total messages 1 total packets 24474 RTS 0 total bytes 100000764 in_flight now 0 fair_inc 125044 prop_inc 435 fast_inc 0 eta_inc 26855103 multi_dec -26919844 quick_dec -181586 nack_dec -771900
Flow Uec_65_0 flowId 65 uecSrc 64 finished at 507658 total messages 1 total packets 24474 RTS 0 total bytes 100000764 in_flight now 0 fair_inc 71288 prop_inc 511 fast_inc 0 eta_inc 26807259 multi_dec -26681201 quick_dec -125956 nack_dec -913000
Flow Uec_72_0 flowId 51 uecSrc 50 finished at 508065 total messages 1 total packets 24474 RTS 0 total bytes 100000764 in_flight now 0 fair_inc 109078 prop_inc 2778 fast_inc 0 eta_inc 26835168 multi_dec -26831864 quick_dec -115732 nack_dec -937900
Flow Uec_76_0 flowId 96 uecSrc 95 finished at 508194 total messages 1 total packets 24474 RTS 0 total bytes 100000764 in_flight now 0 fair_inc 148944 prop_inc 2920 fast_inc 0 eta_inc 26843142 multi_dec -26785502 quick_dec -143766 nack_dec -1000150
Flow Uec_22_0 flowId 15 uecSrc 14 finished at 508720 total messages 1 total packets 24474 RTS 0 total bytes 100000764 in_flight now 0 fair_inc 83988 prop_inc 1898 fast_inc 0 eta_inc 26889657 multi_dec -26823822 quick_dec -97136 nack_dec -875650
Flow Uec_82_0 flowId 75 uecSrc 74 finished at 509071 total messages 1 total packets 24474 RTS 0 total bytes 100000764 in_flight now 0 fair_inc 158735 prop_inc 871 fast_inc 0 eta_inc 26885670 multi_dec -26807653 quick_dec -135182 nack_dec -966950
Flow Uec_84_0 flowId 115 uecSrc 114 finished at 509127 total messages 1 total packets 24474 RTS 0 total bytes 100000764 in_flight now 0 fair_inc 200498 prop_inc 3330 fast_inc 0 eta_inc 26893644 multi_dec -26859807 quick_dec -201284 nack_dec -950350
Flow Uec_108_0 flowId 23 uecSrc 22 finished at 509158 total messages 1 total packets 24474 RTS 0 total bytes 100000764 in_flight now 0 fair_inc 171895 prop_inc 84 fast_inc 0 eta_inc 26906934 multi_dec -26874836 quick_dec -152232 nack_dec -925450
Flow Uec_26_0 flowId 53 uecSrc 52 finished at 509465 total messages 1 total packets 24474 RTS 0 total bytes 100000764 in_flight now 0 fair_inc 174087 prop_inc 2428 fast_inc 0 eta_inc 26928198 multi_dec -26889935 quick_dec -244239 nack_dec -942050
Flow Uec_27_0 flowId 112 uecSrc 111 finished at 509646 total messages 1 total packets 24474 RTS 0 total bytes 100000764 in_flight now 0 fair_inc 201102 prop_inc 2977 fast_inc 0 eta_inc 26944146 multi_dec -27060071 quick_dec -140062 nack_dec -883950
Flow Uec_125_0 flowId 93 uecSrc 92 finished at 510491 total messages 1 total packets 24474 RTS 0 total bytes 100000764 in_flight now 0 fair_inc 198939 prop_inc 1861 fast_inc 0 eta_inc 26958765 multi_dec -27003970 quick_dec -137690 nack_dec -966950
Flow Uec_99_0 flowId 103 uecSrc 102 finished at 511163 total messages 1 total packets 24474 RTS 0 total bytes 100000764 in_flight now 0 fair_inc 288352 prop_inc 2581 fast_inc 0 eta_inc 26988003 multi_dec -26933396 quick_dec -292690 nack_dec -1083150
Flow Uec_49_0 flowId 114 uecSrc 113 finished at 511372 total messages 1 total packets 24474 RTS 0 total bytes 100000764 in_flight now 0 fair_inc 317067 prop_inc 6814 fast_inc 0 eta_inc 27022557 multi_dec -27134734 quick_dec -234624 nack_dec -1004300
Flow Uec_55_0 flowId 85 uecSrc 84 finished at 511445 total messages 1 total packets 24474 RTS 0 total bytes 100000764 in_flight now 0 fair_inc 133545 prop_inc 4065 fast_inc 0 eta_inc 27027873 multi_dec -26989152 quick_dec -120504 nack_dec -937900
Flow Uec_70_0 flowId 89 uecSrc 88 finished at 511484 total messages 1 total packets 24474 RTS 0 total bytes 100000764 in_flight now 0 fair_inc 277261 prop_inc 5750 fast_inc 0 eta_inc 27013254 multi_dec -27060236 quick_dec -154322 nack_dec -1000150
Flow Uec_41_0 flowId 94 uecSrc 93 finished at 511825 total messages 1 total packets 24474 RTS 0 total bytes 100000764 in_flight now 0 fair_inc 307057 prop_inc 4608 fast_inc 0 eta_inc 27043821 multi_dec -27109514 quick_dec -208566 nack_dec -1020900
Flow Uec_109_0 flowId 125 uecSrc 124 finished at 512158 total messages 1 total packets 24474 RTS 0 total bytes 100000764 in_flight now 0 fair_inc 221510 prop_inc 7713 fast_inc 0 eta_inc 27071730 multi_dec -27114290 quick_dec -137700 nack_dec -958650
Flow Uec_98_0 flowId 123 uecSrc 122 finished at 512437 total messages 1 total packets 24474 RTS 0 total bytes 100000764 in_flight now 0 fair_inc 215520 prop_inc 10864 fast_inc 0 eta_inc 27104955 multi_dec -27218250 quick_dec -144508 nack_dec -883950
Flow Uec_32_0 flowId 55 uecSrc 54 finished at 512480 total messages 1 total packets 24474 RTS 0 total bytes 100000764 in_flight now 0 fair_inc 311729 prop_inc 8232 fast_inc 0 eta_inc 27083691 multi_dec -27202051 quick_dec -218182 nack_dec -966950
Flow Uec_38_0 flowId 73 uecSrc 72 finished at 513292 total messages 1 total packets 24474 RTS 0 total bytes 100000764 in_flight now 0 fair_inc 299419 prop_inc 18528 fast_inc 0 eta_inc 27120903 multi_dec -27176549 quick_dec -271073 nack_dec -1049950
Flow Uec_25_0 flowId 19 uecSrc 18 finished at 513314 total messages 1 total packets 24474 RTS 0 total bytes 100000764 in_flight now 0 fair_inc 372542 prop_inc 11756 fast_inc 0 eta_inc 27128877 multi_dec -27211256 quick_dec -229331 nack_dec -1025050
Flow Uec_100_0 flowId 25 uecSrc 24 finished at 513586 total messages 1 total packets 24474 RTS 0 total bytes 100000764 in_flight now 0 fair_inc 307590 prop_inc 11427 fast_inc 0 eta_inc 27168747 multi_dec -27315021 quick_dec -243844 nack_dec -863200
Flow Uec_78_0 flowId 105 uecSrc 104 finished at 513617 total messages 1 total packets 24474 RTS 0 total bytes 100000764 in_flight now 0 fair_inc 254449 prop_inc 15179 fast_inc 0 eta_inc 27170076 multi_dec -27280139 quick_dec -195717 nack_dec -888100
Flow Uec_64_0 flowId 119 uecSrc 118 finished at 513749 total messages 1 total packets 24474 RTS 0 total bytes 100000764 in_flight now 0 fair_inc 253251 prop_inc 8340 fast_inc 0 eta_inc 27147483 multi_dec -27092982 quick_dec -205329 nack_dec -1045800
Flow Uec_43_0 flowId 66 uecSrc 65 finished at 513908 total messages 1 total packets 24474 RTS 0 total bytes 100000764 in_flight now 0 fair_inc 273144 prop_inc 12362 fast_inc 0 eta_inc 27163431 multi_dec -27118329 quick_dec -294500 nack_dec -975250
Flow Uec_67_0 flowId 49 uecSrc 48 finished at 514302 total messages 1 total packets 24474 RTS 0 total bytes 100000764 in_flight now 0 fair_inc 290207 prop_inc 12305 fast_inc 0 eta_inc 27199314 multi_dec -27276754 quick_dec -216671 nack_dec -913000
Flow Uec_117_0 flowId 100 uecSrc 99 finished at 514305 total messages 1 total packets 24474 RTS 0 total bytes 100000764 in_flight now 0 fair_inc 303138 prop_inc 11682 fast_inc 0 eta_inc 27175392 multi_dec -27262709 quick_dec -274156 nack_dec -1012600
Flow Uec_97_0 flowId 78 uecSrc 77 finished at 515358 total messages 1 total packets 24474 RTS 0 total bytes 100000764 in_flight now 0 fair_inc 420541 prop_inc 21495 fast_inc 0 eta_inc 27247158 multi_dec -27435751 quick_dec -349340 nack_dec -966950
Flow Uec_58_0 flowId 117 uecSrc 116 finished at 515421 total messages 1 total packets 24474 RTS 0 total bytes 100000764 in_flight now 0 fair_inc 467604 prop_inc 14361 fast_inc 0 eta_inc 27272409 multi_dec -27540444 quick_dec -271457 nack_dec -908850
Flow Uec_96_0 flowId 16 uecSrc 15 finished at 515440 total messages 1 total packets 24474 RTS 0 total bytes 100000764 in_flight now 0 fair_inc 479464 prop_inc 9783 fast_inc 0 eta_inc 27285699 multi_dec -27594154 quick_dec -343834 nack_dec -925450
Flow Uec_110_0 flowId 54 uecSrc 53 finished at 515524 total messages 1 total packets 24474 RTS 0 total bytes 100000764 in_flight now 0 fair_inc 448557 prop_inc 14493 fast_inc 0 eta_inc 27280383 multi_dec -27527701 quick_dec -272194 nack_dec -896400
Flow Uec_105_0 flowId 76 uecSrc 75 finished at 515530 total messages 1 total packets 24474 RTS 0 total bytes 100000764 in_flight now 0 fair_inc 316825 prop_inc 14096 fast_inc 0 eta_inc 27269751 multi_dec -27353607 quick_dec -216991 nack_dec -892250
Flow Uec_53_0 flowId 47 uecSrc 46 finished at 515721 total messages 1 total packets 24474 RTS 0 total bytes 100000764 in_flight now 0 fair_inc 423356 prop_inc 15258 fast_inc 0 eta_inc 27279054 multi_dec -27368929 quick_dec -254797 nack_dec -966950
Flow Uec_111_0 flowId 70 uecSrc 69 finished at 515786 total messages 1 total packets 24474 RTS 0 total bytes 100000764 in_flight now 0 fair_inc 411864 prop_inc 23084 fast_inc 0 eta_inc 27291015 multi_dec -27416801 quick_dec -262143 nack_dec -1025050
Flow Uec_48_0 flowId 48 uecSrc 47 finished at 515831 total messages 1 total packets 24474 RTS 0 total bytes 100000764 in_flight now 0 fair_inc 313011 prop_inc 29852 fast_inc 0 eta_inc 27276396 multi_dec -27241623 quick_dec -214706 nack_dec -971100
Flow Uec_69_0 flowId 43 uecSrc 42 finished at 515854 total messages 1 total packets 24474 RTS 0 total bytes 100000764 in_flight now 0 fair_inc 511074 prop_inc 48755 fast_inc 0 eta_inc 27322911 multi_dec -27631668 quick_dec -270999 nack_dec -871500
Flow Uec_77_0 flowId 41 uecSrc 40 finished at 515963 total messages 1 total packets 24474 RTS 0 total bytes 100000764 in_flight now 0 fair_inc 396895 prop_inc 87093 fast_inc 0 eta_inc 27297660 multi_dec -27439880 quick_dec -263301 nack_dec -904700
Flow Uec_51_0 flowId 5 uecSrc 4 finished at 516011 total messages 1 total packets 24474 RTS 0 total bytes 100000764 in_flight now 0 fair_inc 421595 prop_inc 155731 fast_inc 0 eta_inc 27309621 multi_dec -27501968 quick_dec -352713 nack_dec -950350
Flow Uec_50_0 flowId 107 uecSrc 106 finished at 516040 total messages 1 total packets 24474 RTS 0 total bytes 100000764 in_flight now 0 fair_inc 473642 prop_inc 169537 fast_inc 134565 eta_inc 27306963 multi_dec -27592014 quick_dec -324393 nack_dec -933750
|.......Received SIGTERM at 900000 us, shutting down cleanly.
New: 3108198 Rtx: 26509 RTS: 0 Bounced: 0 ACKs: 3107564 NACKs: 26509 Pulls: 0 sleek_pkts: 0
SPURIOUS_COUNT 0
