Flow Uec_87_0 flowId 24 uecSrc 23 finished at 11013.1 total messages 1 total packets 3916 RTS 0 total bytes 16000776 in_flight now 0 fair_inc 0 prop_inc 0 fast_inc 0 eta_inc 0 multi_dec -0 quick_dec -27276 nack_dec -605900
Flow Uec_71_0 flowId 8 uecSrc 7 finished at 16276.3 total messages 1 total packets 3916 RTS 0 total bytes 16000776 in_flight now 0 fair_inc 0 prop_inc 0 fast_inc 0 eta_inc 1329 multi_dec -0 quick_dec -86705 nack_dec -468950
Flow Uec_86_0 flowId 23 uecSrc 22 finished at 16283.1 total messages 1 total packets 3916 RTS 0 total bytes 16000776 in_flight now 0 fair_inc 0 prop_inc 0 fast_inc 0 eta_inc 1329 multi_dec -0 quick_dec -70105 nack_dec -510450
Flow Uec_68_0 flowId 5 uecSrc 4 finished at 17037.2 total messages 1 total packets 3916 RTS 0 total bytes 16000776 in_flight now 0 fair_inc 6209 prop_inc 240 fast_inc 0 eta_inc 2658 multi_dec -0 quick_dec -77076 nack_dec -531200
Flow Uec_110_0 flowId 47 uecSrc 46 finished at 18523.6 total messages 1 total packets 3916 RTS 0 total bytes 16000776 in_flight now 0 fair_inc 6209 prop_inc 0 fast_inc 0 eta_inc 1329 multi_dec -0 quick_dec -48026 nack_dec -485550
Flow Uec_91_0 flowId 28 uecSrc 27 finished at 19447.7 total messages 1 total packets 3916 RTS 0 total bytes 16000776 in_flight now 0 fair_inc 0 prop_inc 0 fast_inc 0 eta_inc 0 multi_dec -0 quick_dec -35576 nack_dec -535350
Flow Uec_83_0 flowId 20 uecSrc 19 finished at 21393.6 total messages 1 total packets 3916 RTS 0 total bytes 16000776 in_flight now 0 fair_inc 23890 prop_inc 0 fast_inc 0 eta_inc 6645 multi_dec -0 quick_dec -60476 nack_dec -510450
Flow Uec_112_0 flowId 49 uecSrc 48 finished at 22163.5 total messages 1 total packets 3916 RTS 0 total bytes 16000776 in_flight now 0 fair_inc 36440 prop_inc 0 fast_inc 0 eta_inc 11961 multi_dec -0 quick_dec -77076 nack_dec -514600
Flow Uec_109_0 flowId 46 uecSrc 45 finished at 38193.3 total messages 1 total packets 3916 RTS 0 total bytes 16000776 in_flight now 0 fair_inc 206616 prop_inc 96 fast_inc 0 eta_inc 2061279 multi_dec -2365803 quick_dec -80014 nack_dec -639100
Flow Uec_124_0 flowId 61 uecSrc 60 finished at 39066.9 total messages 1 total packets 3916 RTS 0 total bytes 16000776 in_flight now 0 fair_inc 251390 prop_inc 0 fast_inc 0 eta_inc 2102478 multi_dec -2399977 quick_dec -137219 nack_dec -593450
Flow Uec_97_0 flowId 34 uecSrc 33 finished at 39085.8 total messages 1 total packets 3916 RTS 0 total bytes 16000776 in_flight now 0 fair_inc 199930 prop_inc 49 fast_inc 0 eta_inc 2109123 multi_dec -2358336 quick_dec -127439 nack_dec -643250
Flow Uec_80_0 flowId 17 uecSrc 16 finished at 39205.5 total messages 1 total packets 3916 RTS 0 total bytes 16000776 in_flight now 0 fair_inc 212986 prop_inc 224 fast_inc 0 eta_inc 2113110 multi_dec -2393708 quick_dec -130004 nack_dec -647400
Flow Uec_72_0 flowId 9 uecSrc 8 finished at 39217.6 total messages 1 total packets 3916 RTS 0 total bytes 16000776 in_flight now 0 fair_inc 169925 prop_inc 897 fast_inc 0 eta_inc 2111781 multi_dec -2277722 quick_dec -141986 nack_dec -630800
Flow Uec_101_0 flowId 38 uecSrc 37 finished at 39580.2 total messages 1 total packets 3916 RTS 0 total bytes 16000776 in_flight now 0 fair_inc 238319 prop_inc 174 fast_inc 0 eta_inc 2127729 multi_dec -2388852 quick_dec -99001 nack_dec -680600
Flow Uec_73_0 flowId 10 uecSrc 9 finished at 39673.1 total messages 1 total packets 3916 RTS 0 total bytes 16000776 in_flight now 0 fair_inc 186644 prop_inc 316 fast_inc 0 eta_inc 2135703 multi_dec -2407497 quick_dec -79825 nack_dec -622500
Flow Uec_69_0 flowId 6 uecSrc 5 finished at 39735.1 total messages 1 total packets 3916 RTS 0 total bytes 16000776 in_flight now 0 fair_inc 144734 prop_inc 304 fast_inc 0 eta_inc 2139690 multi_dec -2332566 quick_dec -126996 nack_dec -547800
Flow Uec_74_0 flowId 11 uecSrc 10 finished at 39832.8 total messages 1 total packets 3916 RTS 0 total bytes 16000776 in_flight now 0 fair_inc 234222 prop_inc 0 fast_inc 0 eta_inc 2139690 multi_dec -2392448 quick_dec -204197 nack_dec -668150
Flow Uec_81_0 flowId 18 uecSrc 17 finished at 39897.6 total messages 1 total packets 3916 RTS 0 total bytes 16000776 in_flight now 0 fair_inc 207740 prop_inc 17570 fast_inc 0 eta_inc 2152980 multi_dec -2424236 quick_dec -118663 nack_dec -639100
Flow Uec_95_0 flowId 32 uecSrc 31 finished at 39929.2 total messages 1 total packets 3916 RTS 0 total bytes 16000776 in_flight now 0 fair_inc 198576 prop_inc 0 fast_inc 0 eta_inc 2151651 multi_dec -2460240 quick_dec -108961 nack_dec -593450
Flow Uec_113_0 flowId 50 uecSrc 49 finished at 40153.3 total messages 1 total packets 3916 RTS 0 total bytes 16000776 in_flight now 0 fair_inc 237966 prop_inc 207 fast_inc 0 eta_inc 2163612 multi_dec -2465804 quick_dec -147115 nack_dec -688900
Flow Uec_108_0 flowId 45 uecSrc 44 finished at 40277.4 total messages 1 total packets 3916 RTS 0 total bytes 16000776 in_flight now 0 fair_inc 168090 prop_inc 1207 fast_inc 0 eta_inc 2170257 multi_dec -2456624 quick_dec -66154 nack_dec -601750
Flow Uec_77_0 flowId 14 uecSrc 13 finished at 40303.8 total messages 1 total packets 3916 RTS 0 total bytes 16000776 in_flight now 0 fair_inc 245688 prop_inc 541 fast_inc 0 eta_inc 2164941 multi_dec -2409369 quick_dec -68842 nack_dec -713800
Flow Uec_84_0 flowId 21 uecSrc 20 finished at 40348.9 total messages 1 total packets 3916 RTS 0 total bytes 16000776 in_flight now 0 fair_inc 182678 prop_inc 492 fast_inc 0 eta_inc 2164941 multi_dec -2451571 quick_dec -89644 nack_dec -634950
Flow Uec_85_0 flowId 22 uecSrc 21 finished at 40381.6 total messages 1 total packets 3916 RTS 0 total bytes 16000776 in_flight now 0 fair_inc 182066 prop_inc 987 fast_inc 0 eta_inc 2171586 multi_dec -2361981 quick_dec -146757 nack_dec -651550
Flow Uec_126_0 flowId 63 uecSrc 62 finished at 40484.4 total messages 1 total packets 3916 RTS 0 total bytes 16000776 in_flight now 0 fair_inc 225692 prop_inc 589 fast_inc 0 eta_inc 2180889 multi_dec -2418508 quick_dec -89634 nack_dec -651550
Flow Uec_93_0 flowId 30 uecSrc 29 finished at 40487.2 total messages 1 total packets 3916 RTS 0 total bytes 16000776 in_flight now 0 fair_inc 293422 prop_inc 4548 fast_inc 0 eta_inc 2182218 multi_dec -2468854 quick_dec -106536 nack_dec -651550
Flow Uec_94_0 flowId 31 uecSrc 30 finished at 40520.7 total messages 1 total packets 3916 RTS 0 total bytes 16000776 in_flight now 0 fair_inc 161782 prop_inc 771 fast_inc 0 eta_inc 2179560 multi_dec -2315075 quick_dec -71259 nack_dec -622500
Flow Uec_89_0 flowId 26 uecSrc 25 finished at 40599.5 total messages 1 total packets 3916 RTS 0 total bytes 16000776 in_flight now 0 fair_inc 293509 prop_inc 739 fast_inc 0 eta_inc 2188863 multi_dec -2411785 quick_dec -265978 nack_dec -680600
Flow Uec_82_0 flowId 19 uecSrc 18 finished at 40607.1 total messages 1 total packets 3916 RTS 0 total bytes 16000776 in_flight now 0 fair_inc 158032 prop_inc 486 fast_inc 0 eta_inc 2180889 multi_dec -2439100 quick_dec -75799 nack_dec -614200
Flow Uec_99_0 flowId 36 uecSrc 35 finished at 40615.9 total messages 1 total packets 3916 RTS 0 total bytes 16000776 in_flight now 0 fair_inc 173617 prop_inc 1587 fast_inc 0 eta_inc 2186205 multi_dec -2363900 quick_dec -115031 nack_dec -639100
Flow Uec_88_0 flowId 25 uecSrc 24 finished at 40671.3 total messages 1 total packets 3916 RTS 0 total bytes 16000776 in_flight now 0 fair_inc 262357 prop_inc 1817 fast_inc 0 eta_inc 2178231 multi_dec -2421234 quick_dec -150166 nack_dec -705500
Flow Uec_125_0 flowId 62 uecSrc 61 finished at 40690.1 total messages 1 total packets 3916 RTS 0 total bytes 16000776 in_flight now 0 fair_inc 280940 prop_inc 6008 fast_inc 0 eta_inc 2187534 multi_dec -2519450 quick_dec -166585 nack_dec -738700
Flow Uec_120_0 flowId 57 uecSrc 56 finished at 40745.7 total messages 1 total packets 3916 RTS 0 total bytes 16000776 in_flight now 0 fair_inc 243580 prop_inc 28022 fast_inc 0 eta_inc 2190192 multi_dec -2420180 quick_dec -174021 nack_dec -737924
Flow Uec_106_0 flowId 43 uecSrc 42 finished at 40785.5 total messages 1 total packets 3916 RTS 0 total bytes 16000776 in_flight now 0 fair_inc 216849 prop_inc 2400 fast_inc 0 eta_inc 2196837 multi_dec -2367555 quick_dec -131678 nack_dec -676450
Flow Uec_76_0 flowId 13 uecSrc 12 finished at 40855.6 total messages 1 total packets 3916 RTS 0 total bytes 16000776 in_flight now 0 fair_inc 178471 prop_inc 12182 fast_inc 0 eta_inc 2190192 multi_dec -2412989 quick_dec -145370 nack_dec -664000
Flow Uec_127_0 flowId 64 uecSrc 63 finished at 40857.7 total messages 1 total packets 3916 RTS 0 total bytes 16000776 in_flight now 0 fair_inc 199708 prop_inc 1715 fast_inc 0 eta_inc 2196837 multi_dec -2426859 quick_dec -187987 nack_dec -672300
Flow Uec_119_0 flowId 56 uecSrc 55 finished at 40866.3 total messages 1 total packets 3916 RTS 0 total bytes 16000776 in_flight now 0 fair_inc 195892 prop_inc 2464 fast_inc 0 eta_inc 2187534 multi_dec -2368499 quick_dec -182426 nack_dec -672300
Flow Uec_78_0 flowId 15 uecSrc 14 finished at 40900.5 total messages 1 total packets 3916 RTS 0 total bytes 16000776 in_flight now 0 fair_inc 202794 prop_inc 4319 fast_inc 0 eta_inc 2203482 multi_dec -2345982 quick_dec -171147 nack_dec -647400
Flow Uec_67_0 flowId 4 uecSrc 3 finished at 40984 total messages 1 total packets 3916 RTS 0 total bytes 16000776 in_flight now 0 fair_inc 209944 prop_inc 1561 fast_inc 0 eta_inc 2200824 multi_dec -2349582 quick_dec -146784 nack_dec -713800
Flow Uec_123_0 flowId 60 uecSrc 59 finished at 41033.9 total messages 1 total packets 3916 RTS 0 total bytes 16000776 in_flight now 0 fair_inc 234456 prop_inc 17462 fast_inc 0 eta_inc 2210127 multi_dec -2420475 quick_dec -139003 nack_dec -693050
Flow Uec_107_0 flowId 44 uecSrc 43 finished at 41044.5 total messages 1 total packets 3916 RTS 0 total bytes 16000776 in_flight now 0 fair_inc 186513 prop_inc 2710 fast_inc 0 eta_inc 2212785 multi_dec -2461075 quick_dec -118011 nack_dec -589300
Flow Uec_90_0 flowId 27 uecSrc 26 finished at 41048.8 total messages 1 total packets 3916 RTS 0 total bytes 16000776 in_flight now 0 fair_inc 225311 prop_inc 2330 fast_inc 0 eta_inc 2211456 multi_dec -2435574 quick_dec -101870 nack_dec -626650
Flow Uec_65_0 flowId 2 uecSrc 1 finished at 41055.9 total messages 1 total packets 3916 RTS 0 total bytes 16000776 in_flight now 0 fair_inc 210407 prop_inc 13868 fast_inc 0 eta_inc 2207469 multi_dec -2418510 quick_dec -104349 nack_dec -664000
Flow Uec_70_0 flowId 7 uecSrc 6 finished at 41066.5 total messages 1 total packets 3916 RTS 0 total bytes 16000776 in_flight now 0 fair_inc 257817 prop_inc 960 fast_inc 0 eta_inc 2204811 multi_dec -2367891 quick_dec -216111 nack_dec -771900
Flow Uec_116_0 flowId 53 uecSrc 52 finished at 41121.4 total messages 1 total packets 3916 RTS 0 total bytes 16000776 in_flight now 0 fair_inc 226321 prop_inc 4933 fast_inc 0 eta_inc 2219430 multi_dec -2416582 quick_dec -230290 nack_dec -693050
Flow Uec_122_0 flowId 59 uecSrc 58 finished at 41140 total messages 1 total packets 3916 RTS 0 total bytes 16000776 in_flight now 0 fair_inc 198673 prop_inc 27843 fast_inc 0 eta_inc 2212785 multi_dec -2364242 quick_dec -208009 nack_dec -684750
Flow Uec_64_0 flowId 1 uecSrc 0 finished at 41205.5 total messages 1 total packets 3916 RTS 0 total bytes 16000776 in_flight now 0 fair_inc 209480 prop_inc 17621 fast_inc 0 eta_inc 2218101 multi_dec -2424508 quick_dec -202647 nack_dec -672300
Flow Uec_114_0 flowId 51 uecSrc 50 finished at 41212.4 total messages 1 total packets 3916 RTS 0 total bytes 16000776 in_flight now 0 fair_inc 231905 prop_inc 33552 fast_inc 0 eta_inc 2215443 multi_dec -2365992 quick_dec -101961 nack_dec -693050
Flow Uec_92_0 flowId 29 uecSrc 28 finished at 41281.8 total messages 1 total packets 3916 RTS 0 total bytes 16000776 in_flight now 0 fair_inc 169602 prop_inc 8025 fast_inc 0 eta_inc 2226075 multi_dec -2371313 quick_dec -153710 nack_dec -618350
Flow Uec_66_0 flowId 3 uecSrc 2 finished at 41297 total messages 1 total packets 3916 RTS 0 total bytes 16000776 in_flight now 0 fair_inc 286508 prop_inc 5723 fast_inc 0 eta_inc 2223417 multi_dec -2396736 quick_dec -153841 nack_dec -751150
Flow Uec_117_0 flowId 54 uecSrc 53 finished at 41304.8 total messages 1 total packets 3916 RTS 0 total bytes 16000776 in_flight now 0 fair_inc 202482 prop_inc 7949 fast_inc 0 eta_inc 2219430 multi_dec -2390355 quick_dec -184563 nack_dec -655700
Flow Uec_104_0 flowId 41 uecSrc 40 finished at 41309.3 total messages 1 total packets 3916 RTS 0 total bytes 16000776 in_flight now 0 fair_inc 230456 prop_inc 5768 fast_inc 0 eta_inc 2222088 multi_dec -2420156 quick_dec -88022 nack_dec -738700
Flow Uec_105_0 flowId 42 uecSrc 41 finished at 41335.3 total messages 1 total packets 3916 RTS 0 total bytes 16000776 in_flight now 0 fair_inc 204282 prop_inc 28416 fast_inc 0 eta_inc 2231391 multi_dec -2337499 quick_dec -232162 nack_dec -697200
Flow Uec_79_0 flowId 16 uecSrc 15 finished at 41382.7 total messages 1 total packets 3916 RTS 0 total bytes 16000776 in_flight now 0 fair_inc 223659 prop_inc 16296 fast_inc 0 eta_inc 2231391 multi_dec -2386757 quick_dec -142029 nack_dec -684750
Flow Uec_102_0 flowId 39 uecSrc 38 finished at 41389.5 total messages 1 total packets 3916 RTS 0 total bytes 16000776 in_flight now 0 fair_inc 205165 prop_inc 14859 fast_inc 0 eta_inc 2232720 multi_dec -2344213 quick_dec -194067 nack_dec -647400
Flow Uec_111_0 flowId 48 uecSrc 47 finished at 41426 total messages 1 total packets 3916 RTS 0 total bytes 16000776 in_flight now 0 fair_inc 187584 prop_inc 18778 fast_inc 0 eta_inc 2227404 multi_dec -2344627 quick_dec -220023 nack_dec -664000
Flow Uec_96_0 flowId 33 uecSrc 32 finished at 41441.1 total messages 1 total packets 3916 RTS 0 total bytes 16000776 in_flight now 0 fair_inc 191458 prop_inc 28554 fast_inc 0 eta_inc 2224746 multi_dec -2341809 quick_dec -217065 nack_dec -693050
Flow Uec_75_0 flowId 12 uecSrc 11 finished at 41441.4 total messages 1 total packets 3916 RTS 0 total bytes 16000776 in_flight now 0 fair_inc 238715 prop_inc 18532 fast_inc 0 eta_inc 2232720 multi_dec -2378764 quick_dec -175175 nack_dec -705500
Flow Uec_118_0 flowId 55 uecSrc 54 finished at 41518.5 total messages 1 total packets 3916 RTS 0 total bytes 16000776 in_flight now 0 fair_inc 150921 prop_inc 35503 fast_inc 0 eta_inc 2239365 multi_dec -2339237 quick_dec -209185 nack_dec -630800
Flow Uec_103_0 flowId 40 uecSrc 39 finished at 41526.5 total messages 1 total packets 3916 RTS 0 total bytes 16000776 in_flight now 0 fair_inc 266023 prop_inc 58058 fast_inc 0 eta_inc 2246010 multi_dec -2511504 quick_dec -189461 nack_dec -634950
Flow Uec_121_0 flowId 58 uecSrc 57 finished at 41533.7 total messages 1 total packets 3916 RTS 0 total bytes 16000776 in_flight now 0 fair_inc 235566 prop_inc 42151 fast_inc 0 eta_inc 2234049 multi_dec -2450459 quick_dec -119574 nack_dec -655700
Flow Uec_100_0 flowId 37 uecSrc 36 finished at 41594.9 total messages 1 total packets 3916 RTS 0 total bytes 16000776 in_flight now 0 fair_inc 248555 prop_inc 110939 fast_inc 0 eta_inc 2240694 multi_dec -2433386 quick_dec -158054 nack_dec -717950
Flow Uec_115_0 flowId 52 uecSrc 51 finished at 41612.8 total messages 1 total packets 3916 RTS 0 total bytes 16000776 in_flight now 0 fair_inc 159770 prop_inc 121814 fast_inc 0 eta_inc 2240694 multi_dec -2306354 quick_dec -147465 nack_dec -680600
Flow Uec_98_0 flowId 35 uecSrc 34 finished at 41656.8 total messages 1 total packets 3916 RTS 0 total bytes 16000776 in_flight now 0 fair_inc 175583 prop_inc 157354 fast_inc 303294 eta_inc 2249997 multi_dec -2385656 quick_dec -166745 nack_dec -709650
...Received SIGTERM at 165000 us, shutting down cleanly.
New: 250624 Rtx: 9981 RTS: 0 Bounced: 0 ACKs: 250044 NACKs: 9981 Pulls: 0 sleek_pkts: 0
SPURIOUS_COUNT 0
