Flow Uec_64_0 flowId 1 uecSrc 0 finished at 28443 total messages 1 total packets 15664 RTS 0 total bytes 64003104 in_flight now 0 fair_inc 44796 prop_inc 245 fast_inc 0 eta_inc 11961 multi_dec -0 quick_dec -98912 nack_dec -498000
..Flow Uec_86_0 flowId 23 uecSrc 22 finished at 149665 total messages 1 total packets 15664 RTS 0 total bytes 64003104 in_flight now 0 fair_inc 659603 prop_inc 0 fast_inc 0 eta_inc 8154744 multi_dec -9228416 quick_dec -151423 nack_dec -822746
.Flow Uec_83_0 flowId 20 uecSrc 19 finished at 150628 total messages 1 total packets 15664 RTS 0 total bytes 64003104 in_flight now 0 fair_inc 716883 prop_inc 6133 fast_inc 0 eta_inc 8201259 multi_dec -9283034 quick_dec -265110 nack_dec -892250
Flow Uec_77_0 flowId 14 uecSrc 13 finished at 157224 total messages 1 total packets 15664 RTS 0 total bytes 64003104 in_flight now 0 fair_inc 580016 prop_inc 0 fast_inc 0 eta_inc 8558760 multi_dec -9259826 quick_dec -248260 nack_dec -1025050
Flow Uec_104_0 flowId 41 uecSrc 40 finished at 158949 total messages 1 total packets 15664 RTS 0 total bytes 64003104 in_flight now 0 fair_inc 655608 prop_inc 0 fast_inc 0 eta_inc 8661093 multi_dec -9902647 quick_dec -154933 nack_dec -821700
Flow Uec_125_0 flowId 62 uecSrc 61 finished at 159193 total messages 1 total packets 15664 RTS 0 total bytes 64003104 in_flight now 0 fair_inc 700753 prop_inc 0 fast_inc 0 eta_inc 8670396 multi_dec -9649244 quick_dec -363082 nack_dec -821700
Flow Uec_112_0 flowId 49 uecSrc 48 finished at 160885 total messages 1 total packets 15664 RTS 0 total bytes 64003104 in_flight now 0 fair_inc 732302 prop_inc 0 fast_inc 0 eta_inc 8750136 multi_dec -9999558 quick_dec -309630 nack_dec -913000
Flow Uec_114_0 flowId 51 uecSrc 50 finished at 161203 total messages 1 total packets 15664 RTS 0 total bytes 64003104 in_flight now 0 fair_inc 661439 prop_inc 9828 fast_inc 0 eta_inc 8770071 multi_dec -9970483 quick_dec -166239 nack_dec -883950
Flow Uec_121_0 flowId 58 uecSrc 57 finished at 161581 total messages 1 total packets 15664 RTS 0 total bytes 64003104 in_flight now 0 fair_inc 667529 prop_inc 0 fast_inc 0 eta_inc 8787348 multi_dec -9967897 quick_dec -182688 nack_dec -908850
Flow Uec_94_0 flowId 31 uecSrc 30 finished at 162539 total messages 1 total packets 15664 RTS 0 total bytes 64003104 in_flight now 0 fair_inc 690239 prop_inc 14 fast_inc 0 eta_inc 8848482 multi_dec -10024108 quick_dec -228790 nack_dec -846600
Flow Uec_70_0 flowId 7 uecSrc 6 finished at 162913 total messages 1 total packets 15664 RTS 0 total bytes 64003104 in_flight now 0 fair_inc 657957 prop_inc 0 fast_inc 0 eta_inc 8860443 multi_dec -10111862 quick_dec -187039 nack_dec -921300
Flow Uec_98_0 flowId 35 uecSrc 34 finished at 162933 total messages 1 total packets 15664 RTS 0 total bytes 64003104 in_flight now 0 fair_inc 625393 prop_inc 0 fast_inc 0 eta_inc 8861772 multi_dec -9806388 quick_dec -314167 nack_dec -942050
Flow Uec_76_0 flowId 13 uecSrc 12 finished at 163023 total messages 1 total packets 15664 RTS 0 total bytes 64003104 in_flight now 0 fair_inc 746053 prop_inc 255 fast_inc 0 eta_inc 8885694 multi_dec -9964498 quick_dec -356244 nack_dec -921300
Flow Uec_71_0 flowId 8 uecSrc 7 finished at 163167 total messages 1 total packets 15664 RTS 0 total bytes 64003104 in_flight now 0 fair_inc 661963 prop_inc 0 fast_inc 0 eta_inc 8887023 multi_dec -9666308 quick_dec -472292 nack_dec -1045800
Flow Uec_73_0 flowId 10 uecSrc 9 finished at 163171 total messages 1 total packets 15664 RTS 0 total bytes 64003104 in_flight now 0 fair_inc 583056 prop_inc 0 fast_inc 0 eta_inc 8876391 multi_dec -9740606 quick_dec -137539 nack_dec -888100
Flow Uec_106_0 flowId 43 uecSrc 42 finished at 163250 total messages 1 total packets 15664 RTS 0 total bytes 64003104 in_flight now 0 fair_inc 650411 prop_inc 30 fast_inc 0 eta_inc 8894997 multi_dec -10038775 quick_dec -197465 nack_dec -813400
Flow Uec_93_0 flowId 30 uecSrc 29 finished at 163253 total messages 1 total packets 15664 RTS 0 total bytes 64003104 in_flight now 0 fair_inc 651896 prop_inc 0 fast_inc 0 eta_inc 8889681 multi_dec -9950783 quick_dec -302181 nack_dec -892250
Flow Uec_95_0 flowId 32 uecSrc 31 finished at 163623 total messages 1 total packets 15664 RTS 0 total bytes 64003104 in_flight now 0 fair_inc 641315 prop_inc 27 fast_inc 0 eta_inc 8904300 multi_dec -9793977 quick_dec -222836 nack_dec -1079000
Flow Uec_82_0 flowId 19 uecSrc 18 finished at 163666 total messages 1 total packets 15664 RTS 0 total bytes 64003104 in_flight now 0 fair_inc 714403 prop_inc 1489 fast_inc 0 eta_inc 8896326 multi_dec -9931927 quick_dec -275403 nack_dec -1012600
Flow Uec_68_0 flowId 5 uecSrc 4 finished at 163692 total messages 1 total packets 15664 RTS 0 total bytes 64003104 in_flight now 0 fair_inc 721589 prop_inc 1755 fast_inc 0 eta_inc 8905629 multi_dec -10009776 quick_dec -273735 nack_dec -971100
Flow Uec_127_0 flowId 64 uecSrc 63 finished at 163694 total messages 1 total packets 15664 RTS 0 total bytes 64003104 in_flight now 0 fair_inc 723773 prop_inc 2608 fast_inc 0 eta_inc 8909616 multi_dec -10003714 quick_dec -240790 nack_dec -966950
Flow Uec_111_0 flowId 48 uecSrc 47 finished at 163825 total messages 1 total packets 15664 RTS 0 total bytes 64003104 in_flight now 0 fair_inc 604953 prop_inc 3400 fast_inc 0 eta_inc 8930880 multi_dec -9840829 quick_dec -317986 nack_dec -830000
Flow Uec_79_0 flowId 16 uecSrc 15 finished at 163961 total messages 1 total packets 15664 RTS 0 total bytes 64003104 in_flight now 0 fair_inc 617760 prop_inc 0 fast_inc 0 eta_inc 8924235 multi_dec -9954883 quick_dec -149034 nack_dec -863200
Flow Uec_67_0 flowId 4 uecSrc 3 finished at 164084 total messages 1 total packets 15664 RTS 0 total bytes 64003104 in_flight now 0 fair_inc 647354 prop_inc 815 fast_inc 0 eta_inc 8934867 multi_dec -9958133 quick_dec -246487 nack_dec -867350
Flow Uec_78_0 flowId 15 uecSrc 14 finished at 164261 total messages 1 total packets 15664 RTS 0 total bytes 64003104 in_flight now 0 fair_inc 665168 prop_inc 756 fast_inc 0 eta_inc 8945499 multi_dec -10013943 quick_dec -175010 nack_dec -950350
Flow Uec_122_0 flowId 59 uecSrc 58 finished at 164286 total messages 1 total packets 15664 RTS 0 total bytes 64003104 in_flight now 0 fair_inc 590436 prop_inc 3030 fast_inc 0 eta_inc 8933538 multi_dec -10017731 quick_dec -91008 nack_dec -896400
Flow Uec_74_0 flowId 11 uecSrc 10 finished at 164425 total messages 1 total packets 15664 RTS 0 total bytes 64003104 in_flight now 0 fair_inc 712830 prop_inc 520 fast_inc 0 eta_inc 8925564 multi_dec -9910760 quick_dec -281293 nack_dec -991850
Flow Uec_90_0 flowId 27 uecSrc 26 finished at 164485 total messages 1 total packets 15664 RTS 0 total bytes 64003104 in_flight now 0 fair_inc 722322 prop_inc 0 fast_inc 0 eta_inc 8960118 multi_dec -10036074 quick_dec -336082 nack_dec -954500
Flow Uec_75_0 flowId 12 uecSrc 11 finished at 164623 total messages 1 total packets 15664 RTS 0 total bytes 64003104 in_flight now 0 fair_inc 639277 prop_inc 862 fast_inc 0 eta_inc 8952144 multi_dec -9985872 quick_dec -264925 nack_dec -966950
Flow Uec_120_0 flowId 57 uecSrc 56 finished at 164698 total messages 1 total packets 15664 RTS 0 total bytes 64003104 in_flight now 0 fair_inc 677163 prop_inc 2997 fast_inc 0 eta_inc 8941512 multi_dec -9954682 quick_dec -297641 nack_dec -1066550
Flow Uec_101_0 flowId 38 uecSrc 37 finished at 164716 total messages 1 total packets 15664 RTS 0 total bytes 64003104 in_flight now 0 fair_inc 705628 prop_inc 2383 fast_inc 0 eta_inc 8957460 multi_dec -9930882 quick_dec -284496 nack_dec -1008450
Flow Uec_119_0 flowId 56 uecSrc 55 finished at 164776 total messages 1 total packets 15664 RTS 0 total bytes 64003104 in_flight now 0 fair_inc 703797 prop_inc 18 fast_inc 0 eta_inc 8972079 multi_dec -9919288 quick_dec -332918 nack_dec -946200
Flow Uec_107_0 flowId 44 uecSrc 43 finished at 164776 total messages 1 total packets 15664 RTS 0 total bytes 64003104 in_flight now 0 fair_inc 623902 prop_inc 2413 fast_inc 0 eta_inc 8961447 multi_dec -9992977 quick_dec -141524 nack_dec -933750
Flow Uec_66_0 flowId 3 uecSrc 2 finished at 164862 total messages 1 total packets 15664 RTS 0 total bytes 64003104 in_flight now 0 fair_inc 668002 prop_inc 1065 fast_inc 0 eta_inc 8964105 multi_dec -9918528 quick_dec -210644 nack_dec -1059296
Flow Uec_84_0 flowId 21 uecSrc 20 finished at 164903 total messages 1 total packets 15664 RTS 0 total bytes 64003104 in_flight now 0 fair_inc 743113 prop_inc 834 fast_inc 0 eta_inc 8982711 multi_dec -9992105 quick_dec -358477 nack_dec -975250
Flow Uec_87_0 flowId 24 uecSrc 23 finished at 165045 total messages 1 total packets 15664 RTS 0 total bytes 64003104 in_flight now 0 fair_inc 602908 prop_inc 488 fast_inc 0 eta_inc 8981382 multi_dec -9904928 quick_dec -173342 nack_dec -933750
Flow Uec_88_0 flowId 25 uecSrc 24 finished at 165053 total messages 1 total packets 15664 RTS 0 total bytes 64003104 in_flight now 0 fair_inc 710394 prop_inc 19891 fast_inc 0 eta_inc 8989356 multi_dec -9893757 quick_dec -435416 nack_dec -1025050
Flow Uec_109_0 flowId 46 uecSrc 45 finished at 165168 total messages 1 total packets 15664 RTS 0 total bytes 64003104 in_flight now 0 fair_inc 644551 prop_inc 2177 fast_inc 0 eta_inc 8989356 multi_dec -10027101 quick_dec -324177 nack_dec -901596
Flow Uec_89_0 flowId 26 uecSrc 25 finished at 165253 total messages 1 total packets 15664 RTS 0 total bytes 64003104 in_flight now 0 fair_inc 732366 prop_inc 1268 fast_inc 0 eta_inc 8997330 multi_dec -9929274 quick_dec -289194 nack_dec -1058250
Flow Uec_126_0 flowId 63 uecSrc 62 finished at 165336 total messages 1 total packets 15664 RTS 0 total bytes 64003104 in_flight now 0 fair_inc 634526 prop_inc 2953 fast_inc 0 eta_inc 8990685 multi_dec -9873969 quick_dec -383947 nack_dec -1070700
Flow Uec_85_0 flowId 22 uecSrc 21 finished at 165385 total messages 1 total packets 15664 RTS 0 total bytes 64003104 in_flight now 0 fair_inc 623096 prop_inc 1469 fast_inc 0 eta_inc 9007962 multi_dec -9951599 quick_dec -188267 nack_dec -929600
Flow Uec_116_0 flowId 53 uecSrc 52 finished at 165500 total messages 1 total packets 15664 RTS 0 total bytes 64003104 in_flight now 0 fair_inc 746558 prop_inc 1433 fast_inc 0 eta_inc 9009291 multi_dec -10005447 quick_dec -483276 nack_dec -991850
Flow Uec_115_0 flowId 52 uecSrc 51 finished at 165618 total messages 1 total packets 15664 RTS 0 total bytes 64003104 in_flight now 0 fair_inc 653270 prop_inc 4121 fast_inc 0 eta_inc 8996001 multi_dec -9845213 quick_dec -236515 nack_dec -1000150
Flow Uec_99_0 flowId 36 uecSrc 35 finished at 165631 total messages 1 total packets 15664 RTS 0 total bytes 64003104 in_flight now 0 fair_inc 694653 prop_inc 4001 fast_inc 0 eta_inc 9021252 multi_dec -10055047 quick_dec -348708 nack_dec -958650
Flow Uec_123_0 flowId 60 uecSrc 59 finished at 165657 total messages 1 total packets 15664 RTS 0 total bytes 64003104 in_flight now 0 fair_inc 730615 prop_inc 19389 fast_inc 0 eta_inc 9018594 multi_dec -9955339 quick_dec -382001 nack_dec -1025050
Flow Uec_96_0 flowId 33 uecSrc 32 finished at 165674 total messages 1 total packets 15664 RTS 0 total bytes 64003104 in_flight now 0 fair_inc 640388 prop_inc 8265 fast_inc 0 eta_inc 9010620 multi_dec -9991422 quick_dec -276350 nack_dec -946200
Flow Uec_103_0 flowId 40 uecSrc 39 finished at 165674 total messages 1 total packets 15664 RTS 0 total bytes 64003104 in_flight now 0 fair_inc 645077 prop_inc 14492 fast_inc 0 eta_inc 9013278 multi_dec -9828739 quick_dec -320617 nack_dec -1020900
Flow Uec_110_0 flowId 47 uecSrc 46 finished at 165799 total messages 1 total packets 15664 RTS 0 total bytes 64003104 in_flight now 0 fair_inc 719148 prop_inc 5227 fast_inc 0 eta_inc 9026568 multi_dec -9900519 quick_dec -212600 nack_dec -946200
Flow Uec_69_0 flowId 6 uecSrc 5 finished at 165833 total messages 1 total packets 15664 RTS 0 total bytes 64003104 in_flight now 0 fair_inc 649701 prop_inc 4368 fast_inc 0 eta_inc 9019923 multi_dec -10054129 quick_dec -256355 nack_dec -1029200
Flow Uec_91_0 flowId 28 uecSrc 27 finished at 165849 total messages 1 total packets 15664 RTS 0 total bytes 64003104 in_flight now 0 fair_inc 604534 prop_inc 4828 fast_inc 0 eta_inc 9022581 multi_dec -9919567 quick_dec -307161 nack_dec -917150
Flow Uec_100_0 flowId 37 uecSrc 36 finished at 165986 total messages 1 total packets 15664 RTS 0 total bytes 64003104 in_flight now 0 fair_inc 582447 prop_inc 6677 fast_inc 0 eta_inc 9043845 multi_dec -9873236 quick_dec -298448 nack_dec -925450
Flow Uec_124_0 flowId 61 uecSrc 60 finished at 166058 total messages 1 total packets 15664 RTS 0 total bytes 64003104 in_flight now 0 fair_inc 559533 prop_inc 15559 fast_inc 0 eta_inc 9046503 multi_dec -9908112 quick_dec -270753 nack_dec -904700
Flow Uec_65_0 flowId 2 uecSrc 1 finished at 166074 total messages 1 total packets 15664 RTS 0 total bytes 64003104 in_flight now 0 fair_inc 612835 prop_inc 2856 fast_inc 0 eta_inc 9039858 multi_dec -9903266 quick_dec -254612 nack_dec -1004300
Flow Uec_117_0 flowId 54 uecSrc 53 finished at 166088 total messages 1 total packets 15664 RTS 0 total bytes 64003104 in_flight now 0 fair_inc 672408 prop_inc 5604 fast_inc 0 eta_inc 9053148 multi_dec -9922572 quick_dec -411347 nack_dec -975250
Flow Uec_113_0 flowId 50 uecSrc 49 finished at 166237 total messages 1 total packets 15664 RTS 0 total bytes 64003104 in_flight now 0 fair_inc 670250 prop_inc 10238 fast_inc 0 eta_inc 9055806 multi_dec -10021761 quick_dec -318602 nack_dec -996000
Flow Uec_80_0 flowId 17 uecSrc 16 finished at 166244 total messages 1 total packets 15664 RTS 0 total bytes 64003104 in_flight now 0 fair_inc 581727 prop_inc 9998 fast_inc 0 eta_inc 9051819 multi_dec -9885130 quick_dec -202776 nack_dec -888100
Flow Uec_102_0 flowId 39 uecSrc 38 finished at 166266 total messages 1 total packets 15664 RTS 0 total bytes 64003104 in_flight now 0 fair_inc 588482 prop_inc 8737 fast_inc 0 eta_inc 9054477 multi_dec -9916507 quick_dec -223777 nack_dec -937900
Flow Uec_81_0 flowId 18 uecSrc 17 finished at 166266 total messages 1 total packets 15664 RTS 0 total bytes 64003104 in_flight now 0 fair_inc 578668 prop_inc 8424 fast_inc 0 eta_inc 9062451 multi_dec -9914920 quick_dec -388997 nack_dec -863200
Flow Uec_105_0 flowId 42 uecSrc 41 finished at 166296 total messages 1 total packets 15664 RTS 0 total bytes 64003104 in_flight now 0 fair_inc 571396 prop_inc 27227 fast_inc 0 eta_inc 9051819 multi_dec -9815314 quick_dec -234360 nack_dec -962800
Flow Uec_118_0 flowId 55 uecSrc 54 finished at 166346 total messages 1 total packets 15664 RTS 0 total bytes 64003104 in_flight now 0 fair_inc 582538 prop_inc 46620 fast_inc 0 eta_inc 9047832 multi_dec -9726216 quick_dec -316324 nack_dec -937900
Flow Uec_108_0 flowId 45 uecSrc 44 finished at 166356 total messages 1 total packets 15664 RTS 0 total bytes 64003104 in_flight now 0 fair_inc 582328 prop_inc 51508 fast_inc 0 eta_inc 9065109 multi_dec -9849940 quick_dec -281374 nack_dec -888100
Flow Uec_92_0 flowId 29 uecSrc 28 finished at 166419 total messages 1 total packets 15664 RTS 0 total bytes 64003104 in_flight now 0 fair_inc 503403 prop_inc 97930 fast_inc 0 eta_inc 9063780 multi_dec -9721353 quick_dec -268833 nack_dec -900550
Flow Uec_72_0 flowId 9 uecSrc 8 finished at 166436 total messages 1 total packets 15664 RTS 0 total bytes 64003104 in_flight now 0 fair_inc 565440 prop_inc 122079 fast_inc 0 eta_inc 9077070 multi_dec -9719337 quick_dec -388653 nack_dec -950350
Flow Uec_97_0 flowId 34 uecSrc 33 finished at 166472 total messages 1 total packets 15664 RTS 0 total bytes 64003104 in_flight now 0 fair_inc 469861 prop_inc 133778 fast_inc 200792 eta_inc 9071754 multi_dec -9684983 quick_dec -352514 nack_dec -871500
....Received SIGTERM at 369000 us, shutting down cleanly.
New: 1002496 Rtx: 14450 RTS: 0 Bounced: 0 ACKs: 1001928 NACKs: 14450 Pulls: 0 sleek_pkts: 0
SPURIOUS_COUNT 0
