Flow Uec_69_0 flowId 6 uecSrc 5 finished at 13931.2 total messages 1 total packets 3916 RTS 0 total bytes 16000776 in_flight now 0 fair_inc 0 prop_inc 215 fast_inc 0 eta_inc 1329 multi_dec -0 quick_dec -68776 nack_dec -477250
Flow Uec_115_0 flowId 52 uecSrc 51 finished at 13941.4 total messages 1 total packets 3916 RTS 0 total bytes 16000776 in_flight now 0 fair_inc 0 prop_inc 0 fast_inc 0 eta_inc 1329 multi_dec -0 quick_dec -128205 nack_dec -481400
Flow Uec_71_0 flowId 8 uecSrc 7 finished at 13943.2 total messages 1 total packets 3916 RTS 0 total bytes 16000776 in_flight now 0 fair_inc 4371 prop_inc 0 fast_inc 0 eta_inc 2658 multi_dec -0 quick_dec -99155 nack_dec -493850
Flow Uec_67_0 flowId 4 uecSrc 3 finished at 15729.8 total messages 1 total packets 3916 RTS 0 total bytes 16000776 in_flight now 0 fair_inc 5695 prop_inc 0 fast_inc 0 eta_inc 2658 multi_dec -0 quick_dec -157255 nack_dec -464800
Flow Uec_74_0 flowId 11 uecSrc 10 finished at 17503.6 total messages 1 total packets 3916 RTS 0 total bytes 16000776 in_flight now 0 fair_inc 15467 prop_inc 0 fast_inc 0 eta_inc 5316 multi_dec -0 quick_dec -49355 nack_dec -493850
Flow Uec_89_0 flowId 26 uecSrc 25 finished at 18481.3 total messages 1 total packets 3916 RTS 0 total bytes 16000776 in_flight now 0 fair_inc 43402 prop_inc 0 fast_inc 0 eta_inc 11961 multi_dec -0 quick_dec -41055 nack_dec -510450
Flow Uec_99_0 flowId 36 uecSrc 35 finished at 37911.2 total messages 1 total packets 3916 RTS 0 total bytes 16000776 in_flight now 0 fair_inc 306779 prop_inc 6467 fast_inc 0 eta_inc 2038686 multi_dec -2525050 quick_dec -222902 nack_dec -683974
Flow Uec_95_0 flowId 32 uecSrc 31 finished at 38363.9 total messages 1 total packets 3916 RTS 0 total bytes 16000776 in_flight now 0 fair_inc 282212 prop_inc 18784 fast_inc 0 eta_inc 2061279 multi_dec -2509220 quick_dec -109080 nack_dec -680600
Flow Uec_117_0 flowId 54 uecSrc 53 finished at 38822.9 total messages 1 total packets 3916 RTS 0 total bytes 16000776 in_flight now 0 fair_inc 338960 prop_inc 0 fast_inc 0 eta_inc 2090517 multi_dec -2561088 quick_dec -102830 nack_dec -659850
Flow Uec_81_0 flowId 18 uecSrc 17 finished at 38956.2 total messages 1 total packets 3916 RTS 0 total bytes 16000776 in_flight now 0 fair_inc 275222 prop_inc 850 fast_inc 0 eta_inc 2091846 multi_dec -2553468 quick_dec -70853 nack_dec -693050
Flow Uec_123_0 flowId 60 uecSrc 59 finished at 39012.6 total messages 1 total packets 3916 RTS 0 total bytes 16000776 in_flight now 0 fair_inc 295454 prop_inc 0 fast_inc 0 eta_inc 2098491 multi_dec -2553499 quick_dec -250427 nack_dec -655700
Flow Uec_88_0 flowId 25 uecSrc 24 finished at 39154 total messages 1 total packets 3916 RTS 0 total bytes 16000776 in_flight now 0 fair_inc 270855 prop_inc 870 fast_inc 0 eta_inc 2107794 multi_dec -2537242 quick_dec -110453 nack_dec -684750
Flow Uec_106_0 flowId 43 uecSrc 42 finished at 39309.2 total messages 1 total packets 3916 RTS 0 total bytes 16000776 in_flight now 0 fair_inc 261963 prop_inc 0 fast_inc 0 eta_inc 2118426 multi_dec -2555263 quick_dec -114104 nack_dec -738700
Flow Uec_126_0 flowId 63 uecSrc 62 finished at 39433 total messages 1 total packets 3916 RTS 0 total bytes 16000776 in_flight now 0 fair_inc 322760 prop_inc 3204 fast_inc 0 eta_inc 2126400 multi_dec -2554198 quick_dec -167893 nack_dec -659850
Flow Uec_92_0 flowId 29 uecSrc 28 finished at 39685.7 total messages 1 total packets 3916 RTS 0 total bytes 16000776 in_flight now 0 fair_inc 273599 prop_inc 224 fast_inc 0 eta_inc 2134374 multi_dec -2517952 quick_dec -136641 nack_dec -725474
Flow Uec_101_0 flowId 38 uecSrc 37 finished at 39694.5 total messages 1 total packets 3916 RTS 0 total bytes 16000776 in_flight now 0 fair_inc 227109 prop_inc 714 fast_inc 0 eta_inc 2131716 multi_dec -2530756 quick_dec -128821 nack_dec -642474
Flow Uec_94_0 flowId 31 uecSrc 30 finished at 39748.1 total messages 1 total packets 3916 RTS 0 total bytes 16000776 in_flight now 0 fair_inc 334992 prop_inc 0 fast_inc 0 eta_inc 2141019 multi_dec -2524790 quick_dec -150933 nack_dec -709650
Flow Uec_124_0 flowId 61 uecSrc 60 finished at 40147.4 total messages 1 total packets 3916 RTS 0 total bytes 16000776 in_flight now 0 fair_inc 254484 prop_inc 6181 fast_inc 0 eta_inc 2160954 multi_dec -2537833 quick_dec -98157 nack_dec -655700
Flow Uec_125_0 flowId 62 uecSrc 61 finished at 40210 total messages 1 total packets 3916 RTS 0 total bytes 16000776 in_flight now 0 fair_inc 269098 prop_inc 20807 fast_inc 0 eta_inc 2162283 multi_dec -2527575 quick_dec -69618 nack_dec -688900
Flow Uec_110_0 flowId 47 uecSrc 46 finished at 40231.2 total messages 1 total packets 3916 RTS 0 total bytes 16000776 in_flight now 0 fair_inc 244897 prop_inc 0 fast_inc 0 eta_inc 2164941 multi_dec -2532136 quick_dec -162317 nack_dec -630800
Flow Uec_66_0 flowId 3 uecSrc 2 finished at 40236 total messages 1 total packets 3916 RTS 0 total bytes 16000776 in_flight now 0 fair_inc 274563 prop_inc 9214 fast_inc 0 eta_inc 2167599 multi_dec -2568962 quick_dec -162872 nack_dec -734550
Flow Uec_91_0 flowId 28 uecSrc 27 finished at 40246.7 total messages 1 total packets 3916 RTS 0 total bytes 16000776 in_flight now 0 fair_inc 274568 prop_inc 14201 fast_inc 0 eta_inc 2170257 multi_dec -2551037 quick_dec -189287 nack_dec -688900
Flow Uec_79_0 flowId 16 uecSrc 15 finished at 40258.2 total messages 1 total packets 3916 RTS 0 total bytes 16000776 in_flight now 0 fair_inc 242134 prop_inc 18946 fast_inc 0 eta_inc 2156967 multi_dec -2563768 quick_dec -116321 nack_dec -672300
Flow Uec_90_0 flowId 27 uecSrc 26 finished at 40265.6 total messages 1 total packets 3916 RTS 0 total bytes 16000776 in_flight now 0 fair_inc 226908 prop_inc 778 fast_inc 0 eta_inc 2162283 multi_dec -2530402 quick_dec -88669 nack_dec -647400
Flow Uec_86_0 flowId 23 uecSrc 22 finished at 40277.2 total messages 1 total packets 3916 RTS 0 total bytes 16000776 in_flight now 0 fair_inc 240889 prop_inc 384 fast_inc 0 eta_inc 2166270 multi_dec -2575341 quick_dec -95064 nack_dec -688900
Flow Uec_104_0 flowId 41 uecSrc 40 finished at 40352.7 total messages 1 total packets 3916 RTS 0 total bytes 16000776 in_flight now 0 fair_inc 226566 prop_inc 759 fast_inc 0 eta_inc 2170257 multi_dec -2539593 quick_dec -102744 nack_dec -634950
Flow Uec_64_0 flowId 1 uecSrc 0 finished at 40364.3 total messages 1 total packets 3916 RTS 0 total bytes 16000776 in_flight now 0 fair_inc 254959 prop_inc 7890 fast_inc 0 eta_inc 2167599 multi_dec -2511880 quick_dec -156700 nack_dec -688900
Flow Uec_100_0 flowId 37 uecSrc 36 finished at 40417.9 total messages 1 total packets 3916 RTS 0 total bytes 16000776 in_flight now 0 fair_inc 264301 prop_inc 220 fast_inc 0 eta_inc 2174244 multi_dec -2527191 quick_dec -155021 nack_dec -705500
Flow Uec_103_0 flowId 40 uecSrc 39 finished at 40433 total messages 1 total packets 3916 RTS 0 total bytes 16000776 in_flight now 0 fair_inc 245176 prop_inc 7690 fast_inc 0 eta_inc 2164941 multi_dec -2533056 quick_dec -133647 nack_dec -659850
Flow Uec_78_0 flowId 15 uecSrc 14 finished at 40566.3 total messages 1 total packets 3916 RTS 0 total bytes 16000776 in_flight now 0 fair_inc 230836 prop_inc 1813 fast_inc 0 eta_inc 2180889 multi_dec -2515989 quick_dec -184023 nack_dec -664000
Flow Uec_70_0 flowId 7 uecSrc 6 finished at 40573.1 total messages 1 total packets 3916 RTS 0 total bytes 16000776 in_flight now 0 fair_inc 214981 prop_inc 28 fast_inc 0 eta_inc 2184876 multi_dec -2564074 quick_dec -76969 nack_dec -634950
Flow Uec_97_0 flowId 34 uecSrc 33 finished at 40578.4 total messages 1 total packets 3916 RTS 0 total bytes 16000776 in_flight now 0 fair_inc 260975 prop_inc 6553 fast_inc 0 eta_inc 2175573 multi_dec -2516992 quick_dec -57511 nack_dec -659850
Flow Uec_113_0 flowId 50 uecSrc 49 finished at 40773.4 total messages 1 total packets 3916 RTS 0 total bytes 16000776 in_flight now 0 fair_inc 269552 prop_inc 3138 fast_inc 0 eta_inc 2186205 multi_dec -2489199 quick_dec -189771 nack_dec -738700
Flow Uec_127_0 flowId 64 uecSrc 63 finished at 40778.1 total messages 1 total packets 3916 RTS 0 total bytes 16000776 in_flight now 0 fair_inc 244186 prop_inc 18372 fast_inc 0 eta_inc 2194179 multi_dec -2506745 quick_dec -273616 nack_dec -722100
Flow Uec_122_0 flowId 59 uecSrc 58 finished at 40820.8 total messages 1 total packets 3916 RTS 0 total bytes 16000776 in_flight now 0 fair_inc 236887 prop_inc 2096 fast_inc 0 eta_inc 2187534 multi_dec -2507904 quick_dec -106306 nack_dec -668150
Flow Uec_109_0 flowId 46 uecSrc 45 finished at 40866.8 total messages 1 total packets 3916 RTS 0 total bytes 16000776 in_flight now 0 fair_inc 216592 prop_inc 4315 fast_inc 0 eta_inc 2190192 multi_dec -2497864 quick_dec -49124 nack_dec -701350
Flow Uec_108_0 flowId 45 uecSrc 44 finished at 40933.2 total messages 1 total packets 3916 RTS 0 total bytes 16000776 in_flight now 0 fair_inc 239517 prop_inc 3522 fast_inc 0 eta_inc 2203482 multi_dec -2491120 quick_dec -21856 nack_dec -664000
Flow Uec_93_0 flowId 30 uecSrc 29 finished at 40968.9 total messages 1 total packets 3916 RTS 0 total bytes 16000776 in_flight now 0 fair_inc 234393 prop_inc 4616 fast_inc 0 eta_inc 2190192 multi_dec -2419915 quick_dec -147262 nack_dec -759450
Flow Uec_84_0 flowId 21 uecSrc 20 finished at 41016.4 total messages 1 total packets 3916 RTS 0 total bytes 16000776 in_flight now 0 fair_inc 261976 prop_inc 5872 fast_inc 0 eta_inc 2204811 multi_dec -2507658 quick_dec -168531 nack_dec -737924
Flow Uec_102_0 flowId 39 uecSrc 38 finished at 41028 total messages 1 total packets 3916 RTS 0 total bytes 16000776 in_flight now 0 fair_inc 287583 prop_inc 2544 fast_inc 0 eta_inc 2203482 multi_dec -2489042 quick_dec -250920 nack_dec -763600
Flow Uec_120_0 flowId 57 uecSrc 56 finished at 41092.4 total messages 1 total packets 3916 RTS 0 total bytes 16000776 in_flight now 0 fair_inc 201460 prop_inc 8679 fast_inc 0 eta_inc 2206140 multi_dec -2511799 quick_dec -82125 nack_dec -651550
Flow Uec_96_0 flowId 33 uecSrc 32 finished at 41099.2 total messages 1 total packets 3916 RTS 0 total bytes 16000776 in_flight now 0 fair_inc 250071 prop_inc 6916 fast_inc 0 eta_inc 2207469 multi_dec -2510670 quick_dec -136656 nack_dec -659850
Flow Uec_75_0 flowId 12 uecSrc 11 finished at 41109.6 total messages 1 total packets 3916 RTS 0 total bytes 16000776 in_flight now 0 fair_inc 229949 prop_inc 28996 fast_inc 0 eta_inc 2204811 multi_dec -2470177 quick_dec -183210 nack_dec -701350
Flow Uec_98_0 flowId 35 uecSrc 34 finished at 41179.5 total messages 1 total packets 3916 RTS 0 total bytes 16000776 in_flight now 0 fair_inc 293852 prop_inc 6845 fast_inc 0 eta_inc 2219430 multi_dec -2480171 quick_dec -249725 nack_dec -726250
Flow Uec_87_0 flowId 24 uecSrc 23 finished at 41227.1 total messages 1 total packets 3916 RTS 0 total bytes 16000776 in_flight now 0 fair_inc 254729 prop_inc 7762 fast_inc 0 eta_inc 2222088 multi_dec -2474211 quick_dec -225794 nack_dec -693050
Flow Uec_116_0 flowId 53 uecSrc 52 finished at 41232.1 total messages 1 total packets 3916 RTS 0 total bytes 16000776 in_flight now 0 fair_inc 311251 prop_inc 11242 fast_inc 0 eta_inc 2223417 multi_dec -2627904 quick_dec -160514 nack_dec -688900
Flow Uec_112_0 flowId 49 uecSrc 48 finished at 41235 total messages 1 total packets 3916 RTS 0 total bytes 16000776 in_flight now 0 fair_inc 219387 prop_inc 10520 fast_inc 0 eta_inc 2210127 multi_dec -2500646 quick_dec -111560 nack_dec -717950
Flow Uec_76_0 flowId 13 uecSrc 12 finished at 41255.6 total messages 1 total packets 3916 RTS 0 total bytes 16000776 in_flight now 0 fair_inc 217086 prop_inc 11933 fast_inc 0 eta_inc 2222088 multi_dec -2463604 quick_dec -127824 nack_dec -684750
Flow Uec_118_0 flowId 55 uecSrc 54 finished at 41295.9 total messages 1 total packets 3916 RTS 0 total bytes 16000776 in_flight now 0 fair_inc 196768 prop_inc 8996 fast_inc 0 eta_inc 2218101 multi_dec -2435410 quick_dec -94429 nack_dec -626650
Flow Uec_121_0 flowId 58 uecSrc 57 finished at 41301.7 total messages 1 total packets 3916 RTS 0 total bytes 16000776 in_flight now 0 fair_inc 254890 prop_inc 6805 fast_inc 0 eta_inc 2207469 multi_dec -2446472 quick_dec -161713 nack_dec -776050
Flow Uec_73_0 flowId 10 uecSrc 9 finished at 41345.5 total messages 1 total packets 3916 RTS 0 total bytes 16000776 in_flight now 0 fair_inc 289378 prop_inc 5899 fast_inc 0 eta_inc 2220759 multi_dec -2455803 quick_dec -128168 nack_dec -788500
Flow Uec_105_0 flowId 42 uecSrc 41 finished at 41345.8 total messages 1 total packets 3916 RTS 0 total bytes 16000776 in_flight now 0 fair_inc 301599 prop_inc 11339 fast_inc 0 eta_inc 2219430 multi_dec -2424511 quick_dec -184339 nack_dec -767750
Flow Uec_111_0 flowId 48 uecSrc 47 finished at 41365.7 total messages 1 total packets 3916 RTS 0 total bytes 16000776 in_flight now 0 fair_inc 272449 prop_inc 8043 fast_inc 0 eta_inc 2228733 multi_dec -2409765 quick_dec -354984 nack_dec -705500
Flow Uec_82_0 flowId 19 uecSrc 18 finished at 41447 total messages 1 total packets 3916 RTS 0 total bytes 16000776 in_flight now 0 fair_inc 276319 prop_inc 8726 fast_inc 0 eta_inc 2231391 multi_dec -2496190 quick_dec -216234 nack_dec -717950
Flow Uec_114_0 flowId 51 uecSrc 50 finished at 41477 total messages 1 total packets 3916 RTS 0 total bytes 16000776 in_flight now 0 fair_inc 188799 prop_inc 19033 fast_inc 0 eta_inc 2227404 multi_dec -2430314 quick_dec -126590 nack_dec -684750
Flow Uec_83_0 flowId 20 uecSrc 19 finished at 41486.1 total messages 1 total packets 3916 RTS 0 total bytes 16000776 in_flight now 0 fair_inc 199537 prop_inc 19768 fast_inc 0 eta_inc 2228733 multi_dec -2389919 quick_dec -209498 nack_dec -672300
Flow Uec_107_0 flowId 44 uecSrc 43 finished at 41555.1 total messages 1 total packets 3916 RTS 0 total bytes 16000776 in_flight now 0 fair_inc 246868 prop_inc 15168 fast_inc 0 eta_inc 2236707 multi_dec -2512113 quick_dec -225173 nack_dec -693050
Flow Uec_77_0 flowId 14 uecSrc 13 finished at 41560.6 total messages 1 total packets 3916 RTS 0 total bytes 16000776 in_flight now 0 fair_inc 189338 prop_inc 34212 fast_inc 0 eta_inc 2234049 multi_dec -2409712 quick_dec -151802 nack_dec -676450
Flow Uec_72_0 flowId 9 uecSrc 8 finished at 41580.1 total messages 1 total packets 3916 RTS 0 total bytes 16000776 in_flight now 0 fair_inc 262293 prop_inc 20071 fast_inc 0 eta_inc 2236707 multi_dec -2536640 quick_dec -138480 nack_dec -709650
Flow Uec_119_0 flowId 56 uecSrc 55 finished at 41587.1 total messages 1 total packets 3916 RTS 0 total bytes 16000776 in_flight now 0 fair_inc 220274 prop_inc 25942 fast_inc 0 eta_inc 2246010 multi_dec -2552867 quick_dec -244688 nack_dec -680600
Flow Uec_65_0 flowId 2 uecSrc 1 finished at 41594 total messages 1 total packets 3916 RTS 0 total bytes 16000776 in_flight now 0 fair_inc 331278 prop_inc 48177 fast_inc 0 eta_inc 2235378 multi_dec -2552466 quick_dec -139583 nack_dec -742850
Flow Uec_80_0 flowId 17 uecSrc 16 finished at 41609.2 total messages 1 total packets 3916 RTS 0 total bytes 16000776 in_flight now 0 fair_inc 184153 prop_inc 59179 fast_inc 0 eta_inc 2240694 multi_dec -2408060 quick_dec -206786 nack_dec -664000
Flow Uec_85_0 flowId 22 uecSrc 21 finished at 41640.9 total messages 1 total packets 3916 RTS 0 total bytes 16000776 in_flight now 0 fair_inc 182849 prop_inc 127801 fast_inc 0 eta_inc 2243352 multi_dec -2327968 quick_dec -189828 nack_dec -664000
Flow Uec_68_0 flowId 5 uecSrc 4 finished at 41662.7 total messages 1 total packets 3916 RTS 0 total bytes 16000776 in_flight now 0 fair_inc 252233 prop_inc 150112 fast_inc 71571 eta_inc 2256642 multi_dec -2465868 quick_dec -206782 nack_dec -655700
..........Received SIGTERM at 513000 us, shutting down cleanly.
New: 250624 Rtx: 10366 RTS: 0 Bounced: 0 ACKs: 250231 NACKs: 10366 Pulls: 0 sleek_pkts: 0
SPURIOUS_COUNT 0
