Flow Uec_16_59 flowId 59 uecSrc 58 finished at 7942.24 total messages 1 total packets 15664 RTS 0 total bytes 64003104 in_flight now 0 fair_inc 19324 prop_inc 651433 fast_inc 53994 eta_inc 773478 multi_dec -653075 quick_dec -0 nack_dec -0
Flow Uec_16_60 flowId 60 uecSrc 59 finished at 7954.83 total messages 1 total packets 15664 RTS 0 total bytes 64003104 in_flight now 0 fair_inc 33913 prop_inc 651365 fast_inc 71992 eta_inc 774807 multi_dec -664761 quick_dec -0 nack_dec -0
Flow Uec_16_61 flowId 61 uecSrc 60 finished at 7958.69 total messages 1 total packets 15664 RTS 0 total bytes 64003104 in_flight now 0 fair_inc 35883 prop_inc 652370 fast_inc 26997 eta_inc 774807 multi_dec -657930 quick_dec -0 nack_dec -0
Flow Uec_1_0 flowId 1 uecSrc 0 finished at 31630.7 total messages 1 total packets 15664 RTS 0 total bytes 64003104 in_flight now 0 fair_inc 2217325 prop_inc 40876 fast_inc 0 eta_inc 2813493 multi_dec -5024505 quick_dec -279677 nack_dec -551950
Flow Uec_2_0 flowId 2 uecSrc 1 finished at 31685.6 total messages 1 total packets 15664 RTS 0 total bytes 64003104 in_flight now 0 fair_inc 2230498 prop_inc 31804 fast_inc 0 eta_inc 2818809 multi_dec -4913633 quick_dec -258400 nack_dec -697200
Flow Uec_3_0 flowId 6 uecSrc 5 finished at 32562.2 total messages 1 total packets 15664 RTS 0 total bytes 64003104 in_flight now 0 fair_inc 2061301 prop_inc 32655 fast_inc 0 eta_inc 2902536 multi_dec -4828268 quick_dec -266596 nack_dec -647400
Flow Uec_10_0 flowId 34 uecSrc 33 finished at 39028.6 total messages 1 total packets 15664 RTS 0 total bytes 64003104 in_flight now 0 fair_inc 3303501 prop_inc 12747 fast_inc 0 eta_inc 2603511 multi_dec -6793117 quick_dec -232706 nack_dec -298800
Flow Uec_9_0 flowId 30 uecSrc 29 finished at 39617.7 total messages 1 total packets 15664 RTS 0 total bytes 64003104 in_flight now 0 fair_inc 3247555 prop_inc 10786 fast_inc 0 eta_inc 2646039 multi_dec -6837069 quick_dec -200872 nack_dec -307100
Flow Uec_7_0 flowId 22 uecSrc 21 finished at 39905.9 total messages 1 total packets 15664 RTS 0 total bytes 64003104 in_flight now 0 fair_inc 3194136 prop_inc 10189 fast_inc 0 eta_inc 2668632 multi_dec -6808922 quick_dec -265557 nack_dec -236550
Flow Uec_11_0 flowId 38 uecSrc 37 finished at 40218.1 total messages 1 total packets 15664 RTS 0 total bytes 64003104 in_flight now 0 fair_inc 3118672 prop_inc 8103 fast_inc 0 eta_inc 2685909 multi_dec -6616357 quick_dec -255477 nack_dec -261450
Flow Uec_14_0 flowId 50 uecSrc 49 finished at 40379.5 total messages 1 total packets 15664 RTS 0 total bytes 64003104 in_flight now 0 fair_inc 3177362 prop_inc 10863 fast_inc 0 eta_inc 2707173 multi_dec -6765592 quick_dec -243914 nack_dec -298800
Flow Uec_6_0 flowId 18 uecSrc 17 finished at 40381.9 total messages 1 total packets 15664 RTS 0 total bytes 64003104 in_flight now 0 fair_inc 3224785 prop_inc 14015 fast_inc 0 eta_inc 2700528 multi_dec -6731693 quick_dec -200954 nack_dec -344450
Flow Uec_13_0 flowId 46 uecSrc 45 finished at 40418.6 total messages 1 total packets 15664 RTS 0 total bytes 64003104 in_flight now 0 fair_inc 3260019 prop_inc 14754 fast_inc 0 eta_inc 2703186 multi_dec -6662143 quick_dec -302553 nack_dec -381800
Flow Uec_15_0 flowId 54 uecSrc 53 finished at 40681.8 total messages 1 total packets 15664 RTS 0 total bytes 64003104 in_flight now 0 fair_inc 3147163 prop_inc 28862 fast_inc 0 eta_inc 2723121 multi_dec -6646968 quick_dec -281603 nack_dec -294650
Flow Uec_5_0 flowId 14 uecSrc 13 finished at 40708 total messages 1 total packets 15664 RTS 0 total bytes 64003104 in_flight now 0 fair_inc 3094035 prop_inc 27698 fast_inc 0 eta_inc 2725779 multi_dec -6667953 quick_dec -274988 nack_dec -311250
Flow Uec_8_0 flowId 26 uecSrc 25 finished at 40788.2 total messages 1 total packets 15664 RTS 0 total bytes 64003104 in_flight now 0 fair_inc 3136694 prop_inc 48035 fast_inc 0 eta_inc 2737740 multi_dec -6728425 quick_dec -284277 nack_dec -298800
Flow Uec_12_0 flowId 42 uecSrc 41 finished at 40806.1 total messages 1 total packets 15664 RTS 0 total bytes 64003104 in_flight now 0 fair_inc 3116648 prop_inc 56404 fast_inc 0 eta_inc 2732424 multi_dec -6759813 quick_dec -248961 nack_dec -290500
Flow Uec_4_0 flowId 10 uecSrc 9 finished at 40984.4 total messages 1 total packets 15664 RTS 0 total bytes 64003104 in_flight now 0 fair_inc 3015473 prop_inc 137943 fast_inc 0 eta_inc 2752359 multi_dec -6584732 quick_dec -199433 nack_dec -269750
Flow Uec_16_0 flowId 58 uecSrc 57 finished at 41657.6 total messages 1 total packets 15664 RTS 0 total bytes 64003104 in_flight now 0 fair_inc 1406993 prop_inc 799327 fast_inc 1898784 eta_inc 2739069 multi_dec -4735595 quick_dec -57442 nack_dec -153550
Flow Uec_2_19 flowId 5 uecSrc 4 finished at 43436.8 total messages 1 total packets 15664 RTS 0 total bytes 64003104 in_flight now 0 fair_inc 3270560 prop_inc 222629 fast_inc 0 eta_inc 3151059 multi_dec -6853908 quick_dec -21726 nack_dec -1029200
Flow Uec_3_21 flowId 8 uecSrc 7 finished at 46404.6 total messages 1 total packets 15664 RTS 0 total bytes 64003104 in_flight now 0 fair_inc 3235801 prop_inc 259997 fast_inc 0 eta_inc 3209535 multi_dec -6589778 quick_dec -295748 nack_dec -1149550
Flow Uec_2_17 flowId 3 uecSrc 2 finished at 47101.4 total messages 1 total packets 15664 RTS 0 total bytes 64003104 in_flight now 0 fair_inc 3300825 prop_inc 259129 fast_inc 0 eta_inc 3257379 multi_dec -6678224 quick_dec -518360 nack_dec -929600
Flow Uec_3_22 flowId 9 uecSrc 8 finished at 47496.6 total messages 1 total packets 15664 RTS 0 total bytes 64003104 in_flight now 0 fair_inc 3346512 prop_inc 232533 fast_inc 0 eta_inc 3249405 multi_dec -6775053 quick_dec -320245 nack_dec -1120500
.Flow Uec_2_18 flowId 4 uecSrc 3 finished at 51316.7 total messages 1 total packets 15664 RTS 0 total bytes 64003104 in_flight now 0 fair_inc 3210880 prop_inc 264180 fast_inc 0 eta_inc 3508560 multi_dec -6899008 quick_dec -446260 nack_dec -1058250
Flow Uec_3_20 flowId 7 uecSrc 6 finished at 51430.9 total messages 1 total packets 15664 RTS 0 total bytes 64003104 in_flight now 0 fair_inc 3676967 prop_inc 231779 fast_inc 0 eta_inc 3426162 multi_dec -7398754 quick_dec -246223 nack_dec -1232550
Flow Uec_15_58 flowId 57 uecSrc 56 finished at 51523.5 total messages 1 total packets 15664 RTS 0 total bytes 64003104 in_flight now 0 fair_inc 3721684 prop_inc 232041 fast_inc 0 eta_inc 3416859 multi_dec -7803825 quick_dec -278510 nack_dec -975250
Flow Uec_13_52 flowId 49 uecSrc 48 finished at 52253.7 total messages 1 total packets 15664 RTS 0 total bytes 64003104 in_flight now 0 fair_inc 3774438 prop_inc 244420 fast_inc 0 eta_inc 3463374 multi_dec -7669802 quick_dec -497810 nack_dec -1016750
Flow Uec_8_37 flowId 29 uecSrc 28 finished at 52560.2 total messages 1 total packets 15664 RTS 0 total bytes 64003104 in_flight now 0 fair_inc 3735610 prop_inc 225742 fast_inc 0 eta_inc 3456729 multi_dec -7705997 quick_dec -456962 nack_dec -983550
Flow Uec_7_33 flowId 24 uecSrc 23 finished at 52839.6 total messages 1 total packets 15664 RTS 0 total bytes 64003104 in_flight now 0 fair_inc 3665829 prop_inc 237306 fast_inc 0 eta_inc 3450084 multi_dec -7881239 quick_dec -340372 nack_dec -892250
Flow Uec_5_28 flowId 17 uecSrc 16 finished at 52925.9 total messages 1 total packets 15664 RTS 0 total bytes 64003104 in_flight now 0 fair_inc 3759476 prop_inc 223943 fast_inc 0 eta_inc 3509889 multi_dec -7776117 quick_dec -340712 nack_dec -1016750
Flow Uec_9_40 flowId 33 uecSrc 32 finished at 53166 total messages 1 total packets 15664 RTS 0 total bytes 64003104 in_flight now 0 fair_inc 3599939 prop_inc 226703 fast_inc 0 eta_inc 3479322 multi_dec -7767635 quick_dec -354030 nack_dec -871500
Flow Uec_10_43 flowId 37 uecSrc 36 finished at 53187.5 total messages 1 total packets 15664 RTS 0 total bytes 64003104 in_flight now 0 fair_inc 3672485 prop_inc 250173 fast_inc 0 eta_inc 3523179 multi_dec -7822669 quick_dec -426543 nack_dec -925450
Flow Uec_9_38 flowId 31 uecSrc 30 finished at 53332.9 total messages 1 total packets 15664 RTS 0 total bytes 64003104 in_flight now 0 fair_inc 3640197 prop_inc 250126 fast_inc 0 eta_inc 3524508 multi_dec -7726300 quick_dec -420318 nack_dec -929600
Flow Uec_10_41 flowId 35 uecSrc 34 finished at 53527.9 total messages 1 total packets 15664 RTS 0 total bytes 64003104 in_flight now 0 fair_inc 3752283 prop_inc 212736 fast_inc 0 eta_inc 3539127 multi_dec -7858347 quick_dec -378114 nack_dec -962800
Flow Uec_15_56 flowId 55 uecSrc 54 finished at 53535.6 total messages 1 total packets 15664 RTS 0 total bytes 64003104 in_flight now 0 fair_inc 3639299 prop_inc 222375 fast_inc 0 eta_inc 3504573 multi_dec -7825714 quick_dec -457139 nack_dec -821700
Flow Uec_4_25 flowId 13 uecSrc 12 finished at 53536.9 total messages 1 total packets 15664 RTS 0 total bytes 64003104 in_flight now 0 fair_inc 3682508 prop_inc 225425 fast_inc 0 eta_inc 3512547 multi_dec -7782756 quick_dec -519761 nack_dec -1004300
Flow Uec_8_35 flowId 27 uecSrc 26 finished at 53549.5 total messages 1 total packets 15664 RTS 0 total bytes 64003104 in_flight now 0 fair_inc 3855782 prop_inc 219234 fast_inc 0 eta_inc 3500586 multi_dec -7810225 quick_dec -483345 nack_dec -1033350
Flow Uec_7_32 flowId 23 uecSrc 22 finished at 53551.2 total messages 1 total packets 15664 RTS 0 total bytes 64003104 in_flight now 0 fair_inc 3622783 prop_inc 230239 fast_inc 0 eta_inc 3539127 multi_dec -7921041 quick_dec -408574 nack_dec -780200
Flow Uec_5_26 flowId 15 uecSrc 14 finished at 53705.7 total messages 1 total packets 15664 RTS 0 total bytes 64003104 in_flight now 0 fair_inc 3607781 prop_inc 224887 fast_inc 0 eta_inc 3548430 multi_dec -7956837 quick_dec -350489 nack_dec -834150
Flow Uec_11_44 flowId 39 uecSrc 38 finished at 53814.4 total messages 1 total packets 15664 RTS 0 total bytes 64003104 in_flight now 0 fair_inc 3717222 prop_inc 246792 fast_inc 0 eta_inc 3540456 multi_dec -7732002 quick_dec -493851 nack_dec -925450
Flow Uec_6_30 flowId 20 uecSrc 19 finished at 53883.9 total messages 1 total packets 15664 RTS 0 total bytes 64003104 in_flight now 0 fair_inc 3666119 prop_inc 248388 fast_inc 0 eta_inc 3516534 multi_dec -7814021 quick_dec -365725 nack_dec -954500
Flow Uec_11_45 flowId 40 uecSrc 39 finished at 53888.2 total messages 1 total packets 15664 RTS 0 total bytes 64003104 in_flight now 0 fair_inc 3709163 prop_inc 209826 fast_inc 0 eta_inc 3447426 multi_dec -7629656 quick_dec -415361 nack_dec -962800
Flow Uec_13_51 flowId 48 uecSrc 47 finished at 53995.6 total messages 1 total packets 15664 RTS 0 total bytes 64003104 in_flight now 0 fair_inc 3645221 prop_inc 233396 fast_inc 0 eta_inc 3464703 multi_dec -7432795 quick_dec -572816 nack_dec -1091450
Flow Uec_4_24 flowId 12 uecSrc 11 finished at 54045.3 total messages 1 total packets 15664 RTS 0 total bytes 64003104 in_flight now 0 fair_inc 3720589 prop_inc 245493 fast_inc 0 eta_inc 3519192 multi_dec -7768161 quick_dec -364911 nack_dec -1062400
Flow Uec_6_31 flowId 21 uecSrc 20 finished at 54112.5 total messages 1 total packets 15664 RTS 0 total bytes 64003104 in_flight now 0 fair_inc 3714359 prop_inc 228519 fast_inc 0 eta_inc 3520521 multi_dec -7894225 quick_dec -421335 nack_dec -958650
Flow Uec_12_48 flowId 44 uecSrc 43 finished at 54121.6 total messages 1 total packets 15664 RTS 0 total bytes 64003104 in_flight now 0 fair_inc 3668516 prop_inc 251075 fast_inc 0 eta_inc 3495270 multi_dec -7696399 quick_dec -533730 nack_dec -983550
Flow Uec_12_47 flowId 43 uecSrc 42 finished at 54169.3 total messages 1 total packets 15664 RTS 0 total bytes 64003104 in_flight now 0 fair_inc 3590391 prop_inc 233044 fast_inc 0 eta_inc 3513876 multi_dec -7674388 quick_dec -294552 nack_dec -996000
Flow Uec_6_29 flowId 19 uecSrc 18 finished at 54203 total messages 1 total packets 15664 RTS 0 total bytes 64003104 in_flight now 0 fair_inc 3417756 prop_inc 283156 fast_inc 0 eta_inc 3580326 multi_dec -7471133 quick_dec -473732 nack_dec -946200
Flow Uec_5_27 flowId 16 uecSrc 15 finished at 54292.8 total messages 1 total packets 15664 RTS 0 total bytes 64003104 in_flight now 0 fair_inc 3545709 prop_inc 246366 fast_inc 0 eta_inc 3515205 multi_dec -7525942 quick_dec -392544 nack_dec -1033350
Flow Uec_13_50 flowId 47 uecSrc 46 finished at 54304.1 total messages 1 total packets 15664 RTS 0 total bytes 64003104 in_flight now 0 fair_inc 3698340 prop_inc 237635 fast_inc 0 eta_inc 3547101 multi_dec -7688625 quick_dec -442243 nack_dec -979400
Flow Uec_14_55 flowId 53 uecSrc 52 finished at 54365.2 total messages 1 total packets 15664 RTS 0 total bytes 64003104 in_flight now 0 fair_inc 3851993 prop_inc 244586 fast_inc 0 eta_inc 3548430 multi_dec -7864469 quick_dec -444919 nack_dec -1099750
Flow Uec_11_46 flowId 41 uecSrc 40 finished at 54365.4 total messages 1 total packets 15664 RTS 0 total bytes 64003104 in_flight now 0 fair_inc 3557828 prop_inc 261935 fast_inc 0 eta_inc 3515205 multi_dec -7573479 quick_dec -587617 nack_dec -925450
Flow Uec_14_54 flowId 52 uecSrc 51 finished at 54430 total messages 1 total packets 15664 RTS 0 total bytes 64003104 in_flight now 0 fair_inc 3647182 prop_inc 259690 fast_inc 0 eta_inc 3549759 multi_dec -7756209 quick_dec -495101 nack_dec -962800
Flow Uec_8_36 flowId 28 uecSrc 27 finished at 54495.1 total messages 1 total packets 15664 RTS 0 total bytes 64003104 in_flight now 0 fair_inc 3723540 prop_inc 264636 fast_inc 0 eta_inc 3553746 multi_dec -7842473 quick_dec -386102 nack_dec -1016750
Flow Uec_14_53 flowId 51 uecSrc 50 finished at 54586.8 total messages 1 total packets 15664 RTS 0 total bytes 64003104 in_flight now 0 fair_inc 3581169 prop_inc 280711 fast_inc 0 eta_inc 3545772 multi_dec -7584476 quick_dec -437931 nack_dec -1033350
Flow Uec_9_39 flowId 32 uecSrc 31 finished at 54602.7 total messages 1 total packets 15664 RTS 0 total bytes 64003104 in_flight now 0 fair_inc 3467454 prop_inc 275650 fast_inc 0 eta_inc 3524508 multi_dec -7400117 quick_dec -469570 nack_dec -987700
Flow Uec_15_57 flowId 56 uecSrc 55 finished at 54614.1 total messages 1 total packets 15664 RTS 0 total bytes 64003104 in_flight now 0 fair_inc 3734667 prop_inc 274172 fast_inc 0 eta_inc 3555075 multi_dec -7693239 quick_dec -629248 nack_dec -917150
Flow Uec_7_34 flowId 25 uecSrc 24 finished at 54617.7 total messages 1 total packets 15664 RTS 0 total bytes 64003104 in_flight now 0 fair_inc 3526661 prop_inc 280105 fast_inc 0 eta_inc 3521850 multi_dec -7477869 quick_dec -513656 nack_dec -996000
Flow Uec_10_42 flowId 36 uecSrc 35 finished at 54627.3 total messages 1 total packets 15664 RTS 0 total bytes 64003104 in_flight now 0 fair_inc 3494225 prop_inc 303200 fast_inc 0 eta_inc 3581655 multi_dec -7749296 quick_dec -339156 nack_dec -966950
Flow Uec_4_23 flowId 11 uecSrc 10 finished at 54659 total messages 1 total packets 15664 RTS 0 total bytes 64003104 in_flight now 0 fair_inc 3505414 prop_inc 364756 fast_inc 0 eta_inc 3557733 multi_dec -7489275 quick_dec -380112 nack_dec -1025050
Flow Uec_12_49 flowId 45 uecSrc 44 finished at 54659.5 total messages 1 total packets 15664 RTS 0 total bytes 64003104 in_flight now 0 fair_inc 3634116 prop_inc 343377 fast_inc 65239 eta_inc 3560391 multi_dec -7556770 quick_dec -574106 nack_dec -1004300
.........|.....Received SIGTERM at 847000 us, shutting down cleanly.
New: 955504 Rtx: 11336 RTS: 0 Bounced: 0 ACKs: 928863 NACKs: 11335 Pulls: 0 sleek_pkts: 0
SPURIOUS_COUNT 1
