Flow Uec_15_58 flowId 57 uecSrc 56 finished at 12285.7 total messages 1 total packets 24474 RTS 0 total bytes 100000764 in_flight now 0 fair_inc 664995 prop_inc 1760472 fast_inc 0 eta_inc 1182810 multi_dec -1884926 quick_dec -0 nack_dec -1884100
Flow Uec_13_50 flowId 47 uecSrc 46 finished at 12391.8 total messages 1 total packets 24474 RTS 0 total bytes 100000764 in_flight now 0 fair_inc 614269 prop_inc 1843251 fast_inc 0 eta_inc 1190784 multi_dec -1871921 quick_dec -0 nack_dec -1962950
Flow Uec_7_33 flowId 24 uecSrc 23 finished at 12405.6 total messages 1 total packets 24474 RTS 0 total bytes 100000764 in_flight now 0 fair_inc 526597 prop_inc 1850129 fast_inc 0 eta_inc 1198758 multi_dec -1802177 quick_dec -0 nack_dec -2041800
Flow Uec_9_39 flowId 32 uecSrc 31 finished at 12473.8 total messages 1 total packets 24474 RTS 0 total bytes 100000764 in_flight now 0 fair_inc 589725 prop_inc 1744846 fast_inc 0 eta_inc 1193442 multi_dec -1668796 quick_dec -0 nack_dec -2108200
Flow Uec_8_35 flowId 27 uecSrc 26 finished at 12524.2 total messages 1 total packets 24474 RTS 0 total bytes 100000764 in_flight now 0 fair_inc 527521 prop_inc 1778843 fast_inc 0 eta_inc 1206732 multi_dec -1678504 quick_dec -0 nack_dec -2091600
Flow Uec_6_31 flowId 21 uecSrc 20 finished at 12550.9 total messages 1 total packets 24474 RTS 0 total bytes 100000764 in_flight now 0 fair_inc 629451 prop_inc 1783011 fast_inc 0 eta_inc 1212048 multi_dec -1720578 quick_dec -0 nack_dec -2145550
Flow Uec_14_54 flowId 52 uecSrc 51 finished at 12581.1 total messages 1 total packets 24474 RTS 0 total bytes 100000764 in_flight now 0 fair_inc 657133 prop_inc 1815627 fast_inc 0 eta_inc 1210719 multi_dec -1729256 quick_dec -0 nack_dec -2083300
Flow Uec_4_24 flowId 12 uecSrc 11 finished at 12581.7 total messages 1 total packets 24474 RTS 0 total bytes 100000764 in_flight now 0 fair_inc 653027 prop_inc 1856713 fast_inc 0 eta_inc 1210719 multi_dec -1825111 quick_dec -0 nack_dec -2082536
Flow Uec_6_29 flowId 19 uecSrc 18 finished at 12583.9 total messages 1 total packets 24474 RTS 0 total bytes 100000764 in_flight now 0 fair_inc 680033 prop_inc 1861715 fast_inc 0 eta_inc 1212048 multi_dec -2018110 quick_dec -0 nack_dec -1921450
Flow Uec_5_26 flowId 15 uecSrc 14 finished at 12588 total messages 1 total packets 24474 RTS 0 total bytes 100000764 in_flight now 0 fair_inc 629405 prop_inc 1968300 fast_inc 0 eta_inc 1217364 multi_dec -1776813 quick_dec -0 nack_dec -2265900
Flow Uec_11_44 flowId 39 uecSrc 38 finished at 12606.7 total messages 1 total packets 24474 RTS 0 total bytes 100000764 in_flight now 0 fair_inc 690714 prop_inc 1790517 fast_inc 0 eta_inc 1217364 multi_dec -1611392 quick_dec -0 nack_dec -2253450
Flow Uec_4_23 flowId 11 uecSrc 10 finished at 12648.2 total messages 1 total packets 24474 RTS 0 total bytes 100000764 in_flight now 0 fair_inc 612261 prop_inc 1936347 fast_inc 0 eta_inc 1217364 multi_dec -1738099 quick_dec -0 nack_dec -2162150
Flow Uec_12_47 flowId 43 uecSrc 42 finished at 12648.5 total messages 1 total packets 24474 RTS 0 total bytes 100000764 in_flight now 0 fair_inc 613359 prop_inc 1846654 fast_inc 0 eta_inc 1217364 multi_dec -1612114 quick_dec -0 nack_dec -2236850
Flow Uec_15_56 flowId 55 uecSrc 54 finished at 12652.3 total messages 1 total packets 24474 RTS 0 total bytes 100000764 in_flight now 0 fair_inc 680199 prop_inc 1971314 fast_inc 0 eta_inc 1218693 multi_dec -1915360 quick_dec -0 nack_dec -2083300
Flow Uec_13_51 flowId 48 uecSrc 47 finished at 12656.5 total messages 1 total packets 24474 RTS 0 total bytes 100000764 in_flight now 0 fair_inc 658454 prop_inc 1849065 fast_inc 0 eta_inc 1220022 multi_dec -1719328 quick_dec -0 nack_dec -2120650
Flow Uec_14_53 flowId 51 uecSrc 50 finished at 12658.5 total messages 1 total packets 24474 RTS 0 total bytes 100000764 in_flight now 0 fair_inc 582422 prop_inc 1844922 fast_inc 0 eta_inc 1213377 multi_dec -1590493 quick_dec -0 nack_dec -2166300
Flow Uec_7_34 flowId 25 uecSrc 24 finished at 12664.4 total messages 1 total packets 24474 RTS 0 total bytes 100000764 in_flight now 0 fair_inc 599854 prop_inc 1837847 fast_inc 0 eta_inc 1220022 multi_dec -1795818 quick_dec -0 nack_dec -1954650
Flow Uec_12_48 flowId 44 uecSrc 43 finished at 12674.5 total messages 1 total packets 24474 RTS 0 total bytes 100000764 in_flight now 0 fair_inc 666412 prop_inc 1889423 fast_inc 0 eta_inc 1218693 multi_dec -1767811 quick_dec -0 nack_dec -2108200
Flow Uec_11_45 flowId 40 uecSrc 39 finished at 12678.6 total messages 1 total packets 24474 RTS 0 total bytes 100000764 in_flight now 0 fair_inc 579390 prop_inc 1815022 fast_inc 0 eta_inc 1220022 multi_dec -1731247 quick_dec -0 nack_dec -2062550
Flow Uec_5_28 flowId 17 uecSrc 16 finished at 12680.9 total messages 1 total packets 24474 RTS 0 total bytes 100000764 in_flight now 0 fair_inc 682707 prop_inc 1978055 fast_inc 0 eta_inc 1220022 multi_dec -1837367 quick_dec -0 nack_dec -2174600
Flow Uec_10_42 flowId 36 uecSrc 35 finished at 12682.4 total messages 1 total packets 24474 RTS 0 total bytes 100000764 in_flight now 0 fair_inc 655459 prop_inc 1904410 fast_inc 0 eta_inc 1221351 multi_dec -1860493 quick_dec -0 nack_dec -2066700
Flow Uec_8_36 flowId 28 uecSrc 27 finished at 12682.4 total messages 1 total packets 24474 RTS 0 total bytes 100000764 in_flight now 0 fair_inc 642757 prop_inc 1806503 fast_inc 0 eta_inc 1221351 multi_dec -1644010 quick_dec -0 nack_dec -2170450
Flow Uec_13_52 flowId 49 uecSrc 48 finished at 12710.8 total messages 1 total packets 24474 RTS 0 total bytes 100000764 in_flight now 0 fair_inc 652192 prop_inc 1906928 fast_inc 0 eta_inc 1222680 multi_dec -1743691 quick_dec -0 nack_dec -2070850
Flow Uec_14_55 flowId 53 uecSrc 52 finished at 12729.7 total messages 1 total packets 24474 RTS 0 total bytes 100000764 in_flight now 0 fair_inc 577649 prop_inc 1968787 fast_inc 0 eta_inc 1230654 multi_dec -1717347 quick_dec -0 nack_dec -2108200
Flow Uec_10_43 flowId 37 uecSrc 36 finished at 12734.6 total messages 1 total packets 24474 RTS 0 total bytes 100000764 in_flight now 0 fair_inc 670855 prop_inc 1904346 fast_inc 0 eta_inc 1224009 multi_dec -1718009 quick_dec -0 nack_dec -2220250
Flow Uec_7_32 flowId 23 uecSrc 22 finished at 12738.1 total messages 1 total packets 24474 RTS 0 total bytes 100000764 in_flight now 0 fair_inc 681261 prop_inc 1947198 fast_inc 0 eta_inc 1225338 multi_dec -1635798 quick_dec -0 nack_dec -2211950
Flow Uec_12_49 flowId 45 uecSrc 44 finished at 12747.9 total messages 1 total packets 24474 RTS 0 total bytes 100000764 in_flight now 0 fair_inc 661340 prop_inc 1952481 fast_inc 0 eta_inc 1229325 multi_dec -1824193 quick_dec -0 nack_dec -2054250
Flow Uec_4_25 flowId 13 uecSrc 12 finished at 12748.9 total messages 1 total packets 24474 RTS 0 total bytes 100000764 in_flight now 0 fair_inc 662271 prop_inc 2045197 fast_inc 0 eta_inc 1225338 multi_dec -1881528 quick_dec -0 nack_dec -2062550
Flow Uec_9_38 flowId 31 uecSrc 30 finished at 12751.2 total messages 1 total packets 24474 RTS 0 total bytes 100000764 in_flight now 0 fair_inc 674818 prop_inc 2053685 fast_inc 0 eta_inc 1226667 multi_dec -1719643 quick_dec -0 nack_dec -2270050
Flow Uec_8_37 flowId 29 uecSrc 28 finished at 12758.2 total messages 1 total packets 24474 RTS 0 total bytes 100000764 in_flight now 0 fair_inc 752635 prop_inc 2037846 fast_inc 0 eta_inc 1233312 multi_dec -1968759 quick_dec -0 nack_dec -2091600
Flow Uec_11_46 flowId 41 uecSrc 40 finished at 12767.2 total messages 1 total packets 24474 RTS 0 total bytes 100000764 in_flight now 0 fair_inc 752877 prop_inc 1943563 fast_inc 0 eta_inc 1226667 multi_dec -1931766 quick_dec -0 nack_dec -2050100
Flow Uec_9_40 flowId 33 uecSrc 32 finished at 12768.6 total messages 1 total packets 24474 RTS 0 total bytes 100000764 in_flight now 0 fair_inc 634049 prop_inc 2033403 fast_inc 0 eta_inc 1230654 multi_dec -1966619 quick_dec -0 nack_dec -2021050
Flow Uec_10_41 flowId 35 uecSrc 34 finished at 12774.5 total messages 1 total packets 24474 RTS 0 total bytes 100000764 in_flight now 0 fair_inc 676358 prop_inc 1975091 fast_inc 0 eta_inc 1229325 multi_dec -1762171 quick_dec -0 nack_dec -2170450
Flow Uec_15_57 flowId 56 uecSrc 55 finished at 12781.5 total messages 1 total packets 24474 RTS 0 total bytes 100000764 in_flight now 0 fair_inc 632761 prop_inc 2157507 fast_inc 0 eta_inc 1225338 multi_dec -1763132 quick_dec -0 nack_dec -2166300
Flow Uec_5_27 flowId 16 uecSrc 15 finished at 12782.9 total messages 1 total packets 24474 RTS 0 total bytes 100000764 in_flight now 0 fair_inc 737030 prop_inc 2220696 fast_inc 0 eta_inc 1230654 multi_dec -2153899 quick_dec -0 nack_dec -2037650
Flow Uec_6_30 flowId 20 uecSrc 19 finished at 12794.3 total messages 1 total packets 24474 RTS 0 total bytes 100000764 in_flight now 0 fair_inc 618609 prop_inc 2144896 fast_inc 0 eta_inc 1234641 multi_dec -1739881 quick_dec -0 nack_dec -2211950
Flow Uec_1_0 flowId 1 uecSrc 0 finished at 13067.7 total messages 1 total packets 24474 RTS 0 total bytes 100000764 in_flight now 0 fair_inc 1857469 prop_inc 117904 fast_inc 0 eta_inc 1294446 multi_dec -3125698 quick_dec -627 nack_dec -265600
Flow Uec_16_59 flowId 59 uecSrc 58 finished at 14541.5 total messages 1 total packets 24474 RTS 0 total bytes 100000764 in_flight now 0 fair_inc 0 prop_inc 28297 fast_inc 54796746 eta_inc 1347606 multi_dec -0 quick_dec -0 nack_dec -0
Flow Uec_16_60 flowId 60 uecSrc 59 finished at 14541.6 total messages 1 total packets 24474 RTS 0 total bytes 100000764 in_flight now 0 fair_inc 0 prop_inc 28365 fast_inc 54796746 eta_inc 1348935 multi_dec -0 quick_dec -0 nack_dec -0
Flow Uec_16_61 flowId 61 uecSrc 60 finished at 14541.8 total messages 1 total packets 24474 RTS 0 total bytes 100000764 in_flight now 0 fair_inc 0 prop_inc 28352 fast_inc 54796746 eta_inc 1348935 multi_dec -0 quick_dec -0 nack_dec -0
Flow Uec_3_20 flowId 7 uecSrc 6 finished at 14701.3 total messages 1 total packets 24474 RTS 0 total bytes 100000764 in_flight now 0 fair_inc 0 prop_inc 4568851 fast_inc 9338298 eta_inc 1362225 multi_dec -0 quick_dec -0 nack_dec -0
Flow Uec_3_21 flowId 8 uecSrc 7 finished at 14701.5 total messages 1 total packets 24474 RTS 0 total bytes 100000764 in_flight now 0 fair_inc 0 prop_inc 4604382 fast_inc 8863601 eta_inc 1359567 multi_dec -0 quick_dec -0 nack_dec -0
Flow Uec_3_22 flowId 9 uecSrc 8 finished at 14702 total messages 1 total packets 24474 RTS 0 total bytes 100000764 in_flight now 0 fair_inc 0 prop_inc 4406026 fast_inc 12089742 eta_inc 1356909 multi_dec -0 quick_dec -0 nack_dec -0
Flow Uec_2_17 flowId 3 uecSrc 2 finished at 14739 total messages 1 total packets 24474 RTS 0 total bytes 100000764 in_flight now 0 fair_inc 0 prop_inc 4616752 fast_inc 9196564 eta_inc 1359567 multi_dec -0 quick_dec -0 nack_dec -0
Flow Uec_2_18 flowId 4 uecSrc 3 finished at 14739.2 total messages 1 total packets 24474 RTS 0 total bytes 100000764 in_flight now 0 fair_inc 0 prop_inc 4612691 fast_inc 8712867 eta_inc 1359567 multi_dec -0 quick_dec -0 nack_dec -0
Flow Uec_2_19 flowId 5 uecSrc 4 finished at 14739.4 total messages 1 total packets 24474 RTS 0 total bytes 100000764 in_flight now 0 fair_inc 1496 prop_inc 4513135 fast_inc 10199952 eta_inc 1362225 multi_dec -0 quick_dec -0 nack_dec -0
Flow Uec_2_0 flowId 2 uecSrc 1 finished at 40081.6 total messages 1 total packets 24474 RTS 0 total bytes 100000764 in_flight now 0 fair_inc 2570210 prop_inc 74756 fast_inc 0 eta_inc 3683988 multi_dec -6456124 quick_dec -272995 nack_dec -547800
Flow Uec_3_0 flowId 6 uecSrc 5 finished at 40974.3 total messages 1 total packets 24474 RTS 0 total bytes 100000764 in_flight now 0 fair_inc 2562195 prop_inc 85313 fast_inc 0 eta_inc 3759741 multi_dec -6607528 quick_dec -229564 nack_dec -452350
Flow Uec_16_0 flowId 58 uecSrc 57 finished at 45619.5 total messages 1 total packets 24474 RTS 0 total bytes 100000764 in_flight now 0 fair_inc 2175000 prop_inc 55892 fast_inc 0 eta_inc 3722529 multi_dec -5980776 quick_dec -381245 nack_dec -431600
.Flow Uec_5_0 flowId 14 uecSrc 13 finished at 63324.8 total messages 1 total packets 24474 RTS 0 total bytes 100000764 in_flight now 0 fair_inc 3576457 prop_inc 21442 fast_inc 0 eta_inc 4166415 multi_dec -9086694 quick_dec -474238 nack_dec -311250
Flow Uec_14_0 flowId 50 uecSrc 49 finished at 63455.6 total messages 1 total packets 24474 RTS 0 total bytes 100000764 in_flight now 0 fair_inc 3533670 prop_inc 22239 fast_inc 0 eta_inc 4165086 multi_dec -8872706 quick_dec -367631 nack_dec -323700
Flow Uec_15_0 flowId 54 uecSrc 53 finished at 63468.3 total messages 1 total packets 24474 RTS 0 total bytes 100000764 in_flight now 0 fair_inc 3683642 prop_inc 18619 fast_inc 0 eta_inc 4174389 multi_dec -9018645 quick_dec -373434 nack_dec -352750
Flow Uec_11_0 flowId 38 uecSrc 37 finished at 63783.2 total messages 1 total packets 24474 RTS 0 total bytes 100000764 in_flight now 0 fair_inc 3763370 prop_inc 25213 fast_inc 0 eta_inc 4198311 multi_dec -9498124 quick_dec -442820 nack_dec -286350
Flow Uec_9_0 flowId 30 uecSrc 29 finished at 63803.6 total messages 1 total packets 24474 RTS 0 total bytes 100000764 in_flight now 0 fair_inc 3676809 prop_inc 17221 fast_inc 0 eta_inc 4195653 multi_dec -9036998 quick_dec -376091 nack_dec -361050
Flow Uec_6_0 flowId 18 uecSrc 17 finished at 64375.9 total messages 1 total packets 24474 RTS 0 total bytes 100000764 in_flight now 0 fair_inc 3561896 prop_inc 27522 fast_inc 0 eta_inc 4270077 multi_dec -9079194 quick_dec -322645 nack_dec -344450
Flow Uec_13_0 flowId 46 uecSrc 45 finished at 64391.6 total messages 1 total packets 24474 RTS 0 total bytes 100000764 in_flight now 0 fair_inc 3519398 prop_inc 30776 fast_inc 0 eta_inc 4248813 multi_dec -9023901 quick_dec -294290 nack_dec -257300
Flow Uec_7_0 flowId 22 uecSrc 21 finished at 64497.2 total messages 1 total packets 24474 RTS 0 total bytes 100000764 in_flight now 0 fair_inc 3654179 prop_inc 47245 fast_inc 0 eta_inc 4259445 multi_dec -9259931 quick_dec -436678 nack_dec -302950
Flow Uec_8_0 flowId 26 uecSrc 25 finished at 64561.1 total messages 1 total packets 24474 RTS 0 total bytes 100000764 in_flight now 0 fair_inc 3439241 prop_inc 49423 fast_inc 0 eta_inc 4264761 multi_dec -9026049 quick_dec -263321 nack_dec -261450
Flow Uec_4_0 flowId 10 uecSrc 9 finished at 64713.4 total messages 1 total packets 24474 RTS 0 total bytes 100000764 in_flight now 0 fair_inc 3633315 prop_inc 77010 fast_inc 0 eta_inc 4276722 multi_dec -9401985 quick_dec -356870 nack_dec -307100
Flow Uec_12_0 flowId 42 uecSrc 41 finished at 64800.7 total messages 1 total packets 24474 RTS 0 total bytes 100000764 in_flight now 0 fair_inc 3425687 prop_inc 111458 fast_inc 0 eta_inc 4279380 multi_dec -8663819 quick_dec -482024 nack_dec -348600
Flow Uec_10_0 flowId 34 uecSrc 33 finished at 65013.9 total messages 1 total packets 24474 RTS 0 total bytes 100000764 in_flight now 0 fair_inc 3372557 prop_inc 156335 fast_inc 2640792 eta_inc 4316592 multi_dec -9131331 quick_dec -319643 nack_dec -298800
.......Received SIGTERM at 423000 us, shutting down cleanly.
New: 1492914 Rtx: 19602 RTS: 0 Bounced: 0 ACKs: 925048 NACKs: 19602 Pulls: 0 sleek_pkts: 0
SPURIOUS_COUNT 0
