Flow Uec_16_59 flowId 59 uecSrc 58 finished at 12754.7 total messages 1 total packets 24474 RTS 0 total bytes 100000764 in_flight now 0 fair_inc 0 prop_inc 28161 fast_inc 54796746 eta_inc 1176165 multi_dec -0 quick_dec -0 nack_dec -0
Flow Uec_16_60 flowId 60 uecSrc 59 finished at 12754.8 total messages 1 total packets 24474 RTS 0 total bytes 100000764 in_flight now 0 fair_inc 0 prop_inc 28294 fast_inc 54796746 eta_inc 1177494 multi_dec -0 quick_dec -0 nack_dec -0
Flow Uec_16_61 flowId 61 uecSrc 60 finished at 12754.9 total messages 1 total packets 24474 RTS 0 total bytes 100000764 in_flight now 0 fair_inc 0 prop_inc 28245 fast_inc 54796746 eta_inc 1174836 multi_dec -0 quick_dec -0 nack_dec -0
Flow Uec_13_50 flowId 47 uecSrc 46 finished at 40247 total messages 1 total packets 24474 RTS 0 total bytes 100000764 in_flight now 0 fair_inc 3768716 prop_inc 640142 fast_inc 0 eta_inc 3456729 multi_dec -6074203 quick_dec -819430 nack_dec -1556250
Flow Uec_15_57 flowId 56 uecSrc 55 finished at 40326.4 total messages 1 total packets 24474 RTS 0 total bytes 100000764 in_flight now 0 fair_inc 3608726 prop_inc 628286 fast_inc 0 eta_inc 3392937 multi_dec -6271091 quick_dec -307472 nack_dec -1713950
Flow Uec_5_26 flowId 15 uecSrc 14 finished at 40384.4 total messages 1 total packets 24474 RTS 0 total bytes 100000764 in_flight now 0 fair_inc 3729205 prop_inc 613335 fast_inc 0 eta_inc 3442110 multi_dec -5983238 quick_dec -842374 nack_dec -1601900
Flow Uec_7_32 flowId 23 uecSrc 22 finished at 40667 total messages 1 total packets 24474 RTS 0 total bytes 100000764 in_flight now 0 fair_inc 3623676 prop_inc 608586 fast_inc 0 eta_inc 3495270 multi_dec -6234994 quick_dec -739534 nack_dec -1514750
Flow Uec_7_33 flowId 24 uecSrc 23 finished at 40931 total messages 1 total packets 24474 RTS 0 total bytes 100000764 in_flight now 0 fair_inc 3686619 prop_inc 619639 fast_inc 0 eta_inc 3476664 multi_dec -6159147 quick_dec -773605 nack_dec -1564550
Flow Uec_7_34 flowId 25 uecSrc 24 finished at 41245.4 total messages 1 total packets 24474 RTS 0 total bytes 100000764 in_flight now 0 fair_inc 3655906 prop_inc 624514 fast_inc 0 eta_inc 3458058 multi_dec -6245252 quick_dec -591252 nack_dec -1622650
Flow Uec_11_46 flowId 41 uecSrc 40 finished at 41369.9 total messages 1 total packets 24474 RTS 0 total bytes 100000764 in_flight now 0 fair_inc 3858732 prop_inc 625737 fast_inc 0 eta_inc 3487296 multi_dec -6175971 quick_dec -746348 nack_dec -1747150
Flow Uec_8_37 flowId 29 uecSrc 28 finished at 41453.9 total messages 1 total packets 24474 RTS 0 total bytes 100000764 in_flight now 0 fair_inc 3844432 prop_inc 596069 fast_inc 0 eta_inc 3527166 multi_dec -6075483 quick_dec -1008732 nack_dec -1535500
Flow Uec_10_41 flowId 35 uecSrc 34 finished at 41625.4 total messages 1 total packets 24474 RTS 0 total bytes 100000764 in_flight now 0 fair_inc 3823322 prop_inc 626730 fast_inc 0 eta_inc 3517863 multi_dec -6106233 quick_dec -777865 nack_dec -1676600
Flow Uec_3_22 flowId 9 uecSrc 8 finished at 41632 total messages 1 total packets 24474 RTS 0 total bytes 100000764 in_flight now 0 fair_inc 3832646 prop_inc 617307 fast_inc 0 eta_inc 3537798 multi_dec -6102390 quick_dec -756169 nack_dec -1850900
Flow Uec_11_45 flowId 40 uecSrc 39 finished at 41663.1 total messages 1 total packets 24474 RTS 0 total bytes 100000764 in_flight now 0 fair_inc 3736134 prop_inc 618667 fast_inc 0 eta_inc 3568365 multi_dec -6229504 quick_dec -689683 nack_dec -1643400
Flow Uec_13_51 flowId 48 uecSrc 47 finished at 41748.6 total messages 1 total packets 24474 RTS 0 total bytes 100000764 in_flight now 0 fair_inc 3823087 prop_inc 592044 fast_inc 0 eta_inc 3519192 multi_dec -6201788 quick_dec -670053 nack_dec -1676600
Flow Uec_5_28 flowId 17 uecSrc 16 finished at 41751.9 total messages 1 total packets 24474 RTS 0 total bytes 100000764 in_flight now 0 fair_inc 3835090 prop_inc 605992 fast_inc 0 eta_inc 3533811 multi_dec -6163013 quick_dec -863689 nack_dec -1655850
Flow Uec_12_47 flowId 43 uecSrc 42 finished at 41806.7 total messages 1 total packets 24474 RTS 0 total bytes 100000764 in_flight now 0 fair_inc 3844138 prop_inc 637534 fast_inc 0 eta_inc 3528495 multi_dec -6049487 quick_dec -778080 nack_dec -1892400
Flow Uec_11_44 flowId 39 uecSrc 38 finished at 41824.2 total messages 1 total packets 24474 RTS 0 total bytes 100000764 in_flight now 0 fair_inc 3772607 prop_inc 619689 fast_inc 0 eta_inc 3556404 multi_dec -6075215 quick_dec -749389 nack_dec -1705650
Flow Uec_4_23 flowId 11 uecSrc 10 finished at 41912.1 total messages 1 total packets 24474 RTS 0 total bytes 100000764 in_flight now 0 fair_inc 3748639 prop_inc 654400 fast_inc 0 eta_inc 3572352 multi_dec -6240717 quick_dec -751740 nack_dec -1606050
Flow Uec_5_27 flowId 16 uecSrc 15 finished at 41921.1 total messages 1 total packets 24474 RTS 0 total bytes 100000764 in_flight now 0 fair_inc 3794029 prop_inc 645705 fast_inc 0 eta_inc 3531153 multi_dec -6158071 quick_dec -847436 nack_dec -1668300
Flow Uec_3_21 flowId 8 uecSrc 7 finished at 41948.6 total messages 1 total packets 24474 RTS 0 total bytes 100000764 in_flight now 0 fair_inc 3727050 prop_inc 620371 fast_inc 0 eta_inc 3557733 multi_dec -6134525 quick_dec -679072 nack_dec -1718100
Flow Uec_8_35 flowId 27 uecSrc 26 finished at 42090 total messages 1 total packets 24474 RTS 0 total bytes 100000764 in_flight now 0 fair_inc 3647118 prop_inc 649279 fast_inc 0 eta_inc 3547101 multi_dec -6319778 quick_dec -704056 nack_dec -1531350
Flow Uec_12_48 flowId 44 uecSrc 43 finished at 42094.7 total messages 1 total packets 24474 RTS 0 total bytes 100000764 in_flight now 0 fair_inc 3802905 prop_inc 623542 fast_inc 0 eta_inc 3537798 multi_dec -6175944 quick_dec -635396 nack_dec -1738850
Flow Uec_9_39 flowId 32 uecSrc 31 finished at 42137.3 total messages 1 total packets 24474 RTS 0 total bytes 100000764 in_flight now 0 fair_inc 3794217 prop_inc 656700 fast_inc 0 eta_inc 3547101 multi_dec -6034323 quick_dec -906035 nack_dec -1655850
Flow Uec_14_55 flowId 53 uecSrc 52 finished at 42200.3 total messages 1 total packets 24474 RTS 0 total bytes 100000764 in_flight now 0 fair_inc 3747286 prop_inc 632661 fast_inc 0 eta_inc 3555075 multi_dec -6384945 quick_dec -608892 nack_dec -1626800
Flow Uec_14_54 flowId 52 uecSrc 51 finished at 42220.1 total messages 1 total packets 24474 RTS 0 total bytes 100000764 in_flight now 0 fair_inc 3869422 prop_inc 643287 fast_inc 0 eta_inc 3590958 multi_dec -6200939 quick_dec -834808 nack_dec -1664150
Flow Uec_9_40 flowId 33 uecSrc 32 finished at 42221.8 total messages 1 total packets 24474 RTS 0 total bytes 100000764 in_flight now 0 fair_inc 3779386 prop_inc 625058 fast_inc 0 eta_inc 3549759 multi_dec -6268779 quick_dec -691208 nack_dec -1614350
Flow Uec_4_25 flowId 13 uecSrc 12 finished at 42285.6 total messages 1 total packets 24474 RTS 0 total bytes 100000764 in_flight now 0 fair_inc 3849786 prop_inc 631926 fast_inc 0 eta_inc 3580326 multi_dec -6259891 quick_dec -727516 nack_dec -1689050
Flow Uec_12_49 flowId 45 uecSrc 44 finished at 42306.2 total messages 1 total packets 24474 RTS 0 total bytes 100000764 in_flight now 0 fair_inc 3852264 prop_inc 647266 fast_inc 0 eta_inc 3552417 multi_dec -6097170 quick_dec -844128 nack_dec -1664150
Flow Uec_8_36 flowId 28 uecSrc 27 finished at 42306.2 total messages 1 total packets 24474 RTS 0 total bytes 100000764 in_flight now 0 fair_inc 3804974 prop_inc 625347 fast_inc 0 eta_inc 3581655 multi_dec -6413681 quick_dec -802947 nack_dec -1531350
Flow Uec_2_17 flowId 3 uecSrc 2 finished at 42352.9 total messages 1 total packets 24474 RTS 0 total bytes 100000764 in_flight now 0 fair_inc 3912627 prop_inc 651551 fast_inc 0 eta_inc 3548430 multi_dec -6248620 quick_dec -715496 nack_dec -1755450
Flow Uec_15_56 flowId 55 uecSrc 54 finished at 42401.2 total messages 1 total packets 24474 RTS 0 total bytes 100000764 in_flight now 0 fair_inc 3916394 prop_inc 636975 fast_inc 0 eta_inc 3565707 multi_dec -6294206 quick_dec -799173 nack_dec -1626800
Flow Uec_2_18 flowId 4 uecSrc 3 finished at 42423 total messages 1 total packets 24474 RTS 0 total bytes 100000764 in_flight now 0 fair_inc 3911166 prop_inc 642127 fast_inc 0 eta_inc 3539127 multi_dec -5880013 quick_dec -842303 nack_dec -1996150
Flow Uec_14_53 flowId 51 uecSrc 50 finished at 42460.6 total messages 1 total packets 24474 RTS 0 total bytes 100000764 in_flight now 0 fair_inc 3846356 prop_inc 669073 fast_inc 0 eta_inc 3560391 multi_dec -6001993 quick_dec -891246 nack_dec -1755450
Flow Uec_4_24 flowId 12 uecSrc 11 finished at 42531.6 total messages 1 total packets 24474 RTS 0 total bytes 100000764 in_flight now 0 fair_inc 3762489 prop_inc 639219 fast_inc 0 eta_inc 3578997 multi_dec -6369717 quick_dec -658991 nack_dec -1547950
Flow Uec_10_43 flowId 37 uecSrc 36 finished at 42575.9 total messages 1 total packets 24474 RTS 0 total bytes 100000764 in_flight now 0 fair_inc 3787519 prop_inc 706641 fast_inc 0 eta_inc 3577668 multi_dec -6222774 quick_dec -822644 nack_dec -1601900
Flow Uec_15_58 flowId 57 uecSrc 56 finished at 42594.8 total messages 1 total packets 24474 RTS 0 total bytes 100000764 in_flight now 0 fair_inc 3776697 prop_inc 717639 fast_inc 0 eta_inc 3545772 multi_dec -6055207 quick_dec -766342 nack_dec -1718100
Flow Uec_6_30 flowId 20 uecSrc 19 finished at 42628.3 total messages 1 total packets 24474 RTS 0 total bytes 100000764 in_flight now 0 fair_inc 3869785 prop_inc 673555 fast_inc 0 eta_inc 3556404 multi_dec -6077398 quick_dec -929181 nack_dec -1655850
Flow Uec_2_19 flowId 5 uecSrc 4 finished at 42632.6 total messages 1 total packets 24474 RTS 0 total bytes 100000764 in_flight now 0 fair_inc 3865300 prop_inc 730332 fast_inc 0 eta_inc 3525837 multi_dec -5911371 quick_dec -792853 nack_dec -1879950
Flow Uec_6_31 flowId 21 uecSrc 20 finished at 42639 total messages 1 total packets 24474 RTS 0 total bytes 100000764 in_flight now 0 fair_inc 3736314 prop_inc 648704 fast_inc 0 eta_inc 3580326 multi_dec -6312177 quick_dec -585030 nack_dec -1556250
Flow Uec_3_20 flowId 7 uecSrc 6 finished at 42651.7 total messages 1 total packets 24474 RTS 0 total bytes 100000764 in_flight now 0 fair_inc 3775480 prop_inc 774871 fast_inc 0 eta_inc 3513876 multi_dec -5735796 quick_dec -869497 nack_dec -1813550
Flow Uec_10_42 flowId 36 uecSrc 35 finished at 42683.3 total messages 1 total packets 24474 RTS 0 total bytes 100000764 in_flight now 0 fair_inc 3804804 prop_inc 757973 fast_inc 0 eta_inc 3540456 multi_dec -6034508 quick_dec -739406 nack_dec -1767900
Flow Uec_6_29 flowId 19 uecSrc 18 finished at 42695.3 total messages 1 total packets 24474 RTS 0 total bytes 100000764 in_flight now 0 fair_inc 3816785 prop_inc 759986 fast_inc 0 eta_inc 3559062 multi_dec -6090319 quick_dec -699780 nack_dec -1772050
Flow Uec_9_38 flowId 31 uecSrc 30 finished at 42709.1 total messages 1 total packets 24474 RTS 0 total bytes 100000764 in_flight now 0 fair_inc 3813131 prop_inc 792513 fast_inc 0 eta_inc 3565707 multi_dec -6294147 quick_dec -659164 nack_dec -1593600
Flow Uec_13_52 flowId 49 uecSrc 48 finished at 42717.8 total messages 1 total packets 24474 RTS 0 total bytes 100000764 in_flight now 0 fair_inc 3722342 prop_inc 826202 fast_inc 0 eta_inc 3582984 multi_dec -6311572 quick_dec -732393 nack_dec -1477400
.Flow Uec_1_0 flowId 1 uecSrc 0 finished at 56777.5 total messages 1 total packets 24474 RTS 0 total bytes 100000764 in_flight now 0 fair_inc 3480141 prop_inc 21340 fast_inc 0 eta_inc 5022291 multi_dec -9181116 quick_dec -250690 nack_dec -439900
Flow Uec_2_0 flowId 2 uecSrc 1 finished at 59275.2 total messages 1 total packets 24474 RTS 0 total bytes 100000764 in_flight now 0 fair_inc 3190619 prop_inc 20435 fast_inc 0 eta_inc 5245563 multi_dec -9017452 quick_dec -323679 nack_dec -452350
Flow Uec_3_0 flowId 6 uecSrc 5 finished at 59544.4 total messages 1 total packets 24474 RTS 0 total bytes 100000764 in_flight now 0 fair_inc 3077786 prop_inc 9869 fast_inc 0 eta_inc 5266827 multi_dec -8945959 quick_dec -270063 nack_dec -406700
Flow Uec_10_0 flowId 34 uecSrc 33 finished at 61313.7 total messages 1 total packets 24474 RTS 0 total bytes 100000764 in_flight now 0 fair_inc 2959078 prop_inc 13176 fast_inc 0 eta_inc 4166415 multi_dec -7660357 quick_dec -352702 nack_dec -311250
Flow Uec_13_0 flowId 46 uecSrc 45 finished at 61370.5 total messages 1 total packets 24474 RTS 0 total bytes 100000764 in_flight now 0 fair_inc 2952331 prop_inc 14588 fast_inc 0 eta_inc 4174389 multi_dec -7609241 quick_dec -342677 nack_dec -340300
Flow Uec_14_0 flowId 50 uecSrc 49 finished at 61817.7 total messages 1 total packets 24474 RTS 0 total bytes 100000764 in_flight now 0 fair_inc 2971072 prop_inc 13009 fast_inc 0 eta_inc 4202298 multi_dec -7631975 quick_dec -349462 nack_dec -365200
Flow Uec_4_0 flowId 10 uecSrc 9 finished at 62135.4 total messages 1 total packets 24474 RTS 0 total bytes 100000764 in_flight now 0 fair_inc 2879262 prop_inc 8483 fast_inc 0 eta_inc 4223562 multi_dec -7677260 quick_dec -356719 nack_dec -257300
Flow Uec_8_0 flowId 26 uecSrc 25 finished at 62317.6 total messages 1 total packets 24474 RTS 0 total bytes 100000764 in_flight now 0 fair_inc 2883046 prop_inc 10955 fast_inc 0 eta_inc 4242168 multi_dec -7547989 quick_dec -349658 nack_dec -323700
Flow Uec_12_0 flowId 42 uecSrc 41 finished at 62554.3 total messages 1 total packets 24474 RTS 0 total bytes 100000764 in_flight now 0 fair_inc 2666318 prop_inc 15369 fast_inc 0 eta_inc 4254129 multi_dec -7381031 quick_dec -263818 nack_dec -319550
Flow Uec_9_0 flowId 30 uecSrc 29 finished at 62695.8 total messages 1 total packets 24474 RTS 0 total bytes 100000764 in_flight now 0 fair_inc 2898908 prop_inc 20348 fast_inc 0 eta_inc 4263432 multi_dec -7551630 quick_dec -438626 nack_dec -348600
Flow Uec_5_0 flowId 14 uecSrc 13 finished at 62812.2 total messages 1 total packets 24474 RTS 0 total bytes 100000764 in_flight now 0 fair_inc 2957803 prop_inc 13955 fast_inc 0 eta_inc 4272735 multi_dec -7760284 quick_dec -295883 nack_dec -327850
Flow Uec_7_0 flowId 22 uecSrc 21 finished at 63309.7 total messages 1 total packets 24474 RTS 0 total bytes 100000764 in_flight now 0 fair_inc 2793487 prop_inc 19208 fast_inc 0 eta_inc 4307289 multi_dec -7498689 quick_dec -361569 nack_dec -348600
Flow Uec_6_0 flowId 18 uecSrc 17 finished at 63506.2 total messages 1 total packets 24474 RTS 0 total bytes 100000764 in_flight now 0 fair_inc 2764120 prop_inc 33238 fast_inc 0 eta_inc 4321908 multi_dec -7643249 quick_dec -309024 nack_dec -257300
Flow Uec_11_0 flowId 38 uecSrc 37 finished at 63603.1 total messages 1 total packets 24474 RTS 0 total bytes 100000764 in_flight now 0 fair_inc 2693890 prop_inc 38256 fast_inc 0 eta_inc 4331211 multi_dec -7398972 quick_dec -320387 nack_dec -319550
Flow Uec_15_0 flowId 54 uecSrc 53 finished at 63736.2 total messages 1 total packets 24474 RTS 0 total bytes 100000764 in_flight now 0 fair_inc 2588737 prop_inc 110137 fast_inc 0 eta_inc 4344501 multi_dec -7399594 quick_dec -300872 nack_dec -319550
Flow Uec_16_0 flowId 58 uecSrc 57 finished at 65023.4 total messages 1 total packets 24474 RTS 0 total bytes 100000764 in_flight now 0 fair_inc 1881586 prop_inc 126623 fast_inc 17068426 eta_inc 4381713 multi_dec -6486884 quick_dec -426387 nack_dec -369350
...Received SIGTERM at 241000 us, shutting down cleanly.
New: 1492914 Rtx: 18239 RTS: 0 Bounced: 0 ACKs: 1417917 NACKs: 18239 Pulls: 0 sleek_pkts: 0
SPURIOUS_COUNT 0
