Flow Uec_16_59 flowId 59 uecSrc 58 finished at 8178.96 total messages 1 total packets 15664 RTS 0 total bytes 64003104 in_flight now 0 fair_inc 0 prop_inc 28161 fast_inc 34975180 eta_inc 754872 multi_dec -0 quick_dec -0 nack_dec -0
Flow Uec_16_60 flowId 60 uecSrc 59 finished at 8179.2 total messages 1 total packets 15664 RTS 0 total bytes 64003104 in_flight now 0 fair_inc 0 prop_inc 28294 fast_inc 34975179 eta_inc 754872 multi_dec -0 quick_dec -0 nack_dec -0
Flow Uec_16_61 flowId 61 uecSrc 60 finished at 8179.22 total messages 1 total packets 15664 RTS 0 total bytes 64003104 in_flight now 0 fair_inc 0 prop_inc 28245 fast_inc 34975179 eta_inc 753543 multi_dec -0 quick_dec -0 nack_dec -0
Flow Uec_15_57 flowId 56 uecSrc 55 finished at 23560.6 total messages 1 total packets 15664 RTS 0 total bytes 64003104 in_flight now 0 fair_inc 2339038 prop_inc 376119 fast_inc 0 eta_inc 2041344 multi_dec -3970712 quick_dec -105960 nack_dec -1170300
Flow Uec_3_22 flowId 9 uecSrc 8 finished at 24954.4 total messages 1 total packets 15664 RTS 0 total bytes 64003104 in_flight now 0 fair_inc 2328712 prop_inc 424098 fast_inc 0 eta_inc 2154309 multi_dec -3717816 quick_dec -521127 nack_dec -1253300
Flow Uec_7_33 flowId 24 uecSrc 23 finished at 25484.2 total messages 1 total packets 15664 RTS 0 total bytes 64003104 in_flight now 0 fair_inc 2392910 prop_inc 384161 fast_inc 0 eta_inc 2191521 multi_dec -3916395 quick_dec -684708 nack_dec -1045800
Flow Uec_13_50 flowId 47 uecSrc 46 finished at 25744.3 total messages 1 total packets 15664 RTS 0 total bytes 64003104 in_flight now 0 fair_inc 2362358 prop_inc 423324 fast_inc 0 eta_inc 2187534 multi_dec -3898841 quick_dec -541371 nack_dec -1058250
Flow Uec_11_44 flowId 39 uecSrc 38 finished at 25869.3 total messages 1 total packets 15664 RTS 0 total bytes 64003104 in_flight now 0 fair_inc 2423658 prop_inc 397899 fast_inc 0 eta_inc 2198166 multi_dec -3921719 quick_dec -595493 nack_dec -1091450
Flow Uec_13_51 flowId 48 uecSrc 47 finished at 25965.8 total messages 1 total packets 15664 RTS 0 total bytes 64003104 in_flight now 0 fair_inc 2358527 prop_inc 396781 fast_inc 0 eta_inc 2202153 multi_dec -3848640 quick_dec -573676 nack_dec -1145400
Flow Uec_12_49 flowId 45 uecSrc 44 finished at 26140.8 total messages 1 total packets 15664 RTS 0 total bytes 64003104 in_flight now 0 fair_inc 2515168 prop_inc 380774 fast_inc 0 eta_inc 2231391 multi_dec -4002808 quick_dec -581070 nack_dec -1091450
Flow Uec_5_27 flowId 16 uecSrc 15 finished at 26177.6 total messages 1 total packets 15664 RTS 0 total bytes 64003104 in_flight now 0 fair_inc 2424114 prop_inc 425027 fast_inc 0 eta_inc 2227404 multi_dec -3878812 quick_dec -673531 nack_dec -1137100
Flow Uec_14_53 flowId 51 uecSrc 50 finished at 26252.4 total messages 1 total packets 15664 RTS 0 total bytes 64003104 in_flight now 0 fair_inc 2458943 prop_inc 387252 fast_inc 0 eta_inc 2214114 multi_dec -3891419 quick_dec -655469 nack_dec -1070700
Flow Uec_7_32 flowId 23 uecSrc 22 finished at 26284.8 total messages 1 total packets 15664 RTS 0 total bytes 64003104 in_flight now 0 fair_inc 2349551 prop_inc 404008 fast_inc 0 eta_inc 2243352 multi_dec -3845545 quick_dec -622958 nack_dec -1066550
Flow Uec_6_29 flowId 19 uecSrc 18 finished at 26308.5 total messages 1 total packets 15664 RTS 0 total bytes 64003104 in_flight now 0 fair_inc 2419534 prop_inc 409947 fast_inc 0 eta_inc 2228733 multi_dec -3941887 quick_dec -579650 nack_dec -1203500
Flow Uec_15_56 flowId 55 uecSrc 54 finished at 26336.9 total messages 1 total packets 15664 RTS 0 total bytes 64003104 in_flight now 0 fair_inc 2592469 prop_inc 384588 fast_inc 0 eta_inc 2232720 multi_dec -4002540 quick_dec -648369 nack_dec -1186900
Flow Uec_11_45 flowId 40 uecSrc 39 finished at 26440.3 total messages 1 total packets 15664 RTS 0 total bytes 64003104 in_flight now 0 fair_inc 2383966 prop_inc 402757 fast_inc 0 eta_inc 2243352 multi_dec -3929106 quick_dec -620996 nack_dec -1054100
Flow Uec_12_47 flowId 43 uecSrc 42 finished at 26472.1 total messages 1 total packets 15664 RTS 0 total bytes 64003104 in_flight now 0 fair_inc 2387955 prop_inc 436726 fast_inc 0 eta_inc 2246010 multi_dec -3844221 quick_dec -707314 nack_dec -1132950
Flow Uec_9_39 flowId 32 uecSrc 31 finished at 26599 total messages 1 total packets 15664 RTS 0 total bytes 64003104 in_flight now 0 fair_inc 2448815 prop_inc 414495 fast_inc 0 eta_inc 2242023 multi_dec -3770640 quick_dec -678878 nack_dec -1162000
Flow Uec_7_34 flowId 25 uecSrc 24 finished at 26600.7 total messages 1 total packets 15664 RTS 0 total bytes 64003104 in_flight now 0 fair_inc 2416710 prop_inc 409306 fast_inc 0 eta_inc 2251326 multi_dec -3965326 quick_dec -547484 nack_dec -1133996
Flow Uec_9_40 flowId 33 uecSrc 32 finished at 26739.3 total messages 1 total packets 15664 RTS 0 total bytes 64003104 in_flight now 0 fair_inc 2398205 prop_inc 410416 fast_inc 0 eta_inc 2239365 multi_dec -3892169 quick_dec -745387 nack_dec -1063446
Flow Uec_5_28 flowId 17 uecSrc 16 finished at 26806.9 total messages 1 total packets 15664 RTS 0 total bytes 64003104 in_flight now 0 fair_inc 2486764 prop_inc 386891 fast_inc 0 eta_inc 2242023 multi_dec -3933927 quick_dec -686956 nack_dec -1141250
Flow Uec_14_55 flowId 53 uecSrc 52 finished at 26810.3 total messages 1 total packets 15664 RTS 0 total bytes 64003104 in_flight now 0 fair_inc 2533424 prop_inc 419925 fast_inc 0 eta_inc 2267274 multi_dec -3985990 quick_dec -712559 nack_dec -1108050
Flow Uec_10_41 flowId 35 uecSrc 34 finished at 26830.8 total messages 1 total packets 15664 RTS 0 total bytes 64003104 in_flight now 0 fair_inc 2346642 prop_inc 437635 fast_inc 0 eta_inc 2251326 multi_dec -3907261 quick_dec -606312 nack_dec -1054100
Flow Uec_6_31 flowId 21 uecSrc 20 finished at 26841.7 total messages 1 total packets 15664 RTS 0 total bytes 64003104 in_flight now 0 fair_inc 2438563 prop_inc 422497 fast_inc 0 eta_inc 2257971 multi_dec -3857364 quick_dec -573342 nack_dec -1257450
Flow Uec_9_38 flowId 31 uecSrc 30 finished at 26895.2 total messages 1 total packets 15664 RTS 0 total bytes 64003104 in_flight now 0 fair_inc 2461956 prop_inc 431581 fast_inc 0 eta_inc 2263287 multi_dec -3907599 quick_dec -669533 nack_dec -1157850
Flow Uec_8_36 flowId 28 uecSrc 27 finished at 26952.9 total messages 1 total packets 15664 RTS 0 total bytes 64003104 in_flight now 0 fair_inc 2368050 prop_inc 421500 fast_inc 0 eta_inc 2284551 multi_dec -3957996 quick_dec -718738 nack_dec -1033350
Flow Uec_5_26 flowId 15 uecSrc 14 finished at 26960.1 total messages 1 total packets 15664 RTS 0 total bytes 64003104 in_flight now 0 fair_inc 2353193 prop_inc 446271 fast_inc 0 eta_inc 2276577 multi_dec -3826505 quick_dec -646674 nack_dec -1149550
Flow Uec_11_46 flowId 41 uecSrc 40 finished at 26974.6 total messages 1 total packets 15664 RTS 0 total bytes 64003104 in_flight now 0 fair_inc 2378328 prop_inc 456558 fast_inc 0 eta_inc 2248668 multi_dec -3850123 quick_dec -590497 nack_dec -1228400
Flow Uec_10_42 flowId 36 uecSrc 35 finished at 26975 total messages 1 total packets 15664 RTS 0 total bytes 64003104 in_flight now 0 fair_inc 2523054 prop_inc 396393 fast_inc 0 eta_inc 2255313 multi_dec -3907477 quick_dec -620724 nack_dec -1253300
Flow Uec_6_30 flowId 20 uecSrc 19 finished at 27016.9 total messages 1 total packets 15664 RTS 0 total bytes 64003104 in_flight now 0 fair_inc 2458464 prop_inc 414533 fast_inc 0 eta_inc 2257971 multi_dec -4026519 quick_dec -701699 nack_dec -1020900
Flow Uec_8_37 flowId 29 uecSrc 28 finished at 27032.8 total messages 1 total packets 15664 RTS 0 total bytes 64003104 in_flight now 0 fair_inc 2424294 prop_inc 448688 fast_inc 0 eta_inc 2276577 multi_dec -3830191 quick_dec -698922 nack_dec -1191050
Flow Uec_2_19 flowId 5 uecSrc 4 finished at 27035 total messages 1 total packets 15664 RTS 0 total bytes 64003104 in_flight now 0 fair_inc 2575803 prop_inc 411982 fast_inc 0 eta_inc 2247339 multi_dec -3910235 quick_dec -505603 nack_dec -1386100
Flow Uec_3_21 flowId 8 uecSrc 7 finished at 27090.4 total messages 1 total packets 15664 RTS 0 total bytes 64003104 in_flight now 0 fair_inc 2464329 prop_inc 461787 fast_inc 0 eta_inc 2272590 multi_dec -3809200 quick_dec -740698 nack_dec -1149550
Flow Uec_4_23 flowId 11 uecSrc 10 finished at 27110.8 total messages 1 total packets 15664 RTS 0 total bytes 64003104 in_flight now 0 fair_inc 2315347 prop_inc 434941 fast_inc 0 eta_inc 2271261 multi_dec -3890099 quick_dec -605097 nack_dec -1029200
Flow Uec_4_25 flowId 13 uecSrc 12 finished at 27140 total messages 1 total packets 15664 RTS 0 total bytes 64003104 in_flight now 0 fair_inc 2468511 prop_inc 459490 fast_inc 0 eta_inc 2287209 multi_dec -3921539 quick_dec -703238 nack_dec -1170300
Flow Uec_8_35 flowId 27 uecSrc 26 finished at 27143.5 total messages 1 total packets 15664 RTS 0 total bytes 64003104 in_flight now 0 fair_inc 2437841 prop_inc 443782 fast_inc 0 eta_inc 2275248 multi_dec -3835058 quick_dec -742768 nack_dec -1083150
Flow Uec_15_58 flowId 57 uecSrc 56 finished at 27158.5 total messages 1 total packets 15664 RTS 0 total bytes 64003104 in_flight now 0 fair_inc 2318604 prop_inc 500596 fast_inc 0 eta_inc 2255313 multi_dec -3905678 quick_dec -572521 nack_dec -1099750
Flow Uec_3_20 flowId 7 uecSrc 6 finished at 27210.8 total messages 1 total packets 15664 RTS 0 total bytes 64003104 in_flight now 0 fair_inc 2475475 prop_inc 520388 fast_inc 0 eta_inc 2265945 multi_dec -3728861 quick_dec -625917 nack_dec -1278200
Flow Uec_12_48 flowId 44 uecSrc 43 finished at 27243.5 total messages 1 total packets 15664 RTS 0 total bytes 64003104 in_flight now 0 fair_inc 2371454 prop_inc 513672 fast_inc 0 eta_inc 2243352 multi_dec -3939374 quick_dec -573853 nack_dec -1132950
Flow Uec_14_54 flowId 52 uecSrc 51 finished at 27280.7 total messages 1 total packets 15664 RTS 0 total bytes 64003104 in_flight now 0 fair_inc 2358735 prop_inc 592054 fast_inc 0 eta_inc 2267274 multi_dec -3948442 quick_dec -581240 nack_dec -1099750
Flow Uec_10_43 flowId 37 uecSrc 36 finished at 27285.2 total messages 1 total packets 15664 RTS 0 total bytes 64003104 in_flight now 0 fair_inc 2297709 prop_inc 562096 fast_inc 0 eta_inc 2304486 multi_dec -3867060 quick_dec -656334 nack_dec -1079000
Flow Uec_13_52 flowId 49 uecSrc 48 finished at 27323.6 total messages 1 total packets 15664 RTS 0 total bytes 64003104 in_flight now 0 fair_inc 2320191 prop_inc 629103 fast_inc 0 eta_inc 2269932 multi_dec -3889878 quick_dec -727095 nack_dec -1000150
Flow Uec_2_17 flowId 3 uecSrc 2 finished at 27329.6 total messages 1 total packets 15664 RTS 0 total bytes 64003104 in_flight now 0 fair_inc 2452505 prop_inc 559411 fast_inc 0 eta_inc 2276577 multi_dec -3637810 quick_dec -676321 nack_dec -1365350
Flow Uec_4_24 flowId 12 uecSrc 11 finished at 27358.1 total messages 1 total packets 15664 RTS 0 total bytes 64003104 in_flight now 0 fair_inc 2294170 prop_inc 644135 fast_inc 0 eta_inc 2275248 multi_dec -3921006 quick_dec -628019 nack_dec -1012600
Flow Uec_2_18 flowId 4 uecSrc 3 finished at 27395.6 total messages 1 total packets 15664 RTS 0 total bytes 64003104 in_flight now 0 fair_inc 2292430 prop_inc 612351 fast_inc 558505 eta_inc 2263287 multi_dec -3619844 quick_dec -678463 nack_dec -1286500
Flow Uec_2_0 flowId 2 uecSrc 1 finished at 36521.5 total messages 1 total packets 15664 RTS 0 total bytes 64003104 in_flight now 0 fair_inc 2031737 prop_inc 13456 fast_inc 0 eta_inc 3230799 multi_dec -5690658 quick_dec -185084 nack_dec -298800
Flow Uec_3_0 flowId 6 uecSrc 5 finished at 37454.5 total messages 1 total packets 15664 RTS 0 total bytes 64003104 in_flight now 0 fair_inc 2000732 prop_inc 9057 fast_inc 0 eta_inc 3313197 multi_dec -5597938 quick_dec -240330 nack_dec -327850
Flow Uec_1_0 flowId 1 uecSrc 0 finished at 37521.4 total messages 1 total packets 15664 RTS 0 total bytes 64003104 in_flight now 0 fair_inc 2148170 prop_inc 17717 fast_inc 0 eta_inc 3318513 multi_dec -5751331 quick_dec -174380 nack_dec -452350
Flow Uec_8_0 flowId 26 uecSrc 25 finished at 37584.6 total messages 1 total packets 15664 RTS 0 total bytes 64003104 in_flight now 0 fair_inc 1818962 prop_inc 8278 fast_inc 0 eta_inc 2559654 multi_dec -4615234 quick_dec -332719 nack_dec -253150
Flow Uec_7_0 flowId 22 uecSrc 21 finished at 38500.3 total messages 1 total packets 15664 RTS 0 total bytes 64003104 in_flight now 0 fair_inc 1901272 prop_inc 11964 fast_inc 0 eta_inc 2619459 multi_dec -4824604 quick_dec -295748 nack_dec -282200
Flow Uec_10_0 flowId 34 uecSrc 33 finished at 39441.4 total messages 1 total packets 15664 RTS 0 total bytes 64003104 in_flight now 0 fair_inc 1880210 prop_inc 11181 fast_inc 0 eta_inc 2681922 multi_dec -4812850 quick_dec -384729 nack_dec -244850
Flow Uec_11_0 flowId 38 uecSrc 37 finished at 39559.4 total messages 1 total packets 15664 RTS 0 total bytes 64003104 in_flight now 0 fair_inc 1766814 prop_inc 12262 fast_inc 0 eta_inc 2692554 multi_dec -4696893 quick_dec -303312 nack_dec -298800
Flow Uec_9_0 flowId 30 uecSrc 29 finished at 40038.9 total messages 1 total packets 15664 RTS 0 total bytes 64003104 in_flight now 0 fair_inc 1803689 prop_inc 14472 fast_inc 0 eta_inc 2724450 multi_dec -4745914 quick_dec -332500 nack_dec -302950
Flow Uec_13_0 flowId 46 uecSrc 45 finished at 40100.8 total messages 1 total packets 15664 RTS 0 total bytes 64003104 in_flight now 0 fair_inc 1756228 prop_inc 11421 fast_inc 0 eta_inc 2733753 multi_dec -4718798 quick_dec -328487 nack_dec -269750
Flow Uec_4_0 flowId 10 uecSrc 9 finished at 40336.9 total messages 1 total packets 15664 RTS 0 total bytes 64003104 in_flight now 0 fair_inc 1907761 prop_inc 7738 fast_inc 0 eta_inc 2741727 multi_dec -4859020 quick_dec -382779 nack_dec -319550
Flow Uec_14_0 flowId 50 uecSrc 49 finished at 40410.7 total messages 1 total packets 15664 RTS 0 total bytes 64003104 in_flight now 0 fair_inc 1802966 prop_inc 13294 fast_inc 0 eta_inc 2748372 multi_dec -4740859 quick_dec -324795 nack_dec -348600
Flow Uec_12_0 flowId 42 uecSrc 41 finished at 40483.3 total messages 1 total packets 15664 RTS 0 total bytes 64003104 in_flight now 0 fair_inc 1727846 prop_inc 11275 fast_inc 0 eta_inc 2756346 multi_dec -4775381 quick_dec -245953 nack_dec -249000
Flow Uec_6_0 flowId 18 uecSrc 17 finished at 40550 total messages 1 total packets 15664 RTS 0 total bytes 64003104 in_flight now 0 fair_inc 1845281 prop_inc 11993 fast_inc 0 eta_inc 2760333 multi_dec -4827663 quick_dec -276375 nack_dec -311250
Flow Uec_15_0 flowId 54 uecSrc 53 finished at 40617.5 total messages 1 total packets 15664 RTS 0 total bytes 64003104 in_flight now 0 fair_inc 1716469 prop_inc 46858 fast_inc 0 eta_inc 2768307 multi_dec -4792638 quick_dec -243915 nack_dec -278050
Flow Uec_5_0 flowId 14 uecSrc 13 finished at 40802.3 total messages 1 total packets 15664 RTS 0 total bytes 64003104 in_flight now 0 fair_inc 1573067 prop_inc 137573 fast_inc 0 eta_inc 2786913 multi_dec -4565470 quick_dec -302663 nack_dec -257300
Flow Uec_16_0 flowId 58 uecSrc 57 finished at 41624.2 total messages 1 total packets 15664 RTS 0 total bytes 64003104 in_flight now 0 fair_inc 1152659 prop_inc 143006 fast_inc 10765596 eta_inc 2871969 multi_dec -4157063 quick_dec -371081 nack_dec -315400
..........Received SIGTERM at 534000 us, shutting down cleanly.
New: 955504 Rtx: 12687 RTS: 0 Bounced: 0 ACKs: 905722 NACKs: 12687 Pulls: 0 sleek_pkts: 0
SPURIOUS_COUNT 0
