Flow Uec_16_59 flowId 59 uecSrc 58 finished at 2077.7 total messages 1 total packets 3916 RTS 0 total bytes 16000776 in_flight now 0 fair_inc 0 prop_inc 28161 fast_inc 8546379 eta_inc 191376 multi_dec -0 quick_dec -0 nack_dec -0
Flow Uec_16_60 flowId 60 uecSrc 59 finished at 2077.83 total messages 1 total packets 3916 RTS 0 total bytes 16000776 in_flight now 0 fair_inc 0 prop_inc 28294 fast_inc 8546379 eta_inc 191376 multi_dec -0 quick_dec -0 nack_dec -0
Flow Uec_16_61 flowId 61 uecSrc 60 finished at 2078.2 total messages 1 total packets 3916 RTS 0 total bytes 16000776 in_flight now 0 fair_inc 0 prop_inc 28245 fast_inc 8546379 eta_inc 191376 multi_dec -0 quick_dec -0 nack_dec -0
Flow Uec_15_57 flowId 56 uecSrc 55 finished at 5157.43 total messages 1 total packets 3916 RTS 0 total bytes 16000776 in_flight now 0 fair_inc 482438 prop_inc 88946 fast_inc 0 eta_inc 451860 multi_dec -1001691 quick_dec --4494 nack_dec -452350
Flow Uec_13_51 flowId 48 uecSrc 47 finished at 5856.9 total messages 1 total packets 3916 RTS 0 total bytes 16000776 in_flight now 0 fair_inc 569242 prop_inc 105351 fast_inc 0 eta_inc 509007 multi_dec -848053 quick_dec -465302 nack_dec -390100
Flow Uec_15_56 flowId 55 uecSrc 54 finished at 5950.9 total messages 1 total packets 3916 RTS 0 total bytes 16000776 in_flight now 0 fair_inc 524373 prop_inc 120634 fast_inc 0 eta_inc 514323 multi_dec -811959 quick_dec -478751 nack_dec -390100
Flow Uec_5_27 flowId 16 uecSrc 15 finished at 5979.02 total messages 1 total packets 3916 RTS 0 total bytes 16000776 in_flight now 0 fair_inc 572144 prop_inc 117298 fast_inc 0 eta_inc 515652 multi_dec -883361 quick_dec -478176 nack_dec -356900
Flow Uec_7_33 flowId 24 uecSrc 23 finished at 6101.64 total messages 1 total packets 3916 RTS 0 total bytes 16000776 in_flight now 0 fair_inc 575379 prop_inc 125526 fast_inc 0 eta_inc 531600 multi_dec -864421 quick_dec -469278 nack_dec -439900
Flow Uec_2_18 flowId 4 uecSrc 3 finished at 6152.52 total messages 1 total packets 3916 RTS 0 total bytes 16000776 in_flight now 0 fair_inc 632557 prop_inc 116684 fast_inc 0 eta_inc 511665 multi_dec -710779 quick_dec -533121 nack_dec -538724
Flow Uec_11_46 flowId 41 uecSrc 40 finished at 6222.61 total messages 1 total packets 3916 RTS 0 total bytes 16000776 in_flight now 0 fair_inc 588585 prop_inc 121478 fast_inc 0 eta_inc 527613 multi_dec -950340 quick_dec -410404 nack_dec -415000
Flow Uec_8_36 flowId 28 uecSrc 27 finished at 6224.57 total messages 1 total packets 3916 RTS 0 total bytes 16000776 in_flight now 0 fair_inc 571926 prop_inc 115913 fast_inc 0 eta_inc 534258 multi_dec -903624 quick_dec -449786 nack_dec -415000
Flow Uec_4_25 flowId 13 uecSrc 12 finished at 6373.81 total messages 1 total packets 3916 RTS 0 total bytes 16000776 in_flight now 0 fair_inc 586989 prop_inc 130103 fast_inc 0 eta_inc 539574 multi_dec -923830 quick_dec -459177 nack_dec -410850
Flow Uec_11_45 flowId 40 uecSrc 39 finished at 6403.06 total messages 1 total packets 3916 RTS 0 total bytes 16000776 in_flight now 0 fair_inc 618470 prop_inc 105677 fast_inc 0 eta_inc 544890 multi_dec -879345 quick_dec -480972 nack_dec -419150
Flow Uec_10_41 flowId 35 uecSrc 34 finished at 6404.89 total messages 1 total packets 3916 RTS 0 total bytes 16000776 in_flight now 0 fair_inc 604211 prop_inc 114299 fast_inc 0 eta_inc 543561 multi_dec -838802 quick_dec -439149 nack_dec -460650
Flow Uec_3_22 flowId 9 uecSrc 8 finished at 6437.03 total messages 1 total packets 3916 RTS 0 total bytes 16000776 in_flight now 0 fair_inc 569441 prop_inc 113726 fast_inc 0 eta_inc 548877 multi_dec -943642 quick_dec -389273 nack_dec -419150
Flow Uec_11_44 flowId 39 uecSrc 38 finished at 6455.96 total messages 1 total packets 3916 RTS 0 total bytes 16000776 in_flight now 0 fair_inc 552487 prop_inc 132181 fast_inc 0 eta_inc 534258 multi_dec -773319 quick_dec -449362 nack_dec -456500
Flow Uec_9_40 flowId 33 uecSrc 32 finished at 6457.08 total messages 1 total packets 3916 RTS 0 total bytes 16000776 in_flight now 0 fair_inc 569227 prop_inc 131286 fast_inc 0 eta_inc 551535 multi_dec -901457 quick_dec -457745 nack_dec -419150
Flow Uec_2_19 flowId 5 uecSrc 4 finished at 6465.72 total messages 1 total packets 3916 RTS 0 total bytes 16000776 in_flight now 0 fair_inc 592436 prop_inc 129749 fast_inc 0 eta_inc 539574 multi_dec -887860 quick_dec -321448 nack_dec -498000
Flow Uec_12_47 flowId 43 uecSrc 42 finished at 6466.28 total messages 1 total packets 3916 RTS 0 total bytes 16000776 in_flight now 0 fair_inc 562614 prop_inc 123238 fast_inc 0 eta_inc 550206 multi_dec -864896 quick_dec -454728 nack_dec -419150
Flow Uec_9_38 flowId 31 uecSrc 30 finished at 6488.6 total messages 1 total packets 3916 RTS 0 total bytes 16000776 in_flight now 0 fair_inc 624594 prop_inc 111157 fast_inc 0 eta_inc 551535 multi_dec -889440 quick_dec -453665 nack_dec -394250
Flow Uec_13_52 flowId 49 uecSrc 48 finished at 6546.73 total messages 1 total packets 3916 RTS 0 total bytes 16000776 in_flight now 0 fair_inc 649282 prop_inc 135597 fast_inc 0 eta_inc 554193 multi_dec -862413 quick_dec -492898 nack_dec -439900
Flow Uec_4_23 flowId 11 uecSrc 10 finished at 6568.85 total messages 1 total packets 3916 RTS 0 total bytes 16000776 in_flight now 0 fair_inc 640238 prop_inc 120403 fast_inc 0 eta_inc 547548 multi_dec -901740 quick_dec -472995 nack_dec -390100
Flow Uec_5_26 flowId 15 uecSrc 14 finished at 6579.55 total messages 1 total packets 3916 RTS 0 total bytes 16000776 in_flight now 0 fair_inc 620950 prop_inc 131506 fast_inc 0 eta_inc 550206 multi_dec -826362 quick_dec -430739 nack_dec -481400
Flow Uec_14_54 flowId 52 uecSrc 51 finished at 6585.09 total messages 1 total packets 3916 RTS 0 total bytes 16000776 in_flight now 0 fair_inc 578968 prop_inc 126501 fast_inc 0 eta_inc 554193 multi_dec -860413 quick_dec -436905 nack_dec -423300
Flow Uec_7_34 flowId 25 uecSrc 24 finished at 6614.85 total messages 1 total packets 3916 RTS 0 total bytes 16000776 in_flight now 0 fair_inc 544404 prop_inc 140073 fast_inc 0 eta_inc 555522 multi_dec -903200 quick_dec -478249 nack_dec -381800
Flow Uec_12_49 flowId 45 uecSrc 44 finished at 6641.49 total messages 1 total packets 3916 RTS 0 total bytes 16000776 in_flight now 0 fair_inc 602521 prop_inc 118621 fast_inc 0 eta_inc 554193 multi_dec -909236 quick_dec -418980 nack_dec -390100
Flow Uec_2_17 flowId 3 uecSrc 2 finished at 6661.86 total messages 1 total packets 3916 RTS 0 total bytes 16000776 in_flight now 0 fair_inc 601822 prop_inc 135548 fast_inc 0 eta_inc 540903 multi_dec -780825 quick_dec -442702 nack_dec -477250
Flow Uec_4_24 flowId 12 uecSrc 11 finished at 6662.22 total messages 1 total packets 3916 RTS 0 total bytes 16000776 in_flight now 0 fair_inc 596136 prop_inc 145873 fast_inc 0 eta_inc 554193 multi_dec -840546 quick_dec -515660 nack_dec -405924
Flow Uec_10_42 flowId 36 uecSrc 35 finished at 6662.64 total messages 1 total packets 3916 RTS 0 total bytes 16000776 in_flight now 0 fair_inc 608962 prop_inc 130361 fast_inc 0 eta_inc 563496 multi_dec -854789 quick_dec -433208 nack_dec -527050
Flow Uec_10_43 flowId 37 uecSrc 36 finished at 6677.17 total messages 1 total packets 3916 RTS 0 total bytes 16000776 in_flight now 0 fair_inc 617220 prop_inc 144906 fast_inc 0 eta_inc 563496 multi_dec -860487 quick_dec -499653 nack_dec -456500
Flow Uec_13_50 flowId 47 uecSrc 46 finished at 6695.85 total messages 1 total packets 3916 RTS 0 total bytes 16000776 in_flight now 0 fair_inc 644948 prop_inc 150828 fast_inc 0 eta_inc 567483 multi_dec -828483 quick_dec -529136 nack_dec -402550
Flow Uec_8_35 flowId 27 uecSrc 26 finished at 6706.19 total messages 1 total packets 3916 RTS 0 total bytes 16000776 in_flight now 0 fair_inc 570775 prop_inc 162360 fast_inc 0 eta_inc 547548 multi_dec -777987 quick_dec -431023 nack_dec -431600
Flow Uec_3_20 flowId 7 uecSrc 6 finished at 6722.51 total messages 1 total packets 3916 RTS 0 total bytes 16000776 in_flight now 0 fair_inc 588982 prop_inc 166493 fast_inc 0 eta_inc 567483 multi_dec -858611 quick_dec -448612 nack_dec -448200
Flow Uec_6_30 flowId 20 uecSrc 19 finished at 6726.58 total messages 1 total packets 3916 RTS 0 total bytes 16000776 in_flight now 0 fair_inc 624246 prop_inc 152926 fast_inc 0 eta_inc 551535 multi_dec -792279 quick_dec -537620 nack_dec -410850
Flow Uec_5_28 flowId 17 uecSrc 16 finished at 6738.95 total messages 1 total packets 3916 RTS 0 total bytes 16000776 in_flight now 0 fair_inc 546451 prop_inc 149622 fast_inc 0 eta_inc 555522 multi_dec -854527 quick_dec -434959 nack_dec -419150
Flow Uec_14_53 flowId 51 uecSrc 50 finished at 6754.89 total messages 1 total packets 3916 RTS 0 total bytes 16000776 in_flight now 0 fair_inc 612408 prop_inc 163496 fast_inc 0 eta_inc 550206 multi_dec -818941 quick_dec -496759 nack_dec -427450
Flow Uec_12_48 flowId 44 uecSrc 43 finished at 6771.48 total messages 1 total packets 3916 RTS 0 total bytes 16000776 in_flight now 0 fair_inc 571690 prop_inc 188851 fast_inc 0 eta_inc 560838 multi_dec -807066 quick_dec -453851 nack_dec -473100
Flow Uec_9_39 flowId 32 uecSrc 31 finished at 6806.52 total messages 1 total packets 3916 RTS 0 total bytes 16000776 in_flight now 0 fair_inc 550799 prop_inc 232214 fast_inc 0 eta_inc 566154 multi_dec -841305 quick_dec -437065 nack_dec -419150
Flow Uec_8_37 flowId 29 uecSrc 28 finished at 6807.72 total messages 1 total packets 3916 RTS 0 total bytes 16000776 in_flight now 0 fair_inc 560385 prop_inc 213999 fast_inc 0 eta_inc 546219 multi_dec -748432 quick_dec -411765 nack_dec -506300
Flow Uec_7_32 flowId 23 uecSrc 22 finished at 6813 total messages 1 total packets 3916 RTS 0 total bytes 16000776 in_flight now 0 fair_inc 593870 prop_inc 221634 fast_inc 0 eta_inc 564825 multi_dec -807591 quick_dec -451632 nack_dec -456500
Flow Uec_15_58 flowId 57 uecSrc 56 finished at 6826.21 total messages 1 total packets 3916 RTS 0 total bytes 16000776 in_flight now 0 fair_inc 568636 prop_inc 257070 fast_inc 0 eta_inc 547548 multi_dec -775648 quick_dec -496205 nack_dec -419150
Flow Uec_6_29 flowId 19 uecSrc 18 finished at 6833.69 total messages 1 total packets 3916 RTS 0 total bytes 16000776 in_flight now 0 fair_inc 571513 prop_inc 257061 fast_inc 0 eta_inc 550206 multi_dec -871690 quick_dec -440970 nack_dec -398400
Flow Uec_6_31 flowId 21 uecSrc 20 finished at 6855.66 total messages 1 total packets 3916 RTS 0 total bytes 16000776 in_flight now 0 fair_inc 525885 prop_inc 270835 fast_inc 58492 eta_inc 559509 multi_dec -867634 quick_dec -391405 nack_dec -390100
Flow Uec_14_55 flowId 53 uecSrc 52 finished at 6865.27 total messages 1 total packets 3916 RTS 0 total bytes 16000776 in_flight now 0 fair_inc 515925 prop_inc 312599 fast_inc 10828 eta_inc 558180 multi_dec -798629 quick_dec -460257 nack_dec -415000
Flow Uec_3_21 flowId 8 uecSrc 7 finished at 6871.74 total messages 1 total packets 3916 RTS 0 total bytes 16000776 in_flight now 0 fair_inc 586306 prop_inc 294402 fast_inc 80991 eta_inc 555522 multi_dec -830043 quick_dec -443102 nack_dec -410850
Flow Uec_3_0 flowId 6 uecSrc 5 finished at 9458.63 total messages 1 total packets 3916 RTS 0 total bytes 16000776 in_flight now 0 fair_inc 529638 prop_inc 2520 fast_inc 0 eta_inc 830625 multi_dec -1409910 quick_dec -77199 nack_dec -174300
Flow Uec_10_0 flowId 34 uecSrc 33 finished at 9744.14 total messages 1 total packets 3916 RTS 0 total bytes 16000776 in_flight now 0 fair_inc 473877 prop_inc 6787 fast_inc 0 eta_inc 660513 multi_dec -1192712 quick_dec -262330 nack_dec -157700
Flow Uec_8_0 flowId 26 uecSrc 25 finished at 9753.08 total messages 1 total packets 3916 RTS 0 total bytes 16000776 in_flight now 0 fair_inc 452517 prop_inc 3614 fast_inc 0 eta_inc 667158 multi_dec -1145166 quick_dec -256007 nack_dec -174300
Flow Uec_12_0 flowId 42 uecSrc 41 finished at 9769.31 total messages 1 total packets 3916 RTS 0 total bytes 16000776 in_flight now 0 fair_inc 446137 prop_inc 2823 fast_inc 0 eta_inc 663171 multi_dec -1177661 quick_dec -219766 nack_dec -157700
Flow Uec_9_0 flowId 30 uecSrc 29 finished at 9800.66 total messages 1 total packets 3916 RTS 0 total bytes 16000776 in_flight now 0 fair_inc 444801 prop_inc 10087 fast_inc 0 eta_inc 665829 multi_dec -1189748 quick_dec -219914 nack_dec -166000
Flow Uec_2_0 flowId 2 uecSrc 1 finished at 9866.02 total messages 1 total packets 3916 RTS 0 total bytes 16000776 in_flight now 0 fair_inc 438142 prop_inc 7849 fast_inc 0 eta_inc 870495 multi_dec -1383116 quick_dec -45548 nack_dec -199200
Flow Uec_11_0 flowId 38 uecSrc 37 finished at 9882.43 total messages 1 total packets 3916 RTS 0 total bytes 16000776 in_flight now 0 fair_inc 487841 prop_inc 9244 fast_inc 0 eta_inc 671145 multi_dec -1178041 quick_dec -276820 nack_dec -182600
Flow Uec_1_0 flowId 1 uecSrc 0 finished at 9884.21 total messages 1 total packets 3916 RTS 0 total bytes 16000776 in_flight now 0 fair_inc 525037 prop_inc 12668 fast_inc 0 eta_inc 873153 multi_dec -1378501 quick_dec -121722 nack_dec -215800
Flow Uec_15_0 flowId 54 uecSrc 53 finished at 9921.05 total messages 1 total packets 3916 RTS 0 total bytes 16000776 in_flight now 0 fair_inc 469451 prop_inc 6241 fast_inc 0 eta_inc 675132 multi_dec -1234855 quick_dec -184167 nack_dec -199200
Flow Uec_13_0 flowId 46 uecSrc 45 finished at 10006.8 total messages 1 total packets 3916 RTS 0 total bytes 16000776 in_flight now 0 fair_inc 450754 prop_inc 16620 fast_inc 0 eta_inc 684435 multi_dec -1194804 quick_dec -241381 nack_dec -166000
Flow Uec_14_0 flowId 50 uecSrc 49 finished at 10088.3 total messages 1 total packets 3916 RTS 0 total bytes 16000776 in_flight now 0 fair_inc 453671 prop_inc 12887 fast_inc 0 eta_inc 685764 multi_dec -1148706 quick_dec -245797 nack_dec -182600
Flow Uec_4_0 flowId 10 uecSrc 9 finished at 10195.7 total messages 1 total packets 3916 RTS 0 total bytes 16000776 in_flight now 0 fair_inc 415958 prop_inc 14902 fast_inc 0 eta_inc 692409 multi_dec -1101880 quick_dec -256002 nack_dec -157700
Flow Uec_7_0 flowId 22 uecSrc 21 finished at 10207.4 total messages 1 total packets 3916 RTS 0 total bytes 16000776 in_flight now 0 fair_inc 430226 prop_inc 22925 fast_inc 0 eta_inc 696396 multi_dec -1114180 quick_dec -233528 nack_dec -195050
Flow Uec_6_0 flowId 18 uecSrc 17 finished at 10224.8 total messages 1 total packets 3916 RTS 0 total bytes 16000776 in_flight now 0 fair_inc 418458 prop_inc 33713 fast_inc 0 eta_inc 695067 multi_dec -1130066 quick_dec -206325 nack_dec -186750
Flow Uec_5_0 flowId 14 uecSrc 13 finished at 10385.2 total messages 1 total packets 3916 RTS 0 total bytes 16000776 in_flight now 0 fair_inc 356289 prop_inc 148066 fast_inc 0 eta_inc 713673 multi_dec -1047450 quick_dec -268616 nack_dec -186750
Flow Uec_16_0 flowId 58 uecSrc 57 finished at 10420.1 total messages 1 total packets 3916 RTS 0 total bytes 16000776 in_flight now 0 fair_inc 435888 prop_inc 161835 fast_inc 116553 eta_inc 768162 multi_dec -1220350 quick_dec -332775 nack_dec -211650
......Received SIGTERM at 324000 us, shutting down cleanly.
New: 238876 Rtx: 5063 RTS: 0 Bounced: 0 ACKs: 226025 NACKs: 5063 Pulls: 0 sleek_pkts: 0
SPURIOUS_COUNT 0
