Flow Uec_16_59 flowId 59 uecSrc 58 finished at 2061.61 total messages 1 total packets 3916 RTS 0 total bytes 16000776 in_flight now 0 fair_inc 0 prop_inc 592847 fast_inc 53994 eta_inc 195363 multi_dec -0 quick_dec -0 nack_dec -0
Flow Uec_16_60 flowId 60 uecSrc 59 finished at 2061.82 total messages 1 total packets 3916 RTS 0 total bytes 16000776 in_flight now 0 fair_inc 0 prop_inc 594295 fast_inc 71992 eta_inc 194034 multi_dec -0 quick_dec -0 nack_dec -0
Flow Uec_16_61 flowId 61 uecSrc 60 finished at 2061.88 total messages 1 total packets 3916 RTS 0 total bytes 16000776 in_flight now 0 fair_inc 0 prop_inc 595380 fast_inc 26997 eta_inc 194034 multi_dec -0 quick_dec -0 nack_dec -0
Flow Uec_2_0 flowId 2 uecSrc 1 finished at 8037.14 total messages 1 total packets 3916 RTS 0 total bytes 16000776 in_flight now 0 fair_inc 586034 prop_inc 9160 fast_inc 0 eta_inc 715002 multi_dec -1195036 quick_dec -54231 nack_dec -369350
Flow Uec_1_0 flowId 1 uecSrc 0 finished at 8137.07 total messages 1 total packets 3916 RTS 0 total bytes 16000776 in_flight now 0 fair_inc 547231 prop_inc 22795 fast_inc 0 eta_inc 724305 multi_dec -1235234 quick_dec -70882 nack_dec -298800
Flow Uec_3_0 flowId 6 uecSrc 5 finished at 8201.44 total messages 1 total packets 3916 RTS 0 total bytes 16000776 in_flight now 0 fair_inc 559939 prop_inc 18173 fast_inc 0 eta_inc 732279 multi_dec -1171442 quick_dec -94610 nack_dec -315400
Flow Uec_13_0 flowId 46 uecSrc 45 finished at 9527.78 total messages 1 total packets 3916 RTS 0 total bytes 16000776 in_flight now 0 fair_inc 961679 prop_inc 4575 fast_inc 0 eta_inc 627288 multi_dec -1811890 quick_dec -195334 nack_dec -215800
Flow Uec_9_0 flowId 30 uecSrc 29 finished at 9535.22 total messages 1 total packets 3916 RTS 0 total bytes 16000776 in_flight now 0 fair_inc 1016047 prop_inc 5629 fast_inc 0 eta_inc 625959 multi_dec -1852559 quick_dec -200082 nack_dec -211650
Flow Uec_7_0 flowId 22 uecSrc 21 finished at 9695.05 total messages 1 total packets 3916 RTS 0 total bytes 16000776 in_flight now 0 fair_inc 979325 prop_inc 2820 fast_inc 0 eta_inc 639249 multi_dec -1846433 quick_dec -300162 nack_dec -166000
Flow Uec_10_0 flowId 34 uecSrc 33 finished at 9742.49 total messages 1 total packets 3916 RTS 0 total bytes 16000776 in_flight now 0 fair_inc 996125 prop_inc 5048 fast_inc 0 eta_inc 637920 multi_dec -1873467 quick_dec -216138 nack_dec -199200
Flow Uec_4_0 flowId 10 uecSrc 9 finished at 9786.29 total messages 1 total packets 3916 RTS 0 total bytes 16000776 in_flight now 0 fair_inc 972965 prop_inc 3825 fast_inc 0 eta_inc 644565 multi_dec -1859282 quick_dec -196062 nack_dec -190900
Flow Uec_8_0 flowId 26 uecSrc 25 finished at 10011.9 total messages 1 total packets 3916 RTS 0 total bytes 16000776 in_flight now 0 fair_inc 996738 prop_inc 4111 fast_inc 0 eta_inc 657855 multi_dec -1873255 quick_dec -252877 nack_dec -211650
Flow Uec_5_0 flowId 14 uecSrc 13 finished at 10037.6 total messages 1 total packets 3916 RTS 0 total bytes 16000776 in_flight now 0 fair_inc 960414 prop_inc 3817 fast_inc 0 eta_inc 660513 multi_dec -1840628 quick_dec -210658 nack_dec -232400
Flow Uec_11_0 flowId 38 uecSrc 37 finished at 10130.3 total messages 1 total packets 3916 RTS 0 total bytes 16000776 in_flight now 0 fair_inc 894600 prop_inc 5683 fast_inc 0 eta_inc 667158 multi_dec -1781418 quick_dec -243371 nack_dec -203350
Flow Uec_12_0 flowId 42 uecSrc 41 finished at 10160.8 total messages 1 total packets 3916 RTS 0 total bytes 16000776 in_flight now 0 fair_inc 902386 prop_inc 10505 fast_inc 0 eta_inc 669816 multi_dec -1762857 quick_dec -254068 nack_dec -161850
Flow Uec_6_0 flowId 18 uecSrc 17 finished at 10198.9 total messages 1 total packets 3916 RTS 0 total bytes 16000776 in_flight now 0 fair_inc 915672 prop_inc 35075 fast_inc 0 eta_inc 675132 multi_dec -1774780 quick_dec -206785 nack_dec -190900
Flow Uec_15_0 flowId 54 uecSrc 53 finished at 10279.4 total messages 1 total packets 3916 RTS 0 total bytes 16000776 in_flight now 0 fair_inc 864220 prop_inc 43964 fast_inc 0 eta_inc 680448 multi_dec -1741556 quick_dec -225851 nack_dec -186750
Flow Uec_14_0 flowId 50 uecSrc 49 finished at 10303.4 total messages 1 total packets 3916 RTS 0 total bytes 16000776 in_flight now 0 fair_inc 897091 prop_inc 49355 fast_inc 0 eta_inc 693738 multi_dec -1800515 quick_dec -200115 nack_dec -195050
Flow Uec_16_0 flowId 58 uecSrc 57 finished at 10420.8 total messages 1 total packets 3916 RTS 0 total bytes 16000776 in_flight now 0 fair_inc 513665 prop_inc 159804 fast_inc 1234690 eta_inc 676461 multi_dec -1617232 quick_dec -12604 nack_dec -99600
Flow Uec_2_19 flowId 5 uecSrc 4 finished at 10908.4 total messages 1 total packets 3916 RTS 0 total bytes 16000776 in_flight now 0 fair_inc 833081 prop_inc 81195 fast_inc 0 eta_inc 752214 multi_dec -1784162 quick_dec -12515 nack_dec -534574
Flow Uec_3_22 flowId 9 uecSrc 8 finished at 11375.7 total messages 1 total packets 3916 RTS 0 total bytes 16000776 in_flight now 0 fair_inc 854024 prop_inc 76819 fast_inc 0 eta_inc 770820 multi_dec -1632815 quick_dec -272346 nack_dec -527050
Flow Uec_3_21 flowId 8 uecSrc 7 finished at 12025.8 total messages 1 total packets 3916 RTS 0 total bytes 16000776 in_flight now 0 fair_inc 755521 prop_inc 94176 fast_inc 0 eta_inc 808032 multi_dec -1581336 quick_dec -324228 nack_dec -527050
Flow Uec_2_17 flowId 3 uecSrc 2 finished at 12278.1 total messages 1 total packets 3916 RTS 0 total bytes 16000776 in_flight now 0 fair_inc 740503 prop_inc 75116 fast_inc 0 eta_inc 873153 multi_dec -1668681 quick_dec -421636 nack_dec -344450
Flow Uec_6_29 flowId 19 uecSrc 18 finished at 12412 total messages 1 total packets 3916 RTS 0 total bytes 16000776 in_flight now 0 fair_inc 888241 prop_inc 85775 fast_inc 0 eta_inc 834612 multi_dec -1750544 quick_dec -399794 nack_dec -431600
Flow Uec_4_25 flowId 13 uecSrc 12 finished at 12479.1 total messages 1 total packets 3916 RTS 0 total bytes 16000776 in_flight now 0 fair_inc 972965 prop_inc 75091 fast_inc 0 eta_inc 846573 multi_dec -1944686 quick_dec -380266 nack_dec -452350
Flow Uec_9_38 flowId 31 uecSrc 30 finished at 12520.7 total messages 1 total packets 3916 RTS 0 total bytes 16000776 in_flight now 0 fair_inc 982202 prop_inc 72619 fast_inc 0 eta_inc 837270 multi_dec -1896663 quick_dec -393879 nack_dec -423300
Flow Uec_15_56 flowId 55 uecSrc 54 finished at 12571.5 total messages 1 total packets 3916 RTS 0 total bytes 16000776 in_flight now 0 fair_inc 982548 prop_inc 73800 fast_inc 0 eta_inc 826638 multi_dec -1867711 quick_dec -397190 nack_dec -406700
Flow Uec_10_43 flowId 37 uecSrc 36 finished at 12590.7 total messages 1 total packets 3916 RTS 0 total bytes 16000776 in_flight now 0 fair_inc 956252 prop_inc 79370 fast_inc 0 eta_inc 865179 multi_dec -1963075 quick_dec -344313 nack_dec -410850
Flow Uec_3_20 flowId 7 uecSrc 6 finished at 12681.2 total messages 1 total packets 3916 RTS 0 total bytes 16000776 in_flight now 0 fair_inc 861003 prop_inc 81567 fast_inc 0 eta_inc 874482 multi_dec -2058328 quick_dec -34359 nack_dec -464800
Flow Uec_15_58 flowId 57 uecSrc 56 finished at 12737.5 total messages 1 total packets 3916 RTS 0 total bytes 16000776 in_flight now 0 fair_inc 945861 prop_inc 81406 fast_inc 0 eta_inc 850560 multi_dec -1881727 quick_dec -366480 nack_dec -448200
Flow Uec_9_40 flowId 33 uecSrc 32 finished at 12757.4 total messages 1 total packets 3916 RTS 0 total bytes 16000776 in_flight now 0 fair_inc 962017 prop_inc 78545 fast_inc 0 eta_inc 843915 multi_dec -1923977 quick_dec -382572 nack_dec -439900
Flow Uec_4_24 flowId 12 uecSrc 11 finished at 12839.4 total messages 1 total packets 3916 RTS 0 total bytes 16000776 in_flight now 0 fair_inc 921796 prop_inc 73591 fast_inc 0 eta_inc 869166 multi_dec -1846379 quick_dec -351555 nack_dec -435750
Flow Uec_8_37 flowId 29 uecSrc 28 finished at 12845.2 total messages 1 total packets 3916 RTS 0 total bytes 16000776 in_flight now 0 fair_inc 977790 prop_inc 72260 fast_inc 0 eta_inc 839928 multi_dec -1793908 quick_dec -425247 nack_dec -506300
Flow Uec_2_18 flowId 4 uecSrc 3 finished at 12889.1 total messages 1 total packets 3916 RTS 0 total bytes 16000776 in_flight now 0 fair_inc 706506 prop_inc 87883 fast_inc 0 eta_inc 846573 multi_dec -1716953 quick_dec -279589 nack_dec -381800
Flow Uec_7_32 flowId 23 uecSrc 22 finished at 13010.8 total messages 1 total packets 3916 RTS 0 total bytes 16000776 in_flight now 0 fair_inc 972706 prop_inc 51771 fast_inc 0 eta_inc 859863 multi_dec -1898662 quick_dec -345179 nack_dec -402550
Flow Uec_14_55 flowId 53 uecSrc 52 finished at 13019.4 total messages 1 total packets 3916 RTS 0 total bytes 16000776 in_flight now 0 fair_inc 937426 prop_inc 58663 fast_inc 0 eta_inc 842586 multi_dec -1895405 quick_dec -311729 nack_dec -419150
Flow Uec_15_57 flowId 56 uecSrc 55 finished at 13023.8 total messages 1 total packets 3916 RTS 0 total bytes 16000776 in_flight now 0 fair_inc 935737 prop_inc 78034 fast_inc 0 eta_inc 854547 multi_dec -1916509 quick_dec -403489 nack_dec -402550
Flow Uec_9_39 flowId 32 uecSrc 31 finished at 13026 total messages 1 total packets 3916 RTS 0 total bytes 16000776 in_flight now 0 fair_inc 920108 prop_inc 90099 fast_inc 0 eta_inc 879798 multi_dec -1966386 quick_dec -307942 nack_dec -431600
Flow Uec_12_48 flowId 44 uecSrc 43 finished at 13167.5 total messages 1 total packets 3916 RTS 0 total bytes 16000776 in_flight now 0 fair_inc 919251 prop_inc 74478 fast_inc 0 eta_inc 845244 multi_dec -1793982 quick_dec -353404 nack_dec -485550
Flow Uec_10_41 flowId 35 uecSrc 34 finished at 13204.1 total messages 1 total packets 3916 RTS 0 total bytes 16000776 in_flight now 0 fair_inc 938216 prop_inc 73816 fast_inc 0 eta_inc 873153 multi_dec -1870539 quick_dec -412748 nack_dec -439900
Flow Uec_8_35 flowId 27 uecSrc 26 finished at 13312 total messages 1 total packets 3916 RTS 0 total bytes 16000776 in_flight now 0 fair_inc 959973 prop_inc 84811 fast_inc 0 eta_inc 873153 multi_dec -1899935 quick_dec -397668 nack_dec -456500
Flow Uec_10_42 flowId 36 uecSrc 35 finished at 13324.5 total messages 1 total packets 3916 RTS 0 total bytes 16000776 in_flight now 0 fair_inc 935283 prop_inc 76674 fast_inc 0 eta_inc 901062 multi_dec -1952724 quick_dec -320931 nack_dec -452350
Flow Uec_11_45 flowId 40 uecSrc 39 finished at 13379.7 total messages 1 total packets 3916 RTS 0 total bytes 16000776 in_flight now 0 fair_inc 902663 prop_inc 82092 fast_inc 0 eta_inc 894417 multi_dec -1892720 quick_dec -389081 nack_dec -356900
Flow Uec_8_36 flowId 28 uecSrc 27 finished at 13440.3 total messages 1 total packets 3916 RTS 0 total bytes 16000776 in_flight now 0 fair_inc 955765 prop_inc 86877 fast_inc 0 eta_inc 875811 multi_dec -1935775 quick_dec -410791 nack_dec -464800
Flow Uec_4_23 flowId 11 uecSrc 10 finished at 13467.6 total messages 1 total packets 3916 RTS 0 total bytes 16000776 in_flight now 0 fair_inc 893572 prop_inc 78349 fast_inc 0 eta_inc 897075 multi_dec -1902136 quick_dec -335250 nack_dec -448200
Flow Uec_6_30 flowId 20 uecSrc 19 finished at 13492.9 total messages 1 total packets 3916 RTS 0 total bytes 16000776 in_flight now 0 fair_inc 832653 prop_inc 94763 fast_inc 0 eta_inc 857205 multi_dec -1801894 quick_dec -318081 nack_dec -456500
Flow Uec_13_52 flowId 49 uecSrc 48 finished at 13515.8 total messages 1 total packets 3916 RTS 0 total bytes 16000776 in_flight now 0 fair_inc 881263 prop_inc 90125 fast_inc 0 eta_inc 903720 multi_dec -1776068 quick_dec -310599 nack_dec -502150
Flow Uec_5_27 flowId 16 uecSrc 15 finished at 13528.9 total messages 1 total packets 3916 RTS 0 total bytes 16000776 in_flight now 0 fair_inc 865494 prop_inc 99157 fast_inc 0 eta_inc 890430 multi_dec -1809916 quick_dec -337334 nack_dec -473100
Flow Uec_13_51 flowId 48 uecSrc 47 finished at 13560.1 total messages 1 total packets 3916 RTS 0 total bytes 16000776 in_flight now 0 fair_inc 840704 prop_inc 104988 fast_inc 0 eta_inc 889101 multi_dec -1768404 quick_dec -419392 nack_dec -423300
Flow Uec_6_31 flowId 21 uecSrc 20 finished at 13565.3 total messages 1 total packets 3916 RTS 0 total bytes 16000776 in_flight now 0 fair_inc 868568 prop_inc 82716 fast_inc 0 eta_inc 866508 multi_dec -1801554 quick_dec -413006 nack_dec -435750
Flow Uec_14_54 flowId 52 uecSrc 51 finished at 13579.5 total messages 1 total packets 3916 RTS 0 total bytes 16000776 in_flight now 0 fair_inc 926161 prop_inc 101257 fast_inc 0 eta_inc 882456 multi_dec -1825318 quick_dec -474971 nack_dec -456500
Flow Uec_12_47 flowId 43 uecSrc 42 finished at 13591.8 total messages 1 total packets 3916 RTS 0 total bytes 16000776 in_flight now 0 fair_inc 927888 prop_inc 109376 fast_inc 0 eta_inc 878469 multi_dec -1869683 quick_dec -417616 nack_dec -435750
Flow Uec_14_53 flowId 51 uecSrc 50 finished at 13596 total messages 1 total packets 3916 RTS 0 total bytes 16000776 in_flight now 0 fair_inc 950605 prop_inc 112832 fast_inc 0 eta_inc 903720 multi_dec -1861030 quick_dec -396494 nack_dec -477250
Flow Uec_5_28 flowId 17 uecSrc 16 finished at 13622.8 total messages 1 total packets 3916 RTS 0 total bytes 16000776 in_flight now 0 fair_inc 825685 prop_inc 124953 fast_inc 0 eta_inc 882456 multi_dec -1735144 quick_dec -411829 nack_dec -423300
Flow Uec_11_46 flowId 41 uecSrc 40 finished at 13628.4 total messages 1 total packets 3916 RTS 0 total bytes 16000776 in_flight now 0 fair_inc 846750 prop_inc 146289 fast_inc 0 eta_inc 867837 multi_dec -1845874 quick_dec -294491 nack_dec -473100
Flow Uec_7_34 flowId 25 uecSrc 24 finished at 13631.4 total messages 1 total packets 3916 RTS 0 total bytes 16000776 in_flight now 0 fair_inc 839610 prop_inc 125712 fast_inc 0 eta_inc 903720 multi_dec -1717945 quick_dec -457009 nack_dec -464800
Flow Uec_12_49 flowId 45 uecSrc 44 finished at 13631.9 total messages 1 total packets 3916 RTS 0 total bytes 16000776 in_flight now 0 fair_inc 853325 prop_inc 131948 fast_inc 0 eta_inc 898404 multi_dec -1794806 quick_dec -407566 nack_dec -468950
Flow Uec_13_50 flowId 47 uecSrc 46 finished at 13633.5 total messages 1 total packets 3916 RTS 0 total bytes 16000776 in_flight now 0 fair_inc 832317 prop_inc 141470 fast_inc 0 eta_inc 873153 multi_dec -1724967 quick_dec -361777 nack_dec -456500
Flow Uec_7_33 flowId 24 uecSrc 23 finished at 13677.3 total messages 1 total packets 3916 RTS 0 total bytes 16000776 in_flight now 0 fair_inc 814877 prop_inc 217433 fast_inc 0 eta_inc 899733 multi_dec -1788649 quick_dec -422166 nack_dec -369350
Flow Uec_11_44 flowId 39 uecSrc 38 finished at 13693.3 total messages 1 total packets 3916 RTS 0 total bytes 16000776 in_flight now 0 fair_inc 957501 prop_inc 223766 fast_inc 0 eta_inc 875811 multi_dec -1816263 quick_dec -441966 nack_dec -423300
Flow Uec_5_26 flowId 15 uecSrc 14 finished at 13706.7 total messages 1 total packets 3916 RTS 0 total bytes 16000776 in_flight now 0 fair_inc 847017 prop_inc 228546 fast_inc 19825 eta_inc 887772 multi_dec -1843869 quick_dec -309106 nack_dec -419150
.........Received SIGTERM at 491000 us, shutting down cleanly.
New: 238876 Rtx: 5326 RTS: 0 Bounced: 0 ACKs: 227278 NACKs: 5326 Pulls: 0 sleek_pkts: 0
SPURIOUS_COUNT 0
