Flow Uec_56_120 flowId 107 uecSrc 106 finished at 1866.24 total messages 1 total packets 3916 RTS 0 total bytes 16000776 in_flight now 0 fair_inc 237658 prop_inc 124948 fast_inc 0 eta_inc 183402 multi_dec -160167 quick_dec -0 nack_dec -697200
Flow Uec_47_111 flowId 119 uecSrc 118 finished at 2186.48 total messages 1 total packets 3916 RTS 0 total bytes 16000776 in_flight now 0 fair_inc 261227 prop_inc 142800 fast_inc 0 eta_inc 213969 multi_dec -180921 quick_dec -0 nack_dec -729624
Flow Uec_118_54 flowId 125 uecSrc 124 finished at 2229.81 total messages 1 total packets 3916 RTS 0 total bytes 16000776 in_flight now 0 fair_inc 239889 prop_inc 138401 fast_inc 0 eta_inc 217956 multi_dec -195038 quick_dec -0 nack_dec -709650
Flow Uec_10_74 flowId 126 uecSrc 125 finished at 2275.07 total messages 1 total packets 3916 RTS 0 total bytes 16000776 in_flight now 0 fair_inc 241218 prop_inc 181465 fast_inc 0 eta_inc 221943 multi_dec -187854 quick_dec -0 nack_dec -837524
Flow Uec_28_92 flowId 117 uecSrc 116 finished at 2303.21 total messages 1 total packets 3916 RTS 0 total bytes 16000776 in_flight now 0 fair_inc 276631 prop_inc 144250 fast_inc 0 eta_inc 224601 multi_dec -267437 quick_dec -0 nack_dec -726250
Flow Uec_99_35 flowId 40 uecSrc 39 finished at 2308.23 total messages 1 total packets 3916 RTS 0 total bytes 16000776 in_flight now 0 fair_inc 265030 prop_inc 158630 fast_inc 0 eta_inc 225930 multi_dec -186674 quick_dec -0 nack_dec -742850
Flow Uec_90_26 flowId 54 uecSrc 53 finished at 2315.89 total messages 1 total packets 3916 RTS 0 total bytes 16000776 in_flight now 0 fair_inc 264912 prop_inc 205256 fast_inc 0 eta_inc 227259 multi_dec -207904 quick_dec -0 nack_dec -809250
Flow Uec_45_109 flowId 60 uecSrc 59 finished at 2316.94 total messages 1 total packets 3916 RTS 0 total bytes 16000776 in_flight now 0 fair_inc 271029 prop_inc 154571 fast_inc 0 eta_inc 224601 multi_dec -227974 quick_dec -0 nack_dec -747000
Flow Uec_22_86 flowId 21 uecSrc 20 finished at 2320.32 total messages 1 total packets 3916 RTS 0 total bytes 16000776 in_flight now 0 fair_inc 215878 prop_inc 165242 fast_inc 0 eta_inc 227259 multi_dec -221048 quick_dec -0 nack_dec -726250
Flow Uec_17_81 flowId 77 uecSrc 76 finished at 2321.17 total messages 1 total packets 3916 RTS 0 total bytes 16000776 in_flight now 0 fair_inc 257399 prop_inc 147446 fast_inc 0 eta_inc 227259 multi_dec -208463 quick_dec -0 nack_dec -759450
Flow Uec_68_4 flowId 94 uecSrc 93 finished at 2322.6 total messages 1 total packets 3916 RTS 0 total bytes 16000776 in_flight now 0 fair_inc 271883 prop_inc 157155 fast_inc 0 eta_inc 225930 multi_dec -259017 quick_dec -0 nack_dec -767750
Flow Uec_49_113 flowId 85 uecSrc 84 finished at 2325.8 total messages 1 total packets 3916 RTS 0 total bytes 16000776 in_flight now 0 fair_inc 289182 prop_inc 177775 fast_inc 0 eta_inc 227259 multi_dec -177322 quick_dec -0 nack_dec -838300
Flow Uec_19_83 flowId 118 uecSrc 117 finished at 2348.34 total messages 1 total packets 3916 RTS 0 total bytes 16000776 in_flight now 0 fair_inc 246860 prop_inc 171342 fast_inc 0 eta_inc 228588 multi_dec -199899 quick_dec -0 nack_dec -751150
Flow Uec_51_115 flowId 55 uecSrc 54 finished at 2353.97 total messages 1 total packets 3916 RTS 0 total bytes 16000776 in_flight now 0 fair_inc 261709 prop_inc 178038 fast_inc 0 eta_inc 229917 multi_dec -140566 quick_dec -0 nack_dec -776050
Flow Uec_93_29 flowId 87 uecSrc 86 finished at 2355.18 total messages 1 total packets 3916 RTS 0 total bytes 16000776 in_flight now 0 fair_inc 278504 prop_inc 170031 fast_inc 0 eta_inc 229917 multi_dec -203992 quick_dec -0 nack_dec -830000
Flow Uec_98_34 flowId 86 uecSrc 85 finished at 2357.19 total messages 1 total packets 3916 RTS 0 total bytes 16000776 in_flight now 0 fair_inc 273533 prop_inc 180779 fast_inc 0 eta_inc 229917 multi_dec -195464 quick_dec -0 nack_dec -817550
Flow Uec_37_101 flowId 68 uecSrc 67 finished at 2364.34 total messages 1 total packets 3916 RTS 0 total bytes 16000776 in_flight now 0 fair_inc 269645 prop_inc 156311 fast_inc 0 eta_inc 231246 multi_dec -296159 quick_dec -0 nack_dec -672300
Flow Uec_105_41 flowId 110 uecSrc 109 finished at 2367.58 total messages 1 total packets 3916 RTS 0 total bytes 16000776 in_flight now 0 fair_inc 249288 prop_inc 181612 fast_inc 0 eta_inc 229917 multi_dec -234320 quick_dec -0 nack_dec -742850
Flow Uec_124_60 flowId 53 uecSrc 52 finished at 2385.16 total messages 1 total packets 3916 RTS 0 total bytes 16000776 in_flight now 0 fair_inc 269223 prop_inc 150312 fast_inc 0 eta_inc 231246 multi_dec -247145 quick_dec -0 nack_dec -722100
Flow Uec_120_56 flowId 43 uecSrc 42 finished at 2387.69 total messages 1 total packets 3916 RTS 0 total bytes 16000776 in_flight now 0 fair_inc 253169 prop_inc 146876 fast_inc 0 eta_inc 232575 multi_dec -301593 quick_dec -0 nack_dec -655700
Flow Uec_79_15 flowId 114 uecSrc 113 finished at 2387.92 total messages 1 total packets 3916 RTS 0 total bytes 16000776 in_flight now 0 fair_inc 267639 prop_inc 167241 fast_inc 0 eta_inc 231246 multi_dec -173838 quick_dec -0 nack_dec -788500
Flow Uec_63_127 flowId 93 uecSrc 92 finished at 2392.14 total messages 1 total packets 3916 RTS 0 total bytes 16000776 in_flight now 0 fair_inc 252076 prop_inc 209841 fast_inc 0 eta_inc 235233 multi_dec -270331 quick_dec -0 nack_dec -751150
Flow Uec_91_27 flowId 90 uecSrc 89 finished at 2422.45 total messages 1 total packets 3916 RTS 0 total bytes 16000776 in_flight now 0 fair_inc 256630 prop_inc 174713 fast_inc 0 eta_inc 236562 multi_dec -239149 quick_dec -0 nack_dec -713800
Flow Uec_82_18 flowId 102 uecSrc 101 finished at 2423.13 total messages 1 total packets 3916 RTS 0 total bytes 16000776 in_flight now 0 fair_inc 292576 prop_inc 177815 fast_inc 0 eta_inc 236562 multi_dec -276221 quick_dec -0 nack_dec -709650
Flow Uec_60_124 flowId 97 uecSrc 96 finished at 2434.53 total messages 1 total packets 3916 RTS 0 total bytes 16000776 in_flight now 0 fair_inc 278937 prop_inc 222349 fast_inc 0 eta_inc 236562 multi_dec -270308 quick_dec -0 nack_dec -776050
Flow Uec_70_6 flowId 42 uecSrc 41 finished at 2436.98 total messages 1 total packets 3916 RTS 0 total bytes 16000776 in_flight now 0 fair_inc 251825 prop_inc 159053 fast_inc 0 eta_inc 236562 multi_dec -355665 quick_dec -0 nack_dec -643250
Flow Uec_58_122 flowId 78 uecSrc 77 finished at 2440.1 total messages 1 total packets 3916 RTS 0 total bytes 16000776 in_flight now 0 fair_inc 289060 prop_inc 208700 fast_inc 0 eta_inc 236562 multi_dec -207541 quick_dec -0 nack_dec -792650
Flow Uec_41_105 flowId 45 uecSrc 44 finished at 2440.7 total messages 1 total packets 3916 RTS 0 total bytes 16000776 in_flight now 0 fair_inc 299042 prop_inc 154803 fast_inc 0 eta_inc 237891 multi_dec -237845 quick_dec -0 nack_dec -713800
Flow Uec_14_78 flowId 50 uecSrc 49 finished at 2441.43 total messages 1 total packets 3916 RTS 0 total bytes 16000776 in_flight now 0 fair_inc 276013 prop_inc 188144 fast_inc 0 eta_inc 237891 multi_dec -177918 quick_dec -0 nack_dec -830000
Flow Uec_81_17 flowId 15 uecSrc 14 finished at 2443.23 total messages 1 total packets 3916 RTS 0 total bytes 16000776 in_flight now 0 fair_inc 262659 prop_inc 188614 fast_inc 0 eta_inc 237891 multi_dec -291361 quick_dec -0 nack_dec -755300
Flow Uec_108_44 flowId 46 uecSrc 45 finished at 2449 total messages 1 total packets 3916 RTS 0 total bytes 16000776 in_flight now 0 fair_inc 300507 prop_inc 176676 fast_inc 0 eta_inc 239220 multi_dec -272244 quick_dec -0 nack_dec -787724
Flow Uec_125_61 flowId 22 uecSrc 21 finished at 2449.7 total messages 1 total packets 3916 RTS 0 total bytes 16000776 in_flight now 0 fair_inc 301795 prop_inc 156302 fast_inc 0 eta_inc 236562 multi_dec -273319 quick_dec -0 nack_dec -751150
Flow Uec_1_65 flowId 124 uecSrc 123 finished at 2452.07 total messages 1 total packets 3916 RTS 0 total bytes 16000776 in_flight now 0 fair_inc 272388 prop_inc 199044 fast_inc 0 eta_inc 239220 multi_dec -212154 quick_dec -0 nack_dec -809250
Flow Uec_73_9 flowId 52 uecSrc 51 finished at 2456.59 total messages 1 total packets 3916 RTS 0 total bytes 16000776 in_flight now 0 fair_inc 263779 prop_inc 159886 fast_inc 0 eta_inc 239220 multi_dec -194535 quick_dec -0 nack_dec -780200
Flow Uec_67_3 flowId 38 uecSrc 37 finished at 2457.93 total messages 1 total packets 3916 RTS 0 total bytes 16000776 in_flight now 0 fair_inc 268681 prop_inc 174998 fast_inc 0 eta_inc 237891 multi_dec -226398 quick_dec -0 nack_dec -779424
Flow Uec_13_77 flowId 62 uecSrc 61 finished at 2474.47 total messages 1 total packets 3916 RTS 0 total bytes 16000776 in_flight now 0 fair_inc 259807 prop_inc 214805 fast_inc 0 eta_inc 239220 multi_dec -132514 quick_dec -0 nack_dec -900550
Flow Uec_121_57 flowId 128 uecSrc 127 finished at 2475.81 total messages 1 total packets 3916 RTS 0 total bytes 16000776 in_flight now 0 fair_inc 255836 prop_inc 156930 fast_inc 0 eta_inc 241878 multi_dec -224764 quick_dec -0 nack_dec -680600
Flow Uec_42_106 flowId 35 uecSrc 34 finished at 2483.49 total messages 1 total packets 3916 RTS 0 total bytes 16000776 in_flight now 0 fair_inc 296130 prop_inc 156563 fast_inc 0 eta_inc 240549 multi_dec -248921 quick_dec -0 nack_dec -755300
Flow Uec_8_72 flowId 99 uecSrc 98 finished at 2495 total messages 1 total packets 3916 RTS 0 total bytes 16000776 in_flight now 0 fair_inc 307302 prop_inc 206039 fast_inc 0 eta_inc 243207 multi_dec -184678 quick_dec -0 nack_dec -871500
Flow Uec_89_25 flowId 71 uecSrc 70 finished at 2495.2 total messages 1 total packets 3916 RTS 0 total bytes 16000776 in_flight now 0 fair_inc 287365 prop_inc 172360 fast_inc 0 eta_inc 241878 multi_dec -223498 quick_dec -0 nack_dec -771900
Flow Uec_88_24 flowId 63 uecSrc 62 finished at 2496.89 total messages 1 total packets 3916 RTS 0 total bytes 16000776 in_flight now 0 fair_inc 292751 prop_inc 206466 fast_inc 0 eta_inc 241878 multi_dec -263531 quick_dec -0 nack_dec -759450
Flow Uec_48_112 flowId 39 uecSrc 38 finished at 2511.42 total messages 1 total packets 3916 RTS 0 total bytes 16000776 in_flight now 0 fair_inc 272657 prop_inc 232005 fast_inc 0 eta_inc 243207 multi_dec -189665 quick_dec -0 nack_dec -796800
Flow Uec_96_32 flowId 101 uecSrc 100 finished at 2519.01 total messages 1 total packets 3916 RTS 0 total bytes 16000776 in_flight now 0 fair_inc 279545 prop_inc 194033 fast_inc 0 eta_inc 245865 multi_dec -206976 quick_dec -0 nack_dec -784350
Flow Uec_69_5 flowId 72 uecSrc 71 finished at 2519.85 total messages 1 total packets 3916 RTS 0 total bytes 16000776 in_flight now 0 fair_inc 318045 prop_inc 193403 fast_inc 0 eta_inc 243207 multi_dec -281181 quick_dec -0 nack_dec -726250
Flow Uec_78_14 flowId 19 uecSrc 18 finished at 2520.4 total messages 1 total packets 3916 RTS 0 total bytes 16000776 in_flight now 0 fair_inc 252333 prop_inc 202596 fast_inc 0 eta_inc 245865 multi_dec -227446 quick_dec -0 nack_dec -742850
Flow Uec_50_114 flowId 81 uecSrc 80 finished at 2525.52 total messages 1 total packets 3916 RTS 0 total bytes 16000776 in_flight now 0 fair_inc 311619 prop_inc 217364 fast_inc 0 eta_inc 244536 multi_dec -227677 quick_dec -0 nack_dec -796800
Flow Uec_57_121 flowId 92 uecSrc 91 finished at 2525.8 total messages 1 total packets 3916 RTS 0 total bytes 16000776 in_flight now 0 fair_inc 323633 prop_inc 231264 fast_inc 0 eta_inc 244536 multi_dec -250846 quick_dec -0 nack_dec -780200
Flow Uec_36_100 flowId 13 uecSrc 12 finished at 2533.61 total messages 1 total packets 3916 RTS 0 total bytes 16000776 in_flight now 0 fair_inc 311452 prop_inc 163931 fast_inc 0 eta_inc 245865 multi_dec -312441 quick_dec -0 nack_dec -688900
Flow Uec_75_11 flowId 109 uecSrc 108 finished at 2534.82 total messages 1 total packets 3916 RTS 0 total bytes 16000776 in_flight now 0 fair_inc 282419 prop_inc 205229 fast_inc 0 eta_inc 247194 multi_dec -178739 quick_dec -0 nack_dec -834150
Flow Uec_119_55 flowId 27 uecSrc 26 finished at 2535.17 total messages 1 total packets 3916 RTS 0 total bytes 16000776 in_flight now 0 fair_inc 307505 prop_inc 171748 fast_inc 0 eta_inc 245865 multi_dec -373408 quick_dec -0 nack_dec -643250
Flow Uec_111_47 flowId 111 uecSrc 110 finished at 2538.74 total messages 1 total packets 3916 RTS 0 total bytes 16000776 in_flight now 0 fair_inc 295826 prop_inc 198484 fast_inc 0 eta_inc 244536 multi_dec -219806 quick_dec -0 nack_dec -805100
Flow Uec_123_59 flowId 73 uecSrc 72 finished at 2541.72 total messages 1 total packets 3916 RTS 0 total bytes 16000776 in_flight now 0 fair_inc 253892 prop_inc 173703 fast_inc 0 eta_inc 245865 multi_dec -260895 quick_dec -0 nack_dec -705500
Flow Uec_95_31 flowId 82 uecSrc 81 finished at 2554.89 total messages 1 total packets 3916 RTS 0 total bytes 16000776 in_flight now 0 fair_inc 302433 prop_inc 246134 fast_inc 0 eta_inc 247194 multi_dec -239399 quick_dec -0 nack_dec -817550
Flow Uec_32_96 flowId 37 uecSrc 36 finished at 2558.59 total messages 1 total packets 3916 RTS 0 total bytes 16000776 in_flight now 0 fair_inc 284335 prop_inc 195176 fast_inc 0 eta_inc 248523 multi_dec -263555 quick_dec -0 nack_dec -717950
Flow Uec_117_53 flowId 2 uecSrc 1 finished at 2561.26 total messages 1 total packets 3916 RTS 0 total bytes 16000776 in_flight now 0 fair_inc 267550 prop_inc 175715 fast_inc 0 eta_inc 247194 multi_dec -280739 quick_dec -0 nack_dec -668150
Flow Uec_40_104 flowId 96 uecSrc 95 finished at 2562.84 total messages 1 total packets 3916 RTS 0 total bytes 16000776 in_flight now 0 fair_inc 284418 prop_inc 196370 fast_inc 0 eta_inc 248523 multi_dec -190698 quick_dec -0 nack_dec -821700
Flow Uec_21_85 flowId 12 uecSrc 11 finished at 2563.11 total messages 1 total packets 3916 RTS 0 total bytes 16000776 in_flight now 0 fair_inc 255665 prop_inc 191842 fast_inc 0 eta_inc 248523 multi_dec -231155 quick_dec -0 nack_dec -751150
Flow Uec_4_68 flowId 79 uecSrc 78 finished at 2567.36 total messages 1 total packets 3916 RTS 0 total bytes 16000776 in_flight now 0 fair_inc 303784 prop_inc 231385 fast_inc 0 eta_inc 248523 multi_dec -164065 quick_dec -0 nack_dec -896400
Flow Uec_97_33 flowId 121 uecSrc 120 finished at 2567.37 total messages 1 total packets 3916 RTS 0 total bytes 16000776 in_flight now 0 fair_inc 282581 prop_inc 222149 fast_inc 0 eta_inc 248523 multi_dec -188796 quick_dec -0 nack_dec -842450
Flow Uec_64_0 flowId 36 uecSrc 35 finished at 2567.67 total messages 1 total packets 3916 RTS 0 total bytes 16000776 in_flight now 0 fair_inc 251085 prop_inc 218165 fast_inc 0 eta_inc 248523 multi_dec -254089 quick_dec -0 nack_dec -713800
Flow Uec_25_89 flowId 10 uecSrc 9 finished at 2569.06 total messages 1 total packets 3916 RTS 0 total bytes 16000776 in_flight now 0 fair_inc 235485 prop_inc 204713 fast_inc 0 eta_inc 249852 multi_dec -210852 quick_dec -0 nack_dec -751150
Flow Uec_12_76 flowId 105 uecSrc 104 finished at 2569.4 total messages 1 total packets 3916 RTS 0 total bytes 16000776 in_flight now 0 fair_inc 283616 prop_inc 235529 fast_inc 0 eta_inc 249852 multi_dec -163478 quick_dec -0 nack_dec -908850
Flow Uec_114_50 flowId 47 uecSrc 46 finished at 2571.18 total messages 1 total packets 3916 RTS 0 total bytes 16000776 in_flight now 0 fair_inc 267417 prop_inc 195540 fast_inc 0 eta_inc 251181 multi_dec -232587 quick_dec -0 nack_dec -717950
Flow Uec_34_98 flowId 33 uecSrc 32 finished at 2571.32 total messages 1 total packets 3916 RTS 0 total bytes 16000776 in_flight now 0 fair_inc 336424 prop_inc 162318 fast_inc 0 eta_inc 249852 multi_dec -249299 quick_dec -0 nack_dec -738700
Flow Uec_30_94 flowId 20 uecSrc 19 finished at 2573.25 total messages 1 total packets 3916 RTS 0 total bytes 16000776 in_flight now 0 fair_inc 257715 prop_inc 198529 fast_inc 0 eta_inc 248523 multi_dec -283013 quick_dec -0 nack_dec -701350
Flow Uec_46_110 flowId 64 uecSrc 63 finished at 2575.19 total messages 1 total packets 3916 RTS 0 total bytes 16000776 in_flight now 0 fair_inc 274223 prop_inc 178918 fast_inc 0 eta_inc 249852 multi_dec -199315 quick_dec -0 nack_dec -755300
Flow Uec_6_70 flowId 70 uecSrc 69 finished at 2575.52 total messages 1 total packets 3916 RTS 0 total bytes 16000776 in_flight now 0 fair_inc 269306 prop_inc 243200 fast_inc 0 eta_inc 249852 multi_dec -188832 quick_dec -0 nack_dec -817550
Flow Uec_20_84 flowId 8 uecSrc 7 finished at 2576.2 total messages 1 total packets 3916 RTS 0 total bytes 16000776 in_flight now 0 fair_inc 268290 prop_inc 194869 fast_inc 0 eta_inc 249852 multi_dec -234144 quick_dec -0 nack_dec -755300
Flow Uec_24_88 flowId 100 uecSrc 99 finished at 2577.89 total messages 1 total packets 3916 RTS 0 total bytes 16000776 in_flight now 0 fair_inc 277350 prop_inc 177939 fast_inc 0 eta_inc 251181 multi_dec -250815 quick_dec -0 nack_dec -784350
Flow Uec_86_22 flowId 58 uecSrc 57 finished at 2578 total messages 1 total packets 3916 RTS 0 total bytes 16000776 in_flight now 0 fair_inc 289990 prop_inc 221253 fast_inc 0 eta_inc 251181 multi_dec -204480 quick_dec -0 nack_dec -817550
Flow Uec_72_8 flowId 44 uecSrc 43 finished at 2583.39 total messages 1 total packets 3916 RTS 0 total bytes 16000776 in_flight now 0 fair_inc 271286 prop_inc 234014 fast_inc 0 eta_inc 249852 multi_dec -239413 quick_dec -0 nack_dec -738700
Flow Uec_106_42 flowId 76 uecSrc 75 finished at 2584.21 total messages 1 total packets 3916 RTS 0 total bytes 16000776 in_flight now 0 fair_inc 311425 prop_inc 213608 fast_inc 0 eta_inc 251181 multi_dec -193200 quick_dec -0 nack_dec -821700
Flow Uec_16_80 flowId 91 uecSrc 90 finished at 2586.88 total messages 1 total packets 3916 RTS 0 total bytes 16000776 in_flight now 0 fair_inc 308883 prop_inc 174743 fast_inc 0 eta_inc 251181 multi_dec -289042 quick_dec -0 nack_dec -713800
Flow Uec_126_62 flowId 30 uecSrc 29 finished at 2588.73 total messages 1 total packets 3916 RTS 0 total bytes 16000776 in_flight now 0 fair_inc 274258 prop_inc 202954 fast_inc 0 eta_inc 248523 multi_dec -317456 quick_dec -0 nack_dec -626650
Flow Uec_62_126 flowId 67 uecSrc 66 finished at 2592.66 total messages 1 total packets 3916 RTS 0 total bytes 16000776 in_flight now 0 fair_inc 272118 prop_inc 301655 fast_inc 0 eta_inc 249852 multi_dec -244342 quick_dec -0 nack_dec -800950
Flow Uec_3_67 flowId 65 uecSrc 64 finished at 2592.68 total messages 1 total packets 3916 RTS 0 total bytes 16000776 in_flight now 0 fair_inc 283280 prop_inc 248211 fast_inc 0 eta_inc 251181 multi_dec -237184 quick_dec -0 nack_dec -821700
Flow Uec_33_97 flowId 120 uecSrc 119 finished at 2594.66 total messages 1 total packets 3916 RTS 0 total bytes 16000776 in_flight now 0 fair_inc 261762 prop_inc 227821 fast_inc 0 eta_inc 252510 multi_dec -224461 quick_dec -0 nack_dec -751150
Flow Uec_23_87 flowId 9 uecSrc 8 finished at 2595.54 total messages 1 total packets 3916 RTS 0 total bytes 16000776 in_flight now 0 fair_inc 247426 prop_inc 208695 fast_inc 0 eta_inc 251181 multi_dec -271661 quick_dec -0 nack_dec -705500
Flow Uec_112_48 flowId 4 uecSrc 3 finished at 2597.1 total messages 1 total packets 3916 RTS 0 total bytes 16000776 in_flight now 0 fair_inc 265650 prop_inc 239818 fast_inc 0 eta_inc 253839 multi_dec -275934 quick_dec -0 nack_dec -734550
Flow Uec_74_10 flowId 16 uecSrc 15 finished at 2597.42 total messages 1 total packets 3916 RTS 0 total bytes 16000776 in_flight now 0 fair_inc 292388 prop_inc 234499 fast_inc 0 eta_inc 251181 multi_dec -261522 quick_dec -0 nack_dec -747000
Flow Uec_104_40 flowId 115 uecSrc 114 finished at 2598.56 total messages 1 total packets 3916 RTS 0 total bytes 16000776 in_flight now 0 fair_inc 289008 prop_inc 193078 fast_inc 0 eta_inc 252510 multi_dec -276112 quick_dec -0 nack_dec -747000
Flow Uec_35_99 flowId 61 uecSrc 60 finished at 2599.3 total messages 1 total packets 3916 RTS 0 total bytes 16000776 in_flight now 0 fair_inc 257506 prop_inc 244114 fast_inc 0 eta_inc 251181 multi_dec -205666 quick_dec -0 nack_dec -763600
Flow Uec_115_51 flowId 75 uecSrc 74 finished at 2600.33 total messages 1 total packets 3916 RTS 0 total bytes 16000776 in_flight now 0 fair_inc 273293 prop_inc 243630 fast_inc 0 eta_inc 252510 multi_dec -278863 quick_dec -0 nack_dec -717950
Flow Uec_101_37 flowId 26 uecSrc 25 finished at 2604.07 total messages 1 total packets 3916 RTS 0 total bytes 16000776 in_flight now 0 fair_inc 249655 prop_inc 223365 fast_inc 0 eta_inc 252510 multi_dec -210044 quick_dec -0 nack_dec -738700
Flow Uec_61_125 flowId 112 uecSrc 111 finished at 2604.26 total messages 1 total packets 3916 RTS 0 total bytes 16000776 in_flight now 0 fair_inc 289323 prop_inc 266019 fast_inc 0 eta_inc 251181 multi_dec -273939 quick_dec -0 nack_dec -809250
Flow Uec_127_63 flowId 57 uecSrc 56 finished at 2604.72 total messages 1 total packets 3916 RTS 0 total bytes 16000776 in_flight now 0 fair_inc 275605 prop_inc 241064 fast_inc 0 eta_inc 252510 multi_dec -244862 quick_dec -0 nack_dec -747000
Flow Uec_9_73 flowId 104 uecSrc 103 finished at 2614.94 total messages 1 total packets 3916 RTS 0 total bytes 16000776 in_flight now 0 fair_inc 303910 prop_inc 280275 fast_inc 0 eta_inc 252510 multi_dec -159392 quick_dec -0 nack_dec -925450
Flow Uec_65_1 flowId 24 uecSrc 23 finished at 2618.29 total messages 1 total packets 3916 RTS 0 total bytes 16000776 in_flight now 0 fair_inc 261425 prop_inc 266884 fast_inc 0 eta_inc 253839 multi_dec -271900 quick_dec -0 nack_dec -742850
Flow Uec_2_66 flowId 23 uecSrc 22 finished at 2618.54 total messages 1 total packets 3916 RTS 0 total bytes 16000776 in_flight now 0 fair_inc 311663 prop_inc 265483 fast_inc 0 eta_inc 255168 multi_dec -245233 quick_dec -0 nack_dec -809250
Flow Uec_29_93 flowId 106 uecSrc 105 finished at 2619.02 total messages 1 total packets 3916 RTS 0 total bytes 16000776 in_flight now 0 fair_inc 270828 prop_inc 238187 fast_inc 0 eta_inc 251181 multi_dec -278056 quick_dec -0 nack_dec -688900
Flow Uec_87_23 flowId 56 uecSrc 55 finished at 2623.42 total messages 1 total packets 3916 RTS 0 total bytes 16000776 in_flight now 0 fair_inc 314209 prop_inc 270289 fast_inc 0 eta_inc 252510 multi_dec -193036 quick_dec -0 nack_dec -825850
Flow Uec_11_75 flowId 89 uecSrc 88 finished at 2624.96 total messages 1 total packets 3916 RTS 0 total bytes 16000776 in_flight now 0 fair_inc 302511 prop_inc 264661 fast_inc 0 eta_inc 252510 multi_dec -281767 quick_dec -0 nack_dec -796800
Flow Uec_59_123 flowId 48 uecSrc 47 finished at 2626.35 total messages 1 total packets 3916 RTS 0 total bytes 16000776 in_flight now 0 fair_inc 314905 prop_inc 302272 fast_inc 0 eta_inc 253839 multi_dec -242899 quick_dec -0 nack_dec -825850
Flow Uec_80_16 flowId 31 uecSrc 30 finished at 2626.75 total messages 1 total packets 3916 RTS 0 total bytes 16000776 in_flight now 0 fair_inc 262468 prop_inc 281910 fast_inc 0 eta_inc 255168 multi_dec -260737 quick_dec -0 nack_dec -763600
Flow Uec_107_43 flowId 59 uecSrc 58 finished at 2630.87 total messages 1 total packets 3916 RTS 0 total bytes 16000776 in_flight now 0 fair_inc 284470 prop_inc 231236 fast_inc 0 eta_inc 256497 multi_dec -209999 quick_dec -0 nack_dec -813400
Flow Uec_122_58 flowId 80 uecSrc 79 finished at 2635.2 total messages 1 total packets 3916 RTS 0 total bytes 16000776 in_flight now 0 fair_inc 273346 prop_inc 283750 fast_inc 0 eta_inc 255168 multi_dec -297077 quick_dec -0 nack_dec -688900
Flow Uec_83_19 flowId 66 uecSrc 65 finished at 2639.21 total messages 1 total packets 3916 RTS 0 total bytes 16000776 in_flight now 0 fair_inc 307879 prop_inc 261178 fast_inc 0 eta_inc 253839 multi_dec -289976 quick_dec -0 nack_dec -767750
Flow Uec_76_12 flowId 18 uecSrc 17 finished at 2641.81 total messages 1 total packets 3916 RTS 0 total bytes 16000776 in_flight now 0 fair_inc 274852 prop_inc 284784 fast_inc 0 eta_inc 255168 multi_dec -229144 quick_dec -0 nack_dec -755300
Flow Uec_15_79 flowId 25 uecSrc 24 finished at 2642.09 total messages 1 total packets 3916 RTS 0 total bytes 16000776 in_flight now 0 fair_inc 324218 prop_inc 287780 fast_inc 0 eta_inc 255168 multi_dec -253649 quick_dec -0 nack_dec -830000
Flow Uec_109_45 flowId 3 uecSrc 2 finished at 2643.43 total messages 1 total packets 3916 RTS 0 total bytes 16000776 in_flight now 0 fair_inc 298056 prop_inc 249225 fast_inc 0 eta_inc 255168 multi_dec -217783 quick_dec -0 nack_dec -767750
Flow Uec_31_95 flowId 29 uecSrc 28 finished at 2643.76 total messages 1 total packets 3916 RTS 0 total bytes 16000776 in_flight now 0 fair_inc 252185 prop_inc 295251 fast_inc 0 eta_inc 255168 multi_dec -278490 quick_dec -0 nack_dec -717950
Flow Uec_43_107 flowId 108 uecSrc 107 finished at 2646.58 total messages 1 total packets 3916 RTS 0 total bytes 16000776 in_flight now 0 fair_inc 281651 prop_inc 284247 fast_inc 0 eta_inc 256497 multi_dec -245199 quick_dec -0 nack_dec -747000
Flow Uec_94_30 flowId 28 uecSrc 27 finished at 2648.2 total messages 1 total packets 3916 RTS 0 total bytes 16000776 in_flight now 0 fair_inc 300331 prop_inc 283637 fast_inc 0 eta_inc 256497 multi_dec -190082 quick_dec -0 nack_dec -854900
Flow Uec_103_39 flowId 6 uecSrc 5 finished at 2649.26 total messages 1 total packets 3916 RTS 0 total bytes 16000776 in_flight now 0 fair_inc 323239 prop_inc 248990 fast_inc 0 eta_inc 255168 multi_dec -235405 quick_dec -0 nack_dec -788500
Flow Uec_52_116 flowId 123 uecSrc 122 finished at 2649.49 total messages 1 total packets 3916 RTS 0 total bytes 16000776 in_flight now 0 fair_inc 311097 prop_inc 341092 fast_inc 0 eta_inc 255168 multi_dec -178841 quick_dec -0 nack_dec -913000
Flow Uec_55_119 flowId 51 uecSrc 50 finished at 2650 total messages 1 total packets 3916 RTS 0 total bytes 16000776 in_flight now 0 fair_inc 289586 prop_inc 342782 fast_inc 0 eta_inc 256497 multi_dec -197913 quick_dec -0 nack_dec -854900
Flow Uec_27_91 flowId 34 uecSrc 33 finished at 2652.53 total messages 1 total packets 3916 RTS 0 total bytes 16000776 in_flight now 0 fair_inc 256677 prop_inc 302196 fast_inc 0 eta_inc 255168 multi_dec -246919 quick_dec -0 nack_dec -734550
Flow Uec_66_2 flowId 103 uecSrc 102 finished at 2653.78 total messages 1 total packets 3916 RTS 0 total bytes 16000776 in_flight now 0 fair_inc 261353 prop_inc 327634 fast_inc 0 eta_inc 257826 multi_dec -268459 quick_dec -0 nack_dec -726250
Flow Uec_38_102 flowId 74 uecSrc 73 finished at 2659.28 total messages 1 total packets 3916 RTS 0 total bytes 16000776 in_flight now 0 fair_inc 270132 prop_inc 297485 fast_inc 0 eta_inc 255168 multi_dec -240389 quick_dec -0 nack_dec -747000
Flow Uec_92_28 flowId 88 uecSrc 87 finished at 2661.36 total messages 1 total packets 3916 RTS 0 total bytes 16000776 in_flight now 0 fair_inc 249457 prop_inc 345275 fast_inc 0 eta_inc 257826 multi_dec -171581 quick_dec -0 nack_dec -830000
Flow Uec_100_36 flowId 14 uecSrc 13 finished at 2662.22 total messages 1 total packets 3916 RTS 0 total bytes 16000776 in_flight now 0 fair_inc 292111 prop_inc 249617 fast_inc 0 eta_inc 257826 multi_dec -190519 quick_dec -0 nack_dec -838300
Flow Uec_53_117 flowId 122 uecSrc 121 finished at 2666.77 total messages 1 total packets 3916 RTS 0 total bytes 16000776 in_flight now 0 fair_inc 280175 prop_inc 366135 fast_inc 0 eta_inc 257826 multi_dec -258994 quick_dec -0 nack_dec -763600
Flow Uec_7_71 flowId 84 uecSrc 83 finished at 2670.58 total messages 1 total packets 3916 RTS 0 total bytes 16000776 in_flight now 0 fair_inc 278738 prop_inc 326571 fast_inc 0 eta_inc 259155 multi_dec -251134 quick_dec -0 nack_dec -821700
Flow Uec_110_46 flowId 113 uecSrc 112 finished at 2672.27 total messages 1 total packets 3916 RTS 0 total bytes 16000776 in_flight now 0 fair_inc 289223 prop_inc 349083 fast_inc 40495 eta_inc 257826 multi_dec -184142 quick_dec -0 nack_dec -892250
Flow Uec_44_108 flowId 95 uecSrc 94 finished at 2678.75 total messages 1 total packets 3916 RTS 0 total bytes 16000776 in_flight now 0 fair_inc 262681 prop_inc 357952 fast_inc 0 eta_inc 259155 multi_dec -226946 quick_dec -0 nack_dec -792650
Flow Uec_84_20 flowId 116 uecSrc 115 finished at 2679.17 total messages 1 total packets 3916 RTS 0 total bytes 16000776 in_flight now 0 fair_inc 253584 prop_inc 339249 fast_inc 0 eta_inc 259155 multi_dec -226324 quick_dec -0 nack_dec -771900
Flow Uec_0_64 flowId 11 uecSrc 10 finished at 2680.94 total messages 1 total packets 3916 RTS 0 total bytes 16000776 in_flight now 0 fair_inc 297722 prop_inc 317648 fast_inc 0 eta_inc 256497 multi_dec -200668 quick_dec -0 nack_dec -834150
Flow Uec_85_21 flowId 7 uecSrc 6 finished at 2683.01 total messages 1 total packets 3916 RTS 0 total bytes 16000776 in_flight now 0 fair_inc 295943 prop_inc 346987 fast_inc 0 eta_inc 257826 multi_dec -256105 quick_dec -0 nack_dec -817550
Flow Uec_116_52 flowId 49 uecSrc 48 finished at 2683.45 total messages 1 total packets 3916 RTS 0 total bytes 16000776 in_flight now 0 fair_inc 253773 prop_inc 361876 fast_inc 0 eta_inc 255168 multi_dec -242010 quick_dec -13051 nack_dec -693050
Flow Uec_18_82 flowId 69 uecSrc 68 finished at 2684 total messages 1 total packets 3916 RTS 0 total bytes 16000776 in_flight now 0 fair_inc 269074 prop_inc 347849 fast_inc 17998 eta_inc 259155 multi_dec -247217 quick_dec -0 nack_dec -767750
Flow Uec_102_38 flowId 1 uecSrc 0 finished at 2689.74 total messages 1 total packets 3916 RTS 0 total bytes 16000776 in_flight now 0 fair_inc 297487 prop_inc 315877 fast_inc 35575 eta_inc 260484 multi_dec -223425 quick_dec -0 nack_dec -817550
Flow Uec_71_7 flowId 41 uecSrc 40 finished at 2694.4 total messages 1 total packets 3916 RTS 0 total bytes 16000776 in_flight now 0 fair_inc 258680 prop_inc 384419 fast_inc 0 eta_inc 255168 multi_dec -253769 quick_dec -0 nack_dec -742850
Flow Uec_77_13 flowId 5 uecSrc 4 finished at 2698.9 total messages 1 total packets 3916 RTS 0 total bytes 16000776 in_flight now 0 fair_inc 224927 prop_inc 397533 fast_inc 0 eta_inc 260484 multi_dec -289080 quick_dec -0 nack_dec -705500
Flow Uec_26_90 flowId 98 uecSrc 97 finished at 2704.89 total messages 1 total packets 3916 RTS 0 total bytes 16000776 in_flight now 0 fair_inc 242383 prop_inc 345634 fast_inc 463027 eta_inc 261813 multi_dec -250504 quick_dec -0 nack_dec -742850
Flow Uec_5_69 flowId 32 uecSrc 31 finished at 2708.76 total messages 1 total packets 3916 RTS 0 total bytes 16000776 in_flight now 0 fair_inc 244827 prop_inc 362707 fast_inc 186308 eta_inc 261813 multi_dec -260347 quick_dec -0 nack_dec -796800
Flow Uec_39_103 flowId 17 uecSrc 16 finished at 2718.59 total messages 1 total packets 3916 RTS 0 total bytes 16000776 in_flight now 0 fair_inc 272610 prop_inc 352893 fast_inc 377537 eta_inc 263142 multi_dec -256633 quick_dec -0 nack_dec -730400
Flow Uec_54_118 flowId 83 uecSrc 82 finished at 2725.94 total messages 1 total packets 3916 RTS 0 total bytes 16000776 in_flight now 0 fair_inc 259705 prop_inc 384392 fast_inc 708250 eta_inc 263142 multi_dec -178422 quick_dec -0 nack_dec -838300
Flow Uec_113_49 flowId 127 uecSrc 126 finished at 2738.23 total messages 1 total packets 3916 RTS 0 total bytes 16000776 in_flight now 0 fair_inc 251975 prop_inc 370424 fast_inc 710500 eta_inc 263142 multi_dec -264305 quick_dec -0 nack_dec -730400
Received SIGTERM at 4000 us, shutting down cleanly.
New: 501248 Rtx: 23726 RTS: 0 Bounced: 0 ACKs: 476702 NACKs: 23726 Pulls: 0 sleek_pkts: 0
SPURIOUS_COUNT 0
