Flow Uec_60_62 flowId 117 uecSrc 116 finished at 656.17 total messages 1 total packets 3916 RTS 0 total bytes 16000776 in_flight now 0 fair_inc 0 prop_inc 25759 fast_inc 8726359 eta_inc 65121 multi_dec -0 quick_dec -0 nack_dec -0
Flow Uec_1_2 flowId 89 uecSrc 88 finished at 657.475 total messages 1 total packets 3916 RTS 0 total bytes 16000776 in_flight now 0 fair_inc 0 prop_inc 25672 fast_inc 8726359 eta_inc 65121 multi_dec -0 quick_dec -0 nack_dec -0
Flow Uec_0_3 flowId 103 uecSrc 102 finished at 657.5 total messages 1 total packets 3916 RTS 0 total bytes 16000776 in_flight now 0 fair_inc 0 prop_inc 25141 fast_inc 8726359 eta_inc 65121 multi_dec -0 quick_dec -0 nack_dec -0
Flow Uec_2_4 flowId 93 uecSrc 92 finished at 661.523 total messages 1 total packets 3916 RTS 0 total bytes 16000776 in_flight now 0 fair_inc 0 prop_inc 111862 fast_inc 8060433 eta_inc 65121 multi_dec -0 quick_dec -0 nack_dec -0
Flow Uec_19_24 flowId 63 uecSrc 62 finished at 662.585 total messages 1 total packets 3916 RTS 0 total bytes 16000776 in_flight now 0 fair_inc 0 prop_inc 1181397 fast_inc 0 eta_inc 65121 multi_dec -0 quick_dec -0 nack_dec -0
Flow Uec_46_43 flowId 2 uecSrc 1 finished at 662.62 total messages 1 total packets 3916 RTS 0 total bytes 16000776 in_flight now 0 fair_inc 0 prop_inc 1206873 fast_inc 0 eta_inc 65121 multi_dec -0 quick_dec -0 nack_dec -0
Flow Uec_57_52 flowId 118 uecSrc 117 finished at 662.634 total messages 1 total packets 3916 RTS 0 total bytes 16000776 in_flight now 0 fair_inc 0 prop_inc 1193048 fast_inc 0 eta_inc 65121 multi_dec -0 quick_dec -0 nack_dec -0
Flow Uec_12_0 flowId 112 uecSrc 111 finished at 662.641 total messages 1 total packets 3916 RTS 0 total bytes 16000776 in_flight now 0 fair_inc 0 prop_inc 1222143 fast_inc 0 eta_inc 65121 multi_dec -0 quick_dec -0 nack_dec -0
Flow Uec_111_106 flowId 71 uecSrc 70 finished at 662.818 total messages 1 total packets 3916 RTS 0 total bytes 16000776 in_flight now 0 fair_inc 0 prop_inc 1187059 fast_inc 0 eta_inc 65121 multi_dec -0 quick_dec -0 nack_dec -0
Flow Uec_97_111 flowId 124 uecSrc 123 finished at 662.911 total messages 1 total packets 3916 RTS 0 total bytes 16000776 in_flight now 0 fair_inc 0 prop_inc 1170742 fast_inc 0 eta_inc 65121 multi_dec -0 quick_dec -0 nack_dec -0
Flow Uec_93_86 flowId 92 uecSrc 91 finished at 662.917 total messages 1 total packets 3916 RTS 0 total bytes 16000776 in_flight now 0 fair_inc 0 prop_inc 1181052 fast_inc 0 eta_inc 65121 multi_dec -0 quick_dec -0 nack_dec -0
Flow Uec_122_116 flowId 14 uecSrc 13 finished at 662.993 total messages 1 total packets 3916 RTS 0 total bytes 16000776 in_flight now 0 fair_inc 0 prop_inc 1112168 fast_inc 0 eta_inc 65121 multi_dec -0 quick_dec -0 nack_dec -0
Flow Uec_71_66 flowId 3 uecSrc 2 finished at 663.179 total messages 1 total packets 3916 RTS 0 total bytes 16000776 in_flight now 0 fair_inc 0 prop_inc 1146824 fast_inc 0 eta_inc 65121 multi_dec -0 quick_dec -0 nack_dec -0
Flow Uec_116_122 flowId 55 uecSrc 54 finished at 663.411 total messages 1 total packets 3916 RTS 0 total bytes 16000776 in_flight now 0 fair_inc 0 prop_inc 1042749 fast_inc 0 eta_inc 65121 multi_dec -0 quick_dec -0 nack_dec -0
Flow Uec_13_11 flowId 96 uecSrc 95 finished at 664.644 total messages 1 total packets 3916 RTS 0 total bytes 16000776 in_flight now 0 fair_inc 0 prop_inc 1019637 fast_inc 0 eta_inc 65121 multi_dec -0 quick_dec -0 nack_dec -0
Flow Uec_6_48 flowId 39 uecSrc 38 finished at 1608.71 total messages 1 total packets 3916 RTS 0 total bytes 16000776 in_flight now 0 fair_inc 276931 prop_inc 280629 fast_inc 0 eta_inc 159480 multi_dec -669535 quick_dec -0 nack_dec -332000
Flow Uec_11_119 flowId 47 uecSrc 46 finished at 1611.5 total messages 1 total packets 3916 RTS 0 total bytes 16000776 in_flight now 0 fair_inc 317132 prop_inc 272787 fast_inc 0 eta_inc 159480 multi_dec -582111 quick_dec -0 nack_dec -385950
Flow Uec_5_113 flowId 42 uecSrc 41 finished at 1615.1 total messages 1 total packets 3916 RTS 0 total bytes 16000776 in_flight now 0 fair_inc 271476 prop_inc 300137 fast_inc 0 eta_inc 159480 multi_dec -711671 quick_dec -0 nack_dec -327850
Flow Uec_15_70 flowId 121 uecSrc 120 finished at 1627.09 total messages 1 total packets 3916 RTS 0 total bytes 16000776 in_flight now 0 fair_inc 268695 prop_inc 292155 fast_inc 0 eta_inc 160809 multi_dec -637492 quick_dec -0 nack_dec -336150
Flow Uec_3_69 flowId 110 uecSrc 109 finished at 1690.77 total messages 1 total packets 3916 RTS 0 total bytes 16000776 in_flight now 0 fair_inc 299675 prop_inc 337887 fast_inc 0 eta_inc 166125 multi_dec -689983 quick_dec -0 nack_dec -356900
Flow Uec_95_15 flowId 5 uecSrc 4 finished at 1713.67 total messages 1 total packets 3916 RTS 0 total bytes 16000776 in_flight now 0 fair_inc 260807 prop_inc 350556 fast_inc 0 eta_inc 168783 multi_dec -644437 quick_dec -0 nack_dec -431600
Flow Uec_44_8 flowId 78 uecSrc 77 finished at 1767.11 total messages 1 total packets 3916 RTS 0 total bytes 16000776 in_flight now 0 fair_inc 248149 prop_inc 337533 fast_inc 0 eta_inc 172770 multi_dec -446853 quick_dec -0 nack_dec -518750
Flow Uec_38_5 flowId 17 uecSrc 16 finished at 1824.35 total messages 1 total packets 3916 RTS 0 total bytes 16000776 in_flight now 0 fair_inc 289837 prop_inc 362552 fast_inc 0 eta_inc 178086 multi_dec -625208 quick_dec -0 nack_dec -410850
Flow Uec_115_9 flowId 91 uecSrc 90 finished at 1827.67 total messages 1 total packets 3916 RTS 0 total bytes 16000776 in_flight now 0 fair_inc 283945 prop_inc 346470 fast_inc 0 eta_inc 179415 multi_dec -592081 quick_dec -0 nack_dec -535350
Flow Uec_4_118 flowId 9 uecSrc 8 finished at 1840.33 total messages 1 total packets 3916 RTS 0 total bytes 16000776 in_flight now 0 fair_inc 310044 prop_inc 358872 fast_inc 0 eta_inc 180744 multi_dec -693387 quick_dec -0 nack_dec -336150
Flow Uec_28_14 flowId 83 uecSrc 82 finished at 1863.09 total messages 1 total packets 3916 RTS 0 total bytes 16000776 in_flight now 0 fair_inc 302568 prop_inc 350707 fast_inc 0 eta_inc 182073 multi_dec -610018 quick_dec -0 nack_dec -527050
Flow Uec_69_10 flowId 90 uecSrc 89 finished at 1897.31 total messages 1 total packets 3916 RTS 0 total bytes 16000776 in_flight now 0 fair_inc 306050 prop_inc 392704 fast_inc 0 eta_inc 184731 multi_dec -599975 quick_dec -0 nack_dec -539500
Flow Uec_7_30 flowId 19 uecSrc 18 finished at 1903.66 total messages 1 total packets 3916 RTS 0 total bytes 16000776 in_flight now 0 fair_inc 301422 prop_inc 408175 fast_inc 0 eta_inc 186060 multi_dec -634586 quick_dec -0 nack_dec -406700
Flow Uec_108_7 flowId 126 uecSrc 125 finished at 1914.02 total messages 1 total packets 3916 RTS 0 total bytes 16000776 in_flight now 0 fair_inc 352308 prop_inc 387554 fast_inc 0 eta_inc 186060 multi_dec -676363 quick_dec -0 nack_dec -518750
Flow Uec_10_33 flowId 38 uecSrc 37 finished at 1914.51 total messages 1 total packets 3916 RTS 0 total bytes 16000776 in_flight now 0 fair_inc 312250 prop_inc 426043 fast_inc 0 eta_inc 186060 multi_dec -739284 quick_dec -0 nack_dec -361050
Flow Uec_8_46 flowId 123 uecSrc 122 finished at 1934.69 total messages 1 total packets 3916 RTS 0 total bytes 16000776 in_flight now 0 fair_inc 238490 prop_inc 450970 fast_inc 0 eta_inc 188718 multi_dec -576543 quick_dec -0 nack_dec -394250
Flow Uec_31_12 flowId 59 uecSrc 58 finished at 1938.23 total messages 1 total packets 3916 RTS 0 total bytes 16000776 in_flight now 0 fair_inc 297060 prop_inc 428930 fast_inc 0 eta_inc 190047 multi_dec -689764 quick_dec -0 nack_dec -468950
Flow Uec_27_1 flowId 87 uecSrc 86 finished at 1938.7 total messages 1 total packets 3916 RTS 0 total bytes 16000776 in_flight now 0 fair_inc 327069 prop_inc 387673 fast_inc 0 eta_inc 190047 multi_dec -591461 quick_dec -0 nack_dec -489700
Flow Uec_84_99 flowId 7 uecSrc 6 finished at 1969.86 total messages 1 total packets 3916 RTS 0 total bytes 16000776 in_flight now 0 fair_inc 384267 prop_inc 295290 fast_inc 0 eta_inc 194034 multi_dec -765719 quick_dec -0 nack_dec -402550
Flow Uec_121_6 flowId 57 uecSrc 56 finished at 1976.41 total messages 1 total packets 3916 RTS 0 total bytes 16000776 in_flight now 0 fair_inc 276601 prop_inc 403546 fast_inc 0 eta_inc 192705 multi_dec -589529 quick_dec -0 nack_dec -489700
Flow Uec_14_127 flowId 1 uecSrc 0 finished at 1978.99 total messages 1 total packets 3916 RTS 0 total bytes 16000776 in_flight now 0 fair_inc 345153 prop_inc 411676 fast_inc 0 eta_inc 192705 multi_dec -743501 quick_dec -0 nack_dec -327850
Flow Uec_9_84 flowId 30 uecSrc 29 finished at 2014.91 total messages 1 total packets 3916 RTS 0 total bytes 16000776 in_flight now 0 fair_inc 347876 prop_inc 426608 fast_inc 0 eta_inc 195363 multi_dec -774366 quick_dec -0 nack_dec -356900
Flow Uec_96_59 flowId 41 uecSrc 40 finished at 2015.76 total messages 1 total packets 3916 RTS 0 total bytes 16000776 in_flight now 0 fair_inc 387720 prop_inc 310001 fast_inc 0 eta_inc 196692 multi_dec -745537 quick_dec -0 nack_dec -423300
Flow Uec_56_108 flowId 82 uecSrc 81 finished at 2035.92 total messages 1 total packets 3916 RTS 0 total bytes 16000776 in_flight now 0 fair_inc 398407 prop_inc 324606 fast_inc 0 eta_inc 199350 multi_dec -823180 quick_dec -0 nack_dec -410850
Flow Uec_30_13 flowId 53 uecSrc 52 finished at 2076.29 total messages 1 total packets 3916 RTS 0 total bytes 16000776 in_flight now 0 fair_inc 280632 prop_inc 452877 fast_inc 0 eta_inc 203337 multi_dec -622722 quick_dec -0 nack_dec -506300
Flow Uec_106_79 flowId 109 uecSrc 108 finished at 2092.43 total messages 1 total packets 3916 RTS 0 total bytes 16000776 in_flight now 0 fair_inc 397739 prop_inc 316809 fast_inc 0 eta_inc 204666 multi_dec -751654 quick_dec -0 nack_dec -473100
Flow Uec_83_104 flowId 116 uecSrc 115 finished at 2099.54 total messages 1 total packets 3916 RTS 0 total bytes 16000776 in_flight now 0 fair_inc 357666 prop_inc 325266 fast_inc 0 eta_inc 204666 multi_dec -733335 quick_dec -0 nack_dec -468950
Flow Uec_77_42 flowId 106 uecSrc 105 finished at 2121.83 total messages 1 total packets 3916 RTS 0 total bytes 16000776 in_flight now 0 fair_inc 429355 prop_inc 315082 fast_inc 0 eta_inc 207324 multi_dec -792178 quick_dec -0 nack_dec -448200
Flow Uec_61_114 flowId 26 uecSrc 25 finished at 2130.07 total messages 1 total packets 3916 RTS 0 total bytes 16000776 in_flight now 0 fair_inc 398494 prop_inc 370030 fast_inc 0 eta_inc 208653 multi_dec -807223 quick_dec -0 nack_dec -506300
Flow Uec_63_25 flowId 120 uecSrc 119 finished at 2142.12 total messages 1 total packets 3916 RTS 0 total bytes 16000776 in_flight now 0 fair_inc 399784 prop_inc 345099 fast_inc 0 eta_inc 208653 multi_dec -809303 quick_dec -0 nack_dec -514600
Flow Uec_127_22 flowId 100 uecSrc 99 finished at 2160.39 total messages 1 total packets 3916 RTS 0 total bytes 16000776 in_flight now 0 fair_inc 428242 prop_inc 341086 fast_inc 0 eta_inc 209982 multi_dec -866410 quick_dec -0 nack_dec -481400
Flow Uec_101_90 flowId 46 uecSrc 45 finished at 2184.03 total messages 1 total packets 3916 RTS 0 total bytes 16000776 in_flight now 0 fair_inc 451202 prop_inc 286336 fast_inc 0 eta_inc 212640 multi_dec -910925 quick_dec -0 nack_dec -390100
Flow Uec_41_110 flowId 22 uecSrc 21 finished at 2191.45 total messages 1 total packets 3916 RTS 0 total bytes 16000776 in_flight now 0 fair_inc 441961 prop_inc 344875 fast_inc 0 eta_inc 213969 multi_dec -880801 quick_dec -0 nack_dec -390100
Flow Uec_48_45 flowId 115 uecSrc 114 finished at 2194.42 total messages 1 total packets 3916 RTS 0 total bytes 16000776 in_flight now 0 fair_inc 410641 prop_inc 347750 fast_inc 0 eta_inc 215298 multi_dec -897529 quick_dec -0 nack_dec -398400
Flow Uec_50_94 flowId 35 uecSrc 34 finished at 2197.56 total messages 1 total packets 3916 RTS 0 total bytes 16000776 in_flight now 0 fair_inc 417742 prop_inc 364267 fast_inc 0 eta_inc 213969 multi_dec -803853 quick_dec -0 nack_dec -444050
Flow Uec_82_20 flowId 76 uecSrc 75 finished at 2198.57 total messages 1 total packets 3916 RTS 0 total bytes 16000776 in_flight now 0 fair_inc 402695 prop_inc 329059 fast_inc 0 eta_inc 215298 multi_dec -771177 quick_dec -0 nack_dec -448200
Flow Uec_66_49 flowId 48 uecSrc 47 finished at 2203.94 total messages 1 total packets 3916 RTS 0 total bytes 16000776 in_flight now 0 fair_inc 442672 prop_inc 315091 fast_inc 0 eta_inc 213969 multi_dec -885320 quick_dec -0 nack_dec -402550
Flow Uec_34_109 flowId 128 uecSrc 127 finished at 2207.14 total messages 1 total packets 3916 RTS 0 total bytes 16000776 in_flight now 0 fair_inc 413127 prop_inc 343093 fast_inc 0 eta_inc 213969 multi_dec -742656 quick_dec -0 nack_dec -506300
Flow Uec_92_120 flowId 99 uecSrc 98 finished at 2217.79 total messages 1 total packets 3916 RTS 0 total bytes 16000776 in_flight now 0 fair_inc 396398 prop_inc 370214 fast_inc 0 eta_inc 215298 multi_dec -716359 quick_dec -0 nack_dec -456500
Flow Uec_126_97 flowId 54 uecSrc 53 finished at 2218.39 total messages 1 total packets 3916 RTS 0 total bytes 16000776 in_flight now 0 fair_inc 388862 prop_inc 382965 fast_inc 0 eta_inc 215298 multi_dec -790473 quick_dec -0 nack_dec -427450
Flow Uec_120_63 flowId 68 uecSrc 67 finished at 2228.84 total messages 1 total packets 3916 RTS 0 total bytes 16000776 in_flight now 0 fair_inc 386568 prop_inc 347371 fast_inc 0 eta_inc 217956 multi_dec -705641 quick_dec -0 nack_dec -498000
Flow Uec_113_55 flowId 6 uecSrc 5 finished at 2230.68 total messages 1 total packets 3916 RTS 0 total bytes 16000776 in_flight now 0 fair_inc 394495 prop_inc 369855 fast_inc 0 eta_inc 217956 multi_dec -796773 quick_dec -0 nack_dec -369350
Flow Uec_76_123 flowId 12 uecSrc 11 finished at 2245.68 total messages 1 total packets 3916 RTS 0 total bytes 16000776 in_flight now 0 fair_inc 435417 prop_inc 347566 fast_inc 0 eta_inc 216627 multi_dec -810865 quick_dec -0 nack_dec -435750
Flow Uec_52_75 flowId 32 uecSrc 31 finished at 2255.39 total messages 1 total packets 3916 RTS 0 total bytes 16000776 in_flight now 0 fair_inc 421416 prop_inc 365134 fast_inc 0 eta_inc 217956 multi_dec -856236 quick_dec -0 nack_dec -444050
Flow Uec_109_32 flowId 94 uecSrc 93 finished at 2257.81 total messages 1 total packets 3916 RTS 0 total bytes 16000776 in_flight now 0 fair_inc 403406 prop_inc 411540 fast_inc 0 eta_inc 220614 multi_dec -848495 quick_dec -0 nack_dec -485550
Flow Uec_58_93 flowId 75 uecSrc 74 finished at 2258.97 total messages 1 total packets 3916 RTS 0 total bytes 16000776 in_flight now 0 fair_inc 444482 prop_inc 349991 fast_inc 0 eta_inc 220614 multi_dec -884884 quick_dec -0 nack_dec -394250
Flow Uec_107_51 flowId 36 uecSrc 35 finished at 2261.67 total messages 1 total packets 3916 RTS 0 total bytes 16000776 in_flight now 0 fair_inc 392200 prop_inc 368563 fast_inc 0 eta_inc 220614 multi_dec -845960 quick_dec -0 nack_dec -410850
Flow Uec_110_80 flowId 27 uecSrc 26 finished at 2266.91 total messages 1 total packets 3916 RTS 0 total bytes 16000776 in_flight now 0 fair_inc 463245 prop_inc 363432 fast_inc 0 eta_inc 219285 multi_dec -781790 quick_dec -0 nack_dec -489700
Flow Uec_119_96 flowId 81 uecSrc 80 finished at 2276.65 total messages 1 total packets 3916 RTS 0 total bytes 16000776 in_flight now 0 fair_inc 368834 prop_inc 428818 fast_inc 0 eta_inc 221943 multi_dec -765479 quick_dec -0 nack_dec -502150
Flow Uec_67_34 flowId 84 uecSrc 83 finished at 2278.45 total messages 1 total packets 3916 RTS 0 total bytes 16000776 in_flight now 0 fair_inc 468366 prop_inc 333378 fast_inc 0 eta_inc 223272 multi_dec -774342 quick_dec -0 nack_dec -473100
Flow Uec_51_95 flowId 10 uecSrc 9 finished at 2297.35 total messages 1 total packets 3916 RTS 0 total bytes 16000776 in_flight now 0 fair_inc 453096 prop_inc 363747 fast_inc 0 eta_inc 223272 multi_dec -855159 quick_dec -0 nack_dec -427450
Flow Uec_118_58 flowId 105 uecSrc 104 finished at 2300.89 total messages 1 total packets 3916 RTS 0 total bytes 16000776 in_flight now 0 fair_inc 460405 prop_inc 378872 fast_inc 0 eta_inc 223272 multi_dec -830113 quick_dec -0 nack_dec -464800
Flow Uec_100_53 flowId 114 uecSrc 113 finished at 2309.77 total messages 1 total packets 3916 RTS 0 total bytes 16000776 in_flight now 0 fair_inc 439384 prop_inc 404207 fast_inc 0 eta_inc 224601 multi_dec -920393 quick_dec -0 nack_dec -369350
Flow Uec_114_57 flowId 88 uecSrc 87 finished at 2326.26 total messages 1 total packets 3916 RTS 0 total bytes 16000776 in_flight now 0 fair_inc 431581 prop_inc 404160 fast_inc 0 eta_inc 225930 multi_dec -844206 quick_dec -0 nack_dec -373500
Flow Uec_124_18 flowId 18 uecSrc 17 finished at 2333.77 total messages 1 total packets 3916 RTS 0 total bytes 16000776 in_flight now 0 fair_inc 450182 prop_inc 378159 fast_inc 0 eta_inc 224601 multi_dec -722952 quick_dec -60463 nack_dec -473100
Flow Uec_21_107 flowId 21 uecSrc 20 finished at 2333.97 total messages 1 total packets 3916 RTS 0 total bytes 16000776 in_flight now 0 fair_inc 453131 prop_inc 337315 fast_inc 0 eta_inc 227259 multi_dec -721305 quick_dec -0 nack_dec -531200
Flow Uec_37_103 flowId 74 uecSrc 73 finished at 2335.45 total messages 1 total packets 3916 RTS 0 total bytes 16000776 in_flight now 0 fair_inc 456886 prop_inc 362891 fast_inc 0 eta_inc 225930 multi_dec -849900 quick_dec -0 nack_dec -444050
Flow Uec_70_112 flowId 80 uecSrc 79 finished at 2344.41 total messages 1 total packets 3916 RTS 0 total bytes 16000776 in_flight now 0 fair_inc 432725 prop_inc 375291 fast_inc 0 eta_inc 227259 multi_dec -892394 quick_dec -0 nack_dec -423300
Flow Uec_125_91 flowId 50 uecSrc 49 finished at 2352.88 total messages 1 total packets 3916 RTS 0 total bytes 16000776 in_flight now 0 fair_inc 391685 prop_inc 422168 fast_inc 0 eta_inc 228588 multi_dec -810634 quick_dec -0 nack_dec -485550
Flow Uec_59_71 flowId 40 uecSrc 39 finished at 2353.08 total messages 1 total packets 3916 RTS 0 total bytes 16000776 in_flight now 0 fair_inc 426171 prop_inc 413495 fast_inc 0 eta_inc 228588 multi_dec -863665 quick_dec -0 nack_dec -448200
Flow Uec_81_50 flowId 60 uecSrc 59 finished at 2360.9 total messages 1 total packets 3916 RTS 0 total bytes 16000776 in_flight now 0 fair_inc 426603 prop_inc 438988 fast_inc 0 eta_inc 228588 multi_dec -967284 quick_dec -0 nack_dec -435750
Flow Uec_49_100 flowId 108 uecSrc 107 finished at 2366.08 total messages 1 total packets 3916 RTS 0 total bytes 16000776 in_flight now 0 fair_inc 379716 prop_inc 542689 fast_inc 0 eta_inc 228588 multi_dec -895777 quick_dec -0 nack_dec -452350
Flow Uec_87_17 flowId 15 uecSrc 14 finished at 2367.63 total messages 1 total packets 3916 RTS 0 total bytes 16000776 in_flight now 0 fair_inc 412981 prop_inc 387527 fast_inc 0 eta_inc 229917 multi_dec -906779 quick_dec -0 nack_dec -423300
Flow Uec_88_54 flowId 33 uecSrc 32 finished at 2369.38 total messages 1 total packets 3916 RTS 0 total bytes 16000776 in_flight now 0 fair_inc 442020 prop_inc 422384 fast_inc 0 eta_inc 229917 multi_dec -864109 quick_dec -0 nack_dec -468950
Flow Uec_55_78 flowId 107 uecSrc 106 finished at 2369.78 total messages 1 total packets 3916 RTS 0 total bytes 16000776 in_flight now 0 fair_inc 420084 prop_inc 414629 fast_inc 0 eta_inc 231246 multi_dec -841016 quick_dec -0 nack_dec -481400
Flow Uec_102_61 flowId 125 uecSrc 124 finished at 2373.19 total messages 1 total packets 3916 RTS 0 total bytes 16000776 in_flight now 0 fair_inc 389960 prop_inc 461549 fast_inc 0 eta_inc 229917 multi_dec -826741 quick_dec -0 nack_dec -431600
Flow Uec_16_101 flowId 20 uecSrc 19 finished at 2378.28 total messages 1 total packets 3916 RTS 0 total bytes 16000776 in_flight now 0 fair_inc 444233 prop_inc 368081 fast_inc 0 eta_inc 231246 multi_dec -747174 quick_dec -0 nack_dec -560250
Flow Uec_104_37 flowId 79 uecSrc 78 finished at 2378.54 total messages 1 total packets 3916 RTS 0 total bytes 16000776 in_flight now 0 fair_inc 398632 prop_inc 473700 fast_inc 0 eta_inc 229917 multi_dec -897795 quick_dec -108 nack_dec -373500
Flow Uec_47_27 flowId 51 uecSrc 50 finished at 2382.45 total messages 1 total packets 3916 RTS 0 total bytes 16000776 in_flight now 0 fair_inc 476271 prop_inc 345834 fast_inc 0 eta_inc 231246 multi_dec -861872 quick_dec -0 nack_dec -473100
Flow Uec_45_28 flowId 43 uecSrc 42 finished at 2390.46 total messages 1 total packets 3916 RTS 0 total bytes 16000776 in_flight now 0 fair_inc 458316 prop_inc 365925 fast_inc 0 eta_inc 232575 multi_dec -758941 quick_dec -0 nack_dec -522900
Flow Uec_23_115 flowId 70 uecSrc 69 finished at 2402.36 total messages 1 total packets 3916 RTS 0 total bytes 16000776 in_flight now 0 fair_inc 452801 prop_inc 379326 fast_inc 0 eta_inc 231246 multi_dec -691473 quick_dec -0 nack_dec -572700
Flow Uec_18_126 flowId 62 uecSrc 61 finished at 2407.29 total messages 1 total packets 3916 RTS 0 total bytes 16000776 in_flight now 0 fair_inc 513104 prop_inc 350082 fast_inc 0 eta_inc 232575 multi_dec -826058 quick_dec -0 nack_dec -510450
Flow Uec_105_92 flowId 25 uecSrc 24 finished at 2407.78 total messages 1 total packets 3916 RTS 0 total bytes 16000776 in_flight now 0 fair_inc 436903 prop_inc 457699 fast_inc 0 eta_inc 232575 multi_dec -830858 quick_dec -0 nack_dec -452350
Flow Uec_72_121 flowId 127 uecSrc 126 finished at 2410.56 total messages 1 total packets 3916 RTS 0 total bytes 16000776 in_flight now 0 fair_inc 421016 prop_inc 421544 fast_inc 0 eta_inc 233904 multi_dec -835112 quick_dec -0 nack_dec -452350
Flow Uec_54_35 flowId 86 uecSrc 85 finished at 2412.6 total messages 1 total packets 3916 RTS 0 total bytes 16000776 in_flight now 0 fair_inc 427939 prop_inc 466921 fast_inc 0 eta_inc 232575 multi_dec -949638 quick_dec -0 nack_dec -365200
Flow Uec_112_65 flowId 49 uecSrc 48 finished at 2414.01 total messages 1 total packets 3916 RTS 0 total bytes 16000776 in_flight now 0 fair_inc 423225 prop_inc 493907 fast_inc 0 eta_inc 233904 multi_dec -930761 quick_dec -0 nack_dec -481400
Flow Uec_99_77 flowId 11 uecSrc 10 finished at 2415.13 total messages 1 total packets 3916 RTS 0 total bytes 16000776 in_flight now 0 fair_inc 458324 prop_inc 404581 fast_inc 0 eta_inc 233904 multi_dec -931197 quick_dec -0 nack_dec -444050
Flow Uec_40_98 flowId 95 uecSrc 94 finished at 2418.46 total messages 1 total packets 3916 RTS 0 total bytes 16000776 in_flight now 0 fair_inc 487578 prop_inc 389801 fast_inc 0 eta_inc 233904 multi_dec -826970 quick_dec -0 nack_dec -506300
Flow Uec_85_102 flowId 65 uecSrc 64 finished at 2418.78 total messages 1 total packets 3916 RTS 0 total bytes 16000776 in_flight now 0 fair_inc 408696 prop_inc 445366 fast_inc 0 eta_inc 232575 multi_dec -840482 quick_dec -0 nack_dec -431600
Flow Uec_123_64 flowId 119 uecSrc 118 finished at 2433.94 total messages 1 total packets 3916 RTS 0 total bytes 16000776 in_flight now 0 fair_inc 412756 prop_inc 441372 fast_inc 0 eta_inc 236562 multi_dec -848867 quick_dec -0 nack_dec -477250
Flow Uec_22_117 flowId 29 uecSrc 28 finished at 2438.48 total messages 1 total packets 3916 RTS 0 total bytes 16000776 in_flight now 0 fair_inc 453739 prop_inc 402692 fast_inc 0 eta_inc 236562 multi_dec -715888 quick_dec -0 nack_dec -568550
Flow Uec_17_125 flowId 8 uecSrc 7 finished at 2441.64 total messages 1 total packets 3916 RTS 0 total bytes 16000776 in_flight now 0 fair_inc 472190 prop_inc 424791 fast_inc 0 eta_inc 233904 multi_dec -724968 quick_dec -0 nack_dec -527050
Flow Uec_98_76 flowId 104 uecSrc 103 finished at 2444.64 total messages 1 total packets 3916 RTS 0 total bytes 16000776 in_flight now 0 fair_inc 473092 prop_inc 456401 fast_inc 0 eta_inc 235233 multi_dec -950924 quick_dec -0 nack_dec -435750
Flow Uec_39_124 flowId 31 uecSrc 30 finished at 2444.73 total messages 1 total packets 3916 RTS 0 total bytes 16000776 in_flight now 0 fair_inc 433819 prop_inc 391079 fast_inc 0 eta_inc 235233 multi_dec -803892 quick_dec -0 nack_dec -452350
Flow Uec_25_87 flowId 56 uecSrc 55 finished at 2455.67 total messages 1 total packets 3916 RTS 0 total bytes 16000776 in_flight now 0 fair_inc 526443 prop_inc 367429 fast_inc 0 eta_inc 237891 multi_dec -909618 quick_dec -0 nack_dec -464800
Flow Uec_20_40 flowId 23 uecSrc 22 finished at 2458.01 total messages 1 total packets 3916 RTS 0 total bytes 16000776 in_flight now 0 fair_inc 488631 prop_inc 392131 fast_inc 0 eta_inc 237891 multi_dec -872572 quick_dec -0 nack_dec -485550
Flow Uec_73_41 flowId 69 uecSrc 68 finished at 2460.39 total messages 1 total packets 3916 RTS 0 total bytes 16000776 in_flight now 0 fair_inc 523257 prop_inc 384216 fast_inc 0 eta_inc 237891 multi_dec -878784 quick_dec -0 nack_dec -506300
Flow Uec_42_60 flowId 67 uecSrc 66 finished at 2463.01 total messages 1 total packets 3916 RTS 0 total bytes 16000776 in_flight now 0 fair_inc 413255 prop_inc 439424 fast_inc 0 eta_inc 239220 multi_dec -883949 quick_dec -0 nack_dec -431600
Flow Uec_62_68 flowId 111 uecSrc 110 finished at 2463.76 total messages 1 total packets 3916 RTS 0 total bytes 16000776 in_flight now 0 fair_inc 408410 prop_inc 509446 fast_inc 0 eta_inc 237891 multi_dec -857583 quick_dec -1695 nack_dec -415000
Flow Uec_103_67 flowId 73 uecSrc 72 finished at 2464.93 total messages 1 total packets 3916 RTS 0 total bytes 16000776 in_flight now 0 fair_inc 416940 prop_inc 499468 fast_inc 0 eta_inc 237891 multi_dec -794952 quick_dec -0 nack_dec -527050
Flow Uec_33_105 flowId 37 uecSrc 36 finished at 2488.17 total messages 1 total packets 3916 RTS 0 total bytes 16000776 in_flight now 0 fair_inc 414790 prop_inc 480040 fast_inc 0 eta_inc 240549 multi_dec -695092 quick_dec -23357 nack_dec -547800
Flow Uec_53_83 flowId 72 uecSrc 71 finished at 2489.52 total messages 1 total packets 3916 RTS 0 total bytes 16000776 in_flight now 0 fair_inc 441199 prop_inc 533493 fast_inc 0 eta_inc 240549 multi_dec -871272 quick_dec -0 nack_dec -456500
Flow Uec_74_47 flowId 34 uecSrc 33 finished at 2493.85 total messages 1 total packets 3916 RTS 0 total bytes 16000776 in_flight now 0 fair_inc 453998 prop_inc 426527 fast_inc 0 eta_inc 240549 multi_dec -783484 quick_dec -0 nack_dec -498000
Flow Uec_91_31 flowId 85 uecSrc 84 finished at 2507.15 total messages 1 total packets 3916 RTS 0 total bytes 16000776 in_flight now 0 fair_inc 436419 prop_inc 460054 fast_inc 0 eta_inc 241878 multi_dec -811465 quick_dec -0 nack_dec -464800
Flow Uec_64_82 flowId 66 uecSrc 65 finished at 2507.64 total messages 1 total packets 3916 RTS 0 total bytes 16000776 in_flight now 0 fair_inc 457992 prop_inc 419659 fast_inc 0 eta_inc 240549 multi_dec -828976 quick_dec -36911 nack_dec -448200
Flow Uec_80_36 flowId 16 uecSrc 15 finished at 2520.98 total messages 1 total packets 3916 RTS 0 total bytes 16000776 in_flight now 0 fair_inc 439473 prop_inc 440151 fast_inc 0 eta_inc 243207 multi_dec -830856 quick_dec -0 nack_dec -439900
Flow Uec_90_38 flowId 52 uecSrc 51 finished at 2521.5 total messages 1 total packets 3916 RTS 0 total bytes 16000776 in_flight now 0 fair_inc 432331 prop_inc 476061 fast_inc 0 eta_inc 240549 multi_dec -788959 quick_dec -73887 nack_dec -439900
Flow Uec_36_85 flowId 4 uecSrc 3 finished at 2527.99 total messages 1 total packets 3916 RTS 0 total bytes 16000776 in_flight now 0 fair_inc 487676 prop_inc 435822 fast_inc 0 eta_inc 244536 multi_dec -894300 quick_dec -0 nack_dec -460650
Flow Uec_65_16 flowId 58 uecSrc 57 finished at 2533.22 total messages 1 total packets 3916 RTS 0 total bytes 16000776 in_flight now 0 fair_inc 483716 prop_inc 395674 fast_inc 0 eta_inc 245865 multi_dec -924622 quick_dec -0 nack_dec -456500
Flow Uec_89_29 flowId 102 uecSrc 101 finished at 2534.24 total messages 1 total packets 3916 RTS 0 total bytes 16000776 in_flight now 0 fair_inc 459965 prop_inc 441339 fast_inc 0 eta_inc 245865 multi_dec -864944 quick_dec -0 nack_dec -481400
Flow Uec_43_89 flowId 44 uecSrc 43 finished at 2537.05 total messages 1 total packets 3916 RTS 0 total bytes 16000776 in_flight now 0 fair_inc 461945 prop_inc 473735 fast_inc 0 eta_inc 244536 multi_dec -978204 quick_dec -0 nack_dec -373500
Flow Uec_79_56 flowId 24 uecSrc 23 finished at 2540.17 total messages 1 total packets 3916 RTS 0 total bytes 16000776 in_flight now 0 fair_inc 385009 prop_inc 546926 fast_inc 0 eta_inc 244536 multi_dec -855872 quick_dec -10314 nack_dec -464800
Flow Uec_78_21 flowId 77 uecSrc 76 finished at 2545.6 total messages 1 total packets 3916 RTS 0 total bytes 16000776 in_flight now 0 fair_inc 465039 prop_inc 444254 fast_inc 0 eta_inc 244536 multi_dec -849762 quick_dec -0 nack_dec -527050
Flow Uec_94_19 flowId 13 uecSrc 12 finished at 2548.04 total messages 1 total packets 3916 RTS 0 total bytes 16000776 in_flight now 0 fair_inc 411473 prop_inc 497718 fast_inc 0 eta_inc 244536 multi_dec -792317 quick_dec -0 nack_dec -477250
Flow Uec_117_81 flowId 101 uecSrc 100 finished at 2549.99 total messages 1 total packets 3916 RTS 0 total bytes 16000776 in_flight now 0 fair_inc 432068 prop_inc 603326 fast_inc 0 eta_inc 243207 multi_dec -919319 quick_dec -9019 nack_dec -431600
Flow Uec_35_88 flowId 45 uecSrc 44 finished at 2566.57 total messages 1 total packets 3916 RTS 0 total bytes 16000776 in_flight now 0 fair_inc 500209 prop_inc 475351 fast_inc 15327 eta_inc 245865 multi_dec -901437 quick_dec -0 nack_dec -481400
Flow Uec_24_39 flowId 64 uecSrc 63 finished at 2568.36 total messages 1 total packets 3916 RTS 0 total bytes 16000776 in_flight now 0 fair_inc 405520 prop_inc 586221 fast_inc 0 eta_inc 244536 multi_dec -841712 quick_dec --11200 nack_dec -489700
Flow Uec_68_26 flowId 61 uecSrc 60 finished at 2577.43 total messages 1 total packets 3916 RTS 0 total bytes 16000776 in_flight now 0 fair_inc 409711 prop_inc 535211 fast_inc 0 eta_inc 245865 multi_dec -817175 quick_dec -3333 nack_dec -510450
Flow Uec_29_74 flowId 98 uecSrc 97 finished at 2583.36 total messages 1 total packets 3916 RTS 0 total bytes 16000776 in_flight now 0 fair_inc 509878 prop_inc 575485 fast_inc 0 eta_inc 248523 multi_dec -980896 quick_dec -0 nack_dec -527050
Flow Uec_75_23 flowId 97 uecSrc 96 finished at 2584.17 total messages 1 total packets 3916 RTS 0 total bytes 16000776 in_flight now 0 fair_inc 460633 prop_inc 517825 fast_inc 0 eta_inc 245865 multi_dec -911802 quick_dec --1260 nack_dec -460650
Flow Uec_86_73 flowId 28 uecSrc 27 finished at 2633.06 total messages 1 total packets 3916 RTS 0 total bytes 16000776 in_flight now 0 fair_inc 440487 prop_inc 646205 fast_inc 0 eta_inc 251181 multi_dec -881548 quick_dec -45614 nack_dec -506300
Flow Uec_32_72 flowId 122 uecSrc 121 finished at 2634.95 total messages 1 total packets 3916 RTS 0 total bytes 16000776 in_flight now 0 fair_inc 424002 prop_inc 660100 fast_inc 0 eta_inc 249852 multi_dec -862748 quick_dec -56907 nack_dec -464800
Flow Uec_26_44 flowId 113 uecSrc 112 finished at 2657.04 total messages 1 total packets 3916 RTS 0 total bytes 16000776 in_flight now 0 fair_inc 471790 prop_inc 668793 fast_inc 0 eta_inc 252510 multi_dec -885123 quick_dec -38636 nack_dec -481400
..Received SIGTERM at 145000 us, shutting down cleanly.
New: 501248 Rtx: 12365 RTS: 0 Bounced: 0 ACKs: 398475 NACKs: 12365 Pulls: 0 sleek_pkts: 0
SPURIOUS_COUNT 0
