Flow Uec_60_62 flowId 117 uecSrc 116 finished at 2614.31 total messages 1 total packets 15664 RTS 0 total bytes 64003104 in_flight now 0 fair_inc 0 prop_inc 5499054 fast_inc 14893345 eta_inc 260484 multi_dec -0 quick_dec -0 nack_dec -0
Flow Uec_1_2 flowId 89 uecSrc 88 finished at 2616.2 total messages 1 total packets 15664 RTS 0 total bytes 64003104 in_flight now 0 fair_inc 0 prop_inc 25672 fast_inc 35155160 eta_inc 260484 multi_dec -0 quick_dec -0 nack_dec -0
Flow Uec_0_3 flowId 103 uecSrc 102 finished at 2616.99 total messages 1 total packets 15664 RTS 0 total bytes 64003104 in_flight now 0 fair_inc 0 prop_inc 6854992 fast_inc 9700922 eta_inc 259155 multi_dec -0 quick_dec -0 nack_dec -0
Flow Uec_93_86 flowId 92 uecSrc 91 finished at 2619.21 total messages 1 total packets 15664 RTS 0 total bytes 64003104 in_flight now 0 fair_inc 0 prop_inc 3090952 fast_inc 12976558 eta_inc 260484 multi_dec -0 quick_dec -0 nack_dec -0
Flow Uec_19_24 flowId 63 uecSrc 62 finished at 2619.28 total messages 1 total packets 15664 RTS 0 total bytes 64003104 in_flight now 0 fair_inc 0 prop_inc 4108532 fast_inc 0 eta_inc 260484 multi_dec -0 quick_dec -0 nack_dec -0
Flow Uec_2_4 flowId 93 uecSrc 92 finished at 2620.39 total messages 1 total packets 15664 RTS 0 total bytes 64003104 in_flight now 0 fair_inc 0 prop_inc 1763172 fast_inc 22551494 eta_inc 260484 multi_dec -0 quick_dec -0 nack_dec -0
Flow Uec_122_116 flowId 14 uecSrc 13 finished at 2620.65 total messages 1 total packets 15664 RTS 0 total bytes 64003104 in_flight now 0 fair_inc 0 prop_inc 4442600 fast_inc 0 eta_inc 259155 multi_dec -0 quick_dec -0 nack_dec -0
Flow Uec_57_52 flowId 118 uecSrc 117 finished at 2620.72 total messages 1 total packets 15664 RTS 0 total bytes 64003104 in_flight now 0 fair_inc 0 prop_inc 4381337 fast_inc 0 eta_inc 260484 multi_dec -0 quick_dec -0 nack_dec -0
Flow Uec_97_111 flowId 124 uecSrc 123 finished at 2620.77 total messages 1 total packets 15664 RTS 0 total bytes 64003104 in_flight now 0 fair_inc 0 prop_inc 4664852 fast_inc 0 eta_inc 260484 multi_dec -0 quick_dec -0 nack_dec -0
Flow Uec_116_122 flowId 55 uecSrc 54 finished at 2620.98 total messages 1 total packets 15664 RTS 0 total bytes 64003104 in_flight now 0 fair_inc 0 prop_inc 4164530 fast_inc 0 eta_inc 259155 multi_dec -0 quick_dec -0 nack_dec -0
Flow Uec_46_43 flowId 2 uecSrc 1 finished at 2621 total messages 1 total packets 15664 RTS 0 total bytes 64003104 in_flight now 0 fair_inc 0 prop_inc 2979144 fast_inc 14106498 eta_inc 260484 multi_dec -0 quick_dec -0 nack_dec -0
Flow Uec_71_66 flowId 3 uecSrc 2 finished at 2621.16 total messages 1 total packets 15664 RTS 0 total bytes 64003104 in_flight now 0 fair_inc 0 prop_inc 3665308 fast_inc 0 eta_inc 260484 multi_dec -0 quick_dec -0 nack_dec -0
Flow Uec_12_0 flowId 112 uecSrc 111 finished at 2621.42 total messages 1 total packets 15664 RTS 0 total bytes 64003104 in_flight now 0 fair_inc 0 prop_inc 4980566 fast_inc 98989 eta_inc 260484 multi_dec -0 quick_dec -0 nack_dec -0
Flow Uec_111_106 flowId 71 uecSrc 70 finished at 2622.29 total messages 1 total packets 15664 RTS 0 total bytes 64003104 in_flight now 0 fair_inc 0 prop_inc 4202936 fast_inc 0 eta_inc 260484 multi_dec -0 quick_dec -0 nack_dec -0
Flow Uec_13_11 flowId 96 uecSrc 95 finished at 2624.27 total messages 1 total packets 15664 RTS 0 total bytes 64003104 in_flight now 0 fair_inc 0 prop_inc 3949900 fast_inc 0 eta_inc 260484 multi_dec -0 quick_dec -0 nack_dec -0
Flow Uec_115_9 flowId 91 uecSrc 90 finished at 6694.97 total messages 1 total packets 15664 RTS 0 total bytes 64003104 in_flight now 0 fair_inc 1134142 prop_inc 1208687 fast_inc 0 eta_inc 660513 multi_dec -2515381 quick_dec -0 nack_dec -834150
Flow Uec_95_15 flowId 5 uecSrc 4 finished at 6839.87 total messages 1 total packets 15664 RTS 0 total bytes 64003104 in_flight now 0 fair_inc 1107939 prop_inc 1282837 fast_inc 0 eta_inc 672474 multi_dec -2397750 quick_dec -0 nack_dec -908850
Flow Uec_31_12 flowId 59 uecSrc 58 finished at 6852.22 total messages 1 total packets 15664 RTS 0 total bytes 64003104 in_flight now 0 fair_inc 1220973 prop_inc 1141193 fast_inc 0 eta_inc 673803 multi_dec -2323705 quick_dec -0 nack_dec -950350
Flow Uec_6_48 flowId 39 uecSrc 38 finished at 7137.37 total messages 1 total packets 15664 RTS 0 total bytes 64003104 in_flight now 0 fair_inc 1384790 prop_inc 1224983 fast_inc 0 eta_inc 701712 multi_dec -2950646 quick_dec -0 nack_dec -709650
Flow Uec_7_30 flowId 19 uecSrc 18 finished at 7163 total messages 1 total packets 15664 RTS 0 total bytes 64003104 in_flight now 0 fair_inc 1338089 prop_inc 1174986 fast_inc 0 eta_inc 703041 multi_dec -2814373 quick_dec -0 nack_dec -747000
Flow Uec_5_113 flowId 42 uecSrc 41 finished at 7164.25 total messages 1 total packets 15664 RTS 0 total bytes 64003104 in_flight now 0 fair_inc 1249027 prop_inc 1295047 fast_inc 0 eta_inc 703041 multi_dec -2972337 quick_dec -0 nack_dec -630800
Flow Uec_15_70 flowId 121 uecSrc 120 finished at 7246.37 total messages 1 total packets 15664 RTS 0 total bytes 64003104 in_flight now 0 fair_inc 1223572 prop_inc 1387916 fast_inc 0 eta_inc 712344 multi_dec -2847217 quick_dec -0 nack_dec -747000
Flow Uec_8_46 flowId 123 uecSrc 122 finished at 7319.69 total messages 1 total packets 15664 RTS 0 total bytes 64003104 in_flight now 0 fair_inc 1320306 prop_inc 1299421 fast_inc 0 eta_inc 718989 multi_dec -2959884 quick_dec -0 nack_dec -659850
Flow Uec_14_127 flowId 1 uecSrc 0 finished at 7371.96 total messages 1 total packets 15664 RTS 0 total bytes 64003104 in_flight now 0 fair_inc 1283271 prop_inc 1378505 fast_inc 0 eta_inc 722976 multi_dec -2876531 quick_dec -0 nack_dec -734550
Flow Uec_11_119 flowId 47 uecSrc 46 finished at 7404.74 total messages 1 total packets 15664 RTS 0 total bytes 64003104 in_flight now 0 fair_inc 1400254 prop_inc 1370251 fast_inc 0 eta_inc 722976 multi_dec -3043095 quick_dec -0 nack_dec -709650
Flow Uec_121_6 flowId 57 uecSrc 56 finished at 7408.58 total messages 1 total packets 15664 RTS 0 total bytes 64003104 in_flight now 0 fair_inc 1321733 prop_inc 1390162 fast_inc 0 eta_inc 726963 multi_dec -2772735 quick_dec -0 nack_dec -962800
Flow Uec_69_10 flowId 90 uecSrc 89 finished at 7488.06 total messages 1 total packets 15664 RTS 0 total bytes 64003104 in_flight now 0 fair_inc 1235234 prop_inc 1393485 fast_inc 0 eta_inc 734937 multi_dec -2741866 quick_dec -0 nack_dec -888100
Flow Uec_4_118 flowId 9 uecSrc 8 finished at 7533.61 total messages 1 total packets 15664 RTS 0 total bytes 64003104 in_flight now 0 fair_inc 1189038 prop_inc 1560534 fast_inc 0 eta_inc 736266 multi_dec -2900549 quick_dec --2677 nack_dec -651550
Flow Uec_108_7 flowId 126 uecSrc 125 finished at 7549.37 total messages 1 total packets 15664 RTS 0 total bytes 64003104 in_flight now 0 fair_inc 1226459 prop_inc 1588677 fast_inc 0 eta_inc 737595 multi_dec -2836152 quick_dec -0 nack_dec -966950
Flow Uec_30_13 flowId 53 uecSrc 52 finished at 7568.12 total messages 1 total packets 15664 RTS 0 total bytes 64003104 in_flight now 0 fair_inc 1381850 prop_inc 1267451 fast_inc 0 eta_inc 742911 multi_dec -2795549 quick_dec -0 nack_dec -896400
Flow Uec_3_69 flowId 110 uecSrc 109 finished at 7598.42 total messages 1 total packets 15664 RTS 0 total bytes 64003104 in_flight now 0 fair_inc 1293799 prop_inc 1454137 fast_inc 0 eta_inc 742911 multi_dec -2904198 quick_dec --401 nack_dec -705500
Flow Uec_38_5 flowId 17 uecSrc 16 finished at 7650.07 total messages 1 total packets 15664 RTS 0 total bytes 64003104 in_flight now 0 fair_inc 1272679 prop_inc 1520965 fast_inc 0 eta_inc 749556 multi_dec -2761774 quick_dec -0 nack_dec -954500
Flow Uec_9_84 flowId 30 uecSrc 29 finished at 7663 total messages 1 total packets 15664 RTS 0 total bytes 64003104 in_flight now 0 fair_inc 1341487 prop_inc 1434875 fast_inc 0 eta_inc 749556 multi_dec -2866778 quick_dec -0 nack_dec -776050
Flow Uec_27_1 flowId 87 uecSrc 86 finished at 7670.2 total messages 1 total packets 15664 RTS 0 total bytes 64003104 in_flight now 0 fair_inc 1326989 prop_inc 1334742 fast_inc 0 eta_inc 752214 multi_dec -2514620 quick_dec -0 nack_dec -1049950
Flow Uec_44_8 flowId 78 uecSrc 77 finished at 7717.5 total messages 1 total packets 15664 RTS 0 total bytes 64003104 in_flight now 0 fair_inc 1333951 prop_inc 1544852 fast_inc 0 eta_inc 757530 multi_dec -2768833 quick_dec -0 nack_dec -1087300
Flow Uec_10_33 flowId 38 uecSrc 37 finished at 7730.64 total messages 1 total packets 15664 RTS 0 total bytes 64003104 in_flight now 0 fair_inc 1362133 prop_inc 1491734 fast_inc 0 eta_inc 757530 multi_dec -2998749 quick_dec -0 nack_dec -717950
Flow Uec_28_14 flowId 83 uecSrc 82 finished at 7794.86 total messages 1 total packets 15664 RTS 0 total bytes 64003104 in_flight now 0 fair_inc 1354912 prop_inc 1389274 fast_inc 0 eta_inc 764175 multi_dec -2642133 quick_dec -0 nack_dec -1070700
Flow Uec_56_108 flowId 82 uecSrc 81 finished at 8030.4 total messages 1 total packets 15664 RTS 0 total bytes 64003104 in_flight now 0 fair_inc 1517950 prop_inc 1253825 fast_inc 0 eta_inc 785439 multi_dec -3151574 quick_dec -0 nack_dec -717950
Flow Uec_96_59 flowId 41 uecSrc 40 finished at 8478.04 total messages 1 total packets 15664 RTS 0 total bytes 64003104 in_flight now 0 fair_inc 1575780 prop_inc 1369161 fast_inc 0 eta_inc 825309 multi_dec -3099242 quick_dec -0 nack_dec -1012600
Flow Uec_41_110 flowId 22 uecSrc 21 finished at 8541.04 total messages 1 total packets 15664 RTS 0 total bytes 64003104 in_flight now 0 fair_inc 1641693 prop_inc 1225695 fast_inc 0 eta_inc 834612 multi_dec -2998491 quick_dec -0 nack_dec -913000
Flow Uec_127_22 flowId 100 uecSrc 99 finished at 8561.4 total messages 1 total packets 15664 RTS 0 total bytes 64003104 in_flight now 0 fair_inc 1583362 prop_inc 1389323 fast_inc 0 eta_inc 837270 multi_dec -3069881 quick_dec -0 nack_dec -1025050
Flow Uec_120_63 flowId 68 uecSrc 67 finished at 8672.2 total messages 1 total packets 15664 RTS 0 total bytes 64003104 in_flight now 0 fair_inc 1644472 prop_inc 1286071 fast_inc 0 eta_inc 845244 multi_dec -3090312 quick_dec -10441 nack_dec -958650
Flow Uec_119_96 flowId 81 uecSrc 80 finished at 8673.72 total messages 1 total packets 15664 RTS 0 total bytes 64003104 in_flight now 0 fair_inc 1589197 prop_inc 1439865 fast_inc 0 eta_inc 846573 multi_dec -3255016 quick_dec -0 nack_dec -883950
Flow Uec_33_105 flowId 37 uecSrc 36 finished at 8739.24 total messages 1 total packets 15664 RTS 0 total bytes 64003104 in_flight now 0 fair_inc 1731016 prop_inc 1278747 fast_inc 0 eta_inc 853218 multi_dec -3017124 quick_dec -11013 nack_dec -1074850
Flow Uec_61_114 flowId 26 uecSrc 25 finished at 8783.79 total messages 1 total packets 15664 RTS 0 total bytes 64003104 in_flight now 0 fair_inc 1556153 prop_inc 1506750 fast_inc 0 eta_inc 857205 multi_dec -3267334 quick_dec -0 nack_dec -954500
Flow Uec_63_25 flowId 120 uecSrc 119 finished at 8785.48 total messages 1 total packets 15664 RTS 0 total bytes 64003104 in_flight now 0 fair_inc 1667085 prop_inc 1429760 fast_inc 0 eta_inc 857205 multi_dec -3354074 quick_dec -0 nack_dec -958650
Flow Uec_101_90 flowId 46 uecSrc 45 finished at 8852.44 total messages 1 total packets 15664 RTS 0 total bytes 64003104 in_flight now 0 fair_inc 1737443 prop_inc 1344160 fast_inc 0 eta_inc 862521 multi_dec -3227934 quick_dec -0 nack_dec -1066550
Flow Uec_52_75 flowId 32 uecSrc 31 finished at 8856.67 total messages 1 total packets 15664 RTS 0 total bytes 64003104 in_flight now 0 fair_inc 1625463 prop_inc 1468764 fast_inc 0 eta_inc 863850 multi_dec -3366708 quick_dec -0 nack_dec -925450
Flow Uec_70_112 flowId 80 uecSrc 79 finished at 8865.01 total messages 1 total packets 15664 RTS 0 total bytes 64003104 in_flight now 0 fair_inc 1661737 prop_inc 1321457 fast_inc 0 eta_inc 866508 multi_dec -3246036 quick_dec -0 nack_dec -917150
Flow Uec_48_45 flowId 115 uecSrc 114 finished at 8911.6 total messages 1 total packets 15664 RTS 0 total bytes 64003104 in_flight now 0 fair_inc 1657050 prop_inc 1556314 fast_inc 0 eta_inc 869166 multi_dec -3494615 quick_dec -0 nack_dec -933750
Flow Uec_102_61 flowId 125 uecSrc 124 finished at 8932.92 total messages 1 total packets 15664 RTS 0 total bytes 64003104 in_flight now 0 fair_inc 1630840 prop_inc 1484830 fast_inc 0 eta_inc 871824 multi_dec -3176885 quick_dec -0 nack_dec -1195200
Flow Uec_126_97 flowId 54 uecSrc 53 finished at 8975.06 total messages 1 total packets 15664 RTS 0 total bytes 64003104 in_flight now 0 fair_inc 1621934 prop_inc 1587948 fast_inc 0 eta_inc 871824 multi_dec -3395963 quick_dec -0 nack_dec -913000
Flow Uec_22_117 flowId 29 uecSrc 28 finished at 9014.73 total messages 1 total packets 15664 RTS 0 total bytes 64003104 in_flight now 0 fair_inc 1761088 prop_inc 1239632 fast_inc 0 eta_inc 877140 multi_dec -3086338 quick_dec -0 nack_dec -1033350
Flow Uec_113_55 flowId 6 uecSrc 5 finished at 9076.05 total messages 1 total packets 15664 RTS 0 total bytes 64003104 in_flight now 0 fair_inc 1780606 prop_inc 1348271 fast_inc 0 eta_inc 882456 multi_dec -3295501 quick_dec -0 nack_dec -1000150
Flow Uec_106_79 flowId 109 uecSrc 108 finished at 9101.59 total messages 1 total packets 15664 RTS 0 total bytes 64003104 in_flight now 0 fair_inc 1671614 prop_inc 1493543 fast_inc 0 eta_inc 885114 multi_dec -3478691 quick_dec -0 nack_dec -966950
Flow Uec_107_51 flowId 36 uecSrc 35 finished at 9103.65 total messages 1 total packets 15664 RTS 0 total bytes 64003104 in_flight now 0 fair_inc 1627844 prop_inc 1559954 fast_inc 0 eta_inc 887772 multi_dec -3457542 quick_dec -0 nack_dec -950350
Flow Uec_114_57 flowId 88 uecSrc 87 finished at 9156.43 total messages 1 total packets 15664 RTS 0 total bytes 64003104 in_flight now 0 fair_inc 1705909 prop_inc 1459022 fast_inc 0 eta_inc 889101 multi_dec -3460171 quick_dec -5114 nack_dec -904700
Flow Uec_55_78 flowId 107 uecSrc 106 finished at 9158.65 total messages 1 total packets 15664 RTS 0 total bytes 64003104 in_flight now 0 fair_inc 1722660 prop_inc 1457264 fast_inc 0 eta_inc 889101 multi_dec -3576869 quick_dec -0 nack_dec -825850
Flow Uec_72_121 flowId 127 uecSrc 126 finished at 9164.36 total messages 1 total packets 15664 RTS 0 total bytes 64003104 in_flight now 0 fair_inc 1744422 prop_inc 1426564 fast_inc 0 eta_inc 887772 multi_dec -3508436 quick_dec -15048 nack_dec -929600
Flow Uec_118_58 flowId 105 uecSrc 104 finished at 9172.85 total messages 1 total packets 15664 RTS 0 total bytes 64003104 in_flight now 0 fair_inc 1628376 prop_inc 1471387 fast_inc 0 eta_inc 891759 multi_dec -3132925 quick_dec -0 nack_dec -1033350
Flow Uec_54_35 flowId 86 uecSrc 85 finished at 9182.77 total messages 1 total packets 15664 RTS 0 total bytes 64003104 in_flight now 0 fair_inc 1584952 prop_inc 1713766 fast_inc 0 eta_inc 895746 multi_dec -3658974 quick_dec -0 nack_dec -854900
Flow Uec_110_80 flowId 27 uecSrc 26 finished at 9193.09 total messages 1 total packets 15664 RTS 0 total bytes 64003104 in_flight now 0 fair_inc 1726583 prop_inc 1445844 fast_inc 0 eta_inc 895746 multi_dec -3219924 quick_dec -0 nack_dec -1220100
Flow Uec_50_94 flowId 35 uecSrc 34 finished at 9196.86 total messages 1 total packets 15664 RTS 0 total bytes 64003104 in_flight now 0 fair_inc 1816871 prop_inc 1415381 fast_inc 0 eta_inc 894417 multi_dec -3485552 quick_dec -0 nack_dec -991850
Flow Uec_49_100 flowId 108 uecSrc 107 finished at 9210.9 total messages 1 total packets 15664 RTS 0 total bytes 64003104 in_flight now 0 fair_inc 1694983 prop_inc 1535934 fast_inc 0 eta_inc 891759 multi_dec -3394283 quick_dec -0 nack_dec -962800
Flow Uec_100_53 flowId 114 uecSrc 113 finished at 9224.22 total messages 1 total packets 15664 RTS 0 total bytes 64003104 in_flight now 0 fair_inc 1602021 prop_inc 1673200 fast_inc 0 eta_inc 894417 multi_dec -3451396 quick_dec -0 nack_dec -921300
Flow Uec_87_17 flowId 15 uecSrc 14 finished at 9225.42 total messages 1 total packets 15664 RTS 0 total bytes 64003104 in_flight now 0 fair_inc 1905252 prop_inc 1347458 fast_inc 0 eta_inc 898404 multi_dec -3566622 quick_dec -0 nack_dec -987700
Flow Uec_84_99 flowId 7 uecSrc 6 finished at 9226.66 total messages 1 total packets 15664 RTS 0 total bytes 64003104 in_flight now 0 fair_inc 1972858 prop_inc 1348375 fast_inc 0 eta_inc 899733 multi_dec -3729159 quick_dec -0 nack_dec -788500
Flow Uec_18_126 flowId 62 uecSrc 61 finished at 9259.66 total messages 1 total packets 15664 RTS 0 total bytes 64003104 in_flight now 0 fair_inc 1829033 prop_inc 1350210 fast_inc 0 eta_inc 895746 multi_dec -3210590 quick_dec -0 nack_dec -1070700
Flow Uec_42_60 flowId 67 uecSrc 66 finished at 9272.34 total messages 1 total packets 15664 RTS 0 total bytes 64003104 in_flight now 0 fair_inc 1748310 prop_inc 1450209 fast_inc 0 eta_inc 899733 multi_dec -3356453 quick_dec -0 nack_dec -888100
Flow Uec_16_101 flowId 20 uecSrc 19 finished at 9296.02 total messages 1 total packets 15664 RTS 0 total bytes 64003104 in_flight now 0 fair_inc 1766463 prop_inc 1361230 fast_inc 0 eta_inc 902391 multi_dec -3260695 quick_dec -0 nack_dec -1012600
Flow Uec_34_109 flowId 128 uecSrc 127 finished at 9307.2 total messages 1 total packets 15664 RTS 0 total bytes 64003104 in_flight now 0 fair_inc 1857594 prop_inc 1366212 fast_inc 0 eta_inc 903720 multi_dec -3373532 quick_dec -0 nack_dec -1049950
Flow Uec_58_93 flowId 75 uecSrc 74 finished at 9315.57 total messages 1 total packets 15664 RTS 0 total bytes 64003104 in_flight now 0 fair_inc 1800530 prop_inc 1464555 fast_inc 0 eta_inc 905049 multi_dec -3557418 quick_dec -0 nack_dec -888100
Flow Uec_66_49 flowId 48 uecSrc 47 finished at 9338.76 total messages 1 total packets 15664 RTS 0 total bytes 64003104 in_flight now 0 fair_inc 1833645 prop_inc 1434507 fast_inc 0 eta_inc 906378 multi_dec -3575017 quick_dec -0 nack_dec -921300
Flow Uec_83_104 flowId 116 uecSrc 115 finished at 9395.49 total messages 1 total packets 15664 RTS 0 total bytes 64003104 in_flight now 0 fair_inc 1855074 prop_inc 1503657 fast_inc 0 eta_inc 909036 multi_dec -3635685 quick_dec -22130 nack_dec -966950
Flow Uec_103_67 flowId 73 uecSrc 72 finished at 9419.34 total messages 1 total packets 15664 RTS 0 total bytes 64003104 in_flight now 0 fair_inc 1641920 prop_inc 1549008 fast_inc 0 eta_inc 909036 multi_dec -3421866 quick_dec -0 nack_dec -1033350
Flow Uec_104_37 flowId 79 uecSrc 78 finished at 9438.99 total messages 1 total packets 15664 RTS 0 total bytes 64003104 in_flight now 0 fair_inc 1670059 prop_inc 1624649 fast_inc 0 eta_inc 915681 multi_dec -3469700 quick_dec -21615 nack_dec -1049950
Flow Uec_117_81 flowId 101 uecSrc 100 finished at 9451.51 total messages 1 total packets 15664 RTS 0 total bytes 64003104 in_flight now 0 fair_inc 1702116 prop_inc 1561071 fast_inc 0 eta_inc 917010 multi_dec -3370945 quick_dec -0 nack_dec -1108050
Flow Uec_124_18 flowId 18 uecSrc 17 finished at 9455.3 total messages 1 total packets 15664 RTS 0 total bytes 64003104 in_flight now 0 fair_inc 1623945 prop_inc 1608632 fast_inc 0 eta_inc 910365 multi_dec -3369500 quick_dec -6653 nack_dec -879800
Flow Uec_105_92 flowId 25 uecSrc 24 finished at 9474.9 total messages 1 total packets 15664 RTS 0 total bytes 64003104 in_flight now 0 fair_inc 1797448 prop_inc 1561366 fast_inc 0 eta_inc 919668 multi_dec -3451866 quick_dec -0 nack_dec -1095600
Flow Uec_39_124 flowId 31 uecSrc 30 finished at 9477.07 total messages 1 total packets 15664 RTS 0 total bytes 64003104 in_flight now 0 fair_inc 1753319 prop_inc 1513296 fast_inc 0 eta_inc 918339 multi_dec -3377284 quick_dec -0 nack_dec -962800
Flow Uec_21_107 flowId 21 uecSrc 20 finished at 9517.77 total messages 1 total packets 15664 RTS 0 total bytes 64003104 in_flight now 0 fair_inc 1894196 prop_inc 1403407 fast_inc 0 eta_inc 924984 multi_dec -3345706 quick_dec -0 nack_dec -1083150
Flow Uec_112_65 flowId 49 uecSrc 48 finished at 9519.29 total messages 1 total packets 15664 RTS 0 total bytes 64003104 in_flight now 0 fair_inc 1720454 prop_inc 1569976 fast_inc 0 eta_inc 923655 multi_dec -3477722 quick_dec -0 nack_dec -991850
Flow Uec_85_102 flowId 65 uecSrc 64 finished at 9519.64 total messages 1 total packets 15664 RTS 0 total bytes 64003104 in_flight now 0 fair_inc 1838373 prop_inc 1549264 fast_inc 0 eta_inc 926313 multi_dec -3614188 quick_dec -0 nack_dec -937900
Flow Uec_62_68 flowId 111 uecSrc 110 finished at 9527.86 total messages 1 total packets 15664 RTS 0 total bytes 64003104 in_flight now 0 fair_inc 1651304 prop_inc 1567806 fast_inc 0 eta_inc 920997 multi_dec -3345888 quick_dec -1695 nack_dec -1000150
Flow Uec_23_115 flowId 70 uecSrc 69 finished at 9529.35 total messages 1 total packets 15664 RTS 0 total bytes 64003104 in_flight now 0 fair_inc 1921563 prop_inc 1367481 fast_inc 0 eta_inc 918339 multi_dec -3374083 quick_dec -57013 nack_dec -983550
Flow Uec_92_120 flowId 99 uecSrc 98 finished at 9532.5 total messages 1 total packets 15664 RTS 0 total bytes 64003104 in_flight now 0 fair_inc 1796080 prop_inc 1477317 fast_inc 0 eta_inc 922326 multi_dec -3303262 quick_dec -52865 nack_dec -1049950
Flow Uec_109_32 flowId 94 uecSrc 93 finished at 9544.71 total messages 1 total packets 15664 RTS 0 total bytes 64003104 in_flight now 0 fair_inc 1634014 prop_inc 1751557 fast_inc 0 eta_inc 922326 multi_dec -3329828 quick_dec -42034 nack_dec -1112200
Flow Uec_37_103 flowId 74 uecSrc 73 finished at 9572.65 total messages 1 total packets 15664 RTS 0 total bytes 64003104 in_flight now 0 fair_inc 1808438 prop_inc 1540648 fast_inc 0 eta_inc 923655 multi_dec -3433231 quick_dec -42205 nack_dec -954500
Flow Uec_76_123 flowId 12 uecSrc 11 finished at 9610.01 total messages 1 total packets 15664 RTS 0 total bytes 64003104 in_flight now 0 fair_inc 1859527 prop_inc 1513419 fast_inc 0 eta_inc 931629 multi_dec -3559670 quick_dec --5235 nack_dec -921300
Flow Uec_17_125 flowId 8 uecSrc 7 finished at 9614.86 total messages 1 total packets 15664 RTS 0 total bytes 64003104 in_flight now 0 fair_inc 1815978 prop_inc 1342388 fast_inc 0 eta_inc 922326 multi_dec -3175012 quick_dec -47759 nack_dec -962800
Flow Uec_59_71 flowId 40 uecSrc 39 finished at 9618.69 total messages 1 total packets 15664 RTS 0 total bytes 64003104 in_flight now 0 fair_inc 1721924 prop_inc 1562644 fast_inc 0 eta_inc 924984 multi_dec -3336455 quick_dec -19354 nack_dec -996000
Flow Uec_123_64 flowId 119 uecSrc 118 finished at 9670.79 total messages 1 total packets 15664 RTS 0 total bytes 64003104 in_flight now 0 fair_inc 1687700 prop_inc 1660447 fast_inc 0 eta_inc 932958 multi_dec -3428988 quick_dec -14307 nack_dec -991850
Flow Uec_81_50 flowId 60 uecSrc 59 finished at 9697.45 total messages 1 total packets 15664 RTS 0 total bytes 64003104 in_flight now 0 fair_inc 1839752 prop_inc 1492574 fast_inc 0 eta_inc 936945 multi_dec -3399325 quick_dec -15028 nack_dec -1062400
Flow Uec_88_54 flowId 33 uecSrc 32 finished at 9697.82 total messages 1 total packets 15664 RTS 0 total bytes 64003104 in_flight now 0 fair_inc 1904324 prop_inc 1451774 fast_inc 0 eta_inc 938274 multi_dec -3613835 quick_dec -5741 nack_dec -879800
Flow Uec_79_56 flowId 24 uecSrc 23 finished at 9706.66 total messages 1 total packets 15664 RTS 0 total bytes 64003104 in_flight now 0 fair_inc 1867759 prop_inc 1538440 fast_inc 0 eta_inc 938274 multi_dec -3560973 quick_dec -0 nack_dec -925450
Flow Uec_40_98 flowId 95 uecSrc 94 finished at 9727.66 total messages 1 total packets 15664 RTS 0 total bytes 64003104 in_flight now 0 fair_inc 1818190 prop_inc 1593840 fast_inc 0 eta_inc 938274 multi_dec -3524242 quick_dec -2887 nack_dec -929600
Flow Uec_51_95 flowId 10 uecSrc 9 finished at 9746.74 total messages 1 total packets 15664 RTS 0 total bytes 64003104 in_flight now 0 fair_inc 1792093 prop_inc 1651841 fast_inc 0 eta_inc 944919 multi_dec -3540802 quick_dec -0 nack_dec -1029200
Flow Uec_99_77 flowId 11 uecSrc 10 finished at 9764.28 total messages 1 total packets 15664 RTS 0 total bytes 64003104 in_flight now 0 fair_inc 1632962 prop_inc 1714960 fast_inc 0 eta_inc 942261 multi_dec -3327988 quick_dec -11742 nack_dec -1033350
Flow Uec_98_76 flowId 104 uecSrc 103 finished at 9784.78 total messages 1 total packets 15664 RTS 0 total bytes 64003104 in_flight now 0 fair_inc 1751287 prop_inc 1754974 fast_inc 0 eta_inc 944919 multi_dec -3502456 quick_dec --2358 nack_dec -1079000
Flow Uec_125_91 flowId 50 uecSrc 49 finished at 9792.1 total messages 1 total packets 15664 RTS 0 total bytes 64003104 in_flight now 0 fair_inc 1779195 prop_inc 1618906 fast_inc 0 eta_inc 944919 multi_dec -3296763 quick_dec -0 nack_dec -1203500
Flow Uec_53_83 flowId 72 uecSrc 71 finished at 9794.51 total messages 1 total packets 15664 RTS 0 total bytes 64003104 in_flight now 0 fair_inc 1759141 prop_inc 1621818 fast_inc 0 eta_inc 944919 multi_dec -3528346 quick_dec -11889 nack_dec -929600
Flow Uec_94_19 flowId 13 uecSrc 12 finished at 9802.66 total messages 1 total packets 15664 RTS 0 total bytes 64003104 in_flight now 0 fair_inc 2024944 prop_inc 1361269 fast_inc 0 eta_inc 948906 multi_dec -3613046 quick_dec -7909 nack_dec -1070700
Flow Uec_77_42 flowId 106 uecSrc 105 finished at 9837.83 total messages 1 total packets 15664 RTS 0 total bytes 64003104 in_flight now 0 fair_inc 2015428 prop_inc 1397713 fast_inc 0 eta_inc 952893 multi_dec -3770570 quick_dec -26538 nack_dec -921300
Flow Uec_24_39 flowId 64 uecSrc 63 finished at 9867.84 total messages 1 total packets 15664 RTS 0 total bytes 64003104 in_flight now 0 fair_inc 1954984 prop_inc 1476681 fast_inc 0 eta_inc 946248 multi_dec -3611119 quick_dec -121885 nack_dec -867350
Flow Uec_64_82 flowId 66 uecSrc 65 finished at 9885.92 total messages 1 total packets 15664 RTS 0 total bytes 64003104 in_flight now 0 fair_inc 1787619 prop_inc 1606629 fast_inc 0 eta_inc 951564 multi_dec -3589130 quick_dec -6394 nack_dec -1045800
Flow Uec_43_89 flowId 44 uecSrc 43 finished at 9898.69 total messages 1 total packets 15664 RTS 0 total bytes 64003104 in_flight now 0 fair_inc 1981362 prop_inc 1576186 fast_inc 0 eta_inc 958209 multi_dec -3865051 quick_dec --3641 nack_dec -942050
Flow Uec_78_21 flowId 77 uecSrc 76 finished at 9898.91 total messages 1 total packets 15664 RTS 0 total bytes 64003104 in_flight now 0 fair_inc 1859277 prop_inc 1472653 fast_inc 0 eta_inc 955551 multi_dec -3635353 quick_dec -0 nack_dec -1008450
Flow Uec_67_34 flowId 84 uecSrc 83 finished at 9950.08 total messages 1 total packets 15664 RTS 0 total bytes 64003104 in_flight now 0 fair_inc 2022223 prop_inc 1492687 fast_inc 0 eta_inc 963525 multi_dec -3709916 quick_dec -9284 nack_dec -1037500
Flow Uec_90_38 flowId 52 uecSrc 51 finished at 9990.94 total messages 1 total packets 15664 RTS 0 total bytes 64003104 in_flight now 0 fair_inc 1929587 prop_inc 1444167 fast_inc 0 eta_inc 966183 multi_dec -3651178 quick_dec -0 nack_dec -962800
Flow Uec_47_27 flowId 51 uecSrc 50 finished at 9994.65 total messages 1 total packets 15664 RTS 0 total bytes 64003104 in_flight now 0 fair_inc 1933469 prop_inc 1530480 fast_inc 0 eta_inc 968841 multi_dec -3582635 quick_dec -0 nack_dec -1228400
Flow Uec_73_41 flowId 69 uecSrc 68 finished at 10009.7 total messages 1 total packets 15664 RTS 0 total bytes 64003104 in_flight now 0 fair_inc 1967886 prop_inc 1459419 fast_inc 0 eta_inc 967512 multi_dec -3585957 quick_dec -31099 nack_dec -1062400
Flow Uec_68_26 flowId 61 uecSrc 60 finished at 10022.1 total messages 1 total packets 15664 RTS 0 total bytes 64003104 in_flight now 0 fair_inc 1829991 prop_inc 1603157 fast_inc 0 eta_inc 967512 multi_dec -3600928 quick_dec -13067 nack_dec -1029200
Flow Uec_89_29 flowId 102 uecSrc 101 finished at 10053.3 total messages 1 total packets 15664 RTS 0 total bytes 64003104 in_flight now 0 fair_inc 1962801 prop_inc 1466114 fast_inc 0 eta_inc 974157 multi_dec -3613533 quick_dec -0 nack_dec -1041650
Flow Uec_20_40 flowId 23 uecSrc 22 finished at 10057.2 total messages 1 total packets 15664 RTS 0 total bytes 64003104 in_flight now 0 fair_inc 1903918 prop_inc 1516157 fast_inc 0 eta_inc 962196 multi_dec -3537216 quick_dec -34557 nack_dec -942050
Flow Uec_82_20 flowId 76 uecSrc 75 finished at 10060 total messages 1 total packets 15664 RTS 0 total bytes 64003104 in_flight now 0 fair_inc 1851308 prop_inc 1547036 fast_inc 0 eta_inc 970170 multi_dec -3687053 quick_dec -0 nack_dec -1058250
Flow Uec_45_28 flowId 43 uecSrc 42 finished at 10084.6 total messages 1 total packets 15664 RTS 0 total bytes 64003104 in_flight now 0 fair_inc 1791456 prop_inc 1658363 fast_inc 0 eta_inc 972828 multi_dec -3566220 quick_dec -0 nack_dec -1128800
Flow Uec_80_36 flowId 16 uecSrc 15 finished at 10111.4 total messages 1 total packets 15664 RTS 0 total bytes 64003104 in_flight now 0 fair_inc 2031227 prop_inc 1609682 fast_inc 0 eta_inc 978144 multi_dec -3922944 quick_dec -23589 nack_dec -863200
Flow Uec_36_85 flowId 4 uecSrc 3 finished at 10124 total messages 1 total packets 15664 RTS 0 total bytes 64003104 in_flight now 0 fair_inc 1894829 prop_inc 1724273 fast_inc 0 eta_inc 976815 multi_dec -3676780 quick_dec -0 nack_dec -954500
Flow Uec_65_16 flowId 58 uecSrc 57 finished at 10141.6 total messages 1 total packets 15664 RTS 0 total bytes 64003104 in_flight now 0 fair_inc 1802816 prop_inc 1707439 fast_inc 0 eta_inc 975486 multi_dec -3704228 quick_dec -9299 nack_dec -900550
Flow Uec_29_74 flowId 98 uecSrc 97 finished at 10166.7 total messages 1 total packets 15664 RTS 0 total bytes 64003104 in_flight now 0 fair_inc 1952419 prop_inc 1725877 fast_inc 0 eta_inc 978144 multi_dec -3677858 quick_dec -23657 nack_dec -850750
Flow Uec_91_31 flowId 85 uecSrc 84 finished at 10180.6 total messages 1 total packets 15664 RTS 0 total bytes 64003104 in_flight now 0 fair_inc 2035422 prop_inc 1530098 fast_inc 0 eta_inc 978144 multi_dec -3542173 quick_dec -19155 nack_dec -1054100
Flow Uec_25_87 flowId 56 uecSrc 55 finished at 10228.7 total messages 1 total packets 15664 RTS 0 total bytes 64003104 in_flight now 0 fair_inc 1914089 prop_inc 1768667 fast_inc 0 eta_inc 984789 multi_dec -3657725 quick_dec -42228 nack_dec -950350
Flow Uec_32_72 flowId 122 uecSrc 121 finished at 10234.6 total messages 1 total packets 15664 RTS 0 total bytes 64003104 in_flight now 0 fair_inc 1931274 prop_inc 1661782 fast_inc 0 eta_inc 974157 multi_dec -3468777 quick_dec -126819 nack_dec -929600
Flow Uec_26_44 flowId 113 uecSrc 112 finished at 10257.2 total messages 1 total packets 15664 RTS 0 total bytes 64003104 in_flight now 0 fair_inc 1817590 prop_inc 1687727 fast_inc 0 eta_inc 979473 multi_dec -3604642 quick_dec -69341 nack_dec -834150
Flow Uec_74_47 flowId 34 uecSrc 33 finished at 10267.5 total messages 1 total packets 15664 RTS 0 total bytes 64003104 in_flight now 0 fair_inc 1904247 prop_inc 1742397 fast_inc 0 eta_inc 987447 multi_dec -3658269 quick_dec -45812 nack_dec -879800
Flow Uec_75_23 flowId 97 uecSrc 96 finished at 10276.5 total messages 1 total packets 15664 RTS 0 total bytes 64003104 in_flight now 0 fair_inc 1942392 prop_inc 1737360 fast_inc 0 eta_inc 990105 multi_dec -3639299 quick_dec -6894 nack_dec -1020900
Flow Uec_35_88 flowId 45 uecSrc 44 finished at 10305.2 total messages 1 total packets 15664 RTS 0 total bytes 64003104 in_flight now 0 fair_inc 1853602 prop_inc 1970825 fast_inc 0 eta_inc 986118 multi_dec -3604003 quick_dec -48725 nack_dec -1049950
Flow Uec_86_73 flowId 28 uecSrc 27 finished at 10349.1 total messages 1 total packets 15664 RTS 0 total bytes 64003104 in_flight now 0 fair_inc 1889276 prop_inc 1875638 fast_inc 0 eta_inc 982131 multi_dec -3713695 quick_dec -51581 nack_dec -875650
Received SIGTERM at 20000 us, shutting down cleanly.
New: 2004992 Rtx: 25946 RTS: 0 Bounced: 0 ACKs: 1614428 NACKs: 25946 Pulls: 0 sleek_pkts: 0
SPURIOUS_COUNT 0
