Flow Uec_60_62 flowId 117 uecSrc 116 finished at 4083.39 total messages 1 total packets 24474 RTS 0 total bytes 100000764 in_flight now 0 fair_inc 0 prop_inc 10767501 fast_inc 15208310 eta_inc 408003 multi_dec -0 quick_dec -0 nack_dec -0
Flow Uec_1_2 flowId 89 uecSrc 88 finished at 4084.82 total messages 1 total packets 24474 RTS 0 total bytes 100000764 in_flight now 0 fair_inc 0 prop_inc 25672 fast_inc 54976726 eta_inc 406674 multi_dec -0 quick_dec -0 nack_dec -0
Flow Uec_0_3 flowId 103 uecSrc 102 finished at 4085.75 total messages 1 total packets 24474 RTS 0 total bytes 100000764 in_flight now 0 fair_inc 0 prop_inc 11507819 fast_inc 12382624 eta_inc 405345 multi_dec -0 quick_dec -0 nack_dec -0
Flow Uec_19_24 flowId 63 uecSrc 62 finished at 4085.93 total messages 1 total packets 24474 RTS 0 total bytes 100000764 in_flight now 0 fair_inc 0 prop_inc 6174924 fast_inc 4121542 eta_inc 406674 multi_dec -0 quick_dec -0 nack_dec -0
Flow Uec_93_86 flowId 92 uecSrc 91 finished at 4086.34 total messages 1 total packets 24474 RTS 0 total bytes 100000764 in_flight now 0 fair_inc 0 prop_inc 4606158 fast_inc 22542495 eta_inc 406674 multi_dec -0 quick_dec -0 nack_dec -0
Flow Uec_57_52 flowId 118 uecSrc 117 finished at 4088.24 total messages 1 total packets 24474 RTS 0 total bytes 100000764 in_flight now 0 fair_inc 0 prop_inc 6577691 fast_inc 0 eta_inc 406674 multi_dec -0 quick_dec -0 nack_dec -0
Flow Uec_2_4 flowId 93 uecSrc 92 finished at 4088.68 total messages 1 total packets 24474 RTS 0 total bytes 100000764 in_flight now 0 fair_inc 0 prop_inc 4375077 fast_inc 22551494 eta_inc 406674 multi_dec -0 quick_dec -0 nack_dec -0
Flow Uec_122_116 flowId 14 uecSrc 13 finished at 4088.73 total messages 1 total packets 24474 RTS 0 total bytes 100000764 in_flight now 0 fair_inc 0 prop_inc 6941548 fast_inc 0 eta_inc 405345 multi_dec -0 quick_dec -0 nack_dec -0
Flow Uec_116_122 flowId 55 uecSrc 54 finished at 4089.28 total messages 1 total packets 24474 RTS 0 total bytes 100000764 in_flight now 0 fair_inc 0 prop_inc 6504321 fast_inc 0 eta_inc 405345 multi_dec -0 quick_dec -0 nack_dec -0
Flow Uec_97_111 flowId 124 uecSrc 123 finished at 4089.67 total messages 1 total packets 24474 RTS 0 total bytes 100000764 in_flight now 0 fair_inc 0 prop_inc 6695958 fast_inc 0 eta_inc 406674 multi_dec -0 quick_dec -0 nack_dec -0
Flow Uec_111_106 flowId 71 uecSrc 70 finished at 4090.08 total messages 1 total packets 24474 RTS 0 total bytes 100000764 in_flight now 0 fair_inc 0 prop_inc 5960707 fast_inc 0 eta_inc 405345 multi_dec -0 quick_dec -0 nack_dec -0
Flow Uec_46_43 flowId 2 uecSrc 1 finished at 4090.21 total messages 1 total packets 24474 RTS 0 total bytes 100000764 in_flight now 0 fair_inc 0 prop_inc 3771320 fast_inc 28634818 eta_inc 406674 multi_dec -0 quick_dec -0 nack_dec -0
Flow Uec_12_0 flowId 112 uecSrc 111 finished at 4090.39 total messages 1 total packets 24474 RTS 0 total bytes 100000764 in_flight now 0 fair_inc 0 prop_inc 7431719 fast_inc 98989 eta_inc 406674 multi_dec -0 quick_dec -0 nack_dec -0
Flow Uec_71_66 flowId 3 uecSrc 2 finished at 4090.7 total messages 1 total packets 24474 RTS 0 total bytes 100000764 in_flight now 0 fair_inc 0 prop_inc 4956236 fast_inc 0 eta_inc 406674 multi_dec -0 quick_dec -0 nack_dec -0
Flow Uec_13_11 flowId 96 uecSrc 95 finished at 4094.75 total messages 1 total packets 24474 RTS 0 total bytes 100000764 in_flight now 0 fair_inc 0 prop_inc 5974650 fast_inc 0 eta_inc 406674 multi_dec -0 quick_dec -0 nack_dec -0
Flow Uec_115_9 flowId 91 uecSrc 90 finished at 10492.6 total messages 1 total packets 24474 RTS 0 total bytes 100000764 in_flight now 0 fair_inc 1899157 prop_inc 1825442 fast_inc 0 eta_inc 1035291 multi_dec -3863364 quick_dec -0 nack_dec -1195200
Flow Uec_11_119 flowId 47 uecSrc 46 finished at 10852.7 total messages 1 total packets 24474 RTS 0 total bytes 100000764 in_flight now 0 fair_inc 1992961 prop_inc 1913882 fast_inc 0 eta_inc 1068516 multi_dec -4081423 quick_dec -0 nack_dec -1166150
Flow Uec_95_15 flowId 5 uecSrc 4 finished at 10990.7 total messages 1 total packets 24474 RTS 0 total bytes 100000764 in_flight now 0 fair_inc 1758172 prop_inc 2137965 fast_inc 0 eta_inc 1081806 multi_dec -4075076 quick_dec -0 nack_dec -1245000
Flow Uec_15_70 flowId 121 uecSrc 120 finished at 11277.3 total messages 1 total packets 24474 RTS 0 total bytes 100000764 in_flight now 0 fair_inc 1947660 prop_inc 2095942 fast_inc 0 eta_inc 1111044 multi_dec -4360951 quick_dec -0 nack_dec -1182750
Flow Uec_6_48 flowId 39 uecSrc 38 finished at 11297.1 total messages 1 total packets 24474 RTS 0 total bytes 100000764 in_flight now 0 fair_inc 1985410 prop_inc 2088994 fast_inc 0 eta_inc 1111044 multi_dec -4162763 quick_dec -0 nack_dec -1323850
Flow Uec_121_6 flowId 57 uecSrc 56 finished at 11304.7 total messages 1 total packets 24474 RTS 0 total bytes 100000764 in_flight now 0 fair_inc 2056760 prop_inc 2052551 fast_inc 0 eta_inc 1109715 multi_dec -4313807 quick_dec -0 nack_dec -1307250
Flow Uec_5_113 flowId 42 uecSrc 41 finished at 11347.2 total messages 1 total packets 24474 RTS 0 total bytes 100000764 in_flight now 0 fair_inc 2020797 prop_inc 2062021 fast_inc 0 eta_inc 1113702 multi_dec -4414810 quick_dec -0 nack_dec -1099750
Flow Uec_108_7 flowId 126 uecSrc 125 finished at 11410.8 total messages 1 total packets 24474 RTS 0 total bytes 100000764 in_flight now 0 fair_inc 1958880 prop_inc 2252137 fast_inc 0 eta_inc 1120347 multi_dec -4459813 quick_dec -0 nack_dec -1195200
Flow Uec_69_10 flowId 90 uecSrc 89 finished at 11436.1 total messages 1 total packets 24474 RTS 0 total bytes 100000764 in_flight now 0 fair_inc 1960380 prop_inc 2159682 fast_inc 0 eta_inc 1123005 multi_dec -4143906 quick_dec -0 nack_dec -1294800
Flow Uec_14_127 flowId 1 uecSrc 0 finished at 11448 total messages 1 total packets 24474 RTS 0 total bytes 100000764 in_flight now 0 fair_inc 2060383 prop_inc 2106265 fast_inc 0 eta_inc 1125663 multi_dec -4338062 quick_dec -0 nack_dec -1245000
Flow Uec_8_46 flowId 123 uecSrc 122 finished at 11486.4 total messages 1 total packets 24474 RTS 0 total bytes 100000764 in_flight now 0 fair_inc 1950324 prop_inc 2232083 fast_inc 0 eta_inc 1126992 multi_dec -4529496 quick_dec -0 nack_dec -1058250
Flow Uec_4_118 flowId 9 uecSrc 8 finished at 11663.1 total messages 1 total packets 24474 RTS 0 total bytes 100000764 in_flight now 0 fair_inc 1922245 prop_inc 2246246 fast_inc 0 eta_inc 1140282 multi_dec -4501733 quick_dec --2677 nack_dec -975250
Flow Uec_44_8 flowId 78 uecSrc 77 finished at 11663.5 total messages 1 total packets 24474 RTS 0 total bytes 100000764 in_flight now 0 fair_inc 2046681 prop_inc 2032260 fast_inc 0 eta_inc 1146927 multi_dec -3930690 quick_dec -0 nack_dec -1469100
Flow Uec_38_5 flowId 17 uecSrc 16 finished at 11785.2 total messages 1 total packets 24474 RTS 0 total bytes 100000764 in_flight now 0 fair_inc 1955933 prop_inc 2192104 fast_inc 0 eta_inc 1157559 multi_dec -4168623 quick_dec -0 nack_dec -1307250
Flow Uec_30_13 flowId 53 uecSrc 52 finished at 11828.3 total messages 1 total packets 24474 RTS 0 total bytes 100000764 in_flight now 0 fair_inc 2025044 prop_inc 2123306 fast_inc 0 eta_inc 1161546 multi_dec -4159713 quick_dec -0 nack_dec -1348750
Flow Uec_9_84 flowId 30 uecSrc 29 finished at 11830.9 total messages 1 total packets 24474 RTS 0 total bytes 100000764 in_flight now 0 fair_inc 2109523 prop_inc 2272139 fast_inc 0 eta_inc 1157559 multi_dec -4566197 quick_dec -0 nack_dec -1103900
Flow Uec_3_69 flowId 110 uecSrc 109 finished at 11895.1 total messages 1 total packets 24474 RTS 0 total bytes 100000764 in_flight now 0 fair_inc 2072994 prop_inc 2277143 fast_inc 0 eta_inc 1162875 multi_dec -4231538 quick_dec -26855 nack_dec -1431750
Flow Uec_7_30 flowId 19 uecSrc 18 finished at 12007.3 total messages 1 total packets 24474 RTS 0 total bytes 100000764 in_flight now 0 fair_inc 2107500 prop_inc 2123055 fast_inc 0 eta_inc 1177494 multi_dec -4299576 quick_dec -0 nack_dec -1257450
Flow Uec_10_33 flowId 38 uecSrc 37 finished at 12031.3 total messages 1 total packets 24474 RTS 0 total bytes 100000764 in_flight now 0 fair_inc 2070863 prop_inc 2282159 fast_inc 0 eta_inc 1177494 multi_dec -4476329 quick_dec -0 nack_dec -1120500
Flow Uec_31_12 flowId 59 uecSrc 58 finished at 12032.9 total messages 1 total packets 24474 RTS 0 total bytes 100000764 in_flight now 0 fair_inc 1978666 prop_inc 2302317 fast_inc 0 eta_inc 1176165 multi_dec -4079369 quick_dec -8202 nack_dec -1535500
Flow Uec_27_1 flowId 87 uecSrc 86 finished at 12160.7 total messages 1 total packets 24474 RTS 0 total bytes 100000764 in_flight now 0 fair_inc 2029799 prop_inc 2248541 fast_inc 0 eta_inc 1190784 multi_dec -4106335 quick_dec -0 nack_dec -1560400
Flow Uec_28_14 flowId 83 uecSrc 82 finished at 12174 total messages 1 total packets 24474 RTS 0 total bytes 100000764 in_flight now 0 fair_inc 2058481 prop_inc 2250290 fast_inc 0 eta_inc 1189455 multi_dec -4143456 quick_dec -0 nack_dec -1498150
Flow Uec_54_35 flowId 86 uecSrc 85 finished at 13079.4 total messages 1 total packets 24474 RTS 0 total bytes 100000764 in_flight now 0 fair_inc 2535588 prop_inc 2131357 fast_inc 0 eta_inc 1281156 multi_dec -5183956 quick_dec -0 nack_dec -1141250
Flow Uec_96_59 flowId 41 uecSrc 40 finished at 13176.6 total messages 1 total packets 24474 RTS 0 total bytes 100000764 in_flight now 0 fair_inc 2551781 prop_inc 1928232 fast_inc 0 eta_inc 1287801 multi_dec -4837649 quick_dec -11116 nack_dec -1294800
Flow Uec_61_114 flowId 26 uecSrc 25 finished at 13267.3 total messages 1 total packets 24474 RTS 0 total bytes 100000764 in_flight now 0 fair_inc 2451088 prop_inc 2240287 fast_inc 0 eta_inc 1297104 multi_dec -5027739 quick_dec -0 nack_dec -1348750
Flow Uec_119_96 flowId 81 uecSrc 80 finished at 13320.1 total messages 1 total packets 24474 RTS 0 total bytes 100000764 in_flight now 0 fair_inc 2560001 prop_inc 2097337 fast_inc 0 eta_inc 1299762 multi_dec -5038971 quick_dec -0 nack_dec -1269900
Flow Uec_56_108 flowId 82 uecSrc 81 finished at 13329.1 total messages 1 total packets 24474 RTS 0 total bytes 100000764 in_flight now 0 fair_inc 2500970 prop_inc 2159099 fast_inc 0 eta_inc 1299762 multi_dec -5079519 quick_dec -13518 nack_dec -1274050
Flow Uec_100_53 flowId 114 uecSrc 113 finished at 13373.8 total messages 1 total packets 24474 RTS 0 total bytes 100000764 in_flight now 0 fair_inc 2603607 prop_inc 2085878 fast_inc 0 eta_inc 1302420 multi_dec -5045440 quick_dec -0 nack_dec -1253300
Flow Uec_49_100 flowId 108 uecSrc 107 finished at 13508.7 total messages 1 total packets 24474 RTS 0 total bytes 100000764 in_flight now 0 fair_inc 2601752 prop_inc 2172392 fast_inc 0 eta_inc 1317039 multi_dec -5153253 quick_dec -0 nack_dec -1290650
Flow Uec_120_63 flowId 68 uecSrc 67 finished at 13517.2 total messages 1 total packets 24474 RTS 0 total bytes 100000764 in_flight now 0 fair_inc 2593928 prop_inc 2032600 fast_inc 0 eta_inc 1318368 multi_dec -5183401 quick_dec -0 nack_dec -1025050
Flow Uec_106_79 flowId 109 uecSrc 108 finished at 13758.9 total messages 1 total packets 24474 RTS 0 total bytes 100000764 in_flight now 0 fair_inc 2710790 prop_inc 2110666 fast_inc 0 eta_inc 1344948 multi_dec -5313876 quick_dec -0 nack_dec -1294800
Flow Uec_124_18 flowId 18 uecSrc 17 finished at 13949.3 total messages 1 total packets 24474 RTS 0 total bytes 100000764 in_flight now 0 fair_inc 2682580 prop_inc 2141841 fast_inc 0 eta_inc 1359567 multi_dec -5355246 quick_dec -0 nack_dec -1207650
Flow Uec_126_97 flowId 54 uecSrc 53 finished at 13950.4 total messages 1 total packets 24474 RTS 0 total bytes 100000764 in_flight now 0 fair_inc 2597732 prop_inc 2347481 fast_inc 0 eta_inc 1358238 multi_dec -5477158 quick_dec -27708 nack_dec -1099750
Flow Uec_41_110 flowId 22 uecSrc 21 finished at 13990.2 total messages 1 total packets 24474 RTS 0 total bytes 100000764 in_flight now 0 fair_inc 2669175 prop_inc 2061417 fast_inc 0 eta_inc 1364883 multi_dec -5285969 quick_dec -27262 nack_dec -1145400
Flow Uec_70_112 flowId 80 uecSrc 79 finished at 14045.8 total messages 1 total packets 24474 RTS 0 total bytes 100000764 in_flight now 0 fair_inc 2707571 prop_inc 2048097 fast_inc 0 eta_inc 1363554 multi_dec -5162997 quick_dec -42899 nack_dec -1269900
Flow Uec_83_104 flowId 116 uecSrc 115 finished at 14109.6 total messages 1 total packets 24474 RTS 0 total bytes 100000764 in_flight now 0 fair_inc 2829982 prop_inc 2084290 fast_inc 0 eta_inc 1371528 multi_dec -5414682 quick_dec -0 nack_dec -1278200
Flow Uec_107_51 flowId 36 uecSrc 35 finished at 14140.6 total messages 1 total packets 24474 RTS 0 total bytes 100000764 in_flight now 0 fair_inc 2702672 prop_inc 2202421 fast_inc 0 eta_inc 1376844 multi_dec -5375031 quick_dec -0 nack_dec -1253300
Flow Uec_53_83 flowId 72 uecSrc 71 finished at 14150.1 total messages 1 total packets 24474 RTS 0 total bytes 100000764 in_flight now 0 fair_inc 2721904 prop_inc 2162696 fast_inc 0 eta_inc 1378173 multi_dec -5465924 quick_dec -0 nack_dec -1232550
Flow Uec_62_68 flowId 111 uecSrc 110 finished at 14168.1 total messages 1 total packets 24474 RTS 0 total bytes 100000764 in_flight now 0 fair_inc 2699825 prop_inc 2195919 fast_inc 0 eta_inc 1376844 multi_dec -5435810 quick_dec -1695 nack_dec -1315550
Flow Uec_66_49 flowId 48 uecSrc 47 finished at 14244.9 total messages 1 total packets 24474 RTS 0 total bytes 100000764 in_flight now 0 fair_inc 2729734 prop_inc 2225679 fast_inc 0 eta_inc 1386147 multi_dec -5516867 quick_dec -0 nack_dec -1228400
Flow Uec_63_25 flowId 120 uecSrc 119 finished at 14257.1 total messages 1 total packets 24474 RTS 0 total bytes 100000764 in_flight now 0 fair_inc 2544498 prop_inc 2516510 fast_inc 0 eta_inc 1383489 multi_dec -5323178 quick_dec -0 nack_dec -1402700
Flow Uec_101_90 flowId 46 uecSrc 45 finished at 14274.1 total messages 1 total packets 24474 RTS 0 total bytes 100000764 in_flight now 0 fair_inc 2816753 prop_inc 2179376 fast_inc 0 eta_inc 1390134 multi_dec -5407553 quick_dec -17335 nack_dec -1286500
Flow Uec_102_61 flowId 125 uecSrc 124 finished at 14321.2 total messages 1 total packets 24474 RTS 0 total bytes 100000764 in_flight now 0 fair_inc 2794710 prop_inc 2219505 fast_inc 0 eta_inc 1386147 multi_dec -5506717 quick_dec --17563 nack_dec -1257450
Flow Uec_92_120 flowId 99 uecSrc 98 finished at 14366.2 total messages 1 total packets 24474 RTS 0 total bytes 100000764 in_flight now 0 fair_inc 2925260 prop_inc 2129582 fast_inc 0 eta_inc 1399437 multi_dec -5531049 quick_dec -0 nack_dec -1298950
Flow Uec_84_99 flowId 7 uecSrc 6 finished at 14390.8 total messages 1 total packets 24474 RTS 0 total bytes 100000764 in_flight now 0 fair_inc 2774962 prop_inc 2199478 fast_inc 0 eta_inc 1402095 multi_dec -5384687 quick_dec -16768 nack_dec -1257450
Flow Uec_105_92 flowId 25 uecSrc 24 finished at 14421.5 total messages 1 total packets 24474 RTS 0 total bytes 100000764 in_flight now 0 fair_inc 2782311 prop_inc 2170991 fast_inc 0 eta_inc 1400766 multi_dec -5400024 quick_dec -0 nack_dec -1245000
Flow Uec_127_22 flowId 100 uecSrc 99 finished at 14427.4 total messages 1 total packets 24474 RTS 0 total bytes 100000764 in_flight now 0 fair_inc 2750369 prop_inc 2300913 fast_inc 0 eta_inc 1398108 multi_dec -5435367 quick_dec -0 nack_dec -1261600
Flow Uec_52_75 flowId 32 uecSrc 31 finished at 14450.5 total messages 1 total packets 24474 RTS 0 total bytes 100000764 in_flight now 0 fair_inc 2702568 prop_inc 2292666 fast_inc 0 eta_inc 1406082 multi_dec -5527486 quick_dec -0 nack_dec -1220100
Flow Uec_113_55 flowId 6 uecSrc 5 finished at 14456.9 total messages 1 total packets 24474 RTS 0 total bytes 100000764 in_flight now 0 fair_inc 2704932 prop_inc 2284708 fast_inc 0 eta_inc 1403424 multi_dec -5630562 quick_dec -0 nack_dec -1025050
Flow Uec_118_58 flowId 105 uecSrc 104 finished at 14466.1 total messages 1 total packets 24474 RTS 0 total bytes 100000764 in_flight now 0 fair_inc 2777411 prop_inc 2233580 fast_inc 0 eta_inc 1400766 multi_dec -5398330 quick_dec -52330 nack_dec -1178600
Flow Uec_104_37 flowId 79 uecSrc 78 finished at 14520.8 total messages 1 total packets 24474 RTS 0 total bytes 100000764 in_flight now 0 fair_inc 2578711 prop_inc 2339509 fast_inc 0 eta_inc 1411398 multi_dec -5412564 quick_dec -0 nack_dec -1103900
Flow Uec_48_45 flowId 115 uecSrc 114 finished at 14522.6 total messages 1 total packets 24474 RTS 0 total bytes 100000764 in_flight now 0 fair_inc 2826217 prop_inc 2147787 fast_inc 0 eta_inc 1410069 multi_dec -5470405 quick_dec -0 nack_dec -1224250
Flow Uec_42_60 flowId 67 uecSrc 66 finished at 14529.9 total messages 1 total packets 24474 RTS 0 total bytes 100000764 in_flight now 0 fair_inc 2954709 prop_inc 2178618 fast_inc 0 eta_inc 1414056 multi_dec -5514150 quick_dec -0 nack_dec -1361200
Flow Uec_114_57 flowId 88 uecSrc 87 finished at 14536.9 total messages 1 total packets 24474 RTS 0 total bytes 100000764 in_flight now 0 fair_inc 2790659 prop_inc 2244845 fast_inc 0 eta_inc 1408740 multi_dec -5489365 quick_dec -11008 nack_dec -1120500
Flow Uec_72_121 flowId 127 uecSrc 126 finished at 14541.2 total messages 1 total packets 24474 RTS 0 total bytes 100000764 in_flight now 0 fair_inc 2794095 prop_inc 2217395 fast_inc 0 eta_inc 1408740 multi_dec -5423063 quick_dec -0 nack_dec -1311400
Flow Uec_34_109 flowId 128 uecSrc 127 finished at 14549.6 total messages 1 total packets 24474 RTS 0 total bytes 100000764 in_flight now 0 fair_inc 2907721 prop_inc 2018678 fast_inc 0 eta_inc 1412727 multi_dec -5197664 quick_dec -0 nack_dec -1456650
Flow Uec_39_124 flowId 31 uecSrc 30 finished at 14562.1 total messages 1 total packets 24474 RTS 0 total bytes 100000764 in_flight now 0 fair_inc 2834055 prop_inc 2212907 fast_inc 0 eta_inc 1414056 multi_dec -5456399 quick_dec -0 nack_dec -1336300
Flow Uec_82_20 flowId 76 uecSrc 75 finished at 14581.4 total messages 1 total packets 24474 RTS 0 total bytes 100000764 in_flight now 0 fair_inc 2725455 prop_inc 2100499 fast_inc 0 eta_inc 1412727 multi_dec -5355110 quick_dec -36778 nack_dec -1157850
Flow Uec_76_123 flowId 12 uecSrc 11 finished at 14586.2 total messages 1 total packets 24474 RTS 0 total bytes 100000764 in_flight now 0 fair_inc 2808175 prop_inc 2149633 fast_inc 0 eta_inc 1415385 multi_dec -5406772 quick_dec -4949 nack_dec -1186900
Flow Uec_22_117 flowId 29 uecSrc 28 finished at 14591.7 total messages 1 total packets 24474 RTS 0 total bytes 100000764 in_flight now 0 fair_inc 2832810 prop_inc 2169706 fast_inc 0 eta_inc 1415385 multi_dec -5153996 quick_dec -48677 nack_dec -1552100
Flow Uec_50_94 flowId 35 uecSrc 34 finished at 14658.4 total messages 1 total packets 24474 RTS 0 total bytes 100000764 in_flight now 0 fair_inc 2818639 prop_inc 2298564 fast_inc 0 eta_inc 1426017 multi_dec -5608711 quick_dec -0 nack_dec -1278200
Flow Uec_21_107 flowId 21 uecSrc 20 finished at 14720.2 total messages 1 total packets 24474 RTS 0 total bytes 100000764 in_flight now 0 fair_inc 2820957 prop_inc 2249781 fast_inc 0 eta_inc 1427346 multi_dec -5155795 quick_dec -0 nack_dec -1622650
Flow Uec_33_105 flowId 37 uecSrc 36 finished at 14725.4 total messages 1 total packets 24474 RTS 0 total bytes 100000764 in_flight now 0 fair_inc 2898459 prop_inc 2159173 fast_inc 0 eta_inc 1427346 multi_dec -5244837 quick_dec -0 nack_dec -1460800
Flow Uec_112_65 flowId 49 uecSrc 48 finished at 14732.3 total messages 1 total packets 24474 RTS 0 total bytes 100000764 in_flight now 0 fair_inc 2857966 prop_inc 2402049 fast_inc 0 eta_inc 1430004 multi_dec -5664330 quick_dec -7344 nack_dec -1357050
Flow Uec_37_103 flowId 74 uecSrc 73 finished at 14733.9 total messages 1 total packets 24474 RTS 0 total bytes 100000764 in_flight now 0 fair_inc 2932917 prop_inc 2108464 fast_inc 0 eta_inc 1427346 multi_dec -5427754 quick_dec -26328 nack_dec -1236700
Flow Uec_40_98 flowId 95 uecSrc 94 finished at 14771.8 total messages 1 total packets 24474 RTS 0 total bytes 100000764 in_flight now 0 fair_inc 2902055 prop_inc 2169440 fast_inc 0 eta_inc 1428675 multi_dec -5397347 quick_dec -0 nack_dec -1311400
Flow Uec_109_32 flowId 94 uecSrc 93 finished at 14800 total messages 1 total packets 24474 RTS 0 total bytes 100000764 in_flight now 0 fair_inc 2750626 prop_inc 2523888 fast_inc 0 eta_inc 1430004 multi_dec -5568782 quick_dec -858 nack_dec -1220100
Flow Uec_110_80 flowId 27 uecSrc 26 finished at 14812.2 total messages 1 total packets 24474 RTS 0 total bytes 100000764 in_flight now 0 fair_inc 2754072 prop_inc 2287930 fast_inc 0 eta_inc 1435320 multi_dec -5319996 quick_dec -0 nack_dec -1394400
Flow Uec_123_64 flowId 119 uecSrc 118 finished at 14840.1 total messages 1 total packets 24474 RTS 0 total bytes 100000764 in_flight now 0 fair_inc 2818499 prop_inc 2366266 fast_inc 0 eta_inc 1433991 multi_dec -5525921 quick_dec -11623 nack_dec -1386100
Flow Uec_99_77 flowId 11 uecSrc 10 finished at 14841.1 total messages 1 total packets 24474 RTS 0 total bytes 100000764 in_flight now 0 fair_inc 2832783 prop_inc 2243247 fast_inc 0 eta_inc 1439307 multi_dec -5493712 quick_dec -0 nack_dec -1311400
Flow Uec_18_126 flowId 62 uecSrc 61 finished at 14846.5 total messages 1 total packets 24474 RTS 0 total bytes 100000764 in_flight now 0 fair_inc 2862250 prop_inc 2204925 fast_inc 0 eta_inc 1436649 multi_dec -5324080 quick_dec -7422 nack_dec -1435900
Flow Uec_23_115 flowId 70 uecSrc 69 finished at 14891.6 total messages 1 total packets 24474 RTS 0 total bytes 100000764 in_flight now 0 fair_inc 2977974 prop_inc 2222344 fast_inc 0 eta_inc 1432662 multi_dec -5272099 quick_dec -40720 nack_dec -1527200
Flow Uec_51_95 flowId 10 uecSrc 9 finished at 14893.4 total messages 1 total packets 24474 RTS 0 total bytes 100000764 in_flight now 0 fair_inc 2700964 prop_inc 2334474 fast_inc 0 eta_inc 1440636 multi_dec -5471293 quick_dec -0 nack_dec -1211800
Flow Uec_81_50 flowId 60 uecSrc 59 finished at 14918.3 total messages 1 total packets 24474 RTS 0 total bytes 100000764 in_flight now 0 fair_inc 2799898 prop_inc 2310653 fast_inc 0 eta_inc 1452597 multi_dec -5610421 quick_dec -0 nack_dec -1199350
Flow Uec_58_93 flowId 75 uecSrc 74 finished at 14937.5 total messages 1 total packets 24474 RTS 0 total bytes 100000764 in_flight now 0 fair_inc 2771828 prop_inc 2351089 fast_inc 0 eta_inc 1444623 multi_dec -5520116 quick_dec -23300 nack_dec -1182750
Flow Uec_16_101 flowId 20 uecSrc 19 finished at 14943.9 total messages 1 total packets 24474 RTS 0 total bytes 100000764 in_flight now 0 fair_inc 2763923 prop_inc 2394685 fast_inc 0 eta_inc 1452597 multi_dec -5241756 quick_dec -0 nack_dec -1572850
Flow Uec_103_67 flowId 73 uecSrc 72 finished at 14958.3 total messages 1 total packets 24474 RTS 0 total bytes 100000764 in_flight now 0 fair_inc 2955202 prop_inc 2293800 fast_inc 0 eta_inc 1449939 multi_dec -5496795 quick_dec -0 nack_dec -1415150
Flow Uec_55_78 flowId 107 uecSrc 106 finished at 14964.6 total messages 1 total packets 24474 RTS 0 total bytes 100000764 in_flight now 0 fair_inc 2598026 prop_inc 2559930 fast_inc 0 eta_inc 1448610 multi_dec -5421013 quick_dec -22428 nack_dec -1415150
Flow Uec_88_54 flowId 33 uecSrc 32 finished at 15065.7 total messages 1 total packets 24474 RTS 0 total bytes 100000764 in_flight now 0 fair_inc 2853304 prop_inc 2298694 fast_inc 0 eta_inc 1460571 multi_dec -5500338 quick_dec -5741 nack_dec -1323850
Flow Uec_85_102 flowId 65 uecSrc 64 finished at 15130.4 total messages 1 total packets 24474 RTS 0 total bytes 100000764 in_flight now 0 fair_inc 2761023 prop_inc 2421062 fast_inc 0 eta_inc 1465887 multi_dec -5532082 quick_dec -16157 nack_dec -1282350
Flow Uec_59_71 flowId 40 uecSrc 39 finished at 15139.9 total messages 1 total packets 24474 RTS 0 total bytes 100000764 in_flight now 0 fair_inc 2871180 prop_inc 2527463 fast_inc 0 eta_inc 1461900 multi_dec -5494982 quick_dec -107619 nack_dec -1323850
Flow Uec_117_81 flowId 101 uecSrc 100 finished at 15164 total messages 1 total packets 24474 RTS 0 total bytes 100000764 in_flight now 0 fair_inc 2681172 prop_inc 2495473 fast_inc 0 eta_inc 1467216 multi_dec -5450567 quick_dec -0 nack_dec -1386100
Flow Uec_98_76 flowId 104 uecSrc 103 finished at 15168.5 total messages 1 total packets 24474 RTS 0 total bytes 100000764 in_flight now 0 fair_inc 2871311 prop_inc 2473037 fast_inc 0 eta_inc 1467216 multi_dec -5538853 quick_dec -3585 nack_dec -1307250
Flow Uec_78_21 flowId 77 uecSrc 76 finished at 15177.5 total messages 1 total packets 24474 RTS 0 total bytes 100000764 in_flight now 0 fair_inc 2957561 prop_inc 2235423 fast_inc 0 eta_inc 1471203 multi_dec -5751560 quick_dec -0 nack_dec -1290650
Flow Uec_77_42 flowId 106 uecSrc 105 finished at 15188.8 total messages 1 total packets 24474 RTS 0 total bytes 100000764 in_flight now 0 fair_inc 3001319 prop_inc 2280141 fast_inc 0 eta_inc 1476519 multi_dec -5903698 quick_dec -0 nack_dec -1240850
Flow Uec_79_56 flowId 24 uecSrc 23 finished at 15203.5 total messages 1 total packets 24474 RTS 0 total bytes 100000764 in_flight now 0 fair_inc 2981303 prop_inc 2370748 fast_inc 0 eta_inc 1468545 multi_dec -5526743 quick_dec -34254 nack_dec -1448350
Flow Uec_94_19 flowId 13 uecSrc 12 finished at 15244.5 total messages 1 total packets 24474 RTS 0 total bytes 100000764 in_flight now 0 fair_inc 2938161 prop_inc 2154893 fast_inc 0 eta_inc 1476519 multi_dec -5558585 quick_dec -18839 nack_dec -1332150
Flow Uec_17_125 flowId 8 uecSrc 7 finished at 15271 total messages 1 total packets 24474 RTS 0 total bytes 100000764 in_flight now 0 fair_inc 2830115 prop_inc 2353359 fast_inc 0 eta_inc 1471203 multi_dec -5123095 quick_dec -47784 nack_dec -1494000
Flow Uec_45_28 flowId 43 uecSrc 42 finished at 15287.5 total messages 1 total packets 24474 RTS 0 total bytes 100000764 in_flight now 0 fair_inc 2753427 prop_inc 2420077 fast_inc 0 eta_inc 1477848 multi_dec -5661902 quick_dec -42614 nack_dec -1286500
Flow Uec_125_91 flowId 50 uecSrc 49 finished at 15311.6 total messages 1 total packets 24474 RTS 0 total bytes 100000764 in_flight now 0 fair_inc 2803767 prop_inc 2384138 fast_inc 0 eta_inc 1476519 multi_dec -5552040 quick_dec -10295 nack_dec -1137100
Flow Uec_80_36 flowId 16 uecSrc 15 finished at 15411.9 total messages 1 total packets 24474 RTS 0 total bytes 100000764 in_flight now 0 fair_inc 3039588 prop_inc 2247006 fast_inc 0 eta_inc 1491138 multi_dec -5947621 quick_dec -50639 nack_dec -1166150
Flow Uec_24_39 flowId 64 uecSrc 63 finished at 15452.1 total messages 1 total packets 24474 RTS 0 total bytes 100000764 in_flight now 0 fair_inc 3038705 prop_inc 2300037 fast_inc 0 eta_inc 1485822 multi_dec -5629621 quick_dec -65013 nack_dec -1381950
Flow Uec_67_34 flowId 84 uecSrc 83 finished at 15518 total messages 1 total packets 24474 RTS 0 total bytes 100000764 in_flight now 0 fair_inc 3062779 prop_inc 2374622 fast_inc 0 eta_inc 1501770 multi_dec -5997270 quick_dec -0 nack_dec -1319700
Flow Uec_73_41 flowId 69 uecSrc 68 finished at 15620.6 total messages 1 total packets 24474 RTS 0 total bytes 100000764 in_flight now 0 fair_inc 3083364 prop_inc 2395482 fast_inc 0 eta_inc 1508415 multi_dec -5909080 quick_dec -35387 nack_dec -1315550
Flow Uec_65_16 flowId 58 uecSrc 57 finished at 15686.3 total messages 1 total packets 24474 RTS 0 total bytes 100000764 in_flight now 0 fair_inc 3027546 prop_inc 2338219 fast_inc 0 eta_inc 1512402 multi_dec -5865834 quick_dec -13072 nack_dec -1265750
Flow Uec_43_89 flowId 44 uecSrc 43 finished at 15711 total messages 1 total packets 24474 RTS 0 total bytes 100000764 in_flight now 0 fair_inc 3059345 prop_inc 2449320 fast_inc 0 eta_inc 1517718 multi_dec -6103519 quick_dec -62012 nack_dec -1149550
Flow Uec_68_26 flowId 61 uecSrc 60 finished at 15711.5 total messages 1 total packets 24474 RTS 0 total bytes 100000764 in_flight now 0 fair_inc 2992389 prop_inc 2391494 fast_inc 0 eta_inc 1512402 multi_dec -5716562 quick_dec -14936 nack_dec -1377800
Flow Uec_47_27 flowId 51 uecSrc 50 finished at 15730.1 total messages 1 total packets 24474 RTS 0 total bytes 100000764 in_flight now 0 fair_inc 3053901 prop_inc 2464457 fast_inc 0 eta_inc 1520376 multi_dec -5829709 quick_dec -27797 nack_dec -1506450
Flow Uec_35_88 flowId 45 uecSrc 44 finished at 15750.1 total messages 1 total packets 24474 RTS 0 total bytes 100000764 in_flight now 0 fair_inc 2951827 prop_inc 2497083 fast_inc 0 eta_inc 1513731 multi_dec -5956837 quick_dec -19050 nack_dec -1282350
Flow Uec_87_17 flowId 15 uecSrc 14 finished at 15752.7 total messages 1 total packets 24474 RTS 0 total bytes 100000764 in_flight now 0 fair_inc 3046251 prop_inc 2401882 fast_inc 0 eta_inc 1523034 multi_dec -5889249 quick_dec -21195 nack_dec -1328000
Flow Uec_91_31 flowId 85 uecSrc 84 finished at 15756.3 total messages 1 total packets 24474 RTS 0 total bytes 100000764 in_flight now 0 fair_inc 2949846 prop_inc 2357365 fast_inc 0 eta_inc 1517718 multi_dec -5836959 quick_dec -38414 nack_dec -1182750
Flow Uec_64_82 flowId 66 uecSrc 65 finished at 15802 total messages 1 total packets 24474 RTS 0 total bytes 100000764 in_flight now 0 fair_inc 3023882 prop_inc 2452740 fast_inc 0 eta_inc 1519047 multi_dec -5835446 quick_dec -103344 nack_dec -1178600
Flow Uec_90_38 flowId 52 uecSrc 51 finished at 15821.7 total messages 1 total packets 24474 RTS 0 total bytes 100000764 in_flight now 0 fair_inc 3043173 prop_inc 2415214 fast_inc 0 eta_inc 1527021 multi_dec -5833738 quick_dec -33891 nack_dec -1261600
Flow Uec_26_44 flowId 113 uecSrc 112 finished at 15842.6 total messages 1 total packets 24474 RTS 0 total bytes 100000764 in_flight now 0 fair_inc 3036567 prop_inc 2529093 fast_inc 0 eta_inc 1517718 multi_dec -5817470 quick_dec -102406 nack_dec -1282350
Flow Uec_74_47 flowId 34 uecSrc 33 finished at 15867.9 total messages 1 total packets 24474 RTS 0 total bytes 100000764 in_flight now 0 fair_inc 2903592 prop_inc 2533821 fast_inc 0 eta_inc 1527021 multi_dec -5733297 quick_dec -87877 nack_dec -1274050
Flow Uec_25_87 flowId 56 uecSrc 55 finished at 15879.8 total messages 1 total packets 24474 RTS 0 total bytes 100000764 in_flight now 0 fair_inc 2883188 prop_inc 2716768 fast_inc 0 eta_inc 1525692 multi_dec -5871759 quick_dec -83478 nack_dec -1269900
Flow Uec_89_29 flowId 102 uecSrc 101 finished at 15912 total messages 1 total packets 24474 RTS 0 total bytes 100000764 in_flight now 0 fair_inc 2985235 prop_inc 2551753 fast_inc 0 eta_inc 1536324 multi_dec -5856711 quick_dec -10066 nack_dec -1319700
Flow Uec_20_40 flowId 23 uecSrc 22 finished at 15918.1 total messages 1 total packets 24474 RTS 0 total bytes 100000764 in_flight now 0 fair_inc 3133885 prop_inc 2470041 fast_inc 0 eta_inc 1525692 multi_dec -5715429 quick_dec -82958 nack_dec -1336300
Flow Uec_29_74 flowId 98 uecSrc 97 finished at 15970 total messages 1 total packets 24474 RTS 0 total bytes 100000764 in_flight now 0 fair_inc 3080764 prop_inc 2698260 fast_inc 0 eta_inc 1515060 multi_dec -5367838 quick_dec -122190 nack_dec -1498150
Flow Uec_32_72 flowId 122 uecSrc 121 finished at 16060.9 total messages 1 total packets 24474 RTS 0 total bytes 100000764 in_flight now 0 fair_inc 2843061 prop_inc 2553127 fast_inc 0 eta_inc 1527021 multi_dec -5338617 quick_dec -140103 nack_dec -1224250
Flow Uec_86_73 flowId 28 uecSrc 27 finished at 16092.3 total messages 1 total packets 24474 RTS 0 total bytes 100000764 in_flight now 0 fair_inc 3048024 prop_inc 2659814 fast_inc 0 eta_inc 1532337 multi_dec -5639272 quick_dec -189264 nack_dec -1182750
Flow Uec_75_23 flowId 97 uecSrc 96 finished at 16113.2 total messages 1 total packets 24474 RTS 0 total bytes 100000764 in_flight now 0 fair_inc 2940764 prop_inc 2807920 fast_inc 204313 eta_inc 1545627 multi_dec -5870629 quick_dec -38790 nack_dec -1249150
Flow Uec_36_85 flowId 4 uecSrc 3 finished at 16185.9 total messages 1 total packets 24474 RTS 0 total bytes 100000764 in_flight now 0 fair_inc 2949275 prop_inc 2864438 fast_inc 0 eta_inc 1544298 multi_dec -5839139 quick_dec -41621 nack_dec -1174450
....Received SIGTERM at 234000 us, shutting down cleanly.
New: 3132672 Rtx: 35014 RTS: 0 Bounced: 0 ACKs: 2529196 NACKs: 35014 Pulls: 0 sleek_pkts: 0
SPURIOUS_COUNT 0
