Flow Uec_25_89 flowId 10 uecSrc 9 finished at 4043.2 total messages 1 total packets 3916 RTS 0 total bytes 16000776 in_flight now 0 fair_inc 472595 prop_inc 99338 fast_inc 0 eta_inc 377436 multi_dec -761696 quick_dec -9656 nack_dec -547800
Flow Uec_85_21 flowId 7 uecSrc 6 finished at 4225.32 total messages 1 total packets 3916 RTS 0 total bytes 16000776 in_flight now 0 fair_inc 464588 prop_inc 97408 fast_inc 0 eta_inc 393384 multi_dec -827352 quick_dec -12619 nack_dec -514600
Flow Uec_59_123 flowId 48 uecSrc 47 finished at 4361.16 total messages 1 total packets 3916 RTS 0 total bytes 16000776 in_flight now 0 fair_inc 519372 prop_inc 81003 fast_inc 0 eta_inc 408003 multi_dec -864926 quick_dec -17902 nack_dec -547800
Flow Uec_111_47 flowId 111 uecSrc 110 finished at 4383.07 total messages 1 total packets 3916 RTS 0 total bytes 16000776 in_flight now 0 fair_inc 507500 prop_inc 94323 fast_inc 0 eta_inc 401358 multi_dec -853130 quick_dec -95924 nack_dec -510450
Flow Uec_55_119 flowId 51 uecSrc 50 finished at 4445.65 total messages 1 total packets 3916 RTS 0 total bytes 16000776 in_flight now 0 fair_inc 480294 prop_inc 89692 fast_inc 0 eta_inc 409332 multi_dec -874605 quick_dec -1229 nack_dec -535350
Flow Uec_70_6 flowId 42 uecSrc 41 finished at 4469.27 total messages 1 total packets 3916 RTS 0 total bytes 16000776 in_flight now 0 fair_inc 498165 prop_inc 92118 fast_inc 0 eta_inc 414648 multi_dec -852235 quick_dec -16036 nack_dec -560250
Flow Uec_113_49 flowId 127 uecSrc 126 finished at 4485.4 total messages 1 total packets 3916 RTS 0 total bytes 16000776 in_flight now 0 fair_inc 519277 prop_inc 113426 fast_inc 0 eta_inc 410661 multi_dec -880458 quick_dec -85743 nack_dec -556100
Flow Uec_7_71 flowId 84 uecSrc 83 finished at 4508.39 total messages 1 total packets 3916 RTS 0 total bytes 16000776 in_flight now 0 fair_inc 505737 prop_inc 94579 fast_inc 0 eta_inc 410661 multi_dec -949833 quick_dec -20070 nack_dec -498000
Flow Uec_33_97 flowId 120 uecSrc 119 finished at 4520.61 total messages 1 total packets 3916 RTS 0 total bytes 16000776 in_flight now 0 fair_inc 490060 prop_inc 88066 fast_inc 0 eta_inc 422622 multi_dec -898958 quick_dec -28008 nack_dec -489700
Flow Uec_34_98 flowId 33 uecSrc 32 finished at 4598.2 total messages 1 total packets 3916 RTS 0 total bytes 16000776 in_flight now 0 fair_inc 484579 prop_inc 83146 fast_inc 0 eta_inc 418635 multi_dec -828341 quick_dec -52464 nack_dec -518750
Flow Uec_126_62 flowId 30 uecSrc 29 finished at 4608.8 total messages 1 total packets 3916 RTS 0 total bytes 16000776 in_flight now 0 fair_inc 467731 prop_inc 128606 fast_inc 0 eta_inc 423951 multi_dec -832450 quick_dec --4109 nack_dec -614200
Flow Uec_45_109 flowId 60 uecSrc 59 finished at 4624.5 total messages 1 total packets 3916 RTS 0 total bytes 16000776 in_flight now 0 fair_inc 514895 prop_inc 79003 fast_inc 0 eta_inc 418635 multi_dec -915009 quick_dec -41172 nack_dec -514600
Flow Uec_13_77 flowId 62 uecSrc 61 finished at 4627.81 total messages 1 total packets 3916 RTS 0 total bytes 16000776 in_flight now 0 fair_inc 537883 prop_inc 100904 fast_inc 0 eta_inc 423951 multi_dec -937522 quick_dec -24251 nack_dec -539500
Flow Uec_50_114 flowId 81 uecSrc 80 finished at 4634.95 total messages 1 total packets 3916 RTS 0 total bytes 16000776 in_flight now 0 fair_inc 477607 prop_inc 84296 fast_inc 0 eta_inc 425280 multi_dec -877124 quick_dec -17044 nack_dec -506300
Flow Uec_94_30 flowId 28 uecSrc 27 finished at 4650.82 total messages 1 total packets 3916 RTS 0 total bytes 16000776 in_flight now 0 fair_inc 488696 prop_inc 106402 fast_inc 0 eta_inc 426609 multi_dec -787021 quick_dec -13210 nack_dec -634950
Flow Uec_103_39 flowId 6 uecSrc 5 finished at 4666.26 total messages 1 total packets 3916 RTS 0 total bytes 16000776 in_flight now 0 fair_inc 562457 prop_inc 88122 fast_inc 0 eta_inc 423951 multi_dec -889075 quick_dec -32144 nack_dec -564400
Flow Uec_27_91 flowId 34 uecSrc 33 finished at 4671.8 total messages 1 total packets 3916 RTS 0 total bytes 16000776 in_flight now 0 fair_inc 475293 prop_inc 123998 fast_inc 0 eta_inc 430596 multi_dec -740683 quick_dec -129641 nack_dec -626650
Flow Uec_72_8 flowId 44 uecSrc 43 finished at 4728.56 total messages 1 total packets 3916 RTS 0 total bytes 16000776 in_flight now 0 fair_inc 549792 prop_inc 112343 fast_inc 0 eta_inc 431925 multi_dec -843380 quick_dec -12912 nack_dec -626650
Flow Uec_65_1 flowId 24 uecSrc 23 finished at 4733.74 total messages 1 total packets 3916 RTS 0 total bytes 16000776 in_flight now 0 fair_inc 516843 prop_inc 115018 fast_inc 0 eta_inc 431925 multi_dec -887080 quick_dec -26860 nack_dec -585150
Flow Uec_35_99 flowId 61 uecSrc 60 finished at 4751.3 total messages 1 total packets 3916 RTS 0 total bytes 16000776 in_flight now 0 fair_inc 535735 prop_inc 75377 fast_inc 0 eta_inc 427938 multi_dec -937551 quick_dec -2261 nack_dec -489700
Flow Uec_44_108 flowId 95 uecSrc 94 finished at 4753.16 total messages 1 total packets 3916 RTS 0 total bytes 16000776 in_flight now 0 fair_inc 500880 prop_inc 81491 fast_inc 0 eta_inc 429267 multi_dec -893962 quick_dec -31600 nack_dec -510450
Flow Uec_30_94 flowId 20 uecSrc 19 finished at 4762.13 total messages 1 total packets 3916 RTS 0 total bytes 16000776 in_flight now 0 fair_inc 567538 prop_inc 99430 fast_inc 0 eta_inc 435912 multi_dec -933062 quick_dec -120130 nack_dec -527050
Flow Uec_14_78 flowId 50 uecSrc 49 finished at 4787.97 total messages 1 total packets 3916 RTS 0 total bytes 16000776 in_flight now 0 fair_inc 545091 prop_inc 97487 fast_inc 0 eta_inc 431925 multi_dec -907445 quick_dec -111881 nack_dec -493850
Flow Uec_82_18 flowId 102 uecSrc 101 finished at 4807.64 total messages 1 total packets 3916 RTS 0 total bytes 16000776 in_flight now 0 fair_inc 523265 prop_inc 119833 fast_inc 0 eta_inc 435912 multi_dec -803224 quick_dec -44212 nack_dec -597600
Flow Uec_24_88 flowId 100 uecSrc 99 finished at 4819.3 total messages 1 total packets 3916 RTS 0 total bytes 16000776 in_flight now 0 fair_inc 496725 prop_inc 113405 fast_inc 0 eta_inc 430596 multi_dec -827123 quick_dec -117369 nack_dec -555324
Flow Uec_98_34 flowId 86 uecSrc 85 finished at 4834.22 total messages 1 total packets 3916 RTS 0 total bytes 16000776 in_flight now 0 fair_inc 545573 prop_inc 100314 fast_inc 0 eta_inc 442557 multi_dec -899881 quick_dec -18233 nack_dec -589300
Flow Uec_8_72 flowId 99 uecSrc 98 finished at 4857.36 total messages 1 total packets 3916 RTS 0 total bytes 16000776 in_flight now 0 fair_inc 524285 prop_inc 108601 fast_inc 0 eta_inc 443886 multi_dec -902801 quick_dec -15574 nack_dec -535350
Flow Uec_49_113 flowId 85 uecSrc 84 finished at 4857.88 total messages 1 total packets 3916 RTS 0 total bytes 16000776 in_flight now 0 fair_inc 552749 prop_inc 96617 fast_inc 0 eta_inc 434583 multi_dec -884850 quick_dec -20314 nack_dec -556100
Flow Uec_106_42 flowId 76 uecSrc 75 finished at 4879.53 total messages 1 total packets 3916 RTS 0 total bytes 16000776 in_flight now 0 fair_inc 582598 prop_inc 98927 fast_inc 0 eta_inc 435912 multi_dec -897157 quick_dec -29422 nack_dec -589300
Flow Uec_63_127 flowId 93 uecSrc 92 finished at 4886.7 total messages 1 total packets 3916 RTS 0 total bytes 16000776 in_flight now 0 fair_inc 506187 prop_inc 101651 fast_inc 0 eta_inc 439899 multi_dec -832419 quick_dec -108457 nack_dec -535350
Flow Uec_115_51 flowId 75 uecSrc 74 finished at 4899.26 total messages 1 total packets 3916 RTS 0 total bytes 16000776 in_flight now 0 fair_inc 431946 prop_inc 128196 fast_inc 0 eta_inc 449202 multi_dec -776711 quick_dec -117075 nack_dec -547800
Flow Uec_122_58 flowId 80 uecSrc 79 finished at 4907.86 total messages 1 total packets 3916 RTS 0 total bytes 16000776 in_flight now 0 fair_inc 497510 prop_inc 136096 fast_inc 0 eta_inc 450531 multi_dec -920434 quick_dec -26949 nack_dec -585150
Flow Uec_43_107 flowId 108 uecSrc 107 finished at 4941.71 total messages 1 total packets 3916 RTS 0 total bytes 16000776 in_flight now 0 fair_inc 518220 prop_inc 93558 fast_inc 0 eta_inc 446544 multi_dec -861040 quick_dec -53270 nack_dec -522900
Flow Uec_110_46 flowId 113 uecSrc 112 finished at 4943.74 total messages 1 total packets 3916 RTS 0 total bytes 16000776 in_flight now 0 fair_inc 590354 prop_inc 97967 fast_inc 0 eta_inc 441228 multi_dec -970320 quick_dec -34752 nack_dec -543650
Flow Uec_39_103 flowId 17 uecSrc 16 finished at 4953.16 total messages 1 total packets 3916 RTS 0 total bytes 16000776 in_flight now 0 fair_inc 550062 prop_inc 90793 fast_inc 0 eta_inc 450531 multi_dec -873867 quick_dec -23814 nack_dec -564400
Flow Uec_46_110 flowId 64 uecSrc 63 finished at 4958.38 total messages 1 total packets 3916 RTS 0 total bytes 16000776 in_flight now 0 fair_inc 536899 prop_inc 105329 fast_inc 0 eta_inc 446544 multi_dec -943318 quick_dec -31295 nack_dec -514600
Flow Uec_104_40 flowId 115 uecSrc 114 finished at 4960.35 total messages 1 total packets 3916 RTS 0 total bytes 16000776 in_flight now 0 fair_inc 528252 prop_inc 98292 fast_inc 0 eta_inc 443886 multi_dec -862807 quick_dec -44941 nack_dec -535350
Flow Uec_51_115 flowId 55 uecSrc 54 finished at 4962.75 total messages 1 total packets 3916 RTS 0 total bytes 16000776 in_flight now 0 fair_inc 553937 prop_inc 92217 fast_inc 0 eta_inc 447873 multi_dec -908283 quick_dec -36976 nack_dec -534574
Flow Uec_0_64 flowId 11 uecSrc 10 finished at 4963.79 total messages 1 total packets 3916 RTS 0 total bytes 16000776 in_flight now 0 fair_inc 551062 prop_inc 115434 fast_inc 0 eta_inc 454518 multi_dec -922651 quick_dec -117675 nack_dec -514600
Flow Uec_99_35 flowId 40 uecSrc 39 finished at 4972.09 total messages 1 total packets 3916 RTS 0 total bytes 16000776 in_flight now 0 fair_inc 567792 prop_inc 110614 fast_inc 0 eta_inc 447873 multi_dec -896379 quick_dec -50593 nack_dec -572700
Flow Uec_119_55 flowId 27 uecSrc 26 finished at 4972.64 total messages 1 total packets 3916 RTS 0 total bytes 16000776 in_flight now 0 fair_inc 481342 prop_inc 145466 fast_inc 0 eta_inc 451860 multi_dec -929766 quick_dec -39192 nack_dec -543650
Flow Uec_21_85 flowId 12 uecSrc 11 finished at 4981.07 total messages 1 total packets 3916 RTS 0 total bytes 16000776 in_flight now 0 fair_inc 534429 prop_inc 121016 fast_inc 0 eta_inc 450531 multi_dec -846960 quick_dec -82155 nack_dec -597600
Flow Uec_89_25 flowId 71 uecSrc 70 finished at 4981.88 total messages 1 total packets 3916 RTS 0 total bytes 16000776 in_flight now 0 fair_inc 534443 prop_inc 128561 fast_inc 0 eta_inc 450531 multi_dec -794146 quick_dec -75284 nack_dec -668150
Flow Uec_76_12 flowId 18 uecSrc 17 finished at 4982.04 total messages 1 total packets 3916 RTS 0 total bytes 16000776 in_flight now 0 fair_inc 562018 prop_inc 116540 fast_inc 0 eta_inc 442557 multi_dec -915630 quick_dec -36073 nack_dec -581000
Flow Uec_95_31 flowId 82 uecSrc 81 finished at 4995.19 total messages 1 total packets 3916 RTS 0 total bytes 16000776 in_flight now 0 fair_inc 558195 prop_inc 122144 fast_inc 0 eta_inc 445215 multi_dec -860016 quick_dec -37406 nack_dec -630800
Flow Uec_87_23 flowId 56 uecSrc 55 finished at 5005.28 total messages 1 total packets 3916 RTS 0 total bytes 16000776 in_flight now 0 fair_inc 614289 prop_inc 125400 fast_inc 0 eta_inc 442557 multi_dec -890531 quick_dec -170573 nack_dec -610050
Flow Uec_114_50 flowId 47 uecSrc 46 finished at 5010.78 total messages 1 total packets 3916 RTS 0 total bytes 16000776 in_flight now 0 fair_inc 519061 prop_inc 133408 fast_inc 0 eta_inc 443886 multi_dec -869841 quick_dec -41087 nack_dec -576850
Flow Uec_1_65 flowId 124 uecSrc 123 finished at 5025.82 total messages 1 total packets 3916 RTS 0 total bytes 16000776 in_flight now 0 fair_inc 591572 prop_inc 108161 fast_inc 0 eta_inc 454518 multi_dec -946253 quick_dec -41492 nack_dec -585150
Flow Uec_61_125 flowId 112 uecSrc 111 finished at 5031.34 total messages 1 total packets 3916 RTS 0 total bytes 16000776 in_flight now 0 fair_inc 490515 prop_inc 116981 fast_inc 0 eta_inc 445215 multi_dec -861782 quick_dec -17027 nack_dec -535350
Flow Uec_11_75 flowId 89 uecSrc 88 finished at 5032.89 total messages 1 total packets 3916 RTS 0 total bytes 16000776 in_flight now 0 fair_inc 591246 prop_inc 114054 fast_inc 0 eta_inc 453189 multi_dec -893459 quick_dec -111149 nack_dec -593450
Flow Uec_71_7 flowId 41 uecSrc 40 finished at 5052.71 total messages 1 total packets 3916 RTS 0 total bytes 16000776 in_flight now 0 fair_inc 507845 prop_inc 124216 fast_inc 0 eta_inc 446544 multi_dec -824383 quick_dec -43360 nack_dec -585150
Flow Uec_48_112 flowId 39 uecSrc 38 finished at 5053.53 total messages 1 total packets 3916 RTS 0 total bytes 16000776 in_flight now 0 fair_inc 549551 prop_inc 102322 fast_inc 0 eta_inc 443886 multi_dec -900587 quick_dec -40875 nack_dec -522900
Flow Uec_3_67 flowId 65 uecSrc 64 finished at 5057.45 total messages 1 total packets 3916 RTS 0 total bytes 16000776 in_flight now 0 fair_inc 574040 prop_inc 108540 fast_inc 0 eta_inc 453189 multi_dec -991135 quick_dec -25943 nack_dec -506300
Flow Uec_77_13 flowId 5 uecSrc 4 finished at 5059.98 total messages 1 total packets 3916 RTS 0 total bytes 16000776 in_flight now 0 fair_inc 542346 prop_inc 121072 fast_inc 0 eta_inc 455847 multi_dec -925873 quick_dec -40353 nack_dec -518750
Flow Uec_93_29 flowId 87 uecSrc 86 finished at 5069.7 total messages 1 total packets 3916 RTS 0 total bytes 16000776 in_flight now 0 fair_inc 568928 prop_inc 139090 fast_inc 0 eta_inc 449202 multi_dec -855961 quick_dec -51401 nack_dec -618350
Flow Uec_120_56 flowId 43 uecSrc 42 finished at 5075.32 total messages 1 total packets 3916 RTS 0 total bytes 16000776 in_flight now 0 fair_inc 488408 prop_inc 141031 fast_inc 0 eta_inc 454518 multi_dec -769922 quick_dec -147829 nack_dec -589300
Flow Uec_124_60 flowId 53 uecSrc 52 finished at 5076.34 total messages 1 total packets 3916 RTS 0 total bytes 16000776 in_flight now 0 fair_inc 540438 prop_inc 132075 fast_inc 0 eta_inc 453189 multi_dec -940623 quick_dec -40179 nack_dec -551950
Flow Uec_56_120 flowId 107 uecSrc 106 finished at 5077.86 total messages 1 total packets 3916 RTS 0 total bytes 16000776 in_flight now 0 fair_inc 569677 prop_inc 123626 fast_inc 0 eta_inc 446544 multi_dec -967178 quick_dec -18644 nack_dec -547800
Flow Uec_100_36 flowId 14 uecSrc 13 finished at 5083.58 total messages 1 total packets 3916 RTS 0 total bytes 16000776 in_flight now 0 fair_inc 571369 prop_inc 102771 fast_inc 0 eta_inc 449202 multi_dec -781529 quick_dec -133423 nack_dec -568550
Flow Uec_53_117 flowId 122 uecSrc 121 finished at 5086.76 total messages 1 total packets 3916 RTS 0 total bytes 16000776 in_flight now 0 fair_inc 531785 prop_inc 122082 fast_inc 0 eta_inc 457176 multi_dec -824254 quick_dec -63799 nack_dec -564400
Flow Uec_67_3 flowId 38 uecSrc 37 finished at 5101.83 total messages 1 total packets 3916 RTS 0 total bytes 16000776 in_flight now 0 fair_inc 536935 prop_inc 117438 fast_inc 0 eta_inc 457176 multi_dec -888500 quick_dec -81484 nack_dec -551950
Flow Uec_86_22 flowId 58 uecSrc 57 finished at 5108.03 total messages 1 total packets 3916 RTS 0 total bytes 16000776 in_flight now 0 fair_inc 525132 prop_inc 133016 fast_inc 0 eta_inc 461163 multi_dec -804389 quick_dec -105134 nack_dec -610050
Flow Uec_123_59 flowId 73 uecSrc 72 finished at 5108.38 total messages 1 total packets 3916 RTS 0 total bytes 16000776 in_flight now 0 fair_inc 541318 prop_inc 143485 fast_inc 0 eta_inc 462492 multi_dec -849491 quick_dec -43709 nack_dec -614200
Flow Uec_84_20 flowId 116 uecSrc 115 finished at 5133.09 total messages 1 total packets 3916 RTS 0 total bytes 16000776 in_flight now 0 fair_inc 592084 prop_inc 134395 fast_inc 0 eta_inc 457176 multi_dec -884226 quick_dec -33467 nack_dec -630800
Flow Uec_6_70 flowId 70 uecSrc 69 finished at 5135.9 total messages 1 total packets 3916 RTS 0 total bytes 16000776 in_flight now 0 fair_inc 547091 prop_inc 134581 fast_inc 0 eta_inc 459834 multi_dec -928823 quick_dec -34731 nack_dec -502150
Flow Uec_57_121 flowId 92 uecSrc 91 finished at 5139.91 total messages 1 total packets 3916 RTS 0 total bytes 16000776 in_flight now 0 fair_inc 565804 prop_inc 132403 fast_inc 0 eta_inc 450531 multi_dec -965823 quick_dec -82313 nack_dec -543650
Flow Uec_121_57 flowId 128 uecSrc 127 finished at 5145.67 total messages 1 total packets 3916 RTS 0 total bytes 16000776 in_flight now 0 fair_inc 438865 prop_inc 176695 fast_inc 0 eta_inc 463821 multi_dec -732079 quick_dec -176735 nack_dec -535350
Flow Uec_31_95 flowId 29 uecSrc 28 finished at 5148.92 total messages 1 total packets 3916 RTS 0 total bytes 16000776 in_flight now 0 fair_inc 541336 prop_inc 128794 fast_inc 0 eta_inc 457176 multi_dec -899486 quick_dec -140373 nack_dec -539500
Flow Uec_117_53 flowId 2 uecSrc 1 finished at 5154.29 total messages 1 total packets 3916 RTS 0 total bytes 16000776 in_flight now 0 fair_inc 506180 prop_inc 166245 fast_inc 0 eta_inc 461163 multi_dec -813605 quick_dec --8183 nack_dec -622500
Flow Uec_37_101 flowId 68 uecSrc 67 finished at 5156.22 total messages 1 total packets 3916 RTS 0 total bytes 16000776 in_flight now 0 fair_inc 562001 prop_inc 129160 fast_inc 0 eta_inc 455847 multi_dec -900508 quick_dec -90680 nack_dec -601750
Flow Uec_105_41 flowId 110 uecSrc 109 finished at 5160.57 total messages 1 total packets 3916 RTS 0 total bytes 16000776 in_flight now 0 fair_inc 538449 prop_inc 115345 fast_inc 0 eta_inc 462492 multi_dec -835491 quick_dec -55603 nack_dec -543650
Flow Uec_41_105 flowId 45 uecSrc 44 finished at 5163.83 total messages 1 total packets 3916 RTS 0 total bytes 16000776 in_flight now 0 fair_inc 517220 prop_inc 137603 fast_inc 0 eta_inc 467808 multi_dec -867549 quick_dec -41680 nack_dec -560250
Flow Uec_20_84 flowId 8 uecSrc 7 finished at 5164.12 total messages 1 total packets 3916 RTS 0 total bytes 16000776 in_flight now 0 fair_inc 548679 prop_inc 125353 fast_inc 0 eta_inc 455847 multi_dec -858464 quick_dec -157201 nack_dec -618350
Flow Uec_92_28 flowId 88 uecSrc 87 finished at 5169.01 total messages 1 total packets 3916 RTS 0 total bytes 16000776 in_flight now 0 fair_inc 596739 prop_inc 148105 fast_inc 0 eta_inc 463821 multi_dec -884828 quick_dec -73235 nack_dec -593450
Flow Uec_68_4 flowId 94 uecSrc 93 finished at 5169.36 total messages 1 total packets 3916 RTS 0 total bytes 16000776 in_flight now 0 fair_inc 513818 prop_inc 146463 fast_inc 0 eta_inc 461163 multi_dec -843676 quick_dec -106521 nack_dec -556100
Flow Uec_83_19 flowId 66 uecSrc 65 finished at 5170.7 total messages 1 total packets 3916 RTS 0 total bytes 16000776 in_flight now 0 fair_inc 468452 prop_inc 168290 fast_inc 0 eta_inc 461163 multi_dec -796642 quick_dec -104426 nack_dec -576850
Flow Uec_17_81 flowId 77 uecSrc 76 finished at 5171.19 total messages 1 total packets 3916 RTS 0 total bytes 16000776 in_flight now 0 fair_inc 554733 prop_inc 124265 fast_inc 0 eta_inc 457176 multi_dec -899453 quick_dec -37107 nack_dec -597600
Flow Uec_64_0 flowId 36 uecSrc 35 finished at 5174.26 total messages 1 total packets 3916 RTS 0 total bytes 16000776 in_flight now 0 fair_inc 512279 prop_inc 144514 fast_inc 0 eta_inc 467808 multi_dec -911346 quick_dec -34833 nack_dec -551950
Flow Uec_38_102 flowId 74 uecSrc 73 finished at 5175.97 total messages 1 total packets 3916 RTS 0 total bytes 16000776 in_flight now 0 fair_inc 549617 prop_inc 142896 fast_inc 0 eta_inc 447873 multi_dec -904141 quick_dec -64794 nack_dec -539500
Flow Uec_4_68 flowId 79 uecSrc 78 finished at 5180.27 total messages 1 total packets 3916 RTS 0 total bytes 16000776 in_flight now 0 fair_inc 580511 prop_inc 130587 fast_inc 0 eta_inc 463821 multi_dec -893819 quick_dec -40800 nack_dec -589300
Flow Uec_88_24 flowId 63 uecSrc 62 finished at 5183.8 total messages 1 total packets 3916 RTS 0 total bytes 16000776 in_flight now 0 fair_inc 570478 prop_inc 153154 fast_inc 0 eta_inc 466479 multi_dec -774951 quick_dec -101537 nack_dec -634950
Flow Uec_101_37 flowId 26 uecSrc 25 finished at 5192.6 total messages 1 total packets 3916 RTS 0 total bytes 16000776 in_flight now 0 fair_inc 598454 prop_inc 125851 fast_inc 0 eta_inc 463821 multi_dec -974368 quick_dec -7758 nack_dec -547800
Flow Uec_73_9 flowId 52 uecSrc 51 finished at 5196.93 total messages 1 total packets 3916 RTS 0 total bytes 16000776 in_flight now 0 fair_inc 598399 prop_inc 129327 fast_inc 0 eta_inc 462492 multi_dec -905380 quick_dec -86722 nack_dec -556100
Flow Uec_118_54 flowId 125 uecSrc 124 finished at 5200.82 total messages 1 total packets 3916 RTS 0 total bytes 16000776 in_flight now 0 fair_inc 491063 prop_inc 181443 fast_inc 0 eta_inc 462492 multi_dec -890520 quick_dec -51093 nack_dec -543650
Flow Uec_107_43 flowId 59 uecSrc 58 finished at 5204.44 total messages 1 total packets 3916 RTS 0 total bytes 16000776 in_flight now 0 fair_inc 523238 prop_inc 133579 fast_inc 0 eta_inc 465150 multi_dec -830805 quick_dec -33373 nack_dec -614200
Flow Uec_29_93 flowId 106 uecSrc 105 finished at 5204.46 total messages 1 total packets 3916 RTS 0 total bytes 16000776 in_flight now 0 fair_inc 530308 prop_inc 134959 fast_inc 0 eta_inc 467808 multi_dec -788628 quick_dec -133204 nack_dec -618350
Flow Uec_54_118 flowId 83 uecSrc 82 finished at 5207.08 total messages 1 total packets 3916 RTS 0 total bytes 16000776 in_flight now 0 fair_inc 552888 prop_inc 158827 fast_inc 0 eta_inc 461163 multi_dec -897725 quick_dec -62806 nack_dec -543650
Flow Uec_23_87 flowId 9 uecSrc 8 finished at 5213.02 total messages 1 total packets 3916 RTS 0 total bytes 16000776 in_flight now 0 fair_inc 559036 prop_inc 140535 fast_inc 0 eta_inc 462492 multi_dec -880168 quick_dec -53741 nack_dec -618350
Flow Uec_47_111 flowId 119 uecSrc 118 finished at 5216.62 total messages 1 total packets 3916 RTS 0 total bytes 16000776 in_flight now 0 fair_inc 498411 prop_inc 171941 fast_inc 0 eta_inc 454518 multi_dec -826218 quick_dec -58934 nack_dec -551950
Flow Uec_78_14 flowId 19 uecSrc 18 finished at 5216.84 total messages 1 total packets 3916 RTS 0 total bytes 16000776 in_flight now 0 fair_inc 545137 prop_inc 151393 fast_inc 0 eta_inc 458505 multi_dec -942955 quick_dec -30580 nack_dec -518750
Flow Uec_79_15 flowId 114 uecSrc 113 finished at 5218.57 total messages 1 total packets 3916 RTS 0 total bytes 16000776 in_flight now 0 fair_inc 480982 prop_inc 171199 fast_inc 0 eta_inc 462492 multi_dec -824033 quick_dec -73067 nack_dec -551950
Flow Uec_96_32 flowId 101 uecSrc 100 finished at 5221.65 total messages 1 total packets 3916 RTS 0 total bytes 16000776 in_flight now 0 fair_inc 617021 prop_inc 123917 fast_inc 0 eta_inc 467808 multi_dec -898870 quick_dec -36304 nack_dec -618350
Flow Uec_19_83 flowId 118 uecSrc 117 finished at 5222.75 total messages 1 total packets 3916 RTS 0 total bytes 16000776 in_flight now 0 fair_inc 571076 prop_inc 133011 fast_inc 0 eta_inc 471795 multi_dec -925148 quick_dec -14753 nack_dec -605900
Flow Uec_12_76 flowId 105 uecSrc 104 finished at 5227.91 total messages 1 total packets 3916 RTS 0 total bytes 16000776 in_flight now 0 fair_inc 520030 prop_inc 167944 fast_inc 0 eta_inc 465150 multi_dec -854464 quick_dec -135112 nack_dec -531200
Flow Uec_60_124 flowId 97 uecSrc 96 finished at 5238.74 total messages 1 total packets 3916 RTS 0 total bytes 16000776 in_flight now 0 fair_inc 539669 prop_inc 185636 fast_inc 0 eta_inc 465150 multi_dec -733439 quick_dec -114455 nack_dec -601750
Flow Uec_75_11 flowId 109 uecSrc 108 finished at 5240.29 total messages 1 total packets 3916 RTS 0 total bytes 16000776 in_flight now 0 fair_inc 611806 prop_inc 157620 fast_inc 0 eta_inc 466479 multi_dec -943341 quick_dec -49446 nack_dec -551950
Flow Uec_18_82 flowId 69 uecSrc 68 finished at 5241.5 total messages 1 total packets 3916 RTS 0 total bytes 16000776 in_flight now 0 fair_inc 575110 prop_inc 161914 fast_inc 0 eta_inc 465150 multi_dec -905909 quick_dec -72911 nack_dec -589300
Flow Uec_102_38 flowId 1 uecSrc 0 finished at 5243.29 total messages 1 total packets 3916 RTS 0 total bytes 16000776 in_flight now 0 fair_inc 569195 prop_inc 161063 fast_inc 0 eta_inc 458505 multi_dec -864682 quick_dec -128908 nack_dec -535350
Flow Uec_80_16 flowId 31 uecSrc 30 finished at 5243.35 total messages 1 total packets 3916 RTS 0 total bytes 16000776 in_flight now 0 fair_inc 509724 prop_inc 228089 fast_inc 0 eta_inc 470466 multi_dec -906815 quick_dec -16298 nack_dec -568550
Flow Uec_127_63 flowId 57 uecSrc 56 finished at 5249.18 total messages 1 total packets 3916 RTS 0 total bytes 16000776 in_flight now 0 fair_inc 530569 prop_inc 225251 fast_inc 0 eta_inc 462492 multi_dec -899216 quick_dec -54128 nack_dec -589300
Flow Uec_116_52 flowId 49 uecSrc 48 finished at 5250.81 total messages 1 total packets 3916 RTS 0 total bytes 16000776 in_flight now 0 fair_inc 487516 prop_inc 205915 fast_inc 0 eta_inc 459834 multi_dec -818481 quick_dec -48902 nack_dec -581000
Flow Uec_66_2 flowId 103 uecSrc 102 finished at 5253.97 total messages 1 total packets 3916 RTS 0 total bytes 16000776 in_flight now 0 fair_inc 508396 prop_inc 198423 fast_inc 0 eta_inc 466479 multi_dec -785590 quick_dec -232273 nack_dec -510450
Flow Uec_40_104 flowId 96 uecSrc 95 finished at 5258.24 total messages 1 total packets 3916 RTS 0 total bytes 16000776 in_flight now 0 fair_inc 516004 prop_inc 187125 fast_inc 0 eta_inc 451860 multi_dec -791695 quick_dec -75471 nack_dec -589300
Flow Uec_26_90 flowId 98 uecSrc 97 finished at 5261.78 total messages 1 total packets 3916 RTS 0 total bytes 16000776 in_flight now 0 fair_inc 472680 prop_inc 191461 fast_inc 0 eta_inc 459834 multi_dec -893082 quick_dec --26828 nack_dec -556100
Flow Uec_5_69 flowId 32 uecSrc 31 finished at 5262.88 total messages 1 total packets 3916 RTS 0 total bytes 16000776 in_flight now 0 fair_inc 515400 prop_inc 186964 fast_inc 0 eta_inc 469137 multi_dec -926549 quick_dec -37941 nack_dec -535350
Flow Uec_52_116 flowId 123 uecSrc 122 finished at 5264.67 total messages 1 total packets 3916 RTS 0 total bytes 16000776 in_flight now 0 fair_inc 533712 prop_inc 202226 fast_inc 0 eta_inc 473124 multi_dec -935448 quick_dec -40587 nack_dec -551950
Flow Uec_22_86 flowId 21 uecSrc 20 finished at 5264.7 total messages 1 total packets 3916 RTS 0 total bytes 16000776 in_flight now 0 fair_inc 561982 prop_inc 204537 fast_inc 0 eta_inc 462492 multi_dec -797481 quick_dec -76252 nack_dec -630800
Flow Uec_97_33 flowId 121 uecSrc 120 finished at 5266.18 total messages 1 total packets 3916 RTS 0 total bytes 16000776 in_flight now 0 fair_inc 533792 prop_inc 211509 fast_inc 0 eta_inc 451860 multi_dec -865657 quick_dec -49596 nack_dec -564400
Flow Uec_81_17 flowId 15 uecSrc 14 finished at 5272.88 total messages 1 total packets 3916 RTS 0 total bytes 16000776 in_flight now 0 fair_inc 565499 prop_inc 264882 fast_inc 0 eta_inc 458505 multi_dec -750249 quick_dec -77111 nack_dec -643250
Flow Uec_90_26 flowId 54 uecSrc 53 finished at 5275.79 total messages 1 total packets 3916 RTS 0 total bytes 16000776 in_flight now 0 fair_inc 501575 prop_inc 252997 fast_inc 0 eta_inc 465150 multi_dec -784538 quick_dec -34908 nack_dec -622500
Flow Uec_2_66 flowId 23 uecSrc 22 finished at 5277.85 total messages 1 total packets 3916 RTS 0 total bytes 16000776 in_flight now 0 fair_inc 515196 prop_inc 212884 fast_inc 0 eta_inc 459834 multi_dec -924702 quick_dec -64682 nack_dec -506300
Flow Uec_10_74 flowId 126 uecSrc 125 finished at 5283.23 total messages 1 total packets 3916 RTS 0 total bytes 16000776 in_flight now 0 fair_inc 486467 prop_inc 209024 fast_inc 0 eta_inc 461163 multi_dec -898101 quick_dec -39492 nack_dec -518750
Flow Uec_69_5 flowId 72 uecSrc 71 finished at 5283.49 total messages 1 total packets 3916 RTS 0 total bytes 16000776 in_flight now 0 fair_inc 498801 prop_inc 237150 fast_inc 105312 eta_inc 457176 multi_dec -881116 quick_dec -49320 nack_dec -560250
Flow Uec_42_106 flowId 35 uecSrc 34 finished at 5293.9 total messages 1 total packets 3916 RTS 0 total bytes 16000776 in_flight now 0 fair_inc 537508 prop_inc 251313 fast_inc 0 eta_inc 473124 multi_dec -879307 quick_dec -32415 nack_dec -560250
Flow Uec_36_100 flowId 13 uecSrc 12 finished at 5295.56 total messages 1 total packets 3916 RTS 0 total bytes 16000776 in_flight now 0 fair_inc 540589 prop_inc 250650 fast_inc 0 eta_inc 454518 multi_dec -800428 quick_dec -165090 nack_dec -564400
Flow Uec_125_61 flowId 22 uecSrc 21 finished at 5303.37 total messages 1 total packets 3916 RTS 0 total bytes 16000776 in_flight now 0 fair_inc 517647 prop_inc 298596 fast_inc 0 eta_inc 465150 multi_dec -846078 quick_dec -74307 nack_dec -543650
Flow Uec_15_79 flowId 25 uecSrc 24 finished at 5305.3 total messages 1 total packets 3916 RTS 0 total bytes 16000776 in_flight now 0 fair_inc 487296 prop_inc 242521 fast_inc 0 eta_inc 467808 multi_dec -930367 quick_dec -36548 nack_dec -498000
Flow Uec_32_96 flowId 37 uecSrc 36 finished at 5306.55 total messages 1 total packets 3916 RTS 0 total bytes 16000776 in_flight now 0 fair_inc 506790 prop_inc 303152 fast_inc 0 eta_inc 462492 multi_dec -926930 quick_dec -61278 nack_dec -514600
Flow Uec_16_80 flowId 91 uecSrc 90 finished at 5311.69 total messages 1 total packets 3916 RTS 0 total bytes 16000776 in_flight now 0 fair_inc 514866 prop_inc 275158 fast_inc 20246 eta_inc 463821 multi_dec -828583 quick_dec -72435 nack_dec -581000
Flow Uec_9_73 flowId 104 uecSrc 103 finished at 5312.92 total messages 1 total packets 3916 RTS 0 total bytes 16000776 in_flight now 0 fair_inc 515313 prop_inc 250561 fast_inc 0 eta_inc 471795 multi_dec -829301 quick_dec -140758 nack_dec -605900
Flow Uec_62_126 flowId 67 uecSrc 66 finished at 5315.02 total messages 1 total packets 3916 RTS 0 total bytes 16000776 in_flight now 0 fair_inc 470089 prop_inc 262246 fast_inc 0 eta_inc 454518 multi_dec -801794 quick_dec -111288 nack_dec -560250
Flow Uec_28_92 flowId 117 uecSrc 116 finished at 5316.86 total messages 1 total packets 3916 RTS 0 total bytes 16000776 in_flight now 0 fair_inc 533397 prop_inc 289325 fast_inc 11248 eta_inc 466479 multi_dec -876762 quick_dec -48274 nack_dec -597600
Flow Uec_112_48 flowId 4 uecSrc 3 finished at 5329.49 total messages 1 total packets 3916 RTS 0 total bytes 16000776 in_flight now 0 fair_inc 433608 prop_inc 372581 fast_inc 8578 eta_inc 465150 multi_dec -874771 quick_dec -30796 nack_dec -506300
Flow Uec_108_44 flowId 46 uecSrc 45 finished at 5331.64 total messages 1 total packets 3916 RTS 0 total bytes 16000776 in_flight now 0 fair_inc 536006 prop_inc 232281 fast_inc 0 eta_inc 471795 multi_dec -827726 quick_dec -20937 nack_dec -622500
Flow Uec_58_122 flowId 78 uecSrc 77 finished at 5337.13 total messages 1 total packets 3916 RTS 0 total bytes 16000776 in_flight now 0 fair_inc 556240 prop_inc 274233 fast_inc 8578 eta_inc 458505 multi_dec -824783 quick_dec -87096 nack_dec -539500
Flow Uec_109_45 flowId 3 uecSrc 2 finished at 5342.99 total messages 1 total packets 3916 RTS 0 total bytes 16000776 in_flight now 0 fair_inc 550239 prop_inc 243246 fast_inc 0 eta_inc 462492 multi_dec -798849 quick_dec -91876 nack_dec -605900
Flow Uec_74_10 flowId 16 uecSrc 15 finished at 5354.92 total messages 1 total packets 3916 RTS 0 total bytes 16000776 in_flight now 0 fair_inc 519618 prop_inc 305597 fast_inc 573264 eta_inc 467808 multi_dec -915378 quick_dec -56040 nack_dec -531200
Flow Uec_91_27 flowId 90 uecSrc 89 finished at 5357.03 total messages 1 total packets 3916 RTS 0 total bytes 16000776 in_flight now 0 fair_inc 471747 prop_inc 290183 fast_inc 688001 eta_inc 465150 multi_dec -839137 quick_dec -123826 nack_dec -539500
.........Received SIGTERM at 493000 us, shutting down cleanly.
New: 501248 Rtx: 17377 RTS: 0 Bounced: 0 ACKs: 490186 NACKs: 17377 Pulls: 0 sleek_pkts: 0
SPURIOUS_COUNT 0
