Flow Uec_67_3 flowId 128 uecSrc 127 finished at 2768.75 total messages 1 total packets 15664 RTS 0 total bytes 64003104 in_flight now 0 fair_inc 310163 prop_inc 814496 fast_inc 0 eta_inc 275103 multi_dec -64277 quick_dec -0 nack_dec -149400
Flow Uec_17_81 flowId 97 uecSrc 96 finished at 2775.94 total messages 1 total packets 15664 RTS 0 total bytes 64003104 in_flight now 0 fair_inc 307200 prop_inc 928329 fast_inc 0 eta_inc 276432 multi_dec -114516 quick_dec -0 nack_dec -70550
Flow Uec_106_42 flowId 94 uecSrc 93 finished at 2790.22 total messages 1 total packets 15664 RTS 0 total bytes 64003104 in_flight now 0 fair_inc 273123 prop_inc 812530 fast_inc 0 eta_inc 277761 multi_dec -160274 quick_dec -0 nack_dec -87150
Flow Uec_18_82 flowId 10 uecSrc 9 finished at 2797.38 total messages 1 total packets 15664 RTS 0 total bytes 64003104 in_flight now 0 fair_inc 293229 prop_inc 926163 fast_inc 0 eta_inc 277761 multi_dec -228132 quick_dec -0 nack_dec -53950
Flow Uec_72_8 flowId 110 uecSrc 109 finished at 2798.8 total messages 1 total packets 15664 RTS 0 total bytes 64003104 in_flight now 0 fair_inc 337248 prop_inc 824937 fast_inc 0 eta_inc 279090 multi_dec -146672 quick_dec -0 nack_dec -91300
Flow Uec_31_95 flowId 22 uecSrc 21 finished at 2798.89 total messages 1 total packets 15664 RTS 0 total bytes 64003104 in_flight now 0 fair_inc 350114 prop_inc 729399 fast_inc 0 eta_inc 279090 multi_dec -125953 quick_dec -0 nack_dec -37350
Flow Uec_16_80 flowId 115 uecSrc 114 finished at 2799.89 total messages 1 total packets 15664 RTS 0 total bytes 64003104 in_flight now 0 fair_inc 326380 prop_inc 922905 fast_inc 0 eta_inc 277761 multi_dec -254345 quick_dec -0 nack_dec -53950
Flow Uec_120_56 flowId 76 uecSrc 75 finished at 2801.52 total messages 1 total packets 15664 RTS 0 total bytes 64003104 in_flight now 0 fair_inc 379668 prop_inc 859344 fast_inc 0 eta_inc 279090 multi_dec -304524 quick_dec -0 nack_dec -45650
Flow Uec_29_93 flowId 92 uecSrc 91 finished at 2801.87 total messages 1 total packets 15664 RTS 0 total bytes 64003104 in_flight now 0 fair_inc 351595 prop_inc 750270 fast_inc 0 eta_inc 279090 multi_dec -88228 quick_dec -0 nack_dec -66400
Flow Uec_107_43 flowId 80 uecSrc 79 finished at 2802.88 total messages 1 total packets 15664 RTS 0 total bytes 64003104 in_flight now 0 fair_inc 288292 prop_inc 884672 fast_inc 0 eta_inc 279090 multi_dec -342453 quick_dec -0 nack_dec -45650
Flow Uec_118_54 flowId 77 uecSrc 76 finished at 2806.01 total messages 1 total packets 15664 RTS 0 total bytes 64003104 in_flight now 0 fair_inc 272111 prop_inc 821951 fast_inc 0 eta_inc 279090 multi_dec -296182 quick_dec -0 nack_dec -153550
Flow Uec_38_102 flowId 90 uecSrc 89 finished at 2808.74 total messages 1 total packets 15664 RTS 0 total bytes 64003104 in_flight now 0 fair_inc 343311 prop_inc 757064 fast_inc 0 eta_inc 280419 multi_dec -80446 quick_dec -0 nack_dec -132800
Flow Uec_84_20 flowId 37 uecSrc 36 finished at 2808.91 total messages 1 total packets 15664 RTS 0 total bytes 64003104 in_flight now 0 fair_inc 331406 prop_inc 792248 fast_inc 0 eta_inc 279090 multi_dec -261719 quick_dec -0 nack_dec -70550
Flow Uec_37_101 flowId 116 uecSrc 115 finished at 2809.11 total messages 1 total packets 15664 RTS 0 total bytes 64003104 in_flight now 0 fair_inc 335262 prop_inc 783627 fast_inc 0 eta_inc 280419 multi_dec -115907 quick_dec -0 nack_dec -132800
Flow Uec_87_23 flowId 67 uecSrc 66 finished at 2810.41 total messages 1 total packets 15664 RTS 0 total bytes 64003104 in_flight now 0 fair_inc 313149 prop_inc 795517 fast_inc 0 eta_inc 280419 multi_dec -151336 quick_dec -0 nack_dec -91300
Flow Uec_63_127 flowId 44 uecSrc 43 finished at 2812.26 total messages 1 total packets 15664 RTS 0 total bytes 64003104 in_flight now 0 fair_inc 326639 prop_inc 805517 fast_inc 0 eta_inc 280419 multi_dec -221739 quick_dec -0 nack_dec -83000
Flow Uec_61_125 flowId 93 uecSrc 92 finished at 2812.91 total messages 1 total packets 15664 RTS 0 total bytes 64003104 in_flight now 0 fair_inc 360011 prop_inc 777187 fast_inc 0 eta_inc 280419 multi_dec -157630 quick_dec -0 nack_dec -74700
Flow Uec_94_30 flowId 36 uecSrc 35 finished at 2813.03 total messages 1 total packets 15664 RTS 0 total bytes 64003104 in_flight now 0 fair_inc 297222 prop_inc 829120 fast_inc 0 eta_inc 280419 multi_dec -240601 quick_dec -0 nack_dec -70550
Flow Uec_58_122 flowId 125 uecSrc 124 finished at 2813.09 total messages 1 total packets 15664 RTS 0 total bytes 64003104 in_flight now 0 fair_inc 306564 prop_inc 790696 fast_inc 0 eta_inc 279090 multi_dec -166531 quick_dec -0 nack_dec -166000
Flow Uec_77_13 flowId 20 uecSrc 19 finished at 2816.14 total messages 1 total packets 15664 RTS 0 total bytes 64003104 in_flight now 0 fair_inc 298940 prop_inc 835761 fast_inc 0 eta_inc 280419 multi_dec -238614 quick_dec -0 nack_dec -199200
Flow Uec_19_83 flowId 66 uecSrc 65 finished at 2819.38 total messages 1 total packets 15664 RTS 0 total bytes 64003104 in_flight now 0 fair_inc 339041 prop_inc 895590 fast_inc 0 eta_inc 280419 multi_dec -348684 quick_dec -0 nack_dec -62250
Flow Uec_91_27 flowId 23 uecSrc 22 finished at 2820.23 total messages 1 total packets 15664 RTS 0 total bytes 64003104 in_flight now 0 fair_inc 335864 prop_inc 723901 fast_inc 0 eta_inc 281748 multi_dec -183888 quick_dec -0 nack_dec -99600
Flow Uec_127_63 flowId 64 uecSrc 63 finished at 2821.1 total messages 1 total packets 15664 RTS 0 total bytes 64003104 in_flight now 0 fair_inc 286238 prop_inc 824662 fast_inc 0 eta_inc 280419 multi_dec -241499 quick_dec -0 nack_dec -53950
Flow Uec_53_117 flowId 118 uecSrc 117 finished at 2822.29 total messages 1 total packets 15664 RTS 0 total bytes 64003104 in_flight now 0 fair_inc 306408 prop_inc 792301 fast_inc 0 eta_inc 281748 multi_dec -180457 quick_dec -0 nack_dec -153550
Flow Uec_99_35 flowId 109 uecSrc 108 finished at 2824.68 total messages 1 total packets 15664 RTS 0 total bytes 64003104 in_flight now 0 fair_inc 274061 prop_inc 932852 fast_inc 0 eta_inc 280419 multi_dec -363416 quick_dec -0 nack_dec -145250
Flow Uec_126_62 flowId 24 uecSrc 23 finished at 2824.78 total messages 1 total packets 15664 RTS 0 total bytes 64003104 in_flight now 0 fair_inc 278998 prop_inc 798259 fast_inc 0 eta_inc 281748 multi_dec -375308 quick_dec -0 nack_dec -66400
Flow Uec_21_85 flowId 105 uecSrc 104 finished at 2825.02 total messages 1 total packets 15664 RTS 0 total bytes 64003104 in_flight now 0 fair_inc 304067 prop_inc 738444 fast_inc 0 eta_inc 281748 multi_dec -243144 quick_dec -0 nack_dec -120350
Flow Uec_124_60 flowId 122 uecSrc 121 finished at 2826.91 total messages 1 total packets 15664 RTS 0 total bytes 64003104 in_flight now 0 fair_inc 324773 prop_inc 750620 fast_inc 0 eta_inc 281748 multi_dec -245414 quick_dec -0 nack_dec -29050
Flow Uec_121_57 flowId 3 uecSrc 2 finished at 2826.99 total messages 1 total packets 15664 RTS 0 total bytes 64003104 in_flight now 0 fair_inc 328992 prop_inc 849640 fast_inc 0 eta_inc 281748 multi_dec -305198 quick_dec -0 nack_dec -87150
Flow Uec_65_1 flowId 73 uecSrc 72 finished at 2828.61 total messages 1 total packets 15664 RTS 0 total bytes 64003104 in_flight now 0 fair_inc 327545 prop_inc 772563 fast_inc 0 eta_inc 281748 multi_dec -230979 quick_dec -0 nack_dec -178450
Flow Uec_26_90 flowId 4 uecSrc 3 finished at 2828.95 total messages 1 total packets 15664 RTS 0 total bytes 64003104 in_flight now 0 fair_inc 359120 prop_inc 722088 fast_inc 0 eta_inc 281748 multi_dec -195200 quick_dec -0 nack_dec -49800
Flow Uec_123_59 flowId 74 uecSrc 73 finished at 2829.05 total messages 1 total packets 15664 RTS 0 total bytes 64003104 in_flight now 0 fair_inc 340766 prop_inc 832283 fast_inc 0 eta_inc 281748 multi_dec -313154 quick_dec -0 nack_dec -70550
Flow Uec_78_14 flowId 46 uecSrc 45 finished at 2830.77 total messages 1 total packets 15664 RTS 0 total bytes 64003104 in_flight now 0 fair_inc 360783 prop_inc 833496 fast_inc 0 eta_inc 283077 multi_dec -175294 quick_dec -0 nack_dec -107900
Flow Uec_60_124 flowId 100 uecSrc 99 finished at 2831.96 total messages 1 total packets 15664 RTS 0 total bytes 64003104 in_flight now 0 fair_inc 324071 prop_inc 804993 fast_inc 0 eta_inc 281748 multi_dec -206807 quick_dec -0 nack_dec -66400
Flow Uec_79_15 flowId 68 uecSrc 67 finished at 2832.6 total messages 1 total packets 15664 RTS 0 total bytes 64003104 in_flight now 0 fair_inc 320027 prop_inc 798947 fast_inc 0 eta_inc 281748 multi_dec -290770 quick_dec -0 nack_dec -141100
Flow Uec_43_107 flowId 39 uecSrc 38 finished at 2833.15 total messages 1 total packets 15664 RTS 0 total bytes 64003104 in_flight now 0 fair_inc 342450 prop_inc 807653 fast_inc 0 eta_inc 283077 multi_dec -260191 quick_dec -0 nack_dec -199200
Flow Uec_96_32 flowId 72 uecSrc 71 finished at 2833.67 total messages 1 total packets 15664 RTS 0 total bytes 64003104 in_flight now 0 fair_inc 297112 prop_inc 926412 fast_inc 0 eta_inc 283077 multi_dec -484930 quick_dec -0 nack_dec -149400
Flow Uec_103_39 flowId 33 uecSrc 32 finished at 2834.32 total messages 1 total packets 15664 RTS 0 total bytes 64003104 in_flight now 0 fair_inc 324386 prop_inc 769996 fast_inc 0 eta_inc 283077 multi_dec -253682 quick_dec -0 nack_dec -161850
Flow Uec_101_37 flowId 111 uecSrc 110 finished at 2834.48 total messages 1 total packets 15664 RTS 0 total bytes 64003104 in_flight now 0 fair_inc 371908 prop_inc 777380 fast_inc 0 eta_inc 281748 multi_dec -331997 quick_dec -0 nack_dec -136950
Flow Uec_27_91 flowId 70 uecSrc 69 finished at 2834.55 total messages 1 total packets 15664 RTS 0 total bytes 64003104 in_flight now 0 fair_inc 418709 prop_inc 715890 fast_inc 0 eta_inc 281748 multi_dec -136325 quick_dec -0 nack_dec -70550
Flow Uec_39_103 flowId 30 uecSrc 29 finished at 2834.9 total messages 1 total packets 15664 RTS 0 total bytes 64003104 in_flight now 0 fair_inc 332633 prop_inc 771939 fast_inc 0 eta_inc 281748 multi_dec -251720 quick_dec -0 nack_dec -66400
Flow Uec_46_110 flowId 88 uecSrc 87 finished at 2837.11 total messages 1 total packets 15664 RTS 0 total bytes 64003104 in_flight now 0 fair_inc 343442 prop_inc 766195 fast_inc 0 eta_inc 283077 multi_dec -209384 quick_dec -0 nack_dec -161850
Flow Uec_89_25 flowId 98 uecSrc 97 finished at 2837.27 total messages 1 total packets 15664 RTS 0 total bytes 64003104 in_flight now 0 fair_inc 324854 prop_inc 749847 fast_inc 0 eta_inc 283077 multi_dec -302353 quick_dec -0 nack_dec -112050
Flow Uec_108_44 flowId 120 uecSrc 119 finished at 2838.48 total messages 1 total packets 15664 RTS 0 total bytes 64003104 in_flight now 0 fair_inc 342740 prop_inc 751499 fast_inc 0 eta_inc 283077 multi_dec -419886 quick_dec -0 nack_dec -74700
Flow Uec_93_29 flowId 51 uecSrc 50 finished at 2839.33 total messages 1 total packets 15664 RTS 0 total bytes 64003104 in_flight now 0 fair_inc 334458 prop_inc 772907 fast_inc 0 eta_inc 283077 multi_dec -344630 quick_dec -0 nack_dec -112050
Flow Uec_42_106 flowId 81 uecSrc 80 finished at 2839.88 total messages 1 total packets 15664 RTS 0 total bytes 64003104 in_flight now 0 fair_inc 321809 prop_inc 830656 fast_inc 0 eta_inc 283077 multi_dec -324303 quick_dec -0 nack_dec -161850
Flow Uec_122_58 flowId 42 uecSrc 41 finished at 2840.08 total messages 1 total packets 15664 RTS 0 total bytes 64003104 in_flight now 0 fair_inc 338312 prop_inc 842420 fast_inc 0 eta_inc 283077 multi_dec -304511 quick_dec -0 nack_dec -66400
Flow Uec_23_87 flowId 126 uecSrc 125 finished at 2840.35 total messages 1 total packets 15664 RTS 0 total bytes 64003104 in_flight now 0 fair_inc 333140 prop_inc 726945 fast_inc 0 eta_inc 283077 multi_dec -222126 quick_dec -0 nack_dec -136950
Flow Uec_49_113 flowId 123 uecSrc 122 finished at 2840.41 total messages 1 total packets 15664 RTS 0 total bytes 64003104 in_flight now 0 fair_inc 362207 prop_inc 754431 fast_inc 0 eta_inc 283077 multi_dec -227959 quick_dec -0 nack_dec -103750
Flow Uec_48_112 flowId 85 uecSrc 84 finished at 2841.41 total messages 1 total packets 15664 RTS 0 total bytes 64003104 in_flight now 0 fair_inc 322343 prop_inc 775086 fast_inc 0 eta_inc 283077 multi_dec -301137 quick_dec -0 nack_dec -95450
Flow Uec_28_92 flowId 84 uecSrc 83 finished at 2841.99 total messages 1 total packets 15664 RTS 0 total bytes 64003104 in_flight now 0 fair_inc 344344 prop_inc 708686 fast_inc 0 eta_inc 283077 multi_dec -305418 quick_dec -0 nack_dec -58100
Flow Uec_4_68 flowId 53 uecSrc 52 finished at 2842.33 total messages 1 total packets 15664 RTS 0 total bytes 64003104 in_flight now 0 fair_inc 338908 prop_inc 768810 fast_inc 0 eta_inc 283077 multi_dec -376090 quick_dec -0 nack_dec -62250
Flow Uec_125_61 flowId 121 uecSrc 120 finished at 2842.52 total messages 1 total packets 15664 RTS 0 total bytes 64003104 in_flight now 0 fair_inc 279976 prop_inc 782338 fast_inc 0 eta_inc 283077 multi_dec -316499 quick_dec -0 nack_dec -70550
Flow Uec_85_21 flowId 58 uecSrc 57 finished at 2843.13 total messages 1 total packets 15664 RTS 0 total bytes 64003104 in_flight now 0 fair_inc 382608 prop_inc 761903 fast_inc 0 eta_inc 283077 multi_dec -206649 quick_dec -0 nack_dec -91300
Flow Uec_54_118 flowId 25 uecSrc 24 finished at 2843.95 total messages 1 total packets 15664 RTS 0 total bytes 64003104 in_flight now 0 fair_inc 297792 prop_inc 757241 fast_inc 0 eta_inc 283077 multi_dec -333995 quick_dec -0 nack_dec -166000
Flow Uec_25_89 flowId 113 uecSrc 112 finished at 2844.07 total messages 1 total packets 15664 RTS 0 total bytes 64003104 in_flight now 0 fair_inc 414708 prop_inc 719418 fast_inc 0 eta_inc 283077 multi_dec -277521 quick_dec -0 nack_dec -70550
Flow Uec_111_47 flowId 101 uecSrc 100 finished at 2844.13 total messages 1 total packets 15664 RTS 0 total bytes 64003104 in_flight now 0 fair_inc 352687 prop_inc 808638 fast_inc 0 eta_inc 283077 multi_dec -421363 quick_dec -0 nack_dec -95450
Flow Uec_44_108 flowId 2 uecSrc 1 finished at 2846.44 total messages 1 total packets 15664 RTS 0 total bytes 64003104 in_flight now 0 fair_inc 333920 prop_inc 736637 fast_inc 0 eta_inc 283077 multi_dec -208733 quick_dec -0 nack_dec -170150
Flow Uec_55_119 flowId 78 uecSrc 77 finished at 2847.26 total messages 1 total packets 15664 RTS 0 total bytes 64003104 in_flight now 0 fair_inc 317097 prop_inc 746350 fast_inc 0 eta_inc 284406 multi_dec -371569 quick_dec -0 nack_dec -132800
Flow Uec_1_65 flowId 29 uecSrc 28 finished at 2849.19 total messages 1 total packets 15664 RTS 0 total bytes 64003104 in_flight now 0 fair_inc 301660 prop_inc 734059 fast_inc 0 eta_inc 284406 multi_dec -491313 quick_dec -0 nack_dec -170150
Flow Uec_15_79 flowId 38 uecSrc 37 finished at 2849.64 total messages 1 total packets 15664 RTS 0 total bytes 64003104 in_flight now 0 fair_inc 345934 prop_inc 825654 fast_inc 0 eta_inc 284406 multi_dec -441047 quick_dec -0 nack_dec -153550
Flow Uec_76_12 flowId 7 uecSrc 6 finished at 2850.29 total messages 1 total packets 15664 RTS 0 total bytes 64003104 in_flight now 0 fair_inc 339216 prop_inc 821124 fast_inc 0 eta_inc 283077 multi_dec -309009 quick_dec -0 nack_dec -166000
Flow Uec_13_77 flowId 106 uecSrc 105 finished at 2851.54 total messages 1 total packets 15664 RTS 0 total bytes 64003104 in_flight now 0 fair_inc 309021 prop_inc 839573 fast_inc 0 eta_inc 284406 multi_dec -420731 quick_dec -0 nack_dec -161850
Flow Uec_74_10 flowId 104 uecSrc 103 finished at 2851.57 total messages 1 total packets 15664 RTS 0 total bytes 64003104 in_flight now 0 fair_inc 308173 prop_inc 800897 fast_inc 0 eta_inc 284406 multi_dec -403024 quick_dec -0 nack_dec -112050
Flow Uec_8_72 flowId 13 uecSrc 12 finished at 2852.89 total messages 1 total packets 15664 RTS 0 total bytes 64003104 in_flight now 0 fair_inc 354689 prop_inc 715326 fast_inc 0 eta_inc 284406 multi_dec -248994 quick_dec -0 nack_dec -74700
Flow Uec_36_100 flowId 63 uecSrc 62 finished at 2853.23 total messages 1 total packets 15664 RTS 0 total bytes 64003104 in_flight now 0 fair_inc 342787 prop_inc 838546 fast_inc 0 eta_inc 284406 multi_dec -300020 quick_dec -0 nack_dec -145250
Flow Uec_51_115 flowId 21 uecSrc 20 finished at 2856.68 total messages 1 total packets 15664 RTS 0 total bytes 64003104 in_flight now 0 fair_inc 388181 prop_inc 719782 fast_inc 0 eta_inc 284406 multi_dec -282290 quick_dec -0 nack_dec -128650
Flow Uec_59_123 flowId 32 uecSrc 31 finished at 2858.15 total messages 1 total packets 15664 RTS 0 total bytes 64003104 in_flight now 0 fair_inc 347861 prop_inc 837280 fast_inc 0 eta_inc 284406 multi_dec -372572 quick_dec -0 nack_dec -182600
Flow Uec_113_49 flowId 60 uecSrc 59 finished at 2860.11 total messages 1 total packets 15664 RTS 0 total bytes 64003104 in_flight now 0 fair_inc 373577 prop_inc 777631 fast_inc 0 eta_inc 285735 multi_dec -520447 quick_dec -0 nack_dec -91300
Flow Uec_11_75 flowId 43 uecSrc 42 finished at 2860.39 total messages 1 total packets 15664 RTS 0 total bytes 64003104 in_flight now 0 fair_inc 362336 prop_inc 716892 fast_inc 0 eta_inc 284406 multi_dec -331056 quick_dec -0 nack_dec -78850
Flow Uec_45_109 flowId 6 uecSrc 5 finished at 2860.53 total messages 1 total packets 15664 RTS 0 total bytes 64003104 in_flight now 0 fair_inc 366379 prop_inc 754977 fast_inc 0 eta_inc 285735 multi_dec -337692 quick_dec -0 nack_dec -236550
Flow Uec_100_36 flowId 31 uecSrc 30 finished at 2861.11 total messages 1 total packets 15664 RTS 0 total bytes 64003104 in_flight now 0 fair_inc 328860 prop_inc 769419 fast_inc 0 eta_inc 284406 multi_dec -381795 quick_dec -0 nack_dec -174300
Flow Uec_88_24 flowId 52 uecSrc 51 finished at 2863.14 total messages 1 total packets 15664 RTS 0 total bytes 64003104 in_flight now 0 fair_inc 394832 prop_inc 723470 fast_inc 0 eta_inc 285735 multi_dec -306080 quick_dec -0 nack_dec -128650
Flow Uec_56_120 flowId 50 uecSrc 49 finished at 2864.19 total messages 1 total packets 15664 RTS 0 total bytes 64003104 in_flight now 0 fair_inc 355948 prop_inc 818956 fast_inc 0 eta_inc 285735 multi_dec -387454 quick_dec -0 nack_dec -195050
Flow Uec_62_126 flowId 49 uecSrc 48 finished at 2864.37 total messages 1 total packets 15664 RTS 0 total bytes 64003104 in_flight now 0 fair_inc 355884 prop_inc 767823 fast_inc 0 eta_inc 285735 multi_dec -324980 quick_dec -0 nack_dec -116200
Flow Uec_68_4 flowId 9 uecSrc 8 finished at 2864.58 total messages 1 total packets 15664 RTS 0 total bytes 64003104 in_flight now 0 fair_inc 339655 prop_inc 783982 fast_inc 0 eta_inc 284406 multi_dec -456396 quick_dec -0 nack_dec -53950
Flow Uec_6_70 flowId 108 uecSrc 107 finished at 2864.75 total messages 1 total packets 15664 RTS 0 total bytes 64003104 in_flight now 0 fair_inc 335773 prop_inc 752684 fast_inc 0 eta_inc 285735 multi_dec -526880 quick_dec -0 nack_dec -66400
Flow Uec_81_17 flowId 95 uecSrc 94 finished at 2865.33 total messages 1 total packets 15664 RTS 0 total bytes 64003104 in_flight now 0 fair_inc 318601 prop_inc 768253 fast_inc 0 eta_inc 287064 multi_dec -392437 quick_dec -0 nack_dec -157700
Flow Uec_57_121 flowId 117 uecSrc 116 finished at 2865.92 total messages 1 total packets 15664 RTS 0 total bytes 64003104 in_flight now 0 fair_inc 331101 prop_inc 835008 fast_inc 0 eta_inc 285735 multi_dec -313707 quick_dec -0 nack_dec -195050
Flow Uec_105_41 flowId 79 uecSrc 78 finished at 2866.51 total messages 1 total packets 15664 RTS 0 total bytes 64003104 in_flight now 0 fair_inc 342525 prop_inc 859235 fast_inc 0 eta_inc 285735 multi_dec -472858 quick_dec -0 nack_dec -66400
Flow Uec_71_7 flowId 28 uecSrc 27 finished at 2867.16 total messages 1 total packets 15664 RTS 0 total bytes 64003104 in_flight now 0 fair_inc 326671 prop_inc 790913 fast_inc 0 eta_inc 285735 multi_dec -515257 quick_dec -0 nack_dec -41500
Flow Uec_75_11 flowId 103 uecSrc 102 finished at 2867.44 total messages 1 total packets 15664 RTS 0 total bytes 64003104 in_flight now 0 fair_inc 326918 prop_inc 844228 fast_inc 0 eta_inc 285735 multi_dec -470825 quick_dec -0 nack_dec -128650
Flow Uec_35_99 flowId 89 uecSrc 88 finished at 2867.93 total messages 1 total packets 15664 RTS 0 total bytes 64003104 in_flight now 0 fair_inc 316515 prop_inc 721744 fast_inc 0 eta_inc 285735 multi_dec -340239 quick_dec -0 nack_dec -229296
Flow Uec_97_33 flowId 18 uecSrc 17 finished at 2868.38 total messages 1 total packets 15664 RTS 0 total bytes 64003104 in_flight now 0 fair_inc 298156 prop_inc 918278 fast_inc 0 eta_inc 285735 multi_dec -579882 quick_dec -0 nack_dec -136950
Flow Uec_5_69 flowId 91 uecSrc 90 finished at 2869.07 total messages 1 total packets 15664 RTS 0 total bytes 64003104 in_flight now 0 fair_inc 347042 prop_inc 762244 fast_inc 0 eta_inc 287064 multi_dec -428514 quick_dec -0 nack_dec -78850
Flow Uec_20_84 flowId 102 uecSrc 101 finished at 2869.66 total messages 1 total packets 15664 RTS 0 total bytes 64003104 in_flight now 0 fair_inc 353524 prop_inc 722093 fast_inc 0 eta_inc 285735 multi_dec -404605 quick_dec -0 nack_dec -128650
Flow Uec_114_50 flowId 112 uecSrc 111 finished at 2869.73 total messages 1 total packets 15664 RTS 0 total bytes 64003104 in_flight now 0 fair_inc 339640 prop_inc 781715 fast_inc 0 eta_inc 285735 multi_dec -514817 quick_dec -0 nack_dec -83000
Flow Uec_117_53 flowId 14 uecSrc 13 finished at 2870.46 total messages 1 total packets 15664 RTS 0 total bytes 64003104 in_flight now 0 fair_inc 321803 prop_inc 838063 fast_inc 0 eta_inc 287064 multi_dec -577803 quick_dec -0 nack_dec -157700
Flow Uec_40_104 flowId 99 uecSrc 98 finished at 2871.61 total messages 1 total packets 15664 RTS 0 total bytes 64003104 in_flight now 0 fair_inc 334457 prop_inc 803619 fast_inc 0 eta_inc 285735 multi_dec -471643 quick_dec -0 nack_dec -161850
Flow Uec_110_46 flowId 62 uecSrc 61 finished at 2873.49 total messages 1 total packets 15664 RTS 0 total bytes 64003104 in_flight now 0 fair_inc 349870 prop_inc 850467 fast_inc 0 eta_inc 285735 multi_dec -573285 quick_dec -0 nack_dec -78850
Flow Uec_102_38 flowId 40 uecSrc 39 finished at 2873.59 total messages 1 total packets 15664 RTS 0 total bytes 64003104 in_flight now 0 fair_inc 338233 prop_inc 784892 fast_inc 0 eta_inc 285735 multi_dec -334542 quick_dec -0 nack_dec -157700
Flow Uec_41_105 flowId 8 uecSrc 7 finished at 2874.88 total messages 1 total packets 15664 RTS 0 total bytes 64003104 in_flight now 0 fair_inc 333183 prop_inc 822869 fast_inc 0 eta_inc 287064 multi_dec -405262 quick_dec -0 nack_dec -190900
Flow Uec_14_78 flowId 124 uecSrc 123 finished at 2874.89 total messages 1 total packets 15664 RTS 0 total bytes 64003104 in_flight now 0 fair_inc 363976 prop_inc 785688 fast_inc 0 eta_inc 285735 multi_dec -456080 quick_dec -0 nack_dec -161850
Flow Uec_112_48 flowId 65 uecSrc 64 finished at 2875.42 total messages 1 total packets 15664 RTS 0 total bytes 64003104 in_flight now 0 fair_inc 290564 prop_inc 774238 fast_inc 0 eta_inc 285735 multi_dec -559008 quick_dec -0 nack_dec -91300
Flow Uec_98_34 flowId 34 uecSrc 33 finished at 2876.14 total messages 1 total packets 15664 RTS 0 total bytes 64003104 in_flight now 0 fair_inc 303669 prop_inc 928779 fast_inc 0 eta_inc 285735 multi_dec -613116 quick_dec -0 nack_dec -141100
Flow Uec_9_73 flowId 5 uecSrc 4 finished at 2877.26 total messages 1 total packets 15664 RTS 0 total bytes 64003104 in_flight now 0 fair_inc 358319 prop_inc 774252 fast_inc 0 eta_inc 287064 multi_dec -496399 quick_dec -0 nack_dec -87150
Flow Uec_3_67 flowId 75 uecSrc 74 finished at 2877.68 total messages 1 total packets 15664 RTS 0 total bytes 64003104 in_flight now 0 fair_inc 356800 prop_inc 786599 fast_inc 0 eta_inc 287064 multi_dec -579089 quick_dec -0 nack_dec -166000
Flow Uec_82_18 flowId 48 uecSrc 47 finished at 2878.97 total messages 1 total packets 15664 RTS 0 total bytes 64003104 in_flight now 0 fair_inc 376438 prop_inc 735666 fast_inc 0 eta_inc 287064 multi_dec -402454 quick_dec -0 nack_dec -136950
Flow Uec_34_98 flowId 69 uecSrc 68 finished at 2882.85 total messages 1 total packets 15664 RTS 0 total bytes 64003104 in_flight now 0 fair_inc 297775 prop_inc 754565 fast_inc 0 eta_inc 287064 multi_dec -441680 quick_dec -0 nack_dec -261450
Flow Uec_32_96 flowId 19 uecSrc 18 finished at 2884.19 total messages 1 total packets 15664 RTS 0 total bytes 64003104 in_flight now 0 fair_inc 334956 prop_inc 777331 fast_inc 0 eta_inc 287064 multi_dec -419765 quick_dec -0 nack_dec -253150
Flow Uec_70_6 flowId 45 uecSrc 44 finished at 2884.59 total messages 1 total packets 15664 RTS 0 total bytes 64003104 in_flight now 0 fair_inc 335912 prop_inc 813120 fast_inc 0 eta_inc 287064 multi_dec -640472 quick_dec -0 nack_dec -49800
Flow Uec_86_22 flowId 83 uecSrc 82 finished at 2885.18 total messages 1 total packets 15664 RTS 0 total bytes 64003104 in_flight now 0 fair_inc 398978 prop_inc 790270 fast_inc 0 eta_inc 287064 multi_dec -443463 quick_dec -0 nack_dec -112050
Flow Uec_47_111 flowId 59 uecSrc 58 finished at 2885.21 total messages 1 total packets 15664 RTS 0 total bytes 64003104 in_flight now 0 fair_inc 331663 prop_inc 746489 fast_inc 0 eta_inc 288393 multi_dec -386989 quick_dec -0 nack_dec -174300
Flow Uec_83_19 flowId 71 uecSrc 70 finished at 2890.17 total messages 1 total packets 15664 RTS 0 total bytes 64003104 in_flight now 0 fair_inc 332111 prop_inc 777021 fast_inc 0 eta_inc 288393 multi_dec -494797 quick_dec -0 nack_dec -120350
Flow Uec_95_31 flowId 16 uecSrc 15 finished at 2891.39 total messages 1 total packets 15664 RTS 0 total bytes 64003104 in_flight now 0 fair_inc 349701 prop_inc 769467 fast_inc 0 eta_inc 288393 multi_dec -466035 quick_dec -0 nack_dec -128650
Flow Uec_33_97 flowId 41 uecSrc 40 finished at 2891.71 total messages 1 total packets 15664 RTS 0 total bytes 64003104 in_flight now 0 fair_inc 348012 prop_inc 771302 fast_inc 0 eta_inc 288393 multi_dec -486493 quick_dec -0 nack_dec -219950
Flow Uec_109_45 flowId 119 uecSrc 118 finished at 2893.48 total messages 1 total packets 15664 RTS 0 total bytes 64003104 in_flight now 0 fair_inc 349537 prop_inc 827460 fast_inc 0 eta_inc 288393 multi_dec -614966 quick_dec -0 nack_dec -95450
Flow Uec_22_86 flowId 11 uecSrc 10 finished at 2895.05 total messages 1 total packets 15664 RTS 0 total bytes 64003104 in_flight now 0 fair_inc 341328 prop_inc 757766 fast_inc 0 eta_inc 288393 multi_dec -438504 quick_dec -0 nack_dec -186750
Flow Uec_80_16 flowId 57 uecSrc 56 finished at 2897.56 total messages 1 total packets 15664 RTS 0 total bytes 64003104 in_flight now 0 fair_inc 354173 prop_inc 794001 fast_inc 0 eta_inc 288393 multi_dec -445954 quick_dec -0 nack_dec -132800
Flow Uec_115_51 flowId 87 uecSrc 86 finished at 2897.66 total messages 1 total packets 15664 RTS 0 total bytes 64003104 in_flight now 0 fair_inc 276005 prop_inc 791188 fast_inc 0 eta_inc 288393 multi_dec -591733 quick_dec -0 nack_dec -136950
Flow Uec_10_74 flowId 56 uecSrc 55 finished at 2898.38 total messages 1 total packets 15664 RTS 0 total bytes 64003104 in_flight now 0 fair_inc 393877 prop_inc 732974 fast_inc 0 eta_inc 289722 multi_dec -438506 quick_dec -0 nack_dec -95450
Flow Uec_69_5 flowId 54 uecSrc 53 finished at 2901.19 total messages 1 total packets 15664 RTS 0 total bytes 64003104 in_flight now 0 fair_inc 360723 prop_inc 815433 fast_inc 0 eta_inc 288393 multi_dec -616593 quick_dec -0 nack_dec -58100
Flow Uec_2_66 flowId 114 uecSrc 113 finished at 2902.02 total messages 1 total packets 15664 RTS 0 total bytes 64003104 in_flight now 0 fair_inc 343632 prop_inc 778484 fast_inc 0 eta_inc 289722 multi_dec -643241 quick_dec -0 nack_dec -153550
Flow Uec_0_64 flowId 26 uecSrc 25 finished at 2903.97 total messages 1 total packets 15664 RTS 0 total bytes 64003104 in_flight now 0 fair_inc 321121 prop_inc 801709 fast_inc 0 eta_inc 288393 multi_dec -578147 quick_dec -0 nack_dec -199200
Flow Uec_104_40 flowId 55 uecSrc 54 finished at 2904.39 total messages 1 total packets 15664 RTS 0 total bytes 64003104 in_flight now 0 fair_inc 343693 prop_inc 816661 fast_inc 0 eta_inc 289722 multi_dec -583954 quick_dec -0 nack_dec -66400
Flow Uec_73_9 flowId 27 uecSrc 26 finished at 2907.22 total messages 1 total packets 15664 RTS 0 total bytes 64003104 in_flight now 0 fair_inc 358819 prop_inc 802923 fast_inc 0 eta_inc 289722 multi_dec -458496 quick_dec -0 nack_dec -141100
Flow Uec_7_71 flowId 127 uecSrc 126 finished at 2908.91 total messages 1 total packets 15664 RTS 0 total bytes 64003104 in_flight now 0 fair_inc 390255 prop_inc 855848 fast_inc 0 eta_inc 289722 multi_dec -612420 quick_dec -0 nack_dec -37350
Flow Uec_24_88 flowId 15 uecSrc 14 finished at 2912.41 total messages 1 total packets 15664 RTS 0 total bytes 64003104 in_flight now 0 fair_inc 351899 prop_inc 770961 fast_inc 0 eta_inc 291051 multi_dec -665597 quick_dec -0 nack_dec -41500
Flow Uec_30_94 flowId 96 uecSrc 95 finished at 2913.08 total messages 1 total packets 15664 RTS 0 total bytes 64003104 in_flight now 0 fair_inc 341072 prop_inc 748018 fast_inc 0 eta_inc 289722 multi_dec -541033 quick_dec -0 nack_dec -70550
Flow Uec_12_76 flowId 1 uecSrc 0 finished at 2913.12 total messages 1 total packets 15664 RTS 0 total bytes 64003104 in_flight now 0 fair_inc 299590 prop_inc 898993 fast_inc 0 eta_inc 289722 multi_dec -593604 quick_dec -0 nack_dec -203350
Flow Uec_66_2 flowId 61 uecSrc 60 finished at 2918.54 total messages 1 total packets 15664 RTS 0 total bytes 64003104 in_flight now 0 fair_inc 372841 prop_inc 782392 fast_inc 0 eta_inc 291051 multi_dec -466731 quick_dec -0 nack_dec -236550
Flow Uec_52_116 flowId 12 uecSrc 11 finished at 2926 total messages 1 total packets 15664 RTS 0 total bytes 64003104 in_flight now 0 fair_inc 358411 prop_inc 759119 fast_inc 0 eta_inc 291051 multi_dec -607518 quick_dec -0 nack_dec -112050
Flow Uec_90_26 flowId 107 uecSrc 106 finished at 2929.29 total messages 1 total packets 15664 RTS 0 total bytes 64003104 in_flight now 0 fair_inc 380583 prop_inc 740723 fast_inc 0 eta_inc 292380 multi_dec -540587 quick_dec -0 nack_dec -141100
Flow Uec_92_28 flowId 17 uecSrc 16 finished at 2930.72 total messages 1 total packets 15664 RTS 0 total bytes 64003104 in_flight now 0 fair_inc 342000 prop_inc 770710 fast_inc 0 eta_inc 291051 multi_dec -562009 quick_dec -0 nack_dec -132800
Flow Uec_64_0 flowId 35 uecSrc 34 finished at 2947.88 total messages 1 total packets 15664 RTS 0 total bytes 64003104 in_flight now 0 fair_inc 356990 prop_inc 845804 fast_inc 0 eta_inc 293709 multi_dec -573339 quick_dec -0 nack_dec -278050
Flow Uec_50_114 flowId 47 uecSrc 46 finished at 2951.48 total messages 1 total packets 15664 RTS 0 total bytes 64003104 in_flight now 0 fair_inc 345781 prop_inc 801072 fast_inc 0 eta_inc 293709 multi_dec -601447 quick_dec -0 nack_dec -83000
Flow Uec_116_52 flowId 82 uecSrc 81 finished at 2970.57 total messages 1 total packets 15664 RTS 0 total bytes 64003104 in_flight now 0 fair_inc 313840 prop_inc 741654 fast_inc 0 eta_inc 296367 multi_dec -758884 quick_dec -0 nack_dec -170150
Flow Uec_119_55 flowId 86 uecSrc 85 finished at 2989.43 total messages 1 total packets 15664 RTS 0 total bytes 64003104 in_flight now 0 fair_inc 342961 prop_inc 925680 fast_inc 0 eta_inc 296367 multi_dec -882854 quick_dec -0 nack_dec -166000
...Received SIGTERM at 159000 us, shutting down cleanly.
New: 2004992 Rtx: 3737 RTS: 0 Bounced: 0 ACKs: 902647 NACKs: 3737 Pulls: 0 sleek_pkts: 0
SPURIOUS_COUNT 0
