Flow Uec_0_3 flowId 103 uecSrc 102 finished at 4087.28 total messages 1 total packets 24474 RTS 0 total bytes 100000764 in_flight now 0 fair_inc 0 prop_inc 10387286 fast_inc 16432174 eta_inc 404016 multi_dec -0 quick_dec -0 nack_dec -0
Flow Uec_1_2 flowId 89 uecSrc 88 finished at 4090.35 total messages 1 total packets 24474 RTS 0 total bytes 100000764 in_flight now 0 fair_inc 0 prop_inc 25672 fast_inc 54976726 eta_inc 406674 multi_dec -0 quick_dec -0 nack_dec -0
Flow Uec_60_62 flowId 117 uecSrc 116 finished at 4090.4 total messages 1 total packets 24474 RTS 0 total bytes 100000764 in_flight now 0 fair_inc 0 prop_inc 25670 fast_inc 54976726 eta_inc 406674 multi_dec -0 quick_dec -0 nack_dec -0
Flow Uec_2_4 flowId 93 uecSrc 92 finished at 4101.55 total messages 1 total packets 24474 RTS 0 total bytes 100000764 in_flight now 0 fair_inc 30268 prop_inc 4612481 fast_inc 0 eta_inc 409332 multi_dec -0 quick_dec -0 nack_dec -0
Flow Uec_12_0 flowId 112 uecSrc 111 finished at 4105.94 total messages 1 total packets 24474 RTS 0 total bytes 100000764 in_flight now 0 fair_inc 15190 prop_inc 4204013 fast_inc 0 eta_inc 408003 multi_dec -0 quick_dec -0 nack_dec -0
Flow Uec_61_114 flowId 26 uecSrc 25 finished at 4106.72 total messages 1 total packets 24474 RTS 0 total bytes 100000764 in_flight now 0 fair_inc 107612 prop_inc 2498046 fast_inc 0 eta_inc 406674 multi_dec -0 quick_dec -0 nack_dec -0
Flow Uec_3_69 flowId 110 uecSrc 109 finished at 4112.97 total messages 1 total packets 24474 RTS 0 total bytes 100000764 in_flight now 0 fair_inc 367904 prop_inc 2020615 fast_inc 0 eta_inc 409332 multi_dec -0 quick_dec -0 nack_dec -0
Flow Uec_63_25 flowId 120 uecSrc 119 finished at 4126.32 total messages 1 total packets 24474 RTS 0 total bytes 100000764 in_flight now 0 fair_inc 403477 prop_inc 2014652 fast_inc 0 eta_inc 410661 multi_dec -1654 quick_dec -0 nack_dec -0
Flow Uec_14_127 flowId 1 uecSrc 0 finished at 4133.76 total messages 1 total packets 24474 RTS 0 total bytes 100000764 in_flight now 0 fair_inc 349893 prop_inc 1818918 fast_inc 0 eta_inc 410661 multi_dec -0 quick_dec -0 nack_dec -0
Flow Uec_62_68 flowId 111 uecSrc 110 finished at 4134.17 total messages 1 total packets 24474 RTS 0 total bytes 100000764 in_flight now 0 fair_inc 402776 prop_inc 1981210 fast_inc 0 eta_inc 411990 multi_dec -0 quick_dec -0 nack_dec -0
Flow Uec_120_63 flowId 68 uecSrc 67 finished at 4160.93 total messages 1 total packets 24474 RTS 0 total bytes 100000764 in_flight now 0 fair_inc 344786 prop_inc 1497380 fast_inc 0 eta_inc 414648 multi_dec -0 quick_dec -0 nack_dec -16600
Flow Uec_96_59 flowId 41 uecSrc 40 finished at 4184.57 total messages 1 total packets 24474 RTS 0 total bytes 100000764 in_flight now 0 fair_inc 444143 prop_inc 1792911 fast_inc 0 eta_inc 415977 multi_dec -14028 quick_dec -0 nack_dec -4150
Flow Uec_95_15 flowId 5 uecSrc 4 finished at 4190.73 total messages 1 total packets 24474 RTS 0 total bytes 100000764 in_flight now 0 fair_inc 519129 prop_inc 1632769 fast_inc 0 eta_inc 417306 multi_dec -881 quick_dec -0 nack_dec -12450
Flow Uec_27_1 flowId 87 uecSrc 86 finished at 4194.47 total messages 1 total packets 24474 RTS 0 total bytes 100000764 in_flight now 0 fair_inc 336404 prop_inc 1541080 fast_inc 0 eta_inc 418635 multi_dec -0 quick_dec -0 nack_dec -29050
Flow Uec_42_60 flowId 67 uecSrc 66 finished at 4196.28 total messages 1 total packets 24474 RTS 0 total bytes 100000764 in_flight now 0 fair_inc 387075 prop_inc 1479195 fast_inc 0 eta_inc 418635 multi_dec -16575 quick_dec -0 nack_dec -33200
Flow Uec_57_52 flowId 118 uecSrc 117 finished at 4231.6 total messages 1 total packets 24474 RTS 0 total bytes 100000764 in_flight now 0 fair_inc 151464 prop_inc 3707474 fast_inc 0 eta_inc 421293 multi_dec -0 quick_dec -0 nack_dec -8300
Flow Uec_70_112 flowId 80 uecSrc 79 finished at 4234.67 total messages 1 total packets 24474 RTS 0 total bytes 100000764 in_flight now 0 fair_inc 507687 prop_inc 1522266 fast_inc 0 eta_inc 421293 multi_dec -1762 quick_dec -0 nack_dec -0
Flow Uec_56_108 flowId 82 uecSrc 81 finished at 4243.13 total messages 1 total packets 24474 RTS 0 total bytes 100000764 in_flight now 0 fair_inc 462257 prop_inc 1429119 fast_inc 0 eta_inc 422622 multi_dec -64677 quick_dec -0 nack_dec -0
Flow Uec_108_7 flowId 126 uecSrc 125 finished at 4254.23 total messages 1 total packets 24474 RTS 0 total bytes 100000764 in_flight now 0 fair_inc 519182 prop_inc 1398110 fast_inc 0 eta_inc 423951 multi_dec -2940 quick_dec -0 nack_dec -0
Flow Uec_23_115 flowId 70 uecSrc 69 finished at 4257.2 total messages 1 total packets 24474 RTS 0 total bytes 100000764 in_flight now 0 fair_inc 640844 prop_inc 1503447 fast_inc 0 eta_inc 423951 multi_dec -27251 quick_dec -0 nack_dec -4150
Flow Uec_11_119 flowId 47 uecSrc 46 finished at 4261.29 total messages 1 total packets 24474 RTS 0 total bytes 100000764 in_flight now 0 fair_inc 427429 prop_inc 1476349 fast_inc 0 eta_inc 423951 multi_dec -56638 quick_dec -0 nack_dec -37350
Flow Uec_22_117 flowId 29 uecSrc 28 finished at 4262.73 total messages 1 total packets 24474 RTS 0 total bytes 100000764 in_flight now 0 fair_inc 575534 prop_inc 1476006 fast_inc 0 eta_inc 423951 multi_dec -31979 quick_dec -0 nack_dec -0
Flow Uec_71_66 flowId 3 uecSrc 2 finished at 4267.84 total messages 1 total packets 24474 RTS 0 total bytes 100000764 in_flight now 0 fair_inc 108950 prop_inc 3318235 fast_inc 0 eta_inc 425280 multi_dec -0 quick_dec -0 nack_dec -0
Flow Uec_8_46 flowId 123 uecSrc 122 finished at 4271.86 total messages 1 total packets 24474 RTS 0 total bytes 100000764 in_flight now 0 fair_inc 434320 prop_inc 1540895 fast_inc 0 eta_inc 425280 multi_dec -127154 quick_dec -0 nack_dec -45650
Flow Uec_99_77 flowId 11 uecSrc 10 finished at 4274.09 total messages 1 total packets 24474 RTS 0 total bytes 100000764 in_flight now 0 fair_inc 579772 prop_inc 1508687 fast_inc 0 eta_inc 426609 multi_dec -26751 quick_dec -0 nack_dec -0
Flow Uec_118_58 flowId 105 uecSrc 104 finished at 4275.41 total messages 1 total packets 24474 RTS 0 total bytes 100000764 in_flight now 0 fair_inc 588853 prop_inc 1471357 fast_inc 0 eta_inc 425280 multi_dec -2672 quick_dec -0 nack_dec -8300
Flow Uec_74_47 flowId 34 uecSrc 33 finished at 4280.26 total messages 1 total packets 24474 RTS 0 total bytes 100000764 in_flight now 0 fair_inc 494953 prop_inc 1406416 fast_inc 0 eta_inc 426609 multi_dec -85718 quick_dec -0 nack_dec -33200
Flow Uec_119_96 flowId 81 uecSrc 80 finished at 4283.98 total messages 1 total packets 24474 RTS 0 total bytes 100000764 in_flight now 0 fair_inc 561981 prop_inc 1357486 fast_inc 0 eta_inc 427938 multi_dec -73016 quick_dec -0 nack_dec -8300
Flow Uec_98_76 flowId 104 uecSrc 103 finished at 4287.06 total messages 1 total packets 24474 RTS 0 total bytes 100000764 in_flight now 0 fair_inc 628711 prop_inc 1498352 fast_inc 0 eta_inc 427938 multi_dec -105323 quick_dec -0 nack_dec -0
Flow Uec_113_55 flowId 6 uecSrc 5 finished at 4291.31 total messages 1 total packets 24474 RTS 0 total bytes 100000764 in_flight now 0 fair_inc 501665 prop_inc 1369081 fast_inc 0 eta_inc 427938 multi_dec -99332 quick_dec -0 nack_dec -78850
Flow Uec_79_56 flowId 24 uecSrc 23 finished at 4291.75 total messages 1 total packets 24474 RTS 0 total bytes 100000764 in_flight now 0 fair_inc 539169 prop_inc 1392500 fast_inc 0 eta_inc 426609 multi_dec -99875 quick_dec -0 nack_dec -12450
Flow Uec_104_37 flowId 79 uecSrc 78 finished at 4302.61 total messages 1 total packets 24474 RTS 0 total bytes 100000764 in_flight now 0 fair_inc 613020 prop_inc 1317066 fast_inc 0 eta_inc 429267 multi_dec -40858 quick_dec -0 nack_dec -20750
Flow Uec_93_86 flowId 92 uecSrc 91 finished at 4302.82 total messages 1 total packets 24474 RTS 0 total bytes 100000764 in_flight now 0 fair_inc 222072 prop_inc 3437567 fast_inc 0 eta_inc 427938 multi_dec -0 quick_dec -0 nack_dec -0
Flow Uec_13_11 flowId 96 uecSrc 95 finished at 4309.65 total messages 1 total packets 24474 RTS 0 total bytes 100000764 in_flight now 0 fair_inc 169449 prop_inc 3138088 fast_inc 0 eta_inc 429267 multi_dec -0 quick_dec -0 nack_dec -0
Flow Uec_107_51 flowId 36 uecSrc 35 finished at 4311.91 total messages 1 total packets 24474 RTS 0 total bytes 100000764 in_flight now 0 fair_inc 548566 prop_inc 1470021 fast_inc 0 eta_inc 429267 multi_dec -72228 quick_dec -0 nack_dec -66400
Flow Uec_102_61 flowId 125 uecSrc 124 finished at 4313.22 total messages 1 total packets 24474 RTS 0 total bytes 100000764 in_flight now 0 fair_inc 369400 prop_inc 1372375 fast_inc 0 eta_inc 430596 multi_dec -102283 quick_dec -0 nack_dec -141100
Flow Uec_17_125 flowId 8 uecSrc 7 finished at 4314.87 total messages 1 total packets 24474 RTS 0 total bytes 100000764 in_flight now 0 fair_inc 585103 prop_inc 1309577 fast_inc 0 eta_inc 430596 multi_dec -110842 quick_dec -0 nack_dec -0
Flow Uec_111_106 flowId 71 uecSrc 70 finished at 4322.65 total messages 1 total packets 24474 RTS 0 total bytes 100000764 in_flight now 0 fair_inc 271954 prop_inc 3294113 fast_inc 0 eta_inc 430596 multi_dec -0 quick_dec -0 nack_dec -0
Flow Uec_125_91 flowId 50 uecSrc 49 finished at 4322.87 total messages 1 total packets 24474 RTS 0 total bytes 100000764 in_flight now 0 fair_inc 581551 prop_inc 1317180 fast_inc 0 eta_inc 430596 multi_dec -167340 quick_dec -0 nack_dec -45650
Flow Uec_52_75 flowId 32 uecSrc 31 finished at 4326.13 total messages 1 total packets 24474 RTS 0 total bytes 100000764 in_flight now 0 fair_inc 590172 prop_inc 1577183 fast_inc 0 eta_inc 430596 multi_dec -252980 quick_dec -0 nack_dec -16600
Flow Uec_30_13 flowId 53 uecSrc 52 finished at 4326.43 total messages 1 total packets 24474 RTS 0 total bytes 100000764 in_flight now 0 fair_inc 477215 prop_inc 1420939 fast_inc 0 eta_inc 431925 multi_dec -74201 quick_dec -0 nack_dec -99600
Flow Uec_9_84 flowId 30 uecSrc 29 finished at 4334.12 total messages 1 total packets 24474 RTS 0 total bytes 100000764 in_flight now 0 fair_inc 481389 prop_inc 1436093 fast_inc 0 eta_inc 431925 multi_dec -304477 quick_dec -0 nack_dec -41500
Flow Uec_21_107 flowId 21 uecSrc 20 finished at 4336.21 total messages 1 total packets 24474 RTS 0 total bytes 100000764 in_flight now 0 fair_inc 633552 prop_inc 1333716 fast_inc 0 eta_inc 431925 multi_dec -54975 quick_dec -0 nack_dec -16600
Flow Uec_94_19 flowId 13 uecSrc 12 finished at 4337.78 total messages 1 total packets 24474 RTS 0 total bytes 100000764 in_flight now 0 fair_inc 661181 prop_inc 1426749 fast_inc 0 eta_inc 431925 multi_dec -190650 quick_dec -0 nack_dec -4150
Flow Uec_88_54 flowId 33 uecSrc 32 finished at 4337.83 total messages 1 total packets 24474 RTS 0 total bytes 100000764 in_flight now 0 fair_inc 591808 prop_inc 1358007 fast_inc 0 eta_inc 431925 multi_dec -123137 quick_dec -0 nack_dec -66400
Flow Uec_69_10 flowId 90 uecSrc 89 finished at 4339.11 total messages 1 total packets 24474 RTS 0 total bytes 100000764 in_flight now 0 fair_inc 594134 prop_inc 1285845 fast_inc 0 eta_inc 434583 multi_dec -165303 quick_dec -0 nack_dec -0
Flow Uec_109_32 flowId 94 uecSrc 93 finished at 4341.55 total messages 1 total packets 24474 RTS 0 total bytes 100000764 in_flight now 0 fair_inc 560976 prop_inc 1352906 fast_inc 0 eta_inc 431925 multi_dec -261367 quick_dec -0 nack_dec -20750
Flow Uec_44_8 flowId 78 uecSrc 77 finished at 4342.97 total messages 1 total packets 24474 RTS 0 total bytes 100000764 in_flight now 0 fair_inc 571980 prop_inc 1332375 fast_inc 0 eta_inc 431925 multi_dec -402619 quick_dec -0 nack_dec -4150
Flow Uec_45_28 flowId 43 uecSrc 42 finished at 4343.85 total messages 1 total packets 24474 RTS 0 total bytes 100000764 in_flight now 0 fair_inc 613617 prop_inc 1315717 fast_inc 0 eta_inc 433254 multi_dec -249523 quick_dec -0 nack_dec -4150
Flow Uec_97_111 flowId 124 uecSrc 123 finished at 4345.84 total messages 1 total packets 24474 RTS 0 total bytes 100000764 in_flight now 0 fair_inc 242055 prop_inc 3656523 fast_inc 0 eta_inc 431925 multi_dec -0 quick_dec -0 nack_dec -4150
Flow Uec_16_101 flowId 20 uecSrc 19 finished at 4348.05 total messages 1 total packets 24474 RTS 0 total bytes 100000764 in_flight now 0 fair_inc 511624 prop_inc 1278019 fast_inc 0 eta_inc 433254 multi_dec -210039 quick_dec -0 nack_dec -4150
Flow Uec_55_78 flowId 107 uecSrc 106 finished at 4348.44 total messages 1 total packets 24474 RTS 0 total bytes 100000764 in_flight now 0 fair_inc 537451 prop_inc 1420755 fast_inc 0 eta_inc 433254 multi_dec -253122 quick_dec -0 nack_dec -20750
Flow Uec_28_14 flowId 83 uecSrc 82 finished at 4355.86 total messages 1 total packets 24474 RTS 0 total bytes 100000764 in_flight now 0 fair_inc 532687 prop_inc 1354067 fast_inc 0 eta_inc 434583 multi_dec -306871 quick_dec -0 nack_dec -120350
Flow Uec_110_80 flowId 27 uecSrc 26 finished at 4356.24 total messages 1 total packets 24474 RTS 0 total bytes 100000764 in_flight now 0 fair_inc 617267 prop_inc 1296367 fast_inc 0 eta_inc 434583 multi_dec -233989 quick_dec -0 nack_dec -0
Flow Uec_121_6 flowId 57 uecSrc 56 finished at 4356.34 total messages 1 total packets 24474 RTS 0 total bytes 100000764 in_flight now 0 fair_inc 534422 prop_inc 1151655 fast_inc 0 eta_inc 434583 multi_dec -131083 quick_dec -0 nack_dec -16600
Flow Uec_49_100 flowId 108 uecSrc 107 finished at 4356.5 total messages 1 total packets 24474 RTS 0 total bytes 100000764 in_flight now 0 fair_inc 530635 prop_inc 1328628 fast_inc 0 eta_inc 434583 multi_dec -339641 quick_dec -0 nack_dec -41500
Flow Uec_39_124 flowId 31 uecSrc 30 finished at 4357.13 total messages 1 total packets 24474 RTS 0 total bytes 100000764 in_flight now 0 fair_inc 549683 prop_inc 1307921 fast_inc 0 eta_inc 434583 multi_dec -287483 quick_dec -0 nack_dec -103750
Flow Uec_18_126 flowId 62 uecSrc 61 finished at 4358 total messages 1 total packets 24474 RTS 0 total bytes 100000764 in_flight now 0 fair_inc 654612 prop_inc 1264504 fast_inc 0 eta_inc 433254 multi_dec -222542 quick_dec -0 nack_dec -4150
Flow Uec_117_81 flowId 101 uecSrc 100 finished at 4362.51 total messages 1 total packets 24474 RTS 0 total bytes 100000764 in_flight now 0 fair_inc 600625 prop_inc 1307144 fast_inc 0 eta_inc 435912 multi_dec -245736 quick_dec -0 nack_dec -8300
Flow Uec_114_57 flowId 88 uecSrc 87 finished at 4373.76 total messages 1 total packets 24474 RTS 0 total bytes 100000764 in_flight now 0 fair_inc 617510 prop_inc 1280756 fast_inc 0 eta_inc 437241 multi_dec -99945 quick_dec -0 nack_dec -128650
Flow Uec_37_103 flowId 74 uecSrc 73 finished at 4380.76 total messages 1 total packets 24474 RTS 0 total bytes 100000764 in_flight now 0 fair_inc 551385 prop_inc 1278718 fast_inc 0 eta_inc 435912 multi_dec -205269 quick_dec -0 nack_dec -128650
Flow Uec_81_50 flowId 60 uecSrc 59 finished at 4383.2 total messages 1 total packets 24474 RTS 0 total bytes 100000764 in_flight now 0 fair_inc 641725 prop_inc 1359418 fast_inc 0 eta_inc 435912 multi_dec -310405 quick_dec -0 nack_dec -83000
Flow Uec_91_31 flowId 85 uecSrc 84 finished at 4384.57 total messages 1 total packets 24474 RTS 0 total bytes 100000764 in_flight now 0 fair_inc 633973 prop_inc 1273417 fast_inc 0 eta_inc 437241 multi_dec -351007 quick_dec -0 nack_dec -70550
Flow Uec_48_45 flowId 115 uecSrc 114 finished at 4384.8 total messages 1 total packets 24474 RTS 0 total bytes 100000764 in_flight now 0 fair_inc 619101 prop_inc 1266649 fast_inc 0 eta_inc 437241 multi_dec -223783 quick_dec -0 nack_dec -24900
Flow Uec_43_89 flowId 44 uecSrc 43 finished at 4388.2 total messages 1 total packets 24474 RTS 0 total bytes 100000764 in_flight now 0 fair_inc 545023 prop_inc 1387390 fast_inc 0 eta_inc 437241 multi_dec -363278 quick_dec -0 nack_dec -58100
Flow Uec_4_118 flowId 9 uecSrc 8 finished at 4388.29 total messages 1 total packets 24474 RTS 0 total bytes 100000764 in_flight now 0 fair_inc 592444 prop_inc 1233357 fast_inc 0 eta_inc 438570 multi_dec -125482 quick_dec -0 nack_dec -203350
Flow Uec_6_48 flowId 39 uecSrc 38 finished at 4388.96 total messages 1 total packets 24474 RTS 0 total bytes 100000764 in_flight now 0 fair_inc 529003 prop_inc 1246650 fast_inc 0 eta_inc 438570 multi_dec -295443 quick_dec -0 nack_dec -174300
Flow Uec_127_22 flowId 100 uecSrc 99 finished at 4393.02 total messages 1 total packets 24474 RTS 0 total bytes 100000764 in_flight now 0 fair_inc 652737 prop_inc 1291224 fast_inc 0 eta_inc 438570 multi_dec -319446 quick_dec -0 nack_dec -41500
Flow Uec_101_90 flowId 46 uecSrc 45 finished at 4398.04 total messages 1 total packets 24474 RTS 0 total bytes 100000764 in_flight now 0 fair_inc 546415 prop_inc 1276331 fast_inc 0 eta_inc 438570 multi_dec -229204 quick_dec -0 nack_dec -157700
Flow Uec_84_99 flowId 7 uecSrc 6 finished at 4398.19 total messages 1 total packets 24474 RTS 0 total bytes 100000764 in_flight now 0 fair_inc 568479 prop_inc 1293584 fast_inc 0 eta_inc 438570 multi_dec -443034 quick_dec -0 nack_dec -66400
Flow Uec_35_88 flowId 45 uecSrc 44 finished at 4403.29 total messages 1 total packets 24474 RTS 0 total bytes 100000764 in_flight now 0 fair_inc 555625 prop_inc 1442553 fast_inc 0 eta_inc 438570 multi_dec -412851 quick_dec -0 nack_dec -112050
Flow Uec_66_49 flowId 48 uecSrc 47 finished at 4403.36 total messages 1 total packets 24474 RTS 0 total bytes 100000764 in_flight now 0 fair_inc 549316 prop_inc 1385705 fast_inc 0 eta_inc 438570 multi_dec -441374 quick_dec -0 nack_dec -49800
Flow Uec_32_72 flowId 122 uecSrc 121 finished at 4407.68 total messages 1 total packets 24474 RTS 0 total bytes 100000764 in_flight now 0 fair_inc 591715 prop_inc 1275306 fast_inc 0 eta_inc 439899 multi_dec -326123 quick_dec -0 nack_dec -120350
Flow Uec_80_36 flowId 16 uecSrc 15 finished at 4409.83 total messages 1 total packets 24474 RTS 0 total bytes 100000764 in_flight now 0 fair_inc 729968 prop_inc 1176034 fast_inc 0 eta_inc 439899 multi_dec -112940 quick_dec -0 nack_dec -70550
Flow Uec_78_21 flowId 77 uecSrc 76 finished at 4414.42 total messages 1 total packets 24474 RTS 0 total bytes 100000764 in_flight now 0 fair_inc 715528 prop_inc 1335255 fast_inc 0 eta_inc 439899 multi_dec -444758 quick_dec -0 nack_dec -20750
Flow Uec_85_102 flowId 65 uecSrc 64 finished at 4415.56 total messages 1 total packets 24474 RTS 0 total bytes 100000764 in_flight now 0 fair_inc 574800 prop_inc 1448291 fast_inc 0 eta_inc 441228 multi_dec -684421 quick_dec -0 nack_dec -91300
Flow Uec_73_41 flowId 69 uecSrc 68 finished at 4416.18 total messages 1 total packets 24474 RTS 0 total bytes 100000764 in_flight now 0 fair_inc 712497 prop_inc 1153355 fast_inc 0 eta_inc 439899 multi_dec -250841 quick_dec -0 nack_dec -24900
Flow Uec_122_116 flowId 14 uecSrc 13 finished at 4417.59 total messages 1 total packets 24474 RTS 0 total bytes 100000764 in_flight now 0 fair_inc 276543 prop_inc 2970671 fast_inc 0 eta_inc 439899 multi_dec -0 quick_dec -0 nack_dec -16600
Flow Uec_5_113 flowId 42 uecSrc 41 finished at 4421.22 total messages 1 total packets 24474 RTS 0 total bytes 100000764 in_flight now 0 fair_inc 540011 prop_inc 1206472 fast_inc 0 eta_inc 441228 multi_dec -345211 quick_dec -0 nack_dec -186750
Flow Uec_123_64 flowId 119 uecSrc 118 finished at 4432.17 total messages 1 total packets 24474 RTS 0 total bytes 100000764 in_flight now 0 fair_inc 651832 prop_inc 1144622 fast_inc 0 eta_inc 441228 multi_dec -335783 quick_dec -0 nack_dec -20750
Flow Uec_24_39 flowId 64 uecSrc 63 finished at 4435.3 total messages 1 total packets 24474 RTS 0 total bytes 100000764 in_flight now 0 fair_inc 616972 prop_inc 1232979 fast_inc 0 eta_inc 442557 multi_dec -323254 quick_dec -0 nack_dec -49800
Flow Uec_83_104 flowId 116 uecSrc 115 finished at 4438.47 total messages 1 total packets 24474 RTS 0 total bytes 100000764 in_flight now 0 fair_inc 701979 prop_inc 1177406 fast_inc 0 eta_inc 443886 multi_dec -293310 quick_dec -0 nack_dec -29050
Flow Uec_59_71 flowId 40 uecSrc 39 finished at 4440.49 total messages 1 total packets 24474 RTS 0 total bytes 100000764 in_flight now 0 fair_inc 628412 prop_inc 1181437 fast_inc 0 eta_inc 442557 multi_dec -362016 quick_dec -0 nack_dec -4150
Flow Uec_19_24 flowId 63 uecSrc 62 finished at 4441.28 total messages 1 total packets 24474 RTS 0 total bytes 100000764 in_flight now 0 fair_inc 270905 prop_inc 2671933 fast_inc 0 eta_inc 443886 multi_dec -0 quick_dec -0 nack_dec -0
Flow Uec_53_83 flowId 72 uecSrc 71 finished at 4441.99 total messages 1 total packets 24474 RTS 0 total bytes 100000764 in_flight now 0 fair_inc 618603 prop_inc 1326294 fast_inc 0 eta_inc 442557 multi_dec -566058 quick_dec -0 nack_dec -16600
Flow Uec_15_70 flowId 121 uecSrc 120 finished at 4446.68 total messages 1 total packets 24474 RTS 0 total bytes 100000764 in_flight now 0 fair_inc 680893 prop_inc 1296842 fast_inc 0 eta_inc 443886 multi_dec -630456 quick_dec -0 nack_dec -0
Flow Uec_100_53 flowId 114 uecSrc 113 finished at 4448.8 total messages 1 total packets 24474 RTS 0 total bytes 100000764 in_flight now 0 fair_inc 549038 prop_inc 1172098 fast_inc 0 eta_inc 443886 multi_dec -405972 quick_dec -0 nack_dec -157700
Flow Uec_92_120 flowId 99 uecSrc 98 finished at 4448.84 total messages 1 total packets 24474 RTS 0 total bytes 100000764 in_flight now 0 fair_inc 676472 prop_inc 1508070 fast_inc 0 eta_inc 443886 multi_dec -873224 quick_dec -0 nack_dec -20750
Flow Uec_34_109 flowId 128 uecSrc 127 finished at 4453.08 total messages 1 total packets 24474 RTS 0 total bytes 100000764 in_flight now 0 fair_inc 594857 prop_inc 1306278 fast_inc 0 eta_inc 443886 multi_dec -690073 quick_dec -0 nack_dec -99600
Flow Uec_72_121 flowId 127 uecSrc 126 finished at 4454.66 total messages 1 total packets 24474 RTS 0 total bytes 100000764 in_flight now 0 fair_inc 654949 prop_inc 1192053 fast_inc 0 eta_inc 445215 multi_dec -526769 quick_dec -0 nack_dec -53950
Flow Uec_87_17 flowId 15 uecSrc 14 finished at 4457.6 total messages 1 total packets 24474 RTS 0 total bytes 100000764 in_flight now 0 fair_inc 550946 prop_inc 1475846 fast_inc 0 eta_inc 443886 multi_dec -770932 quick_dec -0 nack_dec -91300
Flow Uec_106_79 flowId 109 uecSrc 108 finished at 4462.74 total messages 1 total packets 24474 RTS 0 total bytes 100000764 in_flight now 0 fair_inc 644176 prop_inc 1349444 fast_inc 0 eta_inc 445215 multi_dec -430110 quick_dec -0 nack_dec -70550
Flow Uec_29_74 flowId 98 uecSrc 97 finished at 4470.35 total messages 1 total packets 24474 RTS 0 total bytes 100000764 in_flight now 0 fair_inc 650727 prop_inc 1187180 fast_inc 0 eta_inc 446544 multi_dec -383816 quick_dec -0 nack_dec -141100
Flow Uec_86_73 flowId 28 uecSrc 27 finished at 4472.39 total messages 1 total packets 24474 RTS 0 total bytes 100000764 in_flight now 0 fair_inc 614176 prop_inc 1565340 fast_inc 0 eta_inc 445215 multi_dec -727852 quick_dec -0 nack_dec -91300
Flow Uec_36_85 flowId 4 uecSrc 3 finished at 4481.85 total messages 1 total packets 24474 RTS 0 total bytes 100000764 in_flight now 0 fair_inc 598558 prop_inc 1328624 fast_inc 0 eta_inc 446544 multi_dec -461493 quick_dec -0 nack_dec -149400
Flow Uec_89_29 flowId 102 uecSrc 101 finished at 4487.62 total messages 1 total packets 24474 RTS 0 total bytes 100000764 in_flight now 0 fair_inc 652683 prop_inc 1256479 fast_inc 0 eta_inc 447873 multi_dec -565055 quick_dec -0 nack_dec -87150
Flow Uec_77_42 flowId 106 uecSrc 105 finished at 4488.27 total messages 1 total packets 24474 RTS 0 total bytes 100000764 in_flight now 0 fair_inc 741018 prop_inc 1195065 fast_inc 0 eta_inc 446544 multi_dec -454636 quick_dec -0 nack_dec -29050
Flow Uec_47_27 flowId 51 uecSrc 50 finished at 4488.55 total messages 1 total packets 24474 RTS 0 total bytes 100000764 in_flight now 0 fair_inc 627009 prop_inc 1170655 fast_inc 0 eta_inc 446544 multi_dec -772213 quick_dec -0 nack_dec -8300
Flow Uec_46_43 flowId 2 uecSrc 1 finished at 4489.48 total messages 1 total packets 24474 RTS 0 total bytes 100000764 in_flight now 0 fair_inc 360506 prop_inc 2804655 fast_inc 0 eta_inc 447873 multi_dec -0 quick_dec -0 nack_dec -0
Flow Uec_76_123 flowId 12 uecSrc 11 finished at 4489.62 total messages 1 total packets 24474 RTS 0 total bytes 100000764 in_flight now 0 fair_inc 639198 prop_inc 1214644 fast_inc 0 eta_inc 447873 multi_dec -640749 quick_dec -0 nack_dec -12450
Flow Uec_68_26 flowId 61 uecSrc 60 finished at 4491.16 total messages 1 total packets 24474 RTS 0 total bytes 100000764 in_flight now 0 fair_inc 612877 prop_inc 1221673 fast_inc 0 eta_inc 447873 multi_dec -739383 quick_dec -0 nack_dec -0
Flow Uec_124_18 flowId 18 uecSrc 17 finished at 4492.8 total messages 1 total packets 24474 RTS 0 total bytes 100000764 in_flight now 0 fair_inc 566606 prop_inc 1248366 fast_inc 0 eta_inc 449202 multi_dec -652382 quick_dec -0 nack_dec -49800
Flow Uec_67_34 flowId 84 uecSrc 83 finished at 4493.31 total messages 1 total packets 24474 RTS 0 total bytes 100000764 in_flight now 0 fair_inc 530661 prop_inc 1219276 fast_inc 0 eta_inc 447873 multi_dec -618222 quick_dec -0 nack_dec -66400
Flow Uec_64_82 flowId 66 uecSrc 65 finished at 4505.14 total messages 1 total packets 24474 RTS 0 total bytes 100000764 in_flight now 0 fair_inc 720759 prop_inc 1227598 fast_inc 0 eta_inc 449202 multi_dec -591980 quick_dec -0 nack_dec -41500
Flow Uec_38_5 flowId 17 uecSrc 16 finished at 4508.64 total messages 1 total packets 24474 RTS 0 total bytes 100000764 in_flight now 0 fair_inc 554533 prop_inc 1223048 fast_inc 0 eta_inc 449202 multi_dec -706850 quick_dec -0 nack_dec -99600
Flow Uec_65_16 flowId 58 uecSrc 57 finished at 4511.42 total messages 1 total packets 24474 RTS 0 total bytes 100000764 in_flight now 0 fair_inc 534249 prop_inc 1425067 fast_inc 0 eta_inc 449202 multi_dec -1124103 quick_dec -0 nack_dec -45650
Flow Uec_112_65 flowId 49 uecSrc 48 finished at 4511.47 total messages 1 total packets 24474 RTS 0 total bytes 100000764 in_flight now 0 fair_inc 610042 prop_inc 1235639 fast_inc 0 eta_inc 450531 multi_dec -737516 quick_dec -0 nack_dec -124500
Flow Uec_90_38 flowId 52 uecSrc 51 finished at 4516.12 total messages 1 total packets 24474 RTS 0 total bytes 100000764 in_flight now 0 fair_inc 644742 prop_inc 1265020 fast_inc 0 eta_inc 449202 multi_dec -707531 quick_dec -0 nack_dec -116200
Flow Uec_50_94 flowId 35 uecSrc 34 finished at 4528.28 total messages 1 total packets 24474 RTS 0 total bytes 100000764 in_flight now 0 fair_inc 577367 prop_inc 1271574 fast_inc 0 eta_inc 451860 multi_dec -932102 quick_dec -0 nack_dec -124500
Flow Uec_25_87 flowId 56 uecSrc 55 finished at 4528.66 total messages 1 total packets 24474 RTS 0 total bytes 100000764 in_flight now 0 fair_inc 644265 prop_inc 1204022 fast_inc 0 eta_inc 453189 multi_dec -768953 quick_dec -0 nack_dec -37350
Flow Uec_75_23 flowId 97 uecSrc 96 finished at 4541.95 total messages 1 total packets 24474 RTS 0 total bytes 100000764 in_flight now 0 fair_inc 606607 prop_inc 1506225 fast_inc 0 eta_inc 451860 multi_dec -1301413 quick_dec -0 nack_dec -29050
Flow Uec_41_110 flowId 22 uecSrc 21 finished at 4549.31 total messages 1 total packets 24474 RTS 0 total bytes 100000764 in_flight now 0 fair_inc 582265 prop_inc 1394788 fast_inc 0 eta_inc 453189 multi_dec -1014484 quick_dec -0 nack_dec -37350
Flow Uec_31_12 flowId 59 uecSrc 58 finished at 4551.49 total messages 1 total packets 24474 RTS 0 total bytes 100000764 in_flight now 0 fair_inc 594995 prop_inc 1329743 fast_inc 0 eta_inc 453189 multi_dec -1062001 quick_dec -0 nack_dec -112050
Flow Uec_116_122 flowId 55 uecSrc 54 finished at 4556.72 total messages 1 total packets 24474 RTS 0 total bytes 100000764 in_flight now 0 fair_inc 371499 prop_inc 2551174 fast_inc 0 eta_inc 454518 multi_dec -1605 quick_dec -0 nack_dec -20750
Flow Uec_82_20 flowId 76 uecSrc 75 finished at 4559.16 total messages 1 total packets 24474 RTS 0 total bytes 100000764 in_flight now 0 fair_inc 742322 prop_inc 1162116 fast_inc 0 eta_inc 454518 multi_dec -782995 quick_dec -0 nack_dec -53950
Flow Uec_115_9 flowId 91 uecSrc 90 finished at 4559.41 total messages 1 total packets 24474 RTS 0 total bytes 100000764 in_flight now 0 fair_inc 501164 prop_inc 1206097 fast_inc 0 eta_inc 454518 multi_dec -955569 quick_dec -0 nack_dec -124500
Flow Uec_54_35 flowId 86 uecSrc 85 finished at 4562.99 total messages 1 total packets 24474 RTS 0 total bytes 100000764 in_flight now 0 fair_inc 593404 prop_inc 1370567 fast_inc 0 eta_inc 454518 multi_dec -894381 quick_dec -0 nack_dec -45650
Flow Uec_33_105 flowId 37 uecSrc 36 finished at 4563.14 total messages 1 total packets 24474 RTS 0 total bytes 100000764 in_flight now 0 fair_inc 599705 prop_inc 1465651 fast_inc 0 eta_inc 454518 multi_dec -1167142 quick_dec -0 nack_dec -91300
Flow Uec_105_92 flowId 25 uecSrc 24 finished at 4568.05 total messages 1 total packets 24474 RTS 0 total bytes 100000764 in_flight now 0 fair_inc 571089 prop_inc 1394475 fast_inc 0 eta_inc 454518 multi_dec -1041044 quick_dec -0 nack_dec -136950
Flow Uec_40_98 flowId 95 uecSrc 94 finished at 4580.03 total messages 1 total packets 24474 RTS 0 total bytes 100000764 in_flight now 0 fair_inc 541562 prop_inc 1453982 fast_inc 0 eta_inc 455847 multi_dec -1056043 quick_dec -0 nack_dec -78850
Flow Uec_103_67 flowId 73 uecSrc 72 finished at 4607.86 total messages 1 total packets 24474 RTS 0 total bytes 100000764 in_flight now 0 fair_inc 576244 prop_inc 1144711 fast_inc 0 eta_inc 459834 multi_dec -928787 quick_dec -0 nack_dec -128650
Flow Uec_7_30 flowId 19 uecSrc 18 finished at 4613.15 total messages 1 total packets 24474 RTS 0 total bytes 100000764 in_flight now 0 fair_inc 526113 prop_inc 1450147 fast_inc 0 eta_inc 459834 multi_dec -1074685 quick_dec -0 nack_dec -174300
Flow Uec_126_97 flowId 54 uecSrc 53 finished at 4614.77 total messages 1 total packets 24474 RTS 0 total bytes 100000764 in_flight now 0 fair_inc 626420 prop_inc 1300464 fast_inc 0 eta_inc 459834 multi_dec -1196195 quick_dec -0 nack_dec -87150
Flow Uec_58_93 flowId 75 uecSrc 74 finished at 4624.69 total messages 1 total packets 24474 RTS 0 total bytes 100000764 in_flight now 0 fair_inc 680792 prop_inc 1502535 fast_inc 0 eta_inc 461163 multi_dec -1306275 quick_dec -0 nack_dec -116200
Flow Uec_26_44 flowId 113 uecSrc 112 finished at 4674.65 total messages 1 total packets 24474 RTS 0 total bytes 100000764 in_flight now 0 fair_inc 658823 prop_inc 1429590 fast_inc 0 eta_inc 465150 multi_dec -1414073 quick_dec -0 nack_dec -58100
Flow Uec_20_40 flowId 23 uecSrc 22 finished at 4698.23 total messages 1 total packets 24474 RTS 0 total bytes 100000764 in_flight now 0 fair_inc 852214 prop_inc 1321776 fast_inc 0 eta_inc 467808 multi_dec -1107673 quick_dec -0 nack_dec -33200
Flow Uec_51_95 flowId 10 uecSrc 9 finished at 4700.55 total messages 1 total packets 24474 RTS 0 total bytes 100000764 in_flight now 0 fair_inc 646488 prop_inc 1354484 fast_inc 0 eta_inc 469137 multi_dec -1427046 quick_dec -0 nack_dec -116200
Flow Uec_10_33 flowId 38 uecSrc 37 finished at 4718.86 total messages 1 total packets 24474 RTS 0 total bytes 100000764 in_flight now 0 fair_inc 552764 prop_inc 1407254 fast_inc 0 eta_inc 469137 multi_dec -1549910 quick_dec -0 nack_dec -62250
..Received SIGTERM at 142000 us, shutting down cleanly.
New: 3132672 Rtx: 1537 RTS: 0 Bounced: 0 ACKs: 1283823 NACKs: 1537 Pulls: 0 sleek_pkts: 0
SPURIOUS_COUNT 0
