Flow Uec_86_22 flowId 63 uecSrc 62 finished at 28858 total messages 1 total packets 24474 RTS 0 total bytes 100000764 in_flight now 0 fair_inc 3036535 prop_inc 515712 fast_inc 0 eta_inc 2652684 multi_dec -5237533 quick_dec -133144 nack_dec -1307250
Flow Uec_28_92 flowId 127 uecSrc 126 finished at 29134.5 total messages 1 total packets 24474 RTS 0 total bytes 100000764 in_flight now 0 fair_inc 3058843 prop_inc 525957 fast_inc 0 eta_inc 2648697 multi_dec -5423031 quick_dec -199682 nack_dec -1137100
Flow Uec_14_78 flowId 19 uecSrc 18 finished at 29296.4 total messages 1 total packets 24474 RTS 0 total bytes 100000764 in_flight now 0 fair_inc 3090594 prop_inc 528760 fast_inc 0 eta_inc 2669961 multi_dec -5503636 quick_dec -98742 nack_dec -1236700
Flow Uec_96_32 flowId 92 uecSrc 91 finished at 30241.7 total messages 1 total packets 24474 RTS 0 total bytes 100000764 in_flight now 0 fair_inc 3217196 prop_inc 512673 fast_inc 0 eta_inc 2752359 multi_dec -5620567 quick_dec -234572 nack_dec -1290650
Flow Uec_73_9 flowId 113 uecSrc 112 finished at 30268.1 total messages 1 total packets 24474 RTS 0 total bytes 100000764 in_flight now 0 fair_inc 3157532 prop_inc 550983 fast_inc 0 eta_inc 2755017 multi_dec -5444031 quick_dec -210045 nack_dec -1361200
Flow Uec_64_0 flowId 11 uecSrc 10 finished at 30456.7 total messages 1 total packets 24474 RTS 0 total bytes 100000764 in_flight now 0 fair_inc 3262996 prop_inc 532871 fast_inc 0 eta_inc 2741727 multi_dec -5603673 quick_dec -159965 nack_dec -1315550
Flow Uec_57_121 flowId 115 uecSrc 114 finished at 30544.1 total messages 1 total packets 24474 RTS 0 total bytes 100000764 in_flight now 0 fair_inc 3067935 prop_inc 531242 fast_inc 0 eta_inc 2757675 multi_dec -5415130 quick_dec -238581 nack_dec -1236700
Flow Uec_53_117 flowId 12 uecSrc 11 finished at 30589.1 total messages 1 total packets 24474 RTS 0 total bytes 100000764 in_flight now 0 fair_inc 3167028 prop_inc 535108 fast_inc 0 eta_inc 2769636 multi_dec -5495440 quick_dec -257207 nack_dec -1307250
Flow Uec_65_1 flowId 58 uecSrc 57 finished at 30806.6 total messages 1 total packets 24474 RTS 0 total bytes 100000764 in_flight now 0 fair_inc 3277475 prop_inc 531135 fast_inc 0 eta_inc 2778939 multi_dec -5763685 quick_dec -201390 nack_dec -1195200
Flow Uec_121_57 flowId 37 uecSrc 36 finished at 30856.9 total messages 1 total packets 24474 RTS 0 total bytes 100000764 in_flight now 0 fair_inc 3179431 prop_inc 575261 fast_inc 0 eta_inc 2789571 multi_dec -5722443 quick_dec -137714 nack_dec -1249150
Flow Uec_41_105 flowId 29 uecSrc 28 finished at 30873.9 total messages 1 total packets 24474 RTS 0 total bytes 100000764 in_flight now 0 fair_inc 3251068 prop_inc 550239 fast_inc 0 eta_inc 2782926 multi_dec -5647629 quick_dec -215446 nack_dec -1265750
Flow Uec_10_74 flowId 46 uecSrc 45 finished at 30879.2 total messages 1 total packets 24474 RTS 0 total bytes 100000764 in_flight now 0 fair_inc 3238947 prop_inc 550686 fast_inc 0 eta_inc 2800203 multi_dec -5619598 quick_dec -123248 nack_dec -1357050
Flow Uec_116_52 flowId 73 uecSrc 72 finished at 30883.9 total messages 1 total packets 24474 RTS 0 total bytes 100000764 in_flight now 0 fair_inc 3177144 prop_inc 557477 fast_inc 0 eta_inc 2773623 multi_dec -5657447 quick_dec -159577 nack_dec -1240850
Flow Uec_7_71 flowId 23 uecSrc 22 finished at 30906.1 total messages 1 total packets 24474 RTS 0 total bytes 100000764 in_flight now 0 fair_inc 3346054 prop_inc 519154 fast_inc 0 eta_inc 2790900 multi_dec -5761922 quick_dec -81585 nack_dec -1332150
Flow Uec_3_67 flowId 16 uecSrc 15 finished at 31042.3 total messages 1 total packets 24474 RTS 0 total bytes 100000764 in_flight now 0 fair_inc 3182763 prop_inc 525207 fast_inc 0 eta_inc 2781597 multi_dec -5660250 quick_dec -183245 nack_dec -1199350
Flow Uec_62_126 flowId 40 uecSrc 39 finished at 31078.9 total messages 1 total packets 24474 RTS 0 total bytes 100000764 in_flight now 0 fair_inc 3272403 prop_inc 544999 fast_inc 0 eta_inc 2789571 multi_dec -5705928 quick_dec -233425 nack_dec -1195200
Flow Uec_18_82 flowId 56 uecSrc 55 finished at 31139 total messages 1 total packets 24474 RTS 0 total bytes 100000764 in_flight now 0 fair_inc 3220360 prop_inc 540868 fast_inc 0 eta_inc 2798874 multi_dec -5702134 quick_dec -243253 nack_dec -1178600
Flow Uec_79_15 flowId 80 uecSrc 79 finished at 31139.4 total messages 1 total packets 24474 RTS 0 total bytes 100000764 in_flight now 0 fair_inc 3139407 prop_inc 571384 fast_inc 0 eta_inc 2824125 multi_dec -5649068 quick_dec -149657 nack_dec -1274050
Flow Uec_95_31 flowId 26 uecSrc 25 finished at 31226.2 total messages 1 total packets 24474 RTS 0 total bytes 100000764 in_flight now 0 fair_inc 3381508 prop_inc 538097 fast_inc 0 eta_inc 2826783 multi_dec -5840469 quick_dec -147682 nack_dec -1303100
Flow Uec_101_37 flowId 8 uecSrc 7 finished at 31324.8 total messages 1 total packets 24474 RTS 0 total bytes 100000764 in_flight now 0 fair_inc 3248553 prop_inc 562775 fast_inc 0 eta_inc 2805519 multi_dec -5657647 quick_dec -115730 nack_dec -1319700
Flow Uec_76_12 flowId 125 uecSrc 124 finished at 31409.9 total messages 1 total packets 24474 RTS 0 total bytes 100000764 in_flight now 0 fair_inc 3256926 prop_inc 566941 fast_inc 0 eta_inc 2818809 multi_dec -5798480 quick_dec -160131 nack_dec -1215950
Flow Uec_100_36 flowId 110 uecSrc 109 finished at 31447.8 total messages 1 total packets 24474 RTS 0 total bytes 100000764 in_flight now 0 fair_inc 3295162 prop_inc 567027 fast_inc 0 eta_inc 2836086 multi_dec -5630225 quick_dec -255366 nack_dec -1348750
Flow Uec_37_101 flowId 25 uecSrc 24 finished at 31552.9 total messages 1 total packets 24474 RTS 0 total bytes 100000764 in_flight now 0 fair_inc 3175520 prop_inc 590845 fast_inc 0 eta_inc 2824125 multi_dec -5619293 quick_dec -205152 nack_dec -1286500
Flow Uec_23_87 flowId 101 uecSrc 100 finished at 31613 total messages 1 total packets 24474 RTS 0 total bytes 100000764 in_flight now 0 fair_inc 3256037 prop_inc 601105 fast_inc 0 eta_inc 2837415 multi_dec -5879022 quick_dec -142339 nack_dec -1249150
Flow Uec_106_42 flowId 24 uecSrc 23 finished at 31617.1 total messages 1 total packets 24474 RTS 0 total bytes 100000764 in_flight now 0 fair_inc 3234366 prop_inc 581381 fast_inc 0 eta_inc 2840073 multi_dec -5693544 quick_dec -207779 nack_dec -1315550
Flow Uec_81_17 flowId 96 uecSrc 95 finished at 31664 total messages 1 total packets 24474 RTS 0 total bytes 100000764 in_flight now 0 fair_inc 3542087 prop_inc 558052 fast_inc 0 eta_inc 2845389 multi_dec -6025036 quick_dec -218705 nack_dec -1253300
Flow Uec_19_83 flowId 91 uecSrc 90 finished at 31665.6 total messages 1 total packets 24474 RTS 0 total bytes 100000764 in_flight now 0 fair_inc 3337111 prop_inc 568368 fast_inc 0 eta_inc 2846718 multi_dec -5644595 quick_dec -345784 nack_dec -1257450
Flow Uec_33_97 flowId 59 uecSrc 58 finished at 31679.3 total messages 1 total packets 24474 RTS 0 total bytes 100000764 in_flight now 0 fair_inc 3185456 prop_inc 599256 fast_inc 0 eta_inc 2825454 multi_dec -5584645 quick_dec -234240 nack_dec -1323850
Flow Uec_125_61 flowId 39 uecSrc 38 finished at 31730.8 total messages 1 total packets 24474 RTS 0 total bytes 100000764 in_flight now 0 fair_inc 3160043 prop_inc 603697 fast_inc 0 eta_inc 2845389 multi_dec -5786113 quick_dec -158235 nack_dec -1203500
Flow Uec_120_56 flowId 103 uecSrc 102 finished at 31740.1 total messages 1 total packets 24474 RTS 0 total bytes 100000764 in_flight now 0 fair_inc 3300787 prop_inc 578571 fast_inc 0 eta_inc 2850705 multi_dec -5820322 quick_dec -274436 nack_dec -1157850
Flow Uec_42_106 flowId 112 uecSrc 111 finished at 31788.5 total messages 1 total packets 24474 RTS 0 total bytes 100000764 in_flight now 0 fair_inc 3280789 prop_inc 614214 fast_inc 0 eta_inc 2865324 multi_dec -5757674 quick_dec -205430 nack_dec -1303100
Flow Uec_8_72 flowId 28 uecSrc 27 finished at 31828.5 total messages 1 total packets 24474 RTS 0 total bytes 100000764 in_flight now 0 fair_inc 3465109 prop_inc 556624 fast_inc 0 eta_inc 2860008 multi_dec -5785954 quick_dec -221386 nack_dec -1381950
Flow Uec_102_38 flowId 93 uecSrc 92 finished at 31829.3 total messages 1 total packets 24474 RTS 0 total bytes 100000764 in_flight now 0 fair_inc 3056920 prop_inc 582706 fast_inc 0 eta_inc 2833428 multi_dec -5454828 quick_dec -222519 nack_dec -1357050
Flow Uec_117_53 flowId 120 uecSrc 119 finished at 31838.8 total messages 1 total packets 24474 RTS 0 total bytes 100000764 in_flight now 0 fair_inc 3150655 prop_inc 574622 fast_inc 0 eta_inc 2837415 multi_dec -5526806 quick_dec -274214 nack_dec -1224250
Flow Uec_69_5 flowId 104 uecSrc 103 finished at 31839.3 total messages 1 total packets 24474 RTS 0 total bytes 100000764 in_flight now 0 fair_inc 3172720 prop_inc 580277 fast_inc 0 eta_inc 2848047 multi_dec -5549079 quick_dec -208584 nack_dec -1365350
Flow Uec_107_43 flowId 6 uecSrc 5 finished at 31929.7 total messages 1 total packets 24474 RTS 0 total bytes 100000764 in_flight now 0 fair_inc 3304598 prop_inc 571846 fast_inc 0 eta_inc 2846718 multi_dec -5585610 quick_dec -286699 nack_dec -1340450
Flow Uec_32_96 flowId 81 uecSrc 80 finished at 31946.5 total messages 1 total packets 24474 RTS 0 total bytes 100000764 in_flight now 0 fair_inc 3292940 prop_inc 569913 fast_inc 0 eta_inc 2875956 multi_dec -5694705 quick_dec -252506 nack_dec -1323850
Flow Uec_47_111 flowId 118 uecSrc 117 finished at 31949.2 total messages 1 total packets 24474 RTS 0 total bytes 100000764 in_flight now 0 fair_inc 3208567 prop_inc 593368 fast_inc 0 eta_inc 2891904 multi_dec -5722679 quick_dec -224278 nack_dec -1336300
Flow Uec_91_27 flowId 106 uecSrc 105 finished at 31998.4 total messages 1 total packets 24474 RTS 0 total bytes 100000764 in_flight now 0 fair_inc 3337770 prop_inc 542742 fast_inc 0 eta_inc 2871969 multi_dec -5755580 quick_dec -157022 nack_dec -1361200
Flow Uec_75_11 flowId 74 uecSrc 73 finished at 32012.6 total messages 1 total packets 24474 RTS 0 total bytes 100000764 in_flight now 0 fair_inc 3235376 prop_inc 562195 fast_inc 0 eta_inc 2860008 multi_dec -5782119 quick_dec -160435 nack_dec -1211800
Flow Uec_78_14 flowId 15 uecSrc 14 finished at 32014.3 total messages 1 total packets 24474 RTS 0 total bytes 100000764 in_flight now 0 fair_inc 3232088 prop_inc 599005 fast_inc 0 eta_inc 2858679 multi_dec -5637895 quick_dec -238597 nack_dec -1303100
Flow Uec_90_26 flowId 49 uecSrc 48 finished at 32045.6 total messages 1 total packets 24474 RTS 0 total bytes 100000764 in_flight now 0 fair_inc 3268629 prop_inc 573183 fast_inc 0 eta_inc 2866653 multi_dec -5695562 quick_dec -292515 nack_dec -1332150
Flow Uec_112_48 flowId 126 uecSrc 125 finished at 32052 total messages 1 total packets 24474 RTS 0 total bytes 100000764 in_flight now 0 fair_inc 3195471 prop_inc 597532 fast_inc 0 eta_inc 2845389 multi_dec -5614968 quick_dec -258277 nack_dec -1278200
Flow Uec_77_13 flowId 121 uecSrc 120 finished at 32056.8 total messages 1 total packets 24474 RTS 0 total bytes 100000764 in_flight now 0 fair_inc 3453542 prop_inc 575287 fast_inc 0 eta_inc 2863995 multi_dec -5853582 quick_dec -195030 nack_dec -1311400
Flow Uec_55_119 flowId 114 uecSrc 113 finished at 32077.7 total messages 1 total packets 24474 RTS 0 total bytes 100000764 in_flight now 0 fair_inc 3420630 prop_inc 560282 fast_inc 0 eta_inc 2850705 multi_dec -5806696 quick_dec -305361 nack_dec -1290650
Flow Uec_48_112 flowId 41 uecSrc 40 finished at 32083.1 total messages 1 total packets 24474 RTS 0 total bytes 100000764 in_flight now 0 fair_inc 3584612 prop_inc 544107 fast_inc 0 eta_inc 2849376 multi_dec -6064528 quick_dec -150180 nack_dec -1361200
Flow Uec_50_114 flowId 87 uecSrc 86 finished at 32090.7 total messages 1 total packets 24474 RTS 0 total bytes 100000764 in_flight now 0 fair_inc 3543274 prop_inc 532065 fast_inc 0 eta_inc 2853363 multi_dec -5968345 quick_dec -283028 nack_dec -1215950
Flow Uec_61_125 flowId 67 uecSrc 66 finished at 32093.7 total messages 1 total packets 24474 RTS 0 total bytes 100000764 in_flight now 0 fair_inc 3347658 prop_inc 553043 fast_inc 0 eta_inc 2910510 multi_dec -5873156 quick_dec -230027 nack_dec -1282350
Flow Uec_45_109 flowId 108 uecSrc 107 finished at 32098.5 total messages 1 total packets 24474 RTS 0 total bytes 100000764 in_flight now 0 fair_inc 3255443 prop_inc 588606 fast_inc 0 eta_inc 2848047 multi_dec -5650955 quick_dec -229206 nack_dec -1352900
Flow Uec_56_120 flowId 123 uecSrc 122 finished at 32127.6 total messages 1 total packets 24474 RTS 0 total bytes 100000764 in_flight now 0 fair_inc 3353832 prop_inc 566893 fast_inc 0 eta_inc 2877285 multi_dec -5758173 quick_dec -204382 nack_dec -1307250
Flow Uec_16_80 flowId 70 uecSrc 69 finished at 32128.7 total messages 1 total packets 24474 RTS 0 total bytes 100000764 in_flight now 0 fair_inc 3359673 prop_inc 571163 fast_inc 0 eta_inc 2861337 multi_dec -5787764 quick_dec -260086 nack_dec -1298950
Flow Uec_17_81 flowId 36 uecSrc 35 finished at 32137.8 total messages 1 total packets 24474 RTS 0 total bytes 100000764 in_flight now 0 fair_inc 3189962 prop_inc 582814 fast_inc 0 eta_inc 2873298 multi_dec -5615284 quick_dec -427881 nack_dec -1253300
Flow Uec_92_28 flowId 89 uecSrc 88 finished at 32166.1 total messages 1 total packets 24474 RTS 0 total bytes 100000764 in_flight now 0 fair_inc 3393818 prop_inc 542174 fast_inc 0 eta_inc 2871969 multi_dec -5652922 quick_dec -272898 nack_dec -1440050
Flow Uec_11_75 flowId 32 uecSrc 31 finished at 32170.3 total messages 1 total packets 24474 RTS 0 total bytes 100000764 in_flight now 0 fair_inc 3296350 prop_inc 549318 fast_inc 0 eta_inc 2870640 multi_dec -5789310 quick_dec -155710 nack_dec -1369500
Flow Uec_60_124 flowId 122 uecSrc 121 finished at 32222.8 total messages 1 total packets 24474 RTS 0 total bytes 100000764 in_flight now 0 fair_inc 3211777 prop_inc 591727 fast_inc 0 eta_inc 2895891 multi_dec -5726181 quick_dec -251914 nack_dec -1182750
Flow Uec_34_98 flowId 71 uecSrc 70 finished at 32238.4 total messages 1 total packets 24474 RTS 0 total bytes 100000764 in_flight now 0 fair_inc 3301786 prop_inc 611128 fast_inc 0 eta_inc 2856021 multi_dec -5751617 quick_dec -173103 nack_dec -1311400
Flow Uec_9_73 flowId 117 uecSrc 116 finished at 32244.2 total messages 1 total packets 24474 RTS 0 total bytes 100000764 in_flight now 0 fair_inc 3269759 prop_inc 597983 fast_inc 0 eta_inc 2877285 multi_dec -5717731 quick_dec -250969 nack_dec -1323850
Flow Uec_122_58 flowId 54 uecSrc 53 finished at 32253 total messages 1 total packets 24474 RTS 0 total bytes 100000764 in_flight now 0 fair_inc 3211459 prop_inc 630743 fast_inc 0 eta_inc 2898549 multi_dec -5610263 quick_dec -336979 nack_dec -1323850
Flow Uec_123_59 flowId 48 uecSrc 47 finished at 32307.6 total messages 1 total packets 24474 RTS 0 total bytes 100000764 in_flight now 0 fair_inc 3522696 prop_inc 567411 fast_inc 0 eta_inc 2905194 multi_dec -6027193 quick_dec -258890 nack_dec -1228400
Flow Uec_127_63 flowId 3 uecSrc 2 finished at 32323.5 total messages 1 total packets 24474 RTS 0 total bytes 100000764 in_flight now 0 fair_inc 3539722 prop_inc 577733 fast_inc 0 eta_inc 2911839 multi_dec -5961346 quick_dec -230898 nack_dec -1336300
Flow Uec_35_99 flowId 76 uecSrc 75 finished at 32360 total messages 1 total packets 24474 RTS 0 total bytes 100000764 in_flight now 0 fair_inc 3429726 prop_inc 602044 fast_inc 0 eta_inc 2893233 multi_dec -5814250 quick_dec -307760 nack_dec -1307250
Flow Uec_111_47 flowId 97 uecSrc 96 finished at 32374.9 total messages 1 total packets 24474 RTS 0 total bytes 100000764 in_flight now 0 fair_inc 3293678 prop_inc 607328 fast_inc 0 eta_inc 2907852 multi_dec -5795473 quick_dec -256845 nack_dec -1332150
Flow Uec_26_90 flowId 65 uecSrc 64 finished at 32376.4 total messages 1 total packets 24474 RTS 0 total bytes 100000764 in_flight now 0 fair_inc 3425625 prop_inc 581293 fast_inc 0 eta_inc 2907852 multi_dec -5916603 quick_dec -273482 nack_dec -1232550
Flow Uec_25_89 flowId 43 uecSrc 42 finished at 32387.5 total messages 1 total packets 24474 RTS 0 total bytes 100000764 in_flight now 0 fair_inc 3290398 prop_inc 599568 fast_inc 0 eta_inc 2906523 multi_dec -5758588 quick_dec -313872 nack_dec -1274050
Flow Uec_104_40 flowId 30 uecSrc 29 finished at 32417.9 total messages 1 total packets 24474 RTS 0 total bytes 100000764 in_flight now 0 fair_inc 3234873 prop_inc 601243 fast_inc 0 eta_inc 2918484 multi_dec -5689730 quick_dec -140646 nack_dec -1419300
Flow Uec_6_70 flowId 69 uecSrc 68 finished at 32475.3 total messages 1 total packets 24474 RTS 0 total bytes 100000764 in_flight now 0 fair_inc 3307357 prop_inc 569005 fast_inc 0 eta_inc 2909181 multi_dec -5793194 quick_dec -244676 nack_dec -1245000
Flow Uec_71_7 flowId 94 uecSrc 93 finished at 32505.8 total messages 1 total packets 24474 RTS 0 total bytes 100000764 in_flight now 0 fair_inc 3295419 prop_inc 650862 fast_inc 0 eta_inc 2899878 multi_dec -5707609 quick_dec -149793 nack_dec -1415150
Flow Uec_1_65 flowId 98 uecSrc 97 finished at 32506.1 total messages 1 total packets 24474 RTS 0 total bytes 100000764 in_flight now 0 fair_inc 3564901 prop_inc 546298 fast_inc 0 eta_inc 2918484 multi_dec -6108296 quick_dec -232703 nack_dec -1269900
Flow Uec_27_91 flowId 61 uecSrc 60 finished at 32507 total messages 1 total packets 24474 RTS 0 total bytes 100000764 in_flight now 0 fair_inc 3375011 prop_inc 575425 fast_inc 0 eta_inc 2894562 multi_dec -5925438 quick_dec -163773 nack_dec -1220100
Flow Uec_119_55 flowId 34 uecSrc 33 finished at 32510.5 total messages 1 total packets 24474 RTS 0 total bytes 100000764 in_flight now 0 fair_inc 3387692 prop_inc 646850 fast_inc 0 eta_inc 2901207 multi_dec -5713515 quick_dec -219580 nack_dec -1435900
Flow Uec_39_103 flowId 7 uecSrc 6 finished at 32513.7 total messages 1 total packets 24474 RTS 0 total bytes 100000764 in_flight now 0 fair_inc 3415394 prop_inc 601208 fast_inc 0 eta_inc 2918484 multi_dec -5820808 quick_dec -285984 nack_dec -1323850
Flow Uec_85_21 flowId 57 uecSrc 56 finished at 32535.8 total messages 1 total packets 24474 RTS 0 total bytes 100000764 in_flight now 0 fair_inc 3290570 prop_inc 575299 fast_inc 0 eta_inc 2914497 multi_dec -5809511 quick_dec -177608 nack_dec -1319700
Flow Uec_51_115 flowId 21 uecSrc 20 finished at 32537.3 total messages 1 total packets 24474 RTS 0 total bytes 100000764 in_flight now 0 fair_inc 3287579 prop_inc 620581 fast_inc 0 eta_inc 2889246 multi_dec -5698923 quick_dec -302060 nack_dec -1232550
Flow Uec_44_108 flowId 82 uecSrc 81 finished at 32546.3 total messages 1 total packets 24474 RTS 0 total bytes 100000764 in_flight now 0 fair_inc 3336098 prop_inc 615547 fast_inc 0 eta_inc 2907852 multi_dec -5828481 quick_dec -226003 nack_dec -1274050
Flow Uec_49_113 flowId 13 uecSrc 12 finished at 32554.4 total messages 1 total packets 24474 RTS 0 total bytes 100000764 in_flight now 0 fair_inc 3628686 prop_inc 607905 fast_inc 0 eta_inc 2873298 multi_dec -6118394 quick_dec -294198 nack_dec -1245000
Flow Uec_68_4 flowId 10 uecSrc 9 finished at 32578.5 total messages 1 total packets 24474 RTS 0 total bytes 100000764 in_flight now 0 fair_inc 3506159 prop_inc 616752 fast_inc 0 eta_inc 2894562 multi_dec -5919585 quick_dec -214105 nack_dec -1323850
Flow Uec_80_16 flowId 86 uecSrc 85 finished at 32589.5 total messages 1 total packets 24474 RTS 0 total bytes 100000764 in_flight now 0 fair_inc 3412634 prop_inc 572284 fast_inc 0 eta_inc 2890575 multi_dec -5809070 quick_dec -161089 nack_dec -1381950
Flow Uec_31_95 flowId 79 uecSrc 78 finished at 32595 total messages 1 total packets 24474 RTS 0 total bytes 100000764 in_flight now 0 fair_inc 3331113 prop_inc 608290 fast_inc 0 eta_inc 2898549 multi_dec -5738970 quick_dec -234256 nack_dec -1307250
Flow Uec_15_79 flowId 4 uecSrc 3 finished at 32607.8 total messages 1 total packets 24474 RTS 0 total bytes 100000764 in_flight now 0 fair_inc 3386457 prop_inc 568429 fast_inc 0 eta_inc 2934432 multi_dec -5918555 quick_dec -195205 nack_dec -1220100
Flow Uec_66_2 flowId 50 uecSrc 49 finished at 32643.9 total messages 1 total packets 24474 RTS 0 total bytes 100000764 in_flight now 0 fair_inc 3419990 prop_inc 620409 fast_inc 0 eta_inc 2886588 multi_dec -5900277 quick_dec -123779 nack_dec -1323850
Flow Uec_118_54 flowId 85 uecSrc 84 finished at 32648 total messages 1 total packets 24474 RTS 0 total bytes 100000764 in_flight now 0 fair_inc 3292418 prop_inc 660684 fast_inc 0 eta_inc 2915826 multi_dec -5653075 quick_dec -268080 nack_dec -1369500
Flow Uec_13_77 flowId 22 uecSrc 21 finished at 32652 total messages 1 total packets 24474 RTS 0 total bytes 100000764 in_flight now 0 fair_inc 3435436 prop_inc 568412 fast_inc 0 eta_inc 2902536 multi_dec -5872991 quick_dec -183916 nack_dec -1245000
Flow Uec_87_23 flowId 109 uecSrc 108 finished at 32676 total messages 1 total packets 24474 RTS 0 total bytes 100000764 in_flight now 0 fair_inc 3301160 prop_inc 591860 fast_inc 0 eta_inc 2939748 multi_dec -5812136 quick_dec -267316 nack_dec -1253300
Flow Uec_82_18 flowId 52 uecSrc 51 finished at 32713.1 total messages 1 total packets 24474 RTS 0 total bytes 100000764 in_flight now 0 fair_inc 3377173 prop_inc 603638 fast_inc 0 eta_inc 2911839 multi_dec -5768333 quick_dec -275483 nack_dec -1332150
Flow Uec_5_69 flowId 31 uecSrc 30 finished at 32715 total messages 1 total packets 24474 RTS 0 total bytes 100000764 in_flight now 0 fair_inc 3384666 prop_inc 612616 fast_inc 0 eta_inc 2906523 multi_dec -5898501 quick_dec -180083 nack_dec -1328000
Flow Uec_29_93 flowId 66 uecSrc 65 finished at 32725.3 total messages 1 total packets 24474 RTS 0 total bytes 100000764 in_flight now 0 fair_inc 3589920 prop_inc 611327 fast_inc 0 eta_inc 2906523 multi_dec -6149889 quick_dec -257462 nack_dec -1211800
Flow Uec_30_94 flowId 68 uecSrc 67 finished at 32727.6 total messages 1 total packets 24474 RTS 0 total bytes 100000764 in_flight now 0 fair_inc 3375045 prop_inc 629339 fast_inc 0 eta_inc 2907852 multi_dec -5747134 quick_dec -468814 nack_dec -1228400
Flow Uec_126_62 flowId 2 uecSrc 1 finished at 32730.5 total messages 1 total packets 24474 RTS 0 total bytes 100000764 in_flight now 0 fair_inc 3486465 prop_inc 683401 fast_inc 0 eta_inc 2895891 multi_dec -5736584 quick_dec -362038 nack_dec -1440050
Flow Uec_43_107 flowId 77 uecSrc 76 finished at 32745.6 total messages 1 total packets 24474 RTS 0 total bytes 100000764 in_flight now 0 fair_inc 3266357 prop_inc 663435 fast_inc 0 eta_inc 2914497 multi_dec -5659621 quick_dec -174353 nack_dec -1402700
Flow Uec_113_49 flowId 27 uecSrc 26 finished at 32758.7 total messages 1 total packets 24474 RTS 0 total bytes 100000764 in_flight now 0 fair_inc 3446004 prop_inc 651546 fast_inc 0 eta_inc 2929116 multi_dec -5863807 quick_dec -218545 nack_dec -1344600
Flow Uec_103_39 flowId 83 uecSrc 82 finished at 32767.3 total messages 1 total packets 24474 RTS 0 total bytes 100000764 in_flight now 0 fair_inc 3347643 prop_inc 617275 fast_inc 0 eta_inc 2905194 multi_dec -5725162 quick_dec -439377 nack_dec -1278200
Flow Uec_0_64 flowId 1 uecSrc 0 finished at 32782 total messages 1 total packets 24474 RTS 0 total bytes 100000764 in_flight now 0 fair_inc 3266335 prop_inc 638996 fast_inc 0 eta_inc 2937090 multi_dec -5791562 quick_dec -208341 nack_dec -1257450
Flow Uec_83_19 flowId 64 uecSrc 63 finished at 32797.8 total messages 1 total packets 24474 RTS 0 total bytes 100000764 in_flight now 0 fair_inc 3617594 prop_inc 604762 fast_inc 0 eta_inc 2891904 multi_dec -6071183 quick_dec -237616 nack_dec -1286500
Flow Uec_93_29 flowId 20 uecSrc 19 finished at 32799.1 total messages 1 total packets 24474 RTS 0 total bytes 100000764 in_flight now 0 fair_inc 3540991 prop_inc 631432 fast_inc 0 eta_inc 2917155 multi_dec -5931259 quick_dec -211482 nack_dec -1394400
Flow Uec_54_118 flowId 33 uecSrc 32 finished at 32820.8 total messages 1 total packets 24474 RTS 0 total bytes 100000764 in_flight now 0 fair_inc 3545570 prop_inc 689109 fast_inc 0 eta_inc 2905194 multi_dec -5799356 quick_dec -355625 nack_dec -1518900
Flow Uec_109_45 flowId 95 uecSrc 94 finished at 32824.3 total messages 1 total packets 24474 RTS 0 total bytes 100000764 in_flight now 0 fair_inc 3550676 prop_inc 622185 fast_inc 0 eta_inc 2915826 multi_dec -5764903 quick_dec -315452 nack_dec -1527200
Flow Uec_99_35 flowId 124 uecSrc 123 finished at 32826.3 total messages 1 total packets 24474 RTS 0 total bytes 100000764 in_flight now 0 fair_inc 3332805 prop_inc 624782 fast_inc 0 eta_inc 2898549 multi_dec -5715006 quick_dec -175586 nack_dec -1352900
Flow Uec_98_34 flowId 53 uecSrc 52 finished at 32831.1 total messages 1 total packets 24474 RTS 0 total bytes 100000764 in_flight now 0 fair_inc 3406496 prop_inc 619068 fast_inc 0 eta_inc 2919813 multi_dec -5764527 quick_dec -385498 nack_dec -1303100
Flow Uec_110_46 flowId 75 uecSrc 74 finished at 32839.9 total messages 1 total packets 24474 RTS 0 total bytes 100000764 in_flight now 0 fair_inc 3302733 prop_inc 673508 fast_inc 0 eta_inc 2919813 multi_dec -5727896 quick_dec -263763 nack_dec -1361200
Flow Uec_115_51 flowId 105 uecSrc 104 finished at 32858.9 total messages 1 total packets 24474 RTS 0 total bytes 100000764 in_flight now 0 fair_inc 3501204 prop_inc 648101 fast_inc 0 eta_inc 2897220 multi_dec -5730618 quick_dec -225872 nack_dec -1419300
Flow Uec_89_25 flowId 35 uecSrc 34 finished at 32864.9 total messages 1 total packets 24474 RTS 0 total bytes 100000764 in_flight now 0 fair_inc 3616733 prop_inc 631360 fast_inc 0 eta_inc 2934432 multi_dec -5910517 quick_dec -215453 nack_dec -1398550
Flow Uec_84_20 flowId 88 uecSrc 87 finished at 32873.7 total messages 1 total packets 24474 RTS 0 total bytes 100000764 in_flight now 0 fair_inc 3442900 prop_inc 659463 fast_inc 0 eta_inc 2925129 multi_dec -5915114 quick_dec -248942 nack_dec -1294800
Flow Uec_70_6 flowId 9 uecSrc 8 finished at 32884.1 total messages 1 total packets 24474 RTS 0 total bytes 100000764 in_flight now 0 fair_inc 3455035 prop_inc 724161 fast_inc 0 eta_inc 2921142 multi_dec -5855793 quick_dec -352057 nack_dec -1332150
Flow Uec_2_66 flowId 38 uecSrc 37 finished at 32890.6 total messages 1 total packets 24474 RTS 0 total bytes 100000764 in_flight now 0 fair_inc 3564640 prop_inc 658947 fast_inc 0 eta_inc 2914497 multi_dec -5970110 quick_dec -279936 nack_dec -1261600
Flow Uec_59_123 flowId 44 uecSrc 43 finished at 32892.9 total messages 1 total packets 24474 RTS 0 total bytes 100000764 in_flight now 0 fair_inc 3506470 prop_inc 691190 fast_inc 0 eta_inc 2957025 multi_dec -6103511 quick_dec -213230 nack_dec -1307250
Flow Uec_24_88 flowId 78 uecSrc 77 finished at 32894 total messages 1 total packets 24474 RTS 0 total bytes 100000764 in_flight now 0 fair_inc 3350112 prop_inc 838280 fast_inc 0 eta_inc 2906523 multi_dec -5765794 quick_dec -227955 nack_dec -1323850
Flow Uec_52_116 flowId 17 uecSrc 16 finished at 32903.4 total messages 1 total packets 24474 RTS 0 total bytes 100000764 in_flight now 0 fair_inc 3537749 prop_inc 695388 fast_inc 0 eta_inc 2938419 multi_dec -5926040 quick_dec -222907 nack_dec -1340450
Flow Uec_105_41 flowId 72 uecSrc 71 finished at 32904.5 total messages 1 total packets 24474 RTS 0 total bytes 100000764 in_flight now 0 fair_inc 3614989 prop_inc 704335 fast_inc 0 eta_inc 2926458 multi_dec -5960222 quick_dec -336014 nack_dec -1361200
Flow Uec_46_110 flowId 116 uecSrc 115 finished at 32938.7 total messages 1 total packets 24474 RTS 0 total bytes 100000764 in_flight now 0 fair_inc 3248243 prop_inc 734281 fast_inc 0 eta_inc 2913168 multi_dec -5405423 quick_dec -370178 nack_dec -1444200
Flow Uec_63_127 flowId 102 uecSrc 101 finished at 32954.1 total messages 1 total packets 24474 RTS 0 total bytes 100000764 in_flight now 0 fair_inc 3297809 prop_inc 797360 fast_inc 0 eta_inc 2909181 multi_dec -5622004 quick_dec -260726 nack_dec -1431750
Flow Uec_88_24 flowId 100 uecSrc 99 finished at 32965.7 total messages 1 total packets 24474 RTS 0 total bytes 100000764 in_flight now 0 fair_inc 3354623 prop_inc 781260 fast_inc 0 eta_inc 2883930 multi_dec -5807606 quick_dec -238165 nack_dec -1220100
Flow Uec_67_3 flowId 45 uecSrc 44 finished at 32966.8 total messages 1 total packets 24474 RTS 0 total bytes 100000764 in_flight now 0 fair_inc 3504018 prop_inc 785028 fast_inc 0 eta_inc 2927787 multi_dec -5902085 quick_dec -258256 nack_dec -1344600
Flow Uec_36_100 flowId 107 uecSrc 106 finished at 32985.3 total messages 1 total packets 24474 RTS 0 total bytes 100000764 in_flight now 0 fair_inc 3324915 prop_inc 715676 fast_inc 0 eta_inc 2915826 multi_dec -5654337 quick_dec -338064 nack_dec -1278200
Flow Uec_40_104 flowId 99 uecSrc 98 finished at 33002 total messages 1 total packets 24474 RTS 0 total bytes 100000764 in_flight now 0 fair_inc 3332228 prop_inc 774319 fast_inc 0 eta_inc 2917155 multi_dec -5828599 quick_dec -189967 nack_dec -1303100
Flow Uec_74_10 flowId 60 uecSrc 59 finished at 33028.9 total messages 1 total packets 24474 RTS 0 total bytes 100000764 in_flight now 0 fair_inc 3465982 prop_inc 721287 fast_inc 0 eta_inc 2915826 multi_dec -5830995 quick_dec -273612 nack_dec -1344600
Flow Uec_4_68 flowId 51 uecSrc 50 finished at 33031.3 total messages 1 total packets 24474 RTS 0 total bytes 100000764 in_flight now 0 fair_inc 3370900 prop_inc 814076 fast_inc 0 eta_inc 2867982 multi_dec -5606411 quick_dec -279241 nack_dec -1361200
Flow Uec_108_44 flowId 47 uecSrc 46 finished at 33031.5 total messages 1 total packets 24474 RTS 0 total bytes 100000764 in_flight now 0 fair_inc 3219690 prop_inc 913754 fast_inc 0 eta_inc 2891904 multi_dec -5613390 quick_dec -296517 nack_dec -1328000
Flow Uec_12_76 flowId 111 uecSrc 110 finished at 33034.2 total messages 1 total packets 24474 RTS 0 total bytes 100000764 in_flight now 0 fair_inc 3446937 prop_inc 824603 fast_inc 0 eta_inc 2905194 multi_dec -5866817 quick_dec -250589 nack_dec -1286500
Flow Uec_124_60 flowId 18 uecSrc 17 finished at 33034.2 total messages 1 total packets 24474 RTS 0 total bytes 100000764 in_flight now 0 fair_inc 3426953 prop_inc 924089 fast_inc 0 eta_inc 2910510 multi_dec -5757404 quick_dec -368468 nack_dec -1261600
Flow Uec_114_50 flowId 14 uecSrc 13 finished at 33049.3 total messages 1 total packets 24474 RTS 0 total bytes 100000764 in_flight now 0 fair_inc 3584564 prop_inc 842647 fast_inc 0 eta_inc 2918484 multi_dec -5990173 quick_dec -312584 nack_dec -1203500
Flow Uec_97_33 flowId 42 uecSrc 41 finished at 33065.7 total messages 1 total packets 24474 RTS 0 total bytes 100000764 in_flight now 0 fair_inc 3385429 prop_inc 932458 fast_inc 0 eta_inc 2941077 multi_dec -5836008 quick_dec -255906 nack_dec -1319700
Flow Uec_38_102 flowId 90 uecSrc 89 finished at 33066.6 total messages 1 total packets 24474 RTS 0 total bytes 100000764 in_flight now 0 fair_inc 3297536 prop_inc 784481 fast_inc 557522 eta_inc 2955696 multi_dec -5771052 quick_dec -290969 nack_dec -1257450
Flow Uec_22_86 flowId 84 uecSrc 83 finished at 33086.7 total messages 1 total packets 24474 RTS 0 total bytes 100000764 in_flight now 0 fair_inc 3463444 prop_inc 639076 fast_inc 0 eta_inc 2923800 multi_dec -6065511 quick_dec -210789 nack_dec -1199350
Flow Uec_72_8 flowId 119 uecSrc 118 finished at 33089.2 total messages 1 total packets 24474 RTS 0 total bytes 100000764 in_flight now 0 fair_inc 3502492 prop_inc 818943 fast_inc 0 eta_inc 2903865 multi_dec -5924010 quick_dec -223303 nack_dec -1348750
Flow Uec_94_30 flowId 55 uecSrc 54 finished at 33097.9 total messages 1 total packets 24474 RTS 0 total bytes 100000764 in_flight now 0 fair_inc 3361818 prop_inc 960856 fast_inc 0 eta_inc 2909181 multi_dec -5820191 quick_dec -235394 nack_dec -1232550
Flow Uec_58_122 flowId 5 uecSrc 4 finished at 33106.7 total messages 1 total packets 24474 RTS 0 total bytes 100000764 in_flight now 0 fair_inc 3180018 prop_inc 1004959 fast_inc 0 eta_inc 2895891 multi_dec -5454715 quick_dec -262531 nack_dec -1427600
Flow Uec_21_85 flowId 128 uecSrc 127 finished at 33172.1 total messages 1 total packets 24474 RTS 0 total bytes 100000764 in_flight now 0 fair_inc 3319106 prop_inc 704291 fast_inc 0 eta_inc 2947722 multi_dec -5858079 quick_dec -305937 nack_dec -1245000
Flow Uec_20_84 flowId 62 uecSrc 61 finished at 33187.3 total messages 1 total packets 24474 RTS 0 total bytes 100000764 in_flight now 0 fair_inc 3489867 prop_inc 712692 fast_inc 0 eta_inc 2947722 multi_dec -6211318 quick_dec -264098 nack_dec -1149550
........Received SIGTERM at 401000 us, shutting down cleanly.
New: 3132672 Rtx: 40190 RTS: 0 Bounced: 0 ACKs: 3087286 NACKs: 40190 Pulls: 0 sleek_pkts: 0
SPURIOUS_COUNT 0
