Flow Uec_60_62 flowId 117 uecSrc 116 finished at 4079.51 total messages 1 total packets 24474 RTS 0 total bytes 100000764 in_flight now 0 fair_inc 0 prop_inc 10556209 fast_inc 15739251 eta_inc 405345 multi_dec -0 quick_dec -0 nack_dec -0
Flow Uec_0_3 flowId 103 uecSrc 102 finished at 4100.77 total messages 1 total packets 24474 RTS 0 total bytes 100000764 in_flight now 0 fair_inc 0 prop_inc 25738 fast_inc 54976726 eta_inc 406674 multi_dec -0 quick_dec -0 nack_dec -0
Flow Uec_1_2 flowId 89 uecSrc 88 finished at 4104.53 total messages 1 total packets 24474 RTS 0 total bytes 100000764 in_flight now 0 fair_inc 0 prop_inc 14138748 fast_inc 1799800 eta_inc 409332 multi_dec -0 quick_dec -0 nack_dec -0
Flow Uec_19_24 flowId 63 uecSrc 62 finished at 5065.75 total messages 1 total packets 24474 RTS 0 total bytes 100000764 in_flight now 0 fair_inc 9434 prop_inc 2047122 fast_inc 0 eta_inc 505020 multi_dec -0 quick_dec -0 nack_dec -224100
Flow Uec_46_43 flowId 2 uecSrc 1 finished at 5081.36 total messages 1 total packets 24474 RTS 0 total bytes 100000764 in_flight now 0 fair_inc 0 prop_inc 2056605 fast_inc 0 eta_inc 506349 multi_dec -0 quick_dec -0 nack_dec -211650
Flow Uec_57_52 flowId 118 uecSrc 117 finished at 5105.17 total messages 1 total packets 24474 RTS 0 total bytes 100000764 in_flight now 0 fair_inc 12737 prop_inc 1897747 fast_inc 0 eta_inc 509007 multi_dec -0 quick_dec -0 nack_dec -190900
Flow Uec_2_4 flowId 93 uecSrc 92 finished at 5143.62 total messages 1 total packets 24474 RTS 0 total bytes 100000764 in_flight now 0 fair_inc 23597 prop_inc 1317915 fast_inc 0 eta_inc 516981 multi_dec -0 quick_dec -0 nack_dec -95450
Flow Uec_111_106 flowId 71 uecSrc 70 finished at 5220.99 total messages 1 total packets 24474 RTS 0 total bytes 100000764 in_flight now 0 fair_inc 16047 prop_inc 1619156 fast_inc 0 eta_inc 520968 multi_dec -0 quick_dec -0 nack_dec -149400
Flow Uec_93_86 flowId 92 uecSrc 91 finished at 5230.33 total messages 1 total packets 24474 RTS 0 total bytes 100000764 in_flight now 0 fair_inc 38795 prop_inc 1558676 fast_inc 0 eta_inc 520968 multi_dec -0 quick_dec -0 nack_dec -211650
Flow Uec_97_111 flowId 124 uecSrc 123 finished at 5232.66 total messages 1 total packets 24474 RTS 0 total bytes 100000764 in_flight now 0 fair_inc 16568 prop_inc 1543077 fast_inc 0 eta_inc 519639 multi_dec -0 quick_dec -0 nack_dec -207500
Flow Uec_71_66 flowId 3 uecSrc 2 finished at 5315.72 total messages 1 total packets 24474 RTS 0 total bytes 100000764 in_flight now 0 fair_inc 46125 prop_inc 1324156 fast_inc 0 eta_inc 531600 multi_dec -0 quick_dec -0 nack_dec -211650
Flow Uec_122_116 flowId 14 uecSrc 13 finished at 5429.73 total messages 1 total packets 24474 RTS 0 total bytes 100000764 in_flight now 0 fair_inc 78485 prop_inc 1103697 fast_inc 0 eta_inc 542232 multi_dec -0 quick_dec -0 nack_dec -170150
Flow Uec_116_122 flowId 55 uecSrc 54 finished at 5462.07 total messages 1 total packets 24474 RTS 0 total bytes 100000764 in_flight now 0 fair_inc 105854 prop_inc 1030815 fast_inc 0 eta_inc 546219 multi_dec -0 quick_dec -0 nack_dec -182600
Flow Uec_12_0 flowId 112 uecSrc 111 finished at 7189.89 total messages 1 total packets 24474 RTS 0 total bytes 100000764 in_flight now 0 fair_inc 1267080 prop_inc 162444 fast_inc 0 eta_inc 721647 multi_dec -1947070 quick_dec -0 nack_dec -211650
Flow Uec_13_11 flowId 96 uecSrc 95 finished at 8784.94 total messages 1 total packets 24474 RTS 0 total bytes 100000764 in_flight now 0 fair_inc 1583445 prop_inc 683525 fast_inc 0 eta_inc 877140 multi_dec -2319430 quick_dec -0 nack_dec -240700
Flow Uec_5_113 flowId 42 uecSrc 41 finished at 16468.4 total messages 1 total packets 24474 RTS 0 total bytes 100000764 in_flight now 0 fair_inc 4604967 prop_inc 1848364 fast_inc 0 eta_inc 1588155 multi_dec -8035699 quick_dec -57562 nack_dec -568550
Flow Uec_115_9 flowId 91 uecSrc 90 finished at 16784.6 total messages 1 total packets 24474 RTS 0 total bytes 100000764 in_flight now 0 fair_inc 4625711 prop_inc 1522659 fast_inc 0 eta_inc 1581510 multi_dec -7603647 quick_dec -56821 nack_dec -697200
Flow Uec_27_1 flowId 87 uecSrc 86 finished at 17063.2 total messages 1 total packets 24474 RTS 0 total bytes 100000764 in_flight now 0 fair_inc 4402382 prop_inc 1654227 fast_inc 0 eta_inc 1646631 multi_dec -7396270 quick_dec -20191 nack_dec -805100
Flow Uec_6_48 flowId 39 uecSrc 38 finished at 17983.8 total messages 1 total packets 24474 RTS 0 total bytes 100000764 in_flight now 0 fair_inc 5025010 prop_inc 1919636 fast_inc 0 eta_inc 1731687 multi_dec -8551549 quick_dec -66036 nack_dec -585150
Flow Uec_10_33 flowId 38 uecSrc 37 finished at 18704.2 total messages 1 total packets 24474 RTS 0 total bytes 100000764 in_flight now 0 fair_inc 4785281 prop_inc 1942837 fast_inc 0 eta_inc 1780860 multi_dec -8383788 quick_dec -141311 nack_dec -622500
Flow Uec_31_12 flowId 59 uecSrc 58 finished at 19548.8 total messages 1 total packets 24474 RTS 0 total bytes 100000764 in_flight now 0 fair_inc 4900116 prop_inc 1775713 fast_inc 0 eta_inc 1856613 multi_dec -8257523 quick_dec -105665 nack_dec -805100
Flow Uec_3_69 flowId 110 uecSrc 109 finished at 19856.9 total messages 1 total packets 24474 RTS 0 total bytes 100000764 in_flight now 0 fair_inc 5152509 prop_inc 1912256 fast_inc 0 eta_inc 1905786 multi_dec -9054030 quick_dec -23529 nack_dec -572700
Flow Uec_8_46 flowId 123 uecSrc 122 finished at 20090.8 total messages 1 total packets 24474 RTS 0 total bytes 100000764 in_flight now 0 fair_inc 5147532 prop_inc 1985506 fast_inc 0 eta_inc 1912431 multi_dec -8963972 quick_dec -49298 nack_dec -626650
Flow Uec_30_13 flowId 53 uecSrc 52 finished at 20586.7 total messages 1 total packets 24474 RTS 0 total bytes 100000764 in_flight now 0 fair_inc 5248978 prop_inc 1816920 fast_inc 0 eta_inc 1936353 multi_dec -8679815 quick_dec -118889 nack_dec -742850
Flow Uec_28_14 flowId 83 uecSrc 82 finished at 20711.4 total messages 1 total packets 24474 RTS 0 total bytes 100000764 in_flight now 0 fair_inc 5345469 prop_inc 1816264 fast_inc 0 eta_inc 1944327 multi_dec -8998605 quick_dec -73385 nack_dec -747000
Flow Uec_7_30 flowId 19 uecSrc 18 finished at 20916.9 total messages 1 total packets 24474 RTS 0 total bytes 100000764 in_flight now 0 fair_inc 5432621 prop_inc 2123889 fast_inc 0 eta_inc 1989513 multi_dec -9357866 quick_dec -73401 nack_dec -705500
Flow Uec_95_15 flowId 5 uecSrc 4 finished at 21384.8 total messages 1 total packets 24474 RTS 0 total bytes 100000764 in_flight now 0 fair_inc 5640572 prop_inc 1860256 fast_inc 0 eta_inc 2017422 multi_dec -9449957 quick_dec -126093 nack_dec -626650
Flow Uec_61_114 flowId 26 uecSrc 25 finished at 21535.1 total messages 1 total packets 24474 RTS 0 total bytes 100000764 in_flight now 0 fair_inc 5441660 prop_inc 1876266 fast_inc 0 eta_inc 2030712 multi_dec -9275223 quick_dec -118373 nack_dec -726250
Flow Uec_108_7 flowId 126 uecSrc 125 finished at 21779.6 total messages 1 total packets 24474 RTS 0 total bytes 100000764 in_flight now 0 fair_inc 5592167 prop_inc 1599786 fast_inc 0 eta_inc 2005461 multi_dec -9677854 quick_dec -8538 nack_dec -693050
Flow Uec_9_84 flowId 30 uecSrc 29 finished at 21863.2 total messages 1 total packets 24474 RTS 0 total bytes 100000764 in_flight now 0 fair_inc 5737231 prop_inc 1954722 fast_inc 0 eta_inc 2042673 multi_dec -9774865 quick_dec -101192 nack_dec -659850
Flow Uec_11_119 flowId 47 uecSrc 46 finished at 21921.6 total messages 1 total packets 24474 RTS 0 total bytes 100000764 in_flight now 0 fair_inc 5613586 prop_inc 2047189 fast_inc 0 eta_inc 2062608 multi_dec -9810381 quick_dec -83936 nack_dec -626650
Flow Uec_126_97 flowId 54 uecSrc 53 finished at 22202.1 total messages 1 total packets 24474 RTS 0 total bytes 100000764 in_flight now 0 fair_inc 5867287 prop_inc 1777422 fast_inc 0 eta_inc 2099820 multi_dec -9700365 quick_dec -175296 nack_dec -676450
Flow Uec_4_118 flowId 9 uecSrc 8 finished at 22400.8 total messages 1 total packets 24474 RTS 0 total bytes 100000764 in_flight now 0 fair_inc 5483346 prop_inc 2100080 fast_inc 0 eta_inc 2062608 multi_dec -9656632 quick_dec -75443 nack_dec -639100
Flow Uec_121_6 flowId 57 uecSrc 56 finished at 22441.7 total messages 1 total packets 24474 RTS 0 total bytes 100000764 in_flight now 0 fair_inc 5870053 prop_inc 1683805 fast_inc 0 eta_inc 2078556 multi_dec -9737087 quick_dec -78436 nack_dec -763600
Flow Uec_69_10 flowId 90 uecSrc 89 finished at 23073.3 total messages 1 total packets 24474 RTS 0 total bytes 100000764 in_flight now 0 fair_inc 5738619 prop_inc 1876945 fast_inc 0 eta_inc 2110452 multi_dec -9787093 quick_dec -150930 nack_dec -659850
Flow Uec_38_5 flowId 17 uecSrc 16 finished at 23473 total messages 1 total packets 24474 RTS 0 total bytes 100000764 in_flight now 0 fair_inc 5564427 prop_inc 1835997 fast_inc 0 eta_inc 2167599 multi_dec -9447053 quick_dec -117196 nack_dec -962800
Flow Uec_44_8 flowId 78 uecSrc 77 finished at 23649.3 total messages 1 total packets 24474 RTS 0 total bytes 100000764 in_flight now 0 fair_inc 6046043 prop_inc 1756032 fast_inc 0 eta_inc 2170257 multi_dec -9807347 quick_dec -140738 nack_dec -830000
Flow Uec_15_70 flowId 121 uecSrc 120 finished at 24199.1 total messages 1 total packets 24474 RTS 0 total bytes 100000764 in_flight now 0 fair_inc 4004955 prop_inc 1781810 fast_inc 0 eta_inc 1919076 multi_dec -7967216 quick_dec -96916 nack_dec -614200
Flow Uec_14_127 flowId 1 uecSrc 0 finished at 24250.1 total messages 1 total packets 24474 RTS 0 total bytes 100000764 in_flight now 0 fair_inc 4519257 prop_inc 1903651 fast_inc 0 eta_inc 1980210 multi_dec -8674488 quick_dec -44963 nack_dec -688900
Flow Uec_102_61 flowId 125 uecSrc 124 finished at 24696 total messages 1 total packets 24474 RTS 0 total bytes 100000764 in_flight now 0 fair_inc 6227472 prop_inc 1971745 fast_inc 0 eta_inc 2296512 multi_dec -10330326 quick_dec -286475 nack_dec -701350
Flow Uec_101_90 flowId 46 uecSrc 45 finished at 24748.5 total messages 1 total packets 24474 RTS 0 total bytes 100000764 in_flight now 0 fair_inc 6239217 prop_inc 1863686 fast_inc 0 eta_inc 2300499 multi_dec -10158386 quick_dec -207054 nack_dec -859050
Flow Uec_49_100 flowId 108 uecSrc 107 finished at 25010.5 total messages 1 total packets 24474 RTS 0 total bytes 100000764 in_flight now 0 fair_inc 6144764 prop_inc 2085698 fast_inc 0 eta_inc 2340369 multi_dec -10494774 quick_dec -183454 nack_dec -730400
Flow Uec_39_124 flowId 31 uecSrc 30 finished at 25094.1 total messages 1 total packets 24474 RTS 0 total bytes 100000764 in_flight now 0 fair_inc 5893229 prop_inc 2077056 fast_inc 0 eta_inc 2303157 multi_dec -10393476 quick_dec -154441 nack_dec -747000
Flow Uec_37_103 flowId 74 uecSrc 73 finished at 25453.6 total messages 1 total packets 24474 RTS 0 total bytes 100000764 in_flight now 0 fair_inc 6489089 prop_inc 1623703 fast_inc 0 eta_inc 2344356 multi_dec -10476837 quick_dec -129983 nack_dec -643250
Flow Uec_107_51 flowId 36 uecSrc 35 finished at 25518.5 total messages 1 total packets 24474 RTS 0 total bytes 100000764 in_flight now 0 fair_inc 6809684 prop_inc 1961872 fast_inc 0 eta_inc 2372265 multi_dec -11029585 quick_dec -248172 nack_dec -717950
Flow Uec_125_91 flowId 50 uecSrc 49 finished at 26147.2 total messages 1 total packets 24474 RTS 0 total bytes 100000764 in_flight now 0 fair_inc 6511331 prop_inc 1877878 fast_inc 0 eta_inc 2428083 multi_dec -10693179 quick_dec -259481 nack_dec -730400
Flow Uec_62_68 flowId 111 uecSrc 110 finished at 26181.3 total messages 1 total packets 24474 RTS 0 total bytes 100000764 in_flight now 0 fair_inc 6467915 prop_inc 1762880 fast_inc 0 eta_inc 2425425 multi_dec -10776138 quick_dec -107472 nack_dec -655700
Flow Uec_84_99 flowId 7 uecSrc 6 finished at 26200.7 total messages 1 total packets 24474 RTS 0 total bytes 100000764 in_flight now 0 fair_inc 6431887 prop_inc 1952108 fast_inc 0 eta_inc 2424096 multi_dec -10666057 quick_dec -318025 nack_dec -726250
Flow Uec_40_98 flowId 95 uecSrc 94 finished at 26216 total messages 1 total packets 24474 RTS 0 total bytes 100000764 in_flight now 0 fair_inc 6724598 prop_inc 1668404 fast_inc 0 eta_inc 2409477 multi_dec -10695306 quick_dec -224087 nack_dec -738700
Flow Uec_56_108 flowId 82 uecSrc 81 finished at 26231.3 total messages 1 total packets 24474 RTS 0 total bytes 100000764 in_flight now 0 fair_inc 6527934 prop_inc 1876119 fast_inc 0 eta_inc 2378910 multi_dec -11309838 quick_dec -222868 nack_dec -647400
Flow Uec_105_92 flowId 25 uecSrc 24 finished at 26242.4 total messages 1 total packets 24474 RTS 0 total bytes 100000764 in_flight now 0 fair_inc 6704339 prop_inc 1922865 fast_inc 0 eta_inc 2444031 multi_dec -11092650 quick_dec -208214 nack_dec -717950
Flow Uec_85_102 flowId 65 uecSrc 64 finished at 26454.9 total messages 1 total packets 24474 RTS 0 total bytes 100000764 in_flight now 0 fair_inc 6369153 prop_inc 1916401 fast_inc 0 eta_inc 2429412 multi_dec -10818737 quick_dec -182848 nack_dec -680600
Flow Uec_23_115 flowId 70 uecSrc 69 finished at 26665 total messages 1 total packets 24474 RTS 0 total bytes 100000764 in_flight now 0 fair_inc 6306604 prop_inc 2043602 fast_inc 0 eta_inc 2455992 multi_dec -10505287 quick_dec -227907 nack_dec -888100
Flow Uec_106_79 flowId 109 uecSrc 108 finished at 26834.7 total messages 1 total packets 24474 RTS 0 total bytes 100000764 in_flight now 0 fair_inc 6510414 prop_inc 1875993 fast_inc 0 eta_inc 2452005 multi_dec -10941800 quick_dec -232028 nack_dec -634950
Flow Uec_119_96 flowId 81 uecSrc 80 finished at 27009.7 total messages 1 total packets 24474 RTS 0 total bytes 100000764 in_flight now 0 fair_inc 7017271 prop_inc 1898396 fast_inc 0 eta_inc 2473269 multi_dec -11338387 quick_dec -302953 nack_dec -742850
Flow Uec_127_22 flowId 100 uecSrc 99 finished at 27168.8 total messages 1 total packets 24474 RTS 0 total bytes 100000764 in_flight now 0 fair_inc 6778243 prop_inc 2002280 fast_inc 0 eta_inc 2529087 multi_dec -11382149 quick_dec -166371 nack_dec -672300
Flow Uec_66_49 flowId 48 uecSrc 47 finished at 27417.5 total messages 1 total packets 24474 RTS 0 total bytes 100000764 in_flight now 0 fair_inc 6591191 prop_inc 1910975 fast_inc 0 eta_inc 2547693 multi_dec -11340190 quick_dec -92745 nack_dec -568550
Flow Uec_113_55 flowId 6 uecSrc 5 finished at 27444.6 total messages 1 total packets 24474 RTS 0 total bytes 100000764 in_flight now 0 fair_inc 7044889 prop_inc 1692300 fast_inc 0 eta_inc 2494533 multi_dec -11437848 quick_dec -156936 nack_dec -751150
Flow Uec_104_37 flowId 79 uecSrc 78 finished at 27450.7 total messages 1 total packets 24474 RTS 0 total bytes 100000764 in_flight now 0 fair_inc 6822484 prop_inc 2131307 fast_inc 0 eta_inc 2535732 multi_dec -11432614 quick_dec -199742 nack_dec -796800
Flow Uec_96_59 flowId 41 uecSrc 40 finished at 27543.3 total messages 1 total packets 24474 RTS 0 total bytes 100000764 in_flight now 0 fair_inc 6887371 prop_inc 1932703 fast_inc 0 eta_inc 2483901 multi_dec -11490698 quick_dec -235353 nack_dec -684750
Flow Uec_120_63 flowId 68 uecSrc 67 finished at 27601.4 total messages 1 total packets 24474 RTS 0 total bytes 100000764 in_flight now 0 fair_inc 7214864 prop_inc 1722920 fast_inc 0 eta_inc 2529087 multi_dec -11556321 quick_dec -156945 nack_dec -730400
Flow Uec_79_56 flowId 24 uecSrc 23 finished at 27757.7 total messages 1 total packets 24474 RTS 0 total bytes 100000764 in_flight now 0 fair_inc 6501420 prop_inc 1995086 fast_inc 0 eta_inc 2562312 multi_dec -10991077 quick_dec -288082 nack_dec -688900
Flow Uec_63_25 flowId 120 uecSrc 119 finished at 27939.5 total messages 1 total packets 24474 RTS 0 total bytes 100000764 in_flight now 0 fair_inc 6862536 prop_inc 2056215 fast_inc 0 eta_inc 2558325 multi_dec -11535995 quick_dec -235178 nack_dec -713800
Flow Uec_118_58 flowId 105 uecSrc 104 finished at 28074.4 total messages 1 total packets 24474 RTS 0 total bytes 100000764 in_flight now 0 fair_inc 7207975 prop_inc 1728793 fast_inc 0 eta_inc 2555667 multi_dec -11617602 quick_dec -195346 nack_dec -705500
Flow Uec_100_53 flowId 114 uecSrc 113 finished at 28144.8 total messages 1 total packets 24474 RTS 0 total bytes 100000764 in_flight now 0 fair_inc 7228585 prop_inc 1989229 fast_inc 0 eta_inc 2525100 multi_dec -11960687 quick_dec -176337 nack_dec -730400
Flow Uec_48_45 flowId 115 uecSrc 114 finished at 28233.6 total messages 1 total packets 24474 RTS 0 total bytes 100000764 in_flight now 0 fair_inc 6836908 prop_inc 2018938 fast_inc 0 eta_inc 2583576 multi_dec -11150541 quick_dec -462331 nack_dec -747000
Flow Uec_124_18 flowId 18 uecSrc 17 finished at 28242 total messages 1 total packets 24474 RTS 0 total bytes 100000764 in_flight now 0 fair_inc 6892960 prop_inc 2091541 fast_inc 0 eta_inc 2600853 multi_dec -11380032 quick_dec -258310 nack_dec -850750
Flow Uec_109_32 flowId 94 uecSrc 93 finished at 28246.2 total messages 1 total packets 24474 RTS 0 total bytes 100000764 in_flight now 0 fair_inc 7097764 prop_inc 2061280 fast_inc 0 eta_inc 2562312 multi_dec -11745853 quick_dec -217208 nack_dec -800950
Flow Uec_114_57 flowId 88 uecSrc 87 finished at 28311.1 total messages 1 total packets 24474 RTS 0 total bytes 100000764 in_flight now 0 fair_inc 6863442 prop_inc 2037352 fast_inc 0 eta_inc 2568957 multi_dec -11069373 quick_dec -379925 nack_dec -705500
Flow Uec_50_94 flowId 35 uecSrc 34 finished at 28394.9 total messages 1 total packets 24474 RTS 0 total bytes 100000764 in_flight now 0 fair_inc 6982102 prop_inc 2008692 fast_inc 0 eta_inc 2616801 multi_dec -11304333 quick_dec -294057 nack_dec -896400
Flow Uec_78_21 flowId 77 uecSrc 76 finished at 28448.9 total messages 1 total packets 24474 RTS 0 total bytes 100000764 in_flight now 0 fair_inc 7353391 prop_inc 1796726 fast_inc 0 eta_inc 2603511 multi_dec -11792476 quick_dec -241971 nack_dec -788500
Flow Uec_42_60 flowId 67 uecSrc 66 finished at 28506.8 total messages 1 total packets 24474 RTS 0 total bytes 100000764 in_flight now 0 fair_inc 6899286 prop_inc 1996925 fast_inc 0 eta_inc 2628762 multi_dec -11413213 quick_dec -193791 nack_dec -647400
Flow Uec_54_35 flowId 86 uecSrc 85 finished at 28541.7 total messages 1 total packets 24474 RTS 0 total bytes 100000764 in_flight now 0 fair_inc 7039210 prop_inc 2153426 fast_inc 0 eta_inc 2619459 multi_dec -11779071 quick_dec -145071 nack_dec -680600
Flow Uec_76_123 flowId 12 uecSrc 11 finished at 28548.2 total messages 1 total packets 24474 RTS 0 total bytes 100000764 in_flight now 0 fair_inc 6863426 prop_inc 1959566 fast_inc 0 eta_inc 2591550 multi_dec -11676985 quick_dec -149815 nack_dec -742850
Flow Uec_41_110 flowId 22 uecSrc 21 finished at 28569.9 total messages 1 total packets 24474 RTS 0 total bytes 100000764 in_flight now 0 fair_inc 7268356 prop_inc 1699948 fast_inc 0 eta_inc 2580918 multi_dec -11523464 quick_dec -342686 nack_dec -747000
Flow Uec_51_95 flowId 10 uecSrc 9 finished at 28577 total messages 1 total packets 24474 RTS 0 total bytes 100000764 in_flight now 0 fair_inc 7147969 prop_inc 1981951 fast_inc 0 eta_inc 2615472 multi_dec -11244098 quick_dec -514050 nack_dec -751150
Flow Uec_22_117 flowId 29 uecSrc 28 finished at 28635.5 total messages 1 total packets 24474 RTS 0 total bytes 100000764 in_flight now 0 fair_inc 6604611 prop_inc 1899880 fast_inc 0 eta_inc 2554338 multi_dec -11028488 quick_dec -279308 nack_dec -1008450
Flow Uec_52_75 flowId 32 uecSrc 31 finished at 28738.8 total messages 1 total packets 24474 RTS 0 total bytes 100000764 in_flight now 0 fair_inc 7020166 prop_inc 1915926 fast_inc 0 eta_inc 2626104 multi_dec -11547434 quick_dec -371499 nack_dec -738700
Flow Uec_110_80 flowId 27 uecSrc 26 finished at 28916 total messages 1 total packets 24474 RTS 0 total bytes 100000764 in_flight now 0 fair_inc 7309597 prop_inc 1944200 fast_inc 0 eta_inc 2619459 multi_dec -11844147 quick_dec -359707 nack_dec -792650
Flow Uec_55_78 flowId 107 uecSrc 106 finished at 28967 total messages 1 total packets 24474 RTS 0 total bytes 100000764 in_flight now 0 fair_inc 6967864 prop_inc 1958122 fast_inc 0 eta_inc 2656671 multi_dec -11496847 quick_dec -297017 nack_dec -771900
Flow Uec_53_83 flowId 72 uecSrc 71 finished at 28998.3 total messages 1 total packets 24474 RTS 0 total bytes 100000764 in_flight now 0 fair_inc 7174265 prop_inc 2076476 fast_inc 0 eta_inc 2647368 multi_dec -11480293 quick_dec -443978 nack_dec -821700
Flow Uec_58_93 flowId 75 uecSrc 74 finished at 29024.7 total messages 1 total packets 24474 RTS 0 total bytes 100000764 in_flight now 0 fair_inc 7123573 prop_inc 1989213 fast_inc 0 eta_inc 2619459 multi_dec -11712796 quick_dec -311990 nack_dec -759450
Flow Uec_16_101 flowId 20 uecSrc 19 finished at 29038.4 total messages 1 total packets 24474 RTS 0 total bytes 100000764 in_flight now 0 fair_inc 6476951 prop_inc 2066791 fast_inc 0 eta_inc 2584905 multi_dec -11199586 quick_dec -291609 nack_dec -929600
Flow Uec_72_121 flowId 127 uecSrc 126 finished at 29178.4 total messages 1 total packets 24474 RTS 0 total bytes 100000764 in_flight now 0 fair_inc 7123294 prop_inc 1949384 fast_inc 0 eta_inc 2659329 multi_dec -11721569 quick_dec -255264 nack_dec -830000
Flow Uec_70_112 flowId 80 uecSrc 79 finished at 29182.5 total messages 1 total packets 24474 RTS 0 total bytes 100000764 in_flight now 0 fair_inc 7249572 prop_inc 1947718 fast_inc 0 eta_inc 2623446 multi_dec -12016220 quick_dec -166955 nack_dec -850750
Flow Uec_34_109 flowId 128 uecSrc 127 finished at 29231.6 total messages 1 total packets 24474 RTS 0 total bytes 100000764 in_flight now 0 fair_inc 6883015 prop_inc 1724566 fast_inc 0 eta_inc 2620788 multi_dec -11242972 quick_dec -317046 nack_dec -805100
Flow Uec_117_81 flowId 101 uecSrc 100 finished at 29273.5 total messages 1 total packets 24474 RTS 0 total bytes 100000764 in_flight now 0 fair_inc 7234291 prop_inc 1975277 fast_inc 0 eta_inc 2624775 multi_dec -11724383 quick_dec -255074 nack_dec -850750
Flow Uec_103_67 flowId 73 uecSrc 72 finished at 29330.8 total messages 1 total packets 24474 RTS 0 total bytes 100000764 in_flight now 0 fair_inc 7710670 prop_inc 1810090 fast_inc 0 eta_inc 2672619 multi_dec -12289946 quick_dec -326063 nack_dec -747000
Flow Uec_33_105 flowId 37 uecSrc 36 finished at 29410.2 total messages 1 total packets 24474 RTS 0 total bytes 100000764 in_flight now 0 fair_inc 7430601 prop_inc 1742013 fast_inc 0 eta_inc 2646039 multi_dec -11806999 quick_dec -321083 nack_dec -829236
Flow Uec_21_107 flowId 21 uecSrc 20 finished at 29453.2 total messages 1 total packets 24474 RTS 0 total bytes 100000764 in_flight now 0 fair_inc 6963537 prop_inc 1992746 fast_inc 0 eta_inc 2636736 multi_dec -11661242 quick_dec -307762 nack_dec -987700
Flow Uec_83_104 flowId 116 uecSrc 115 finished at 29475.5 total messages 1 total packets 24474 RTS 0 total bytes 100000764 in_flight now 0 fair_inc 7562132 prop_inc 1839957 fast_inc 0 eta_inc 2661987 multi_dec -12255342 quick_dec -217938 nack_dec -796800
Flow Uec_18_126 flowId 62 uecSrc 61 finished at 29522.8 total messages 1 total packets 24474 RTS 0 total bytes 100000764 in_flight now 0 fair_inc 6888224 prop_inc 1947851 fast_inc 0 eta_inc 2634078 multi_dec -11278244 quick_dec -244667 nack_dec -1083150
Flow Uec_45_28 flowId 43 uecSrc 42 finished at 29571.2 total messages 1 total packets 24474 RTS 0 total bytes 100000764 in_flight now 0 fair_inc 6846035 prop_inc 1887924 fast_inc 0 eta_inc 2624775 multi_dec -11588501 quick_dec -237871 nack_dec -825850
Flow Uec_17_125 flowId 8 uecSrc 7 finished at 29664.3 total messages 1 total packets 24474 RTS 0 total bytes 100000764 in_flight now 0 fair_inc 6936636 prop_inc 1967549 fast_inc 0 eta_inc 2622117 multi_dec -11373465 quick_dec -313477 nack_dec -983550
Flow Uec_75_23 flowId 97 uecSrc 96 finished at 29671.2 total messages 1 total packets 24474 RTS 0 total bytes 100000764 in_flight now 0 fair_inc 7156754 prop_inc 1962806 fast_inc 0 eta_inc 2700528 multi_dec -11566988 quick_dec -358418 nack_dec -838300
Flow Uec_65_16 flowId 58 uecSrc 57 finished at 29708 total messages 1 total packets 24474 RTS 0 total bytes 100000764 in_flight now 0 fair_inc 7152666 prop_inc 2024388 fast_inc 0 eta_inc 2717805 multi_dec -11896739 quick_dec -228720 nack_dec -771900
Flow Uec_112_65 flowId 49 uecSrc 48 finished at 29714.9 total messages 1 total packets 24474 RTS 0 total bytes 100000764 in_flight now 0 fair_inc 7175715 prop_inc 1885215 fast_inc 0 eta_inc 2687238 multi_dec -11832200 quick_dec -249743 nack_dec -888100
Flow Uec_99_77 flowId 11 uecSrc 10 finished at 29808.4 total messages 1 total packets 24474 RTS 0 total bytes 100000764 in_flight now 0 fair_inc 7003924 prop_inc 1950038 fast_inc 0 eta_inc 2650026 multi_dec -11468106 quick_dec -444978 nack_dec -917150
Flow Uec_81_50 flowId 60 uecSrc 59 finished at 29993.6 total messages 1 total packets 24474 RTS 0 total bytes 100000764 in_flight now 0 fair_inc 6739352 prop_inc 2058983 fast_inc 0 eta_inc 2711160 multi_dec -11270712 quick_dec -266290 nack_dec -946200
Flow Uec_92_120 flowId 99 uecSrc 98 finished at 30003.2 total messages 1 total packets 24474 RTS 0 total bytes 100000764 in_flight now 0 fair_inc 6665660 prop_inc 2124990 fast_inc 0 eta_inc 2623446 multi_dec -11957416 quick_dec -270959 nack_dec -883950
Flow Uec_67_34 flowId 84 uecSrc 83 finished at 30101.5 total messages 1 total packets 24474 RTS 0 total bytes 100000764 in_flight now 0 fair_inc 7286424 prop_inc 1832384 fast_inc 0 eta_inc 2736411 multi_dec -11678417 quick_dec -390981 nack_dec -896400
Flow Uec_98_76 flowId 104 uecSrc 103 finished at 30151.3 total messages 1 total packets 24474 RTS 0 total bytes 100000764 in_flight now 0 fair_inc 7518243 prop_inc 1782859 fast_inc 0 eta_inc 2687238 multi_dec -12124625 quick_dec -239743 nack_dec -900550
Flow Uec_88_54 flowId 33 uecSrc 32 finished at 30199.3 total messages 1 total packets 24474 RTS 0 total bytes 100000764 in_flight now 0 fair_inc 6947890 prop_inc 1954158 fast_inc 0 eta_inc 2704515 multi_dec -11744120 quick_dec -312067 nack_dec -913000
Flow Uec_123_64 flowId 119 uecSrc 118 finished at 30213.4 total messages 1 total packets 24474 RTS 0 total bytes 100000764 in_flight now 0 fair_inc 7187927 prop_inc 1945081 fast_inc 0 eta_inc 2681922 multi_dec -12028388 quick_dec -271497 nack_dec -946200
Flow Uec_90_38 flowId 52 uecSrc 51 finished at 30230.8 total messages 1 total packets 24474 RTS 0 total bytes 100000764 in_flight now 0 fair_inc 7523882 prop_inc 2022186 fast_inc 0 eta_inc 2772294 multi_dec -12455957 quick_dec -326524 nack_dec -755300
Flow Uec_59_71 flowId 40 uecSrc 39 finished at 30352.8 total messages 1 total packets 24474 RTS 0 total bytes 100000764 in_flight now 0 fair_inc 6962214 prop_inc 2007218 fast_inc 0 eta_inc 2720463 multi_dec -11530931 quick_dec -305410 nack_dec -933750
Flow Uec_91_31 flowId 85 uecSrc 84 finished at 30401.9 total messages 1 total packets 24474 RTS 0 total bytes 100000764 in_flight now 0 fair_inc 7656597 prop_inc 1811182 fast_inc 0 eta_inc 2769636 multi_dec -12179631 quick_dec -374319 nack_dec -676450
Flow Uec_24_39 flowId 64 uecSrc 63 finished at 30406.1 total messages 1 total packets 24474 RTS 0 total bytes 100000764 in_flight now 0 fair_inc 7176097 prop_inc 2177258 fast_inc 0 eta_inc 2757675 multi_dec -11926469 quick_dec -349389 nack_dec -937900
Flow Uec_87_17 flowId 15 uecSrc 14 finished at 30570.8 total messages 1 total packets 24474 RTS 0 total bytes 100000764 in_flight now 0 fair_inc 7437698 prop_inc 1824109 fast_inc 0 eta_inc 2774952 multi_dec -11725421 quick_dec -453381 nack_dec -813400
Flow Uec_20_40 flowId 23 uecSrc 22 finished at 30758.5 total messages 1 total packets 24474 RTS 0 total bytes 100000764 in_flight now 0 fair_inc 7424755 prop_inc 1932275 fast_inc 0 eta_inc 2700528 multi_dec -12143333 quick_dec -302411 nack_dec -1033350
Flow Uec_74_47 flowId 34 uecSrc 33 finished at 30824.2 total messages 1 total packets 24474 RTS 0 total bytes 100000764 in_flight now 0 fair_inc 7531769 prop_inc 1984051 fast_inc 0 eta_inc 2797545 multi_dec -12052887 quick_dec -348757 nack_dec -825850
Flow Uec_35_88 flowId 45 uecSrc 44 finished at 30853.9 total messages 1 total packets 24474 RTS 0 total bytes 100000764 in_flight now 0 fair_inc 7636593 prop_inc 1957964 fast_inc 0 eta_inc 2782926 multi_dec -12526450 quick_dec -325577 nack_dec -776050
Flow Uec_82_20 flowId 76 uecSrc 75 finished at 30886.2 total messages 1 total packets 24474 RTS 0 total bytes 100000764 in_flight now 0 fair_inc 7697877 prop_inc 1784379 fast_inc 0 eta_inc 2798874 multi_dec -12112586 quick_dec -361471 nack_dec -821700
Flow Uec_89_29 flowId 102 uecSrc 101 finished at 30958.4 total messages 1 total packets 24474 RTS 0 total bytes 100000764 in_flight now 0 fair_inc 7705100 prop_inc 1856278 fast_inc 0 eta_inc 2781597 multi_dec -12173626 quick_dec -409606 nack_dec -734550
Flow Uec_77_42 flowId 106 uecSrc 105 finished at 31044.3 total messages 1 total packets 24474 RTS 0 total bytes 100000764 in_flight now 0 fair_inc 7804865 prop_inc 1847845 fast_inc 0 eta_inc 2777610 multi_dec -12597047 quick_dec -226345 nack_dec -825850
Flow Uec_43_89 flowId 44 uecSrc 43 finished at 31071.7 total messages 1 total packets 24474 RTS 0 total bytes 100000764 in_flight now 0 fair_inc 6929783 prop_inc 2171272 fast_inc 0 eta_inc 2789571 multi_dec -11965859 quick_dec -248933 nack_dec -705500
Flow Uec_80_36 flowId 16 uecSrc 15 finished at 31091.6 total messages 1 total packets 24474 RTS 0 total bytes 100000764 in_flight now 0 fair_inc 7362290 prop_inc 2286232 fast_inc 0 eta_inc 2825454 multi_dec -12316579 quick_dec -286957 nack_dec -784350
Flow Uec_47_27 flowId 51 uecSrc 50 finished at 31117.2 total messages 1 total packets 24474 RTS 0 total bytes 100000764 in_flight now 0 fair_inc 7368220 prop_inc 1911521 fast_inc 0 eta_inc 2684580 multi_dec -12338148 quick_dec -286207 nack_dec -834150
Flow Uec_64_82 flowId 66 uecSrc 65 finished at 31124.3 total messages 1 total packets 24474 RTS 0 total bytes 100000764 in_flight now 0 fair_inc 7378245 prop_inc 2140151 fast_inc 0 eta_inc 2776281 multi_dec -12296512 quick_dec -405258 nack_dec -684750
Flow Uec_94_19 flowId 13 uecSrc 12 finished at 31252.7 total messages 1 total packets 24474 RTS 0 total bytes 100000764 in_flight now 0 fair_inc 7498174 prop_inc 1991619 fast_inc 0 eta_inc 2777610 multi_dec -12150241 quick_dec -265081 nack_dec -888100
Flow Uec_73_41 flowId 69 uecSrc 68 finished at 31292.9 total messages 1 total packets 24474 RTS 0 total bytes 100000764 in_flight now 0 fair_inc 7804119 prop_inc 2007197 fast_inc 0 eta_inc 2805519 multi_dec -12653558 quick_dec -191775 nack_dec -817550
Flow Uec_26_44 flowId 113 uecSrc 112 finished at 31294.8 total messages 1 total packets 24474 RTS 0 total bytes 100000764 in_flight now 0 fair_inc 6836352 prop_inc 2222489 fast_inc 0 eta_inc 2781597 multi_dec -11674822 quick_dec -120604 nack_dec -991850
Flow Uec_68_26 flowId 61 uecSrc 60 finished at 31306.9 total messages 1 total packets 24474 RTS 0 total bytes 100000764 in_flight now 0 fair_inc 7488284 prop_inc 2095255 fast_inc 0 eta_inc 2720463 multi_dec -12297908 quick_dec -299502 nack_dec -996000
Flow Uec_25_87 flowId 56 uecSrc 55 finished at 31345.9 total messages 1 total packets 24474 RTS 0 total bytes 100000764 in_flight now 0 fair_inc 7276082 prop_inc 2179657 fast_inc 0 eta_inc 2756346 multi_dec -12596098 quick_dec -307532 nack_dec -954500
Flow Uec_36_85 flowId 4 uecSrc 3 finished at 31435.4 total messages 1 total packets 24474 RTS 0 total bytes 100000764 in_flight now 0 fair_inc 7568071 prop_inc 1997053 fast_inc 0 eta_inc 2768307 multi_dec -12530292 quick_dec -253992 nack_dec -763600
Flow Uec_86_73 flowId 28 uecSrc 27 finished at 31641.5 total messages 1 total packets 24474 RTS 0 total bytes 100000764 in_flight now 0 fair_inc 6928678 prop_inc 2105716 fast_inc 0 eta_inc 2798874 multi_dec -11944634 quick_dec -528092 nack_dec -647400
Flow Uec_32_72 flowId 122 uecSrc 121 finished at 31753.3 total messages 1 total packets 24474 RTS 0 total bytes 100000764 in_flight now 0 fair_inc 7004194 prop_inc 2147160 fast_inc 0 eta_inc 2784255 multi_dec -11959657 quick_dec -402109 nack_dec -780200
Flow Uec_29_74 flowId 98 uecSrc 97 finished at 31982 total messages 1 total packets 24474 RTS 0 total bytes 100000764 in_flight now 0 fair_inc 6765893 prop_inc 2235836 fast_inc 2762278 eta_inc 2786913 multi_dec -11732013 quick_dec -465545 nack_dec -859050
....Received SIGTERM at 235000 us, shutting down cleanly.
New: 3132672 Rtx: 21704 RTS: 0 Bounced: 0 ACKs: 2767857 NACKs: 21704 Pulls: 0 sleek_pkts: 0
SPURIOUS_COUNT 0
