....Flow Roce_126_0 1840 finished at 240767 total bytes 16000
Flow Roce_111_0 1780 finished at 241864 total bytes 16000
Flow Roce_106_0 1760 finished at 242219 total bytes 16000
Flow Roce_81_0 1660 finished at 242553 total bytes 16000
Flow Roce_123_0 1828 finished at 243402 total bytes 16000
Flow Roce_82_0 1664 finished at 243475 total bytes 16000
Flow Roce_87_0 1684 finished at 244295 total bytes 16000
Flow Roce_85_0 1676 finished at 244994 total bytes 16000
Flow Roce_97_0 1724 finished at 245588 total bytes 16000
Flow Roce_86_0 1680 finished at 246001 total bytes 16000
Flow Roce_70_0 1616 finished at 246123 total bytes 16000
Flow Roce_93_0 1708 finished at 246125 total bytes 16000
Flow Roce_65_0 1596 finished at 246424 total bytes 16000
Flow Roce_71_0 1620 finished at 246431 total bytes 16000
Flow Roce_105_0 1756 finished at 246506 total bytes 16000
Flow Roce_101_0 1740 finished at 246538 total bytes 16000
Flow Roce_121_0 1820 finished at 246657 total bytes 16000
Flow Roce_100_0 1736 finished at 246716 total bytes 16000
Flow Roce_78_0 1648 finished at 247484 total bytes 16000
Flow Roce_95_0 1716 finished at 247910 total bytes 16000
Flow Roce_90_0 1696 finished at 247941 total bytes 16000
Flow Roce_84_0 1672 finished at 247951 total bytes 16000
Flow Roce_94_0 1712 finished at 247987 total bytes 16000
Flow Roce_120_0 1816 finished at 248039 total bytes 16000
Flow Roce_64_0 1592 finished at 248160 total bytes 16000
Flow Roce_110_0 1776 finished at 248164 total bytes 16000
Flow Roce_104_0 1752 finished at 248345 total bytes 16000
Flow Roce_77_0 1644 finished at 248518 total bytes 16000
Flow Roce_99_0 1732 finished at 248626 total bytes 16000
Flow Roce_96_0 1720 finished at 248738 total bytes 16000
Flow Roce_107_0 1764 finished at 248830 total bytes 16000
Flow Roce_116_0 1800 finished at 248897 total bytes 16000
Flow Roce_75_0 1636 finished at 248970 total bytes 16000
Flow Roce_103_0 1748 finished at 249104 total bytes 16000
Flow Roce_88_0 1688 finished at 249108 total bytes 16000
Flow Roce_119_0 1812 finished at 249121 total bytes 16000
Flow Roce_124_0 1832 finished at 249214 total bytes 16000
Flow Roce_67_0 1604 finished at 249219 total bytes 16000
Flow Roce_66_0 1600 finished at 249298 total bytes 16000
Flow Roce_89_0 1692 finished at 249435 total bytes 16000
Flow Roce_98_0 1728 finished at 249515 total bytes 16000
Flow Roce_102_0 1744 finished at 249716 total bytes 16000
Flow Roce_74_0 1632 finished at 249760 total bytes 16000
Flow Roce_125_0 1836 finished at 249797 total bytes 16000
Flow Roce_72_0 1624 finished at 249799 total bytes 16000
Flow Roce_113_0 1788 finished at 249956 total bytes 16000
Flow Roce_117_0 1804 finished at 249972 total bytes 16000
.Flow Roce_114_0 1792 finished at 250026 total bytes 16000
Flow Roce_68_0 1608 finished at 250085 total bytes 16000
Flow Roce_80_0 1656 finished at 250253 total bytes 16000
Flow Roce_127_0 1844 finished at 250273 total bytes 16000
Flow Roce_69_0 1612 finished at 250341 total bytes 16000
Flow Roce_122_0 1824 finished at 250359 total bytes 16000
Flow Roce_79_0 1652 finished at 250433 total bytes 16000
Flow Roce_92_0 1704 finished at 250444 total bytes 16000
Flow Roce_108_0 1768 finished at 250553 total bytes 16000
Flow Roce_83_0 1668 finished at 250592 total bytes 16000
Flow Roce_109_0 1772 finished at 250592 total bytes 16000
Flow Roce_112_0 1784 finished at 250678 total bytes 16000
Flow Roce_73_0 1628 finished at 250749 total bytes 16000
Flow Roce_76_0 1640 finished at 250875 total bytes 16000
Flow Roce_91_0 1700 finished at 250896 total bytes 16000
Flow Roce_115_0 1796 finished at 250964 total bytes 16000
Flow Roce_118_0 1808 finished at 251059 total bytes 16000
New: 0 Rtx: 0
PFC_PAUSES 60061 PFC_PAUSE_US 931465 MAX_QUEUE_BYTES 113792
OVERFLOW_COUNT 0
