.......Flow Roce_126_0 1840 finished at 375798 total bytes 25000
Flow Roce_106_0 1760 finished at 377963 total bytes 25000
Flow Roce_82_0 1664 finished at 378810 total bytes 25000
Flow Roce_86_0 1680 finished at 379917 total bytes 25000
Flow Roce_81_0 1660 finished at 380685 total bytes 25000
Flow Roce_85_0 1676 finished at 380864 total bytes 25000
Flow Roce_123_0 1828 finished at 381467 total bytes 25000
Flow Roce_70_0 1616 finished at 381989 total bytes 25000
Flow Roce_93_0 1708 finished at 382280 total bytes 25000
Flow Roce_97_0 1724 finished at 382828 total bytes 25000
Flow Roce_111_0 1780 finished at 383697 total bytes 25000
Flow Roce_125_0 1836 finished at 383945 total bytes 25000
Flow Roce_89_0 1692 finished at 384006 total bytes 25000
Flow Roce_105_0 1756 finished at 384115 total bytes 25000
Flow Roce_64_0 1592 finished at 384601 total bytes 25000
Flow Roce_87_0 1684 finished at 384864 total bytes 25000
Flow Roce_100_0 1736 finished at 384945 total bytes 25000
Flow Roce_71_0 1620 finished at 384950 total bytes 25000
Flow Roce_88_0 1688 finished at 384990 total bytes 25000
Flow Roce_96_0 1720 finished at 385938 total bytes 25000
Flow Roce_121_0 1820 finished at 385976 total bytes 25000
Flow Roce_109_0 1772 finished at 386073 total bytes 25000
Flow Roce_84_0 1672 finished at 386174 total bytes 25000
Flow Roce_102_0 1744 finished at 386598 total bytes 25000
Flow Roce_66_0 1600 finished at 386763 total bytes 25000
Flow Roce_108_0 1768 finished at 386789 total bytes 25000
Flow Roce_107_0 1764 finished at 387387 total bytes 25000
Flow Roce_110_0 1776 finished at 387787 total bytes 25000
Flow Roce_95_0 1716 finished at 387868 total bytes 25000
Flow Roce_78_0 1648 finished at 387891 total bytes 25000
Flow Roce_90_0 1696 finished at 387896 total bytes 25000
Flow Roce_65_0 1596 finished at 387979 total bytes 25000
Flow Roce_101_0 1740 finished at 388081 total bytes 25000
Flow Roce_99_0 1732 finished at 388295 total bytes 25000
Flow Roce_116_0 1800 finished at 388408 total bytes 25000
Flow Roce_83_0 1668 finished at 388468 total bytes 25000
Flow Roce_120_0 1816 finished at 388589 total bytes 25000
Flow Roce_75_0 1636 finished at 388752 total bytes 25000
Flow Roce_103_0 1748 finished at 388793 total bytes 25000
Flow Roce_124_0 1832 finished at 388835 total bytes 25000
Flow Roce_104_0 1752 finished at 388903 total bytes 25000
Flow Roce_98_0 1728 finished at 389027 total bytes 25000
Flow Roce_68_0 1608 finished at 389120 total bytes 25000
Flow Roce_77_0 1644 finished at 389273 total bytes 25000
Flow Roce_114_0 1792 finished at 389318 total bytes 25000
Flow Roce_122_0 1824 finished at 389418 total bytes 25000
Flow Roce_119_0 1812 finished at 389448 total bytes 25000
Flow Roce_113_0 1788 finished at 389477 total bytes 25000
Flow Roce_72_0 1624 finished at 389586 total bytes 25000
Flow Roce_115_0 1796 finished at 389616 total bytes 25000
Flow Roce_94_0 1712 finished at 389724 total bytes 25000
Flow Roce_74_0 1632 finished at 389830 total bytes 25000
Flow Roce_117_0 1804 finished at 389890 total bytes 25000
Flow Roce_67_0 1604 finished at 390084 total bytes 25000
Flow Roce_127_0 1844 finished at 390189 total bytes 25000
Flow Roce_80_0 1656 finished at 390254 total bytes 25000
Flow Roce_112_0 1784 finished at 390283 total bytes 25000
Flow Roce_91_0 1700 finished at 390407 total bytes 25000
Flow Roce_69_0 1612 finished at 390468 total bytes 25000
Flow Roce_73_0 1628 finished at 390511 total bytes 25000
Flow Roce_92_0 1704 finished at 390519 total bytes 25000
Flow Roce_79_0 1652 finished at 390544 total bytes 25000
Flow Roce_76_0 1640 finished at 390651 total bytes 25000
Flow Roce_118_0 1808 finished at 390663 total bytes 25000
New: 0 Rtx: 0
PFC_PAUSES 93822 PFC_PAUSE_US 1.43821e+06 MAX_QUEUE_BYTES 113792
OVERFLOW_COUNT 0
