........Flow Roce_94_0 16928 finished at 413967 total bytes 16000
..|..Flow Roce_355_0 16996 finished at 658291 total bytes 16000
Flow Roce_597_0 14824 finished at 661483 total bytes 16000
Flow Roce_347_0 16284 finished at 673208 total bytes 16000
Flow Roce_345_0 15664 finished at 685674 total bytes 16000
.Flow Roce_578_0 16156 finished at 709062 total bytes 16000
Flow Roce_753_0 16608 finished at 731466 total bytes 16000
Flow Roce_375_0 15372 finished at 740435 total bytes 16000
Flow Roce_755_0 16296 finished at 746322 total bytes 16000
.Flow Roce_759_0 17080 finished at 757257 total bytes 16000
Flow Roce_481_0 17220 finished at 766227 total bytes 16000
Flow Roce_482_0 14400 finished at 774693 total bytes 16000
.Flow Roce_397_0 13724 finished at 815639 total bytes 16000
Flow Roce_392_0 15228 finished at 833232 total bytes 16000
.Flow Roce_477_0 13936 finished at 890805 total bytes 16000
Flow Roce_952_0 15512 finished at 897861 total bytes 16000
.Flow Roce_475_0 14124 finished at 913527 total bytes 16000
Flow Roce_654_0 15152 finished at 926608 total bytes 16000
Flow Roce_653_0 13776 finished at 930682 total bytes 16000
.Flow Roce_651_0 16948 finished at 952058 total bytes 16000
Flow Roce_101_0 14276 finished at 993616 total bytes 16000
.Flow Roce_990_0 16468 finished at 1.00787e+06 total bytes 16000
Flow Roce_795_0 17292 finished at 1.0115e+06 total bytes 16000
Flow Roce_97_0 17692 finished at 1.01712e+06 total bytes 16000
Flow Roce_793_0 16292 finished at 1.03677e+06 total bytes 16000
Flow Roce_589_0 15924 finished at 1.03911e+06 total bytes 16000
Flow Roce_584_0 17032 finished at 1.04132e+06 total bytes 16000
Flow Roce_702_0 15048 finished at 1.04724e+06 total bytes 16000
.Flow Roce_426_0 15344 finished at 1.0536e+06 total bytes 16000
Flow Roce_989_0 15032 finished at 1.05641e+06 total bytes 16000
Flow Roce_424_0 17016 finished at 1.074e+06 total bytes 16000
Flow Roce_98_0 14968 finished at 1.0771e+06 total bytes 16000
Flow Roce_703_0 17568 finished at 1.07943e+06 total bytes 16000
Flow Roce_431_0 15652 finished at 1.08675e+06 total bytes 16000
Flow Roce_553_0 17152 finished at 1.09753e+06 total bytes 16000
Flow Roce_444_0 17668 finished at 1.09878e+06 total bytes 16000
Flow Roce_445_0 13720 finished at 1.09879e+06 total bytes 16000
|Flow Roce_791_0 15332 finished at 1.10914e+06 total bytes 16000
Flow Roce_785_0 15352 finished at 1.10966e+06 total bytes 16000
Flow Roce_234_0 13788 finished at 1.11931e+06 total bytes 16000
Flow Roce_236_0 16952 finished at 1.13167e+06 total bytes 16000
Flow Roce_238_0 17144 finished at 1.13471e+06 total bytes 16000
.Flow Roce_288_0 16880 finished at 1.18843e+06 total bytes 16000
Flow Roce_558_0 16672 finished at 1.19192e+06 total bytes 16000
.Flow Roce_936_0 15592 finished at 1.20101e+06 total bytes 16000
Flow Roce_556_0 16048 finished at 1.20536e+06 total bytes 16000
Flow Roce_233_0 17168 finished at 1.20612e+06 total bytes 16000
Flow Roce_552_0 16988 finished at 1.20755e+06 total bytes 16000
Flow Roce_575_0 17056 finished at 1.22231e+06 total bytes 16000
Flow Roce_569_0 15340 finished at 1.22645e+06 total bytes 16000
Flow Roce_877_0 14660 finished at 1.23199e+06 total bytes 16000
Flow Roce_294_0 14304 finished at 1.23556e+06 total bytes 16000
.Flow Roce_568_0 17028 finished at 1.25011e+06 total bytes 16000
Flow Roce_342_0 15600 finished at 1.25533e+06 total bytes 16000
Flow Roce_293_0 15492 finished at 1.25839e+06 total bytes 16000
Flow Roce_289_0 16416 finished at 1.25842e+06 total bytes 16000
Flow Roce_259_0 16552 finished at 1.26117e+06 total bytes 16000
Flow Roce_339_0 14432 finished at 1.26242e+06 total bytes 16000
Flow Roce_343_0 15844 finished at 1.26422e+06 total bytes 16000
Flow Roce_291_0 17380 finished at 1.26974e+06 total bytes 16000
Flow Roce_295_0 13840 finished at 1.27343e+06 total bytes 16000
Flow Roce_257_0 15956 finished at 1.27552e+06 total bytes 16000
.Flow Roce_466_0 16804 finished at 1.30517e+06 total bytes 16000
Flow Roce_942_0 15060 finished at 1.31592e+06 total bytes 16000
Flow Roce_470_0 16964 finished at 1.31959e+06 total bytes 16000
Flow Roce_256_0 16876 finished at 1.32099e+06 total bytes 16000
Flow Roce_714_0 15384 finished at 1.32163e+06 total bytes 16000
Flow Roce_464_0 16896 finished at 1.323e+06 total bytes 16000
Flow Roce_939_0 17472 finished at 1.32626e+06 total bytes 16000
Flow Roce_261_0 14440 finished at 1.32971e+06 total bytes 16000
.Flow Roce_170_0 13680 finished at 1.35024e+06 total bytes 16000
Flow Roce_718_0 16504 finished at 1.3619e+06 total bytes 16000
Flow Roce_858_0 17476 finished at 1.36199e+06 total bytes 16000
Flow Roce_713_0 17648 finished at 1.36311e+06 total bytes 16000
Flow Roce_857_0 15268 finished at 1.36659e+06 total bytes 16000
Flow Roce_159_0 14028 finished at 1.37353e+06 total bytes 16000
Flow Roce_122_0 14068 finished at 1.37431e+06 total bytes 16000
Flow Roce_156_0 13704 finished at 1.37801e+06 total bytes 16000
Flow Roce_136_0 14352 finished at 1.38426e+06 total bytes 16000
Flow Roce_152_0 14992 finished at 1.38662e+06 total bytes 16000
Flow Roce_120_0 15416 finished at 1.38694e+06 total bytes 16000
Flow Roce_123_0 15364 finished at 1.39316e+06 total bytes 16000
.Flow Roce_740_0 14912 finished at 1.40821e+06 total bytes 16000
Flow Roce_138_0 17756 finished at 1.41278e+06 total bytes 16000
Flow Roce_153_0 15256 finished at 1.41325e+06 total bytes 16000
Flow Roce_141_0 15312 finished at 1.42019e+06 total bytes 16000
Flow Roce_668_0 17708 finished at 1.42079e+06 total bytes 16000
Flow Roce_667_0 14888 finished at 1.42482e+06 total bytes 16000
Flow Roce_935_0 14568 finished at 1.43528e+06 total bytes 16000
Flow Roce_452_0 14956 finished at 1.43533e+06 total bytes 16000
Flow Roce_137_0 16328 finished at 1.43973e+06 total bytes 16000
Flow Roce_267_0 14312 finished at 1.43975e+06 total bytes 16000
Flow Roce_692_0 16628 finished at 1.44156e+06 total bytes 16000
Flow Roce_689_0 15816 finished at 1.44495e+06 total bytes 16000
.Flow Roce_929_0 13748 finished at 1.45159e+06 total bytes 16000
Flow Roce_688_0 15436 finished at 1.45416e+06 total bytes 16000
Flow Roce_143_0 14988 finished at 1.45656e+06 total bytes 16000
Flow Roce_266_0 15936 finished at 1.46214e+06 total bytes 16000
Flow Roce_666_0 17592 finished at 1.46674e+06 total bytes 16000
Flow Roce_383_0 15644 finished at 1.4696e+06 total bytes 16000
Flow Roce_840_0 14752 finished at 1.47037e+06 total bytes 16000
Flow Roce_814_0 16836 finished at 1.47313e+06 total bytes 16000
Flow Roce_176_0 16516 finished at 1.47334e+06 total bytes 16000
Flow Roce_737_0 16700 finished at 1.48009e+06 total bytes 16000
Flow Roce_1006_0 14252 finished at 1.48042e+06 total bytes 16000
Flow Roce_181_0 14372 finished at 1.48403e+06 total bytes 16000
Flow Roce_742_0 17444 finished at 1.48671e+06 total bytes 16000
Flow Roce_916_0 14084 finished at 1.48711e+06 total bytes 16000
Flow Roce_142_0 15444 finished at 1.48745e+06 total bytes 16000
Flow Roce_743_0 15484 finished at 1.48802e+06 total bytes 16000
Flow Roce_695_0 16680 finished at 1.48829e+06 total bytes 16000
Flow Roce_206_0 16496 finished at 1.49198e+06 total bytes 16000
Flow Roce_691_0 17288 finished at 1.49346e+06 total bytes 16000
Flow Roce_270_0 13912 finished at 1.49485e+06 total bytes 16000
.Flow Roce_843_0 16164 finished at 1.50159e+06 total bytes 16000
Flow Roce_264_0 15200 finished at 1.50513e+06 total bytes 16000
Flow Roce_844_0 14932 finished at 1.506e+06 total bytes 16000
Flow Roce_1005_0 17552 finished at 1.50667e+06 total bytes 16000
Flow Roce_173_0 17176 finished at 1.50721e+06 total bytes 16000
Flow Roce_379_0 14896 finished at 1.50838e+06 total bytes 16000
Flow Roce_1001_0 16472 finished at 1.50871e+06 total bytes 16000
Flow Roce_845_0 14740 finished at 1.50946e+06 total bytes 16000
Flow Roce_169_0 14416 finished at 1.50978e+06 total bytes 16000
Flow Roce_915_0 17680 finished at 1.51189e+06 total bytes 16000
Flow Roce_268_0 14420 finished at 1.51329e+06 total bytes 16000
Flow Roce_917_0 15504 finished at 1.51709e+06 total bytes 16000
Flow Roce_140_0 14908 finished at 1.51734e+06 total bytes 16000
Flow Roce_139_0 16392 finished at 1.51823e+06 total bytes 16000
Flow Roce_271_0 15400 finished at 1.51957e+06 total bytes 16000
Flow Roce_204_0 15916 finished at 1.51969e+06 total bytes 16000
Flow Roce_203_0 15532 finished at 1.52575e+06 total bytes 16000
Flow Roce_723_0 13888 finished at 1.53357e+06 total bytes 16000
Flow Roce_934_0 14100 finished at 1.54552e+06 total bytes 16000
Flow Roce_928_0 16200 finished at 1.54851e+06 total bytes 16000
.Flow Roce_721_0 17208 finished at 1.55006e+06 total bytes 16000
Flow Roce_448_0 14368 finished at 1.55897e+06 total bytes 16000
Flow Roce_725_0 16064 finished at 1.5597e+06 total bytes 16000
Flow Roce_179_0 15136 finished at 1.56393e+06 total bytes 16000
Flow Roce_1012_0 15648 finished at 1.56623e+06 total bytes 16000
Flow Roce_811_0 16580 finished at 1.57374e+06 total bytes 16000
Flow Roce_809_0 16432 finished at 1.57393e+06 total bytes 16000
Flow Roce_177_0 14388 finished at 1.57637e+06 total bytes 16000
Flow Roce_565_0 16924 finished at 1.57868e+06 total bytes 16000
Flow Roce_423_0 15156 finished at 1.59171e+06 total bytes 16000
Flow Roce_561_0 16364 finished at 1.5987e+06 total bytes 16000
.Flow Roce_733_0 16216 finished at 1.60592e+06 total bytes 16000
Flow Roce_739_0 17636 finished at 1.60661e+06 total bytes 16000
Flow Roce_730_0 15424 finished at 1.60798e+06 total bytes 16000
Flow Roce_73_0 16908 finished at 1.60959e+06 total bytes 16000
Flow Roce_805_0 16100 finished at 1.60963e+06 total bytes 16000
Flow Roce_807_0 16120 finished at 1.61197e+06 total bytes 16000
Flow Roce_134_0 16548 finished at 1.61836e+06 total bytes 16000
Flow Roce_736_0 13692 finished at 1.62599e+06 total bytes 16000
Flow Roce_74_0 13844 finished at 1.62645e+06 total bytes 16000
Flow Roce_923_0 17240 finished at 1.62849e+06 total bytes 16000
Flow Roce_741_0 14620 finished at 1.6324e+06 total bytes 16000
Flow Roce_927_0 17300 finished at 1.63469e+06 total bytes 16000
Flow Roce_732_0 14208 finished at 1.63559e+06 total bytes 16000
Flow Roce_1008_0 16736 finished at 1.64526e+06 total bytes 16000
Flow Roce_1011_0 15068 finished at 1.64596e+06 total bytes 16000
Flow Roce_803_0 17088 finished at 1.64774e+06 total bytes 16000
Flow Roce_1010_0 16368 finished at 1.64823e+06 total bytes 16000
Flow Roce_947_0 15240 finished at 1.64963e+06 total bytes 16000
|Flow Roce_804_0 15900 finished at 1.65466e+06 total bytes 16000
Flow Roce_632_0 15756 finished at 1.65637e+06 total bytes 16000
Flow Roce_638_0 16512 finished at 1.66022e+06 total bytes 16000
Flow Roce_522_0 16508 finished at 1.66245e+06 total bytes 16000
Flow Roce_867_0 17364 finished at 1.66522e+06 total bytes 16000
Flow Roce_948_0 16024 finished at 1.66842e+06 total bytes 16000
Flow Roce_685_0 15432 finished at 1.67227e+06 total bytes 16000
Flow Roce_634_0 13876 finished at 1.67515e+06 total bytes 16000
Flow Roce_729_0 17412 finished at 1.6774e+06 total bytes 16000
Flow Roce_868_0 17748 finished at 1.67916e+06 total bytes 16000
Flow Roce_681_0 17316 finished at 1.67948e+06 total bytes 16000
Flow Roce_135_0 14680 finished at 1.68117e+06 total bytes 16000
Flow Roce_362_0 17124 finished at 1.68527e+06 total bytes 16000
Flow Roce_738_0 14060 finished at 1.68639e+06 total bytes 16000
Flow Roce_132_0 14044 finished at 1.68678e+06 total bytes 16000
Flow Roce_945_0 17464 finished at 1.68857e+06 total bytes 16000
Flow Roce_404_0 17188 finished at 1.69177e+06 total bytes 16000
Flow Roce_523_0 16740 finished at 1.69601e+06 total bytes 16000
Flow Roce_711_0 15752 finished at 1.69733e+06 total bytes 16000
Flow Roce_687_0 17392 finished at 1.69899e+06 total bytes 16000
.Flow Roce_418_0 14192 finished at 1.70185e+06 total bytes 16000
Flow Roce_365_0 15940 finished at 1.70193e+06 total bytes 16000
Flow Roce_639_0 16980 finished at 1.70934e+06 total bytes 16000
Flow Roce_636_0 16148 finished at 1.71009e+06 total bytes 16000
Flow Roce_72_0 16848 finished at 1.71462e+06 total bytes 16000
Flow Roce_937_0 16812 finished at 1.71668e+06 total bytes 16000
Flow Roce_705_0 13732 finished at 1.71766e+06 total bytes 16000
Flow Roce_384_0 17280 finished at 1.71788e+06 total bytes 16000
Flow Roce_904_0 17372 finished at 1.72068e+06 total bytes 16000
Flow Roce_920_0 14180 finished at 1.72349e+06 total bytes 16000
Flow Roce_707_0 14404 finished at 1.72555e+06 total bytes 16000
Flow Roce_924_0 17612 finished at 1.72606e+06 total bytes 16000
Flow Roce_925_0 16856 finished at 1.72628e+06 total bytes 16000
Flow Roce_313_0 15728 finished at 1.72687e+06 total bytes 16000
Flow Roce_520_0 17400 finished at 1.72711e+06 total bytes 16000
Flow Roce_360_0 15232 finished at 1.73018e+06 total bytes 16000
Flow Roce_316_0 17212 finished at 1.73077e+06 total bytes 16000
Flow Roce_906_0 16476 finished at 1.73623e+06 total bytes 16000
Flow Roce_680_0 17268 finished at 1.73667e+06 total bytes 16000
Flow Roce_907_0 16072 finished at 1.73789e+06 total bytes 16000
Flow Roce_524_0 14176 finished at 1.73905e+06 total bytes 16000
Flow Roce_403_0 17356 finished at 1.7458e+06 total bytes 16000
Flow Roce_938_0 16240 finished at 1.7473e+06 total bytes 16000
Flow Roce_209_0 14532 finished at 1.7483e+06 total bytes 16000
.Flow Roce_117_0 16784 finished at 1.75025e+06 total bytes 16000
Flow Roce_882_0 14396 finished at 1.75116e+06 total bytes 16000
Flow Roce_885_0 14676 finished at 1.75312e+06 total bytes 16000
Flow Roce_317_0 14500 finished at 1.75359e+06 total bytes 16000
Flow Roce_827_0 14016 finished at 1.75425e+06 total bytes 16000
Flow Roce_437_0 17048 finished at 1.7556e+06 total bytes 16000
Flow Roce_887_0 15080 finished at 1.75563e+06 total bytes 16000
Flow Roce_941_0 14640 finished at 1.76461e+06 total bytes 16000
Flow Roce_434_0 14964 finished at 1.76908e+06 total bytes 16000
Flow Roce_208_0 13956 finished at 1.77021e+06 total bytes 16000
Flow Roce_683_0 13708 finished at 1.77275e+06 total bytes 16000
Flow Roce_940_0 16304 finished at 1.7774e+06 total bytes 16000
Flow Roce_433_0 17560 finished at 1.77953e+06 total bytes 16000
Flow Roce_106_0 16060 finished at 1.77972e+06 total bytes 16000
Flow Roce_312_0 14380 finished at 1.77996e+06 total bytes 16000
Flow Roce_690_0 16912 finished at 1.7837e+06 total bytes 16000
Flow Roce_109_0 15020 finished at 1.78379e+06 total bytes 16000
Flow Roce_943_0 16444 finished at 1.78407e+06 total bytes 16000
Flow Roce_318_0 16572 finished at 1.7984e+06 total bytes 16000
Flow Roce_314_0 16584 finished at 1.79892e+06 total bytes 16000
.Flow Roce_104_0 15840 finished at 1.8073e+06 total bytes 16000
Flow Roce_108_0 14052 finished at 1.80824e+06 total bytes 16000
Flow Roce_432_0 16764 finished at 1.80859e+06 total bytes 16000
Flow Roce_533_0 14008 finished at 1.81083e+06 total bytes 16000
Flow Roce_880_0 14848 finished at 1.81499e+06 total bytes 16000
Flow Roce_145_0 15736 finished at 1.81579e+06 total bytes 16000
Flow Roce_192_0 15860 finished at 1.8199e+06 total bytes 16000
Flow Roce_535_0 15708 finished at 1.82813e+06 total bytes 16000
Flow Roce_529_0 16656 finished at 1.83005e+06 total bytes 16000
Flow Roce_987_0 13864 finished at 1.83065e+06 total bytes 16000
Flow Roce_213_0 16020 finished at 1.83094e+06 total bytes 16000
Flow Roce_438_0 14464 finished at 1.83275e+06 total bytes 16000
Flow Roce_127_0 15596 finished at 1.83322e+06 total bytes 16000
Flow Roce_194_0 15192 finished at 1.83834e+06 total bytes 16000
Flow Roce_198_0 13668 finished at 1.84137e+06 total bytes 16000
Flow Roce_531_0 14540 finished at 1.84582e+06 total bytes 16000
Flow Roce_781_0 17660 finished at 1.84636e+06 total bytes 16000
.Flow Roce_242_0 14088 finished at 1.85244e+06 total bytes 16000
Flow Roce_886_0 14936 finished at 1.85994e+06 total bytes 16000
Flow Roce_918_0 17420 finished at 1.86037e+06 total bytes 16000
Flow Roce_823_0 14000 finished at 1.86271e+06 total bytes 16000
Flow Roce_914_0 17000 finished at 1.86334e+06 total bytes 16000
Flow Roce_112_0 16752 finished at 1.86681e+06 total bytes 16000
Flow Roce_530_0 15144 finished at 1.86774e+06 total bytes 16000
Flow Roce_166_0 16084 finished at 1.86789e+06 total bytes 16000
Flow Roce_818_0 15636 finished at 1.87066e+06 total bytes 16000
Flow Roce_161_0 16408 finished at 1.87359e+06 total bytes 16000
Flow Roce_884_0 16204 finished at 1.87383e+06 total bytes 16000
Flow Roce_991_0 13700 finished at 1.87791e+06 total bytes 16000
Flow Roce_764_0 14764 finished at 1.88054e+06 total bytes 16000
Flow Roce_763_0 16412 finished at 1.88139e+06 total bytes 16000
Flow Roce_164_0 16840 finished at 1.88234e+06 total bytes 16000
Flow Roce_777_0 13960 finished at 1.88275e+06 total bytes 16000
Flow Roce_761_0 17428 finished at 1.88581e+06 total bytes 16000
Flow Roce_197_0 15132 finished at 1.88611e+06 total bytes 16000
Flow Roce_167_0 15040 finished at 1.88937e+06 total bytes 16000
Flow Roce_119_0 16080 finished at 1.89562e+06 total bytes 16000
Flow Roce_779_0 15612 finished at 1.89612e+06 total bytes 16000
Flow Roce_783_0 17740 finished at 1.89642e+06 total bytes 16000
Flow Roce_767_0 16108 finished at 1.89926e+06 total bytes 16000
.Flow Roce_853_0 14240 finished at 1.90505e+06 total bytes 16000
Flow Roce_819_0 16184 finished at 1.9116e+06 total bytes 16000
Flow Roce_693_0 15336 finished at 1.91748e+06 total bytes 16000
Flow Roce_912_0 15748 finished at 1.91859e+06 total bytes 16000
Flow Roce_542_0 13948 finished at 1.92423e+06 total bytes 16000
Flow Roce_986_0 16016 finished at 1.92994e+06 total bytes 16000
Flow Roce_124_0 17432 finished at 1.93166e+06 total bytes 16000
Flow Roce_913_0 15884 finished at 1.93322e+06 total bytes 16000
Flow Roce_816_0 16116 finished at 1.9343e+06 total bytes 16000
Flow Roce_540_0 15116 finished at 1.93616e+06 total bytes 16000
Flow Roce_633_0 16052 finished at 1.93717e+06 total bytes 16000
Flow Roce_694_0 17508 finished at 1.93921e+06 total bytes 16000
Flow Roce_699_0 14592 finished at 1.94442e+06 total bytes 16000
Flow Roce_984_0 17484 finished at 1.94849e+06 total bytes 16000
Flow Roce_326_0 17608 finished at 1.94931e+06 total bytes 16000
Flow Roce_614_0 14140 finished at 1.94972e+06 total bytes 16000
.Flow Roce_852_0 13804 finished at 1.95302e+06 total bytes 16000
Flow Roce_985_0 16636 finished at 1.95354e+06 total bytes 16000
Flow Roce_325_0 15968 finished at 1.9541e+06 total bytes 16000
Flow Roce_919_0 14284 finished at 1.95422e+06 total bytes 16000
Flow Roce_602_0 17376 finished at 1.95532e+06 total bytes 16000
Flow Roce_701_0 14808 finished at 1.95645e+06 total bytes 16000
Flow Roce_243_0 13676 finished at 1.95735e+06 total bytes 16000
Flow Roce_624_0 17104 finished at 1.95764e+06 total bytes 16000
Flow Roce_883_0 15348 finished at 1.96157e+06 total bytes 16000
Flow Roce_241_0 16344 finished at 1.9634e+06 total bytes 16000
Flow Roce_635_0 16040 finished at 1.96565e+06 total bytes 16000
Flow Roce_82_0 15276 finished at 1.96608e+06 total bytes 16000
Flow Roce_697_0 16256 finished at 1.969e+06 total bytes 16000
Flow Roce_85_0 15236 finished at 1.97158e+06 total bytes 16000
Flow Roce_988_0 15264 finished at 1.97203e+06 total bytes 16000
Flow Roce_121_0 17728 finished at 1.97254e+06 total bytes 16000
Flow Roce_84_0 16172 finished at 1.97281e+06 total bytes 16000
Flow Roce_606_0 17624 finished at 1.97692e+06 total bytes 16000
Flow Roce_125_0 14940 finished at 1.97833e+06 total bytes 16000
Flow Roce_240_0 13856 finished at 1.98271e+06 total bytes 16000
Flow Roce_186_0 16932 finished at 1.98327e+06 total bytes 16000
Flow Roce_700_0 14528 finished at 1.9839e+06 total bytes 16000
Flow Roce_83_0 13908 finished at 1.98886e+06 total bytes 16000
Flow Roce_126_0 14136 finished at 1.98907e+06 total bytes 16000
Flow Roce_698_0 16244 finished at 1.99537e+06 total bytes 16000
Flow Roce_758_0 13764 finished at 1.99568e+06 total bytes 16000
Flow Roce_237_0 17512 finished at 1.99847e+06 total bytes 16000
.Flow Roce_851_0 15516 finished at 2.00061e+06 total bytes 16000
Flow Roce_848_0 16540 finished at 2.00172e+06 total bytes 16000
Flow Roce_881_0 17440 finished at 2.00208e+06 total bytes 16000
Flow Roce_439_0 14544 finished at 2.00405e+06 total bytes 16000
Flow Roce_756_0 17284 finished at 2.00708e+06 total bytes 16000
Flow Roce_235_0 17628 finished at 2.00754e+06 total bytes 16000
Flow Roce_855_0 14584 finished at 2.00931e+06 total bytes 16000
Flow Roce_324_0 14316 finished at 2.01149e+06 total bytes 16000
Flow Roce_850_0 17396 finished at 2.01156e+06 total bytes 16000
Flow Roce_655_0 14452 finished at 2.01228e+06 total bytes 16000
Flow Roce_696_0 15876 finished at 2.01317e+06 total bytes 16000
Flow Roce_854_0 15872 finished at 2.01679e+06 total bytes 16000
Flow Roce_757_0 15196 finished at 2.01727e+06 total bytes 16000
Flow Roce_244_0 13796 finished at 2.01958e+06 total bytes 16000
Flow Roce_677_0 13740 finished at 2.0196e+06 total bytes 16000
Flow Roce_754_0 15464 finished at 2.02072e+06 total bytes 16000
Flow Roce_160_0 15260 finished at 2.02199e+06 total bytes 16000
Flow Roce_604_0 17352 finished at 2.02722e+06 total bytes 16000
Flow Roce_849_0 15788 finished at 2.03009e+06 total bytes 16000
Flow Roce_752_0 15632 finished at 2.03054e+06 total bytes 16000
Flow Roce_239_0 17520 finished at 2.04112e+06 total bytes 16000
Flow Roce_836_0 15480 finished at 2.0413e+06 total bytes 16000
Flow Roce_321_0 15984 finished at 2.04384e+06 total bytes 16000
Flow Roce_232_0 14576 finished at 2.04397e+06 total bytes 16000
Flow Roce_538_0 15668 finished at 2.04633e+06 total bytes 16000
Flow Roce_322_0 15100 finished at 2.04676e+06 total bytes 16000
Flow Roce_652_0 14344 finished at 2.04781e+06 total bytes 16000
Flow Roce_813_0 13940 finished at 2.04991e+06 total bytes 16000
.Flow Roce_810_0 14340 finished at 2.05015e+06 total bytes 16000
Flow Roce_435_0 15188 finished at 2.0556e+06 total bytes 16000
Flow Roce_621_0 16732 finished at 2.05684e+06 total bytes 16000
Flow Roce_834_0 15448 finished at 2.05724e+06 total bytes 16000
Flow Roce_731_0 14212 finished at 2.06077e+06 total bytes 16000
Flow Roce_728_0 16192 finished at 2.06352e+06 total bytes 16000
Flow Roce_650_0 15656 finished at 2.0641e+06 total bytes 16000
Flow Roce_815_0 16248 finished at 2.0683e+06 total bytes 16000
Flow Roce_808_0 17700 finished at 2.07357e+06 total bytes 16000
Flow Roce_188_0 15932 finished at 2.0751e+06 total bytes 16000
Flow Roce_637_0 15580 finished at 2.08035e+06 total bytes 16000
Flow Roce_622_0 14784 finished at 2.08406e+06 total bytes 16000
Flow Roce_507_0 13816 finished at 2.0874e+06 total bytes 16000
Flow Roce_436_0 15548 finished at 2.09164e+06 total bytes 16000
Flow Roce_802_0 15620 finished at 2.09188e+06 total bytes 16000
Flow Roce_165_0 16696 finished at 2.09228e+06 total bytes 16000
Flow Roce_189_0 15280 finished at 2.09767e+06 total bytes 16000
Flow Roce_812_0 15904 finished at 2.09825e+06 total bytes 16000
Flow Roce_504_0 13696 finished at 2.09884e+06 total bytes 16000
Flow Roce_890_0 14144 finished at 2.09939e+06 total bytes 16000
.Flow Roce_620_0 13824 finished at 2.10071e+06 total bytes 16000
Flow Roce_162_0 15684 finished at 2.10169e+06 total bytes 16000
Flow Roce_806_0 16976 finished at 2.1018e+06 total bytes 16000
Flow Roce_801_0 15304 finished at 2.10201e+06 total bytes 16000
Flow Roce_835_0 15608 finished at 2.10712e+06 total bytes 16000
Flow Roce_748_0 16744 finished at 2.10739e+06 total bytes 16000
Flow Roce_832_0 14724 finished at 2.10752e+06 total bytes 16000
Flow Roce_649_0 13972 finished at 2.10822e+06 total bytes 16000
Flow Roce_750_0 13872 finished at 2.10958e+06 total bytes 16000
Flow Roce_926_0 16436 finished at 2.11626e+06 total bytes 16000
Flow Roce_800_0 14288 finished at 2.11631e+06 total bytes 16000
Flow Roce_839_0 16440 finished at 2.12152e+06 total bytes 16000
Flow Roce_837_0 16352 finished at 2.12435e+06 total bytes 16000
Flow Roce_172_0 16844 finished at 2.12599e+06 total bytes 16000
Flow Roce_605_0 16532 finished at 2.12708e+06 total bytes 16000
Flow Roce_751_0 17228 finished at 2.13023e+06 total bytes 16000
Flow Roce_658_0 17460 finished at 2.13119e+06 total bytes 16000
Flow Roce_888_0 14264 finished at 2.13263e+06 total bytes 16000
Flow Roce_682_0 16452 finished at 2.13285e+06 total bytes 16000
Flow Roce_893_0 13944 finished at 2.13373e+06 total bytes 16000
Flow Roce_600_0 15396 finished at 2.13439e+06 total bytes 16000
Flow Roce_772_0 15172 finished at 2.13478e+06 total bytes 16000
Flow Roce_184_0 15744 finished at 2.14124e+06 total bytes 16000
Flow Roce_788_0 13780 finished at 2.14302e+06 total bytes 16000
Flow Roce_163_0 16564 finished at 2.14309e+06 total bytes 16000
Flow Roce_895_0 14744 finished at 2.1491e+06 total bytes 16000
.Flow Roce_674_0 13904 finished at 2.15053e+06 total bytes 16000
Flow Roce_684_0 15864 finished at 2.1506e+06 total bytes 16000
Flow Roce_899_0 16136 finished at 2.15148e+06 total bytes 16000
Flow Roce_922_0 14480 finished at 2.15202e+06 total bytes 16000
Flow Roce_746_0 15576 finished at 2.15347e+06 total bytes 16000
Flow Roce_771_0 16036 finished at 2.15532e+06 total bytes 16000
Flow Roce_896_0 14296 finished at 2.15785e+06 total bytes 16000
Flow Roce_897_0 14216 finished at 2.1583e+06 total bytes 16000
Flow Roce_603_0 15412 finished at 2.16275e+06 total bytes 16000
Flow Roce_532_0 17064 finished at 2.16642e+06 total bytes 16000
Flow Roce_648_0 14096 finished at 2.17306e+06 total bytes 16000
Flow Roce_191_0 17452 finished at 2.17467e+06 total bytes 16000
Flow Roce_190_0 16860 finished at 2.17695e+06 total bytes 16000
Flow Roce_870_0 15220 finished at 2.17702e+06 total bytes 16000
Flow Roce_534_0 17248 finished at 2.1796e+06 total bytes 16000
Flow Roce_833_0 17008 finished at 2.1806e+06 total bytes 16000
Flow Roce_174_0 16324 finished at 2.18298e+06 total bytes 16000
Flow Roce_171_0 16320 finished at 2.18318e+06 total bytes 16000
Flow Roce_601_0 16092 finished at 2.18418e+06 total bytes 16000
Flow Roce_838_0 16112 finished at 2.18683e+06 total bytes 16000
Flow Roce_865_0 13984 finished at 2.18734e+06 total bytes 16000
Flow Roce_222_0 17564 finished at 2.1902e+06 total bytes 16000
Flow Roce_768_0 14364 finished at 2.19099e+06 total bytes 16000
Flow Roce_216_0 14872 finished at 2.19229e+06 total bytes 16000
Flow Roce_185_0 14580 finished at 2.19755e+06 total bytes 16000
Flow Roce_168_0 17252 finished at 2.19809e+06 total bytes 16000
Flow Roce_218_0 16592 finished at 2.19847e+06 total bytes 16000
Flow Roce_734_0 16568 finished at 2.19885e+06 total bytes 16000
|Flow Roce_352_0 16768 finished at 2.20365e+06 total bytes 16000
Flow Roce_68_0 14512 finished at 2.20584e+06 total bytes 16000
Flow Roce_712_0 16660 finished at 2.20714e+06 total bytes 16000
Flow Roce_773_0 16888 finished at 2.20881e+06 total bytes 16000
Flow Roce_462_0 16652 finished at 2.209e+06 total bytes 16000
Flow Roce_385_0 14944 finished at 2.2096e+06 total bytes 16000
Flow Roce_719_0 15700 finished at 2.21298e+06 total bytes 16000
Flow Roce_715_0 13672 finished at 2.21403e+06 total bytes 16000
Flow Roce_187_0 14200 finished at 2.21566e+06 total bytes 16000
Flow Roce_662_0 15176 finished at 2.21613e+06 total bytes 16000
Flow Roce_770_0 14852 finished at 2.21652e+06 total bytes 16000
Flow Roce_358_0 14148 finished at 2.21658e+06 total bytes 16000
Flow Roce_66_0 15972 finished at 2.22027e+06 total bytes 16000
Flow Roce_175_0 17180 finished at 2.22167e+06 total bytes 16000
Flow Roce_921_0 16152 finished at 2.22296e+06 total bytes 16000
Flow Roce_391_0 17572 finished at 2.22375e+06 total bytes 16000
Flow Roce_661_0 15808 finished at 2.22481e+06 total bytes 16000
Flow Roce_457_0 17644 finished at 2.22536e+06 total bytes 16000
Flow Roce_607_0 14232 finished at 2.22594e+06 total bytes 16000
Flow Roce_784_0 14116 finished at 2.22724e+06 total bytes 16000
Flow Roce_71_0 15468 finished at 2.22765e+06 total bytes 16000
Flow Roce_65_0 17736 finished at 2.22805e+06 total bytes 16000
Flow Roce_876_0 15880 finished at 2.23341e+06 total bytes 16000
Flow Roce_869_0 17204 finished at 2.23773e+06 total bytes 16000
Flow Roce_874_0 17348 finished at 2.24122e+06 total bytes 16000
Flow Roce_335_0 15316 finished at 2.24137e+06 total bytes 16000
Flow Roce_963_0 15640 finished at 2.2418e+06 total bytes 16000
Flow Roce_389_0 17704 finished at 2.24242e+06 total bytes 16000
Flow Roce_644_0 14736 finished at 2.24258e+06 total bytes 16000
Flow Roce_357_0 13980 finished at 2.24379e+06 total bytes 16000
Flow Roce_789_0 15704 finished at 2.2448e+06 total bytes 16000
Flow Roce_864_0 13828 finished at 2.24531e+06 total bytes 16000
Flow Roce_328_0 15996 finished at 2.2458e+06 total bytes 16000
Flow Roce_866_0 15544 finished at 2.24624e+06 total bytes 16000
Flow Roce_388_0 16500 finished at 2.24862e+06 total bytes 16000
Flow Roce_879_0 14168 finished at 2.24967e+06 total bytes 16000
.Flow Roce_892_0 14492 finished at 2.25335e+06 total bytes 16000
Flow Roce_386_0 14772 finished at 2.25342e+06 total bytes 16000
Flow Roce_686_0 15360 finished at 2.25539e+06 total bytes 16000
Flow Roce_871_0 17108 finished at 2.2566e+06 total bytes 16000
Flow Roce_716_0 14300 finished at 2.25711e+06 total bytes 16000
Flow Roce_878_0 16828 finished at 2.25745e+06 total bytes 16000
Flow Roce_717_0 14780 finished at 2.25778e+06 total bytes 16000
Flow Roce_88_0 15520 finished at 2.25908e+06 total bytes 16000
Flow Roce_69_0 14336 finished at 2.25937e+06 total bytes 16000
Flow Roce_81_0 15616 finished at 2.26126e+06 total bytes 16000
Flow Roce_330_0 16796 finished at 2.26154e+06 total bytes 16000
Flow Roce_95_0 15836 finished at 2.26206e+06 total bytes 16000
Flow Roce_970_0 15064 finished at 2.26279e+06 total bytes 16000
Flow Roce_333_0 15388 finished at 2.26341e+06 total bytes 16000
Flow Roce_353_0 17132 finished at 2.26381e+06 total bytes 16000
Flow Roce_787_0 15804 finished at 2.26501e+06 total bytes 16000
Flow Roce_329_0 16620 finished at 2.26649e+06 total bytes 16000
Flow Roce_544_0 15768 finished at 2.2673e+06 total bytes 16000
Flow Roce_894_0 14228 finished at 2.26731e+06 total bytes 16000
Flow Roce_891_0 15828 finished at 2.26831e+06 total bytes 16000
Flow Roce_889_0 15944 finished at 2.26991e+06 total bytes 16000
Flow Roce_93_0 15888 finished at 2.27153e+06 total bytes 16000
Flow Roce_875_0 16124 finished at 2.27306e+06 total bytes 16000
Flow Roce_92_0 15896 finished at 2.2731e+06 total bytes 16000
Flow Roce_458_0 14072 finished at 2.27336e+06 total bytes 16000
Flow Roce_550_0 15760 finished at 2.27414e+06 total bytes 16000
Flow Roce_643_0 16104 finished at 2.27448e+06 total bytes 16000
Flow Roce_89_0 17276 finished at 2.27628e+06 total bytes 16000
Flow Roce_91_0 15404 finished at 2.28091e+06 total bytes 16000
Flow Roce_28_0 16008 finished at 2.28136e+06 total bytes 16000
Flow Roce_90_0 14516 finished at 2.28139e+06 total bytes 16000
Flow Roce_873_0 17024 finished at 2.2823e+06 total bytes 16000
Flow Roce_872_0 15688 finished at 2.2832e+06 total bytes 16000
Flow Roce_80_0 15184 finished at 2.28432e+06 total bytes 16000
Flow Roce_356_0 16492 finished at 2.28564e+06 total bytes 16000
Flow Roce_354_0 17516 finished at 2.28764e+06 total bytes 16000
Flow Roce_332_0 14820 finished at 2.29086e+06 total bytes 16000
Flow Roce_48_0 13768 finished at 2.2941e+06 total bytes 16000
Flow Roce_775_0 16088 finished at 2.29496e+06 total bytes 16000
Flow Roce_359_0 13920 finished at 2.29509e+06 total bytes 16000
Flow Roce_769_0 14036 finished at 2.29518e+06 total bytes 16000
Flow Roce_774_0 16884 finished at 2.29543e+06 total bytes 16000
Flow Roce_786_0 17656 finished at 2.2964e+06 total bytes 16000
Flow Roce_790_0 17160 finished at 2.29729e+06 total bytes 16000
.Flow Roce_54_0 14356 finished at 2.30045e+06 total bytes 16000
Flow Roce_461_0 17716 finished at 2.3006e+06 total bytes 16000
Flow Roce_376_0 17308 finished at 2.30142e+06 total bytes 16000
Flow Roce_390_0 16224 finished at 2.30344e+06 total bytes 16000
Flow Roce_219_0 16380 finished at 2.30368e+06 total bytes 16000
Flow Roce_331_0 15500 finished at 2.30428e+06 total bytes 16000
Flow Roce_975_0 15624 finished at 2.30508e+06 total bytes 16000
Flow Roce_217_0 14548 finished at 2.30542e+06 total bytes 16000
Flow Roce_456_0 13852 finished at 2.3107e+06 total bytes 16000
Flow Roce_25_0 16780 finished at 2.31295e+06 total bytes 16000
Flow Roce_585_0 16188 finished at 2.31306e+06 total bytes 16000
Flow Roce_86_0 16904 finished at 2.3154e+06 total bytes 16000
Flow Roce_87_0 16332 finished at 2.31622e+06 total bytes 16000
Flow Roce_778_0 15672 finished at 2.31669e+06 total bytes 16000
Flow Roce_647_0 16612 finished at 2.31766e+06 total bytes 16000
Flow Roce_735_0 14996 finished at 2.31787e+06 total bytes 16000
Flow Roce_50_0 13952 finished at 2.32064e+06 total bytes 16000
Flow Roce_459_0 15892 finished at 2.32086e+06 total bytes 16000
Flow Roce_641_0 15812 finished at 2.32335e+06 total bytes 16000
Flow Roce_591_0 14728 finished at 2.32384e+06 total bytes 16000
Flow Roce_460_0 14460 finished at 2.32438e+06 total bytes 16000
Flow Roce_587_0 13760 finished at 2.32559e+06 total bytes 16000
Flow Roce_29_0 16956 finished at 2.32655e+06 total bytes 16000
Flow Roce_51_0 14104 finished at 2.32667e+06 total bytes 16000
Flow Roce_31_0 17224 finished at 2.32738e+06 total bytes 16000
Flow Roce_334_0 16428 finished at 2.3353e+06 total bytes 16000
Flow Roce_70_0 14816 finished at 2.33701e+06 total bytes 16000
Flow Roce_387_0 14468 finished at 2.33906e+06 total bytes 16000
Flow Roce_640_0 16864 finished at 2.33957e+06 total bytes 16000
Flow Roce_182_0 16944 finished at 2.34009e+06 total bytes 16000
Flow Roce_378_0 15224 finished at 2.34049e+06 total bytes 16000
Flow Roce_26_0 14444 finished at 2.34137e+06 total bytes 16000
Flow Roce_645_0 17448 finished at 2.34214e+06 total bytes 16000
Flow Roce_588_0 16480 finished at 2.34396e+06 total bytes 16000
Flow Roce_842_0 16524 finished at 2.34662e+06 total bytes 16000
Flow Roce_55_0 13900 finished at 2.34931e+06 total bytes 16000
.Flow Roce_525_0 17076 finished at 2.35089e+06 total bytes 16000
Flow Roce_965_0 14636 finished at 2.35158e+06 total bytes 16000
Flow Roce_15_0 16892 finished at 2.35184e+06 total bytes 16000
Flow Roce_1000_0 15460 finished at 2.35284e+06 total bytes 16000
Flow Roce_528_0 14904 finished at 2.35372e+06 total bytes 16000
Flow Roce_24_0 14384 finished at 2.35513e+06 total bytes 16000
Flow Roce_841_0 17084 finished at 2.35523e+06 total bytes 16000
Flow Roce_526_0 14656 finished at 2.36033e+06 total bytes 16000
Flow Roce_847_0 16484 finished at 2.36079e+06 total bytes 16000
Flow Roce_1003_0 14560 finished at 2.3616e+06 total bytes 16000
Flow Roce_817_0 17328 finished at 2.36283e+06 total bytes 16000
Flow Roce_468_0 14588 finished at 2.36587e+06 total bytes 16000
Flow Roce_1004_0 15572 finished at 2.37187e+06 total bytes 16000
Flow Roce_9_0 16544 finished at 2.37379e+06 total bytes 16000
Flow Roce_780_0 17720 finished at 2.3746e+06 total bytes 16000
Flow Roce_846_0 16676 finished at 2.37564e+06 total bytes 16000
Flow Roce_42_0 16336 finished at 2.37631e+06 total bytes 16000
Flow Roce_782_0 14256 finished at 2.37854e+06 total bytes 16000
Flow Roce_557_0 15308 finished at 2.379e+06 total bytes 16000
Flow Roce_642_0 14348 finished at 2.37957e+06 total bytes 16000
Flow Roce_863_0 16872 finished at 2.38028e+06 total bytes 16000
Flow Roce_11_0 16004 finished at 2.38045e+06 total bytes 16000
Flow Roce_776_0 15380 finished at 2.38086e+06 total bytes 16000
Flow Roce_646_0 16664 finished at 2.38163e+06 total bytes 16000
Flow Roce_744_0 17556 finished at 2.3818e+06 total bytes 16000
Flow Roce_382_0 14980 finished at 2.38295e+06 total bytes 16000
Flow Roce_46_0 15420 finished at 2.3856e+06 total bytes 16000
Flow Roce_381_0 14424 finished at 2.3861e+06 total bytes 16000
Flow Roce_53_0 13716 finished at 2.38661e+06 total bytes 16000
Flow Roce_249_0 17336 finished at 2.38701e+06 total bytes 16000
Flow Roce_8_0 14236 finished at 2.38727e+06 total bytes 16000
Flow Roce_380_0 17236 finished at 2.38761e+06 total bytes 16000
Flow Roce_799_0 14048 finished at 2.38995e+06 total bytes 16000
Flow Roce_586_0 14064 finished at 2.39042e+06 total bytes 16000
Flow Roce_820_0 15476 finished at 2.39155e+06 total bytes 16000
Flow Roce_590_0 16624 finished at 2.39175e+06 total bytes 16000
Flow Roce_45_0 17216 finished at 2.39307e+06 total bytes 16000
Flow Roce_183_0 14880 finished at 2.39541e+06 total bytes 16000
Flow Roce_861_0 17244 finished at 2.39549e+06 total bytes 16000
Flow Roce_822_0 17744 finished at 2.39633e+06 total bytes 16000
Flow Roce_821_0 13808 finished at 2.39765e+06 total bytes 16000
Flow Roce_44_0 15212 finished at 2.39856e+06 total bytes 16000
Flow Roce_225_0 17504 finished at 2.39924e+06 total bytes 16000
.Flow Roce_22_0 16724 finished at 2.40044e+06 total bytes 16000
Flow Roce_178_0 17312 finished at 2.40123e+06 total bytes 16000
Flow Roce_971_0 16832 finished at 2.40189e+06 total bytes 16000
Flow Roce_180_0 14760 finished at 2.40238e+06 total bytes 16000
Flow Roce_21_0 15824 finished at 2.40278e+06 total bytes 16000
Flow Roce_38_0 14196 finished at 2.40425e+06 total bytes 16000
Flow Roce_110_0 15724 finished at 2.40448e+06 total bytes 16000
Flow Roce_79_0 16576 finished at 2.40595e+06 total bytes 16000
Flow Roce_972_0 14108 finished at 2.4088e+06 total bytes 16000
Flow Roce_794_0 14604 finished at 2.40962e+06 total bytes 16000
Flow Roce_859_0 16076 finished at 2.40995e+06 total bytes 16000
Flow Roce_361_0 14160 finished at 2.41083e+06 total bytes 16000
Flow Roce_856_0 17676 finished at 2.4115e+06 total bytes 16000
Flow Roce_979_0 17532 finished at 2.41232e+06 total bytes 16000
Flow Roce_12_0 14456 finished at 2.41235e+06 total bytes 16000
Flow Roce_220_0 13784 finished at 2.41293e+06 total bytes 16000
Flow Roce_546_0 16348 finished at 2.41324e+06 total bytes 16000
Flow Roce_60_0 14280 finished at 2.41437e+06 total bytes 16000
Flow Roce_745_0 14596 finished at 2.41454e+06 total bytes 16000
Flow Roce_996_0 14496 finished at 2.41481e+06 total bytes 16000
Flow Roce_599_0 16936 finished at 2.41489e+06 total bytes 16000
Flow Roce_1021_0 14076 finished at 2.41569e+06 total bytes 16000
Flow Roce_14_0 14112 finished at 2.41711e+06 total bytes 16000
Flow Roce_1020_0 17632 finished at 2.41767e+06 total bytes 16000
Flow Roce_932_0 14536 finished at 2.4177e+06 total bytes 16000
Flow Roce_39_0 16536 finished at 2.41839e+06 total bytes 16000
Flow Roce_998_0 16044 finished at 2.4188e+06 total bytes 16000
Flow Roce_596_0 15948 finished at 2.4194e+06 total bytes 16000
Flow Roce_64_0 15208 finished at 2.42105e+06 total bytes 16000
Flow Roce_201_0 14556 finished at 2.42107e+06 total bytes 16000
Flow Roce_659_0 15508 finished at 2.42145e+06 total bytes 16000
Flow Roce_860_0 16128 finished at 2.42164e+06 total bytes 16000
Flow Roce_231_0 16720 finished at 2.42232e+06 total bytes 16000
Flow Roce_797_0 17060 finished at 2.42295e+06 total bytes 16000
Flow Roce_67_0 16340 finished at 2.42317e+06 total bytes 16000
Flow Roce_57_0 14248 finished at 2.42363e+06 total bytes 16000
Flow Roce_20_0 14328 finished at 2.42372e+06 total bytes 16000
Flow Roce_10_0 17584 finished at 2.42389e+06 total bytes 16000
Flow Roce_495_0 14860 finished at 2.42445e+06 total bytes 16000
Flow Roce_377_0 16288 finished at 2.42591e+06 total bytes 16000
Flow Roce_491_0 15248 finished at 2.42714e+06 total bytes 16000
Flow Roce_23_0 17600 finished at 2.42733e+06 total bytes 16000
Flow Roce_367_0 14856 finished at 2.42778e+06 total bytes 16000
Flow Roce_146_0 14924 finished at 2.42785e+06 total bytes 16000
Flow Roce_223_0 16528 finished at 2.42842e+06 total bytes 16000
Flow Roce_862_0 16616 finished at 2.42938e+06 total bytes 16000
Flow Roce_465_0 15660 finished at 2.42943e+06 total bytes 16000
Flow Roce_973_0 15524 finished at 2.42989e+06 total bytes 16000
Flow Roce_559_0 14552 finished at 2.43028e+06 total bytes 16000
Flow Roce_17_0 15692 finished at 2.43037e+06 total bytes 16000
Flow Roce_660_0 14472 finished at 2.43053e+06 total bytes 16000
Flow Roce_32_0 17604 finished at 2.43078e+06 total bytes 16000
Flow Roce_1002_0 16448 finished at 2.4308e+06 total bytes 16000
Flow Roce_265_0 16756 finished at 2.43135e+06 total bytes 16000
Flow Roce_248_0 16068 finished at 2.43151e+06 total bytes 16000
Flow Roce_40_0 14572 finished at 2.43164e+06 total bytes 16000
Flow Roce_58_0 17044 finished at 2.43172e+06 total bytes 16000
Flow Roce_594_0 16252 finished at 2.43245e+06 total bytes 16000
Flow Roce_323_0 16028 finished at 2.43255e+06 total bytes 16000
Flow Roce_62_0 15016 finished at 2.43339e+06 total bytes 16000
Flow Roce_19_0 16716 finished at 2.43346e+06 total bytes 16000
Flow Roce_521_0 17264 finished at 2.43349e+06 total bytes 16000
Flow Roce_227_0 14768 finished at 2.43405e+06 total bytes 16000
Flow Roce_327_0 15140 finished at 2.43474e+06 total bytes 16000
Flow Roce_250_0 15820 finished at 2.43497e+06 total bytes 16000
Flow Roce_1018_0 15976 finished at 2.43505e+06 total bytes 16000
Flow Roce_968_0 17620 finished at 2.43506e+06 total bytes 16000
Flow Roce_350_0 16212 finished at 2.43521e+06 total bytes 16000
Flow Roce_595_0 14448 finished at 2.43551e+06 total bytes 16000
Flow Roce_13_0 17164 finished at 2.43623e+06 total bytes 16000
Flow Roce_798_0 17256 finished at 2.43713e+06 total bytes 16000
Flow Roce_337_0 14648 finished at 2.43748e+06 total bytes 16000
Flow Roce_35_0 13832 finished at 2.43867e+06 total bytes 16000
Flow Roce_16_0 14948 finished at 2.43901e+06 total bytes 16000
Flow Roce_41_0 16236 finished at 2.4396e+06 total bytes 16000
Flow Roce_107_0 16456 finished at 2.43987e+06 total bytes 16000
Flow Roce_18_0 16900 finished at 2.44041e+06 total bytes 16000
Flow Roce_933_0 14952 finished at 2.44047e+06 total bytes 16000
Flow Roce_105_0 17616 finished at 2.44123e+06 total bytes 16000
Flow Roce_346_0 13928 finished at 2.44135e+06 total bytes 16000
Flow Roce_999_0 14308 finished at 2.44203e+06 total bytes 16000
Flow Roce_230_0 16180 finished at 2.44326e+06 total bytes 16000
Flow Roce_673_0 16824 finished at 2.44413e+06 total bytes 16000
Flow Roce_111_0 17260 finished at 2.44424e+06 total bytes 16000
Flow Roce_747_0 17100 finished at 2.44449e+06 total bytes 16000
Flow Roce_974_0 17404 finished at 2.44494e+06 total bytes 16000
Flow Roce_463_0 15676 finished at 2.44498e+06 total bytes 16000
Flow Roce_43_0 15868 finished at 2.44509e+06 total bytes 16000
Flow Roce_676_0 17112 finished at 2.44567e+06 total bytes 16000
Flow Roce_151_0 16220 finished at 2.44609e+06 total bytes 16000
Flow Roce_679_0 16312 finished at 2.44678e+06 total bytes 16000
Flow Roce_494_0 13712 finished at 2.44712e+06 total bytes 16000
Flow Roce_63_0 14868 finished at 2.4472e+06 total bytes 16000
Flow Roce_77_0 15800 finished at 2.44837e+06 total bytes 16000
Flow Roce_75_0 16228 finished at 2.44892e+06 total bytes 16000
Flow Roce_363_0 13892 finished at 2.44991e+06 total bytes 16000
.Flow Roce_796_0 15084 finished at 2.45015e+06 total bytes 16000
Flow Roce_493_0 17040 finished at 2.45057e+06 total bytes 16000
Flow Roce_1016_0 13996 finished at 2.45064e+06 total bytes 16000
Flow Roce_59_0 13884 finished at 2.45138e+06 total bytes 16000
Flow Roce_320_0 16776 finished at 2.45152e+06 total bytes 16000
Flow Roce_47_0 16132 finished at 2.45169e+06 total bytes 16000
Flow Roce_56_0 14844 finished at 2.45202e+06 total bytes 16000
Flow Roce_976_0 14704 finished at 2.45206e+06 total bytes 16000
Flow Roce_299_0 16272 finished at 2.45307e+06 total bytes 16000
Flow Roce_366_0 17004 finished at 2.45329e+06 total bytes 16000
Flow Roce_338_0 15076 finished at 2.45347e+06 total bytes 16000
Flow Roce_554_0 16984 finished at 2.45357e+06 total bytes 16000
Flow Roce_148_0 14244 finished at 2.45374e+06 total bytes 16000
Flow Roce_36_0 17344 finished at 2.45415e+06 total bytes 16000
Flow Roce_78_0 14488 finished at 2.45416e+06 total bytes 16000
Flow Roce_196_0 15056 finished at 2.45541e+06 total bytes 16000
Flow Roce_229_0 16648 finished at 2.45565e+06 total bytes 16000
Flow Roce_150_0 16708 finished at 2.45591e+06 total bytes 16000
Flow Roce_469_0 16144 finished at 2.45628e+06 total bytes 16000
Flow Roce_319_0 15028 finished at 2.45638e+06 total bytes 16000
Flow Roce_656_0 13756 finished at 2.45713e+06 total bytes 16000
Flow Roce_490_0 15052 finished at 2.45751e+06 total bytes 16000
Flow Roce_247_0 13860 finished at 2.45798e+06 total bytes 16000
Flow Roce_348_0 16388 finished at 2.458e+06 total bytes 16000
Flow Roce_61_0 16604 finished at 2.45867e+06 total bytes 16000
Flow Roce_471_0 17496 finished at 2.45877e+06 total bytes 16000
Flow Roce_467_0 15964 finished at 2.4597e+06 total bytes 16000
Flow Roce_489_0 16032 finished at 2.46052e+06 total bytes 16000
Flow Roce_144_0 14272 finished at 2.46085e+06 total bytes 16000
Flow Roce_195_0 17388 finished at 2.46099e+06 total bytes 16000
Flow Roce_930_0 15852 finished at 2.46207e+06 total bytes 16000
Flow Roce_527_0 17136 finished at 2.46214e+06 total bytes 16000
Flow Roce_931_0 13868 finished at 2.46224e+06 total bytes 16000
Flow Roce_33_0 15584 finished at 2.46382e+06 total bytes 16000
Flow Roce_824_0 16300 finished at 2.46434e+06 total bytes 16000
Flow Roce_1007_0 14152 finished at 2.46471e+06 total bytes 16000
Flow Roce_678_0 14700 finished at 2.46492e+06 total bytes 16000
Flow Roce_76_0 14920 finished at 2.46499e+06 total bytes 16000
Flow Roce_830_0 15540 finished at 2.46532e+06 total bytes 16000
Flow Roce_393_0 17092 finished at 2.46649e+06 total bytes 16000
Flow Roce_555_0 17588 finished at 2.46854e+06 total bytes 16000
Flow Roce_245_0 14092 finished at 2.47088e+06 total bytes 16000
Flow Roce_27_0 17596 finished at 2.47233e+06 total bytes 16000
Flow Roce_1017_0 16920 finished at 2.47293e+06 total bytes 16000
Flow Roce_37_0 16704 finished at 2.47309e+06 total bytes 16000
Flow Roce_969_0 14020 finished at 2.47505e+06 total bytes 16000
Flow Roce_657_0 15288 finished at 2.47567e+06 total bytes 16000
Flow Roce_395_0 13916 finished at 2.47584e+06 total bytes 16000
Flow Roce_34_0 16916 finished at 2.47595e+06 total bytes 16000
Flow Roce_440_0 16384 finished at 2.47607e+06 total bytes 16000
Flow Roce_52_0 15096 finished at 2.47623e+06 total bytes 16000
Flow Roce_193_0 16760 finished at 2.47682e+06 total bytes 16000
Flow Roce_663_0 17184 finished at 2.47746e+06 total bytes 16000
Flow Roce_399_0 15588 finished at 2.47801e+06 total bytes 16000
Flow Roce_593_0 17192 finished at 2.47832e+06 total bytes 16000
Flow Roce_749_0 15560 finished at 2.47841e+06 total bytes 16000
Flow Roce_202_0 15148 finished at 2.4798e+06 total bytes 16000
Flow Roce_442_0 15604 finished at 2.48165e+06 total bytes 16000
Flow Roce_147_0 14024 finished at 2.48209e+06 total bytes 16000
Flow Roce_396_0 16772 finished at 2.48224e+06 total bytes 16000
Flow Roce_517_0 17020 finished at 2.48498e+06 total bytes 16000
Flow Roce_446_0 16056 finished at 2.48542e+06 total bytes 16000
Flow Roce_292_0 15168 finished at 2.4861e+06 total bytes 16000
Flow Roce_155_0 14524 finished at 2.48663e+06 total bytes 16000
Flow Roce_49_0 16588 finished at 2.48689e+06 total bytes 16000
Flow Roce_983_0 15160 finished at 2.48867e+06 total bytes 16000
Flow Roce_792_0 14376 finished at 2.48869e+06 total bytes 16000
Flow Roce_364_0 13800 finished at 2.48874e+06 total bytes 16000
Flow Roce_149_0 14664 finished at 2.4894e+06 total bytes 16000
Flow Roce_30_0 17684 finished at 2.48971e+06 total bytes 16000
Flow Roce_344_0 14600 finished at 2.48989e+06 total bytes 16000
Flow Roce_349_0 16280 finished at 2.4909e+06 total bytes 16000
Flow Roce_447_0 13880 finished at 2.49128e+06 total bytes 16000
Flow Roce_207_0 13992 finished at 2.49139e+06 total bytes 16000
Flow Roce_825_0 14156 finished at 2.49453e+06 total bytes 16000
Flow Roce_514_0 15764 finished at 2.49745e+06 total bytes 16000
Flow Roce_826_0 13836 finished at 2.49821e+06 total bytes 16000
Flow Roce_398_0 13988 finished at 2.49975e+06 total bytes 16000
.Flow Roce_269_0 15112 finished at 2.50013e+06 total bytes 16000
Flow Roce_254_0 15356 finished at 2.50156e+06 total bytes 16000
Flow Roce_157_0 14756 finished at 2.50165e+06 total bytes 16000
Flow Roce_598_0 14120 finished at 2.50262e+06 total bytes 16000
Flow Roce_443_0 16728 finished at 2.50344e+06 total bytes 16000
Flow Roce_113_0 16868 finished at 2.50376e+06 total bytes 16000
Flow Roce_474_0 15180 finished at 2.50469e+06 total bytes 16000
Flow Roce_518_0 17360 finished at 2.50567e+06 total bytes 16000
Flow Roce_492_0 17340 finished at 2.50602e+06 total bytes 16000
Flow Roce_315_0 15920 finished at 2.50762e+06 total bytes 16000
Flow Roce_962_0 17580 finished at 2.50859e+06 total bytes 16000
Flow Roce_273_0 17640 finished at 2.50868e+06 total bytes 16000
Flow Roce_278_0 15556 finished at 2.50869e+06 total bytes 16000
Flow Roce_255_0 14040 finished at 2.50996e+06 total bytes 16000
Flow Roce_592_0 17128 finished at 2.51007e+06 total bytes 16000
Flow Roce_573_0 15392 finished at 2.5109e+06 total bytes 16000
Flow Roce_341_0 17424 finished at 2.51097e+06 total bytes 16000
Flow Roce_116_0 15368 finished at 2.5124e+06 total bytes 16000
Flow Roce_221_0 15952 finished at 2.51273e+06 total bytes 16000
Flow Roce_226_0 16668 finished at 2.51317e+06 total bytes 16000
Flow Roce_488_0 13932 finished at 2.51383e+06 total bytes 16000
Flow Roce_251_0 15832 finished at 2.51417e+06 total bytes 16000
Flow Roce_214_0 15496 finished at 2.51421e+06 total bytes 16000
Flow Roce_497_0 17012 finished at 2.51432e+06 total bytes 16000
Flow Roce_476_0 15012 finished at 2.51492e+06 total bytes 16000
Flow Roce_212_0 15712 finished at 2.51497e+06 total bytes 16000
Flow Roce_997_0 14972 finished at 2.51506e+06 total bytes 16000
Flow Roce_519_0 16684 finished at 2.51525e+06 total bytes 16000
Flow Roce_574_0 14172 finished at 2.51567e+06 total bytes 16000
Flow Roce_503_0 15452 finished at 2.51639e+06 total bytes 16000
Flow Roce_205_0 17156 finished at 2.51719e+06 total bytes 16000
Flow Roce_215_0 17696 finished at 2.51752e+06 total bytes 16000
Flow Roce_246_0 16096 finished at 2.51787e+06 total bytes 16000
Flow Roce_199_0 16464 finished at 2.5194e+06 total bytes 16000
Flow Roce_829_0 17072 finished at 2.51962e+06 total bytes 16000
Flow Roce_831_0 16316 finished at 2.52068e+06 total bytes 16000
Flow Roce_572_0 15568 finished at 2.52185e+06 total bytes 16000
Flow Roce_224_0 14796 finished at 2.52198e+06 total bytes 16000
Flow Roce_394_0 14612 finished at 2.52296e+06 total bytes 16000
Flow Roce_290_0 14672 finished at 2.52361e+06 total bytes 16000
Flow Roce_274_0 16168 finished at 2.52472e+06 total bytes 16000
Flow Roce_441_0 14928 finished at 2.52494e+06 total bytes 16000
Flow Roce_200_0 14564 finished at 2.52507e+06 total bytes 16000
Flow Roce_516_0 15324 finished at 2.52508e+06 total bytes 16000
Flow Roce_253_0 15912 finished at 2.52545e+06 total bytes 16000
Flow Roce_828_0 13848 finished at 2.52767e+06 total bytes 16000
Flow Roce_506_0 15780 finished at 2.52773e+06 total bytes 16000
Flow Roce_510_0 14884 finished at 2.52776e+06 total bytes 16000
Flow Roce_114_0 14412 finished at 2.52943e+06 total bytes 16000
Flow Roce_964_0 14428 finished at 2.5321e+06 total bytes 16000
Flow Roce_336_0 16400 finished at 2.53241e+06 total bytes 16000
Flow Roce_284_0 16140 finished at 2.53419e+06 total bytes 16000
Flow Roce_509_0 16792 finished at 2.53431e+06 total bytes 16000
Flow Roce_498_0 14644 finished at 2.53461e+06 total bytes 16000
Flow Roce_478_0 14892 finished at 2.53481e+06 total bytes 16000
Flow Roce_570_0 17468 finished at 2.53575e+06 total bytes 16000
Flow Roce_210_0 15000 finished at 2.53643e+06 total bytes 16000
Flow Roce_501_0 16260 finished at 2.53701e+06 total bytes 16000
Flow Roce_373_0 15320 finished at 2.53809e+06 total bytes 16000
Flow Roce_508_0 17724 finished at 2.53959e+06 total bytes 16000
Flow Roce_672_0 14836 finished at 2.54395e+06 total bytes 16000
Flow Roce_286_0 14408 finished at 2.54468e+06 total bytes 16000
Flow Roce_961_0 15376 finished at 2.54891e+06 total bytes 16000
.Flow Roce_541_0 17548 finished at 2.55011e+06 total bytes 16000
Flow Roce_351_0 14392 finished at 2.55166e+06 total bytes 16000
Flow Roce_371_0 14032 finished at 2.55179e+06 total bytes 16000
Flow Roce_499_0 14748 finished at 2.55233e+06 total bytes 16000
Flow Roce_496_0 13736 finished at 2.55302e+06 total bytes 16000
Flow Roce_3_0 17652 finished at 2.55377e+06 total bytes 16000
Flow Roce_511_0 13924 finished at 2.55455e+06 total bytes 16000
Flow Roce_277_0 14608 finished at 2.55497e+06 total bytes 16000
Flow Roce_512_0 17368 finished at 2.55509e+06 total bytes 16000
Flow Roce_2_0 16992 finished at 2.55509e+06 total bytes 16000
Flow Roce_7_0 14828 finished at 2.55527e+06 total bytes 16000
Flow Roce_960_0 15552 finished at 2.55562e+06 total bytes 16000
Flow Roce_5_0 14056 finished at 2.55584e+06 total bytes 16000
Flow Roce_6_0 17096 finished at 2.55611e+06 total bytes 16000
Flow Roce_957_0 15472 finished at 2.55622e+06 total bytes 16000
Flow Roce_4_0 15408 finished at 2.55639e+06 total bytes 16000
Flow Roce_675_0 15696 finished at 2.55666e+06 total bytes 16000
Flow Roce_340_0 16968 finished at 2.55682e+06 total bytes 16000
Flow Roce_307_0 14204 finished at 2.55722e+06 total bytes 16000
Flow Roce_956_0 15628 finished at 2.55764e+06 total bytes 16000
Flow Roce_479_0 14128 finished at 2.55815e+06 total bytes 16000
Flow Roce_992_0 14220 finished at 2.55891e+06 total bytes 16000
Flow Roce_282_0 15564 finished at 2.55923e+06 total bytes 16000
Flow Roce_1_0 14776 finished at 2.56037e+06 total bytes 16000
Flow Roce_955_0 15796 finished at 2.56108e+06 total bytes 16000
Flow Roce_966_0 14268 finished at 2.56146e+06 total bytes 16000
Flow Roce_228_0 17544 finished at 2.56249e+06 total bytes 16000
Flow Roce_118_0 16208 finished at 2.56348e+06 total bytes 16000
Flow Roce_967_0 14708 finished at 2.56422e+06 total bytes 16000
Flow Roce_310_0 14800 finished at 2.56479e+06 total bytes 16000
Flow Roce_898_0 16360 finished at 2.56594e+06 total bytes 16000
Flow Roce_515_0 17172 finished at 2.56616e+06 total bytes 16000
Flow Roce_96_0 13820 finished at 2.56944e+06 total bytes 16000
Flow Roce_252_0 15848 finished at 2.57058e+06 total bytes 16000
Flow Roce_571_0 14684 finished at 2.5713e+06 total bytes 16000
Flow Roce_99_0 16372 finished at 2.57317e+06 total bytes 16000
Flow Roce_103_0 17456 finished at 2.57338e+06 total bytes 16000
Flow Roce_1015_0 17528 finished at 2.57431e+06 total bytes 16000
Flow Roce_422_0 15072 finished at 2.57521e+06 total bytes 16000
Flow Roce_420_0 13728 finished at 2.57619e+06 total bytes 16000
Flow Roce_995_0 16692 finished at 2.57621e+06 total bytes 16000
Flow Roce_902_0 14788 finished at 2.57641e+06 total bytes 16000
Flow Roce_211_0 17052 finished at 2.57689e+06 total bytes 16000
Flow Roce_958_0 17120 finished at 2.57775e+06 total bytes 16000
Flow Roce_545_0 14960 finished at 2.5779e+06 total bytes 16000
Flow Roce_625_0 14132 finished at 2.57816e+06 total bytes 16000
Flow Roce_994_0 16376 finished at 2.57843e+06 total bytes 16000
Flow Roce_982_0 15092 finished at 2.57846e+06 total bytes 16000
Flow Roce_370_0 15908 finished at 2.57884e+06 total bytes 16000
Flow Roce_629_0 14628 finished at 2.57923e+06 total bytes 16000
Flow Roce_513_0 17408 finished at 2.57957e+06 total bytes 16000
Flow Roce_416_0 14976 finished at 2.57965e+06 total bytes 16000
Flow Roce_500_0 17688 finished at 2.58028e+06 total bytes 16000
Flow Roce_547_0 15204 finished at 2.58029e+06 total bytes 16000
Flow Roce_374_0 17036 finished at 2.5812e+06 total bytes 16000
Flow Roce_505_0 16460 finished at 2.58158e+06 total bytes 16000
Flow Roce_502_0 17232 finished at 2.58209e+06 total bytes 16000
Flow Roce_368_0 15784 finished at 2.58236e+06 total bytes 16000
Flow Roce_537_0 16644 finished at 2.58243e+06 total bytes 16000
Flow Roce_959_0 16276 finished at 2.58254e+06 total bytes 16000
Flow Roce_115_0 15960 finished at 2.58325e+06 total bytes 16000
Flow Roce_472_0 16520 finished at 2.58351e+06 total bytes 16000
Flow Roce_993_0 17416 finished at 2.58367e+06 total bytes 16000
Flow Roce_369_0 15164 finished at 2.58419e+06 total bytes 16000
Flow Roce_543_0 14320 finished at 2.58444e+06 total bytes 16000
Flow Roce_158_0 15772 finished at 2.58506e+06 total bytes 16000
Flow Roce_901_0 13896 finished at 2.58544e+06 total bytes 16000
Flow Roce_473_0 14916 finished at 2.58581e+06 total bytes 16000
Flow Roce_419_0 15044 finished at 2.5874e+06 total bytes 16000
Flow Roce_548_0 16356 finished at 2.5881e+06 total bytes 16000
Flow Roce_977_0 15292 finished at 2.59055e+06 total bytes 16000
Flow Roce_425_0 17320 finished at 2.59073e+06 total bytes 16000
Flow Roce_536_0 14692 finished at 2.59094e+06 total bytes 16000
Flow Roce_154_0 15740 finished at 2.59212e+06 total bytes 16000
Flow Roce_372_0 14260 finished at 2.59227e+06 total bytes 16000
Flow Roce_910_0 17148 finished at 2.59227e+06 total bytes 16000
Flow Roce_900_0 13968 finished at 2.59288e+06 total bytes 16000
Flow Roce_417_0 16232 finished at 2.5938e+06 total bytes 16000
Flow Roce_616_0 16000 finished at 2.59389e+06 total bytes 16000
Flow Roce_430_0 15036 finished at 2.5945e+06 total bytes 16000
Flow Roce_954_0 16560 finished at 2.59485e+06 total bytes 16000
Flow Roce_549_0 14804 finished at 2.59507e+06 total bytes 16000
Flow Roce_285_0 14624 finished at 2.59659e+06 total bytes 16000
Flow Roce_581_0 15124 finished at 2.5966e+06 total bytes 16000
Flow Roce_1009_0 14696 finished at 2.59744e+06 total bytes 16000
Flow Roce_981_0 15928 finished at 2.5984e+06 total bytes 16000
Flow Roce_306_0 16600 finished at 2.59884e+06 total bytes 16000
.Flow Roce_623_0 17664 finished at 2.60109e+06 total bytes 16000
Flow Roce_953_0 15536 finished at 2.60163e+06 total bytes 16000
Flow Roce_903_0 17576 finished at 2.6017e+06 total bytes 16000
Flow Roce_100_0 14668 finished at 2.60173e+06 total bytes 16000
Flow Roce_665_0 16640 finished at 2.60213e+06 total bytes 16000
Flow Roce_583_0 17752 finished at 2.60269e+06 total bytes 16000
Flow Roce_1013_0 15992 finished at 2.60311e+06 total bytes 16000
Flow Roce_909_0 15128 finished at 2.60315e+06 total bytes 16000
Flow Roce_102_0 16488 finished at 2.60434e+06 total bytes 16000
Flow Roce_978_0 15428 finished at 2.60439e+06 total bytes 16000
Flow Roce_618_0 14224 finished at 2.60464e+06 total bytes 16000
Flow Roce_429_0 15528 finished at 2.60484e+06 total bytes 16000
Flow Roce_911_0 14832 finished at 2.60537e+06 total bytes 16000
Flow Roce_551_0 15088 finished at 2.60539e+06 total bytes 16000
Flow Roce_627_0 16424 finished at 2.60594e+06 total bytes 16000
Flow Roce_669_0 14476 finished at 2.60637e+06 total bytes 16000
Flow Roce_631_0 15792 finished at 2.60657e+06 total bytes 16000
Flow Roce_619_0 16264 finished at 2.60669e+06 total bytes 16000
Flow Roce_577_0 16396 finished at 2.60713e+06 total bytes 16000
Flow Roce_1014_0 17500 finished at 2.60736e+06 total bytes 16000
Flow Roce_304_0 17436 finished at 2.60738e+06 total bytes 16000
Flow Roce_539_0 15024 finished at 2.6075e+06 total bytes 16000
Flow Roce_579_0 16556 finished at 2.60811e+06 total bytes 16000
Flow Roce_908_0 16800 finished at 2.6085e+06 total bytes 16000
Flow Roce_905_0 14080 finished at 2.60902e+06 total bytes 16000
Flow Roce_580_0 16176 finished at 2.60955e+06 total bytes 16000
Flow Roce_944_0 14332 finished at 2.61208e+06 total bytes 16000
Flow Roce_576_0 15856 finished at 2.61244e+06 total bytes 16000
Flow Roce_980_0 15488 finished at 2.61254e+06 total bytes 16000
Flow Roce_421_0 15680 finished at 2.6128e+06 total bytes 16000
Flow Roce_582_0 14840 finished at 2.61319e+06 total bytes 16000
Flow Roce_630_0 17200 finished at 2.61479e+06 total bytes 16000
Flow Roce_617_0 15108 finished at 2.61575e+06 total bytes 16000
Flow Roce_671_0 14876 finished at 2.61635e+06 total bytes 16000
Flow Roce_670_0 16268 finished at 2.61836e+06 total bytes 16000
Flow Roce_664_0 16816 finished at 2.62054e+06 total bytes 16000
Flow Roce_762_0 17332 finished at 2.62138e+06 total bytes 16000
Flow Roce_626_0 15004 finished at 2.62164e+06 total bytes 16000
Flow Roce_428_0 14484 finished at 2.62294e+06 total bytes 16000
Flow Roce_129_0 16596 finished at 2.62404e+06 total bytes 16000
Flow Roce_427_0 17480 finished at 2.6245e+06 total bytes 16000
Flow Roce_400_0 17672 finished at 2.62495e+06 total bytes 16000
Flow Roce_765_0 13976 finished at 2.62775e+06 total bytes 16000
Flow Roce_628_0 16972 finished at 2.6287e+06 total bytes 16000
Flow Roce_401_0 15988 finished at 2.62937e+06 total bytes 16000
Flow Roce_951_0 15776 finished at 2.62983e+06 total bytes 16000
Flow Roce_950_0 14720 finished at 2.63025e+06 total bytes 16000
Flow Roce_406_0 15272 finished at 2.63029e+06 total bytes 16000
Flow Roce_612_0 14292 finished at 2.63204e+06 total bytes 16000
Flow Roce_133_0 17068 finished at 2.63251e+06 total bytes 16000
Flow Roce_405_0 16632 finished at 2.63678e+06 total bytes 16000
Flow Roce_609_0 13792 finished at 2.63689e+06 total bytes 16000
Flow Roce_946_0 14864 finished at 2.63936e+06 total bytes 16000
Flow Roce_130_0 15716 finished at 2.64119e+06 total bytes 16000
Flow Roce_608_0 17196 finished at 2.64302e+06 total bytes 16000
Flow Roce_949_0 17488 finished at 2.64375e+06 total bytes 16000
Flow Roce_760_0 15296 finished at 2.64472e+06 total bytes 16000
Flow Roce_128_0 14984 finished at 2.64537e+06 total bytes 16000
Flow Roce_402_0 14716 finished at 2.64704e+06 total bytes 16000
Flow Roce_615_0 16960 finished at 2.64724e+06 total bytes 16000
Flow Roce_766_0 14436 finished at 2.64811e+06 total bytes 16000
Flow Roce_131_0 15104 finished at 2.64915e+06 total bytes 16000
.Flow Roce_613_0 14012 finished at 2.65037e+06 total bytes 16000
Flow Roce_407_0 16712 finished at 2.65115e+06 total bytes 16000
Flow Roce_611_0 14188 finished at 2.65211e+06 total bytes 16000
Flow Roce_724_0 14520 finished at 2.65217e+06 total bytes 16000
Flow Roce_709_0 16196 finished at 2.65284e+06 total bytes 16000
Flow Roce_287_0 15328 finished at 2.65327e+06 total bytes 16000
Flow Roce_704_0 13772 finished at 2.65388e+06 total bytes 16000
Flow Roce_272_0 14508 finished at 2.65414e+06 total bytes 16000
Flow Roce_722_0 16688 finished at 2.65622e+06 total bytes 16000
Flow Roce_720_0 17296 finished at 2.65733e+06 total bytes 16000
Flow Roce_610_0 16012 finished at 2.65745e+06 total bytes 16000
Flow Roce_280_0 16820 finished at 2.6576e+06 total bytes 16000
Flow Roce_710_0 14812 finished at 2.66078e+06 total bytes 16000
Flow Roce_706_0 14712 finished at 2.66348e+06 total bytes 16000
Flow Roce_708_0 16404 finished at 2.66446e+06 total bytes 16000
Flow Roce_727_0 14324 finished at 2.66463e+06 total bytes 16000
Flow Roce_301_0 15720 finished at 2.66533e+06 total bytes 16000
Flow Roce_563_0 15440 finished at 2.66595e+06 total bytes 16000
Flow Roce_276_0 17116 finished at 2.66761e+06 total bytes 16000
Flow Roce_308_0 15008 finished at 2.67011e+06 total bytes 16000
Flow Roce_275_0 16308 finished at 2.6705e+06 total bytes 16000
Flow Roce_283_0 15244 finished at 2.67095e+06 total bytes 16000
Flow Roce_279_0 15120 finished at 2.67165e+06 total bytes 16000
Flow Roce_1023_0 13688 finished at 2.67173e+06 total bytes 16000
Flow Roce_566_0 14732 finished at 2.67175e+06 total bytes 16000
Flow Roce_300_0 14900 finished at 2.67268e+06 total bytes 16000
Flow Roce_262_0 17732 finished at 2.67304e+06 total bytes 16000
Flow Roce_281_0 14184 finished at 2.67316e+06 total bytes 16000
Flow Roce_1022_0 15732 finished at 2.67341e+06 total bytes 16000
Flow Roce_305_0 15216 finished at 2.6737e+06 total bytes 16000
Flow Roce_258_0 14792 finished at 2.67396e+06 total bytes 16000
Flow Roce_726_0 14652 finished at 2.67478e+06 total bytes 16000
Flow Roce_1019_0 17540 finished at 2.67496e+06 total bytes 16000
Flow Roce_562_0 17304 finished at 2.67511e+06 total bytes 16000
Flow Roce_302_0 16808 finished at 2.67572e+06 total bytes 16000
Flow Roce_486_0 16788 finished at 2.67694e+06 total bytes 16000
Flow Roce_309_0 14004 finished at 2.67699e+06 total bytes 16000
Flow Roce_263_0 14688 finished at 2.67727e+06 total bytes 16000
Flow Roce_564_0 16940 finished at 2.67739e+06 total bytes 16000
Flow Roce_260_0 16748 finished at 2.67786e+06 total bytes 16000
Flow Roce_311_0 17384 finished at 2.67801e+06 total bytes 16000
Flow Roce_483_0 14616 finished at 2.6782e+06 total bytes 16000
Flow Roce_567_0 17524 finished at 2.67834e+06 total bytes 16000
Flow Roce_560_0 13684 finished at 2.67965e+06 total bytes 16000
Flow Roce_297_0 17492 finished at 2.67991e+06 total bytes 16000
Flow Roce_484_0 17712 finished at 2.68009e+06 total bytes 16000
Flow Roce_487_0 15300 finished at 2.68031e+06 total bytes 16000
Flow Roce_298_0 16852 finished at 2.68075e+06 total bytes 16000
Flow Roce_485_0 14360 finished at 2.6809e+06 total bytes 16000
Flow Roce_303_0 16160 finished at 2.68129e+06 total bytes 16000
Flow Roce_480_0 13744 finished at 2.68137e+06 total bytes 16000
Flow Roce_410_0 13812 finished at 2.68174e+06 total bytes 16000
Flow Roce_411_0 15284 finished at 2.68219e+06 total bytes 16000
Flow Roce_412_0 16420 finished at 2.68222e+06 total bytes 16000
Flow Roce_415_0 17140 finished at 2.68225e+06 total bytes 16000
Flow Roce_296_0 14164 finished at 2.68257e+06 total bytes 16000
Flow Roce_409_0 15980 finished at 2.68306e+06 total bytes 16000
Flow Roce_454_0 15252 finished at 2.68317e+06 total bytes 16000
Flow Roce_413_0 14632 finished at 2.68321e+06 total bytes 16000
Flow Roce_414_0 17324 finished at 2.68337e+06 total bytes 16000
Flow Roce_455_0 13752 finished at 2.68351e+06 total bytes 16000
Flow Roce_450_0 17272 finished at 2.68383e+06 total bytes 16000
Flow Roce_408_0 13964 finished at 2.68389e+06 total bytes 16000
Flow Roce_453_0 14504 finished at 2.68406e+06 total bytes 16000
Flow Roce_451_0 15456 finished at 2.68416e+06 total bytes 16000
Flow Roce_449_0 17536 finished at 2.6843e+06 total bytes 16000
New: 0 Rtx: 0
PFC_PAUSES 2758107 PFC_PAUSE_US 2.86016e+09 MAX_QUEUE_BYTES 113792
OVERFLOW_COUNT 0
