......Flow Roce_591_0 29632 finished at 346847 total bytes 16000
.Flow Roce_685_0 30008 finished at 367584 total bytes 16000
Flow Roce_941_0 31032 finished at 368475 total bytes 16000
.Flow Roce_992_0 31236 finished at 426889 total bytes 16000
Flow Roce_602_0 29676 finished at 431787 total bytes 16000
Flow Roce_598_0 29660 finished at 436558 total bytes 16000
Flow Roce_946_0 31052 finished at 445895 total bytes 16000
.Flow Roce_1004_0 31284 finished at 458069 total bytes 16000
Flow Roce_832_0 30596 finished at 474562 total bytes 16000
Flow Roce_998_0 31260 finished at 484156 total bytes 16000
Flow Roce_664_0 29924 finished at 495078 total bytes 16000
Flow Roce_862_0 30716 finished at 496934 total bytes 16000
.Flow Roce_636_0 29812 finished at 504945 total bytes 16000
Flow Roce_994_0 31244 finished at 509042 total bytes 16000
Flow Roce_573_0 29560 finished at 512367 total bytes 16000
Flow Roce_738_0 30220 finished at 514554 total bytes 16000
Flow Roce_523_0 29360 finished at 520401 total bytes 16000
Flow Roce_937_0 31016 finished at 523516 total bytes 16000
Flow Roce_828_0 30580 finished at 546704 total bytes 16000
|Flow Roce_831_0 30592 finished at 553726 total bytes 16000
Flow Roce_1014_0 31324 finished at 574673 total bytes 16000
Flow Roce_649_0 29864 finished at 577706 total bytes 16000
Flow Roce_578_0 29580 finished at 579005 total bytes 16000
.Flow Roce_772_0 30356 finished at 603838 total bytes 16000
Flow Roce_775_0 30368 finished at 605187 total bytes 16000
Flow Roce_747_0 30256 finished at 607080 total bytes 16000
Flow Roce_849_0 30664 finished at 612281 total bytes 16000
Flow Roce_755_0 30288 finished at 616299 total bytes 16000
Flow Roce_774_0 30364 finished at 617247 total bytes 16000
Flow Roce_666_0 29932 finished at 626768 total bytes 16000
Flow Roce_921_0 30952 finished at 631683 total bytes 16000
.Flow Roce_784_0 30404 finished at 653584 total bytes 16000
Flow Roce_783_0 30400 finished at 653874 total bytes 16000
Flow Roce_611_0 29712 finished at 658095 total bytes 16000
Flow Roce_729_0 30184 finished at 673898 total bytes 16000
Flow Roce_785_0 30408 finished at 675162 total bytes 16000
Flow Roce_853_0 30680 finished at 676202 total bytes 16000
Flow Roce_868_0 30740 finished at 679104 total bytes 16000
Flow Roce_859_0 30704 finished at 680158 total bytes 16000
Flow Roce_521_0 29352 finished at 690905 total bytes 16000
Flow Roce_708_0 30100 finished at 691780 total bytes 16000
Flow Roce_688_0 30020 finished at 695236 total bytes 16000
Flow Roce_791_0 30432 finished at 696497 total bytes 16000
Flow Roce_1015_0 31328 finished at 696861 total bytes 16000
Flow Roce_985_0 31208 finished at 698757 total bytes 16000
Flow Roce_1011_0 31312 finished at 699411 total bytes 16000
.Flow Roce_608_0 29700 finished at 701433 total bytes 16000
Flow Roce_940_0 31028 finished at 701891 total bytes 16000
Flow Roce_558_0 29500 finished at 702497 total bytes 16000
Flow Roce_589_0 29624 finished at 703364 total bytes 16000
Flow Roce_538_0 29420 finished at 703538 total bytes 16000
Flow Roce_990_0 31228 finished at 707451 total bytes 16000
Flow Roce_773_0 30360 finished at 708836 total bytes 16000
Flow Roce_769_0 30344 finished at 709048 total bytes 16000
Flow Roce_930_0 30988 finished at 713002 total bytes 16000
Flow Roce_749_0 30264 finished at 715391 total bytes 16000
Flow Roce_932_0 30996 finished at 726553 total bytes 16000
Flow Roce_745_0 30248 finished at 727930 total bytes 16000
Flow Roce_751_0 30272 finished at 728946 total bytes 16000
Flow Roce_1007_0 31296 finished at 730850 total bytes 16000
Flow Roce_893_0 30840 finished at 731489 total bytes 16000
Flow Roce_928_0 30980 finished at 733873 total bytes 16000
Flow Roce_753_0 30280 finished at 738788 total bytes 16000
Flow Roce_1006_0 31292 finished at 740936 total bytes 16000
Flow Roce_933_0 31000 finished at 746740 total bytes 16000
Flow Roce_743_0 30240 finished at 749064 total bytes 16000
.Flow Roce_779_0 30384 finished at 750298 total bytes 16000
Flow Roce_1001_0 31272 finished at 750373 total bytes 16000
Flow Roce_540_0 29428 finished at 754194 total bytes 16000
Flow Roce_550_0 29468 finished at 754340 total bytes 16000
Flow Roce_962_0 31116 finished at 754341 total bytes 16000
Flow Roce_655_0 29888 finished at 762231 total bytes 16000
Flow Roce_824_0 30564 finished at 765464 total bytes 16000
Flow Roce_820_0 30548 finished at 767058 total bytes 16000
Flow Roce_541_0 29432 finished at 769771 total bytes 16000
Flow Roce_993_0 31240 finished at 777198 total bytes 16000
Flow Roce_809_0 30504 finished at 777991 total bytes 16000
Flow Roce_560_0 29508 finished at 786404 total bytes 16000
Flow Roce_890_0 30828 finished at 799621 total bytes 16000
.Flow Roce_604_0 29684 finished at 801299 total bytes 16000
Flow Roce_681_0 29992 finished at 801796 total bytes 16000
Flow Roce_914_0 30924 finished at 806888 total bytes 16000
Flow Roce_935_0 31008 finished at 817430 total bytes 16000
Flow Roce_553_0 29480 finished at 817664 total bytes 16000
Flow Roce_554_0 29484 finished at 818208 total bytes 16000
Flow Roce_567_0 29536 finished at 819333 total bytes 16000
Flow Roce_568_0 29540 finished at 823548 total bytes 16000
Flow Roce_927_0 30976 finished at 823626 total bytes 16000
Flow Roce_651_0 29872 finished at 823830 total bytes 16000
Flow Roce_616_0 29732 finished at 825666 total bytes 16000
Flow Roce_689_0 30024 finished at 825766 total bytes 16000
Flow Roce_840_0 30628 finished at 825788 total bytes 16000
Flow Roce_603_0 29680 finished at 826061 total bytes 16000
Flow Roce_991_0 31232 finished at 826160 total bytes 16000
Flow Roce_623_0 29760 finished at 829611 total bytes 16000
Flow Roce_947_0 31056 finished at 830630 total bytes 16000
Flow Roce_617_0 29736 finished at 830814 total bytes 16000
Flow Roce_734_0 30204 finished at 833770 total bytes 16000
Flow Roce_916_0 30932 finished at 834562 total bytes 16000
Flow Roce_956_0 31092 finished at 834907 total bytes 16000
Flow Roce_903_0 30880 finished at 835599 total bytes 16000
Flow Roce_872_0 30756 finished at 837162 total bytes 16000
Flow Roce_795_0 30448 finished at 841008 total bytes 16000
Flow Roce_814_0 30524 finished at 842321 total bytes 16000
Flow Roce_822_0 30556 finished at 842829 total bytes 16000
Flow Roce_879_0 30784 finished at 846083 total bytes 16000
Flow Roce_847_0 30656 finished at 846202 total bytes 16000
Flow Roce_680_0 29988 finished at 846366 total bytes 16000
Flow Roce_687_0 30016 finished at 846729 total bytes 16000
Flow Roce_780_0 30388 finished at 848143 total bytes 16000
Flow Roce_590_0 29628 finished at 848203 total bytes 16000
Flow Roce_544_0 29444 finished at 849384 total bytes 16000
Flow Roce_867_0 30736 finished at 849861 total bytes 16000
.Flow Roce_842_0 30636 finished at 851084 total bytes 16000
Flow Roce_548_0 29460 finished at 851208 total bytes 16000
Flow Roce_671_0 29952 finished at 853486 total bytes 16000
Flow Roce_551_0 29472 finished at 854395 total bytes 16000
Flow Roce_1005_0 31288 finished at 854795 total bytes 16000
Flow Roce_537_0 29416 finished at 855469 total bytes 16000
Flow Roce_837_0 30616 finished at 855564 total bytes 16000
Flow Roce_637_0 29816 finished at 857311 total bytes 16000
Flow Roce_702_0 30076 finished at 858768 total bytes 16000
Flow Roce_815_0 30528 finished at 859315 total bytes 16000
Flow Roce_786_0 30412 finished at 860262 total bytes 16000
Flow Roce_588_0 29620 finished at 860477 total bytes 16000
Flow Roce_805_0 30488 finished at 860630 total bytes 16000
Flow Roce_559_0 29504 finished at 862297 total bytes 16000
Flow Roce_794_0 30444 finished at 862632 total bytes 16000
Flow Roce_565_0 29528 finished at 867582 total bytes 16000
Flow Roce_555_0 29488 finished at 874280 total bytes 16000
Flow Roce_721_0 30152 finished at 877796 total bytes 16000
Flow Roce_1002_0 31276 finished at 877798 total bytes 16000
Flow Roce_806_0 30492 finished at 878523 total bytes 16000
Flow Roce_969_0 31144 finished at 880020 total bytes 16000
Flow Roce_714_0 30124 finished at 881259 total bytes 16000
Flow Roce_975_0 31168 finished at 881946 total bytes 16000
Flow Roce_715_0 30128 finished at 886139 total bytes 16000
Flow Roce_654_0 29884 finished at 889309 total bytes 16000
Flow Roce_938_0 31020 finished at 889719 total bytes 16000
Flow Roce_642_0 29836 finished at 890658 total bytes 16000
Flow Roce_536_0 29412 finished at 891955 total bytes 16000
Flow Roce_939_0 31024 finished at 894778 total bytes 16000
Flow Roce_618_0 29740 finished at 895711 total bytes 16000
.Flow Roce_1019_0 31344 finished at 901365 total bytes 16000
Flow Roce_765_0 30328 finished at 901637 total bytes 16000
Flow Roce_713_0 30120 finished at 904683 total bytes 16000
Flow Roce_692_0 30036 finished at 906325 total bytes 16000
Flow Roce_620_0 29748 finished at 907196 total bytes 16000
Flow Roce_1009_0 31304 finished at 911463 total bytes 16000
Flow Roce_767_0 30336 finished at 911804 total bytes 16000
Flow Roce_865_0 30728 finished at 912486 total bytes 16000
Flow Roce_1000_0 31268 finished at 915000 total bytes 16000
Flow Roce_823_0 30560 finished at 915522 total bytes 16000
Flow Roce_988_0 31220 finished at 922870 total bytes 16000
Flow Roce_896_0 30852 finished at 931015 total bytes 16000
Flow Roce_718_0 30140 finished at 931592 total bytes 16000
Flow Roce_808_0 30500 finished at 931953 total bytes 16000
Flow Roce_716_0 30132 finished at 934267 total bytes 16000
Flow Roce_870_0 30748 finished at 934491 total bytes 16000
Flow Roce_848_0 30660 finished at 936012 total bytes 16000
Flow Roce_855_0 30688 finished at 939643 total bytes 16000
Flow Roce_796_0 30452 finished at 939806 total bytes 16000
Flow Roce_799_0 30464 finished at 940842 total bytes 16000
Flow Roce_744_0 30244 finished at 941854 total bytes 16000
Flow Roce_690_0 30028 finished at 943296 total bytes 16000
Flow Roce_803_0 30480 finished at 945610 total bytes 16000
Flow Roce_746_0 30252 finished at 948151 total bytes 16000
.Flow Roce_741_0 30232 finished at 953076 total bytes 16000
Flow Roce_661_0 29912 finished at 953330 total bytes 16000
Flow Roce_652_0 29876 finished at 956597 total bytes 16000
Flow Roce_710_0 30108 finished at 958798 total bytes 16000
Flow Roce_731_0 30192 finished at 960959 total bytes 16000
Flow Roce_942_0 31036 finished at 961063 total bytes 16000
Flow Roce_852_0 30676 finished at 963523 total bytes 16000
Flow Roce_543_0 29440 finished at 965076 total bytes 16000
Flow Roce_527_0 29376 finished at 975085 total bytes 16000
Flow Roce_980_0 31188 finished at 977888 total bytes 16000
Flow Roce_526_0 29372 finished at 978303 total bytes 16000
Flow Roce_609_0 29704 finished at 979532 total bytes 16000
Flow Roce_979_0 31184 finished at 983924 total bytes 16000
Flow Roce_951_0 31072 finished at 984001 total bytes 16000
Flow Roce_515_0 29328 finished at 987921 total bytes 16000
Flow Roce_699_0 30064 finished at 987938 total bytes 16000
Flow Roce_518_0 29340 finished at 988528 total bytes 16000
Flow Roce_770_0 30348 finished at 988624 total bytes 16000
Flow Roce_712_0 30116 finished at 994955 total bytes 16000
Flow Roce_512_0 29316 finished at 995303 total bytes 16000
Flow Roce_750_0 30268 finished at 997890 total bytes 16000
.Flow Roce_925_0 30968 finished at 1.00442e+06 total bytes 16000
Flow Roce_807_0 30496 finished at 1.00619e+06 total bytes 16000
Flow Roce_556_0 29492 finished at 1.01078e+06 total bytes 16000
Flow Roce_1018_0 31340 finished at 1.01115e+06 total bytes 16000
Flow Roce_1017_0 31336 finished at 1.01173e+06 total bytes 16000
Flow Roce_924_0 30964 finished at 1.01375e+06 total bytes 16000
Flow Roce_520_0 29348 finished at 1.01567e+06 total bytes 16000
Flow Roce_724_0 30164 finished at 1.01571e+06 total bytes 16000
Flow Roce_1016_0 31332 finished at 1.01581e+06 total bytes 16000
Flow Roce_889_0 30824 finished at 1.01607e+06 total bytes 16000
Flow Roce_834_0 30604 finished at 1.02161e+06 total bytes 16000
Flow Roce_1020_0 31348 finished at 1.0244e+06 total bytes 16000
Flow Roce_612_0 29716 finished at 1.02529e+06 total bytes 16000
Flow Roce_530_0 29388 finished at 1.02638e+06 total bytes 16000
Flow Roce_675_0 29968 finished at 1.03208e+06 total bytes 16000
Flow Roce_833_0 30600 finished at 1.03854e+06 total bytes 16000
Flow Roce_835_0 30608 finished at 1.04057e+06 total bytes 16000
.Flow Roce_789_0 30424 finished at 1.05066e+06 total bytes 16000
Flow Roce_839_0 30624 finished at 1.05114e+06 total bytes 16000
Flow Roce_686_0 30012 finished at 1.05283e+06 total bytes 16000
Flow Roce_978_0 31180 finished at 1.05552e+06 total bytes 16000
Flow Roce_931_0 30992 finished at 1.05711e+06 total bytes 16000
Flow Roce_625_0 29768 finished at 1.05732e+06 total bytes 16000
Flow Roce_1012_0 31316 finished at 1.05836e+06 total bytes 16000
Flow Roce_771_0 30352 finished at 1.05891e+06 total bytes 16000
Flow Roce_524_0 29364 finished at 1.06096e+06 total bytes 16000
Flow Roce_802_0 30476 finished at 1.06115e+06 total bytes 16000
Flow Roce_964_0 31124 finished at 1.06153e+06 total bytes 16000
Flow Roce_572_0 29556 finished at 1.06169e+06 total bytes 16000
Flow Roce_982_0 31196 finished at 1.06429e+06 total bytes 16000
Flow Roce_733_0 30200 finished at 1.067e+06 total bytes 16000
Flow Roce_929_0 30984 finished at 1.06801e+06 total bytes 16000
Flow Roce_657_0 29896 finished at 1.06962e+06 total bytes 16000
Flow Roce_757_0 30296 finished at 1.07016e+06 total bytes 16000
Flow Roce_830_0 30588 finished at 1.074e+06 total bytes 16000
Flow Roce_596_0 29652 finished at 1.07913e+06 total bytes 16000
Flow Roce_843_0 30640 finished at 1.08124e+06 total bytes 16000
Flow Roce_597_0 29656 finished at 1.0833e+06 total bytes 16000
Flow Roce_954_0 31084 finished at 1.08371e+06 total bytes 16000
Flow Roce_605_0 29688 finished at 1.08412e+06 total bytes 16000
Flow Roce_528_0 29380 finished at 1.08833e+06 total bytes 16000
Flow Roce_697_0 30056 finished at 1.09047e+06 total bytes 16000
Flow Roce_958_0 31100 finished at 1.09166e+06 total bytes 16000
Flow Roce_656_0 29892 finished at 1.09187e+06 total bytes 16000
Flow Roce_594_0 29644 finished at 1.09247e+06 total bytes 16000
Flow Roce_977_0 31176 finished at 1.0925e+06 total bytes 16000
Flow Roce_622_0 29756 finished at 1.09476e+06 total bytes 16000
Flow Roce_619_0 29744 finished at 1.09714e+06 total bytes 16000
Flow Roce_532_0 29396 finished at 1.09973e+06 total bytes 16000
|Flow Roce_900_0 30868 finished at 1.10419e+06 total bytes 16000
Flow Roce_585_0 29608 finished at 1.10876e+06 total bytes 16000
Flow Roce_752_0 30276 finished at 1.10951e+06 total bytes 16000
Flow Roce_934_0 31004 finished at 1.10992e+06 total bytes 16000
Flow Roce_696_0 30052 finished at 1.11141e+06 total bytes 16000
Flow Roce_910_0 30908 finished at 1.11324e+06 total bytes 16000
Flow Roce_700_0 30068 finished at 1.11424e+06 total bytes 16000
Flow Roce_698_0 30060 finished at 1.11606e+06 total bytes 16000
Flow Roce_950_0 31068 finished at 1.11644e+06 total bytes 16000
Flow Roce_917_0 30936 finished at 1.11763e+06 total bytes 16000
Flow Roce_844_0 30644 finished at 1.12292e+06 total bytes 16000
Flow Roce_827_0 30576 finished at 1.12768e+06 total bytes 16000
Flow Roce_778_0 30380 finished at 1.12829e+06 total bytes 16000
Flow Roce_912_0 30916 finished at 1.12853e+06 total bytes 16000
Flow Roce_549_0 29464 finished at 1.12878e+06 total bytes 16000
Flow Roce_948_0 31060 finished at 1.12885e+06 total bytes 16000
Flow Roce_797_0 30456 finished at 1.13032e+06 total bytes 16000
Flow Roce_756_0 30292 finished at 1.13238e+06 total bytes 16000
Flow Roce_703_0 30080 finished at 1.13255e+06 total bytes 16000
Flow Roce_683_0 30000 finished at 1.13263e+06 total bytes 16000
Flow Roce_662_0 29916 finished at 1.13415e+06 total bytes 16000
Flow Roce_957_0 31096 finished at 1.13467e+06 total bytes 16000
Flow Roce_592_0 29636 finished at 1.13984e+06 total bytes 16000
Flow Roce_781_0 30392 finished at 1.14053e+06 total bytes 16000
Flow Roce_641_0 29832 finished at 1.14074e+06 total bytes 16000
.Flow Roce_701_0 30072 finished at 1.1568e+06 total bytes 16000
Flow Roce_1010_0 31308 finished at 1.15837e+06 total bytes 16000
Flow Roce_908_0 30900 finished at 1.16104e+06 total bytes 16000
Flow Roce_691_0 30032 finished at 1.16112e+06 total bytes 16000
Flow Roce_732_0 30196 finished at 1.16229e+06 total bytes 16000
Flow Roce_955_0 31088 finished at 1.16323e+06 total bytes 16000
Flow Roce_898_0 30860 finished at 1.16331e+06 total bytes 16000
Flow Roce_959_0 31104 finished at 1.17163e+06 total bytes 16000
Flow Roce_587_0 29616 finished at 1.17353e+06 total bytes 16000
Flow Roce_552_0 29476 finished at 1.17425e+06 total bytes 16000
Flow Roce_919_0 30944 finished at 1.17561e+06 total bytes 16000
Flow Roce_639_0 29824 finished at 1.1762e+06 total bytes 16000
Flow Roce_944_0 31044 finished at 1.17667e+06 total bytes 16000
Flow Roce_909_0 30904 finished at 1.17696e+06 total bytes 16000
Flow Roce_936_0 31012 finished at 1.17712e+06 total bytes 16000
Flow Roce_566_0 29532 finished at 1.17886e+06 total bytes 16000
Flow Roce_883_0 30800 finished at 1.18511e+06 total bytes 16000
Flow Roce_793_0 30440 finished at 1.18576e+06 total bytes 16000
Flow Roce_880_0 30788 finished at 1.18721e+06 total bytes 16000
Flow Roce_884_0 30804 finished at 1.18794e+06 total bytes 16000
Flow Roce_758_0 30300 finished at 1.18926e+06 total bytes 16000
Flow Roce_595_0 29648 finished at 1.19114e+06 total bytes 16000
Flow Roce_728_0 30180 finished at 1.19118e+06 total bytes 16000
Flow Roce_539_0 29424 finished at 1.19195e+06 total bytes 16000
Flow Roce_782_0 30396 finished at 1.19282e+06 total bytes 16000
Flow Roce_759_0 30304 finished at 1.19365e+06 total bytes 16000
Flow Roce_600_0 29668 finished at 1.19371e+06 total bytes 16000
Flow Roce_561_0 29512 finished at 1.19417e+06 total bytes 16000
Flow Roce_545_0 29448 finished at 1.19495e+06 total bytes 16000
Flow Roce_586_0 29612 finished at 1.19674e+06 total bytes 16000
Flow Roce_922_0 30956 finished at 1.19694e+06 total bytes 16000
Flow Roce_621_0 29752 finished at 1.19976e+06 total bytes 16000
Flow Roce_901_0 30872 finished at 1.19982e+06 total bytes 16000
.Flow Roce_918_0 30940 finished at 1.20212e+06 total bytes 16000
Flow Roce_764_0 30324 finished at 1.20235e+06 total bytes 16000
Flow Roce_584_0 29604 finished at 1.20243e+06 total bytes 16000
Flow Roce_836_0 30612 finished at 1.20457e+06 total bytes 16000
Flow Roce_888_0 30820 finished at 1.20628e+06 total bytes 16000
Flow Roce_711_0 30112 finished at 1.2079e+06 total bytes 16000
Flow Roce_575_0 29568 finished at 1.20914e+06 total bytes 16000
Flow Roce_693_0 30040 finished at 1.21239e+06 total bytes 16000
Flow Roce_860_0 30708 finished at 1.21271e+06 total bytes 16000
Flow Roce_640_0 29828 finished at 1.21306e+06 total bytes 16000
Flow Roce_766_0 30332 finished at 1.21397e+06 total bytes 16000
Flow Roce_576_0 29572 finished at 1.21461e+06 total bytes 16000
Flow Roce_704_0 30084 finished at 1.2152e+06 total bytes 16000
Flow Roce_644_0 29844 finished at 1.22089e+06 total bytes 16000
Flow Roce_579_0 29584 finished at 1.22176e+06 total bytes 16000
Flow Roce_854_0 30684 finished at 1.22231e+06 total bytes 16000
Flow Roce_899_0 30864 finished at 1.22963e+06 total bytes 16000
Flow Roce_557_0 29496 finished at 1.23153e+06 total bytes 16000
Flow Roce_672_0 29956 finished at 1.23189e+06 total bytes 16000
Flow Roce_570_0 29548 finished at 1.2319e+06 total bytes 16000
Flow Roce_719_0 30144 finished at 1.23391e+06 total bytes 16000
Flow Roce_740_0 30228 finished at 1.23439e+06 total bytes 16000
Flow Roce_788_0 30420 finished at 1.2358e+06 total bytes 16000
Flow Roce_768_0 30340 finished at 1.2375e+06 total bytes 16000
Flow Roce_645_0 29848 finished at 1.2393e+06 total bytes 16000
Flow Roce_535_0 29408 finished at 1.24029e+06 total bytes 16000
Flow Roce_682_0 29996 finished at 1.24098e+06 total bytes 16000
Flow Roce_864_0 30724 finished at 1.24243e+06 total bytes 16000
Flow Roce_965_0 31128 finished at 1.24243e+06 total bytes 16000
Flow Roce_742_0 30236 finished at 1.24277e+06 total bytes 16000
Flow Roce_658_0 29900 finished at 1.24472e+06 total bytes 16000
Flow Roce_542_0 29436 finished at 1.24557e+06 total bytes 16000
Flow Roce_858_0 30700 finished at 1.24571e+06 total bytes 16000
Flow Roce_981_0 31192 finished at 1.24599e+06 total bytes 16000
Flow Roce_841_0 30632 finished at 1.24658e+06 total bytes 16000
Flow Roce_989_0 31224 finished at 1.24697e+06 total bytes 16000
Flow Roce_522_0 29356 finished at 1.24725e+06 total bytes 16000
Flow Roce_873_0 30760 finished at 1.24744e+06 total bytes 16000
Flow Roce_902_0 30876 finished at 1.24854e+06 total bytes 16000
Flow Roce_563_0 29520 finished at 1.24873e+06 total bytes 16000
Flow Roce_801_0 30472 finished at 1.24951e+06 total bytes 16000
Flow Roce_763_0 30320 finished at 1.24953e+06 total bytes 16000
.Flow Roce_673_0 29960 finished at 1.25042e+06 total bytes 16000
Flow Roce_804_0 30484 finished at 1.25171e+06 total bytes 16000
Flow Roce_995_0 31248 finished at 1.25261e+06 total bytes 16000
Flow Roce_829_0 30584 finished at 1.25261e+06 total bytes 16000
Flow Roce_777_0 30376 finished at 1.25277e+06 total bytes 16000
Flow Roce_787_0 30416 finished at 1.25389e+06 total bytes 16000
Flow Roce_920_0 30948 finished at 1.2555e+06 total bytes 16000
Flow Roce_923_0 30960 finished at 1.25621e+06 total bytes 16000
Flow Roce_1003_0 31280 finished at 1.25659e+06 total bytes 16000
Flow Roce_668_0 29940 finished at 1.25676e+06 total bytes 16000
Flow Roce_792_0 30436 finished at 1.2571e+06 total bytes 16000
Flow Roce_736_0 30212 finished at 1.25735e+06 total bytes 16000
Flow Roce_674_0 29964 finished at 1.25851e+06 total bytes 16000
Flow Roce_1008_0 31300 finished at 1.25875e+06 total bytes 16000
Flow Roce_812_0 30516 finished at 1.26022e+06 total bytes 16000
Flow Roce_562_0 29516 finished at 1.26104e+06 total bytes 16000
Flow Roce_996_0 31252 finished at 1.26256e+06 total bytes 16000
Flow Roce_678_0 29980 finished at 1.26311e+06 total bytes 16000
Flow Roce_593_0 29640 finished at 1.26418e+06 total bytes 16000
Flow Roce_838_0 30620 finished at 1.26423e+06 total bytes 16000
Flow Roce_574_0 29564 finished at 1.26435e+06 total bytes 16000
Flow Roce_737_0 30216 finished at 1.26439e+06 total bytes 16000
Flow Roce_694_0 30044 finished at 1.26468e+06 total bytes 16000
Flow Roce_717_0 30136 finished at 1.26524e+06 total bytes 16000
Flow Roce_871_0 30752 finished at 1.26525e+06 total bytes 16000
Flow Roce_577_0 29576 finished at 1.26543e+06 total bytes 16000
Flow Roce_943_0 31040 finished at 1.26722e+06 total bytes 16000
Flow Roce_761_0 30312 finished at 1.26772e+06 total bytes 16000
Flow Roce_659_0 29904 finished at 1.26865e+06 total bytes 16000
Flow Roce_813_0 30520 finished at 1.26961e+06 total bytes 16000
Flow Roce_915_0 30928 finished at 1.26986e+06 total bytes 16000
Flow Roce_810_0 30508 finished at 1.271e+06 total bytes 16000
Flow Roce_891_0 30832 finished at 1.27108e+06 total bytes 16000
Flow Roce_821_0 30552 finished at 1.27226e+06 total bytes 16000
Flow Roce_748_0 30260 finished at 1.2737e+06 total bytes 16000
Flow Roce_861_0 30712 finished at 1.27382e+06 total bytes 16000
Flow Roce_846_0 30652 finished at 1.27458e+06 total bytes 16000
Flow Roce_663_0 29920 finished at 1.27479e+06 total bytes 16000
Flow Roce_850_0 30668 finished at 1.2748e+06 total bytes 16000
Flow Roce_727_0 30176 finished at 1.2749e+06 total bytes 16000
Flow Roce_634_0 29804 finished at 1.27688e+06 total bytes 16000
Flow Roce_684_0 30004 finished at 1.27807e+06 total bytes 16000
Flow Roce_818_0 30540 finished at 1.27873e+06 total bytes 16000
Flow Roce_660_0 29908 finished at 1.28056e+06 total bytes 16000
Flow Roce_705_0 30088 finished at 1.2813e+06 total bytes 16000
Flow Roce_531_0 29392 finished at 1.28217e+06 total bytes 16000
Flow Roce_866_0 30732 finished at 1.28285e+06 total bytes 16000
Flow Roce_569_0 29544 finished at 1.28292e+06 total bytes 16000
Flow Roce_754_0 30284 finished at 1.28334e+06 total bytes 16000
Flow Roce_676_0 29972 finished at 1.28544e+06 total bytes 16000
Flow Roce_984_0 31204 finished at 1.28545e+06 total bytes 16000
Flow Roce_614_0 29724 finished at 1.2859e+06 total bytes 16000
Flow Roce_630_0 29788 finished at 1.28629e+06 total bytes 16000
Flow Roce_760_0 30308 finished at 1.28681e+06 total bytes 16000
Flow Roce_762_0 30316 finished at 1.2871e+06 total bytes 16000
Flow Roce_869_0 30744 finished at 1.28734e+06 total bytes 16000
Flow Roce_826_0 30572 finished at 1.28816e+06 total bytes 16000
Flow Roce_997_0 31256 finished at 1.28818e+06 total bytes 16000
Flow Roce_571_0 29552 finished at 1.2884e+06 total bytes 16000
Flow Roce_974_0 31164 finished at 1.28844e+06 total bytes 16000
Flow Roce_1022_0 31356 finished at 1.28861e+06 total bytes 16000
Flow Roce_963_0 31120 finished at 1.28942e+06 total bytes 16000
Flow Roce_881_0 30792 finished at 1.28983e+06 total bytes 16000
Flow Roce_776_0 30372 finished at 1.2908e+06 total bytes 16000
Flow Roce_547_0 29456 finished at 1.29089e+06 total bytes 16000
Flow Roce_976_0 31172 finished at 1.29432e+06 total bytes 16000
Flow Roce_986_0 31212 finished at 1.29514e+06 total bytes 16000
Flow Roce_800_0 30468 finished at 1.29554e+06 total bytes 16000
Flow Roce_695_0 30048 finished at 1.29561e+06 total bytes 16000
Flow Roce_679_0 29984 finished at 1.29694e+06 total bytes 16000
Flow Roce_739_0 30224 finished at 1.29707e+06 total bytes 16000
Flow Roce_631_0 29792 finished at 1.29792e+06 total bytes 16000
Flow Roce_845_0 30648 finished at 1.29871e+06 total bytes 16000
Flow Roce_897_0 30856 finished at 1.29945e+06 total bytes 16000
.Flow Roce_517_0 29336 finished at 1.30052e+06 total bytes 16000
Flow Roce_913_0 30920 finished at 1.30157e+06 total bytes 16000
Flow Roce_882_0 30796 finished at 1.3047e+06 total bytes 16000
Flow Roce_516_0 29332 finished at 1.30506e+06 total bytes 16000
Flow Roce_615_0 29728 finished at 1.30526e+06 total bytes 16000
Flow Roce_953_0 31080 finished at 1.30616e+06 total bytes 16000
Flow Roce_798_0 30460 finished at 1.30654e+06 total bytes 16000
Flow Roce_525_0 29368 finished at 1.30749e+06 total bytes 16000
Flow Roce_638_0 29820 finished at 1.30771e+06 total bytes 16000
Flow Roce_1021_0 31352 finished at 1.30797e+06 total bytes 16000
Flow Roce_519_0 29344 finished at 1.30855e+06 total bytes 16000
Flow Roce_892_0 30836 finished at 1.30985e+06 total bytes 16000
Flow Roce_722_0 30156 finished at 1.30986e+06 total bytes 16000
Flow Roce_632_0 29796 finished at 1.31023e+06 total bytes 16000
Flow Roce_627_0 29776 finished at 1.31146e+06 total bytes 16000
Flow Roce_816_0 30532 finished at 1.31156e+06 total bytes 16000
Flow Roce_894_0 30844 finished at 1.3121e+06 total bytes 16000
Flow Roce_514_0 29324 finished at 1.31273e+06 total bytes 16000
Flow Roce_968_0 31140 finished at 1.3129e+06 total bytes 16000
Flow Roce_856_0 30692 finished at 1.31322e+06 total bytes 16000
Flow Roce_876_0 30772 finished at 1.31324e+06 total bytes 16000
Flow Roce_952_0 31076 finished at 1.31336e+06 total bytes 16000
Flow Roce_607_0 29696 finished at 1.31401e+06 total bytes 16000
Flow Roce_601_0 29672 finished at 1.31434e+06 total bytes 16000
Flow Roce_606_0 29692 finished at 1.3169e+06 total bytes 16000
Flow Roce_513_0 29320 finished at 1.31696e+06 total bytes 16000
Flow Roce_643_0 29840 finished at 1.31789e+06 total bytes 16000
Flow Roce_582_0 29596 finished at 1.31792e+06 total bytes 16000
Flow Roce_1023_0 31360 finished at 1.31874e+06 total bytes 16000
Flow Roce_580_0 29588 finished at 1.31987e+06 total bytes 16000
Flow Roce_613_0 29720 finished at 1.32024e+06 total bytes 16000
Flow Roce_926_0 30972 finished at 1.32093e+06 total bytes 16000
Flow Roce_629_0 29784 finished at 1.3217e+06 total bytes 16000
Flow Roce_906_0 30892 finished at 1.32189e+06 total bytes 16000
Flow Roce_581_0 29592 finished at 1.32247e+06 total bytes 16000
Flow Roce_546_0 29452 finished at 1.32308e+06 total bytes 16000
Flow Roce_966_0 31132 finished at 1.32327e+06 total bytes 16000
Flow Roce_1013_0 31320 finished at 1.32374e+06 total bytes 16000
Flow Roce_825_0 30568 finished at 1.32397e+06 total bytes 16000
Flow Roce_905_0 30888 finished at 1.32397e+06 total bytes 16000
Flow Roce_583_0 29600 finished at 1.32453e+06 total bytes 16000
Flow Roce_709_0 30104 finished at 1.32469e+06 total bytes 16000
Flow Roce_911_0 30912 finished at 1.32588e+06 total bytes 16000
Flow Roce_564_0 29524 finished at 1.32592e+06 total bytes 16000
Flow Roce_857_0 30696 finished at 1.32611e+06 total bytes 16000
Flow Roce_646_0 29852 finished at 1.32681e+06 total bytes 16000
Flow Roce_874_0 30764 finished at 1.32728e+06 total bytes 16000
Flow Roce_707_0 30096 finished at 1.32789e+06 total bytes 16000
Flow Roce_723_0 30160 finished at 1.32794e+06 total bytes 16000
Flow Roce_971_0 31152 finished at 1.32823e+06 total bytes 16000
Flow Roce_599_0 29664 finished at 1.32856e+06 total bytes 16000
Flow Roce_647_0 29856 finished at 1.32961e+06 total bytes 16000
Flow Roce_677_0 29976 finished at 1.3297e+06 total bytes 16000
Flow Roce_706_0 30092 finished at 1.3326e+06 total bytes 16000
Flow Roce_987_0 31216 finished at 1.33278e+06 total bytes 16000
Flow Roce_610_0 29708 finished at 1.33304e+06 total bytes 16000
Flow Roce_878_0 30780 finished at 1.33357e+06 total bytes 16000
Flow Roce_983_0 31200 finished at 1.33369e+06 total bytes 16000
Flow Roce_999_0 31264 finished at 1.33601e+06 total bytes 16000
Flow Roce_665_0 29928 finished at 1.33654e+06 total bytes 16000
Flow Roce_725_0 30168 finished at 1.33679e+06 total bytes 16000
Flow Roce_819_0 30544 finished at 1.33735e+06 total bytes 16000
Flow Roce_624_0 29764 finished at 1.3378e+06 total bytes 16000
Flow Roce_669_0 29944 finished at 1.33787e+06 total bytes 16000
Flow Roce_726_0 30172 finished at 1.33964e+06 total bytes 16000
Flow Roce_529_0 29384 finished at 1.33993e+06 total bytes 16000
Flow Roce_961_0 31112 finished at 1.34034e+06 total bytes 16000
Flow Roce_945_0 31048 finished at 1.34036e+06 total bytes 16000
Flow Roce_670_0 29948 finished at 1.34045e+06 total bytes 16000
Flow Roce_970_0 31148 finished at 1.34086e+06 total bytes 16000
Flow Roce_790_0 30428 finished at 1.34145e+06 total bytes 16000
Flow Roce_972_0 31156 finished at 1.3415e+06 total bytes 16000
Flow Roce_967_0 31136 finished at 1.34158e+06 total bytes 16000
Flow Roce_949_0 31064 finished at 1.34166e+06 total bytes 16000
Flow Roce_626_0 29772 finished at 1.3422e+06 total bytes 16000
Flow Roce_817_0 30536 finished at 1.34234e+06 total bytes 16000
Flow Roce_667_0 29936 finished at 1.34313e+06 total bytes 16000
Flow Roce_811_0 30512 finished at 1.34362e+06 total bytes 16000
Flow Roce_973_0 31160 finished at 1.34362e+06 total bytes 16000
Flow Roce_720_0 30148 finished at 1.34405e+06 total bytes 16000
Flow Roce_628_0 29780 finished at 1.34422e+06 total bytes 16000
Flow Roce_960_0 31108 finished at 1.34479e+06 total bytes 16000
Flow Roce_534_0 29404 finished at 1.3448e+06 total bytes 16000
Flow Roce_877_0 30776 finished at 1.34492e+06 total bytes 16000
Flow Roce_633_0 29800 finished at 1.34492e+06 total bytes 16000
Flow Roce_875_0 30768 finished at 1.34578e+06 total bytes 16000
Flow Roce_851_0 30672 finished at 1.34591e+06 total bytes 16000
Flow Roce_895_0 30848 finished at 1.34667e+06 total bytes 16000
Flow Roce_735_0 30208 finished at 1.3474e+06 total bytes 16000
Flow Roce_648_0 29860 finished at 1.3477e+06 total bytes 16000
Flow Roce_863_0 30720 finished at 1.34786e+06 total bytes 16000
Flow Roce_887_0 30816 finished at 1.34788e+06 total bytes 16000
Flow Roce_533_0 29400 finished at 1.34804e+06 total bytes 16000
Flow Roce_886_0 30812 finished at 1.34864e+06 total bytes 16000
Flow Roce_730_0 30188 finished at 1.3487e+06 total bytes 16000
Flow Roce_904_0 30884 finished at 1.3488e+06 total bytes 16000
Flow Roce_885_0 30808 finished at 1.349e+06 total bytes 16000
Flow Roce_907_0 30896 finished at 1.34907e+06 total bytes 16000
Flow Roce_653_0 29880 finished at 1.34919e+06 total bytes 16000
Flow Roce_635_0 29808 finished at 1.34926e+06 total bytes 16000
Flow Roce_650_0 29868 finished at 1.3493e+06 total bytes 16000
New: 0 Rtx: 0
PFC_PAUSES 1467296 PFC_PAUSE_US 1.14153e+09 MAX_QUEUE_BYTES 113792
OVERFLOW_COUNT 0
