.Flow Roce_78_0 4164 finished at 66125.2 total bytes 4000
Flow Roce_79_0 3992 finished at 69100 total bytes 4000
Flow Roce_125_0 4116 finished at 70908.5 total bytes 4000
Flow Roce_41_0 4120 finished at 70940.8 total bytes 4000
Flow Roce_49_0 4200 finished at 74471.9 total bytes 4000
Flow Roce_86_0 3756 finished at 77136 total bytes 4000
Flow Roce_68_0 4076 finished at 77573 total bytes 4000
Flow Roce_37_0 3784 finished at 78973.5 total bytes 4000
Flow Roce_23_0 3848 finished at 79022.9 total bytes 4000
Flow Roce_90_0 4148 finished at 79051.2 total bytes 4000
Flow Roce_34_0 3884 finished at 79084.7 total bytes 4000
Flow Roce_124_0 3776 finished at 79119.5 total bytes 4000
Flow Roce_26_0 3956 finished at 80921.2 total bytes 4000
Flow Roce_104_0 4108 finished at 81057.2 total bytes 4000
Flow Roce_57_0 4068 finished at 81362.2 total bytes 4000
Flow Roce_87_0 3860 finished at 81505.2 total bytes 4000
Flow Roce_99_0 4156 finished at 82970.5 total bytes 4000
Flow Roce_18_0 4252 finished at 83119.1 total bytes 4000
Flow Roce_67_0 3940 finished at 83229.8 total bytes 4000
Flow Roce_40_0 3824 finished at 83320.9 total bytes 4000
Flow Roce_121_0 3996 finished at 83432.8 total bytes 4000
Flow Roce_101_0 4196 finished at 83597 total bytes 4000
Flow Roce_39_0 3752 finished at 83619.2 total bytes 4000
Flow Roce_113_0 3800 finished at 83954.9 total bytes 4000
Flow Roce_28_0 4088 finished at 84101.6 total bytes 4000
Flow Roce_123_0 4216 finished at 84171.6 total bytes 4000
Flow Roce_88_0 3856 finished at 84178.6 total bytes 4000
Flow Roce_52_0 3868 finished at 84291.3 total bytes 4000
Flow Roce_56_0 4168 finished at 84298.1 total bytes 4000
Flow Roce_70_0 4100 finished at 84324.3 total bytes 4000
Flow Roce_119_0 4064 finished at 84421.1 total bytes 4000
Flow Roce_103_0 4240 finished at 84770.3 total bytes 4000
Flow Roce_91_0 4080 finished at 84997.5 total bytes 4000
Flow Roce_62_0 3896 finished at 85114.3 total bytes 4000
Flow Roce_27_0 4192 finished at 85357.8 total bytes 4000
Flow Roce_120_0 4012 finished at 85478.3 total bytes 4000
Flow Roce_106_0 3952 finished at 85480.1 total bytes 4000
Flow Roce_92_0 4032 finished at 85738.9 total bytes 4000
Flow Roce_73_0 4248 finished at 85981.2 total bytes 4000
Flow Roce_95_0 3788 finished at 85997.1 total bytes 4000
Flow Roce_117_0 4144 finished at 86104.7 total bytes 4000
Flow Roce_53_0 3932 finished at 86119.7 total bytes 4000
Flow Roce_114_0 4092 finished at 86150.7 total bytes 4000
Flow Roce_96_0 3808 finished at 86449.2 total bytes 4000
Flow Roce_98_0 4236 finished at 86669.3 total bytes 4000
Flow Roce_127_0 3748 finished at 86862.6 total bytes 4000
Flow Roce_69_0 3916 finished at 86895.1 total bytes 4000
Flow Roce_55_0 4084 finished at 87148.3 total bytes 4000
Flow Roce_115_0 4104 finished at 87445.1 total bytes 4000
Flow Roce_22_0 3804 finished at 87687.6 total bytes 4000
Flow Roce_58_0 4212 finished at 87821 total bytes 4000
Flow Roce_43_0 4008 finished at 87850.1 total bytes 4000
Flow Roce_84_0 4204 finished at 87966.5 total bytes 4000
Flow Roce_102_0 3864 finished at 88127.1 total bytes 4000
Flow Roce_44_0 3780 finished at 88225 total bytes 4000
Flow Roce_108_0 3836 finished at 88583.2 total bytes 4000
Flow Roce_118_0 4160 finished at 88665.5 total bytes 4000
Flow Roce_110_0 3960 finished at 88708.9 total bytes 4000
Flow Roce_24_0 4020 finished at 88800.8 total bytes 4000
Flow Roce_64_0 4220 finished at 88886.8 total bytes 4000
Flow Roce_112_0 3928 finished at 88903.8 total bytes 4000
Flow Roce_38_0 4036 finished at 88982.7 total bytes 4000
Flow Roce_47_0 3880 finished at 89000.7 total bytes 4000
Flow Roce_82_0 4044 finished at 89035.5 total bytes 4000
Flow Roce_94_0 3876 finished at 89081.5 total bytes 4000
Flow Roce_60_0 3924 finished at 89374.5 total bytes 4000
Flow Roce_63_0 4184 finished at 89389.3 total bytes 4000
Flow Roce_21_0 3828 finished at 89544.1 total bytes 4000
Flow Roce_19_0 3972 finished at 89618.6 total bytes 4000
Flow Roce_122_0 3796 finished at 89696.1 total bytes 4000
Flow Roce_111_0 4024 finished at 89848.1 total bytes 4000
Flow Roce_46_0 3772 finished at 89861.3 total bytes 4000
Flow Roce_4_0 4180 finished at 90296.2 total bytes 4000
Flow Roce_50_0 4172 finished at 90481.3 total bytes 4000
Flow Roce_75_0 3900 finished at 90632.2 total bytes 4000
Flow Roce_35_0 4140 finished at 90644.4 total bytes 4000
Flow Roce_109_0 4244 finished at 90791.1 total bytes 4000
Flow Roce_20_0 3976 finished at 90832 total bytes 4000
Flow Roce_54_0 4028 finished at 90880.7 total bytes 4000
Flow Roce_59_0 4040 finished at 90992.1 total bytes 4000
Flow Roce_30_0 4132 finished at 90993.1 total bytes 4000
Flow Roce_16_0 4224 finished at 91209.9 total bytes 4000
Flow Roce_72_0 3948 finished at 91216.4 total bytes 4000
Flow Roce_107_0 4176 finished at 91228.6 total bytes 4000
Flow Roce_116_0 3832 finished at 91457.9 total bytes 4000
Flow Roce_83_0 3968 finished at 91568.5 total bytes 4000
Flow Roce_17_0 3816 finished at 91720.8 total bytes 4000
Flow Roce_25_0 3820 finished at 91747.9 total bytes 4000
Flow Roce_32_0 3964 finished at 91868.7 total bytes 4000
Flow Roce_45_0 4052 finished at 91904.9 total bytes 4000
Flow Roce_66_0 3984 finished at 91938 total bytes 4000
Flow Roce_48_0 3936 finished at 92316.4 total bytes 4000
Flow Roce_51_0 3764 finished at 92434.3 total bytes 4000
Flow Roce_93_0 4136 finished at 92473.6 total bytes 4000
Flow Roce_33_0 4228 finished at 92595.5 total bytes 4000
Flow Roce_89_0 3980 finished at 92727.2 total bytes 4000
Flow Roce_105_0 4048 finished at 92951.9 total bytes 4000
Flow Roce_65_0 4004 finished at 93112.1 total bytes 4000
Flow Roce_85_0 4000 finished at 93143.1 total bytes 4000
Flow Roce_100_0 3844 finished at 93200 total bytes 4000
Flow Roce_31_0 3944 finished at 93204.3 total bytes 4000
Flow Roce_71_0 4060 finished at 93324.4 total bytes 4000
Flow Roce_77_0 3908 finished at 93544.6 total bytes 4000
Flow Roce_14_0 4124 finished at 93576.8 total bytes 4000
Flow Roce_74_0 3988 finished at 93613.7 total bytes 4000
Flow Roce_36_0 3912 finished at 93697.4 total bytes 4000
Flow Roce_42_0 3760 finished at 93779.6 total bytes 4000
Flow Roce_29_0 4072 finished at 93828.5 total bytes 4000
Flow Roce_76_0 4128 finished at 93830.7 total bytes 4000
Flow Roce_126_0 4016 finished at 93875.4 total bytes 4000
Flow Roce_15_0 3792 finished at 93886.8 total bytes 4000
Flow Roce_80_0 3872 finished at 93992.2 total bytes 4000
Flow Roce_7_0 3892 finished at 94030.6 total bytes 4000
Flow Roce_81_0 3840 finished at 94038 total bytes 4000
Flow Roce_5_0 3768 finished at 94140.2 total bytes 4000
Flow Roce_11_0 3888 finished at 94150.9 total bytes 4000
Flow Roce_6_0 3904 finished at 94203.6 total bytes 4000
Flow Roce_13_0 4188 finished at 94321.7 total bytes 4000
Flow Roce_9_0 4232 finished at 94536.7 total bytes 4000
Flow Roce_12_0 3920 finished at 94538.5 total bytes 4000
Flow Roce_97_0 4056 finished at 94560.6 total bytes 4000
Flow Roce_61_0 4208 finished at 94612.2 total bytes 4000
Flow Roce_10_0 3852 finished at 94834.4 total bytes 4000
Flow Roce_3_0 4112 finished at 94906.3 total bytes 4000
Flow Roce_1_0 4152 finished at 95000.3 total bytes 4000
Flow Roce_8_0 3812 finished at 95031.2 total bytes 4000
Flow Roce_2_0 4096 finished at 95178.1 total bytes 4000
New: 0 Rtx: 0
PFC_PAUSES 54416 PFC_PAUSE_US 3.59852e+06 MAX_QUEUE_BYTES 113792
OVERFLOW_COUNT 0
