.Flow Roce_81_0 1660 finished at 57058.9 total bytes 4000
Flow Roce_93_0 1708 finished at 58153.1 total bytes 4000
Flow Roce_64_0 1592 finished at 59431.2 total bytes 4000
Flow Roce_97_0 1724 finished at 60245.5 total bytes 4000
Flow Roce_98_0 1728 finished at 60321 total bytes 4000
Flow Roce_111_0 1780 finished at 60374.9 total bytes 4000
Flow Roce_82_0 1664 finished at 60530.9 total bytes 4000
Flow Roce_126_0 1840 finished at 60782.3 total bytes 4000
Flow Roce_103_0 1748 finished at 60867.6 total bytes 4000
Flow Roce_89_0 1692 finished at 61307.1 total bytes 4000
Flow Roce_90_0 1696 finished at 61422.1 total bytes 4000
Flow Roce_86_0 1680 finished at 61456.4 total bytes 4000
Flow Roce_70_0 1616 finished at 61642.7 total bytes 4000
Flow Roce_72_0 1624 finished at 62066.7 total bytes 4000
Flow Roce_121_0 1820 finished at 62201.9 total bytes 4000
Flow Roce_105_0 1756 finished at 62227.2 total bytes 4000
Flow Roce_87_0 1684 finished at 62247.3 total bytes 4000
Flow Roce_119_0 1812 finished at 62303 total bytes 4000
Flow Roce_109_0 1772 finished at 62362.3 total bytes 4000
Flow Roce_67_0 1604 finished at 62431.4 total bytes 4000
Flow Roce_123_0 1828 finished at 62446.7 total bytes 4000
Flow Roce_124_0 1832 finished at 62566.2 total bytes 4000
Flow Roce_100_0 1736 finished at 62601.8 total bytes 4000
Flow Roce_104_0 1752 finished at 62794.8 total bytes 4000
Flow Roce_84_0 1672 finished at 62856.7 total bytes 4000
Flow Roce_120_0 1816 finished at 62940.4 total bytes 4000
Flow Roce_125_0 1836 finished at 62952.6 total bytes 4000
Flow Roce_77_0 1644 finished at 63005.1 total bytes 4000
Flow Roce_101_0 1740 finished at 63118.8 total bytes 4000
Flow Roce_108_0 1768 finished at 63125.9 total bytes 4000
Flow Roce_106_0 1760 finished at 63215.3 total bytes 4000
Flow Roce_80_0 1656 finished at 63267.3 total bytes 4000
Flow Roce_115_0 1796 finished at 63300.7 total bytes 4000
Flow Roce_91_0 1700 finished at 63423.4 total bytes 4000
Flow Roce_102_0 1744 finished at 63434.6 total bytes 4000
Flow Roce_71_0 1620 finished at 63434.8 total bytes 4000
Flow Roce_110_0 1776 finished at 63435.1 total bytes 4000
Flow Roce_122_0 1824 finished at 63457.6 total bytes 4000
Flow Roce_112_0 1784 finished at 63464.6 total bytes 4000
Flow Roce_75_0 1636 finished at 63595.3 total bytes 4000
Flow Roce_74_0 1632 finished at 63621.5 total bytes 4000
Flow Roce_95_0 1716 finished at 63704.3 total bytes 4000
Flow Roce_66_0 1600 finished at 63778 total bytes 4000
Flow Roce_88_0 1688 finished at 63838.9 total bytes 4000
Flow Roce_69_0 1612 finished at 63911.3 total bytes 4000
Flow Roce_92_0 1704 finished at 63938.3 total bytes 4000
Flow Roce_94_0 1712 finished at 63955.4 total bytes 4000
Flow Roce_113_0 1788 finished at 63965 total bytes 4000
Flow Roce_83_0 1668 finished at 63968.9 total bytes 4000
Flow Roce_85_0 1676 finished at 63979.7 total bytes 4000
Flow Roce_117_0 1804 finished at 63980.2 total bytes 4000
Flow Roce_73_0 1628 finished at 63989.5 total bytes 4000
Flow Roce_116_0 1800 finished at 64058.8 total bytes 4000
Flow Roce_114_0 1792 finished at 64101.9 total bytes 4000
Flow Roce_96_0 1720 finished at 64132.1 total bytes 4000
Flow Roce_79_0 1652 finished at 64198.3 total bytes 4000
Flow Roce_65_0 1596 finished at 64204.4 total bytes 4000
Flow Roce_76_0 1640 finished at 64210.8 total bytes 4000
Flow Roce_107_0 1764 finished at 64269.6 total bytes 4000
Flow Roce_78_0 1648 finished at 64283.2 total bytes 4000
Flow Roce_68_0 1608 finished at 64432.2 total bytes 4000
Flow Roce_118_0 1808 finished at 64508.1 total bytes 4000
Flow Roce_127_0 1844 finished at 64536.9 total bytes 4000
Flow Roce_99_0 1732 finished at 64581.6 total bytes 4000
New: 0 Rtx: 0
PFC_PAUSES 14129 PFC_PAUSE_US 227726 MAX_QUEUE_BYTES 113792
OVERFLOW_COUNT 0
