.........Flow Roce_1_0 1996 finished at 495085 total bytes 25000
Flow Roce_3_0 1956 finished at 496833 total bytes 25000
.Flow Roce_2_0 1940 finished at 502584 total bytes 25000
Flow Roce_63_0 2028 finished at 514938 total bytes 25000
Flow Roce_60_0 1768 finished at 519104 total bytes 25000
Flow Roce_104_0 1952 finished at 524719 total bytes 25000
Flow Roce_61_0 2052 finished at 526693 total bytes 25000
Flow Roce_62_0 1740 finished at 527882 total bytes 25000
Flow Roce_125_0 1960 finished at 529105 total bytes 25000
Flow Roce_107_0 2020 finished at 531935 total bytes 25000
Flow Roce_106_0 1796 finished at 532004 total bytes 25000
Flow Roce_88_0 1700 finished at 534078 total bytes 25000
Flow Roce_56_0 2012 finished at 537245 total bytes 25000
Flow Roce_78_0 2008 finished at 538012 total bytes 25000
Flow Roce_36_0 1756 finished at 540196 total bytes 25000
Flow Roce_58_0 2056 finished at 540243 total bytes 25000
Flow Roce_127_0 1592 finished at 541441 total bytes 25000
Flow Roce_118_0 2004 finished at 541587 total bytes 25000
Flow Roce_77_0 1752 finished at 542464 total bytes 25000
Flow Roce_84_0 2048 finished at 542784 total bytes 25000
Flow Roce_59_0 1884 finished at 544778 total bytes 25000
Flow Roce_105_0 1892 finished at 546935 total bytes 25000
Flow Roce_31_0 1788 finished at 547217 total bytes 25000
Flow Roce_39_0 1596 finished at 547605 total bytes 25000
Flow Roce_86_0 1600 finished at 548800 total bytes 25000
Flow Roce_90_0 1992 finished at 549539 total bytes 25000
Flow Roce_91_0 1924 finished at 549932 total bytes 25000
|Flow Roce_87_0 1704 finished at 550530 total bytes 25000
Flow Roce_76_0 1972 finished at 550660 total bytes 25000
Flow Roce_23_0 1692 finished at 553126 total bytes 25000
Flow Roce_121_0 1840 finished at 555307 total bytes 25000
Flow Roce_124_0 1620 finished at 555481 total bytes 25000
Flow Roce_57_0 1912 finished at 556005 total bytes 25000
Flow Roce_75_0 1744 finished at 556417 total bytes 25000
Flow Roce_37_0 1628 finished at 557817 total bytes 25000
Flow Roce_27_0 2036 finished at 557876 total bytes 25000
Flow Roce_74_0 1832 finished at 557904 total bytes 25000
Flow Roce_120_0 1856 finished at 558624 total bytes 25000
Flow Roce_19_0 1816 finished at 558828 total bytes 25000
Flow Roce_94_0 1720 finished at 559127 total bytes 25000
Flow Roce_41_0 1964 finished at 559659 total bytes 25000
Flow Roce_24_0 1864 finished at 560649 total bytes 25000
Flow Roce_111_0 1868 finished at 560699 total bytes 25000
Flow Roce_89_0 1824 finished at 561644 total bytes 25000
Flow Roce_35_0 1984 finished at 562019 total bytes 25000
Flow Roce_30_0 1976 finished at 562127 total bytes 25000
Flow Roce_100_0 1688 finished at 563600 total bytes 25000
Flow Roce_79_0 1836 finished at 564235 total bytes 25000
Flow Roce_126_0 1860 finished at 565501 total bytes 25000
Flow Roce_21_0 1672 finished at 565559 total bytes 25000
Flow Roce_64_0 2064 finished at 566333 total bytes 25000
Flow Roce_42_0 1604 finished at 566410 total bytes 25000
Flow Roce_38_0 1880 finished at 566635 total bytes 25000
Flow Roce_110_0 1804 finished at 567314 total bytes 25000
Flow Roce_85_0 1844 finished at 568371 total bytes 25000
Flow Roce_46_0 1616 finished at 568557 total bytes 25000
Flow Roce_114_0 1936 finished at 569408 total bytes 25000
Flow Roce_113_0 1644 finished at 572551 total bytes 25000
Flow Roce_80_0 1716 finished at 577072 total bytes 25000
Flow Roce_66_0 1828 finished at 577756 total bytes 25000
Flow Roce_55_0 1928 finished at 580514 total bytes 25000
Flow Roce_43_0 1852 finished at 581464 total bytes 25000
Flow Roce_65_0 1848 finished at 581609 total bytes 25000
Flow Roce_20_0 1820 finished at 581756 total bytes 25000
Flow Roce_52_0 1712 finished at 585021 total bytes 25000
Flow Roce_81_0 1684 finished at 585615 total bytes 25000
Flow Roce_67_0 1784 finished at 585952 total bytes 25000
Flow Roce_50_0 2016 finished at 586025 total bytes 25000
Flow Roce_28_0 1932 finished at 586181 total bytes 25000
Flow Roce_82_0 1888 finished at 586885 total bytes 25000
Flow Roce_73_0 2092 finished at 587053 total bytes 25000
Flow Roce_49_0 2044 finished at 587562 total bytes 25000
Flow Roce_109_0 2088 finished at 587607 total bytes 25000
Flow Roce_53_0 1776 finished at 587613 total bytes 25000
Flow Roce_70_0 1944 finished at 588362 total bytes 25000
Flow Roce_25_0 1664 finished at 589284 total bytes 25000
Flow Roce_33_0 2072 finished at 589337 total bytes 25000
Flow Roce_115_0 1948 finished at 589367 total bytes 25000
Flow Roce_26_0 1800 finished at 589523 total bytes 25000
Flow Roce_68_0 1920 finished at 591137 total bytes 25000
Flow Roce_40_0 1668 finished at 592168 total bytes 25000
Flow Roce_29_0 1916 finished at 592852 total bytes 25000
Flow Roce_119_0 1908 finished at 592940 total bytes 25000
Flow Roce_51_0 1608 finished at 593537 total bytes 25000
Flow Roce_117_0 1988 finished at 593763 total bytes 25000
Flow Roce_92_0 1876 finished at 593765 total bytes 25000
Flow Roce_103_0 2084 finished at 594381 total bytes 25000
Flow Roce_95_0 1632 finished at 594820 total bytes 25000
Flow Roce_48_0 1780 finished at 595034 total bytes 25000
Flow Roce_72_0 1792 finished at 595088 total bytes 25000
Flow Roce_101_0 2040 finished at 595135 total bytes 25000
Flow Roce_45_0 1896 finished at 595208 total bytes 25000
Flow Roce_18_0 2096 finished at 595311 total bytes 25000
Flow Roce_108_0 1680 finished at 595449 total bytes 25000
Flow Roce_102_0 1708 finished at 595566 total bytes 25000
Flow Roce_54_0 1872 finished at 595801 total bytes 25000
Flow Roce_116_0 1676 finished at 595862 total bytes 25000
Flow Roce_96_0 1652 finished at 595985 total bytes 25000
Flow Roce_97_0 1900 finished at 596320 total bytes 25000
Flow Roce_47_0 1724 finished at 596625 total bytes 25000
Flow Roce_32_0 1808 finished at 596760 total bytes 25000
Flow Roce_15_0 1636 finished at 596913 total bytes 25000
Flow Roce_17_0 1660 finished at 597103 total bytes 25000
Flow Roce_22_0 1648 finished at 597716 total bytes 25000
Flow Roce_112_0 1772 finished at 597772 total bytes 25000
Flow Roce_123_0 2060 finished at 598185 total bytes 25000
Flow Roce_44_0 1624 finished at 598623 total bytes 25000
Flow Roce_69_0 1760 finished at 598950 total bytes 25000
Flow Roce_98_0 2080 finished at 598954 total bytes 25000
Flow Roce_83_0 1812 finished at 599050 total bytes 25000
Flow Roce_99_0 2000 finished at 599130 total bytes 25000
Flow Roce_93_0 1980 finished at 599186 total bytes 25000
Flow Roce_34_0 1728 finished at 599314 total bytes 25000
Flow Roce_122_0 1640 finished at 599522 total bytes 25000
Flow Roce_71_0 1904 finished at 599912 total bytes 25000
.Flow Roce_10_0 1696 finished at 600800 total bytes 25000
Flow Roce_13_0 2032 finished at 601217 total bytes 25000
Flow Roce_8_0 1656 finished at 601536 total bytes 25000
Flow Roce_11_0 1732 finished at 601719 total bytes 25000
Flow Roce_7_0 1736 finished at 602035 total bytes 25000
Flow Roce_14_0 1968 finished at 602174 total bytes 25000
Flow Roce_16_0 2068 finished at 602204 total bytes 25000
Flow Roce_5_0 1612 finished at 602723 total bytes 25000
Flow Roce_9_0 2076 finished at 602823 total bytes 25000
Flow Roce_4_0 2024 finished at 602891 total bytes 25000
Flow Roce_6_0 1748 finished at 603004 total bytes 25000
Flow Roce_12_0 1764 finished at 603029 total bytes 25000
New: 0 Rtx: 0
PFC_PAUSES 354891 PFC_PAUSE_US 1.80265e+07 MAX_QUEUE_BYTES 113792
OVERFLOW_COUNT 0
