.Flow Roce_1018_0 15692 finished at 96000.3 total bytes 4000
.Flow Roce_1019_0 15696 finished at 101363 total bytes 4000
Flow Roce_967_0 15488 finished at 107413 total bytes 4000
Flow Roce_968_0 15492 finished at 111722 total bytes 4000
Flow Roce_616_0 14084 finished at 113548 total bytes 4000
Flow Roce_970_0 15500 finished at 118209 total bytes 4000
Flow Roce_960_0 15460 finished at 120779 total bytes 4000
Flow Roce_620_0 14100 finished at 121212 total bytes 4000
Flow Roce_831_0 14944 finished at 122914 total bytes 4000
Flow Roce_751_0 14624 finished at 123692 total bytes 4000
Flow Roce_679_0 14336 finished at 125428 total bytes 4000
Flow Roce_824_0 14916 finished at 129510 total bytes 4000
Flow Roce_677_0 14328 finished at 135869 total bytes 4000
Flow Roce_702_0 14428 finished at 142346 total bytes 4000
Flow Roce_686_0 14364 finished at 143305 total bytes 4000
Flow Roce_685_0 14360 finished at 146186 total bytes 4000
Flow Roce_783_0 14752 finished at 147333 total bytes 4000
Flow Roce_665_0 14280 finished at 148033 total bytes 4000
.Flow Roce_804_0 14836 finished at 151544 total bytes 4000
Flow Roce_669_0 14296 finished at 151547 total bytes 4000
Flow Roce_869_0 15096 finished at 152966 total bytes 4000
Flow Roce_683_0 14352 finished at 153700 total bytes 4000
Flow Roce_637_0 14168 finished at 156998 total bytes 4000
Flow Roce_780_0 14740 finished at 157014 total bytes 4000
Flow Roce_801_0 14824 finished at 157030 total bytes 4000
Flow Roce_763_0 14672 finished at 158315 total bytes 4000
Flow Roce_976_0 15524 finished at 158579 total bytes 4000
Flow Roce_698_0 14412 finished at 158817 total bytes 4000
Flow Roce_635_0 14160 finished at 159062 total bytes 4000
Flow Roce_700_0 14420 finished at 159718 total bytes 4000
Flow Roce_776_0 14724 finished at 160691 total bytes 4000
Flow Roce_640_0 14180 finished at 162293 total bytes 4000
Flow Roce_765_0 14680 finished at 166930 total bytes 4000
Flow Roce_790_0 14780 finished at 168088 total bytes 4000
Flow Roce_731_0 14544 finished at 168732 total bytes 4000
Flow Roce_733_0 14552 finished at 170852 total bytes 4000
Flow Roce_762_0 14668 finished at 171092 total bytes 4000
Flow Roce_784_0 14756 finished at 171433 total bytes 4000
Flow Roce_634_0 14156 finished at 173434 total bytes 4000
Flow Roce_643_0 14192 finished at 174349 total bytes 4000
Flow Roce_924_0 15316 finished at 175072 total bytes 4000
Flow Roce_641_0 14184 finished at 176380 total bytes 4000
Flow Roce_865_0 15080 finished at 176628 total bytes 4000
Flow Roce_729_0 14536 finished at 176689 total bytes 4000
Flow Roce_552_0 13828 finished at 177772 total bytes 4000
Flow Roce_555_0 13840 finished at 177941 total bytes 4000
Flow Roce_559_0 13856 finished at 177968 total bytes 4000
Flow Roce_768_0 14692 finished at 180674 total bytes 4000
Flow Roce_757_0 14648 finished at 182086 total bytes 4000
Flow Roce_1005_0 15640 finished at 183421 total bytes 4000
Flow Roce_734_0 14556 finished at 184310 total bytes 4000
Flow Roce_609_0 14056 finished at 186940 total bytes 4000
Flow Roce_769_0 14696 finished at 188277 total bytes 4000
Flow Roce_771_0 14704 finished at 188320 total bytes 4000
Flow Roce_770_0 14700 finished at 189543 total bytes 4000
Flow Roce_927_0 15328 finished at 189550 total bytes 4000
Flow Roce_590_0 13980 finished at 190073 total bytes 4000
Flow Roce_537_0 13768 finished at 191056 total bytes 4000
Flow Roce_536_0 13764 finished at 191176 total bytes 4000
Flow Roce_1001_0 15624 finished at 193811 total bytes 4000
Flow Roce_608_0 14052 finished at 195493 total bytes 4000
Flow Roce_986_0 15564 finished at 195707 total bytes 4000
Flow Roce_611_0 14064 finished at 195759 total bytes 4000
Flow Roce_984_0 15556 finished at 196151 total bytes 4000
Flow Roce_811_0 14864 finished at 196483 total bytes 4000
Flow Roce_753_0 14632 finished at 196949 total bytes 4000
Flow Roce_810_0 14860 finished at 197987 total bytes 4000
Flow Roce_532_0 13748 finished at 198183 total bytes 4000
Flow Roce_613_0 14072 finished at 199611 total bytes 4000
.Flow Roce_534_0 13756 finished at 201078 total bytes 4000
Flow Roce_716_0 14484 finished at 201860 total bytes 4000
Flow Roce_894_0 15196 finished at 202018 total bytes 4000
Flow Roce_922_0 15308 finished at 202522 total bytes 4000
Flow Roce_529_0 13736 finished at 203004 total bytes 4000
Flow Roce_1002_0 15628 finished at 204455 total bytes 4000
Flow Roce_812_0 14868 finished at 204634 total bytes 4000
Flow Roce_923_0 15312 finished at 206083 total bytes 4000
Flow Roce_535_0 13760 finished at 206226 total bytes 4000
Flow Roce_835_0 14960 finished at 207265 total bytes 4000
Flow Roce_833_0 14952 finished at 207654 total bytes 4000
Flow Roce_888_0 15172 finished at 208201 total bytes 4000
Flow Roce_809_0 14856 finished at 208622 total bytes 4000
Flow Roce_891_0 15184 finished at 209190 total bytes 4000
Flow Roce_918_0 15292 finished at 209656 total bytes 4000
Flow Roce_717_0 14488 finished at 210505 total bytes 4000
Flow Roce_814_0 14876 finished at 210839 total bytes 4000
Flow Roce_724_0 14516 finished at 211147 total bytes 4000
Flow Roce_815_0 14880 finished at 211734 total bytes 4000
Flow Roce_541_0 13784 finished at 211899 total bytes 4000
Flow Roce_813_0 14872 finished at 213090 total bytes 4000
Flow Roce_538_0 13772 finished at 213610 total bytes 4000
Flow Roce_846_0 15004 finished at 214313 total bytes 4000
Flow Roce_808_0 14852 finished at 214408 total bytes 4000
Flow Roce_725_0 14520 finished at 214741 total bytes 4000
Flow Roce_606_0 14044 finished at 215005 total bytes 4000
Flow Roce_642_0 14188 finished at 217096 total bytes 4000
Flow Roce_838_0 14972 finished at 220217 total bytes 4000
Flow Roce_628_0 14132 finished at 222101 total bytes 4000
Flow Roce_955_0 15440 finished at 222568 total bytes 4000
Flow Roce_880_0 15140 finished at 224788 total bytes 4000
Flow Roce_952_0 15428 finished at 224885 total bytes 4000
Flow Roce_913_0 15272 finished at 225739 total bytes 4000
Flow Roce_692_0 14388 finished at 226815 total bytes 4000
Flow Roce_883_0 15152 finished at 227190 total bytes 4000
Flow Roce_998_0 15612 finished at 227749 total bytes 4000
Flow Roce_720_0 14500 finished at 228189 total bytes 4000
Flow Roce_644_0 14196 finished at 228225 total bytes 4000
Flow Roce_919_0 15296 finished at 228502 total bytes 4000
Flow Roce_580_0 13940 finished at 228957 total bytes 4000
Flow Roce_625_0 14120 finished at 230171 total bytes 4000
Flow Roce_907_0 15248 finished at 230790 total bytes 4000
Flow Roce_626_0 14124 finished at 230854 total bytes 4000
Flow Roce_647_0 14208 finished at 230890 total bytes 4000
Flow Roce_645_0 14200 finished at 231313 total bytes 4000
Flow Roce_646_0 14204 finished at 231548 total bytes 4000
Flow Roce_936_0 15364 finished at 231658 total bytes 4000
Flow Roce_760_0 14660 finished at 232985 total bytes 4000
Flow Roce_691_0 14384 finished at 233043 total bytes 4000
Flow Roce_910_0 15260 finished at 233374 total bytes 4000
Flow Roce_607_0 14048 finished at 234629 total bytes 4000
Flow Roce_726_0 14524 finished at 234640 total bytes 4000
Flow Roce_600_0 14020 finished at 234919 total bytes 4000
Flow Roce_886_0 15164 finished at 235335 total bytes 4000
Flow Roce_579_0 13936 finished at 236537 total bytes 4000
Flow Roce_576_0 13924 finished at 237060 total bytes 4000
Flow Roce_582_0 13948 finished at 239466 total bytes 4000
Flow Roce_583_0 13952 finished at 239745 total bytes 4000
Flow Roce_994_0 15596 finished at 239756 total bytes 4000
Flow Roce_992_0 15588 finished at 240417 total bytes 4000
Flow Roce_554_0 13836 finished at 240757 total bytes 4000
Flow Roce_630_0 14140 finished at 240772 total bytes 4000
Flow Roce_876_0 15124 finished at 240933 total bytes 4000
Flow Roce_926_0 15324 finished at 241643 total bytes 4000
Flow Roce_841_0 14984 finished at 241683 total bytes 4000
Flow Roce_959_0 15456 finished at 241828 total bytes 4000
Flow Roce_764_0 14676 finished at 242223 total bytes 4000
Flow Roce_766_0 14684 finished at 243136 total bytes 4000
Flow Roce_921_0 15304 finished at 245054 total bytes 4000
Flow Roce_874_0 15116 finished at 245459 total bytes 4000
Flow Roce_557_0 13848 finished at 245938 total bytes 4000
Flow Roce_558_0 13852 finished at 246204 total bytes 4000
Flow Roce_827_0 14928 finished at 246398 total bytes 4000
Flow Roce_690_0 14380 finished at 246975 total bytes 4000
Flow Roce_939_0 15376 finished at 247826 total bytes 4000
Flow Roce_695_0 14400 finished at 248186 total bytes 4000
Flow Roce_767_0 14688 finished at 248484 total bytes 4000
Flow Roce_908_0 15252 finished at 248907 total bytes 4000
Flow Roce_520_0 13700 finished at 248976 total bytes 4000
.Flow Roce_761_0 14664 finished at 250132 total bytes 4000
Flow Roce_593_0 13992 finished at 250229 total bytes 4000
Flow Roce_872_0 15108 finished at 250252 total bytes 4000
Flow Roce_553_0 13832 finished at 250581 total bytes 4000
Flow Roce_873_0 15112 finished at 251030 total bytes 4000
Flow Roce_574_0 13916 finished at 251188 total bytes 4000
Flow Roce_793_0 14792 finished at 252364 total bytes 4000
Flow Roce_794_0 14796 finished at 252367 total bytes 4000
Flow Roce_571_0 13904 finished at 252679 total bytes 4000
Flow Roce_521_0 13704 finished at 254191 total bytes 4000
Flow Roce_533_0 13752 finished at 254340 total bytes 4000
Flow Roce_843_0 14992 finished at 254639 total bytes 4000
Flow Roce_575_0 13920 finished at 255271 total bytes 4000
Flow Roce_652_0 14228 finished at 255851 total bytes 4000
Flow Roce_826_0 14924 finished at 255862 total bytes 4000
Flow Roce_592_0 13988 finished at 256013 total bytes 4000
Flow Roce_857_0 15048 finished at 257402 total bytes 4000
Flow Roce_556_0 13844 finished at 257417 total bytes 4000
Flow Roce_925_0 15320 finished at 258205 total bytes 4000
Flow Roce_920_0 15300 finished at 258545 total bytes 4000
Flow Roce_596_0 14004 finished at 258979 total bytes 4000
Flow Roce_798_0 14812 finished at 260028 total bytes 4000
Flow Roce_522_0 13708 finished at 262044 total bytes 4000
Flow Roce_595_0 14000 finished at 262727 total bytes 4000
Flow Roce_739_0 14576 finished at 264445 total bytes 4000
Flow Roce_530_0 13740 finished at 265025 total bytes 4000
Flow Roce_615_0 14080 finished at 265267 total bytes 4000
Flow Roce_539_0 13776 finished at 265268 total bytes 4000
Flow Roce_797_0 14808 finished at 266467 total bytes 4000
Flow Roce_543_0 13792 finished at 267244 total bytes 4000
Flow Roce_859_0 15056 finished at 267268 total bytes 4000
Flow Roce_570_0 13900 finished at 267450 total bytes 4000
Flow Roce_828_0 14932 finished at 267528 total bytes 4000
Flow Roce_602_0 14028 finished at 268384 total bytes 4000
Flow Roce_523_0 13712 finished at 268647 total bytes 4000
Flow Roce_742_0 14588 finished at 268751 total bytes 4000
Flow Roce_597_0 14008 finished at 268764 total bytes 4000
Flow Roce_653_0 14232 finished at 269329 total bytes 4000
Flow Roce_818_0 14892 finished at 269367 total bytes 4000
Flow Roce_612_0 14068 finished at 270096 total bytes 4000
Flow Roce_605_0 14040 finished at 270392 total bytes 4000
Flow Roce_825_0 14920 finished at 271813 total bytes 4000
Flow Roce_568_0 13892 finished at 271827 total bytes 4000
Flow Roce_550_0 13820 finished at 272393 total bytes 4000
Flow Roce_736_0 14564 finished at 273180 total bytes 4000
Flow Roce_618_0 14092 finished at 273338 total bytes 4000
Flow Roce_829_0 14936 finished at 273681 total bytes 4000
Flow Roce_565_0 13880 finished at 274307 total bytes 4000
Flow Roce_601_0 14024 finished at 274332 total bytes 4000
Flow Roce_619_0 14096 finished at 274934 total bytes 4000
Flow Roce_830_0 14940 finished at 275433 total bytes 4000
Flow Roce_1008_0 15652 finished at 275480 total bytes 4000
Flow Roce_599_0 14016 finished at 275869 total bytes 4000
Flow Roce_528_0 13732 finished at 276851 total bytes 4000
Flow Roce_614_0 14076 finished at 276983 total bytes 4000
Flow Roce_622_0 14108 finished at 277138 total bytes 4000
Flow Roce_860_0 15060 finished at 277233 total bytes 4000
Flow Roce_687_0 14368 finished at 278695 total bytes 4000
Flow Roce_604_0 14036 finished at 279175 total bytes 4000
Flow Roce_531_0 13744 finished at 279521 total bytes 4000
Flow Roce_863_0 15072 finished at 279710 total bytes 4000
Flow Roce_542_0 13788 finished at 279806 total bytes 4000
Flow Roce_617_0 14088 finished at 279907 total bytes 4000
Flow Roce_610_0 14060 finished at 280495 total bytes 4000
Flow Roce_651_0 14224 finished at 280621 total bytes 4000
Flow Roce_906_0 15244 finished at 280921 total bytes 4000
Flow Roce_1021_0 15704 finished at 281097 total bytes 4000
Flow Roce_1010_0 15660 finished at 281170 total bytes 4000
Flow Roce_512_0 13668 finished at 281282 total bytes 4000
Flow Roce_513_0 13672 finished at 281527 total bytes 4000
Flow Roce_1009_0 15656 finished at 281691 total bytes 4000
Flow Roce_856_0 15044 finished at 282181 total bytes 4000
Flow Roce_821_0 14904 finished at 282284 total bytes 4000
Flow Roce_1014_0 15676 finished at 282706 total bytes 4000
Flow Roce_1013_0 15672 finished at 282714 total bytes 4000
Flow Roce_911_0 15264 finished at 283322 total bytes 4000
Flow Roce_1023_0 15712 finished at 283864 total bytes 4000
Flow Roce_667_0 14288 finished at 283990 total bytes 4000
Flow Roce_1017_0 15688 finished at 284659 total bytes 4000
Flow Roce_540_0 13780 finished at 285078 total bytes 4000
Flow Roce_901_0 15224 finished at 285184 total bytes 4000
Flow Roce_623_0 14112 finished at 285648 total bytes 4000
Flow Roce_598_0 14012 finished at 286139 total bytes 4000
Flow Roce_902_0 15228 finished at 286211 total bytes 4000
Flow Roce_594_0 13996 finished at 286374 total bytes 4000
Flow Roce_1016_0 15684 finished at 287316 total bytes 4000
Flow Roce_1020_0 15700 finished at 287370 total bytes 4000
Flow Roce_546_0 13804 finished at 287549 total bytes 4000
Flow Roce_896_0 15204 finished at 287629 total bytes 4000
Flow Roce_561_0 13864 finished at 288291 total bytes 4000
Flow Roce_861_0 15064 finished at 288486 total bytes 4000
Flow Roce_934_0 15356 finished at 288641 total bytes 4000
Flow Roce_680_0 14340 finished at 288649 total bytes 4000
Flow Roce_862_0 15068 finished at 288657 total bytes 4000
Flow Roce_697_0 14408 finished at 289037 total bytes 4000
Flow Roce_1004_0 15636 finished at 289256 total bytes 4000
Flow Roce_699_0 14416 finished at 289332 total bytes 4000
Flow Roce_703_0 14432 finished at 289348 total bytes 4000
Flow Roce_819_0 14896 finished at 289479 total bytes 4000
Flow Roce_545_0 13800 finished at 290113 total bytes 4000
Flow Roce_563_0 13872 finished at 290802 total bytes 4000
Flow Roce_560_0 13860 finished at 291014 total bytes 4000
Flow Roce_681_0 14344 finished at 291164 total bytes 4000
Flow Roce_897_0 15208 finished at 291245 total bytes 4000
Flow Roce_670_0 14300 finished at 291445 total bytes 4000
Flow Roce_1012_0 15668 finished at 291856 total bytes 4000
Flow Roce_1007_0 15648 finished at 292442 total bytes 4000
Flow Roce_792_0 14788 finished at 292469 total bytes 4000
Flow Roce_868_0 15092 finished at 292517 total bytes 4000
Flow Roce_661_0 14264 finished at 293267 total bytes 4000
Flow Roce_933_0 15352 finished at 293662 total bytes 4000
Flow Roce_564_0 13876 finished at 294053 total bytes 4000
Flow Roce_684_0 14356 finished at 294059 total bytes 4000
Flow Roce_682_0 14348 finished at 294124 total bytes 4000
Flow Roce_866_0 15084 finished at 294478 total bytes 4000
Flow Roce_1003_0 15632 finished at 294594 total bytes 4000
Flow Roce_864_0 15076 finished at 294771 total bytes 4000
Flow Roce_668_0 14292 finished at 295345 total bytes 4000
Flow Roce_671_0 14304 finished at 295354 total bytes 4000
Flow Roce_867_0 15088 finished at 295522 total bytes 4000
Flow Roce_878_0 15132 finished at 295528 total bytes 4000
Flow Roce_877_0 15128 finished at 295588 total bytes 4000
Flow Roce_662_0 14268 finished at 295600 total bytes 4000
Flow Roce_562_0 13868 finished at 295735 total bytes 4000
Flow Roce_881_0 15144 finished at 295878 total bytes 4000
Flow Roce_795_0 14800 finished at 296544 total bytes 4000
Flow Roce_701_0 14424 finished at 296889 total bytes 4000
Flow Roce_694_0 14396 finished at 297049 total bytes 4000
Flow Roce_664_0 14276 finished at 297487 total bytes 4000
Flow Roce_696_0 14404 finished at 297951 total bytes 4000
Flow Roce_871_0 15104 finished at 298162 total bytes 4000
Flow Roce_875_0 15120 finished at 298225 total bytes 4000
Flow Roce_796_0 14804 finished at 298424 total bytes 4000
Flow Roce_666_0 14284 finished at 298511 total bytes 4000
Flow Roce_711_0 14464 finished at 298532 total bytes 4000
Flow Roce_631_0 14144 finished at 298771 total bytes 4000
Flow Roce_657_0 14248 finished at 298969 total bytes 4000
Flow Roce_708_0 14452 finished at 299382 total bytes 4000
Flow Roce_544_0 13796 finished at 299936 total bytes 4000
.Flow Roce_688_0 14372 finished at 300056 total bytes 4000
Flow Roce_951_0 15424 finished at 300139 total bytes 4000
Flow Roce_774_0 14716 finished at 300279 total bytes 4000
Flow Roce_904_0 15236 finished at 300308 total bytes 4000
Flow Roce_961_0 15464 finished at 300550 total bytes 4000
Flow Roce_966_0 15484 finished at 301887 total bytes 4000
Flow Roce_515_0 13680 finished at 302998 total bytes 4000
Flow Roce_693_0 14392 finished at 303284 total bytes 4000
Flow Roce_752_0 14628 finished at 303651 total bytes 4000
Flow Roce_755_0 14640 finished at 303682 total bytes 4000
Flow Roce_629_0 14136 finished at 303716 total bytes 4000
Flow Roce_756_0 14644 finished at 303853 total bytes 4000
Flow Roce_903_0 15232 finished at 303988 total bytes 4000
Flow Roce_898_0 15212 finished at 304086 total bytes 4000
Flow Roce_519_0 13696 finished at 304439 total bytes 4000
Flow Roce_963_0 15472 finished at 304791 total bytes 4000
Flow Roce_603_0 14032 finished at 304986 total bytes 4000
Flow Roce_658_0 14252 finished at 305167 total bytes 4000
Flow Roce_899_0 15216 finished at 305186 total bytes 4000
Flow Roce_799_0 14816 finished at 306072 total bytes 4000
Flow Roce_548_0 13812 finished at 306130 total bytes 4000
Flow Roce_627_0 14128 finished at 306183 total bytes 4000
Flow Roce_730_0 14540 finished at 306216 total bytes 4000
Flow Roce_775_0 14720 finished at 306498 total bytes 4000
Flow Roce_621_0 14104 finished at 306526 total bytes 4000
Flow Roce_735_0 14560 finished at 306701 total bytes 4000
Flow Roce_791_0 14784 finished at 306862 total bytes 4000
Flow Roce_567_0 13888 finished at 306914 total bytes 4000
Flow Roce_518_0 13692 finished at 306944 total bytes 4000
Flow Roce_787_0 14768 finished at 307117 total bytes 4000
Flow Roce_789_0 14776 finished at 307364 total bytes 4000
Flow Roce_786_0 14764 finished at 307369 total bytes 4000
Flow Roce_788_0 14772 finished at 307384 total bytes 4000
Flow Roce_712_0 14468 finished at 307572 total bytes 4000
Flow Roce_900_0 15220 finished at 307663 total bytes 4000
Flow Roce_517_0 13688 finished at 308232 total bytes 4000
Flow Roce_754_0 14636 finished at 308256 total bytes 4000
Flow Roce_514_0 13676 finished at 308485 total bytes 4000
Flow Roce_569_0 13896 finished at 308889 total bytes 4000
Flow Roce_549_0 13816 finished at 309321 total bytes 4000
Flow Roce_566_0 13884 finished at 309349 total bytes 4000
Flow Roce_551_0 13824 finished at 309370 total bytes 4000
Flow Roce_1022_0 15708 finished at 309564 total bytes 4000
Flow Roce_905_0 15240 finished at 309670 total bytes 4000
Flow Roce_930_0 15340 finished at 309959 total bytes 4000
Flow Roce_572_0 13908 finished at 310114 total bytes 4000
Flow Roce_929_0 15336 finished at 310483 total bytes 4000
Flow Roce_718_0 14492 finished at 311134 total bytes 4000
Flow Roce_985_0 15560 finished at 311442 total bytes 4000
Flow Roce_728_0 14532 finished at 311494 total bytes 4000
Flow Roce_935_0 15360 finished at 311536 total bytes 4000
Flow Roce_715_0 14480 finished at 311796 total bytes 4000
Flow Roce_990_0 15580 finished at 311967 total bytes 4000
Flow Roce_758_0 14652 finished at 312100 total bytes 4000
Flow Roce_851_0 15024 finished at 312340 total bytes 4000
Flow Roce_710_0 14460 finished at 312623 total bytes 4000
Flow Roce_931_0 15344 finished at 312645 total bytes 4000
Flow Roce_820_0 14900 finished at 312689 total bytes 4000
Flow Roce_547_0 13808 finished at 313349 total bytes 4000
Flow Roce_932_0 15348 finished at 313444 total bytes 4000
Flow Roce_1000_0 15620 finished at 314172 total bytes 4000
Flow Roce_772_0 14708 finished at 314213 total bytes 4000
Flow Roce_988_0 15572 finished at 314249 total bytes 4000
Flow Roce_1006_0 15644 finished at 314421 total bytes 4000
Flow Roce_884_0 15156 finished at 314447 total bytes 4000
Flow Roce_858_0 15052 finished at 314474 total bytes 4000
Flow Roce_845_0 15000 finished at 314668 total bytes 4000
Flow Roce_850_0 15020 finished at 314759 total bytes 4000
Flow Roce_714_0 14476 finished at 314774 total bytes 4000
Flow Roce_660_0 14260 finished at 314978 total bytes 4000
Flow Roce_713_0 14472 finished at 315147 total bytes 4000
Flow Roce_887_0 15168 finished at 315211 total bytes 4000
Flow Roce_773_0 14712 finished at 315330 total bytes 4000
Flow Roce_962_0 15468 finished at 315526 total bytes 4000
Flow Roce_516_0 13684 finished at 315827 total bytes 4000
Flow Roce_689_0 14376 finished at 316191 total bytes 4000
Flow Roce_816_0 14884 finished at 316823 total bytes 4000
Flow Roce_882_0 15148 finished at 316889 total bytes 4000
Flow Roce_950_0 15420 finished at 316913 total bytes 4000
Flow Roce_785_0 14760 finished at 316915 total bytes 4000
Flow Roce_624_0 14116 finished at 316936 total bytes 4000
Flow Roce_987_0 15568 finished at 316993 total bytes 4000
Flow Roce_909_0 15256 finished at 317045 total bytes 4000
Flow Roce_879_0 15136 finished at 317304 total bytes 4000
Flow Roce_870_0 15100 finished at 317440 total bytes 4000
Flow Roce_964_0 15476 finished at 317563 total bytes 4000
Flow Roce_991_0 15584 finished at 318188 total bytes 4000
Flow Roce_928_0 15332 finished at 318193 total bytes 4000
Flow Roce_885_0 15160 finished at 318496 total bytes 4000
Flow Roce_1011_0 15664 finished at 318643 total bytes 4000
Flow Roce_842_0 14988 finished at 318703 total bytes 4000
Flow Roce_1015_0 15680 finished at 319044 total bytes 4000
Flow Roce_949_0 15416 finished at 319835 total bytes 4000
Flow Roce_822_0 14908 finished at 320124 total bytes 4000
Flow Roce_854_0 15036 finished at 320397 total bytes 4000
Flow Roce_586_0 13964 finished at 320444 total bytes 4000
Flow Roce_848_0 15012 finished at 320512 total bytes 4000
Flow Roce_937_0 15368 finished at 320520 total bytes 4000
Flow Roce_855_0 15040 finished at 320645 total bytes 4000
Flow Roce_573_0 13912 finished at 320928 total bytes 4000
Flow Roce_844_0 14996 finished at 321123 total bytes 4000
Flow Roce_732_0 14548 finished at 321335 total bytes 4000
Flow Roce_779_0 14736 finished at 322128 total bytes 4000
Flow Roce_638_0 14172 finished at 322492 total bytes 4000
Flow Roce_943_0 15392 finished at 322598 total bytes 4000
Flow Roce_852_0 15028 finished at 322637 total bytes 4000
Flow Roce_719_0 14496 finished at 322678 total bytes 4000
Flow Roce_965_0 15480 finished at 322835 total bytes 4000
Flow Roce_591_0 13984 finished at 323030 total bytes 4000
Flow Roce_893_0 15192 finished at 323234 total bytes 4000
Flow Roce_847_0 15008 finished at 323317 total bytes 4000
Flow Roce_938_0 15372 finished at 323320 total bytes 4000
Flow Roce_853_0 15032 finished at 323374 total bytes 4000
Flow Roce_577_0 13928 finished at 323551 total bytes 4000
Flow Roce_777_0 14728 finished at 323569 total bytes 4000
Flow Roce_849_0 15016 finished at 323647 total bytes 4000
Flow Roce_578_0 13932 finished at 323676 total bytes 4000
Flow Roce_890_0 15180 finished at 324018 total bytes 4000
Flow Roce_656_0 14244 finished at 324028 total bytes 4000
Flow Roce_639_0 14176 finished at 324048 total bytes 4000
Flow Roce_584_0 13956 finished at 324500 total bytes 4000
Flow Roce_587_0 13968 finished at 324689 total bytes 4000
Flow Roce_895_0 15200 finished at 324955 total bytes 4000
Flow Roce_759_0 14656 finished at 325226 total bytes 4000
Flow Roce_989_0 15576 finished at 325315 total bytes 4000
Flow Roce_969_0 15496 finished at 325384 total bytes 4000
Flow Roce_834_0 14956 finished at 325681 total bytes 4000
Flow Roce_839_0 14976 finished at 325854 total bytes 4000
Flow Roce_823_0 14912 finished at 326175 total bytes 4000
Flow Roce_912_0 15268 finished at 326400 total bytes 4000
Flow Roce_588_0 13972 finished at 326603 total bytes 4000
Flow Roce_889_0 15176 finished at 326737 total bytes 4000
Flow Roce_581_0 13944 finished at 326805 total bytes 4000
Flow Roce_971_0 15504 finished at 327023 total bytes 4000
Flow Roce_915_0 15280 finished at 327545 total bytes 4000
Flow Roce_942_0 15388 finished at 327563 total bytes 4000
Flow Roce_705_0 14440 finished at 327590 total bytes 4000
Flow Roce_800_0 14820 finished at 327612 total bytes 4000
Flow Roce_632_0 14148 finished at 327764 total bytes 4000
Flow Roce_676_0 14324 finished at 327897 total bytes 4000
Flow Roce_916_0 15284 finished at 327977 total bytes 4000
Flow Roce_778_0 14732 finished at 328046 total bytes 4000
Flow Roce_817_0 14888 finished at 328193 total bytes 4000
Flow Roce_840_0 14980 finished at 328242 total bytes 4000
Flow Roce_837_0 14968 finished at 328444 total bytes 4000
Flow Roce_836_0 14964 finished at 328502 total bytes 4000
Flow Roce_738_0 14572 finished at 328611 total bytes 4000
Flow Roce_892_0 15188 finished at 328682 total bytes 4000
Flow Roce_802_0 14828 finished at 328902 total bytes 4000
Flow Roce_947_0 15408 finished at 329304 total bytes 4000
Flow Roce_674_0 14316 finished at 329392 total bytes 4000
Flow Roce_953_0 15432 finished at 329441 total bytes 4000
Flow Roce_948_0 15412 finished at 329728 total bytes 4000
Flow Roce_585_0 13960 finished at 330074 total bytes 4000
Flow Roce_663_0 14272 finished at 330225 total bytes 4000
Flow Roce_806_0 14844 finished at 330282 total bytes 4000
Flow Roce_740_0 14580 finished at 330373 total bytes 4000
Flow Roce_648_0 14212 finished at 330435 total bytes 4000
Flow Roce_805_0 14840 finished at 330466 total bytes 4000
Flow Roce_941_0 15384 finished at 330635 total bytes 4000
Flow Roce_940_0 15380 finished at 330661 total bytes 4000
Flow Roce_917_0 15288 finished at 330723 total bytes 4000
Flow Roce_654_0 14236 finished at 330799 total bytes 4000
Flow Roce_957_0 15448 finished at 330831 total bytes 4000
Flow Roce_956_0 15444 finished at 330843 total bytes 4000
Flow Roce_973_0 15512 finished at 330865 total bytes 4000
Flow Roce_636_0 14164 finished at 331003 total bytes 4000
Flow Roce_673_0 14312 finished at 331494 total bytes 4000
Flow Roce_704_0 14436 finished at 331548 total bytes 4000
Flow Roce_958_0 15452 finished at 331591 total bytes 4000
Flow Roce_996_0 15604 finished at 331593 total bytes 4000
Flow Roce_709_0 14456 finished at 331634 total bytes 4000
Flow Roce_993_0 15592 finished at 331643 total bytes 4000
Flow Roce_999_0 15616 finished at 331668 total bytes 4000
Flow Roce_974_0 15516 finished at 331796 total bytes 4000
Flow Roce_945_0 15400 finished at 331836 total bytes 4000
Flow Roce_659_0 14256 finished at 331940 total bytes 4000
Flow Roce_649_0 14216 finished at 331948 total bytes 4000
Flow Roce_832_0 14948 finished at 332053 total bytes 4000
Flow Roce_707_0 14448 finished at 332064 total bytes 4000
Flow Roce_746_0 14604 finished at 332200 total bytes 4000
Flow Roce_589_0 13976 finished at 332340 total bytes 4000
Flow Roce_995_0 15600 finished at 332449 total bytes 4000
Flow Roce_722_0 14508 finished at 332490 total bytes 4000
Flow Roce_782_0 14748 finished at 332532 total bytes 4000
Flow Roce_972_0 15508 finished at 332554 total bytes 4000
Flow Roce_954_0 15436 finished at 332673 total bytes 4000
Flow Roce_975_0 15520 finished at 332993 total bytes 4000
Flow Roce_633_0 14152 finished at 333106 total bytes 4000
Flow Roce_997_0 15608 finished at 333197 total bytes 4000
Flow Roce_525_0 13720 finished at 333628 total bytes 4000
Flow Roce_781_0 14744 finished at 333640 total bytes 4000
Flow Roce_744_0 14596 finished at 333657 total bytes 4000
Flow Roce_721_0 14504 finished at 333702 total bytes 4000
Flow Roce_803_0 14832 finished at 334141 total bytes 4000
Flow Roce_650_0 14220 finished at 334316 total bytes 4000
Flow Roce_737_0 14568 finished at 334391 total bytes 4000
Flow Roce_807_0 14848 finished at 334535 total bytes 4000
Flow Roce_914_0 15276 finished at 334547 total bytes 4000
Flow Roce_655_0 14240 finished at 334570 total bytes 4000
Flow Roce_706_0 14444 finished at 334614 total bytes 4000
Flow Roce_678_0 14332 finished at 334618 total bytes 4000
Flow Roce_747_0 14608 finished at 334659 total bytes 4000
Flow Roce_748_0 14612 finished at 334737 total bytes 4000
Flow Roce_672_0 14308 finished at 334800 total bytes 4000
Flow Roce_527_0 13728 finished at 334901 total bytes 4000
Flow Roce_743_0 14592 finished at 335383 total bytes 4000
Flow Roce_749_0 14616 finished at 335386 total bytes 4000
Flow Roce_944_0 15396 finished at 335451 total bytes 4000
Flow Roce_526_0 13724 finished at 335587 total bytes 4000
Flow Roce_723_0 14512 finished at 335644 total bytes 4000
Flow Roce_741_0 14584 finished at 335735 total bytes 4000
Flow Roce_675_0 14320 finished at 335741 total bytes 4000
Flow Roce_750_0 14620 finished at 335868 total bytes 4000
Flow Roce_727_0 14528 finished at 335907 total bytes 4000
Flow Roce_946_0 15404 finished at 335909 total bytes 4000
Flow Roce_524_0 13716 finished at 335997 total bytes 4000
Flow Roce_745_0 14600 finished at 336102 total bytes 4000
Flow Roce_978_0 15532 finished at 336310 total bytes 4000
Flow Roce_979_0 15536 finished at 336370 total bytes 4000
Flow Roce_983_0 15552 finished at 336390 total bytes 4000
Flow Roce_977_0 15528 finished at 336590 total bytes 4000
Flow Roce_980_0 15540 finished at 336668 total bytes 4000
Flow Roce_982_0 15548 finished at 336675 total bytes 4000
Flow Roce_981_0 15544 finished at 336741 total bytes 4000
New: 0 Rtx: 0
PFC_PAUSES 373686 PFC_PAUSE_US 1.91476e+08 MAX_QUEUE_BYTES 113792
OVERFLOW_COUNT 0
