.......Flow Roce_1018_0 15692 finished at 391021 total bytes 16000
.Flow Roce_1019_0 15696 finished at 403154 total bytes 16000
Flow Roce_968_0 15492 finished at 415056 total bytes 16000
Flow Roce_751_0 14624 finished at 447902 total bytes 16000
.Flow Roce_970_0 15500 finished at 452388 total bytes 16000
Flow Roce_616_0 14084 finished at 457147 total bytes 16000
Flow Roce_967_0 15488 finished at 457840 total bytes 16000
Flow Roce_960_0 15460 finished at 483934 total bytes 16000
Flow Roce_679_0 14336 finished at 488339 total bytes 16000
Flow Roce_620_0 14100 finished at 488878 total bytes 16000
Flow Roce_831_0 14944 finished at 489272 total bytes 16000
.Flow Roce_824_0 14916 finished at 514387 total bytes 16000
Flow Roce_677_0 14328 finished at 537669 total bytes 16000
|Flow Roce_685_0 14360 finished at 559585 total bytes 16000
Flow Roce_665_0 14280 finished at 563353 total bytes 16000
Flow Roce_702_0 14428 finished at 563956 total bytes 16000
Flow Roce_686_0 14364 finished at 565529 total bytes 16000
Flow Roce_783_0 14752 finished at 573562 total bytes 16000
Flow Roce_763_0 14672 finished at 599776 total bytes 16000
.Flow Roce_669_0 14296 finished at 601485 total bytes 16000
Flow Roce_780_0 14740 finished at 606344 total bytes 16000
Flow Roce_683_0 14352 finished at 610625 total bytes 16000
Flow Roce_869_0 15096 finished at 614338 total bytes 16000
Flow Roce_765_0 14680 finished at 615770 total bytes 16000
Flow Roce_637_0 14168 finished at 618176 total bytes 16000
Flow Roce_804_0 14836 finished at 620781 total bytes 16000
Flow Roce_976_0 15524 finished at 624298 total bytes 16000
Flow Roce_635_0 14160 finished at 626832 total bytes 16000
Flow Roce_801_0 14824 finished at 630211 total bytes 16000
Flow Roce_762_0 14668 finished at 633717 total bytes 16000
Flow Roce_700_0 14420 finished at 635063 total bytes 16000
Flow Roce_698_0 14412 finished at 640966 total bytes 16000
Flow Roce_640_0 14180 finished at 644084 total bytes 16000
Flow Roce_776_0 14724 finished at 649544 total bytes 16000
.Flow Roce_643_0 14192 finished at 661665 total bytes 16000
Flow Roce_731_0 14544 finished at 666766 total bytes 16000
Flow Roce_733_0 14552 finished at 677351 total bytes 16000
Flow Roce_641_0 14184 finished at 680155 total bytes 16000
Flow Roce_729_0 14536 finished at 682478 total bytes 16000
Flow Roce_790_0 14780 finished at 686834 total bytes 16000
Flow Roce_634_0 14156 finished at 687281 total bytes 16000
Flow Roce_784_0 14756 finished at 693898 total bytes 16000
Flow Roce_865_0 15080 finished at 694018 total bytes 16000
Flow Roce_924_0 15316 finished at 696527 total bytes 16000
Flow Roce_768_0 14692 finished at 699957 total bytes 16000
.Flow Roce_559_0 13856 finished at 703805 total bytes 16000
Flow Roce_552_0 13828 finished at 705770 total bytes 16000
Flow Roce_555_0 13840 finished at 713421 total bytes 16000
Flow Roce_734_0 14556 finished at 721071 total bytes 16000
Flow Roce_771_0 14704 finished at 736319 total bytes 16000
Flow Roce_769_0 14696 finished at 736868 total bytes 16000
Flow Roce_537_0 13768 finished at 737925 total bytes 16000
Flow Roce_927_0 15328 finished at 741625 total bytes 16000
Flow Roce_770_0 14700 finished at 745194 total bytes 16000
Flow Roce_1005_0 15640 finished at 745325 total bytes 16000
Flow Roce_590_0 13980 finished at 747208 total bytes 16000
Flow Roce_536_0 13764 finished at 747702 total bytes 16000
.Flow Roce_757_0 14648 finished at 751338 total bytes 16000
Flow Roce_609_0 14056 finished at 751985 total bytes 16000
Flow Roce_984_0 15556 finished at 754489 total bytes 16000
Flow Roce_986_0 15564 finished at 759272 total bytes 16000
Flow Roce_608_0 14052 finished at 772378 total bytes 16000
Flow Roce_532_0 13748 finished at 779868 total bytes 16000
Flow Roce_613_0 14072 finished at 780304 total bytes 16000
Flow Roce_611_0 14064 finished at 780499 total bytes 16000
Flow Roce_1001_0 15624 finished at 784992 total bytes 16000
Flow Roce_810_0 14860 finished at 788676 total bytes 16000
Flow Roce_894_0 15196 finished at 791071 total bytes 16000
Flow Roce_922_0 15308 finished at 794493 total bytes 16000
Flow Roce_529_0 13736 finished at 795417 total bytes 16000
Flow Roce_811_0 14864 finished at 796197 total bytes 16000
Flow Roce_534_0 13756 finished at 796803 total bytes 16000
.Flow Roce_923_0 15312 finished at 802238 total bytes 16000
Flow Roce_753_0 14632 finished at 812010 total bytes 16000
Flow Roce_888_0 15172 finished at 812942 total bytes 16000
Flow Roce_809_0 14856 finished at 816033 total bytes 16000
Flow Roce_812_0 14868 finished at 818000 total bytes 16000
Flow Roce_535_0 13760 finished at 824390 total bytes 16000
Flow Roce_835_0 14960 finished at 827348 total bytes 16000
Flow Roce_724_0 14516 finished at 829091 total bytes 16000
Flow Roce_1002_0 15628 finished at 829643 total bytes 16000
Flow Roce_918_0 15292 finished at 830978 total bytes 16000
Flow Roce_541_0 13784 finished at 833049 total bytes 16000
Flow Roce_716_0 14484 finished at 833542 total bytes 16000
Flow Roce_538_0 13772 finished at 836167 total bytes 16000
Flow Roce_891_0 15184 finished at 838589 total bytes 16000
Flow Roce_725_0 14520 finished at 838790 total bytes 16000
Flow Roce_833_0 14952 finished at 839586 total bytes 16000
Flow Roce_846_0 15004 finished at 849452 total bytes 16000
.Flow Roce_814_0 14876 finished at 851661 total bytes 16000
Flow Roce_815_0 14880 finished at 853839 total bytes 16000
Flow Roce_717_0 14488 finished at 856086 total bytes 16000
Flow Roce_808_0 14852 finished at 858890 total bytes 16000
Flow Roce_813_0 14872 finished at 859872 total bytes 16000
Flow Roce_606_0 14044 finished at 860632 total bytes 16000
Flow Roce_642_0 14188 finished at 860845 total bytes 16000
Flow Roce_628_0 14132 finished at 875814 total bytes 16000
Flow Roce_913_0 15272 finished at 884955 total bytes 16000
Flow Roce_955_0 15440 finished at 886543 total bytes 16000
Flow Roce_838_0 14972 finished at 890392 total bytes 16000
Flow Roce_883_0 15152 finished at 891076 total bytes 16000
Flow Roce_919_0 15296 finished at 899550 total bytes 16000
.Flow Roce_720_0 14500 finished at 900980 total bytes 16000
Flow Roce_644_0 14196 finished at 901740 total bytes 16000
Flow Roce_952_0 15428 finished at 905069 total bytes 16000
Flow Roce_646_0 14204 finished at 907113 total bytes 16000
Flow Roce_645_0 14200 finished at 907873 total bytes 16000
Flow Roce_880_0 15140 finished at 909512 total bytes 16000
Flow Roce_625_0 14120 finished at 909733 total bytes 16000
Flow Roce_647_0 14208 finished at 913658 total bytes 16000
Flow Roce_692_0 14388 finished at 924284 total bytes 16000
Flow Roce_998_0 15612 finished at 925981 total bytes 16000
Flow Roce_936_0 15364 finished at 928182 total bytes 16000
Flow Roce_907_0 15248 finished at 929083 total bytes 16000
Flow Roce_607_0 14048 finished at 929830 total bytes 16000
Flow Roce_726_0 14524 finished at 931527 total bytes 16000
Flow Roce_580_0 13940 finished at 931979 total bytes 16000
Flow Roce_600_0 14020 finished at 932179 total bytes 16000
Flow Roce_910_0 15260 finished at 939183 total bytes 16000
Flow Roce_994_0 15596 finished at 945079 total bytes 16000
Flow Roce_691_0 14384 finished at 945863 total bytes 16000
Flow Roce_886_0 15164 finished at 949547 total bytes 16000
.Flow Roce_626_0 14124 finished at 950036 total bytes 16000
Flow Roce_760_0 14660 finished at 950793 total bytes 16000
Flow Roce_843_0 14992 finished at 951596 total bytes 16000
Flow Roce_992_0 15588 finished at 953771 total bytes 16000
Flow Roce_921_0 15304 finished at 959342 total bytes 16000
Flow Roce_554_0 13836 finished at 960456 total bytes 16000
Flow Roce_630_0 14140 finished at 961995 total bytes 16000
Flow Roce_582_0 13948 finished at 964663 total bytes 16000
Flow Roce_827_0 14928 finished at 969784 total bytes 16000
Flow Roce_576_0 13924 finished at 970812 total bytes 16000
Flow Roce_926_0 15324 finished at 971393 total bytes 16000
Flow Roce_583_0 13952 finished at 973608 total bytes 16000
Flow Roce_876_0 15124 finished at 977338 total bytes 16000
Flow Roce_841_0 14984 finished at 978456 total bytes 16000
Flow Roce_766_0 14684 finished at 978536 total bytes 16000
Flow Roce_690_0 14380 finished at 980317 total bytes 16000
Flow Roce_959_0 15456 finished at 983494 total bytes 16000
Flow Roce_557_0 13848 finished at 984641 total bytes 16000
Flow Roce_695_0 14400 finished at 985163 total bytes 16000
Flow Roce_520_0 13700 finished at 985511 total bytes 16000
Flow Roce_764_0 14676 finished at 987676 total bytes 16000
Flow Roce_579_0 13936 finished at 989466 total bytes 16000
Flow Roce_826_0 14924 finished at 992579 total bytes 16000
Flow Roce_558_0 13852 finished at 993696 total bytes 16000
Flow Roce_939_0 15376 finished at 995943 total bytes 16000
Flow Roce_521_0 13704 finished at 996296 total bytes 16000
Flow Roce_874_0 15116 finished at 997557 total bytes 16000
.Flow Roce_761_0 14664 finished at 1.00018e+06 total bytes 16000
Flow Roce_908_0 15252 finished at 1.00259e+06 total bytes 16000
Flow Roce_593_0 13992 finished at 1.00527e+06 total bytes 16000
Flow Roce_767_0 14688 finished at 1.00709e+06 total bytes 16000
Flow Roce_595_0 14000 finished at 1.00723e+06 total bytes 16000
Flow Roce_553_0 13832 finished at 1.00864e+06 total bytes 16000
Flow Roce_574_0 13916 finished at 1.01364e+06 total bytes 16000
Flow Roce_575_0 13920 finished at 1.01384e+06 total bytes 16000
Flow Roce_873_0 15112 finished at 1.0168e+06 total bytes 16000
Flow Roce_794_0 14796 finished at 1.02453e+06 total bytes 16000
Flow Roce_793_0 14792 finished at 1.02724e+06 total bytes 16000
Flow Roce_522_0 13708 finished at 1.0275e+06 total bytes 16000
Flow Roce_596_0 14004 finished at 1.02841e+06 total bytes 16000
Flow Roce_571_0 13904 finished at 1.02849e+06 total bytes 16000
Flow Roce_872_0 15108 finished at 1.03015e+06 total bytes 16000
Flow Roce_556_0 13844 finished at 1.03204e+06 total bytes 16000
Flow Roce_925_0 15320 finished at 1.03577e+06 total bytes 16000
Flow Roce_533_0 13752 finished at 1.03637e+06 total bytes 16000
Flow Roce_920_0 15300 finished at 1.03934e+06 total bytes 16000
Flow Roce_857_0 15048 finished at 1.04046e+06 total bytes 16000
Flow Roce_798_0 14812 finished at 1.04643e+06 total bytes 16000
Flow Roce_605_0 14040 finished at 1.04942e+06 total bytes 16000
Flow Roce_592_0 13988 finished at 1.04997e+06 total bytes 16000
.Flow Roce_530_0 13740 finished at 1.05185e+06 total bytes 16000
Flow Roce_539_0 13776 finished at 1.05233e+06 total bytes 16000
Flow Roce_550_0 13820 finished at 1.05504e+06 total bytes 16000
Flow Roce_597_0 14008 finished at 1.05544e+06 total bytes 16000
Flow Roce_828_0 14932 finished at 1.05638e+06 total bytes 16000
Flow Roce_543_0 13792 finished at 1.05788e+06 total bytes 16000
Flow Roce_859_0 15056 finished at 1.06045e+06 total bytes 16000
Flow Roce_652_0 14228 finished at 1.06556e+06 total bytes 16000
Flow Roce_523_0 13712 finished at 1.0669e+06 total bytes 16000
Flow Roce_825_0 14920 finished at 1.06917e+06 total bytes 16000
Flow Roce_829_0 14936 finished at 1.06982e+06 total bytes 16000
Flow Roce_830_0 14940 finished at 1.07093e+06 total bytes 16000
Flow Roce_602_0 14028 finished at 1.07171e+06 total bytes 16000
Flow Roce_615_0 14080 finished at 1.07737e+06 total bytes 16000
Flow Roce_797_0 14808 finished at 1.07786e+06 total bytes 16000
Flow Roce_604_0 14036 finished at 1.07793e+06 total bytes 16000
Flow Roce_1008_0 15652 finished at 1.08136e+06 total bytes 16000
Flow Roce_742_0 14588 finished at 1.08235e+06 total bytes 16000
Flow Roce_739_0 14576 finished at 1.08318e+06 total bytes 16000
Flow Roce_568_0 13892 finished at 1.08846e+06 total bytes 16000
Flow Roce_570_0 13900 finished at 1.08885e+06 total bytes 16000
Flow Roce_565_0 13880 finished at 1.09018e+06 total bytes 16000
Flow Roce_601_0 14024 finished at 1.09242e+06 total bytes 16000
Flow Roce_818_0 14892 finished at 1.09267e+06 total bytes 16000
Flow Roce_618_0 14092 finished at 1.09522e+06 total bytes 16000
|Flow Roce_619_0 14096 finished at 1.10026e+06 total bytes 16000
Flow Roce_599_0 14016 finished at 1.10345e+06 total bytes 16000
Flow Roce_622_0 14108 finished at 1.10731e+06 total bytes 16000
Flow Roce_1010_0 15660 finished at 1.10898e+06 total bytes 16000
Flow Roce_736_0 14564 finished at 1.11145e+06 total bytes 16000
Flow Roce_612_0 14068 finished at 1.11179e+06 total bytes 16000
Flow Roce_512_0 13668 finished at 1.11187e+06 total bytes 16000
Flow Roce_1009_0 15656 finished at 1.11213e+06 total bytes 16000
Flow Roce_687_0 14368 finished at 1.11257e+06 total bytes 16000
Flow Roce_1021_0 15704 finished at 1.1159e+06 total bytes 16000
Flow Roce_856_0 15044 finished at 1.11611e+06 total bytes 16000
Flow Roce_528_0 13732 finished at 1.11703e+06 total bytes 16000
Flow Roce_653_0 14232 finished at 1.11848e+06 total bytes 16000
Flow Roce_513_0 13672 finished at 1.11871e+06 total bytes 16000
Flow Roce_1013_0 15672 finished at 1.11912e+06 total bytes 16000
Flow Roce_1014_0 15676 finished at 1.11952e+06 total bytes 16000
Flow Roce_911_0 15264 finished at 1.11973e+06 total bytes 16000
Flow Roce_614_0 14076 finished at 1.11979e+06 total bytes 16000
Flow Roce_906_0 15244 finished at 1.12309e+06 total bytes 16000
Flow Roce_651_0 14224 finished at 1.12379e+06 total bytes 16000
Flow Roce_531_0 13744 finished at 1.12537e+06 total bytes 16000
Flow Roce_542_0 13788 finished at 1.12716e+06 total bytes 16000
Flow Roce_1023_0 15712 finished at 1.1326e+06 total bytes 16000
Flow Roce_560_0 13860 finished at 1.1335e+06 total bytes 16000
Flow Roce_667_0 14288 finished at 1.13411e+06 total bytes 16000
Flow Roce_863_0 15072 finished at 1.13521e+06 total bytes 16000
Flow Roce_861_0 15064 finished at 1.13523e+06 total bytes 16000
Flow Roce_617_0 14088 finished at 1.13801e+06 total bytes 16000
Flow Roce_603_0 14032 finished at 1.14149e+06 total bytes 16000
Flow Roce_862_0 15068 finished at 1.14265e+06 total bytes 16000
Flow Roce_701_0 14424 finished at 1.14283e+06 total bytes 16000
Flow Roce_594_0 13996 finished at 1.14471e+06 total bytes 16000
Flow Roce_703_0 14432 finished at 1.14474e+06 total bytes 16000
Flow Roce_901_0 15224 finished at 1.14704e+06 total bytes 16000
Flow Roce_699_0 14416 finished at 1.14842e+06 total bytes 16000
Flow Roce_680_0 14340 finished at 1.14863e+06 total bytes 16000
Flow Roce_681_0 14344 finished at 1.14903e+06 total bytes 16000
.Flow Roce_546_0 13804 finished at 1.15002e+06 total bytes 16000
Flow Roce_795_0 14800 finished at 1.15085e+06 total bytes 16000
Flow Roce_598_0 14012 finished at 1.15206e+06 total bytes 16000
Flow Roce_540_0 13780 finished at 1.15452e+06 total bytes 16000
Flow Roce_711_0 14464 finished at 1.15499e+06 total bytes 16000
Flow Roce_697_0 14408 finished at 1.15524e+06 total bytes 16000
Flow Roce_860_0 15060 finished at 1.15658e+06 total bytes 16000
Flow Roce_792_0 14788 finished at 1.15668e+06 total bytes 16000
Flow Roce_661_0 14264 finished at 1.15733e+06 total bytes 16000
Flow Roce_1017_0 15688 finished at 1.15917e+06 total bytes 16000
Flow Roce_515_0 13680 finished at 1.16398e+06 total bytes 16000
Flow Roce_668_0 14292 finished at 1.16507e+06 total bytes 16000
Flow Roce_670_0 14300 finished at 1.16512e+06 total bytes 16000
Flow Roce_671_0 14304 finished at 1.16516e+06 total bytes 16000
Flow Roce_902_0 15228 finished at 1.16711e+06 total bytes 16000
Flow Roce_1020_0 15700 finished at 1.16745e+06 total bytes 16000
Flow Roce_896_0 15204 finished at 1.16809e+06 total bytes 16000
Flow Roce_877_0 15128 finished at 1.16864e+06 total bytes 16000
Flow Roce_796_0 14804 finished at 1.16878e+06 total bytes 16000
Flow Roce_708_0 14452 finished at 1.1689e+06 total bytes 16000
Flow Roce_562_0 13868 finished at 1.16943e+06 total bytes 16000
Flow Roce_519_0 13696 finished at 1.17312e+06 total bytes 16000
Flow Roce_610_0 14060 finished at 1.17403e+06 total bytes 16000
Flow Roce_657_0 14248 finished at 1.17454e+06 total bytes 16000
Flow Roce_623_0 14112 finished at 1.1761e+06 total bytes 16000
Flow Roce_544_0 13796 finished at 1.17726e+06 total bytes 16000
Flow Roce_1016_0 15684 finished at 1.17805e+06 total bytes 16000
Flow Roce_1012_0 15668 finished at 1.18155e+06 total bytes 16000
Flow Roce_696_0 14404 finished at 1.18226e+06 total bytes 16000
Flow Roce_694_0 14396 finished at 1.18405e+06 total bytes 16000
Flow Roce_899_0 15216 finished at 1.18466e+06 total bytes 16000
Flow Roce_662_0 14268 finished at 1.18549e+06 total bytes 16000
Flow Roce_850_0 15020 finished at 1.18673e+06 total bytes 16000
Flow Roce_545_0 13800 finished at 1.18736e+06 total bytes 16000
Flow Roce_878_0 15132 finished at 1.18743e+06 total bytes 16000
Flow Roce_684_0 14356 finished at 1.18773e+06 total bytes 16000
Flow Roce_821_0 14904 finished at 1.19019e+06 total bytes 16000
Flow Roce_898_0 15212 finished at 1.19144e+06 total bytes 16000
Flow Roce_518_0 13692 finished at 1.19387e+06 total bytes 16000
Flow Roce_549_0 13816 finished at 1.19548e+06 total bytes 16000
Flow Roce_551_0 13824 finished at 1.19634e+06 total bytes 16000
Flow Roce_799_0 14816 finished at 1.19663e+06 total bytes 16000
Flow Roce_819_0 14896 finished at 1.19691e+06 total bytes 16000
Flow Roce_868_0 15092 finished at 1.19745e+06 total bytes 16000
Flow Roce_1004_0 15636 finished at 1.1977e+06 total bytes 16000
Flow Roce_666_0 14284 finished at 1.19843e+06 total bytes 16000
Flow Roce_1007_0 15648 finished at 1.19908e+06 total bytes 16000
Flow Roce_567_0 13888 finished at 1.19954e+06 total bytes 16000
.Flow Roce_682_0 14348 finished at 1.20047e+06 total bytes 16000
Flow Roce_548_0 13812 finished at 1.20156e+06 total bytes 16000
Flow Roce_631_0 14144 finished at 1.20222e+06 total bytes 16000
Flow Roce_786_0 14764 finished at 1.20387e+06 total bytes 16000
Flow Roce_1003_0 15632 finished at 1.2091e+06 total bytes 16000
Flow Roce_547_0 13808 finished at 1.20988e+06 total bytes 16000
Flow Roce_787_0 14768 finished at 1.2103e+06 total bytes 16000
Flow Roce_664_0 14276 finished at 1.21108e+06 total bytes 16000
Flow Roce_658_0 14252 finished at 1.21132e+06 total bytes 16000
Flow Roce_866_0 15084 finished at 1.21174e+06 total bytes 16000
Flow Roce_791_0 14784 finished at 1.21183e+06 total bytes 16000
Flow Roce_864_0 15076 finished at 1.21444e+06 total bytes 16000
Flow Roce_514_0 13676 finished at 1.21488e+06 total bytes 16000
Flow Roce_561_0 13864 finished at 1.21524e+06 total bytes 16000
Flow Roce_788_0 14772 finished at 1.21533e+06 total bytes 16000
Flow Roce_900_0 15220 finished at 1.21543e+06 total bytes 16000
Flow Roce_789_0 14776 finished at 1.21547e+06 total bytes 16000
Flow Roce_875_0 15120 finished at 1.21555e+06 total bytes 16000
Flow Roce_930_0 15340 finished at 1.21629e+06 total bytes 16000
Flow Roce_688_0 14372 finished at 1.21746e+06 total bytes 16000
Flow Roce_858_0 15052 finished at 1.2219e+06 total bytes 16000
Flow Roce_629_0 14136 finished at 1.22296e+06 total bytes 16000
Flow Roce_569_0 13896 finished at 1.22314e+06 total bytes 16000
Flow Roce_851_0 15024 finished at 1.22358e+06 total bytes 16000
Flow Roce_909_0 15256 finished at 1.2239e+06 total bytes 16000
Flow Roce_855_0 15040 finished at 1.22431e+06 total bytes 16000
Flow Roce_517_0 13688 finished at 1.22449e+06 total bytes 16000
Flow Roce_710_0 14460 finished at 1.22523e+06 total bytes 16000
Flow Roce_867_0 15088 finished at 1.2257e+06 total bytes 16000
Flow Roce_935_0 15360 finished at 1.22774e+06 total bytes 16000
Flow Roce_627_0 14128 finished at 1.22812e+06 total bytes 16000
Flow Roce_621_0 14104 finished at 1.23126e+06 total bytes 16000
Flow Roce_934_0 15356 finished at 1.23175e+06 total bytes 16000
Flow Roce_693_0 14392 finished at 1.23197e+06 total bytes 16000
Flow Roce_1022_0 15708 finished at 1.23228e+06 total bytes 16000
Flow Roce_563_0 13872 finished at 1.2324e+06 total bytes 16000
Flow Roce_566_0 13884 finished at 1.23278e+06 total bytes 16000
Flow Roce_752_0 14628 finished at 1.23278e+06 total bytes 16000
Flow Roce_903_0 15232 finished at 1.23281e+06 total bytes 16000
Flow Roce_905_0 15240 finished at 1.23387e+06 total bytes 16000
Flow Roce_904_0 15236 finished at 1.23646e+06 total bytes 16000
Flow Roce_660_0 14260 finished at 1.23651e+06 total bytes 16000
Flow Roce_897_0 15208 finished at 1.23674e+06 total bytes 16000
Flow Roce_572_0 13908 finished at 1.23782e+06 total bytes 16000
Flow Roce_871_0 15104 finished at 1.2384e+06 total bytes 16000
Flow Roce_881_0 15144 finished at 1.23878e+06 total bytes 16000
Flow Roce_931_0 15344 finished at 1.23892e+06 total bytes 16000
Flow Roce_730_0 14540 finished at 1.24127e+06 total bytes 16000
Flow Roce_758_0 14652 finished at 1.24263e+06 total bytes 16000
Flow Roce_879_0 15136 finished at 1.24282e+06 total bytes 16000
Flow Roce_754_0 14636 finished at 1.24284e+06 total bytes 16000
Flow Roce_951_0 15424 finished at 1.24294e+06 total bytes 16000
Flow Roce_884_0 15156 finished at 1.24704e+06 total bytes 16000
Flow Roce_755_0 14640 finished at 1.24884e+06 total bytes 16000
Flow Roce_728_0 14532 finished at 1.24885e+06 total bytes 16000
Flow Roce_887_0 15168 finished at 1.24924e+06 total bytes 16000
Flow Roce_870_0 15100 finished at 1.24967e+06 total bytes 16000
Flow Roce_961_0 15464 finished at 1.2497e+06 total bytes 16000
.Flow Roce_1000_0 15620 finished at 1.25206e+06 total bytes 16000
Flow Roce_756_0 14644 finished at 1.25213e+06 total bytes 16000
Flow Roce_854_0 15036 finished at 1.25426e+06 total bytes 16000
Flow Roce_785_0 14760 finished at 1.25512e+06 total bytes 16000
Flow Roce_624_0 14116 finished at 1.25623e+06 total bytes 16000
Flow Roce_564_0 13876 finished at 1.25667e+06 total bytes 16000
Flow Roce_949_0 15416 finished at 1.25713e+06 total bytes 16000
Flow Roce_718_0 14492 finished at 1.25724e+06 total bytes 16000
Flow Roce_689_0 14376 finished at 1.25797e+06 total bytes 16000
Flow Roce_933_0 15352 finished at 1.25805e+06 total bytes 16000
Flow Roce_516_0 13684 finished at 1.25808e+06 total bytes 16000
Flow Roce_963_0 15472 finished at 1.25961e+06 total bytes 16000
Flow Roce_852_0 15028 finished at 1.26165e+06 total bytes 16000
Flow Roce_848_0 15012 finished at 1.26245e+06 total bytes 16000
Flow Roce_962_0 15468 finished at 1.26261e+06 total bytes 16000
Flow Roce_990_0 15580 finished at 1.26279e+06 total bytes 16000
Flow Roce_1006_0 15644 finished at 1.26384e+06 total bytes 16000
Flow Roce_845_0 15000 finished at 1.26423e+06 total bytes 16000
Flow Roce_775_0 14720 finished at 1.26446e+06 total bytes 16000
Flow Roce_578_0 13932 finished at 1.26489e+06 total bytes 16000
Flow Roce_853_0 15032 finished at 1.26873e+06 total bytes 16000
Flow Roce_950_0 15420 finished at 1.26888e+06 total bytes 16000
Flow Roce_985_0 15560 finished at 1.26899e+06 total bytes 16000
Flow Roce_713_0 14472 finished at 1.27239e+06 total bytes 16000
Flow Roce_988_0 15572 finished at 1.27241e+06 total bytes 16000
Flow Roce_820_0 14900 finished at 1.27243e+06 total bytes 16000
Flow Roce_715_0 14480 finished at 1.27331e+06 total bytes 16000
Flow Roce_712_0 14468 finished at 1.27336e+06 total bytes 16000
Flow Roce_965_0 15480 finished at 1.27421e+06 total bytes 16000
Flow Roce_928_0 15332 finished at 1.27472e+06 total bytes 16000
Flow Roce_885_0 15160 finished at 1.2749e+06 total bytes 16000
Flow Roce_714_0 14476 finished at 1.27491e+06 total bytes 16000
Flow Roce_735_0 14560 finished at 1.27528e+06 total bytes 16000
Flow Roce_929_0 15336 finished at 1.27592e+06 total bytes 16000
Flow Roce_822_0 14908 finished at 1.2761e+06 total bytes 16000
Flow Roce_816_0 14884 finished at 1.27671e+06 total bytes 16000
Flow Roce_849_0 15016 finished at 1.27676e+06 total bytes 16000
Flow Roce_842_0 14988 finished at 1.27681e+06 total bytes 16000
Flow Roce_932_0 15348 finished at 1.27839e+06 total bytes 16000
Flow Roce_774_0 14716 finished at 1.27852e+06 total bytes 16000
Flow Roce_732_0 14548 finished at 1.28036e+06 total bytes 16000
Flow Roce_989_0 15576 finished at 1.28153e+06 total bytes 16000
Flow Roce_987_0 15568 finished at 1.28285e+06 total bytes 16000
Flow Roce_991_0 15584 finished at 1.28309e+06 total bytes 16000
Flow Roce_844_0 14996 finished at 1.28309e+06 total bytes 16000
Flow Roce_573_0 13912 finished at 1.28355e+06 total bytes 16000
Flow Roce_912_0 15268 finished at 1.28546e+06 total bytes 16000
Flow Roce_772_0 14708 finished at 1.28599e+06 total bytes 16000
Flow Roce_759_0 14656 finished at 1.28631e+06 total bytes 16000
Flow Roce_773_0 14712 finished at 1.28691e+06 total bytes 16000
Flow Roce_847_0 15008 finished at 1.28968e+06 total bytes 16000
Flow Roce_966_0 15484 finished at 1.28969e+06 total bytes 16000
Flow Roce_577_0 13928 finished at 1.29009e+06 total bytes 16000
Flow Roce_719_0 14496 finished at 1.29149e+06 total bytes 16000
Flow Roce_937_0 15368 finished at 1.29162e+06 total bytes 16000
Flow Roce_581_0 13944 finished at 1.29311e+06 total bytes 16000
Flow Roce_964_0 15476 finished at 1.29379e+06 total bytes 16000
Flow Roce_882_0 15148 finished at 1.29689e+06 total bytes 16000
Flow Roce_1015_0 15680 finished at 1.29693e+06 total bytes 16000
Flow Roce_840_0 14980 finished at 1.29776e+06 total bytes 16000
Flow Roce_656_0 14244 finished at 1.29804e+06 total bytes 16000
Flow Roce_586_0 13964 finished at 1.29825e+06 total bytes 16000
Flow Roce_584_0 13956 finished at 1.29837e+06 total bytes 16000
.Flow Roce_638_0 14172 finished at 1.30003e+06 total bytes 16000
Flow Roce_779_0 14736 finished at 1.3001e+06 total bytes 16000
Flow Roce_917_0 15288 finished at 1.30191e+06 total bytes 16000
Flow Roce_817_0 14888 finished at 1.3022e+06 total bytes 16000
Flow Roce_1011_0 15664 finished at 1.30523e+06 total bytes 16000
Flow Roce_834_0 14956 finished at 1.30532e+06 total bytes 16000
Flow Roce_588_0 13972 finished at 1.30583e+06 total bytes 16000
Flow Roce_916_0 15284 finished at 1.30667e+06 total bytes 16000
Flow Roce_823_0 14912 finished at 1.30674e+06 total bytes 16000
Flow Roce_639_0 14176 finished at 1.30732e+06 total bytes 16000
Flow Roce_915_0 15280 finished at 1.30799e+06 total bytes 16000
Flow Roce_914_0 15276 finished at 1.30845e+06 total bytes 16000
Flow Roce_839_0 14976 finished at 1.30904e+06 total bytes 16000
Flow Roce_890_0 15180 finished at 1.31066e+06 total bytes 16000
Flow Roce_938_0 15372 finished at 1.31128e+06 total bytes 16000
Flow Roce_777_0 14728 finished at 1.31172e+06 total bytes 16000
Flow Roce_778_0 14732 finished at 1.31175e+06 total bytes 16000
Flow Roce_889_0 15176 finished at 1.31251e+06 total bytes 16000
Flow Roce_705_0 14440 finished at 1.31262e+06 total bytes 16000
Flow Roce_659_0 14256 finished at 1.31283e+06 total bytes 16000
Flow Roce_589_0 13976 finished at 1.3129e+06 total bytes 16000
Flow Roce_591_0 13984 finished at 1.31292e+06 total bytes 16000
Flow Roce_836_0 14964 finished at 1.3141e+06 total bytes 16000
Flow Roce_709_0 14456 finished at 1.31439e+06 total bytes 16000
Flow Roce_958_0 15452 finished at 1.31455e+06 total bytes 16000
Flow Roce_837_0 14968 finished at 1.31473e+06 total bytes 16000
Flow Roce_895_0 15200 finished at 1.31486e+06 total bytes 16000
Flow Roce_971_0 15504 finished at 1.31551e+06 total bytes 16000
Flow Roce_632_0 14148 finished at 1.31552e+06 total bytes 16000
Flow Roce_892_0 15188 finished at 1.31808e+06 total bytes 16000
Flow Roce_942_0 15388 finished at 1.31833e+06 total bytes 16000
Flow Roce_782_0 14748 finished at 1.31909e+06 total bytes 16000
Flow Roce_956_0 15444 finished at 1.31955e+06 total bytes 16000
Flow Roce_649_0 14216 finished at 1.3214e+06 total bytes 16000
Flow Roce_954_0 15436 finished at 1.32179e+06 total bytes 16000
Flow Roce_943_0 15392 finished at 1.32217e+06 total bytes 16000
Flow Roce_999_0 15616 finished at 1.32222e+06 total bytes 16000
Flow Roce_953_0 15432 finished at 1.3241e+06 total bytes 16000
Flow Roce_940_0 15380 finished at 1.32435e+06 total bytes 16000
Flow Roce_973_0 15512 finished at 1.32441e+06 total bytes 16000
Flow Roce_654_0 14236 finished at 1.32493e+06 total bytes 16000
Flow Roce_941_0 15384 finished at 1.32524e+06 total bytes 16000
Flow Roce_832_0 14948 finished at 1.32574e+06 total bytes 16000
Flow Roce_957_0 15448 finished at 1.32597e+06 total bytes 16000
Flow Roce_585_0 13960 finished at 1.32639e+06 total bytes 16000
Flow Roce_781_0 14744 finished at 1.32687e+06 total bytes 16000
Flow Roce_948_0 15412 finished at 1.32718e+06 total bytes 16000
Flow Roce_893_0 15192 finished at 1.32729e+06 total bytes 16000
Flow Roce_663_0 14272 finished at 1.32741e+06 total bytes 16000
Flow Roce_636_0 14164 finished at 1.32855e+06 total bytes 16000
Flow Roce_972_0 15508 finished at 1.32987e+06 total bytes 16000
Flow Roce_969_0 15496 finished at 1.33065e+06 total bytes 16000
Flow Roce_974_0 15516 finished at 1.33066e+06 total bytes 16000
Flow Roce_633_0 14152 finished at 1.33122e+06 total bytes 16000
Flow Roce_806_0 14844 finished at 1.33184e+06 total bytes 16000
Flow Roce_587_0 13968 finished at 1.33233e+06 total bytes 16000
Flow Roce_975_0 15520 finished at 1.33233e+06 total bytes 16000
Flow Roce_648_0 14212 finished at 1.33284e+06 total bytes 16000
Flow Roce_650_0 14220 finished at 1.33311e+06 total bytes 16000
Flow Roce_704_0 14436 finished at 1.33331e+06 total bytes 16000
Flow Roce_707_0 14448 finished at 1.33391e+06 total bytes 16000
Flow Roce_674_0 14316 finished at 1.33413e+06 total bytes 16000
Flow Roce_673_0 14312 finished at 1.33526e+06 total bytes 16000
Flow Roce_706_0 14444 finished at 1.3355e+06 total bytes 16000
Flow Roce_721_0 14504 finished at 1.33748e+06 total bytes 16000
Flow Roce_672_0 14308 finished at 1.3377e+06 total bytes 16000
Flow Roce_800_0 14820 finished at 1.33806e+06 total bytes 16000
Flow Roce_802_0 14828 finished at 1.33807e+06 total bytes 16000
Flow Roce_746_0 14604 finished at 1.33811e+06 total bytes 16000
Flow Roce_676_0 14324 finished at 1.33908e+06 total bytes 16000
Flow Roce_995_0 15600 finished at 1.33935e+06 total bytes 16000
Flow Roce_748_0 14612 finished at 1.33945e+06 total bytes 16000
Flow Roce_747_0 14608 finished at 1.33973e+06 total bytes 16000
Flow Roce_805_0 14840 finished at 1.34028e+06 total bytes 16000
Flow Roce_947_0 15408 finished at 1.3405e+06 total bytes 16000
Flow Roce_655_0 14240 finished at 1.34081e+06 total bytes 16000
Flow Roce_997_0 15608 finished at 1.341e+06 total bytes 16000
Flow Roce_527_0 13728 finished at 1.34166e+06 total bytes 16000
Flow Roce_738_0 14572 finished at 1.3422e+06 total bytes 16000
Flow Roce_996_0 15604 finished at 1.34268e+06 total bytes 16000
Flow Roce_803_0 14832 finished at 1.34273e+06 total bytes 16000
Flow Roce_525_0 13720 finished at 1.34321e+06 total bytes 16000
Flow Roce_722_0 14508 finished at 1.34388e+06 total bytes 16000
Flow Roce_749_0 14616 finished at 1.34393e+06 total bytes 16000
Flow Roce_993_0 15592 finished at 1.34407e+06 total bytes 16000
Flow Roce_740_0 14580 finished at 1.34413e+06 total bytes 16000
Flow Roce_944_0 15396 finished at 1.34447e+06 total bytes 16000
Flow Roce_807_0 14848 finished at 1.34447e+06 total bytes 16000
Flow Roce_678_0 14332 finished at 1.34451e+06 total bytes 16000
Flow Roce_727_0 14528 finished at 1.34468e+06 total bytes 16000
Flow Roce_526_0 13724 finished at 1.345e+06 total bytes 16000
Flow Roce_737_0 14568 finished at 1.34504e+06 total bytes 16000
Flow Roce_745_0 14600 finished at 1.3451e+06 total bytes 16000
Flow Roce_723_0 14512 finished at 1.34516e+06 total bytes 16000
Flow Roce_946_0 15404 finished at 1.34526e+06 total bytes 16000
Flow Roce_945_0 15400 finished at 1.34538e+06 total bytes 16000
Flow Roce_524_0 13716 finished at 1.34599e+06 total bytes 16000
Flow Roce_744_0 14596 finished at 1.34602e+06 total bytes 16000
Flow Roce_675_0 14320 finished at 1.34609e+06 total bytes 16000
Flow Roce_750_0 14620 finished at 1.34632e+06 total bytes 16000
Flow Roce_741_0 14584 finished at 1.34659e+06 total bytes 16000
Flow Roce_743_0 14592 finished at 1.34729e+06 total bytes 16000
Flow Roce_983_0 15552 finished at 1.34962e+06 total bytes 16000
Flow Roce_980_0 15540 finished at 1.3498e+06 total bytes 16000
Flow Roce_977_0 15528 finished at 1.34983e+06 total bytes 16000
Flow Roce_981_0 15544 finished at 1.34986e+06 total bytes 16000
Flow Roce_978_0 15532 finished at 1.34993e+06 total bytes 16000
Flow Roce_982_0 15548 finished at 1.34997e+06 total bytes 16000
.Flow Roce_979_0 15536 finished at 1.35009e+06 total bytes 16000
New: 0 Rtx: 0
PFC_PAUSES 1480099 PFC_PAUSE_US 7.56721e+08 MAX_QUEUE_BYTES 113792
OVERFLOW_COUNT 0
