.......Flow Roce_118_0 3964 finished at 367041 total bytes 25000
Flow Roce_67_0 3760 finished at 367581 total bytes 25000
Flow Roce_95_0 3872 finished at 369507 total bytes 25000
Flow Roce_125_0 3992 finished at 371991 total bytes 25000
Flow Roce_119_0 3968 finished at 373095 total bytes 25000
Flow Roce_121_0 3976 finished at 373656 total bytes 25000
Flow Roce_102_0 3900 finished at 374545 total bytes 25000
Flow Roce_111_0 3936 finished at 375200 total bytes 25000
Flow Roce_107_0 3920 finished at 375847 total bytes 25000
Flow Roce_73_0 3784 finished at 376287 total bytes 25000
Flow Roce_113_0 3944 finished at 377034 total bytes 25000
Flow Roce_66_0 3756 finished at 377758 total bytes 25000
Flow Roce_82_0 3820 finished at 378470 total bytes 25000
Flow Roce_87_0 3840 finished at 378522 total bytes 25000
Flow Roce_64_0 3748 finished at 379060 total bytes 25000
Flow Roce_98_0 3884 finished at 379205 total bytes 25000
Flow Roce_89_0 3848 finished at 379598 total bytes 25000
Flow Roce_122_0 3980 finished at 379707 total bytes 25000
Flow Roce_106_0 3916 finished at 379764 total bytes 25000
Flow Roce_101_0 3896 finished at 379789 total bytes 25000
Flow Roce_68_0 3764 finished at 379939 total bytes 25000
Flow Roce_86_0 3836 finished at 380131 total bytes 25000
Flow Roce_88_0 3844 finished at 380304 total bytes 25000
Flow Roce_75_0 3792 finished at 380333 total bytes 25000
Flow Roce_92_0 3860 finished at 380677 total bytes 25000
Flow Roce_77_0 3800 finished at 380879 total bytes 25000
Flow Roce_127_0 4000 finished at 381466 total bytes 25000
Flow Roce_70_0 3772 finished at 381955 total bytes 25000
Flow Roce_93_0 3864 finished at 382223 total bytes 25000
Flow Roce_71_0 3776 finished at 382898 total bytes 25000
Flow Roce_116_0 3956 finished at 383059 total bytes 25000
Flow Roce_115_0 3952 finished at 383211 total bytes 25000
Flow Roce_96_0 3876 finished at 383243 total bytes 25000
Flow Roce_69_0 3768 finished at 383836 total bytes 25000
Flow Roce_112_0 3940 finished at 384239 total bytes 25000
Flow Roce_124_0 3988 finished at 384516 total bytes 25000
Flow Roce_109_0 3928 finished at 384590 total bytes 25000
Flow Roce_103_0 3904 finished at 384827 total bytes 25000
Flow Roce_84_0 3828 finished at 385017 total bytes 25000
Flow Roce_117_0 3960 finished at 385609 total bytes 25000
Flow Roce_78_0 3804 finished at 385704 total bytes 25000
Flow Roce_110_0 3932 finished at 388329 total bytes 25000
Flow Roce_81_0 3816 finished at 388853 total bytes 25000
Flow Roce_104_0 3908 finished at 388962 total bytes 25000
Flow Roce_72_0 3780 finished at 389065 total bytes 25000
Flow Roce_100_0 3892 finished at 389179 total bytes 25000
Flow Roce_74_0 3788 finished at 389217 total bytes 25000
Flow Roce_120_0 3972 finished at 389250 total bytes 25000
Flow Roce_80_0 3812 finished at 389361 total bytes 25000
Flow Roce_123_0 3984 finished at 389383 total bytes 25000
Flow Roce_94_0 3868 finished at 389420 total bytes 25000
Flow Roce_108_0 3924 finished at 389559 total bytes 25000
Flow Roce_91_0 3856 finished at 389755 total bytes 25000
Flow Roce_114_0 3948 finished at 389949 total bytes 25000
Flow Roce_105_0 3912 finished at 390175 total bytes 25000
Flow Roce_65_0 3752 finished at 390280 total bytes 25000
Flow Roce_90_0 3852 finished at 390310 total bytes 25000
Flow Roce_126_0 3996 finished at 390387 total bytes 25000
Flow Roce_83_0 3824 finished at 390514 total bytes 25000
Flow Roce_97_0 3880 finished at 390527 total bytes 25000
Flow Roce_85_0 3832 finished at 390593 total bytes 25000
Flow Roce_99_0 3888 finished at 390624 total bytes 25000
Flow Roce_79_0 3808 finished at 390629 total bytes 25000
Flow Roce_76_0 3796 finished at 390726 total bytes 25000
New: 0 Rtx: 0
PFC_PAUSES 81130 PFC_PAUSE_US 1.77008e+06 MAX_QUEUE_BYTES 113792
OVERFLOW_COUNT 0
