Flow Roce_16_60 1828 finished at 15875.2 total bytes 25000
Flow Roce_16_59 1824 finished at 16519.1 total bytes 25000
Flow Roce_16_61 1832 finished at 16558.5 total bytes 25000
Flow Roce_3_22 1624 finished at 31680 total bytes 25000
Flow Roce_3_21 1620 finished at 35104.4 total bytes 25000
Flow Roce_3_0 1612 finished at 38622.6 total bytes 25000
Flow Roce_1_0 1592 finished at 38824.5 total bytes 25000
Flow Roce_2_0 1596 finished at 39270.5 total bytes 25000
Flow Roce_16_0 1820 finished at 42459.7 total bytes 25000
.Flow Roce_6_31 1672 finished at 68027.9 total bytes 25000
Flow Roce_6_29 1664 finished at 69937.7 total bytes 25000
Flow Roce_4_25 1640 finished at 70420.7 total bytes 25000
Flow Roce_7_32 1680 finished at 71302.9 total bytes 25000
Flow Roce_6_30 1668 finished at 71676.8 total bytes 25000
Flow Roce_4_0 1628 finished at 74783.3 total bytes 25000
Flow Roce_6_0 1660 finished at 75574.7 total bytes 25000
Flow Roce_5_0 1644 finished at 75948.7 total bytes 25000
Flow Roce_7_0 1676 finished at 76617.1 total bytes 25000
Flow Roce_9_39 1716 finished at 77465.2 total bytes 25000
Flow Roce_8_35 1696 finished at 77617.1 total bytes 25000
Flow Roce_10_41 1728 finished at 78699.9 total bytes 25000
Flow Roce_9_40 1720 finished at 78959.9 total bytes 25000
Flow Roce_10_42 1732 finished at 78987.1 total bytes 25000
Flow Roce_9_0 1708 finished at 81684.1 total bytes 25000
Flow Roce_10_0 1724 finished at 83725 total bytes 25000
Flow Roce_8_0 1692 finished at 83902.8 total bytes 25000
Flow Roce_11_0 1740 finished at 83976.4 total bytes 25000
Flow Roce_12_0 1756 finished at 94204.4 total bytes 25000
Flow Roce_13_0 1772 finished at 94325.8 total bytes 25000
Flow Roce_15_0 1804 finished at 94355.6 total bytes 25000
Flow Roce_13_52 1784 finished at 97084.7 total bytes 25000
Flow Roce_14_0 1788 finished at 97876.1 total bytes 25000
Flow Roce_12_48 1764 finished at 99569 total bytes 25000
.Flow Roce_12_49 1768 finished at 100404 total bytes 25000
Flow Roce_2_17 1600 finished at 127916 total bytes 25000
Flow Roce_3_20 1616 finished at 127973 total bytes 25000
Flow Roce_2_18 1604 finished at 130858 total bytes 25000
Flow Roce_2_19 1608 finished at 131528 total bytes 25000
Flow Roce_12_47 1760 finished at 135654 total bytes 25000
Flow Roce_15_58 1816 finished at 137467 total bytes 25000
Flow Roce_13_51 1780 finished at 138040 total bytes 25000
Flow Roce_13_50 1776 finished at 138877 total bytes 25000
Flow Roce_14_53 1792 finished at 139090 total bytes 25000
Flow Roce_14_55 1800 finished at 139144 total bytes 25000
Flow Roce_14_54 1796 finished at 139637 total bytes 25000
Flow Roce_11_46 1752 finished at 140540 total bytes 25000
Flow Roce_8_36 1700 finished at 141087 total bytes 25000
Flow Roce_15_56 1808 finished at 141240 total bytes 25000
Flow Roce_11_44 1744 finished at 141628 total bytes 25000
Flow Roce_15_57 1812 finished at 141759 total bytes 25000
Flow Roce_11_45 1748 finished at 141986 total bytes 25000
Flow Roce_9_38 1712 finished at 142321 total bytes 25000
Flow Roce_8_37 1704 finished at 142399 total bytes 25000
Flow Roce_10_43 1736 finished at 143064 total bytes 25000
Flow Roce_5_28 1656 finished at 143677 total bytes 25000
Flow Roce_5_27 1652 finished at 143715 total bytes 25000
Flow Roce_7_34 1688 finished at 143873 total bytes 25000
Flow Roce_4_23 1632 finished at 144268 total bytes 25000
Flow Roce_7_33 1684 finished at 144469 total bytes 25000
Flow Roce_5_26 1648 finished at 144487 total bytes 25000
Flow Roce_4_24 1636 finished at 144581 total bytes 25000
New: 0 Rtx: 0
PFC_PAUSES 6607 PFC_PAUSE_US 30986.2 MAX_QUEUE_BYTES 113792
OVERFLOW_COUNT 0
