Flow Roce_60_62 3228 finished at 655.729 total bytes 4000
Flow Roce_1_2 3116 finished at 656.33 total bytes 4000
Flow Roce_0_3 3172 finished at 660.327 total bytes 4000
Flow Roce_122_116 2816 finished at 663.574 total bytes 4000
Flow Roce_13_11 3144 finished at 972.941 total bytes 4000
Flow Roce_12_0 3208 finished at 1014.34 total bytes 4000
Flow Roce_57_52 3232 finished at 1347.29 total bytes 4000
Flow Roce_116_122 2980 finished at 1412.83 total bytes 4000
Flow Roce_19_24 3012 finished at 1497.49 total bytes 4000
Flow Roce_46_43 2768 finished at 1512.77 total bytes 4000
Flow Roce_2_4 3132 finished at 1684.13 total bytes 4000
Flow Roce_65_16 2992 finished at 1726.15 total bytes 4000
Flow Roce_97_111 3256 finished at 1762.12 total bytes 4000
Flow Roce_66_49 2952 finished at 1863.75 total bytes 4000
Flow Roce_93_86 3128 finished at 1911.51 total bytes 4000
Flow Roce_84_99 2788 finished at 1917.61 total bytes 4000
Flow Roce_49_100 3192 finished at 1957.32 total bytes 4000
Flow Roce_111_106 3044 finished at 2073.13 total bytes 4000
Flow Roce_7_30 2836 finished at 2078.23 total bytes 4000
Flow Roce_71_66 2772 finished at 2183.05 total bytes 4000
Flow Roce_5_113 2928 finished at 2305.4 total bytes 4000
Flow Roce_51_95 2800 finished at 2358.33 total bytes 4000
Flow Roce_22_117 2876 finished at 2430.5 total bytes 4000
Flow Roce_123_64 3236 finished at 2436.75 total bytes 4000
Flow Roce_106_79 3196 finished at 2702.01 total bytes 4000
Flow Roce_86_73 2872 finished at 2727.42 total bytes 4000
Flow Roce_10_33 2912 finished at 2853.17 total bytes 4000
Flow Roce_104_37 3076 finished at 2856.58 total bytes 4000
Flow Roce_48_45 3220 finished at 2882.95 total bytes 4000
Flow Roce_61_114 2864 finished at 2905.08 total bytes 4000
Flow Roce_92_120 3156 finished at 2923.27 total bytes 4000
Flow Roce_30_13 2972 finished at 2954.33 total bytes 4000
Flow Roce_126_97 2976 finished at 2969.55 total bytes 4000
Flow Roce_125_91 2960 finished at 2993.66 total bytes 4000
Flow Roce_39_124 2884 finished at 3021.89 total bytes 4000
Flow Roce_127_22 3160 finished at 3024.19 total bytes 4000
Flow Roce_35_88 2940 finished at 3047.42 total bytes 4000
Flow Roce_98_76 3176 finished at 3074.12 total bytes 4000
Flow Roce_64_82 3024 finished at 3165.4 total bytes 4000
Flow Roce_67_34 3096 finished at 3282.62 total bytes 4000
Flow Roce_55_78 3188 finished at 3350.36 total bytes 4000
Flow Roce_118_58 3180 finished at 3452 total bytes 4000
Flow Roce_107_51 2904 finished at 3702.43 total bytes 4000
Flow Roce_96_59 2924 finished at 3703.36 total bytes 4000
Flow Roce_27_1 3108 finished at 3711.91 total bytes 4000
Flow Roce_90_38 2968 finished at 3783.41 total bytes 4000
Flow Roce_8_46 3252 finished at 3801.58 total bytes 4000
Flow Roce_28_14 3092 finished at 3822.28 total bytes 4000
Flow Roce_31_12 2996 finished at 3835.1 total bytes 4000
Flow Roce_114_57 3112 finished at 3916.21 total bytes 4000
Flow Roce_18_126 3008 finished at 3973.03 total bytes 4000
Flow Roce_44_8 3072 finished at 3976.07 total bytes 4000
Flow Roce_25_87 2984 finished at 4035.83 total bytes 4000
Flow Roce_50_94 2900 finished at 4036.04 total bytes 4000
Flow Roce_121_6 2988 finished at 4036.6 total bytes 4000
Flow Roce_6_48 2916 finished at 4048.62 total bytes 4000
Flow Roce_38_5 2828 finished at 4050.77 total bytes 4000
Flow Roce_23_115 3040 finished at 4051.82 total bytes 4000
Flow Roce_112_65 2956 finished at 4109.03 total bytes 4000
Flow Roce_117_81 3164 finished at 4118.04 total bytes 4000
Flow Roce_100_53 3216 finished at 4119.07 total bytes 4000
Flow Roce_17_125 2792 finished at 4136.16 total bytes 4000
Flow Roce_58_93 3060 finished at 4230.72 total bytes 4000
Flow Roce_101_90 2944 finished at 4354.32 total bytes 4000
Flow Roce_110_80 2868 finished at 4354.34 total bytes 4000
Flow Roce_119_96 3084 finished at 4358.59 total bytes 4000
Flow Roce_24_39 3016 finished at 4368.78 total bytes 4000
Flow Roce_41_110 2848 finished at 4373.96 total bytes 4000
Flow Roce_108_7 3264 finished at 4431.82 total bytes 4000
Flow Roce_113_55 2784 finished at 4477.41 total bytes 4000
Flow Roce_115_9 3124 finished at 4489.23 total bytes 4000
Flow Roce_120_63 3032 finished at 4627.93 total bytes 4000
Flow Roce_26_44 3212 finished at 4662.82 total bytes 4000
Flow Roce_54_35 3104 finished at 4663.9 total bytes 4000
Flow Roce_20_40 2852 finished at 4702.75 total bytes 4000
Flow Roce_74_47 2896 finished at 4706.37 total bytes 4000
Flow Roce_53_83 3048 finished at 4774.32 total bytes 4000
Flow Roce_75_23 3148 finished at 4893.85 total bytes 4000
Flow Roce_105_92 2860 finished at 4905.65 total bytes 4000
Flow Roce_77_42 3184 finished at 4909.35 total bytes 4000
Flow Roce_99_77 2804 finished at 4911.53 total bytes 4000
Flow Roce_79_56 2856 finished at 4933.29 total bytes 4000
Flow Roce_34_109 3272 finished at 5035.18 total bytes 4000
Flow Roce_109_32 3136 finished at 5106.7 total bytes 4000
Flow Roce_33_105 2908 finished at 5115.89 total bytes 4000
Flow Roce_95_15 2780 finished at 5120.71 total bytes 4000
Flow Roce_37_103 3056 finished at 5135.41 total bytes 4000
Flow Roce_15_70 3244 finished at 5141.85 total bytes 4000
Flow Roce_94_19 2812 finished at 5233.79 total bytes 4000
Flow Roce_103_67 3052 finished at 5309.56 total bytes 4000
Flow Roce_89_29 3168 finished at 5353.75 total bytes 4000
Flow Roce_87_17 2820 finished at 5356.55 total bytes 4000
Flow Roce_91_31 3100 finished at 5372.69 total bytes 4000
Flow Roce_78_21 3068 finished at 5375.88 total bytes 4000
Flow Roce_4_118 2796 finished at 5423.3 total bytes 4000
Flow Roce_56_108 3088 finished at 5428.74 total bytes 4000
Flow Roce_82_20 3064 finished at 5479.33 total bytes 4000
Flow Roce_32_72 3248 finished at 5512.45 total bytes 4000
Flow Roce_76_123 2808 finished at 5539.88 total bytes 4000
Flow Roce_14_127 2764 finished at 5559.09 total bytes 4000
Flow Roce_11_119 2948 finished at 5577.15 total bytes 4000
Flow Roce_62_68 3204 finished at 5615.94 total bytes 4000
Flow Roce_16_101 2840 finished at 5715.04 total bytes 4000
Flow Roce_43_89 2936 finished at 5727.18 total bytes 4000
Flow Roce_52_75 2888 finished at 5831.76 total bytes 4000
Flow Roce_45_28 2932 finished at 5842.88 total bytes 4000
Flow Roce_102_61 3260 finished at 5853 total bytes 4000
Flow Roce_36_85 2776 finished at 5871.63 total bytes 4000
Flow Roce_59_71 2920 finished at 5931.29 total bytes 4000
Flow Roce_3_69 3200 finished at 5957.18 total bytes 4000
Flow Roce_42_60 3028 finished at 5989.87 total bytes 4000
Flow Roce_29_74 3152 finished at 6130.02 total bytes 4000
Flow Roce_124_18 2832 finished at 6211.07 total bytes 4000
Flow Roce_9_84 2880 finished at 6273.18 total bytes 4000
Flow Roce_21_107 2844 finished at 6274.08 total bytes 4000
Flow Roce_47_27 2964 finished at 6279.36 total bytes 4000
Flow Roce_69_10 3120 finished at 6338.03 total bytes 4000
Flow Roce_40_98 3140 finished at 6358.76 total bytes 4000
Flow Roce_63_25 3240 finished at 6378.2 total bytes 4000
Flow Roce_72_121 3268 finished at 6463.84 total bytes 4000
Flow Roce_68_26 3004 finished at 6750.24 total bytes 4000
Flow Roce_70_112 3080 finished at 6948.95 total bytes 4000
Flow Roce_73_41 3036 finished at 7286.01 total bytes 4000
Flow Roce_80_36 2824 finished at 7567.11 total bytes 4000
Flow Roce_88_54 2892 finished at 7590.38 total bytes 4000
Flow Roce_81_50 3000 finished at 7620.47 total bytes 4000
Flow Roce_83_104 3224 finished at 8287.96 total bytes 4000
Flow Roce_85_102 3020 finished at 8312.4 total bytes 4000
New: 0 Rtx: 0
PFC_PAUSES 2044 PFC_PAUSE_US 19886.2 MAX_QUEUE_BYTES 117728
OVERFLOW_COUNT 0
