Flow Roce_0_3 2000 finished at 2612.04 total bytes 16000
Flow Roce_60_62 2056 finished at 3186.73 total bytes 16000
Flow Roce_1_2 1944 finished at 3202.9 total bytes 16000
Flow Roce_71_66 1600 finished at 5650.24 total bytes 16000
Flow Roce_46_43 1596 finished at 5661.35 total bytes 16000
Flow Roce_19_24 1840 finished at 5713.64 total bytes 16000
Flow Roce_97_111 2084 finished at 5790 total bytes 16000
Flow Roce_57_52 2060 finished at 6095.19 total bytes 16000
Flow Roce_2_4 1960 finished at 6999.88 total bytes 16000
Flow Roce_93_86 1956 finished at 7149.95 total bytes 16000
Flow Roce_122_116 1644 finished at 7387.92 total bytes 16000
Flow Roce_111_106 1872 finished at 7694.23 total bytes 16000
Flow Roce_116_122 1808 finished at 8246.33 total bytes 16000
Flow Roce_124_18 1660 finished at 9457.6 total bytes 16000
Flow Roce_13_11 1972 finished at 10042 total bytes 16000
Flow Roce_12_0 2036 finished at 10052.2 total bytes 16000
Flow Roce_31_12 1824 finished at 10858.7 total bytes 16000
Flow Roce_118_58 2008 finished at 10867.9 total bytes 16000
Flow Roce_27_1 1936 finished at 11133.4 total bytes 16000
Flow Roce_4_118 1624 finished at 12087 total bytes 16000
Flow Roce_64_82 1852 finished at 12480.2 total bytes 16000
Flow Roce_62_68 2032 finished at 12663.9 total bytes 16000
Flow Roce_8_46 2080 finished at 12871.8 total bytes 16000
Flow Roce_108_7 2092 finished at 12939.7 total bytes 16000
Flow Roce_52_75 1716 finished at 13026.6 total bytes 16000
Flow Roce_119_96 1912 finished at 13038.2 total bytes 16000
Flow Roce_59_71 1748 finished at 14429.6 total bytes 16000
Flow Roce_53_83 1876 finished at 15138.1 total bytes 16000
Flow Roce_50_94 1728 finished at 15339.9 total bytes 16000
Flow Roce_14_127 1592 finished at 15350.9 total bytes 16000
Flow Roce_109_32 1964 finished at 15660.7 total bytes 16000
Flow Roce_88_54 1720 finished at 16551.1 total bytes 16000
Flow Roce_10_33 1740 finished at 16995.6 total bytes 16000
Flow Roce_63_25 2068 finished at 17067.8 total bytes 16000
Flow Roce_125_91 1788 finished at 17495.9 total bytes 16000
Flow Roce_115_9 1952 finished at 17915.2 total bytes 16000
Flow Roce_66_49 1780 finished at 18253.4 total bytes 16000
Flow Roce_79_56 1684 finished at 18776 total bytes 16000
Flow Roce_121_6 1816 finished at 19147.5 total bytes 16000
Flow Roce_85_102 1848 finished at 19565 total bytes 16000
Flow Roce_40_98 1968 finished at 19595 total bytes 16000
Flow Roce_92_120 1984 finished at 20683.7 total bytes 16000
Flow Roce_95_15 1608 finished at 20842.3 total bytes 16000
Flow Roce_5_113 1756 finished at 21093.4 total bytes 16000
Flow Roce_37_103 1884 finished at 21230.6 total bytes 16000
Flow Roce_39_124 1712 finished at 21326.8 total bytes 16000
Flow Roce_94_19 1640 finished at 21358.2 total bytes 16000
Flow Roce_72_121 2096 finished at 21428.5 total bytes 16000
Flow Roce_67_34 1924 finished at 22056.3 total bytes 16000
Flow Roce_80_36 1652 finished at 22143.6 total bytes 16000
Flow Roce_73_41 1864 finished at 22290.3 total bytes 16000
Flow Roce_104_37 1904 finished at 22349.5 total bytes 16000
Flow Roce_33_105 1736 finished at 22451.6 total bytes 16000
Flow Roce_11_119 1776 finished at 23565.7 total bytes 16000
Flow Roce_34_109 2100 finished at 23734.4 total bytes 16000
Flow Roce_44_8 1900 finished at 23778.3 total bytes 16000
Flow Roce_30_13 1800 finished at 23800.9 total bytes 16000
Flow Roce_21_107 1672 finished at 23820.9 total bytes 16000
Flow Roce_41_110 1676 finished at 23905.9 total bytes 16000
Flow Roce_28_14 1920 finished at 23966.4 total bytes 16000
Flow Roce_48_45 2048 finished at 24074.1 total bytes 16000
Flow Roce_45_28 1760 finished at 24476.4 total bytes 16000
Flow Roce_23_115 1868 finished at 24539.8 total bytes 16000
Flow Roce_42_60 1856 finished at 24590.9 total bytes 16000
Flow Roce_54_35 1932 finished at 24600.7 total bytes 16000
Flow Roce_78_21 1896 finished at 24705.7 total bytes 16000
Flow Roce_17_125 1620 finished at 24776.9 total bytes 16000
Flow Roce_105_92 1688 finished at 24859.8 total bytes 16000
Flow Roce_101_90 1772 finished at 24967 total bytes 16000
Flow Roce_7_30 1664 finished at 25101.6 total bytes 16000
Flow Roce_9_84 1708 finished at 25129.9 total bytes 16000
Flow Roce_38_5 1656 finished at 25259.2 total bytes 16000
Flow Roce_90_38 1796 finished at 25359.1 total bytes 16000
Flow Roce_47_27 1792 finished at 25587 total bytes 16000
Flow Roce_68_26 1832 finished at 25696.8 total bytes 16000
Flow Roce_61_114 1692 finished at 25725.9 total bytes 16000
Flow Roce_16_101 1668 finished at 26049.1 total bytes 16000
Flow Roce_82_20 1892 finished at 26814.2 total bytes 16000
Flow Roce_87_17 1648 finished at 26833.8 total bytes 16000
Flow Roce_6_48 1744 finished at 26895.4 total bytes 16000
Flow Roce_91_31 1928 finished at 27128.8 total bytes 16000
Flow Roce_89_29 1996 finished at 27202.4 total bytes 16000
Flow Roce_117_81 1992 finished at 27497.4 total bytes 16000
Flow Roce_32_72 2076 finished at 27699.8 total bytes 16000
Flow Roce_18_126 1836 finished at 27877.5 total bytes 16000
Flow Roce_76_123 1636 finished at 28550 total bytes 16000
Flow Roce_69_10 1948 finished at 28619.8 total bytes 16000
Flow Roce_107_51 1732 finished at 28658.2 total bytes 16000
Flow Roce_110_80 1696 finished at 28662.6 total bytes 16000
Flow Roce_56_108 1916 finished at 28685.3 total bytes 16000
Flow Roce_49_100 2020 finished at 28699.3 total bytes 16000
Flow Roce_127_22 1988 finished at 28710.5 total bytes 16000
Flow Roce_102_61 2088 finished at 28909.7 total bytes 16000
Flow Roce_22_117 1704 finished at 29003.7 total bytes 16000
Flow Roce_20_40 1680 finished at 29025.5 total bytes 16000
Flow Roce_24_39 1844 finished at 29448.3 total bytes 16000
Flow Roce_26_44 2040 finished at 29656.5 total bytes 16000
Flow Roce_65_16 1820 finished at 29685.1 total bytes 16000
Flow Roce_70_112 1908 finished at 29727.9 total bytes 16000
Flow Roce_100_53 2044 finished at 30005.7 total bytes 16000
Flow Roce_126_97 1804 finished at 30041.3 total bytes 16000
Flow Roce_96_59 1752 finished at 30067.2 total bytes 16000
Flow Roce_75_23 1976 finished at 30080.6 total bytes 16000
Flow Roce_29_74 1980 finished at 30113.8 total bytes 16000
Flow Roce_3_69 2028 finished at 30383.4 total bytes 16000
Flow Roce_74_47 1724 finished at 30762 total bytes 16000
Flow Roce_77_42 2012 finished at 31024 total bytes 16000
Flow Roce_84_99 1616 finished at 31623.4 total bytes 16000
Flow Roce_83_104 2052 finished at 31760.1 total bytes 16000
Flow Roce_58_93 1888 finished at 32816.1 total bytes 16000
Flow Roce_120_63 1860 finished at 33005.3 total bytes 16000
Flow Roce_51_95 1628 finished at 33157.3 total bytes 16000
Flow Roce_114_57 1940 finished at 33216.4 total bytes 16000
Flow Roce_113_55 1612 finished at 33470.9 total bytes 16000
Flow Roce_81_50 1828 finished at 34339.6 total bytes 16000
Flow Roce_15_70 2072 finished at 34967.7 total bytes 16000
Flow Roce_35_88 1768 finished at 36036.9 total bytes 16000
Flow Roce_43_89 1764 finished at 36554.1 total bytes 16000
Flow Roce_36_85 1604 finished at 36626.3 total bytes 16000
Flow Roce_99_77 1632 finished at 37177.5 total bytes 16000
Flow Roce_25_87 1812 finished at 37575 total bytes 16000
Flow Roce_103_67 1880 finished at 37962.1 total bytes 16000
Flow Roce_98_76 2004 finished at 38026.2 total bytes 16000
Flow Roce_106_79 2024 finished at 38370.8 total bytes 16000
Flow Roce_86_73 1700 finished at 39503.3 total bytes 16000
Flow Roce_55_78 2016 finished at 39660.1 total bytes 16000
Flow Roce_123_64 2064 finished at 40813 total bytes 16000
Flow Roce_112_65 1784 finished at 41044 total bytes 16000
New: 0 Rtx: 0
PFC_PAUSES 2116 PFC_PAUSE_US 26786.6 MAX_QUEUE_BYTES 117504
OVERFLOW_COUNT 0
