Flow Roce_60_62 4212 finished at 4086.4 total bytes 25000
Flow Roce_1_2 4100 finished at 4089.11 total bytes 25000
Flow Roce_19_24 3996 finished at 4093.87 total bytes 25000
Flow Roce_0_3 4156 finished at 4445.42 total bytes 25000
Flow Roce_100_53 4200 finished at 4974.31 total bytes 25000
Flow Roce_57_52 4216 finished at 5005.66 total bytes 25000
Flow Roce_93_86 4112 finished at 5542.78 total bytes 25000
Flow Roce_119_96 4068 finished at 5574.99 total bytes 25000
Flow Roce_28_14 4076 finished at 5708.14 total bytes 25000
Flow Roce_22_117 3860 finished at 5792.91 total bytes 25000
Flow Roce_97_111 4240 finished at 5838.39 total bytes 25000
Flow Roce_76_123 3792 finished at 7043 total bytes 25000
Flow Roce_12_0 4192 finished at 7161.38 total bytes 25000
Flow Roce_51_95 3784 finished at 7175.13 total bytes 25000
Flow Roce_68_26 3988 finished at 7212.91 total bytes 25000
Flow Roce_50_94 3884 finished at 7230.1 total bytes 25000
Flow Roce_104_37 4060 finished at 7234.52 total bytes 25000
Flow Roce_101_90 3928 finished at 7293.92 total bytes 25000
Flow Roce_26_44 4196 finished at 7339.92 total bytes 25000
Flow Roce_40_98 4124 finished at 7378.86 total bytes 25000
Flow Roce_98_76 4160 finished at 7408.97 total bytes 25000
Flow Roce_85_102 4004 finished at 7535.16 total bytes 25000
Flow Roce_36_85 3760 finished at 7667.77 total bytes 25000
Flow Roce_30_13 3956 finished at 7794.81 total bytes 25000
Flow Roce_61_114 3848 finished at 7797.5 total bytes 25000
Flow Roce_72_121 4252 finished at 7882.2 total bytes 25000
Flow Roce_73_41 4020 finished at 7924.25 total bytes 25000
Flow Roce_69_10 4104 finished at 8016.69 total bytes 25000
Flow Roce_14_127 3748 finished at 8105.01 total bytes 25000
Flow Roce_90_38 3952 finished at 8325.53 total bytes 25000
Flow Roce_112_65 3940 finished at 8334.82 total bytes 25000
Flow Roce_79_56 3840 finished at 8478.73 total bytes 25000
Flow Roce_67_34 4080 finished at 8810.36 total bytes 25000
Flow Roce_39_124 3868 finished at 9030.63 total bytes 25000
Flow Roce_124_18 3816 finished at 9081.64 total bytes 25000
Flow Roce_5_113 3912 finished at 9130.88 total bytes 25000
Flow Roce_92_120 4140 finished at 9273.19 total bytes 25000
Flow Roce_17_125 3776 finished at 10036.3 total bytes 25000
Flow Roce_21_107 3828 finished at 10077.3 total bytes 25000
Flow Roce_16_101 3824 finished at 10388.9 total bytes 25000
Flow Roce_59_71 3904 finished at 10409 total bytes 25000
Flow Roce_25_87 3968 finished at 10607 total bytes 25000
Flow Roce_83_104 4208 finished at 10653.2 total bytes 25000
Flow Roce_96_59 3908 finished at 10799.1 total bytes 25000
Flow Roce_3_69 4184 finished at 10830.3 total bytes 25000
Flow Roce_75_23 4132 finished at 11089.7 total bytes 25000
Flow Roce_52_75 3872 finished at 11151 total bytes 25000
Flow Roce_111_106 4028 finished at 11217.9 total bytes 25000
Flow Roce_77_42 4168 finished at 11487.4 total bytes 25000
Flow Roce_103_67 4036 finished at 11552.4 total bytes 25000
Flow Roce_71_66 3756 finished at 11555.5 total bytes 25000
Flow Roce_94_19 3796 finished at 11555.5 total bytes 25000
Flow Roce_20_40 3836 finished at 11557.5 total bytes 25000
Flow Roce_95_15 3764 finished at 11565.7 total bytes 25000
Flow Roce_10_33 3896 finished at 11567 total bytes 25000
Flow Roce_27_1 4092 finished at 11579.1 total bytes 25000
Flow Roce_74_47 3880 finished at 11696.4 total bytes 25000
Flow Roce_49_100 4176 finished at 11708.5 total bytes 25000
Flow Roce_109_32 4120 finished at 11776.7 total bytes 25000
Flow Roce_99_77 3788 finished at 11956.6 total bytes 25000
Flow Roce_42_60 4012 finished at 11962.3 total bytes 25000
Flow Roce_106_79 4180 finished at 12012.8 total bytes 25000
Flow Roce_13_11 4128 finished at 12064.3 total bytes 25000
Flow Roce_37_103 4040 finished at 12078.3 total bytes 25000
Flow Roce_86_73 3856 finished at 12081.3 total bytes 25000
Flow Roce_118_58 4164 finished at 12112.9 total bytes 25000
Flow Roce_18_126 3992 finished at 12239.6 total bytes 25000
Flow Roce_54_35 4088 finished at 12323.9 total bytes 25000
Flow Roce_46_43 3752 finished at 12328.4 total bytes 25000
Flow Roce_45_28 3916 finished at 12328.4 total bytes 25000
Flow Roce_123_64 4220 finished at 12394.4 total bytes 25000
Flow Roce_56_108 4072 finished at 12447 total bytes 25000
Flow Roce_9_84 3864 finished at 12455.3 total bytes 25000
Flow Roce_84_99 3772 finished at 12710.5 total bytes 25000
Flow Roce_32_72 4232 finished at 12744.1 total bytes 25000
Flow Roce_53_83 4032 finished at 12802.1 total bytes 25000
Flow Roce_88_54 3876 finished at 12884.6 total bytes 25000
Flow Roce_116_122 3964 finished at 13022.6 total bytes 25000
Flow Roce_91_31 4084 finished at 13078.2 total bytes 25000
Flow Roce_34_109 4256 finished at 13150.5 total bytes 25000
Flow Roce_11_119 3932 finished at 13866.1 total bytes 25000
Flow Roce_31_12 3980 finished at 14048.7 total bytes 25000
Flow Roce_108_7 4248 finished at 14117.3 total bytes 25000
Flow Roce_121_6 3972 finished at 14455.9 total bytes 25000
Flow Roce_2_4 4116 finished at 14664.9 total bytes 25000
Flow Roce_48_45 4204 finished at 14771.1 total bytes 25000
Flow Roce_35_88 3924 finished at 14908.7 total bytes 25000
Flow Roce_105_92 3844 finished at 15148.8 total bytes 25000
Flow Roce_43_89 3920 finished at 15322.7 total bytes 25000
Flow Roce_24_39 4000 finished at 15502 total bytes 25000
Flow Roce_15_70 4228 finished at 15910.2 total bytes 25000
Flow Roce_63_25 4224 finished at 16041.8 total bytes 25000
Flow Roce_80_36 3808 finished at 16229.6 total bytes 25000
Flow Roce_81_50 3984 finished at 16232.1 total bytes 25000
Flow Roce_23_115 4024 finished at 16589.8 total bytes 25000
Flow Roce_89_29 4152 finished at 16609.6 total bytes 25000
Flow Roce_7_30 3820 finished at 16658.8 total bytes 25000
Flow Roce_4_118 3780 finished at 16753.2 total bytes 25000
Flow Roce_33_105 3892 finished at 16910.5 total bytes 25000
Flow Roce_113_55 3768 finished at 16910.7 total bytes 25000
Flow Roce_114_57 4096 finished at 16916.4 total bytes 25000
Flow Roce_126_97 3960 finished at 16944.1 total bytes 25000
Flow Roce_8_46 4236 finished at 16960.2 total bytes 25000
Flow Roce_70_112 4064 finished at 16961.4 total bytes 25000
Flow Roce_122_116 3800 finished at 16993 total bytes 25000
Flow Roce_87_17 3804 finished at 17121 total bytes 25000
Flow Roce_41_110 3832 finished at 17123.6 total bytes 25000
Flow Roce_58_93 4044 finished at 17304.1 total bytes 25000
Flow Roce_38_5 3812 finished at 17314.3 total bytes 25000
Flow Roce_82_20 4048 finished at 17446.7 total bytes 25000
Flow Roce_44_8 4056 finished at 17469.7 total bytes 25000
Flow Roce_78_21 4052 finished at 17490.7 total bytes 25000
Flow Roce_115_9 4108 finished at 18307.9 total bytes 25000
Flow Roce_110_80 3852 finished at 18508.4 total bytes 25000
Flow Roce_125_91 3944 finished at 18573.7 total bytes 25000
Flow Roce_65_16 3976 finished at 18618.4 total bytes 25000
Flow Roce_127_22 4144 finished at 19703.6 total bytes 25000
Flow Roce_64_82 4008 finished at 20277.1 total bytes 25000
Flow Roce_6_48 3900 finished at 20464.3 total bytes 25000
Flow Roce_66_49 3936 finished at 20469.1 total bytes 25000
Flow Roce_107_51 3888 finished at 20568.1 total bytes 25000
Flow Roce_62_68 4188 finished at 20671.2 total bytes 25000
Flow Roce_55_78 4172 finished at 20729 total bytes 25000
Flow Roce_47_27 3948 finished at 21563.8 total bytes 25000
Flow Roce_120_63 4016 finished at 21683.1 total bytes 25000
Flow Roce_102_61 4244 finished at 21783.3 total bytes 25000
Flow Roce_117_81 4148 finished at 21835.4 total bytes 25000
Flow Roce_29_74 4136 finished at 22075.4 total bytes 25000
New: 0 Rtx: 0
PFC_PAUSES 1527 PFC_PAUSE_US 8393.22 MAX_QUEUE_BYTES 116672
OVERFLOW_COUNT 0
