.Flow Uec_115_0 flowId 52 uecSrc 51 finished at 86565.1 total messages 1 total packets 24474 RTS 0 total bytes 100000764 in_flight now 0 fair_inc 0 prop_inc 0 fast_inc 0 eta_inc 1329 multi_dec -0 quick_dec -128205 nack_dec -481400
Flow Uec_69_0 flowId 6 uecSrc 5 finished at 86567.3 total messages 1 total packets 24474 RTS 0 total bytes 100000764 in_flight now 0 fair_inc 0 prop_inc 215 fast_inc 0 eta_inc 1329 multi_dec -0 quick_dec -68776 nack_dec -477250
Flow Uec_71_0 flowId 8 uecSrc 7 finished at 86578.2 total messages 1 total packets 24474 RTS 0 total bytes 100000764 in_flight now 0 fair_inc 0 prop_inc 0 fast_inc 0 eta_inc 1329 multi_dec -0 quick_dec -99155 nack_dec -493850
Flow Uec_67_0 flowId 4 uecSrc 3 finished at 94445.9 total messages 1 total packets 24474 RTS 0 total bytes 100000764 in_flight now 0 fair_inc 19624 prop_inc 349 fast_inc 0 eta_inc 6645 multi_dec -0 quick_dec -157255 nack_dec -477250
.Flow Uec_74_0 flowId 11 uecSrc 10 finished at 100554 total messages 1 total packets 24474 RTS 0 total bytes 100000764 in_flight now 0 fair_inc 54582 prop_inc 33 fast_inc 0 eta_inc 17277 multi_dec -0 quick_dec -49355 nack_dec -522900
Flow Uec_89_0 flowId 26 uecSrc 25 finished at 110305 total messages 1 total packets 24474 RTS 0 total bytes 100000764 in_flight now 0 fair_inc 58775 prop_inc 0 fast_inc 0 eta_inc 22593 multi_dec -0 quick_dec -41055 nack_dec -572700
...Flow Uec_117_0 flowId 54 uecSrc 53 finished at 251901 total messages 1 total packets 24474 RTS 0 total bytes 100000764 in_flight now 0 fair_inc 1563839 prop_inc 827 fast_inc 0 eta_inc 13559787 multi_dec -15797136 quick_dec -537110 nack_dec -1772050
Flow Uec_91_0 flowId 28 uecSrc 27 finished at 252169 total messages 1 total packets 24474 RTS 0 total bytes 100000764 in_flight now 0 fair_inc 1438160 prop_inc 16047 fast_inc 0 eta_inc 13574406 multi_dec -15751681 quick_dec -400809 nack_dec -1593600
Flow Uec_111_0 flowId 48 uecSrc 47 finished at 252793 total messages 1 total packets 24474 RTS 0 total bytes 100000764 in_flight now 0 fair_inc 1431880 prop_inc 0 fast_inc 0 eta_inc 13634211 multi_dec -15690067 quick_dec -460174 nack_dec -1539650
Flow Uec_66_0 flowId 3 uecSrc 2 finished at 253889 total messages 1 total packets 24474 RTS 0 total bytes 100000764 in_flight now 0 fair_inc 1541968 prop_inc 8451 fast_inc 0 eta_inc 13682055 multi_dec -16051660 quick_dec -469501 nack_dec -1531350
Flow Uec_95_0 flowId 32 uecSrc 31 finished at 253975 total messages 1 total packets 24474 RTS 0 total bytes 100000764 in_flight now 0 fair_inc 1339834 prop_inc 18402 fast_inc 0 eta_inc 13682055 multi_dec -15844037 quick_dec -213460 nack_dec -1485700
Flow Uec_82_0 flowId 19 uecSrc 18 finished at 254213 total messages 1 total packets 24474 RTS 0 total bytes 100000764 in_flight now 0 fair_inc 1610495 prop_inc 0 fast_inc 0 eta_inc 13700661 multi_dec -15849065 quick_dec -450627 nack_dec -1672450
Flow Uec_99_0 flowId 36 uecSrc 35 finished at 254269 total messages 1 total packets 24474 RTS 0 total bytes 100000764 in_flight now 0 fair_inc 1371352 prop_inc 6800 fast_inc 0 eta_inc 13703319 multi_dec -15848752 quick_dec -522161 nack_dec -1469100
Flow Uec_92_0 flowId 29 uecSrc 28 finished at 254325 total messages 1 total packets 24474 RTS 0 total bytes 100000764 in_flight now 0 fair_inc 1389969 prop_inc 970 fast_inc 0 eta_inc 13711293 multi_dec -15819473 quick_dec -480326 nack_dec -1567936
Flow Uec_88_0 flowId 25 uecSrc 24 finished at 255024 total messages 1 total packets 24474 RTS 0 total bytes 100000764 in_flight now 0 fair_inc 1444081 prop_inc 332 fast_inc 0 eta_inc 13753821 multi_dec -15857489 quick_dec -586473 nack_dec -1460800
Flow Uec_94_0 flowId 31 uecSrc 30 finished at 255122 total messages 1 total packets 24474 RTS 0 total bytes 100000764 in_flight now 0 fair_inc 1466471 prop_inc 143 fast_inc 0 eta_inc 13765782 multi_dec -15926402 quick_dec -496346 nack_dec -1510600
Flow Uec_81_0 flowId 18 uecSrc 17 finished at 255231 total messages 1 total packets 24474 RTS 0 total bytes 100000764 in_flight now 0 fair_inc 1614551 prop_inc 190 fast_inc 0 eta_inc 13731228 multi_dec -15895292 quick_dec -417256 nack_dec -1734700
Flow Uec_100_0 flowId 37 uecSrc 36 finished at 255253 total messages 1 total packets 24474 RTS 0 total bytes 100000764 in_flight now 0 fair_inc 1389771 prop_inc 1402 fast_inc 0 eta_inc 13760466 multi_dec -15948152 quick_dec -366005 nack_dec -1639250
Flow Uec_75_0 flowId 12 uecSrc 11 finished at 255267 total messages 1 total packets 24474 RTS 0 total bytes 100000764 in_flight now 0 fair_inc 1319413 prop_inc 23672 fast_inc 0 eta_inc 13768440 multi_dec -15935860 quick_dec -365827 nack_dec -1456650
Flow Uec_125_0 flowId 62 uecSrc 61 finished at 255608 total messages 1 total packets 24474 RTS 0 total bytes 100000764 in_flight now 0 fair_inc 1482279 prop_inc 22104 fast_inc 0 eta_inc 13789704 multi_dec -16009280 quick_dec -445731 nack_dec -1502300
Flow Uec_123_0 flowId 60 uecSrc 59 finished at 255670 total messages 1 total packets 24474 RTS 0 total bytes 100000764 in_flight now 0 fair_inc 1560524 prop_inc 46 fast_inc 0 eta_inc 13788375 multi_dec -15974303 quick_dec -585804 nack_dec -1709800
Flow Uec_126_0 flowId 63 uecSrc 62 finished at 256107 total messages 1 total packets 24474 RTS 0 total bytes 100000764 in_flight now 0 fair_inc 1415709 prop_inc 5440 fast_inc 0 eta_inc 13791033 multi_dec -15947993 quick_dec -495160 nack_dec -1730550
Flow Uec_106_0 flowId 43 uecSrc 42 finished at 256260 total messages 1 total packets 24474 RTS 0 total bytes 100000764 in_flight now 0 fair_inc 1401979 prop_inc 2798 fast_inc 0 eta_inc 13820271 multi_dec -15905995 quick_dec -332115 nack_dec -1523050
Flow Uec_109_0 flowId 46 uecSrc 45 finished at 256376 total messages 1 total packets 24474 RTS 0 total bytes 100000764 in_flight now 0 fair_inc 1443872 prop_inc 682 fast_inc 0 eta_inc 13814955 multi_dec -15898131 quick_dec -492856 nack_dec -1660000
Flow Uec_118_0 flowId 55 uecSrc 54 finished at 256427 total messages 1 total packets 24474 RTS 0 total bytes 100000764 in_flight now 0 fair_inc 1441583 prop_inc 2112 fast_inc 0 eta_inc 13821600 multi_dec -15813510 quick_dec -450223 nack_dec -1547950
Flow Uec_64_0 flowId 1 uecSrc 0 finished at 256645 total messages 1 total packets 24474 RTS 0 total bytes 100000764 in_flight now 0 fair_inc 1496973 prop_inc 9502 fast_inc 0 eta_inc 13813626 multi_dec -15880918 quick_dec -545775 nack_dec -1693200
Flow Uec_76_0 flowId 13 uecSrc 12 finished at 256697 total messages 1 total packets 24474 RTS 0 total bytes 100000764 in_flight now 0 fair_inc 1434224 prop_inc 1652 fast_inc 0 eta_inc 13830903 multi_dec -15868993 quick_dec -493928 nack_dec -1601900
Flow Uec_127_0 flowId 64 uecSrc 63 finished at 256805 total messages 1 total packets 24474 RTS 0 total bytes 100000764 in_flight now 0 fair_inc 1463180 prop_inc 18966 fast_inc 0 eta_inc 13837548 multi_dec -15857131 quick_dec -621181 nack_dec -1593600
Flow Uec_121_0 flowId 58 uecSrc 57 finished at 256828 total messages 1 total packets 24474 RTS 0 total bytes 100000764 in_flight now 0 fair_inc 1399994 prop_inc 2059 fast_inc 0 eta_inc 13826916 multi_dec -15979596 quick_dec -255749 nack_dec -1614350
Flow Uec_108_0 flowId 45 uecSrc 44 finished at 256838 total messages 1 total packets 24474 RTS 0 total bytes 100000764 in_flight now 0 fair_inc 1422791 prop_inc 44 fast_inc 0 eta_inc 13865457 multi_dec -15876409 quick_dec -701443 nack_dec -1411000
Flow Uec_122_0 flowId 59 uecSrc 58 finished at 257006 total messages 1 total packets 24474 RTS 0 total bytes 100000764 in_flight now 0 fair_inc 1606564 prop_inc 6726 fast_inc 0 eta_inc 13840206 multi_dec -15767745 quick_dec -563270 nack_dec -1651700
Flow Uec_98_0 flowId 35 uecSrc 34 finished at 257077 total messages 1 total packets 24474 RTS 0 total bytes 100000764 in_flight now 0 fair_inc 1389208 prop_inc 3410 fast_inc 0 eta_inc 13837548 multi_dec -15799421 quick_dec -476007 nack_dec -1581150
Flow Uec_86_0 flowId 23 uecSrc 22 finished at 257182 total messages 1 total packets 24474 RTS 0 total bytes 100000764 in_flight now 0 fair_inc 1464800 prop_inc 2773 fast_inc 0 eta_inc 13842864 multi_dec -15932663 quick_dec -511186 nack_dec -1660000
Flow Uec_120_0 flowId 57 uecSrc 56 finished at 257203 total messages 1 total packets 24474 RTS 0 total bytes 100000764 in_flight now 0 fair_inc 1388920 prop_inc 3260 fast_inc 0 eta_inc 13860141 multi_dec -15888851 quick_dec -390107 nack_dec -1411000
Flow Uec_110_0 flowId 47 uecSrc 46 finished at 257238 total messages 1 total packets 24474 RTS 0 total bytes 100000764 in_flight now 0 fair_inc 1443233 prop_inc 5012 fast_inc 0 eta_inc 13874760 multi_dec -15857675 quick_dec -586289 nack_dec -1684900
Flow Uec_104_0 flowId 41 uecSrc 40 finished at 257297 total messages 1 total packets 24474 RTS 0 total bytes 100000764 in_flight now 0 fair_inc 1331235 prop_inc 2370 fast_inc 0 eta_inc 13856154 multi_dec -15843092 quick_dec -431004 nack_dec -1601900
Flow Uec_107_0 flowId 44 uecSrc 43 finished at 257387 total messages 1 total packets 24474 RTS 0 total bytes 100000764 in_flight now 0 fair_inc 1465687 prop_inc 4267 fast_inc 0 eta_inc 13861470 multi_dec -15938031 quick_dec -614516 nack_dec -1689050
Flow Uec_96_0 flowId 33 uecSrc 32 finished at 257410 total messages 1 total packets 24474 RTS 0 total bytes 100000764 in_flight now 0 fair_inc 1466108 prop_inc 2617 fast_inc 0 eta_inc 13856154 multi_dec -15803303 quick_dec -609491 nack_dec -1689050
Flow Uec_83_0 flowId 20 uecSrc 19 finished at 257440 total messages 1 total packets 24474 RTS 0 total bytes 100000764 in_flight now 0 fair_inc 1342083 prop_inc 4807 fast_inc 0 eta_inc 13868115 multi_dec -15900691 quick_dec -444363 nack_dec -1606050
Flow Uec_78_0 flowId 15 uecSrc 14 finished at 257457 total messages 1 total packets 24474 RTS 0 total bytes 100000764 in_flight now 0 fair_inc 1466315 prop_inc 3664 fast_inc 0 eta_inc 13873431 multi_dec -15827105 quick_dec -696159 nack_dec -1859200
Flow Uec_102_0 flowId 39 uecSrc 38 finished at 257536 total messages 1 total packets 24474 RTS 0 total bytes 100000764 in_flight now 0 fair_inc 1413223 prop_inc 6742 fast_inc 0 eta_inc 13873431 multi_dec -15786386 quick_dec -335376 nack_dec -1680750
Flow Uec_101_0 flowId 38 uecSrc 37 finished at 257688 total messages 1 total packets 24474 RTS 0 total bytes 100000764 in_flight now 0 fair_inc 1422750 prop_inc 3351 fast_inc 0 eta_inc 13877418 multi_dec -15841344 quick_dec -570211 nack_dec -1693200
Flow Uec_87_0 flowId 24 uecSrc 23 finished at 257747 total messages 1 total packets 24474 RTS 0 total bytes 100000764 in_flight now 0 fair_inc 1203480 prop_inc 4365 fast_inc 0 eta_inc 13886721 multi_dec -15572433 quick_dec -427074 nack_dec -1489850
Flow Uec_103_0 flowId 40 uecSrc 39 finished at 257890 total messages 1 total packets 24474 RTS 0 total bytes 100000764 in_flight now 0 fair_inc 1321372 prop_inc 11494 fast_inc 0 eta_inc 13877418 multi_dec -15791343 quick_dec -417276 nack_dec -1772050
Flow Uec_105_0 flowId 42 uecSrc 41 finished at 257901 total messages 1 total packets 24474 RTS 0 total bytes 100000764 in_flight now 0 fair_inc 1404026 prop_inc 21528 fast_inc 0 eta_inc 13896024 multi_dec -15922683 quick_dec -379528 nack_dec -1531350
Flow Uec_85_0 flowId 22 uecSrc 21 finished at 257924 total messages 1 total packets 24474 RTS 0 total bytes 100000764 in_flight now 0 fair_inc 1455892 prop_inc 2321 fast_inc 0 eta_inc 13878747 multi_dec -15704006 quick_dec -585926 nack_dec -1801100
Flow Uec_73_0 flowId 10 uecSrc 9 finished at 257960 total messages 1 total packets 24474 RTS 0 total bytes 100000764 in_flight now 0 fair_inc 1375637 prop_inc 6273 fast_inc 0 eta_inc 13886721 multi_dec -15875513 quick_dec -119091 nack_dec -1610200
Flow Uec_114_0 flowId 51 uecSrc 50 finished at 257971 total messages 1 total packets 24474 RTS 0 total bytes 100000764 in_flight now 0 fair_inc 1395307 prop_inc 6642 fast_inc 0 eta_inc 13885392 multi_dec -15757302 quick_dec -262337 nack_dec -1801100
Flow Uec_90_0 flowId 27 uecSrc 26 finished at 257991 total messages 1 total packets 24474 RTS 0 total bytes 100000764 in_flight now 0 fair_inc 1405186 prop_inc 7825 fast_inc 0 eta_inc 13901340 multi_dec -15766646 quick_dec -575292 nack_dec -1697350
Flow Uec_84_0 flowId 21 uecSrc 20 finished at 258141 total messages 1 total packets 24474 RTS 0 total bytes 100000764 in_flight now 0 fair_inc 1329860 prop_inc 9467 fast_inc 0 eta_inc 13910643 multi_dec -15723199 quick_dec -427475 nack_dec -1556250
Flow Uec_124_0 flowId 61 uecSrc 60 finished at 258152 total messages 1 total packets 24474 RTS 0 total bytes 100000764 in_flight now 0 fair_inc 1297645 prop_inc 12759 fast_inc 0 eta_inc 13910643 multi_dec -15779721 quick_dec -314583 nack_dec -1556250
Flow Uec_116_0 flowId 53 uecSrc 52 finished at 258161 total messages 1 total packets 24474 RTS 0 total bytes 100000764 in_flight now 0 fair_inc 1305239 prop_inc 13415 fast_inc 0 eta_inc 13911972 multi_dec -15938088 quick_dec -273251 nack_dec -1523050
Flow Uec_93_0 flowId 30 uecSrc 29 finished at 258183 total messages 1 total packets 24474 RTS 0 total bytes 100000764 in_flight now 0 fair_inc 1253925 prop_inc 9624 fast_inc 0 eta_inc 13933236 multi_dec -15592493 quick_dec -579888 nack_dec -1535500
Flow Uec_79_0 flowId 16 uecSrc 15 finished at 258207 total messages 1 total packets 24474 RTS 0 total bytes 100000764 in_flight now 0 fair_inc 1254417 prop_inc 30911 fast_inc 0 eta_inc 13926591 multi_dec -15887647 quick_dec -615004 nack_dec -1444200
Flow Uec_80_0 flowId 17 uecSrc 16 finished at 258210 total messages 1 total packets 24474 RTS 0 total bytes 100000764 in_flight now 0 fair_inc 1411263 prop_inc 7637 fast_inc 0 eta_inc 13910643 multi_dec -15844467 quick_dec -426625 nack_dec -1560400
Flow Uec_119_0 flowId 56 uecSrc 55 finished at 258281 total messages 1 total packets 24474 RTS 0 total bytes 100000764 in_flight now 0 fair_inc 1291052 prop_inc 17694 fast_inc 0 eta_inc 13898682 multi_dec -15920945 quick_dec -345598 nack_dec -1543800
Flow Uec_112_0 flowId 49 uecSrc 48 finished at 258286 total messages 1 total packets 24474 RTS 0 total bytes 100000764 in_flight now 0 fair_inc 1315256 prop_inc 27046 fast_inc 0 eta_inc 13917288 multi_dec -15752617 quick_dec -460563 nack_dec -1606050
Flow Uec_70_0 flowId 7 uecSrc 6 finished at 258409 total messages 1 total packets 24474 RTS 0 total bytes 100000764 in_flight now 0 fair_inc 1301242 prop_inc 37598 fast_inc 0 eta_inc 13922604 multi_dec -15694190 quick_dec -443575 nack_dec -1585300
Flow Uec_97_0 flowId 34 uecSrc 33 finished at 258436 total messages 1 total packets 24474 RTS 0 total bytes 100000764 in_flight now 0 fair_inc 1297126 prop_inc 53501 fast_inc 0 eta_inc 13931907 multi_dec -15575167 quick_dec -426822 nack_dec -1626800
Flow Uec_113_0 flowId 50 uecSrc 49 finished at 258494 total messages 1 total packets 24474 RTS 0 total bytes 100000764 in_flight now 0 fair_inc 1298131 prop_inc 37528 fast_inc 0 eta_inc 13930578 multi_dec -15783828 quick_dec -330583 nack_dec -1660000
Flow Uec_77_0 flowId 14 uecSrc 13 finished at 259482 total messages 1 total packets 24474 RTS 0 total bytes 100000764 in_flight now 0 fair_inc 1369929 prop_inc 83934 fast_inc 0 eta_inc 13977093 multi_dec -15737053 quick_dec -410783 nack_dec -1543800
Flow Uec_68_0 flowId 5 uecSrc 4 finished at 259493 total messages 1 total packets 24474 RTS 0 total bytes 100000764 in_flight now 0 fair_inc 1572390 prop_inc 67029 fast_inc 0 eta_inc 13991712 multi_dec -16202690 quick_dec -475834 nack_dec -1635100
Flow Uec_72_0 flowId 9 uecSrc 8 finished at 259812 total messages 1 total packets 24474 RTS 0 total bytes 100000764 in_flight now 0 fair_inc 1513317 prop_inc 148491 fast_inc 65242 eta_inc 14027595 multi_dec -16037157 quick_dec -529144 nack_dec -1809400
Flow Uec_65_0 flowId 2 uecSrc 1 finished at 260093 total messages 1 total packets 24474 RTS 0 total bytes 100000764 in_flight now 0 fair_inc 1190409 prop_inc 166295 fast_inc 3437199 eta_inc 14031582 multi_dec -15572329 quick_dec -465155 nack_dec -1535500
.....|..........|Received SIGTERM at 1.141e+06 us, shutting down cleanly.
New: 1566336 Rtx: 23200 RTS: 0 Bounced: 0 ACKs: 1564302 NACKs: 23200 Pulls: 0 sleek_pkts: 0
SPURIOUS_COUNT 0
