.Flow Uec_69_0 flowId 6 uecSrc 5 finished at 55439.1 total messages 1 total packets 15664 RTS 0 total bytes 64003104 in_flight now 0 fair_inc 0 prop_inc 215 fast_inc 0 eta_inc 1329 multi_dec -0 quick_dec -68776 nack_dec -477250
Flow Uec_71_0 flowId 8 uecSrc 7 finished at 55440.6 total messages 1 total packets 15664 RTS 0 total bytes 64003104 in_flight now 0 fair_inc 5196 prop_inc 0 fast_inc 0 eta_inc 2658 multi_dec -0 quick_dec -99155 nack_dec -493850
Flow Uec_115_0 flowId 52 uecSrc 51 finished at 55447.3 total messages 1 total packets 15664 RTS 0 total bytes 64003104 in_flight now 0 fair_inc 0 prop_inc 0 fast_inc 0 eta_inc 1329 multi_dec -0 quick_dec -128205 nack_dec -481400
Flow Uec_67_0 flowId 4 uecSrc 3 finished at 61634.9 total messages 1 total packets 15664 RTS 0 total bytes 64003104 in_flight now 0 fair_inc 10110 prop_inc 154 fast_inc 0 eta_inc 5316 multi_dec -0 quick_dec -157255 nack_dec -468950
Flow Uec_74_0 flowId 11 uecSrc 10 finished at 65680.9 total messages 1 total packets 15664 RTS 0 total bytes 64003104 in_flight now 0 fair_inc 54461 prop_inc 0 fast_inc 0 eta_inc 21264 multi_dec -0 quick_dec -49355 nack_dec -510450
.Flow Uec_89_0 flowId 26 uecSrc 25 finished at 105153 total messages 1 total packets 15664 RTS 0 total bytes 64003104 in_flight now 0 fair_inc 309972 prop_inc 0 fast_inc 0 eta_inc 2348343 multi_dec -2828761 quick_dec -84295 nack_dec -759450
.Flow Uec_110_0 flowId 47 uecSrc 46 finished at 159792 total messages 1 total packets 15664 RTS 0 total bytes 64003104 in_flight now 0 fair_inc 1077521 prop_inc 435 fast_inc 0 eta_inc 8619894 multi_dec -10144294 quick_dec -360319 nack_dec -1203500
Flow Uec_111_0 flowId 48 uecSrc 47 finished at 161667 total messages 1 total packets 15664 RTS 0 total bytes 64003104 in_flight now 0 fair_inc 855901 prop_inc 0 fast_inc 0 eta_inc 8720898 multi_dec -10098370 quick_dec -357079 nack_dec -1008450
Flow Uec_127_0 flowId 64 uecSrc 63 finished at 161749 total messages 1 total packets 15664 RTS 0 total bytes 64003104 in_flight now 0 fair_inc 1052676 prop_inc 17137 fast_inc 0 eta_inc 8728872 multi_dec -10174000 quick_dec -363604 nack_dec -1170300
Flow Uec_73_0 flowId 10 uecSrc 9 finished at 162142 total messages 1 total packets 15664 RTS 0 total bytes 64003104 in_flight now 0 fair_inc 860518 prop_inc 197 fast_inc 0 eta_inc 8748807 multi_dec -10262720 quick_dec -154189 nack_dec -1066550
Flow Uec_106_0 flowId 43 uecSrc 42 finished at 162258 total messages 1 total packets 15664 RTS 0 total bytes 64003104 in_flight now 0 fair_inc 908495 prop_inc 340 fast_inc 0 eta_inc 8740833 multi_dec -10163632 quick_dec -262265 nack_dec -1203500
Flow Uec_85_0 flowId 22 uecSrc 21 finished at 162449 total messages 1 total packets 15664 RTS 0 total bytes 64003104 in_flight now 0 fair_inc 912882 prop_inc 157 fast_inc 0 eta_inc 8758110 multi_dec -10147166 quick_dec -344126 nack_dec -1212846
Flow Uec_84_0 flowId 21 uecSrc 20 finished at 162591 total messages 1 total packets 15664 RTS 0 total bytes 64003104 in_flight now 0 fair_inc 912196 prop_inc 203 fast_inc 0 eta_inc 8772729 multi_dec -10202090 quick_dec -318978 nack_dec -1070700
Flow Uec_97_0 flowId 34 uecSrc 33 finished at 162686 total messages 1 total packets 15664 RTS 0 total bytes 64003104 in_flight now 0 fair_inc 959489 prop_inc 5078 fast_inc 0 eta_inc 8768742 multi_dec -10131837 quick_dec -307719 nack_dec -1182750
Flow Uec_92_0 flowId 29 uecSrc 28 finished at 162830 total messages 1 total packets 15664 RTS 0 total bytes 64003104 in_flight now 0 fair_inc 901068 prop_inc 224 fast_inc 0 eta_inc 8764755 multi_dec -10084086 quick_dec -240386 nack_dec -1207650
Flow Uec_126_0 flowId 63 uecSrc 62 finished at 162843 total messages 1 total packets 15664 RTS 0 total bytes 64003104 in_flight now 0 fair_inc 950273 prop_inc 3607 fast_inc 0 eta_inc 8779374 multi_dec -10182061 quick_dec -292542 nack_dec -1066550
Flow Uec_79_0 flowId 16 uecSrc 15 finished at 162948 total messages 1 total packets 15664 RTS 0 total bytes 64003104 in_flight now 0 fair_inc 818200 prop_inc 19723 fast_inc 0 eta_inc 8784690 multi_dec -10231033 quick_dec -359218 nack_dec -996000
Flow Uec_109_0 flowId 46 uecSrc 45 finished at 162981 total messages 1 total packets 15664 RTS 0 total bytes 64003104 in_flight now 0 fair_inc 980613 prop_inc 153 fast_inc 0 eta_inc 8779374 multi_dec -10142542 quick_dec -395439 nack_dec -1286500
Flow Uec_93_0 flowId 30 uecSrc 29 finished at 163275 total messages 1 total packets 15664 RTS 0 total bytes 64003104 in_flight now 0 fair_inc 931238 prop_inc 0 fast_inc 0 eta_inc 8801967 multi_dec -10096123 quick_dec -245621 nack_dec -1099750
Flow Uec_104_0 flowId 41 uecSrc 40 finished at 163283 total messages 1 total packets 15664 RTS 0 total bytes 64003104 in_flight now 0 fair_inc 901442 prop_inc 207 fast_inc 0 eta_inc 8788677 multi_dec -10129517 quick_dec -333440 nack_dec -1191050
Flow Uec_112_0 flowId 49 uecSrc 48 finished at 163337 total messages 1 total packets 15664 RTS 0 total bytes 64003104 in_flight now 0 fair_inc 856469 prop_inc 408 fast_inc 0 eta_inc 8797980 multi_dec -10199827 quick_dec -240478 nack_dec -1291696
Flow Uec_64_0 flowId 1 uecSrc 0 finished at 163438 total messages 1 total packets 15664 RTS 0 total bytes 64003104 in_flight now 0 fair_inc 861837 prop_inc 9014 fast_inc 0 eta_inc 8812599 multi_dec -10188805 quick_dec -234680 nack_dec -1108050
Flow Uec_101_0 flowId 38 uecSrc 37 finished at 163552 total messages 1 total packets 15664 RTS 0 total bytes 64003104 in_flight now 0 fair_inc 833227 prop_inc 486 fast_inc 0 eta_inc 8808612 multi_dec -10149865 quick_dec -273832 nack_dec -1166150
Flow Uec_91_0 flowId 28 uecSrc 27 finished at 163619 total messages 1 total packets 15664 RTS 0 total bytes 64003104 in_flight now 0 fair_inc 947789 prop_inc 14306 fast_inc 0 eta_inc 8805954 multi_dec -10080218 quick_dec -365459 nack_dec -1199350
Flow Uec_94_0 flowId 31 uecSrc 30 finished at 163664 total messages 1 total packets 15664 RTS 0 total bytes 64003104 in_flight now 0 fair_inc 866380 prop_inc 0 fast_inc 0 eta_inc 8811270 multi_dec -10143764 quick_dec -177489 nack_dec -1145400
Flow Uec_103_0 flowId 40 uecSrc 39 finished at 163725 total messages 1 total packets 15664 RTS 0 total bytes 64003104 in_flight now 0 fair_inc 841827 prop_inc 8516 fast_inc 0 eta_inc 8819244 multi_dec -10173005 quick_dec -325901 nack_dec -1033350
Flow Uec_87_0 flowId 24 uecSrc 23 finished at 163781 total messages 1 total packets 15664 RTS 0 total bytes 64003104 in_flight now 0 fair_inc 831641 prop_inc 1030 fast_inc 0 eta_inc 8823231 multi_dec -10032606 quick_dec -295840 nack_dec -1191050
Flow Uec_95_0 flowId 32 uecSrc 31 finished at 163804 total messages 1 total packets 15664 RTS 0 total bytes 64003104 in_flight now 0 fair_inc 836409 prop_inc 19487 fast_inc 0 eta_inc 8815257 multi_dec -10096047 quick_dec -271717 nack_dec -1253300
Flow Uec_75_0 flowId 12 uecSrc 11 finished at 163903 total messages 1 total packets 15664 RTS 0 total bytes 64003104 in_flight now 0 fair_inc 976878 prop_inc 23675 fast_inc 0 eta_inc 8827218 multi_dec -10098924 quick_dec -396040 nack_dec -1116350
Flow Uec_121_0 flowId 58 uecSrc 57 finished at 163972 total messages 1 total packets 15664 RTS 0 total bytes 64003104 in_flight now 0 fair_inc 907910 prop_inc 326 fast_inc 0 eta_inc 8839179 multi_dec -10187638 quick_dec -287572 nack_dec -1166150
Flow Uec_124_0 flowId 61 uecSrc 60 finished at 163975 total messages 1 total packets 15664 RTS 0 total bytes 64003104 in_flight now 0 fair_inc 888687 prop_inc 5610 fast_inc 0 eta_inc 8844495 multi_dec -10182798 quick_dec -180489 nack_dec -1083150
Flow Uec_105_0 flowId 42 uecSrc 41 finished at 163979 total messages 1 total packets 15664 RTS 0 total bytes 64003104 in_flight now 0 fair_inc 932895 prop_inc 431 fast_inc 0 eta_inc 8836521 multi_dec -10248695 quick_dec -223977 nack_dec -1137100
Flow Uec_114_0 flowId 51 uecSrc 50 finished at 164056 total messages 1 total packets 15664 RTS 0 total bytes 64003104 in_flight now 0 fair_inc 997308 prop_inc 379 fast_inc 0 eta_inc 8853798 multi_dec -10122365 quick_dec -254360 nack_dec -1132950
Flow Uec_86_0 flowId 23 uecSrc 22 finished at 164111 total messages 1 total packets 15664 RTS 0 total bytes 64003104 in_flight now 0 fair_inc 882406 prop_inc 1853 fast_inc 0 eta_inc 8848482 multi_dec -10167926 quick_dec -355542 nack_dec -1066550
Flow Uec_80_0 flowId 17 uecSrc 16 finished at 164147 total messages 1 total packets 15664 RTS 0 total bytes 64003104 in_flight now 0 fair_inc 879930 prop_inc 455 fast_inc 0 eta_inc 8852469 multi_dec -10141253 quick_dec -437462 nack_dec -1116350
Flow Uec_102_0 flowId 39 uecSrc 38 finished at 164306 total messages 1 total packets 15664 RTS 0 total bytes 64003104 in_flight now 0 fair_inc 854466 prop_inc 2072 fast_inc 0 eta_inc 8849811 multi_dec -10109518 quick_dec -212341 nack_dec -1211800
Flow Uec_96_0 flowId 33 uecSrc 32 finished at 164310 total messages 1 total packets 15664 RTS 0 total bytes 64003104 in_flight now 0 fair_inc 919744 prop_inc 4664 fast_inc 0 eta_inc 8857785 multi_dec -10103516 quick_dec -348335 nack_dec -1211800
Flow Uec_83_0 flowId 20 uecSrc 19 finished at 164319 total messages 1 total packets 15664 RTS 0 total bytes 64003104 in_flight now 0 fair_inc 801758 prop_inc 7802 fast_inc 0 eta_inc 8848482 multi_dec -10135729 quick_dec -227990 nack_dec -1228400
Flow Uec_120_0 flowId 57 uecSrc 56 finished at 164377 total messages 1 total packets 15664 RTS 0 total bytes 64003104 in_flight now 0 fair_inc 970100 prop_inc 1690 fast_inc 0 eta_inc 8852469 multi_dec -10101211 quick_dec -436970 nack_dec -1253300
Flow Uec_118_0 flowId 55 uecSrc 54 finished at 164503 total messages 1 total packets 15664 RTS 0 total bytes 64003104 in_flight now 0 fair_inc 988556 prop_inc 4925 fast_inc 0 eta_inc 8849811 multi_dec -10041031 quick_dec -405072 nack_dec -1232550
Flow Uec_76_0 flowId 13 uecSrc 12 finished at 164618 total messages 1 total packets 15664 RTS 0 total bytes 64003104 in_flight now 0 fair_inc 851471 prop_inc 5324 fast_inc 0 eta_inc 8871075 multi_dec -10096451 quick_dec -263683 nack_dec -1166150
Flow Uec_66_0 flowId 3 uecSrc 2 finished at 164686 total messages 1 total packets 15664 RTS 0 total bytes 64003104 in_flight now 0 fair_inc 921218 prop_inc 14582 fast_inc 0 eta_inc 8881707 multi_dec -10085465 quick_dec -435870 nack_dec -1207650
Flow Uec_82_0 flowId 19 uecSrc 18 finished at 164825 total messages 1 total packets 15664 RTS 0 total bytes 64003104 in_flight now 0 fair_inc 781461 prop_inc 3809 fast_inc 0 eta_inc 8871075 multi_dec -10092872 quick_dec -248949 nack_dec -1124650
Flow Uec_88_0 flowId 25 uecSrc 24 finished at 164890 total messages 1 total packets 15664 RTS 0 total bytes 64003104 in_flight now 0 fair_inc 852170 prop_inc 7688 fast_inc 0 eta_inc 8889681 multi_dec -9934126 quick_dec -371137 nack_dec -1108050
Flow Uec_70_0 flowId 7 uecSrc 6 finished at 164910 total messages 1 total packets 15664 RTS 0 total bytes 64003104 in_flight now 0 fair_inc 905990 prop_inc 2326 fast_inc 0 eta_inc 8893668 multi_dec -10169357 quick_dec -251804 nack_dec -1157850
Flow Uec_78_0 flowId 15 uecSrc 14 finished at 164951 total messages 1 total packets 15664 RTS 0 total bytes 64003104 in_flight now 0 fair_inc 872390 prop_inc 7769 fast_inc 0 eta_inc 8885694 multi_dec -10066045 quick_dec -323735 nack_dec -1195200
Flow Uec_99_0 flowId 36 uecSrc 35 finished at 164957 total messages 1 total packets 15664 RTS 0 total bytes 64003104 in_flight now 0 fair_inc 876134 prop_inc 11092 fast_inc 0 eta_inc 8889681 multi_dec -10071051 quick_dec -218006 nack_dec -1124650
Flow Uec_90_0 flowId 27 uecSrc 26 finished at 164996 total messages 1 total packets 15664 RTS 0 total bytes 64003104 in_flight now 0 fair_inc 828716 prop_inc 6135 fast_inc 0 eta_inc 8877720 multi_dec -9977617 quick_dec -294393 nack_dec -1174450
Flow Uec_108_0 flowId 45 uecSrc 44 finished at 165029 total messages 1 total packets 15664 RTS 0 total bytes 64003104 in_flight now 0 fair_inc 890622 prop_inc 8617 fast_inc 0 eta_inc 8910945 multi_dec -10095174 quick_dec -428566 nack_dec -1112200
Flow Uec_81_0 flowId 18 uecSrc 17 finished at 165207 total messages 1 total packets 15664 RTS 0 total bytes 64003104 in_flight now 0 fair_inc 869279 prop_inc 4267 fast_inc 0 eta_inc 8892339 multi_dec -10018802 quick_dec -280992 nack_dec -1257450
Flow Uec_100_0 flowId 37 uecSrc 36 finished at 165217 total messages 1 total packets 15664 RTS 0 total bytes 64003104 in_flight now 0 fair_inc 840350 prop_inc 6502 fast_inc 0 eta_inc 8901642 multi_dec -10063462 quick_dec -281297 nack_dec -1137100
Flow Uec_117_0 flowId 54 uecSrc 53 finished at 165329 total messages 1 total packets 15664 RTS 0 total bytes 64003104 in_flight now 0 fair_inc 744622 prop_inc 10839 fast_inc 0 eta_inc 8891010 multi_dec -10005119 quick_dec -154801 nack_dec -1166150
Flow Uec_107_0 flowId 44 uecSrc 43 finished at 165404 total messages 1 total packets 15664 RTS 0 total bytes 64003104 in_flight now 0 fair_inc 908742 prop_inc 9858 fast_inc 0 eta_inc 8905629 multi_dec -10148702 quick_dec -567874 nack_dec -1170300
Flow Uec_122_0 flowId 59 uecSrc 58 finished at 165436 total messages 1 total packets 15664 RTS 0 total bytes 64003104 in_flight now 0 fair_inc 762798 prop_inc 17670 fast_inc 0 eta_inc 8912274 multi_dec -9985919 quick_dec -236959 nack_dec -1049950
Flow Uec_113_0 flowId 50 uecSrc 49 finished at 165653 total messages 1 total packets 15664 RTS 0 total bytes 64003104 in_flight now 0 fair_inc 810310 prop_inc 10524 fast_inc 0 eta_inc 8926893 multi_dec -10074559 quick_dec -201134 nack_dec -1228400
Flow Uec_125_0 flowId 62 uecSrc 61 finished at 165674 total messages 1 total packets 15664 RTS 0 total bytes 64003104 in_flight now 0 fair_inc 801410 prop_inc 35144 fast_inc 0 eta_inc 8944170 multi_dec -9946925 quick_dec -483380 nack_dec -1091450
Flow Uec_119_0 flowId 56 uecSrc 55 finished at 165697 total messages 1 total packets 15664 RTS 0 total bytes 64003104 in_flight now 0 fair_inc 931747 prop_inc 16430 fast_inc 0 eta_inc 8942841 multi_dec -10098605 quick_dec -565931 nack_dec -1186900
Flow Uec_116_0 flowId 53 uecSrc 52 finished at 165706 total messages 1 total packets 15664 RTS 0 total bytes 64003104 in_flight now 0 fair_inc 850744 prop_inc 15450 fast_inc 0 eta_inc 8937525 multi_dec -10046383 quick_dec -361426 nack_dec -1215950
Flow Uec_98_0 flowId 35 uecSrc 34 finished at 165728 total messages 1 total packets 15664 RTS 0 total bytes 64003104 in_flight now 0 fair_inc 756273 prop_inc 23479 fast_inc 0 eta_inc 8926893 multi_dec -9881005 quick_dec -351182 nack_dec -1157850
Flow Uec_123_0 flowId 60 uecSrc 59 finished at 166018 total messages 1 total packets 15664 RTS 0 total bytes 64003104 in_flight now 0 fair_inc 708484 prop_inc 61092 fast_inc 0 eta_inc 8937525 multi_dec -9738543 quick_dec -366151 nack_dec -1174450
Flow Uec_68_0 flowId 5 uecSrc 4 finished at 166123 total messages 1 total packets 15664 RTS 0 total bytes 64003104 in_flight now 0 fair_inc 981273 prop_inc 78027 fast_inc 0 eta_inc 8978724 multi_dec -10250020 quick_dec -372589 nack_dec -1211800
Flow Uec_77_0 flowId 14 uecSrc 13 finished at 166190 total messages 1 total packets 15664 RTS 0 total bytes 64003104 in_flight now 0 fair_inc 1032871 prop_inc 117463 fast_inc 0 eta_inc 8933538 multi_dec -10290318 quick_dec -149405 nack_dec -1340450
Flow Uec_72_0 flowId 9 uecSrc 8 finished at 166406 total messages 1 total packets 15664 RTS 0 total bytes 64003104 in_flight now 0 fair_inc 901580 prop_inc 193324 fast_inc 0 eta_inc 8999988 multi_dec -10364518 quick_dec -215363 nack_dec -1099750
Flow Uec_65_0 flowId 2 uecSrc 1 finished at 166472 total messages 1 total packets 15664 RTS 0 total bytes 64003104 in_flight now 0 fair_inc 947548 prop_inc 205416 fast_inc 531495 eta_inc 8990685 multi_dec -10507661 quick_dec -179755 nack_dec -1240850
Received SIGTERM at 175000 us, shutting down cleanly.
New: 1002496 Rtx: 17014 RTS: 0 Bounced: 0 ACKs: 1001487 NACKs: 17014 Pulls: 0 sleek_pkts: 0
SPURIOUS_COUNT 0
