..Flow Uec_107_0 flowId 108 uecSrc 107 finished at 131458 total messages 1 total packets 15664 RTS 0 total bytes 64003104 in_flight now 0 fair_inc 0 prop_inc 0 fast_inc 0 eta_inc 0 multi_dec -0 quick_dec -135176 nack_dec -581000
.Flow Uec_4_0 flowId 109 uecSrc 108 finished at 163561 total messages 1 total packets 15664 RTS 0 total bytes 64003104 in_flight now 0 fair_inc 0 prop_inc 0 fast_inc 0 eta_inc 10423347 multi_dec -10374653 quick_dec -81523 nack_dec -535350
Flow Uec_92_0 flowId 72 uecSrc 71 finished at 197642 total messages 1 total packets 15664 RTS 0 total bytes 64003104 in_flight now 0 fair_inc 0 prop_inc 0 fast_inc 0 eta_inc 10423347 multi_dec -10383256 quick_dec -136106 nack_dec -551950
Flow Uec_87_0 flowId 29 uecSrc 28 finished at 197715 total messages 1 total packets 15664 RTS 0 total bytes 64003104 in_flight now 0 fair_inc 0 prop_inc 0 fast_inc 0 eta_inc 10429992 multi_dec -10387996 quick_dec -200311 nack_dec -564400
Flow Uec_126_0 flowId 68 uecSrc 67 finished at 197838 total messages 1 total packets 15664 RTS 0 total bytes 64003104 in_flight now 0 fair_inc 0 prop_inc 0 fast_inc 0 eta_inc 10436637 multi_dec -10396065 quick_dec -138324 nack_dec -568550
Flow Uec_57_0 flowId 81 uecSrc 80 finished at 197840 total messages 1 total packets 15664 RTS 0 total bytes 64003104 in_flight now 0 fair_inc 0 prop_inc 0 fast_inc 0 eta_inc 10433979 multi_dec -10388316 quick_dec -170851 nack_dec -564400
Flow Uec_37_0 flowId 10 uecSrc 9 finished at 197994 total messages 1 total packets 15664 RTS 0 total bytes 64003104 in_flight now 0 fair_inc 0 prop_inc 0 fast_inc 0 eta_inc 10445940 multi_dec -10408397 quick_dec -187307 nack_dec -557146
Flow Uec_80_0 flowId 32 uecSrc 31 finished at 198099 total messages 1 total packets 15664 RTS 0 total bytes 64003104 in_flight now 0 fair_inc 0 prop_inc 0 fast_inc 0 eta_inc 10453914 multi_dec -10421659 quick_dec -147021 nack_dec -551950
Flow Uec_44_0 flowId 9 uecSrc 8 finished at 198310 total messages 1 total packets 15664 RTS 0 total bytes 64003104 in_flight now 0 fair_inc 0 prop_inc 0 fast_inc 0 eta_inc 10465875 multi_dec -10433711 quick_dec -165620 nack_dec -539500
Flow Uec_102_0 flowId 30 uecSrc 29 finished at 198480 total messages 1 total packets 15664 RTS 0 total bytes 64003104 in_flight now 0 fair_inc 0 prop_inc 0 fast_inc 0 eta_inc 10476507 multi_dec -10452798 quick_dec -167867 nack_dec -535350
Flow Uec_88_0 flowId 28 uecSrc 27 finished at 198580 total messages 1 total packets 15664 RTS 0 total bytes 64003104 in_flight now 0 fair_inc 0 prop_inc 0 fast_inc 0 eta_inc 10473849 multi_dec -10442193 quick_dec -219916 nack_dec -589300
Flow Uec_30_0 flowId 97 uecSrc 96 finished at 198584 total messages 1 total packets 15664 RTS 0 total bytes 64003104 in_flight now 0 fair_inc 0 prop_inc 0 fast_inc 0 eta_inc 10481823 multi_dec -10450159 quick_dec -190615 nack_dec -560250
Flow Uec_24_0 flowId 69 uecSrc 68 finished at 198776 total messages 1 total packets 15664 RTS 0 total bytes 64003104 in_flight now 0 fair_inc 0 prop_inc 0 fast_inc 0 eta_inc 10484481 multi_dec -10460350 quick_dec -106847 nack_dec -547800
Flow Uec_103_0 flowId 124 uecSrc 123 finished at 198983 total messages 1 total packets 15664 RTS 0 total bytes 64003104 in_flight now 0 fair_inc 0 prop_inc 0 fast_inc 0 eta_inc 10495113 multi_dec -10460470 quick_dec -203575 nack_dec -568550
Flow Uec_79_0 flowId 62 uecSrc 61 finished at 198986 total messages 1 total packets 15664 RTS 0 total bytes 64003104 in_flight now 0 fair_inc 0 prop_inc 0 fast_inc 0 eta_inc 10503087 multi_dec -10490278 quick_dec -101965 nack_dec -531200
Flow Uec_59_0 flowId 74 uecSrc 73 finished at 199433 total messages 1 total packets 15664 RTS 0 total bytes 64003104 in_flight now 0 fair_inc 5622 prop_inc 0 fast_inc 0 eta_inc 10515048 multi_dec -10509629 quick_dec -166662 nack_dec -585150
Flow Uec_106_0 flowId 52 uecSrc 51 finished at 199738 total messages 1 total packets 15664 RTS 0 total bytes 64003104 in_flight now 0 fair_inc 0 prop_inc 0 fast_inc 0 eta_inc 10542957 multi_dec -10521478 quick_dec -165352 nack_dec -543650
Flow Uec_34_0 flowId 35 uecSrc 34 finished at 199943 total messages 1 total packets 15664 RTS 0 total bytes 64003104 in_flight now 0 fair_inc 0 prop_inc 0 fast_inc 0 eta_inc 10546944 multi_dec -10513596 quick_dec -125224 nack_dec -543650
.Flow Uec_29_0 flowId 82 uecSrc 81 finished at 204856 total messages 1 total packets 15664 RTS 0 total bytes 64003104 in_flight now 0 fair_inc 0 prop_inc 0 fast_inc 0 eta_inc 10799454 multi_dec -10749906 quick_dec -164938 nack_dec -585150
Flow Uec_2_0 flowId 88 uecSrc 87 finished at 230172 total messages 1 total packets 15664 RTS 0 total bytes 64003104 in_flight now 0 fair_inc 0 prop_inc 3411 fast_inc 0 eta_inc 18469113 multi_dec -18239955 quick_dec --142855 nack_dec -834150
Flow Uec_3_0 flowId 92 uecSrc 91 finished at 230268 total messages 1 total packets 15664 RTS 0 total bytes 64003104 in_flight now 0 fair_inc 0 prop_inc 799 fast_inc 0 eta_inc 18508983 multi_dec -18304989 quick_dec --122175 nack_dec -697200
Flow Uec_1_0 flowId 102 uecSrc 101 finished at 232960 total messages 1 total packets 15664 RTS 0 total bytes 64003104 in_flight now 0 fair_inc 11531 prop_inc 3595 fast_inc 0 eta_inc 18681753 multi_dec -18478999 quick_dec --161504 nack_dec -859050
.Flow Uec_42_0 flowId 4 uecSrc 3 finished at 259033 total messages 1 total packets 15664 RTS 0 total bytes 64003104 in_flight now 0 fair_inc 0 prop_inc 0 fast_inc 0 eta_inc 13639527 multi_dec -13592294 quick_dec -25976 nack_dec -688900
Flow Uec_13_0 flowId 111 uecSrc 110 finished at 262768 total messages 1 total packets 15664 RTS 0 total bytes 64003104 in_flight now 0 fair_inc 0 prop_inc 0 fast_inc 0 eta_inc 16688253 multi_dec -16601726 quick_dec --236824 nack_dec -850750
Flow Uec_9_0 flowId 122 uecSrc 121 finished at 262802 total messages 1 total packets 15664 RTS 0 total bytes 64003104 in_flight now 0 fair_inc 6066 prop_inc 0 fast_inc 0 eta_inc 16696227 multi_dec -16584500 quick_dec --109711 nack_dec -838300
Flow Uec_11_0 flowId 36 uecSrc 35 finished at 263509 total messages 1 total packets 15664 RTS 0 total bytes 64003104 in_flight now 0 fair_inc 6123 prop_inc 0 fast_inc 0 eta_inc 16729452 multi_dec -16631541 quick_dec --143140 nack_dec -904700
Flow Uec_12_0 flowId 44 uecSrc 43 finished at 264974 total messages 1 total packets 15664 RTS 0 total bytes 64003104 in_flight now 0 fair_inc 3794 prop_inc 0 fast_inc 0 eta_inc 16829127 multi_dec -16703573 quick_dec --169542 nack_dec -917150
Flow Uec_14_0 flowId 95 uecSrc 94 finished at 265143 total messages 1 total packets 15664 RTS 0 total bytes 64003104 in_flight now 0 fair_inc 6052 prop_inc 0 fast_inc 0 eta_inc 16834443 multi_dec -16723977 quick_dec --158967 nack_dec -925450
Flow Uec_15_0 flowId 12 uecSrc 11 finished at 265224 total messages 1 total packets 15664 RTS 0 total bytes 64003104 in_flight now 0 fair_inc 0 prop_inc 0 fast_inc 0 eta_inc 16825140 multi_dec -16686853 quick_dec --197059 nack_dec -925450
Flow Uec_7_0 flowId 37 uecSrc 36 finished at 265708 total messages 1 total packets 15664 RTS 0 total bytes 64003104 in_flight now 0 fair_inc 0 prop_inc 0 fast_inc 0 eta_inc 16851720 multi_dec -16687472 quick_dec --223539 nack_dec -942050
Flow Uec_8_0 flowId 17 uecSrc 16 finished at 266892 total messages 1 total packets 15664 RTS 0 total bytes 64003104 in_flight now 0 fair_inc 16313 prop_inc 0 fast_inc 0 eta_inc 16935447 multi_dec -16862702 quick_dec --242313 nack_dec -950350
Flow Uec_10_0 flowId 27 uecSrc 26 finished at 267157 total messages 1 total packets 15664 RTS 0 total bytes 64003104 in_flight now 0 fair_inc 0 prop_inc 0 fast_inc 0 eta_inc 16962027 multi_dec -16828703 quick_dec --148619 nack_dec -888100
Flow Uec_6_0 flowId 40 uecSrc 39 finished at 272879 total messages 1 total packets 15664 RTS 0 total bytes 64003104 in_flight now 0 fair_inc 0 prop_inc 0 fast_inc 0 eta_inc 17312883 multi_dec -17123757 quick_dec --144178 nack_dec -921300
Flow Uec_54_0 flowId 71 uecSrc 70 finished at 277103 total messages 1 total packets 15664 RTS 0 total bytes 64003104 in_flight now 0 fair_inc 0 prop_inc 0 fast_inc 0 eta_inc 14596407 multi_dec -14532573 quick_dec -52188 nack_dec -713800
Flow Uec_20_0 flowId 58 uecSrc 57 finished at 277472 total messages 1 total packets 15664 RTS 0 total bytes 64003104 in_flight now 0 fair_inc 12277 prop_inc 0 fast_inc 0 eta_inc 14613684 multi_dec -14612894 quick_dec -33026 nack_dec -701350
Flow Uec_121_0 flowId 63 uecSrc 62 finished at 278173 total messages 1 total packets 15664 RTS 0 total bytes 64003104 in_flight now 0 fair_inc 5624 prop_inc 0 fast_inc 0 eta_inc 14615013 multi_dec -14502330 quick_dec -164597 nack_dec -821700
Flow Uec_89_0 flowId 59 uecSrc 58 finished at 295294 total messages 1 total packets 15664 RTS 0 total bytes 64003104 in_flight now 0 fair_inc 0 prop_inc 0 fast_inc 0 eta_inc 15562590 multi_dec -15497050 quick_dec -111827 nack_dec -717950
Flow Uec_85_0 flowId 64 uecSrc 63 finished at 295364 total messages 1 total packets 15664 RTS 0 total bytes 64003104 in_flight now 0 fair_inc 0 prop_inc 0 fast_inc 0 eta_inc 15563919 multi_dec -15518508 quick_dec -1854 nack_dec -747000
Flow Uec_119_0 flowId 80 uecSrc 79 finished at 295888 total messages 1 total packets 15664 RTS 0 total bytes 64003104 in_flight now 0 fair_inc 0 prop_inc 0 fast_inc 0 eta_inc 15601131 multi_dec -15559059 quick_dec -42010 nack_dec -672300
Flow Uec_112_0 flowId 46 uecSrc 45 finished at 296180 total messages 1 total packets 15664 RTS 0 total bytes 64003104 in_flight now 0 fair_inc 5586 prop_inc 0 fast_inc 0 eta_inc 15618408 multi_dec -15543324 quick_dec -82693 nack_dec -702396
Flow Uec_118_0 flowId 104 uecSrc 103 finished at 296454 total messages 1 total packets 15664 RTS 0 total bytes 64003104 in_flight now 0 fair_inc 0 prop_inc 0 fast_inc 0 eta_inc 15626382 multi_dec -15575257 quick_dec -35132 nack_dec -717950
Flow Uec_47_0 flowId 34 uecSrc 33 finished at 297353 total messages 1 total packets 15664 RTS 0 total bytes 64003104 in_flight now 0 fair_inc 6044 prop_inc 0 fast_inc 0 eta_inc 15679542 multi_dec -15634077 quick_dec -31203 nack_dec -672300
Flow Uec_46_0 flowId 7 uecSrc 6 finished at 297467 total messages 1 total packets 15664 RTS 0 total bytes 64003104 in_flight now 0 fair_inc 0 prop_inc 0 fast_inc 0 eta_inc 15664923 multi_dec -15607252 quick_dec -21562 nack_dec -726250
Flow Uec_93_0 flowId 98 uecSrc 97 finished at 298822 total messages 1 total packets 15664 RTS 0 total bytes 64003104 in_flight now 0 fair_inc 5562 prop_inc 0 fast_inc 0 eta_inc 15761940 multi_dec -15707470 quick_dec -70042 nack_dec -697200
Flow Uec_78_0 flowId 105 uecSrc 104 finished at 299224 total messages 1 total packets 15664 RTS 0 total bytes 64003104 in_flight now 0 fair_inc 6082 prop_inc 0 fast_inc 0 eta_inc 15763269 multi_dec -15703785 quick_dec -37836 nack_dec -730400
.Flow Uec_26_0 flowId 53 uecSrc 52 finished at 300696 total messages 1 total packets 15664 RTS 0 total bytes 64003104 in_flight now 0 fair_inc 0 prop_inc 0 fast_inc 0 eta_inc 15877563 multi_dec -15824215 quick_dec -118591 nack_dec -622500
Flow Uec_17_0 flowId 18 uecSrc 17 finished at 301417 total messages 1 total packets 15664 RTS 0 total bytes 64003104 in_flight now 0 fair_inc 0 prop_inc 0 fast_inc 0 eta_inc 15890853 multi_dec -15826708 quick_dec -84984 nack_dec -693050
Flow Uec_91_0 flowId 84 uecSrc 83 finished at 302444 total messages 1 total packets 15664 RTS 0 total bytes 64003104 in_flight now 0 fair_inc 0 prop_inc 0 fast_inc 0 eta_inc 15951987 multi_dec -15902330 quick_dec -83211 nack_dec -672300
Flow Uec_71_0 flowId 79 uecSrc 78 finished at 307059 total messages 1 total packets 15664 RTS 0 total bytes 64003104 in_flight now 0 fair_inc 9407 prop_inc 0 fast_inc 0 eta_inc 16187220 multi_dec -16169320 quick_dec -69894 nack_dec -709650
Flow Uec_83_0 flowId 56 uecSrc 55 finished at 308503 total messages 1 total packets 15664 RTS 0 total bytes 64003104 in_flight now 0 fair_inc 0 prop_inc 0 fast_inc 0 eta_inc 16260315 multi_dec -16168060 quick_dec -57153 nack_dec -738700
Flow Uec_115_0 flowId 90 uecSrc 89 finished at 309529 total messages 1 total packets 15664 RTS 0 total bytes 64003104 in_flight now 0 fair_inc 6028 prop_inc 0 fast_inc 0 eta_inc 16298856 multi_dec -16213401 quick_dec -76023 nack_dec -755300
Flow Uec_73_0 flowId 126 uecSrc 125 finished at 310788 total messages 1 total packets 15664 RTS 0 total bytes 64003104 in_flight now 0 fair_inc 5553 prop_inc 0 fast_inc 0 eta_inc 16378596 multi_dec -16276180 quick_dec -148881 nack_dec -726250
Flow Uec_104_0 flowId 91 uecSrc 90 finished at 310835 total messages 1 total packets 15664 RTS 0 total bytes 64003104 in_flight now 0 fair_inc 6040 prop_inc 0 fast_inc 0 eta_inc 16397202 multi_dec -16328484 quick_dec -106301 nack_dec -676450
Flow Uec_76_0 flowId 96 uecSrc 95 finished at 313761 total messages 1 total packets 15664 RTS 0 total bytes 64003104 in_flight now 0 fair_inc 6038 prop_inc 0 fast_inc 0 eta_inc 16528773 multi_dec -16437113 quick_dec -33016 nack_dec -763600
Flow Uec_66_0 flowId 60 uecSrc 59 finished at 314071 total messages 1 total packets 15664 RTS 0 total bytes 64003104 in_flight now 0 fair_inc 0 prop_inc 0 fast_inc 0 eta_inc 16569972 multi_dec -16481261 quick_dec -146278 nack_dec -688900
Flow Uec_36_0 flowId 42 uecSrc 41 finished at 314358 total messages 1 total packets 15664 RTS 0 total bytes 64003104 in_flight now 0 fair_inc 0 prop_inc 0 fast_inc 0 eta_inc 16581933 multi_dec -16489219 quick_dec -95824 nack_dec -697200
Flow Uec_95_0 flowId 11 uecSrc 10 finished at 314369 total messages 1 total packets 15664 RTS 0 total bytes 64003104 in_flight now 0 fair_inc 0 prop_inc 0 fast_inc 0 eta_inc 16567314 multi_dec -16460096 quick_dec -30192 nack_dec -738700
Flow Uec_5_0 flowId 6 uecSrc 5 finished at 314464 total messages 1 total packets 15664 RTS 0 total bytes 64003104 in_flight now 0 fair_inc 0 prop_inc 0 fast_inc 0 eta_inc 19937658 multi_dec -19584970 quick_dec --30850 nack_dec -1025050
Flow Uec_116_0 flowId 22 uecSrc 21 finished at 314870 total messages 1 total packets 15664 RTS 0 total bytes 64003104 in_flight now 0 fair_inc 0 prop_inc 0 fast_inc 0 eta_inc 16611171 multi_dec -16524357 quick_dec -112410 nack_dec -684750
Flow Uec_74_0 flowId 61 uecSrc 60 finished at 315126 total messages 1 total packets 15664 RTS 0 total bytes 64003104 in_flight now 0 fair_inc 6028 prop_inc 0 fast_inc 0 eta_inc 16609842 multi_dec -16491261 quick_dec -102378 nack_dec -747000
Flow Uec_68_0 flowId 83 uecSrc 82 finished at 318424 total messages 1 total packets 15664 RTS 0 total bytes 64003104 in_flight now 0 fair_inc 0 prop_inc 0 fast_inc 0 eta_inc 16801218 multi_dec -16676868 quick_dec -122931 nack_dec -726250
Flow Uec_108_0 flowId 23 uecSrc 22 finished at 318815 total messages 1 total packets 15664 RTS 0 total bytes 64003104 in_flight now 0 fair_inc 6682 prop_inc 0 fast_inc 0 eta_inc 16818495 multi_dec -16699634 quick_dec -88493 nack_dec -709650
Flow Uec_82_0 flowId 75 uecSrc 74 finished at 319021 total messages 1 total packets 15664 RTS 0 total bytes 64003104 in_flight now 0 fair_inc 38100 prop_inc 0 fast_inc 0 eta_inc 16841088 multi_dec -16746231 quick_dec -123497 nack_dec -684750
Flow Uec_72_0 flowId 51 uecSrc 50 finished at 319396 total messages 1 total packets 15664 RTS 0 total bytes 64003104 in_flight now 0 fair_inc 6023 prop_inc 0 fast_inc 0 eta_inc 16865010 multi_dec -16767082 quick_dec -170967 nack_dec -688900
Flow Uec_114_0 flowId 87 uecSrc 86 finished at 319454 total messages 1 total packets 15664 RTS 0 total bytes 64003104 in_flight now 0 fair_inc 31422 prop_inc 0 fast_inc 0 eta_inc 16845075 multi_dec -16700630 quick_dec -136955 nack_dec -742850
Flow Uec_75_0 flowId 39 uecSrc 38 finished at 320358 total messages 1 total packets 15664 RTS 0 total bytes 64003104 in_flight now 0 fair_inc 26044 prop_inc 0 fast_inc 0 eta_inc 16907538 multi_dec -16794648 quick_dec -193481 nack_dec -730400
Flow Uec_70_0 flowId 89 uecSrc 88 finished at 320645 total messages 1 total packets 15664 RTS 0 total bytes 64003104 in_flight now 0 fair_inc 30413 prop_inc 0 fast_inc 0 eta_inc 16922157 multi_dec -16879849 quick_dec -119436 nack_dec -722100
Flow Uec_124_0 flowId 8 uecSrc 7 finished at 320766 total messages 1 total packets 15664 RTS 0 total bytes 64003104 in_flight now 0 fair_inc 32068 prop_inc 0 fast_inc 0 eta_inc 16928802 multi_dec -16874545 quick_dec -119503 nack_dec -709650
Flow Uec_19_0 flowId 57 uecSrc 56 finished at 320802 total messages 1 total packets 15664 RTS 0 total bytes 64003104 in_flight now 0 fair_inc 31312 prop_inc 0 fast_inc 0 eta_inc 16920828 multi_dec -16897318 quick_dec -95147 nack_dec -763600
Flow Uec_33_0 flowId 121 uecSrc 120 finished at 321063 total messages 1 total packets 15664 RTS 0 total bytes 64003104 in_flight now 0 fair_inc 13106 prop_inc 0 fast_inc 0 eta_inc 16948737 multi_dec -16857508 quick_dec -123844 nack_dec -701350
Flow Uec_31_0 flowId 50 uecSrc 49 finished at 321460 total messages 1 total packets 15664 RTS 0 total bytes 64003104 in_flight now 0 fair_inc 64391 prop_inc 0 fast_inc 0 eta_inc 16971330 multi_dec -16981403 quick_dec -74326 nack_dec -717950
Flow Uec_45_0 flowId 77 uecSrc 76 finished at 321504 total messages 1 total packets 15664 RTS 0 total bytes 64003104 in_flight now 0 fair_inc 42375 prop_inc 0 fast_inc 0 eta_inc 16983291 multi_dec -16931249 quick_dec -148530 nack_dec -680600
Flow Uec_86_0 flowId 3 uecSrc 2 finished at 321630 total messages 1 total packets 15664 RTS 0 total bytes 64003104 in_flight now 0 fair_inc 54497 prop_inc 0 fast_inc 0 eta_inc 16973988 multi_dec -16989088 quick_dec -132455 nack_dec -722100
Flow Uec_65_0 flowId 65 uecSrc 64 finished at 321659 total messages 1 total packets 15664 RTS 0 total bytes 64003104 in_flight now 0 fair_inc 13249 prop_inc 0 fast_inc 0 eta_inc 16960698 multi_dec -16880152 quick_dec -94754 nack_dec -763600
Flow Uec_18_0 flowId 127 uecSrc 126 finished at 321694 total messages 1 total packets 15664 RTS 0 total bytes 64003104 in_flight now 0 fair_inc 12896 prop_inc 0 fast_inc 0 eta_inc 16999239 multi_dec -16936815 quick_dec -175164 nack_dec -673346
Flow Uec_94_0 flowId 33 uecSrc 32 finished at 321978 total messages 1 total packets 15664 RTS 0 total bytes 64003104 in_flight now 0 fair_inc 20041 prop_inc 0 fast_inc 0 eta_inc 16985949 multi_dec -16884466 quick_dec -128739 nack_dec -747000
Flow Uec_21_0 flowId 21 uecSrc 20 finished at 322106 total messages 1 total packets 15664 RTS 0 total bytes 64003104 in_flight now 0 fair_inc 26668 prop_inc 0 fast_inc 0 eta_inc 17012529 multi_dec -16966717 quick_dec -66691 nack_dec -672300
Flow Uec_117_0 flowId 100 uecSrc 99 finished at 322258 total messages 1 total packets 15664 RTS 0 total bytes 64003104 in_flight now 0 fair_inc 38961 prop_inc 0 fast_inc 0 eta_inc 17012529 multi_dec -16971938 quick_dec -161463 nack_dec -734550
Flow Uec_49_0 flowId 114 uecSrc 113 finished at 322735 total messages 1 total packets 15664 RTS 0 total bytes 64003104 in_flight now 0 fair_inc 25572 prop_inc 0 fast_inc 0 eta_inc 17025819 multi_dec -16938497 quick_dec -164713 nack_dec -713800
Flow Uec_56_0 flowId 106 uecSrc 105 finished at 323058 total messages 1 total packets 15664 RTS 0 total bytes 64003104 in_flight now 0 fair_inc 110355 prop_inc 15 fast_inc 0 eta_inc 17059044 multi_dec -17080862 quick_dec -127491 nack_dec -709650
Flow Uec_99_0 flowId 103 uecSrc 102 finished at 323187 total messages 1 total packets 15664 RTS 0 total bytes 64003104 in_flight now 0 fair_inc 44565 prop_inc 0 fast_inc 0 eta_inc 17057715 multi_dec -17015131 quick_dec -164194 nack_dec -767750
Flow Uec_52_0 flowId 31 uecSrc 30 finished at 323355 total messages 1 total packets 15664 RTS 0 total bytes 64003104 in_flight now 0 fair_inc 13119 prop_inc 17 fast_inc 0 eta_inc 17063031 multi_dec -16961465 quick_dec -133979 nack_dec -722100
Flow Uec_60_0 flowId 45 uecSrc 44 finished at 323546 total messages 1 total packets 15664 RTS 0 total bytes 64003104 in_flight now 0 fair_inc 44489 prop_inc 13 fast_inc 0 eta_inc 17074992 multi_dec -17028553 quick_dec -88904 nack_dec -751150
Flow Uec_84_0 flowId 115 uecSrc 114 finished at 323570 total messages 1 total packets 15664 RTS 0 total bytes 64003104 in_flight now 0 fair_inc 90371 prop_inc 208 fast_inc 0 eta_inc 17077650 multi_dec -17022642 quick_dec -195835 nack_dec -722100
Flow Uec_113_0 flowId 14 uecSrc 13 finished at 323650 total messages 1 total packets 15664 RTS 0 total bytes 64003104 in_flight now 0 fair_inc 31730 prop_inc 174 fast_inc 0 eta_inc 17078979 multi_dec -16949531 quick_dec -127793 nack_dec -705500
Flow Uec_90_0 flowId 101 uecSrc 100 finished at 323713 total messages 1 total packets 15664 RTS 0 total bytes 64003104 in_flight now 0 fair_inc 57923 prop_inc 440 fast_inc 0 eta_inc 17088282 multi_dec -17009124 quick_dec -169362 nack_dec -742850
Flow Uec_63_0 flowId 110 uecSrc 109 finished at 323853 total messages 1 total packets 15664 RTS 0 total bytes 64003104 in_flight now 0 fair_inc 52092 prop_inc 0 fast_inc 0 eta_inc 17093598 multi_dec -17062099 quick_dec -130143 nack_dec -763600
Flow Uec_109_0 flowId 125 uecSrc 124 finished at 324031 total messages 1 total packets 15664 RTS 0 total bytes 64003104 in_flight now 0 fair_inc 85349 prop_inc 0 fast_inc 0 eta_inc 17108217 multi_dec -17125062 quick_dec -121552 nack_dec -730400
Flow Uec_125_0 flowId 93 uecSrc 92 finished at 324098 total messages 1 total packets 15664 RTS 0 total bytes 64003104 in_flight now 0 fair_inc 65228 prop_inc 41 fast_inc 0 eta_inc 17101572 multi_dec -17058965 quick_dec -120394 nack_dec -792650
Flow Uec_16_0 flowId 120 uecSrc 119 finished at 324220 total messages 1 total packets 15664 RTS 0 total bytes 64003104 in_flight now 0 fair_inc 51020 prop_inc 506 fast_inc 0 eta_inc 17106888 multi_dec -17010372 quick_dec -186343 nack_dec -755300
Flow Uec_101_0 flowId 113 uecSrc 112 finished at 324257 total messages 1 total packets 15664 RTS 0 total bytes 64003104 in_flight now 0 fair_inc 48091 prop_inc 270 fast_inc 0 eta_inc 17126823 multi_dec -17043032 quick_dec -164087 nack_dec -722100
Flow Uec_22_0 flowId 15 uecSrc 14 finished at 324371 total messages 1 total packets 15664 RTS 0 total bytes 64003104 in_flight now 0 fair_inc 54293 prop_inc 298 fast_inc 0 eta_inc 17118849 multi_dec -17048046 quick_dec -123967 nack_dec -751150
Flow Uec_23_0 flowId 26 uecSrc 25 finished at 324457 total messages 1 total packets 15664 RTS 0 total bytes 64003104 in_flight now 0 fair_inc 38320 prop_inc 3339 fast_inc 0 eta_inc 17133468 multi_dec -17069971 quick_dec -138379 nack_dec -713800
Flow Uec_27_0 flowId 112 uecSrc 111 finished at 324576 total messages 1 total packets 15664 RTS 0 total bytes 64003104 in_flight now 0 fair_inc 103308 prop_inc 712 fast_inc 0 eta_inc 17129481 multi_dec -17087685 quick_dec -102342 nack_dec -817550
Flow Uec_40_0 flowId 20 uecSrc 19 finished at 324742 total messages 1 total packets 15664 RTS 0 total bytes 64003104 in_flight now 0 fair_inc 72279 prop_inc 1369 fast_inc 0 eta_inc 17122836 multi_dec -16980798 quick_dec -147988 nack_dec -830000
Flow Uec_120_0 flowId 67 uecSrc 66 finished at 324806 total messages 1 total packets 15664 RTS 0 total bytes 64003104 in_flight now 0 fair_inc 94511 prop_inc 271 fast_inc 0 eta_inc 17152074 multi_dec -17167857 quick_dec -145144 nack_dec -734550
Flow Uec_61_0 flowId 116 uecSrc 115 finished at 325569 total messages 1 total packets 15664 RTS 0 total bytes 64003104 in_flight now 0 fair_inc 118829 prop_inc 2747 fast_inc 0 eta_inc 17197260 multi_dec -17129531 quick_dec -242287 nack_dec -792650
Flow Uec_25_0 flowId 19 uecSrc 18 finished at 325893 total messages 1 total packets 15664 RTS 0 total bytes 64003104 in_flight now 0 fair_inc 136407 prop_inc 2400 fast_inc 0 eta_inc 17213208 multi_dec -17223173 quick_dec -149630 nack_dec -788500
Flow Uec_123_0 flowId 118 uecSrc 117 finished at 326149 total messages 1 total packets 15664 RTS 0 total bytes 64003104 in_flight now 0 fair_inc 148470 prop_inc 2488 fast_inc 0 eta_inc 17227827 multi_dec -17278770 quick_dec -184181 nack_dec -743896
Flow Uec_100_0 flowId 25 uecSrc 24 finished at 326783 total messages 1 total packets 15664 RTS 0 total bytes 64003104 in_flight now 0 fair_inc 124847 prop_inc 1698 fast_inc 0 eta_inc 17245104 multi_dec -17301998 quick_dec -119948 nack_dec -805100
Flow Uec_41_0 flowId 94 uecSrc 93 finished at 327304 total messages 1 total packets 15664 RTS 0 total bytes 64003104 in_flight now 0 fair_inc 82649 prop_inc 3315 fast_inc 0 eta_inc 17269026 multi_dec -17126321 quick_dec -172317 nack_dec -838300
Flow Uec_55_0 flowId 85 uecSrc 84 finished at 327640 total messages 1 total packets 15664 RTS 0 total bytes 64003104 in_flight now 0 fair_inc 189979 prop_inc 3089 fast_inc 0 eta_inc 17311554 multi_dec -17358614 quick_dec -155772 nack_dec -792650
Flow Uec_39_0 flowId 2 uecSrc 1 finished at 328088 total messages 1 total packets 15664 RTS 0 total bytes 64003104 in_flight now 0 fair_inc 237167 prop_inc 4733 fast_inc 0 eta_inc 17331489 multi_dec -17447561 quick_dec -219779 nack_dec -792650
Flow Uec_127_0 flowId 1 uecSrc 0 finished at 328330 total messages 1 total packets 15664 RTS 0 total bytes 64003104 in_flight now 0 fair_inc 247534 prop_inc 1994 fast_inc 0 eta_inc 17366043 multi_dec -17533217 quick_dec -153410 nack_dec -730400
Flow Uec_64_0 flowId 119 uecSrc 118 finished at 328422 total messages 1 total packets 15664 RTS 0 total bytes 64003104 in_flight now 0 fair_inc 222279 prop_inc 4532 fast_inc 0 eta_inc 17336805 multi_dec -17398887 quick_dec -196973 nack_dec -850750
Flow Uec_32_0 flowId 55 uecSrc 54 finished at 328423 total messages 1 total packets 15664 RTS 0 total bytes 64003104 in_flight now 0 fair_inc 242168 prop_inc 4360 fast_inc 0 eta_inc 17338134 multi_dec -17442888 quick_dec -199000 nack_dec -834150
Flow Uec_38_0 flowId 73 uecSrc 72 finished at 328449 total messages 1 total packets 15664 RTS 0 total bytes 64003104 in_flight now 0 fair_inc 87493 prop_inc 8294 fast_inc 0 eta_inc 17311554 multi_dec -17177298 quick_dec -149994 nack_dec -888100
Flow Uec_98_0 flowId 123 uecSrc 122 finished at 328450 total messages 1 total packets 15664 RTS 0 total bytes 64003104 in_flight now 0 fair_inc 144734 prop_inc 6222 fast_inc 0 eta_inc 17350095 multi_dec -17335402 quick_dec -198155 nack_dec -813400
Flow Uec_43_0 flowId 66 uecSrc 65 finished at 328782 total messages 1 total packets 15664 RTS 0 total bytes 64003104 in_flight now 0 fair_inc 165106 prop_inc 16694 fast_inc 0 eta_inc 17388636 multi_dec -17489734 quick_dec -226735 nack_dec -722100
Flow Uec_35_0 flowId 99 uecSrc 98 finished at 328843 total messages 1 total packets 15664 RTS 0 total bytes 64003104 in_flight now 0 fair_inc 234451 prop_inc 9137 fast_inc 0 eta_inc 17358069 multi_dec -17415622 quick_dec -193176 nack_dec -809250
Flow Uec_62_0 flowId 38 uecSrc 37 finished at 329075 total messages 1 total packets 15664 RTS 0 total bytes 64003104 in_flight now 0 fair_inc 172063 prop_inc 16597 fast_inc 0 eta_inc 17378004 multi_dec -17404460 quick_dec -227341 nack_dec -825850
Flow Uec_28_0 flowId 86 uecSrc 85 finished at 329118 total messages 1 total packets 15664 RTS 0 total bytes 64003104 in_flight now 0 fair_inc 194125 prop_inc 7879 fast_inc 0 eta_inc 17384649 multi_dec -17314354 quick_dec -275241 nack_dec -800950
Flow Uec_67_0 flowId 49 uecSrc 48 finished at 329195 total messages 1 total packets 15664 RTS 0 total bytes 64003104 in_flight now 0 fair_inc 227551 prop_inc 11357 fast_inc 0 eta_inc 17412558 multi_dec -17498548 quick_dec -243840 nack_dec -755300
Flow Uec_81_0 flowId 24 uecSrc 23 finished at 329363 total messages 1 total packets 15664 RTS 0 total bytes 64003104 in_flight now 0 fair_inc 145341 prop_inc 7854 fast_inc 0 eta_inc 17392623 multi_dec -17376735 quick_dec -138174 nack_dec -854900
Flow Uec_58_0 flowId 117 uecSrc 116 finished at 329440 total messages 1 total packets 15664 RTS 0 total bytes 64003104 in_flight now 0 fair_inc 306653 prop_inc 11837 fast_inc 0 eta_inc 17416545 multi_dec -17622224 quick_dec -312509 nack_dec -747000
Flow Uec_53_0 flowId 47 uecSrc 46 finished at 329468 total messages 1 total packets 15664 RTS 0 total bytes 64003104 in_flight now 0 fair_inc 254504 prop_inc 9856 fast_inc 0 eta_inc 17412558 multi_dec -17507744 quick_dec -174751 nack_dec -796800
Flow Uec_48_0 flowId 48 uecSrc 47 finished at 329469 total messages 1 total packets 15664 RTS 0 total bytes 64003104 in_flight now 0 fair_inc 230245 prop_inc 11865 fast_inc 0 eta_inc 17401926 multi_dec -17509443 quick_dec -236712 nack_dec -780200
Flow Uec_122_0 flowId 13 uecSrc 12 finished at 329509 total messages 1 total packets 15664 RTS 0 total bytes 64003104 in_flight now 0 fair_inc 217645 prop_inc 6964 fast_inc 0 eta_inc 17379333 multi_dec -17358800 quick_dec -190239 nack_dec -875650
Flow Uec_111_0 flowId 70 uecSrc 69 finished at 329857 total messages 1 total packets 15664 RTS 0 total bytes 64003104 in_flight now 0 fair_inc 240867 prop_inc 11927 fast_inc 0 eta_inc 17443125 multi_dec -17525530 quick_dec -186607 nack_dec -742850
Flow Uec_97_0 flowId 78 uecSrc 77 finished at 329885 total messages 1 total packets 15664 RTS 0 total bytes 64003104 in_flight now 0 fair_inc 224264 prop_inc 15486 fast_inc 0 eta_inc 17447112 multi_dec -17531952 quick_dec -246139 nack_dec -717950
Flow Uec_105_0 flowId 76 uecSrc 75 finished at 329986 total messages 1 total packets 15664 RTS 0 total bytes 64003104 in_flight now 0 fair_inc 219160 prop_inc 27987 fast_inc 0 eta_inc 17439138 multi_dec -17467775 quick_dec -236066 nack_dec -788500
Flow Uec_69_0 flowId 43 uecSrc 42 finished at 330064 total messages 1 total packets 15664 RTS 0 total bytes 64003104 in_flight now 0 fair_inc 282285 prop_inc 28547 fast_inc 0 eta_inc 17460402 multi_dec -17575684 quick_dec -216458 nack_dec -717950
Flow Uec_110_0 flowId 54 uecSrc 53 finished at 330065 total messages 1 total packets 15664 RTS 0 total bytes 64003104 in_flight now 0 fair_inc 268803 prop_inc 26858 fast_inc 0 eta_inc 17452428 multi_dec -17466569 quick_dec -300234 nack_dec -800950
Flow Uec_51_0 flowId 5 uecSrc 4 finished at 330148 total messages 1 total packets 15664 RTS 0 total bytes 64003104 in_flight now 0 fair_inc 296778 prop_inc 69235 fast_inc 0 eta_inc 17449770 multi_dec -17574582 quick_dec -230653 nack_dec -809250
Flow Uec_77_0 flowId 41 uecSrc 40 finished at 330190 total messages 1 total packets 15664 RTS 0 total bytes 64003104 in_flight now 0 fair_inc 254171 prop_inc 100517 fast_inc 0 eta_inc 17463060 multi_dec -17566622 quick_dec -247162 nack_dec -747000
Flow Uec_96_0 flowId 16 uecSrc 15 finished at 330193 total messages 1 total packets 15664 RTS 0 total bytes 64003104 in_flight now 0 fair_inc 241989 prop_inc 98277 fast_inc 0 eta_inc 17461731 multi_dec -17512503 quick_dec -254130 nack_dec -800950
Flow Uec_50_0 flowId 107 uecSrc 106 finished at 330298 total messages 1 total packets 15664 RTS 0 total bytes 64003104 in_flight now 0 fair_inc 238626 prop_inc 107734 fast_inc 1057947 eta_inc 17469705 multi_dec -17599657 quick_dec -240942 nack_dec -788500
....|...Received SIGTERM at 719000 us, shutting down cleanly.
New: 1989328 Rtx: 22460 RTS: 0 Bounced: 0 ACKs: 1988591 NACKs: 22460 Pulls: 0 sleek_pkts: 0
SPURIOUS_COUNT 0
