...Flow Uec_47_0 flowId 34 uecSrc 33 finished at 199949 total messages 1 total packets 15664 RTS 0 total bytes 64003104 in_flight now 0 fair_inc 0 prop_inc 0 fast_inc 0 eta_inc 10449927 multi_dec -10365372 quick_dec --189267 nack_dec -971100
.Flow Uec_33_0 flowId 121 uecSrc 120 finished at 200636 total messages 1 total packets 15664 RTS 0 total bytes 64003104 in_flight now 0 fair_inc 0 prop_inc 0 fast_inc 0 eta_inc 10457901 multi_dec -10344934 quick_dec --168723 nack_dec -1054100
Flow Uec_88_0 flowId 28 uecSrc 27 finished at 201070 total messages 1 total packets 15664 RTS 0 total bytes 64003104 in_flight now 0 fair_inc 0 prop_inc 0 fast_inc 0 eta_inc 10504416 multi_dec -10398648 quick_dec --206489 nack_dec -987700
Flow Uec_32_0 flowId 55 uecSrc 54 finished at 201879 total messages 1 total packets 15664 RTS 0 total bytes 64003104 in_flight now 0 fair_inc 6077 prop_inc 0 fast_inc 0 eta_inc 10532325 multi_dec -10421111 quick_dec --202115 nack_dec -1045800
Flow Uec_73_0 flowId 126 uecSrc 125 finished at 202522 total messages 1 total packets 15664 RTS 0 total bytes 64003104 in_flight now 0 fair_inc 0 prop_inc 0 fast_inc 0 eta_inc 10546944 multi_dec -10429496 quick_dec --288191 nack_dec -1095600
Flow Uec_16_0 flowId 120 uecSrc 119 finished at 202609 total messages 1 total packets 15664 RTS 0 total bytes 64003104 in_flight now 0 fair_inc 0 prop_inc 0 fast_inc 0 eta_inc 10537641 multi_dec -10379869 quick_dec --274764 nack_dec -1182750
Flow Uec_38_0 flowId 73 uecSrc 72 finished at 202795 total messages 1 total packets 15664 RTS 0 total bytes 64003104 in_flight now 0 fair_inc 0 prop_inc 0 fast_inc 0 eta_inc 10572195 multi_dec -10463110 quick_dec --257786 nack_dec -1062400
Flow Uec_44_0 flowId 9 uecSrc 8 finished at 203146 total messages 1 total packets 15664 RTS 0 total bytes 64003104 in_flight now 0 fair_inc 0 prop_inc 0 fast_inc 0 eta_inc 10592130 multi_dec -10432091 quick_dec --178901 nack_dec -1054100
Flow Uec_36_0 flowId 42 uecSrc 41 finished at 203267 total messages 1 total packets 15664 RTS 0 total bytes 64003104 in_flight now 0 fair_inc 0 prop_inc 0 fast_inc 0 eta_inc 10569537 multi_dec -10410233 quick_dec --298545 nack_dec -1166150
Flow Uec_31_0 flowId 50 uecSrc 49 finished at 203415 total messages 1 total packets 15664 RTS 0 total bytes 64003104 in_flight now 0 fair_inc 6129 prop_inc 0 fast_inc 0 eta_inc 10572195 multi_dec -10426340 quick_dec --275510 nack_dec -1191050
Flow Uec_81_0 flowId 24 uecSrc 23 finished at 205061 total messages 1 total packets 15664 RTS 0 total bytes 64003104 in_flight now 0 fair_inc 0 prop_inc 0 fast_inc 0 eta_inc 10677186 multi_dec -10490720 quick_dec --202636 nack_dec -1103900
Flow Uec_50_0 flowId 107 uecSrc 106 finished at 209940 total messages 1 total packets 15664 RTS 0 total bytes 64003104 in_flight now 0 fair_inc 5600 prop_inc 0 fast_inc 0 eta_inc 10952289 multi_dec -10859605 quick_dec --205849 nack_dec -1037500
Flow Uec_3_0 flowId 92 uecSrc 91 finished at 216599 total messages 1 total packets 15664 RTS 0 total bytes 64003104 in_flight now 0 fair_inc 0 prop_inc 3502 fast_inc 0 eta_inc 16700214 multi_dec -15511365 quick_dec --627259 nack_dec -3041950
Flow Uec_15_0 flowId 12 uecSrc 11 finished at 217074 total messages 1 total packets 15664 RTS 0 total bytes 64003104 in_flight now 0 fair_inc 16994 prop_inc 0 fast_inc 0 eta_inc 13434861 multi_dec -12903547 quick_dec --558264 nack_dec -1863350
Flow Uec_1_0 flowId 102 uecSrc 101 finished at 217846 total messages 1 total packets 15664 RTS 0 total bytes 64003104 in_flight now 0 fair_inc 5601 prop_inc 3595 fast_inc 0 eta_inc 16791915 multi_dec -15648448 quick_dec --715814 nack_dec -3091750
Flow Uec_80_0 flowId 32 uecSrc 31 finished at 222041 total messages 1 total packets 15664 RTS 0 total bytes 64003104 in_flight now 0 fair_inc 6048 prop_inc 0 fast_inc 0 eta_inc 11542365 multi_dec -11372794 quick_dec --296687 nack_dec -1240850
Flow Uec_2_0 flowId 88 uecSrc 87 finished at 224210 total messages 1 total packets 15664 RTS 0 total bytes 64003104 in_flight now 0 fair_inc 0 prop_inc 3398 fast_inc 0 eta_inc 17302251 multi_dec -16069984 quick_dec --518588 nack_dec -2942350
Flow Uec_13_0 flowId 111 uecSrc 110 finished at 232303 total messages 1 total packets 15664 RTS 0 total bytes 64003104 in_flight now 0 fair_inc 23658 prop_inc 0 fast_inc 0 eta_inc 14377122 multi_dec -13826188 quick_dec --678681 nack_dec -2016900
Flow Uec_8_0 flowId 17 uecSrc 16 finished at 241824 total messages 1 total packets 15664 RTS 0 total bytes 64003104 in_flight now 0 fair_inc 0 prop_inc 0 fast_inc 0 eta_inc 14988462 multi_dec -14344198 quick_dec --655968 nack_dec -1954650
Flow Uec_4_0 flowId 109 uecSrc 108 finished at 244744 total messages 1 total packets 15664 RTS 0 total bytes 64003104 in_flight now 0 fair_inc 0 prop_inc 0 fast_inc 0 eta_inc 15183825 multi_dec -14514747 quick_dec --571503 nack_dec -1933900
Flow Uec_9_0 flowId 122 uecSrc 121 finished at 246761 total messages 1 total packets 15664 RTS 0 total bytes 64003104 in_flight now 0 fair_inc 0 prop_inc 0 fast_inc 0 eta_inc 15299448 multi_dec -14632916 quick_dec --558365 nack_dec -1954650
Flow Uec_5_0 flowId 6 uecSrc 5 finished at 247582 total messages 1 total packets 15664 RTS 0 total bytes 64003104 in_flight now 0 fair_inc 11184 prop_inc 0 fast_inc 0 eta_inc 15347292 multi_dec -14680643 quick_dec --566629 nack_dec -2016900
Flow Uec_112_0 flowId 46 uecSrc 45 finished at 248972 total messages 1 total packets 15664 RTS 0 total bytes 64003104 in_flight now 0 fair_inc 0 prop_inc 0 fast_inc 0 eta_inc 12957750 multi_dec -12681619 quick_dec --204137 nack_dec -1232550
.Flow Uec_14_0 flowId 95 uecSrc 94 finished at 250326 total messages 1 total packets 15664 RTS 0 total bytes 64003104 in_flight now 0 fair_inc 17268 prop_inc 0 fast_inc 0 eta_inc 15482850 multi_dec -14816849 quick_dec --536556 nack_dec -2108200
Flow Uec_6_0 flowId 40 uecSrc 39 finished at 261434 total messages 1 total packets 15664 RTS 0 total bytes 64003104 in_flight now 0 fair_inc 12019 prop_inc 0 fast_inc 0 eta_inc 16193865 multi_dec -15504563 quick_dec --592237 nack_dec -2162150
Flow Uec_127_0 flowId 1 uecSrc 0 finished at 275933 total messages 1 total packets 15664 RTS 0 total bytes 64003104 in_flight now 0 fair_inc 5555 prop_inc 0 fast_inc 0 eta_inc 14397057 multi_dec -14058400 quick_dec --84577 nack_dec -1215950
Flow Uec_63_0 flowId 110 uecSrc 109 finished at 287306 total messages 1 total packets 15664 RTS 0 total bytes 64003104 in_flight now 0 fair_inc 0 prop_inc 0 fast_inc 0 eta_inc 14972514 multi_dec -14638217 quick_dec --129511 nack_dec -1290650
Flow Uec_7_0 flowId 37 uecSrc 36 finished at 287449 total messages 1 total packets 15664 RTS 0 total bytes 64003104 in_flight now 0 fair_inc 0 prop_inc 0 fast_inc 0 eta_inc 17809929 multi_dec -16912991 quick_dec --465746 nack_dec -2290800
Flow Uec_77_0 flowId 41 uecSrc 40 finished at 294942 total messages 1 total packets 15664 RTS 0 total bytes 64003104 in_flight now 0 fair_inc 5566 prop_inc 0 fast_inc 0 eta_inc 15442980 multi_dec -15125341 quick_dec -4298 nack_dec -1095600
Flow Uec_65_0 flowId 65 uecSrc 64 finished at 295089 total messages 1 total packets 15664 RTS 0 total bytes 64003104 in_flight now 0 fair_inc 6034 prop_inc 0 fast_inc 0 eta_inc 15397794 multi_dec -15040674 quick_dec --124766 nack_dec -1249150
Flow Uec_85_0 flowId 64 uecSrc 63 finished at 295800 total messages 1 total packets 15664 RTS 0 total bytes 64003104 in_flight now 0 fair_inc 49829 prop_inc 0 fast_inc 0 eta_inc 15481521 multi_dec -15196566 quick_dec --16593 nack_dec -1162000
Flow Uec_106_0 flowId 52 uecSrc 51 finished at 299234 total messages 1 total packets 15664 RTS 0 total bytes 64003104 in_flight now 0 fair_inc 11634 prop_inc 0 fast_inc 0 eta_inc 15634356 multi_dec -15305463 quick_dec --71043 nack_dec -1207650
.Flow Uec_41_0 flowId 94 uecSrc 93 finished at 300253 total messages 1 total packets 15664 RTS 0 total bytes 64003104 in_flight now 0 fair_inc 6020 prop_inc 0 fast_inc 0 eta_inc 15700806 multi_dec -15364667 quick_dec --92367 nack_dec -1186900
Flow Uec_90_0 flowId 101 uecSrc 100 finished at 300583 total messages 1 total packets 15664 RTS 0 total bytes 64003104 in_flight now 0 fair_inc 0 prop_inc 0 fast_inc 0 eta_inc 15723399 multi_dec -15366489 quick_dec --10009 nack_dec -1145400
Flow Uec_59_0 flowId 74 uecSrc 73 finished at 301821 total messages 1 total packets 15664 RTS 0 total bytes 64003104 in_flight now 0 fair_inc 5981 prop_inc 0 fast_inc 0 eta_inc 15787191 multi_dec -15454995 quick_dec --55321 nack_dec -1128800
Flow Uec_103_0 flowId 124 uecSrc 123 finished at 302254 total messages 1 total packets 15664 RTS 0 total bytes 64003104 in_flight now 0 fair_inc 5561 prop_inc 0 fast_inc 0 eta_inc 15791178 multi_dec -15440167 quick_dec --70764 nack_dec -1224250
Flow Uec_26_0 flowId 53 uecSrc 52 finished at 302447 total messages 1 total packets 15664 RTS 0 total bytes 64003104 in_flight now 0 fair_inc 5181 prop_inc 0 fast_inc 0 eta_inc 15779217 multi_dec -15365830 quick_dec --41194 nack_dec -1294800
Flow Uec_104_0 flowId 91 uecSrc 90 finished at 303632 total messages 1 total packets 15664 RTS 0 total bytes 64003104 in_flight now 0 fair_inc 0 prop_inc 0 fast_inc 0 eta_inc 15858957 multi_dec -15518355 quick_dec --107038 nack_dec -1257450
Flow Uec_126_0 flowId 68 uecSrc 67 finished at 303666 total messages 1 total packets 15664 RTS 0 total bytes 64003104 in_flight now 0 fair_inc 5597 prop_inc 0 fast_inc 0 eta_inc 15862944 multi_dec -15488932 quick_dec --39306 nack_dec -1249150
Flow Uec_21_0 flowId 21 uecSrc 20 finished at 304144 total messages 1 total packets 15664 RTS 0 total bytes 64003104 in_flight now 0 fair_inc 0 prop_inc 0 fast_inc 0 eta_inc 15910788 multi_dec -15544972 quick_dec --51352 nack_dec -1157850
Flow Uec_117_0 flowId 100 uecSrc 99 finished at 305587 total messages 1 total packets 15664 RTS 0 total bytes 64003104 in_flight now 0 fair_inc 0 prop_inc 0 fast_inc 0 eta_inc 15944013 multi_dec -15508458 quick_dec --77640 nack_dec -1249150
Flow Uec_42_0 flowId 4 uecSrc 3 finished at 306444 total messages 1 total packets 15664 RTS 0 total bytes 64003104 in_flight now 0 fair_inc 6051 prop_inc 0 fast_inc 0 eta_inc 16056978 multi_dec -15737444 quick_dec -4361 nack_dec -1095600
Flow Uec_120_0 flowId 67 uecSrc 66 finished at 306499 total messages 1 total packets 15664 RTS 0 total bytes 64003104 in_flight now 0 fair_inc 0 prop_inc 0 fast_inc 0 eta_inc 16046346 multi_dec -15728055 quick_dec --71845 nack_dec -1141250
Flow Uec_60_0 flowId 45 uecSrc 44 finished at 307872 total messages 1 total packets 15664 RTS 0 total bytes 64003104 in_flight now 0 fair_inc 17633 prop_inc 0 fast_inc 0 eta_inc 16122099 multi_dec -15846526 quick_dec --8999 nack_dec -1108050
Flow Uec_76_0 flowId 96 uecSrc 95 finished at 308605 total messages 1 total packets 15664 RTS 0 total bytes 64003104 in_flight now 0 fair_inc 0 prop_inc 0 fast_inc 0 eta_inc 16123428 multi_dec -15708587 quick_dec --50436 nack_dec -1245000
Flow Uec_101_0 flowId 113 uecSrc 112 finished at 308937 total messages 1 total packets 15664 RTS 0 total bytes 64003104 in_flight now 0 fair_inc 0 prop_inc 0 fast_inc 0 eta_inc 16153995 multi_dec -15787545 quick_dec --84771 nack_dec -1203500
Flow Uec_22_0 flowId 15 uecSrc 14 finished at 309072 total messages 1 total packets 15664 RTS 0 total bytes 64003104 in_flight now 0 fair_inc 0 prop_inc 0 fast_inc 0 eta_inc 16156653 multi_dec -15739242 quick_dec -50601 nack_dec -1172392
Flow Uec_121_0 flowId 63 uecSrc 62 finished at 309257 total messages 1 total packets 15664 RTS 0 total bytes 64003104 in_flight now 0 fair_inc 0 prop_inc 0 fast_inc 0 eta_inc 16150008 multi_dec -15733606 quick_dec --42864 nack_dec -1261600
Flow Uec_123_0 flowId 118 uecSrc 117 finished at 309351 total messages 1 total packets 15664 RTS 0 total bytes 64003104 in_flight now 0 fair_inc 6037 prop_inc 0 fast_inc 0 eta_inc 16175259 multi_dec -15798530 quick_dec --31154 nack_dec -1211800
Flow Uec_74_0 flowId 61 uecSrc 60 finished at 309697 total messages 1 total packets 15664 RTS 0 total bytes 64003104 in_flight now 0 fair_inc 0 prop_inc 0 fast_inc 0 eta_inc 16177917 multi_dec -15779147 quick_dec --33419 nack_dec -1186900
Flow Uec_100_0 flowId 25 uecSrc 24 finished at 309706 total messages 1 total packets 15664 RTS 0 total bytes 64003104 in_flight now 0 fair_inc 0 prop_inc 0 fast_inc 0 eta_inc 16197852 multi_dec -15823811 quick_dec --40842 nack_dec -1186900
Flow Uec_107_0 flowId 108 uecSrc 107 finished at 310220 total messages 1 total packets 15664 RTS 0 total bytes 64003104 in_flight now 0 fair_inc 5580 prop_inc 0 fast_inc 0 eta_inc 16232406 multi_dec -15827812 quick_dec --38931 nack_dec -1199350
Flow Uec_68_0 flowId 83 uecSrc 82 finished at 310253 total messages 1 total packets 15664 RTS 0 total bytes 64003104 in_flight now 0 fair_inc 0 prop_inc 0 fast_inc 0 eta_inc 16215129 multi_dec -15838090 quick_dec --47142 nack_dec -1232550
Flow Uec_53_0 flowId 47 uecSrc 46 finished at 310407 total messages 1 total packets 15664 RTS 0 total bytes 64003104 in_flight now 0 fair_inc 12035 prop_inc 0 fast_inc 0 eta_inc 16236393 multi_dec -15910319 quick_dec --45982 nack_dec -1203500
Flow Uec_28_0 flowId 86 uecSrc 85 finished at 310960 total messages 1 total packets 15664 RTS 0 total bytes 64003104 in_flight now 0 fair_inc 0 prop_inc 0 fast_inc 0 eta_inc 16288224 multi_dec -15961316 quick_dec --10433 nack_dec -1128800
Flow Uec_92_0 flowId 72 uecSrc 71 finished at 312304 total messages 1 total packets 15664 RTS 0 total bytes 64003104 in_flight now 0 fair_inc 32200 prop_inc 0 fast_inc 0 eta_inc 16342713 multi_dec -15970023 quick_dec -35793 nack_dec -1186900
Flow Uec_70_0 flowId 89 uecSrc 88 finished at 313391 total messages 1 total packets 15664 RTS 0 total bytes 64003104 in_flight now 0 fair_inc 0 prop_inc 0 fast_inc 0 eta_inc 16406505 multi_dec -16011283 quick_dec --14475 nack_dec -1166150
Flow Uec_115_0 flowId 90 uecSrc 89 finished at 313567 total messages 1 total packets 15664 RTS 0 total bytes 64003104 in_flight now 0 fair_inc 0 prop_inc 0 fast_inc 0 eta_inc 16406505 multi_dec -15957153 quick_dec -31278 nack_dec -1191050
Flow Uec_124_0 flowId 8 uecSrc 7 finished at 313837 total messages 1 total packets 15664 RTS 0 total bytes 64003104 in_flight now 0 fair_inc 0 prop_inc 0 fast_inc 0 eta_inc 16411821 multi_dec -15991363 quick_dec --29525 nack_dec -1240850
Flow Uec_97_0 flowId 78 uecSrc 77 finished at 314149 total messages 1 total packets 15664 RTS 0 total bytes 64003104 in_flight now 0 fair_inc 6036 prop_inc 0 fast_inc 0 eta_inc 16450362 multi_dec -16099489 quick_dec -18594 nack_dec -1128800
Flow Uec_49_0 flowId 114 uecSrc 113 finished at 314253 total messages 1 total packets 15664 RTS 0 total bytes 64003104 in_flight now 0 fair_inc 0 prop_inc 0 fast_inc 0 eta_inc 16418466 multi_dec -15993107 quick_dec --38812 nack_dec -1294800
Flow Uec_10_0 flowId 27 uecSrc 26 finished at 315245 total messages 1 total packets 15664 RTS 0 total bytes 64003104 in_flight now 0 fair_inc 6668 prop_inc 0 fast_inc 0 eta_inc 19598763 multi_dec -18508872 quick_dec --110187 nack_dec -2162150
Flow Uec_67_0 flowId 49 uecSrc 48 finished at 315293 total messages 1 total packets 15664 RTS 0 total bytes 64003104 in_flight now 0 fair_inc 0 prop_inc 0 fast_inc 0 eta_inc 16528773 multi_dec -16148140 quick_dec -45123 nack_dec -1132950
Flow Uec_110_0 flowId 54 uecSrc 53 finished at 315319 total messages 1 total packets 15664 RTS 0 total bytes 64003104 in_flight now 0 fair_inc 12643 prop_inc 0 fast_inc 0 eta_inc 16484916 multi_dec -16097357 quick_dec --63780 nack_dec -1257450
Flow Uec_118_0 flowId 104 uecSrc 103 finished at 315329 total messages 1 total packets 15664 RTS 0 total bytes 64003104 in_flight now 0 fair_inc 18082 prop_inc 0 fast_inc 0 eta_inc 16520799 multi_dec -16183900 quick_dec -10172 nack_dec -1137100
Flow Uec_11_0 flowId 36 uecSrc 35 finished at 315369 total messages 1 total packets 15664 RTS 0 total bytes 64003104 in_flight now 0 fair_inc 19280 prop_inc 0 fast_inc 0 eta_inc 19646607 multi_dec -18607705 quick_dec --32284 nack_dec -2029350
Flow Uec_12_0 flowId 44 uecSrc 43 finished at 316024 total messages 1 total packets 15664 RTS 0 total bytes 64003104 in_flight now 0 fair_inc 25813 prop_inc 0 fast_inc 0 eta_inc 19655910 multi_dec -18606968 quick_dec --68976 nack_dec -2137250
Flow Uec_119_0 flowId 80 uecSrc 79 finished at 316719 total messages 1 total packets 15664 RTS 0 total bytes 64003104 in_flight now 0 fair_inc 13327 prop_inc 0 fast_inc 0 eta_inc 16597881 multi_dec -16202528 quick_dec -59394 nack_dec -1162000
Flow Uec_25_0 flowId 19 uecSrc 18 finished at 317157 total messages 1 total packets 15664 RTS 0 total bytes 64003104 in_flight now 0 fair_inc 25415 prop_inc 0 fast_inc 0 eta_inc 16608513 multi_dec -16210874 quick_dec -63382 nack_dec -1137100
Flow Uec_30_0 flowId 97 uecSrc 96 finished at 317305 total messages 1 total packets 15664 RTS 0 total bytes 64003104 in_flight now 0 fair_inc 0 prop_inc 0 fast_inc 0 eta_inc 16597881 multi_dec -16161134 quick_dec --27232 nack_dec -1207650
Flow Uec_78_0 flowId 105 uecSrc 104 finished at 317392 total messages 1 total packets 15664 RTS 0 total bytes 64003104 in_flight now 0 fair_inc 0 prop_inc 0 fast_inc 0 eta_inc 16639080 multi_dec -16280270 quick_dec --34633 nack_dec -1162000
Flow Uec_66_0 flowId 60 uecSrc 59 finished at 318839 total messages 1 total packets 15664 RTS 0 total bytes 64003104 in_flight now 0 fair_inc 65375 prop_inc 257 fast_inc 0 eta_inc 16698885 multi_dec -16358261 quick_dec -23571 nack_dec -1137100
Flow Uec_17_0 flowId 18 uecSrc 17 finished at 318845 total messages 1 total packets 15664 RTS 0 total bytes 64003104 in_flight now 0 fair_inc 32082 prop_inc 0 fast_inc 0 eta_inc 16717491 multi_dec -16370838 quick_dec -39357 nack_dec -1128800
Flow Uec_45_0 flowId 77 uecSrc 76 finished at 319807 total messages 1 total packets 15664 RTS 0 total bytes 64003104 in_flight now 0 fair_inc 13240 prop_inc 0 fast_inc 0 eta_inc 16720149 multi_dec -16316852 quick_dec --91066 nack_dec -1320746
Flow Uec_62_0 flowId 38 uecSrc 37 finished at 319962 total messages 1 total packets 15664 RTS 0 total bytes 64003104 in_flight now 0 fair_inc 25384 prop_inc 0 fast_inc 0 eta_inc 16760019 multi_dec -16403530 quick_dec -60681 nack_dec -1162000
Flow Uec_18_0 flowId 127 uecSrc 126 finished at 319991 total messages 1 total packets 15664 RTS 0 total bytes 64003104 in_flight now 0 fair_inc 59168 prop_inc 0 fast_inc 0 eta_inc 16754703 multi_dec -16381638 quick_dec -64135 nack_dec -1240850
Flow Uec_122_0 flowId 13 uecSrc 12 finished at 320142 total messages 1 total packets 15664 RTS 0 total bytes 64003104 in_flight now 0 fair_inc 40834 prop_inc 0 fast_inc 0 eta_inc 16760019 multi_dec -16424178 quick_dec -15645 nack_dec -1211800
Flow Uec_91_0 flowId 84 uecSrc 83 finished at 320402 total messages 1 total packets 15664 RTS 0 total bytes 64003104 in_flight now 0 fair_inc 38782 prop_inc 0 fast_inc 0 eta_inc 16762677 multi_dec -16383937 quick_dec -64898 nack_dec -1257450
Flow Uec_69_0 flowId 43 uecSrc 42 finished at 320762 total messages 1 total packets 15664 RTS 0 total bytes 64003104 in_flight now 0 fair_inc 50240 prop_inc 0 fast_inc 0 eta_inc 16811850 multi_dec -16432581 quick_dec -39988 nack_dec -1162000
Flow Uec_108_0 flowId 23 uecSrc 22 finished at 321233 total messages 1 total packets 15664 RTS 0 total bytes 64003104 in_flight now 0 fair_inc 96586 prop_inc 705 fast_inc 0 eta_inc 16847733 multi_dec -16634252 quick_dec --41930 nack_dec -1166150
Flow Uec_43_0 flowId 66 uecSrc 65 finished at 321354 total messages 1 total packets 15664 RTS 0 total bytes 64003104 in_flight now 0 fair_inc 51312 prop_inc 1699 fast_inc 0 eta_inc 16818495 multi_dec -16417717 quick_dec -57002 nack_dec -1282350
Flow Uec_19_0 flowId 57 uecSrc 56 finished at 323148 total messages 1 total packets 15664 RTS 0 total bytes 64003104 in_flight now 0 fair_inc 110416 prop_inc 233 fast_inc 0 eta_inc 16927473 multi_dec -16634946 quick_dec -103082 nack_dec -1215950
Flow Uec_29_0 flowId 82 uecSrc 81 finished at 324152 total messages 1 total packets 15664 RTS 0 total bytes 64003104 in_flight now 0 fair_inc 102970 prop_inc 0 fast_inc 0 eta_inc 16985949 multi_dec -16617411 quick_dec -125323 nack_dec -1282350
Flow Uec_79_0 flowId 62 uecSrc 61 finished at 324428 total messages 1 total packets 15664 RTS 0 total bytes 64003104 in_flight now 0 fair_inc 135078 prop_inc 231 fast_inc 0 eta_inc 16970001 multi_dec -16719890 quick_dec -12811 nack_dec -1311400
Flow Uec_27_0 flowId 112 uecSrc 111 finished at 324562 total messages 1 total packets 15664 RTS 0 total bytes 64003104 in_flight now 0 fair_inc 118809 prop_inc 535 fast_inc 0 eta_inc 17013858 multi_dec -16758502 quick_dec -54414 nack_dec -1215950
Flow Uec_46_0 flowId 7 uecSrc 6 finished at 324791 total messages 1 total packets 15664 RTS 0 total bytes 64003104 in_flight now 0 fair_inc 116821 prop_inc 755 fast_inc 0 eta_inc 17021832 multi_dec -16705546 quick_dec -104268 nack_dec -1290650
Flow Uec_52_0 flowId 31 uecSrc 30 finished at 325409 total messages 1 total packets 15664 RTS 0 total bytes 64003104 in_flight now 0 fair_inc 104753 prop_inc 648 fast_inc 0 eta_inc 17055057 multi_dec -16722912 quick_dec -131210 nack_dec -1240850
Flow Uec_95_0 flowId 11 uecSrc 10 finished at 326114 total messages 1 total packets 15664 RTS 0 total bytes 64003104 in_flight now 0 fair_inc 147432 prop_inc 593 fast_inc 0 eta_inc 17063031 multi_dec -16696044 quick_dec -89728 nack_dec -1381950
Flow Uec_94_0 flowId 33 uecSrc 32 finished at 326117 total messages 1 total packets 15664 RTS 0 total bytes 64003104 in_flight now 0 fair_inc 152037 prop_inc 732 fast_inc 0 eta_inc 17098914 multi_dec -16813199 quick_dec -137669 nack_dec -1249150
Flow Uec_111_0 flowId 70 uecSrc 69 finished at 326911 total messages 1 total packets 15664 RTS 0 total bytes 64003104 in_flight now 0 fair_inc 135414 prop_inc 358 fast_inc 0 eta_inc 17074992 multi_dec -16738470 quick_dec --27898 nack_dec -1394400
Flow Uec_34_0 flowId 35 uecSrc 34 finished at 327208 total messages 1 total packets 15664 RTS 0 total bytes 64003104 in_flight now 0 fair_inc 127217 prop_inc 0 fast_inc 0 eta_inc 17102901 multi_dec -16731882 quick_dec -34213 nack_dec -1411000
Flow Uec_105_0 flowId 76 uecSrc 75 finished at 327371 total messages 1 total packets 15664 RTS 0 total bytes 64003104 in_flight now 0 fair_inc 170863 prop_inc 2863 fast_inc 0 eta_inc 17128152 multi_dec -16839528 quick_dec -81013 nack_dec -1365350
Flow Uec_37_0 flowId 10 uecSrc 9 finished at 327587 total messages 1 total packets 15664 RTS 0 total bytes 64003104 in_flight now 0 fair_inc 134019 prop_inc 3160 fast_inc 0 eta_inc 17166693 multi_dec -16825145 quick_dec -89653 nack_dec -1323850
Flow Uec_86_0 flowId 3 uecSrc 2 finished at 327607 total messages 1 total packets 15664 RTS 0 total bytes 64003104 in_flight now 0 fair_inc 151895 prop_inc 5233 fast_inc 0 eta_inc 17160048 multi_dec -16881013 quick_dec -108338 nack_dec -1311400
Flow Uec_61_0 flowId 116 uecSrc 115 finished at 327690 total messages 1 total packets 15664 RTS 0 total bytes 64003104 in_flight now 0 fair_inc 267580 prop_inc 2858 fast_inc 0 eta_inc 17170680 multi_dec -16990045 quick_dec -139558 nack_dec -1394400
Flow Uec_82_0 flowId 75 uecSrc 74 finished at 327720 total messages 1 total packets 15664 RTS 0 total bytes 64003104 in_flight now 0 fair_inc 206696 prop_inc 473 fast_inc 0 eta_inc 17162706 multi_dec -16898011 quick_dec -76394 nack_dec -1365350
Flow Uec_64_0 flowId 119 uecSrc 118 finished at 327885 total messages 1 total packets 15664 RTS 0 total bytes 64003104 in_flight now 0 fair_inc 298466 prop_inc 3003 fast_inc 0 eta_inc 17219853 multi_dec -17089772 quick_dec -142525 nack_dec -1298950
Flow Uec_51_0 flowId 5 uecSrc 4 finished at 327944 total messages 1 total packets 15664 RTS 0 total bytes 64003104 in_flight now 0 fair_inc 211533 prop_inc 2848 fast_inc 0 eta_inc 17182641 multi_dec -16928671 quick_dec -157293 nack_dec -1319700
Flow Uec_116_0 flowId 22 uecSrc 21 finished at 327971 total messages 1 total packets 15664 RTS 0 total bytes 64003104 in_flight now 0 fair_inc 176557 prop_inc 3138 fast_inc 0 eta_inc 17146758 multi_dec -16841225 quick_dec -80531 nack_dec -1415150
Flow Uec_87_0 flowId 29 uecSrc 28 finished at 328074 total messages 1 total packets 15664 RTS 0 total bytes 64003104 in_flight now 0 fair_inc 186192 prop_inc 2416 fast_inc 0 eta_inc 17195931 multi_dec -16949254 quick_dec -123987 nack_dec -1298950
Flow Uec_89_0 flowId 59 uecSrc 58 finished at 328531 total messages 1 total packets 15664 RTS 0 total bytes 64003104 in_flight now 0 fair_inc 217463 prop_inc 4682 fast_inc 0 eta_inc 17235801 multi_dec -17028080 quick_dec -150994 nack_dec -1340450
Flow Uec_23_0 flowId 26 uecSrc 25 finished at 328613 total messages 1 total packets 15664 RTS 0 total bytes 64003104 in_flight now 0 fair_inc 178610 prop_inc 3326 fast_inc 0 eta_inc 17185299 multi_dec -16770163 quick_dec -100527 nack_dec -1427600
Flow Uec_72_0 flowId 51 uecSrc 50 finished at 328675 total messages 1 total packets 15664 RTS 0 total bytes 64003104 in_flight now 0 fair_inc 272041 prop_inc 2762 fast_inc 0 eta_inc 17175996 multi_dec -16884825 quick_dec -69544 nack_dec -1456650
Flow Uec_98_0 flowId 123 uecSrc 122 finished at 328821 total messages 1 total packets 15664 RTS 0 total bytes 64003104 in_flight now 0 fair_inc 238513 prop_inc 1983 fast_inc 0 eta_inc 17270355 multi_dec -17071088 quick_dec -182074 nack_dec -1315550
Flow Uec_54_0 flowId 71 uecSrc 70 finished at 328941 total messages 1 total packets 15664 RTS 0 total bytes 64003104 in_flight now 0 fair_inc 220877 prop_inc 10318 fast_inc 0 eta_inc 17233143 multi_dec -16880731 quick_dec -219173 nack_dec -1361200
Flow Uec_57_0 flowId 81 uecSrc 80 finished at 329148 total messages 1 total packets 15664 RTS 0 total bytes 64003104 in_flight now 0 fair_inc 213899 prop_inc 5143 fast_inc 0 eta_inc 17269026 multi_dec -16955810 quick_dec -258976 nack_dec -1228400
Flow Uec_20_0 flowId 58 uecSrc 57 finished at 329196 total messages 1 total packets 15664 RTS 0 total bytes 64003104 in_flight now 0 fair_inc 187901 prop_inc 4526 fast_inc 0 eta_inc 17275671 multi_dec -17007176 quick_dec -203528 nack_dec -1265750
Flow Uec_39_0 flowId 2 uecSrc 1 finished at 329200 total messages 1 total packets 15664 RTS 0 total bytes 64003104 in_flight now 0 fair_inc 269903 prop_inc 11992 fast_inc 0 eta_inc 17238459 multi_dec -16900054 quick_dec -156997 nack_dec -1448350
Flow Uec_93_0 flowId 98 uecSrc 97 finished at 329247 total messages 1 total packets 15664 RTS 0 total bytes 64003104 in_flight now 0 fair_inc 286632 prop_inc 542 fast_inc 0 eta_inc 17274342 multi_dec -16955253 quick_dec -306308 nack_dec -1377800
Flow Uec_48_0 flowId 48 uecSrc 47 finished at 329249 total messages 1 total packets 15664 RTS 0 total bytes 64003104 in_flight now 0 fair_inc 185469 prop_inc 7180 fast_inc 0 eta_inc 17277000 multi_dec -17056289 quick_dec -124332 nack_dec -1236700
Flow Uec_56_0 flowId 106 uecSrc 105 finished at 329256 total messages 1 total packets 15664 RTS 0 total bytes 64003104 in_flight now 0 fair_inc 264250 prop_inc 5676 fast_inc 0 eta_inc 17215866 multi_dec -16880208 quick_dec -224496 nack_dec -1510600
Flow Uec_102_0 flowId 30 uecSrc 29 finished at 329289 total messages 1 total packets 15664 RTS 0 total bytes 64003104 in_flight now 0 fair_inc 184136 prop_inc 3303 fast_inc 0 eta_inc 17233143 multi_dec -16875827 quick_dec -148967 nack_dec -1452500
Flow Uec_55_0 flowId 85 uecSrc 84 finished at 329338 total messages 1 total packets 15664 RTS 0 total bytes 64003104 in_flight now 0 fair_inc 258204 prop_inc 4470 fast_inc 0 eta_inc 17286303 multi_dec -17078138 quick_dec -92345 nack_dec -1269900
Flow Uec_71_0 flowId 79 uecSrc 78 finished at 329573 total messages 1 total packets 15664 RTS 0 total bytes 64003104 in_flight now 0 fair_inc 168619 prop_inc 2185 fast_inc 0 eta_inc 17315541 multi_dec -17005573 quick_dec -186085 nack_dec -1207650
Flow Uec_84_0 flowId 115 uecSrc 114 finished at 329766 total messages 1 total packets 15664 RTS 0 total bytes 64003104 in_flight now 0 fair_inc 236152 prop_inc 7352 fast_inc 0 eta_inc 17261052 multi_dec -16952001 quick_dec -186683 nack_dec -1440050
Flow Uec_24_0 flowId 69 uecSrc 68 finished at 329847 total messages 1 total packets 15664 RTS 0 total bytes 64003104 in_flight now 0 fair_inc 237978 prop_inc 6501 fast_inc 0 eta_inc 17286303 multi_dec -17001957 quick_dec -145707 nack_dec -1398550
Flow Uec_99_0 flowId 103 uecSrc 102 finished at 329927 total messages 1 total packets 15664 RTS 0 total bytes 64003104 in_flight now 0 fair_inc 231960 prop_inc 11430 fast_inc 0 eta_inc 17312883 multi_dec -17067578 quick_dec -148375 nack_dec -1307250
Flow Uec_109_0 flowId 125 uecSrc 124 finished at 329929 total messages 1 total packets 15664 RTS 0 total bytes 64003104 in_flight now 0 fair_inc 206166 prop_inc 9717 fast_inc 0 eta_inc 17303580 multi_dec -16973706 quick_dec -178688 nack_dec -1315550
Flow Uec_113_0 flowId 14 uecSrc 13 finished at 330028 total messages 1 total packets 15664 RTS 0 total bytes 64003104 in_flight now 0 fair_inc 231679 prop_inc 13654 fast_inc 0 eta_inc 17310225 multi_dec -16956572 quick_dec -207843 nack_dec -1336300
Flow Uec_58_0 flowId 117 uecSrc 116 finished at 330078 total messages 1 total packets 15664 RTS 0 total bytes 64003104 in_flight now 0 fair_inc 219947 prop_inc 9796 fast_inc 0 eta_inc 17304909 multi_dec -16982030 quick_dec -177559 nack_dec -1344600
Flow Uec_96_0 flowId 16 uecSrc 15 finished at 330084 total messages 1 total packets 15664 RTS 0 total bytes 64003104 in_flight now 0 fair_inc 221279 prop_inc 8441 fast_inc 0 eta_inc 17307567 multi_dec -16960252 quick_dec -160650 nack_dec -1419300
Flow Uec_35_0 flowId 99 uecSrc 98 finished at 330116 total messages 1 total packets 15664 RTS 0 total bytes 64003104 in_flight now 0 fair_inc 239435 prop_inc 22909 fast_inc 0 eta_inc 17310225 multi_dec -17009037 quick_dec -190093 nack_dec -1415150
Flow Uec_125_0 flowId 93 uecSrc 92 finished at 330149 total messages 1 total packets 15664 RTS 0 total bytes 64003104 in_flight now 0 fair_inc 316774 prop_inc 35361 fast_inc 0 eta_inc 17316870 multi_dec -17020893 quick_dec -228291 nack_dec -1357050
Flow Uec_75_0 flowId 39 uecSrc 38 finished at 330158 total messages 1 total packets 15664 RTS 0 total bytes 64003104 in_flight now 0 fair_inc 249052 prop_inc 47732 fast_inc 0 eta_inc 17336805 multi_dec -17061851 quick_dec -155743 nack_dec -1328000
Flow Uec_40_0 flowId 20 uecSrc 19 finished at 330258 total messages 1 total packets 15664 RTS 0 total bytes 64003104 in_flight now 0 fair_inc 297949 prop_inc 96580 fast_inc 0 eta_inc 17339463 multi_dec -17217194 quick_dec -193993 nack_dec -1186900
Flow Uec_83_0 flowId 56 uecSrc 55 finished at 330297 total messages 1 total packets 15664 RTS 0 total bytes 64003104 in_flight now 0 fair_inc 239580 prop_inc 145686 fast_inc 0 eta_inc 17354082 multi_dec -17071701 quick_dec -255683 nack_dec -1215950
Flow Uec_114_0 flowId 87 uecSrc 86 finished at 330340 total messages 1 total packets 15664 RTS 0 total bytes 64003104 in_flight now 0 fair_inc 256576 prop_inc 173924 fast_inc 293026 eta_inc 17374017 multi_dec -17261638 quick_dec -285174 nack_dec -1141250
.Received SIGTERM at 394000 us, shutting down cleanly.
New: 1989328 Rtx: 41566 RTS: 0 Bounced: 0 ACKs: 1988765 NACKs: 41566 Pulls: 0 sleek_pkts: 0
SPURIOUS_COUNT 0
