Flow Uec_64_0 flowId 1 uecSrc 0 finished at 9609.56 total messages 1 total packets 3916 RTS 0 total bytes 16000776 in_flight now 0 fair_inc 44796 prop_inc 245 fast_inc 0 eta_inc 11961 multi_dec -0 quick_dec -98912 nack_dec -498000
Flow Uec_83_0 flowId 20 uecSrc 19 finished at 37868.5 total messages 1 total packets 3916 RTS 0 total bytes 16000776 in_flight now 0 fair_inc 224240 prop_inc 6133 fast_inc 0 eta_inc 2054634 multi_dec -2384994 quick_dec -176344 nack_dec -593450
Flow Uec_125_0 flowId 62 uecSrc 61 finished at 38626.3 total messages 1 total packets 3916 RTS 0 total bytes 16000776 in_flight now 0 fair_inc 164861 prop_inc 0 fast_inc 0 eta_inc 2099820 multi_dec -2385066 quick_dec -78629 nack_dec -568550
Flow Uec_106_0 flowId 43 uecSrc 42 finished at 39049.2 total messages 1 total packets 3916 RTS 0 total bytes 16000776 in_flight now 0 fair_inc 215827 prop_inc 0 fast_inc 0 eta_inc 2123742 multi_dec -2480721 quick_dec -107405 nack_dec -551950
Flow Uec_86_0 flowId 23 uecSrc 22 finished at 39123.1 total messages 1 total packets 3916 RTS 0 total bytes 16000776 in_flight now 0 fair_inc 147611 prop_inc 0 fast_inc 0 eta_inc 2121084 multi_dec -2381805 quick_dec -110572 nack_dec -572700
Flow Uec_87_0 flowId 24 uecSrc 23 finished at 39311 total messages 1 total packets 3916 RTS 0 total bytes 16000776 in_flight now 0 fair_inc 193720 prop_inc 0 fast_inc 0 eta_inc 2125071 multi_dec -2454982 quick_dec -83314 nack_dec -638324
Flow Uec_66_0 flowId 3 uecSrc 2 finished at 39432.9 total messages 1 total packets 3916 RTS 0 total bytes 16000776 in_flight now 0 fair_inc 194093 prop_inc 0 fast_inc 0 eta_inc 2145006 multi_dec -2467507 quick_dec -145511 nack_dec -572700
Flow Uec_77_0 flowId 14 uecSrc 13 finished at 39514.7 total messages 1 total packets 3916 RTS 0 total bytes 16000776 in_flight now 0 fair_inc 202775 prop_inc 51 fast_inc 0 eta_inc 2145006 multi_dec -2331492 quick_dec -127473 nack_dec -684750
Flow Uec_101_0 flowId 38 uecSrc 37 finished at 39760.6 total messages 1 total packets 3916 RTS 0 total bytes 16000776 in_flight now 0 fair_inc 194534 prop_inc 0 fast_inc 0 eta_inc 2156967 multi_dec -2457667 quick_dec -138128 nack_dec -614200
Flow Uec_94_0 flowId 31 uecSrc 30 finished at 39792.3 total messages 1 total packets 3916 RTS 0 total bytes 16000776 in_flight now 0 fair_inc 170982 prop_inc 14 fast_inc 0 eta_inc 2166270 multi_dec -2485345 quick_dec -113950 nack_dec -539500
Flow Uec_67_0 flowId 4 uecSrc 3 finished at 39793.2 total messages 1 total packets 3916 RTS 0 total bytes 16000776 in_flight now 0 fair_inc 162534 prop_inc 582 fast_inc 0 eta_inc 2159625 multi_dec -2490850 quick_dec -23659 nack_dec -560250
Flow Uec_122_0 flowId 59 uecSrc 58 finished at 39810.6 total messages 1 total packets 3916 RTS 0 total bytes 16000776 in_flight now 0 fair_inc 194268 prop_inc 0 fast_inc 0 eta_inc 2160954 multi_dec -2485100 quick_dec -112789 nack_dec -601750
Flow Uec_78_0 flowId 15 uecSrc 14 finished at 40118.6 total messages 1 total packets 3916 RTS 0 total bytes 16000776 in_flight now 0 fair_inc 160432 prop_inc 0 fast_inc 0 eta_inc 2163612 multi_dec -2482168 quick_dec --11564 nack_dec -601750
Flow Uec_103_0 flowId 40 uecSrc 39 finished at 40119.4 total messages 1 total packets 3916 RTS 0 total bytes 16000776 in_flight now 0 fair_inc 161401 prop_inc 12531 fast_inc 0 eta_inc 2175573 multi_dec -2450785 quick_dec -113960 nack_dec -585150
Flow Uec_111_0 flowId 48 uecSrc 47 finished at 40119.8 total messages 1 total packets 3916 RTS 0 total bytes 16000776 in_flight now 0 fair_inc 136574 prop_inc 3555 fast_inc 0 eta_inc 2170257 multi_dec -2401430 quick_dec -48714 nack_dec -597600
Flow Uec_82_0 flowId 19 uecSrc 18 finished at 40274.3 total messages 1 total packets 3916 RTS 0 total bytes 16000776 in_flight now 0 fair_inc 172978 prop_inc 0 fast_inc 0 eta_inc 2182218 multi_dec -2454842 quick_dec -108513 nack_dec -618350
Flow Uec_112_0 flowId 49 uecSrc 48 finished at 40318.3 total messages 1 total packets 3916 RTS 0 total bytes 16000776 in_flight now 0 fair_inc 193853 prop_inc 362 fast_inc 0 eta_inc 2188863 multi_dec -2480111 quick_dec -213224 nack_dec -634950
Flow Uec_88_0 flowId 25 uecSrc 24 finished at 40447.5 total messages 1 total packets 3916 RTS 0 total bytes 16000776 in_flight now 0 fair_inc 189131 prop_inc 17576 fast_inc 0 eta_inc 2202153 multi_dec -2461293 quick_dec -126390 nack_dec -605900
Flow Uec_68_0 flowId 5 uecSrc 4 finished at 40467.9 total messages 1 total packets 3916 RTS 0 total bytes 16000776 in_flight now 0 fair_inc 199188 prop_inc 240 fast_inc 0 eta_inc 2195508 multi_dec -2461939 quick_dec -150378 nack_dec -647400
Flow Uec_120_0 flowId 57 uecSrc 56 finished at 40601.2 total messages 1 total packets 3916 RTS 0 total bytes 16000776 in_flight now 0 fair_inc 203119 prop_inc 228 fast_inc 0 eta_inc 2199495 multi_dec -2497018 quick_dec -167651 nack_dec -655700
Flow Uec_96_0 flowId 33 uecSrc 32 finished at 40744.6 total messages 1 total packets 3916 RTS 0 total bytes 16000776 in_flight now 0 fair_inc 187868 prop_inc 151 fast_inc 0 eta_inc 2195508 multi_dec -2488340 quick_dec -102715 nack_dec -647400
Flow Uec_104_0 flowId 41 uecSrc 40 finished at 40879 total messages 1 total packets 3916 RTS 0 total bytes 16000776 in_flight now 0 fair_inc 160055 prop_inc 1654 fast_inc 0 eta_inc 2215443 multi_dec -2440581 quick_dec -113319 nack_dec -601750
Flow Uec_119_0 flowId 56 uecSrc 55 finished at 40904.1 total messages 1 total packets 3916 RTS 0 total bytes 16000776 in_flight now 0 fair_inc 141182 prop_inc 1424 fast_inc 0 eta_inc 2222088 multi_dec -2481038 quick_dec -70858 nack_dec -600974
Flow Uec_102_0 flowId 39 uecSrc 38 finished at 40928.4 total messages 1 total packets 3916 RTS 0 total bytes 16000776 in_flight now 0 fair_inc 192320 prop_inc 359 fast_inc 0 eta_inc 2223417 multi_dec -2501678 quick_dec -120457 nack_dec -593450
Flow Uec_84_0 flowId 21 uecSrc 20 finished at 40935 total messages 1 total packets 3916 RTS 0 total bytes 16000776 in_flight now 0 fair_inc 184722 prop_inc 203 fast_inc 0 eta_inc 2226075 multi_dec -2488750 quick_dec -145788 nack_dec -585150
Flow Uec_73_0 flowId 10 uecSrc 9 finished at 40946.4 total messages 1 total packets 3916 RTS 0 total bytes 16000776 in_flight now 0 fair_inc 191157 prop_inc 1219 fast_inc 0 eta_inc 2222088 multi_dec -2397550 quick_dec -128457 nack_dec -647400
Flow Uec_116_0 flowId 53 uecSrc 52 finished at 40953.2 total messages 1 total packets 3916 RTS 0 total bytes 16000776 in_flight now 0 fair_inc 158393 prop_inc 750 fast_inc 0 eta_inc 2224746 multi_dec -2472009 quick_dec -85188 nack_dec -585150
Flow Uec_126_0 flowId 63 uecSrc 62 finished at 40955.8 total messages 1 total packets 3916 RTS 0 total bytes 16000776 in_flight now 0 fair_inc 191422 prop_inc 537 fast_inc 0 eta_inc 2222088 multi_dec -2466087 quick_dec -179775 nack_dec -647400
Flow Uec_105_0 flowId 42 uecSrc 41 finished at 40970.4 total messages 1 total packets 3916 RTS 0 total bytes 16000776 in_flight now 0 fair_inc 185812 prop_inc 71 fast_inc 0 eta_inc 2222088 multi_dec -2424474 quick_dec -137803 nack_dec -626650
Flow Uec_115_0 flowId 52 uecSrc 51 finished at 40981.8 total messages 1 total packets 3916 RTS 0 total bytes 16000776 in_flight now 0 fair_inc 207315 prop_inc 1132 fast_inc 0 eta_inc 2218101 multi_dec -2416945 quick_dec -153066 nack_dec -668150
Flow Uec_71_0 flowId 8 uecSrc 7 finished at 41051.7 total messages 1 total packets 3916 RTS 0 total bytes 16000776 in_flight now 0 fair_inc 126873 prop_inc 1695 fast_inc 0 eta_inc 2228733 multi_dec -2425271 quick_dec -130687 nack_dec -597600
Flow Uec_70_0 flowId 7 uecSrc 6 finished at 41057.2 total messages 1 total packets 3916 RTS 0 total bytes 16000776 in_flight now 0 fair_inc 194556 prop_inc 602 fast_inc 0 eta_inc 2230062 multi_dec -2474570 quick_dec -201898 nack_dec -626650
Flow Uec_90_0 flowId 27 uecSrc 26 finished at 41075.1 total messages 1 total packets 3916 RTS 0 total bytes 16000776 in_flight now 0 fair_inc 180199 prop_inc 708 fast_inc 0 eta_inc 2226075 multi_dec -2514093 quick_dec -64135 nack_dec -605900
Flow Uec_117_0 flowId 54 uecSrc 53 finished at 41080.7 total messages 1 total packets 3916 RTS 0 total bytes 16000776 in_flight now 0 fair_inc 199560 prop_inc 1302 fast_inc 0 eta_inc 2232720 multi_dec -2462981 quick_dec -128609 nack_dec -655700
Flow Uec_89_0 flowId 26 uecSrc 25 finished at 41139.6 total messages 1 total packets 3916 RTS 0 total bytes 16000776 in_flight now 0 fair_inc 166231 prop_inc 1660 fast_inc 0 eta_inc 2228733 multi_dec -2442398 quick_dec -101249 nack_dec -639100
Flow Uec_65_0 flowId 2 uecSrc 1 finished at 41156.3 total messages 1 total packets 3916 RTS 0 total bytes 16000776 in_flight now 0 fair_inc 205291 prop_inc 516 fast_inc 0 eta_inc 2239365 multi_dec -2489604 quick_dec -188475 nack_dec -647400
Flow Uec_108_0 flowId 45 uecSrc 44 finished at 41221.4 total messages 1 total packets 3916 RTS 0 total bytes 16000776 in_flight now 0 fair_inc 220431 prop_inc 1534 fast_inc 0 eta_inc 2244681 multi_dec -2481373 quick_dec -106349 nack_dec -610050
Flow Uec_98_0 flowId 35 uecSrc 34 finished at 41256.4 total messages 1 total packets 3916 RTS 0 total bytes 16000776 in_flight now 0 fair_inc 225886 prop_inc 2616 fast_inc 0 eta_inc 2239365 multi_dec -2419271 quick_dec -249883 nack_dec -651550
Flow Uec_113_0 flowId 50 uecSrc 49 finished at 41259 total messages 1 total packets 3916 RTS 0 total bytes 16000776 in_flight now 0 fair_inc 261356 prop_inc 318 fast_inc 0 eta_inc 2246010 multi_dec -2479414 quick_dec -202157 nack_dec -697200
Flow Uec_69_0 flowId 6 uecSrc 5 finished at 41298.3 total messages 1 total packets 3916 RTS 0 total bytes 16000776 in_flight now 0 fair_inc 158380 prop_inc 1563 fast_inc 0 eta_inc 2240694 multi_dec -2478526 quick_dec -163863 nack_dec -605900
Flow Uec_99_0 flowId 36 uecSrc 35 finished at 41326.2 total messages 1 total packets 3916 RTS 0 total bytes 16000776 in_flight now 0 fair_inc 212692 prop_inc 920 fast_inc 0 eta_inc 2242023 multi_dec -2469609 quick_dec -128363 nack_dec -634950
Flow Uec_95_0 flowId 32 uecSrc 31 finished at 41327.8 total messages 1 total packets 3916 RTS 0 total bytes 16000776 in_flight now 0 fair_inc 151054 prop_inc 2836 fast_inc 0 eta_inc 2240694 multi_dec -2396246 quick_dec -97747 nack_dec -647400
Flow Uec_114_0 flowId 51 uecSrc 50 finished at 41329.3 total messages 1 total packets 3916 RTS 0 total bytes 16000776 in_flight now 0 fair_inc 186709 prop_inc 9815 fast_inc 0 eta_inc 2248668 multi_dec -2460875 quick_dec -176693 nack_dec -614200
Flow Uec_72_0 flowId 9 uecSrc 8 finished at 41342.2 total messages 1 total packets 3916 RTS 0 total bytes 16000776 in_flight now 0 fair_inc 152607 prop_inc 2086 fast_inc 0 eta_inc 2247339 multi_dec -2468218 quick_dec -134756 nack_dec -556100
Flow Uec_93_0 flowId 30 uecSrc 29 finished at 41343.1 total messages 1 total packets 3916 RTS 0 total bytes 16000776 in_flight now 0 fair_inc 199009 prop_inc 1583 fast_inc 0 eta_inc 2246010 multi_dec -2423273 quick_dec -155838 nack_dec -651550
Flow Uec_107_0 flowId 44 uecSrc 43 finished at 41352.7 total messages 1 total packets 3916 RTS 0 total bytes 16000776 in_flight now 0 fair_inc 236765 prop_inc 2819 fast_inc 0 eta_inc 2242023 multi_dec -2428815 quick_dec -177048 nack_dec -676450
Flow Uec_81_0 flowId 18 uecSrc 17 finished at 41384.7 total messages 1 total packets 3916 RTS 0 total bytes 16000776 in_flight now 0 fair_inc 177819 prop_inc 5904 fast_inc 0 eta_inc 2239365 multi_dec -2412963 quick_dec -229594 nack_dec -655700
Flow Uec_75_0 flowId 12 uecSrc 11 finished at 41390.7 total messages 1 total packets 3916 RTS 0 total bytes 16000776 in_flight now 0 fair_inc 150876 prop_inc 8645 fast_inc 0 eta_inc 2243352 multi_dec -2436603 quick_dec -119656 nack_dec -639100
Flow Uec_127_0 flowId 64 uecSrc 63 finished at 41404.1 total messages 1 total packets 3916 RTS 0 total bytes 16000776 in_flight now 0 fair_inc 152771 prop_inc 8775 fast_inc 0 eta_inc 2239365 multi_dec -2457948 quick_dec -87311 nack_dec -605900
Flow Uec_123_0 flowId 60 uecSrc 59 finished at 41438.6 total messages 1 total packets 3916 RTS 0 total bytes 16000776 in_flight now 0 fair_inc 133702 prop_inc 30195 fast_inc 0 eta_inc 2257971 multi_dec -2453475 quick_dec -90187 nack_dec -576850
Flow Uec_74_0 flowId 11 uecSrc 10 finished at 41463.8 total messages 1 total packets 3916 RTS 0 total bytes 16000776 in_flight now 0 fair_inc 156874 prop_inc 10808 fast_inc 0 eta_inc 2246010 multi_dec -2432106 quick_dec -130151 nack_dec -622500
Flow Uec_110_0 flowId 47 uecSrc 46 finished at 41483.9 total messages 1 total packets 3916 RTS 0 total bytes 16000776 in_flight now 0 fair_inc 199832 prop_inc 9556 fast_inc 0 eta_inc 2249997 multi_dec -2429667 quick_dec -137589 nack_dec -697200
Flow Uec_76_0 flowId 13 uecSrc 12 finished at 41490.1 total messages 1 total packets 3916 RTS 0 total bytes 16000776 in_flight now 0 fair_inc 139519 prop_inc 11785 fast_inc 0 eta_inc 2257971 multi_dec -2424591 quick_dec -152043 nack_dec -568550
Flow Uec_79_0 flowId 16 uecSrc 15 finished at 41502.7 total messages 1 total packets 3916 RTS 0 total bytes 16000776 in_flight now 0 fair_inc 189272 prop_inc 5128 fast_inc 0 eta_inc 2249997 multi_dec -2370952 quick_dec -133220 nack_dec -647400
Flow Uec_85_0 flowId 22 uecSrc 21 finished at 41559.5 total messages 1 total packets 3916 RTS 0 total bytes 16000776 in_flight now 0 fair_inc 200078 prop_inc 16089 fast_inc 0 eta_inc 2256642 multi_dec -2328166 quick_dec -192834 nack_dec -622500
Flow Uec_121_0 flowId 58 uecSrc 57 finished at 41574.4 total messages 1 total packets 3916 RTS 0 total bytes 16000776 in_flight now 0 fair_inc 143964 prop_inc 9430 fast_inc 0 eta_inc 2260629 multi_dec -2406400 quick_dec -127168 nack_dec -626650
Flow Uec_97_0 flowId 34 uecSrc 33 finished at 41574.7 total messages 1 total packets 3916 RTS 0 total bytes 16000776 in_flight now 0 fair_inc 169974 prop_inc 12056 fast_inc 0 eta_inc 2256642 multi_dec -2418078 quick_dec -218894 nack_dec -626650
Flow Uec_100_0 flowId 37 uecSrc 36 finished at 41581.1 total messages 1 total packets 3916 RTS 0 total bytes 16000776 in_flight now 0 fair_inc 182063 prop_inc 14469 fast_inc 0 eta_inc 2256642 multi_dec -2383077 quick_dec -213438 nack_dec -697200
Flow Uec_91_0 flowId 28 uecSrc 27 finished at 41603.5 total messages 1 total packets 3916 RTS 0 total bytes 16000776 in_flight now 0 fair_inc 139373 prop_inc 48827 fast_inc 0 eta_inc 2264616 multi_dec -2387867 quick_dec -124582 nack_dec -597600
Flow Uec_124_0 flowId 61 uecSrc 60 finished at 41609.8 total messages 1 total packets 3916 RTS 0 total bytes 16000776 in_flight now 0 fair_inc 187827 prop_inc 56100 fast_inc 0 eta_inc 2260629 multi_dec -2406468 quick_dec -192206 nack_dec -688900
Flow Uec_92_0 flowId 29 uecSrc 28 finished at 41615.4 total messages 1 total packets 3916 RTS 0 total bytes 16000776 in_flight now 0 fair_inc 197358 prop_inc 46442 fast_inc 0 eta_inc 2260629 multi_dec -2378574 quick_dec -227474 nack_dec -630800
Flow Uec_80_0 flowId 17 uecSrc 16 finished at 41625.1 total messages 1 total packets 3916 RTS 0 total bytes 16000776 in_flight now 0 fair_inc 194437 prop_inc 59613 fast_inc 0 eta_inc 2265945 multi_dec -2394399 quick_dec -227884 nack_dec -647400
Flow Uec_109_0 flowId 46 uecSrc 45 finished at 41635.6 total messages 1 total packets 3916 RTS 0 total bytes 16000776 in_flight now 0 fair_inc 130927 prop_inc 100160 fast_inc 0 eta_inc 2257971 multi_dec -2341436 quick_dec -90155 nack_dec -655700
Flow Uec_118_0 flowId 55 uecSrc 54 finished at 41652.4 total messages 1 total packets 3916 RTS 0 total bytes 16000776 in_flight now 0 fair_inc 184556 prop_inc 93224 fast_inc 67070 eta_inc 2261958 multi_dec -2307698 quick_dec -183648 nack_dec -684750
......Received SIGTERM at 337000 us, shutting down cleanly.
New: 250624 Rtx: 9580 RTS: 0 Bounced: 0 ACKs: 250344 NACKs: 9580 Pulls: 0 sleek_pkts: 0
SPURIOUS_COUNT 0
