......Flow Uec_33_0 flowId 121 uecSrc 120 finished at 313098 total messages 1 total packets 24474 RTS 0 total bytes 100000764 in_flight now 0 fair_inc 6061 prop_inc 0 fast_inc 0 eta_inc 16320120 multi_dec -16174088 quick_dec --432762 nack_dec -1381950
Flow Uec_47_0 flowId 34 uecSrc 33 finished at 313219 total messages 1 total packets 24474 RTS 0 total bytes 100000764 in_flight now 0 fair_inc 0 prop_inc 0 fast_inc 0 eta_inc 16369293 multi_dec -16219572 quick_dec --396703 nack_dec -1278200
Flow Uec_32_0 flowId 55 uecSrc 54 finished at 314457 total messages 1 total packets 24474 RTS 0 total bytes 100000764 in_flight now 0 fair_inc 6077 prop_inc 0 fast_inc 0 eta_inc 16425111 multi_dec -16263714 quick_dec --401551 nack_dec -1307250
Flow Uec_44_0 flowId 9 uecSrc 8 finished at 315167 total messages 1 total packets 24474 RTS 0 total bytes 100000764 in_flight now 0 fair_inc 6108 prop_inc 0 fast_inc 0 eta_inc 16443717 multi_dec -16261106 quick_dec --426554 nack_dec -1344600
Flow Uec_88_0 flowId 28 uecSrc 27 finished at 315565 total messages 1 total packets 24474 RTS 0 total bytes 100000764 in_flight now 0 fair_inc 0 prop_inc 0 fast_inc 0 eta_inc 16480929 multi_dec -16287253 quick_dec --413304 nack_dec -1298950
Flow Uec_38_0 flowId 73 uecSrc 72 finished at 315697 total messages 1 total packets 24474 RTS 0 total bytes 100000764 in_flight now 0 fair_inc 4988 prop_inc 0 fast_inc 0 eta_inc 16468968 multi_dec -16329608 quick_dec --488183 nack_dec -1356286
Flow Uec_73_0 flowId 126 uecSrc 125 finished at 315714 total messages 1 total packets 24474 RTS 0 total bytes 100000764 in_flight now 0 fair_inc 0 prop_inc 0 fast_inc 0 eta_inc 16471626 multi_dec -16292710 quick_dec --473591 nack_dec -1348750
Flow Uec_16_0 flowId 120 uecSrc 119 finished at 316668 total messages 1 total packets 24474 RTS 0 total bytes 100000764 in_flight now 0 fair_inc 0 prop_inc 0 fast_inc 0 eta_inc 16496877 multi_dec -16259626 quick_dec --477606 nack_dec -1477400
Flow Uec_36_0 flowId 42 uecSrc 41 finished at 317393 total messages 1 total packets 24474 RTS 0 total bytes 100000764 in_flight now 0 fair_inc 0 prop_inc 0 fast_inc 0 eta_inc 16508838 multi_dec -16267345 quick_dec --560765 nack_dec -1543800
Flow Uec_81_0 flowId 24 uecSrc 23 finished at 317815 total messages 1 total packets 24474 RTS 0 total bytes 100000764 in_flight now 0 fair_inc 0 prop_inc 0 fast_inc 0 eta_inc 16561998 multi_dec -16333627 quick_dec --452689 nack_dec -1415150
Flow Uec_31_0 flowId 50 uecSrc 49 finished at 317900 total messages 1 total packets 24474 RTS 0 total bytes 100000764 in_flight now 0 fair_inc 6129 prop_inc 0 fast_inc 0 eta_inc 16542063 multi_dec -16300171 quick_dec --479499 nack_dec -1518900
Flow Uec_50_0 flowId 107 uecSrc 106 finished at 324480 total messages 1 total packets 24474 RTS 0 total bytes 100000764 in_flight now 0 fair_inc 5600 prop_inc 0 fast_inc 0 eta_inc 16943421 multi_dec -16806241 quick_dec --425250 nack_dec -1315550
Flow Uec_80_0 flowId 32 uecSrc 31 finished at 337890 total messages 1 total packets 24474 RTS 0 total bytes 100000764 in_flight now 0 fair_inc 6048 prop_inc 0 fast_inc 0 eta_inc 17577354 multi_dec -17334823 quick_dec --552221 nack_dec -1597750
Flow Uec_1_0 flowId 102 uecSrc 101 finished at 340357 total messages 1 total packets 24474 RTS 0 total bytes 100000764 in_flight now 0 fair_inc 0 prop_inc 3595 fast_inc 0 eta_inc 26292936 multi_dec -24493607 quick_dec --992452 nack_dec -4560850
Flow Uec_3_0 flowId 92 uecSrc 91 finished at 341527 total messages 1 total packets 24474 RTS 0 total bytes 100000764 in_flight now 0 fair_inc 11065 prop_inc 3502 fast_inc 0 eta_inc 26310213 multi_dec -24392438 quick_dec --1013059 nack_dec -4747600
Flow Uec_2_0 flowId 88 uecSrc 87 finished at 346975 total messages 1 total packets 24474 RTS 0 total bytes 100000764 in_flight now 0 fair_inc 6018 prop_inc 3398 fast_inc 0 eta_inc 26770047 multi_dec -24789121 quick_dec --839649 nack_dec -4515200
.Flow Uec_15_0 flowId 12 uecSrc 11 finished at 360982 total messages 1 total packets 24474 RTS 0 total bytes 100000764 in_flight now 0 fair_inc 28667 prop_inc 0 fast_inc 0 eta_inc 22400295 multi_dec -21551869 quick_dec --881417 nack_dec -2718250
Flow Uec_8_0 flowId 17 uecSrc 16 finished at 366825 total messages 1 total packets 24474 RTS 0 total bytes 100000764 in_flight now 0 fair_inc 0 prop_inc 0 fast_inc 0 eta_inc 22737861 multi_dec -21806025 quick_dec --1065146 nack_dec -2830300
Flow Uec_9_0 flowId 122 uecSrc 121 finished at 377301 total messages 1 total packets 24474 RTS 0 total bytes 100000764 in_flight now 0 fair_inc 23339 prop_inc 0 fast_inc 0 eta_inc 23411664 multi_dec -22508571 quick_dec --933027 nack_dec -2805400
Flow Uec_13_0 flowId 111 uecSrc 110 finished at 381487 total messages 1 total packets 24474 RTS 0 total bytes 100000764 in_flight now 0 fair_inc 6062 prop_inc 0 fast_inc 0 eta_inc 23630949 multi_dec -22571636 quick_dec --919689 nack_dec -2938200
Flow Uec_6_0 flowId 40 uecSrc 39 finished at 387112 total messages 1 total packets 24474 RTS 0 total bytes 100000764 in_flight now 0 fair_inc 6057 prop_inc 0 fast_inc 0 eta_inc 24049584 multi_dec -23071510 quick_dec --889416 nack_dec -2784650
Flow Uec_4_0 flowId 109 uecSrc 108 finished at 390850 total messages 1 total packets 24474 RTS 0 total bytes 100000764 in_flight now 0 fair_inc 0 prop_inc 0 fast_inc 0 eta_inc 24209064 multi_dec -23046663 quick_dec --956853 nack_dec -2975550
Flow Uec_5_0 flowId 6 uecSrc 5 finished at 393838 total messages 1 total packets 24474 RTS 0 total bytes 100000764 in_flight now 0 fair_inc 0 prop_inc 0 fast_inc 0 eta_inc 24441639 multi_dec -23314061 quick_dec --841074 nack_dec -2892550
Flow Uec_14_0 flowId 95 uecSrc 94 finished at 394319 total messages 1 total packets 24474 RTS 0 total bytes 100000764 in_flight now 0 fair_inc 4977 prop_inc 0 fast_inc 0 eta_inc 24356583 multi_dec -23185524 quick_dec --932512 nack_dec -3220400
.Flow Uec_104_0 flowId 91 uecSrc 90 finished at 420753 total messages 1 total packets 24474 RTS 0 total bytes 100000764 in_flight now 0 fair_inc 0 prop_inc 0 fast_inc 0 eta_inc 21964383 multi_dec -21545569 quick_dec --338371 nack_dec -1610200
Flow Uec_127_0 flowId 1 uecSrc 0 finished at 430460 total messages 1 total packets 24474 RTS 0 total bytes 100000764 in_flight now 0 fair_inc 12102 prop_inc 0 fast_inc 0 eta_inc 22480035 multi_dec -22009103 quick_dec --272850 nack_dec -1589450
Flow Uec_112_0 flowId 46 uecSrc 45 finished at 432679 total messages 1 total packets 24474 RTS 0 total bytes 100000764 in_flight now 0 fair_inc 6077 prop_inc 0 fast_inc 0 eta_inc 22603632 multi_dec -22139767 quick_dec --266919 nack_dec -1560400
Flow Uec_63_0 flowId 110 uecSrc 109 finished at 445525 total messages 1 total packets 24474 RTS 0 total bytes 100000764 in_flight now 0 fair_inc 6055 prop_inc 0 fast_inc 0 eta_inc 23249526 multi_dec -22756813 quick_dec --266344 nack_dec -1643400
.Flow Uec_7_0 flowId 37 uecSrc 36 finished at 451130 total messages 1 total packets 24474 RTS 0 total bytes 100000764 in_flight now 0 fair_inc 11460 prop_inc 0 fast_inc 0 eta_inc 27975450 multi_dec -26578121 quick_dec --756397 nack_dec -3373950
Flow Uec_121_0 flowId 63 uecSrc 62 finished at 452600 total messages 1 total packets 24474 RTS 0 total bytes 100000764 in_flight now 0 fair_inc 0 prop_inc 0 fast_inc 0 eta_inc 23637594 multi_dec -23095732 quick_dec --215847 nack_dec -1589450
Flow Uec_65_0 flowId 65 uecSrc 64 finished at 455770 total messages 1 total packets 24474 RTS 0 total bytes 100000764 in_flight now 0 fair_inc 6034 prop_inc 0 fast_inc 0 eta_inc 23819667 multi_dec -23293466 quick_dec --233817 nack_dec -1572850
Flow Uec_123_0 flowId 118 uecSrc 117 finished at 460265 total messages 1 total packets 24474 RTS 0 total bytes 100000764 in_flight now 0 fair_inc 11693 prop_inc 0 fast_inc 0 eta_inc 24061545 multi_dec -23560714 quick_dec --192364 nack_dec -1581150
Flow Uec_126_0 flowId 68 uecSrc 67 finished at 462776 total messages 1 total packets 24474 RTS 0 total bytes 100000764 in_flight now 0 fair_inc 6055 prop_inc 0 fast_inc 0 eta_inc 24182484 multi_dec -23665590 quick_dec --203717 nack_dec -1572850
Flow Uec_26_0 flowId 53 uecSrc 52 finished at 468325 total messages 1 total packets 24474 RTS 0 total bytes 100000764 in_flight now 0 fair_inc 17184 prop_inc 0 fast_inc 0 eta_inc 24470877 multi_dec -23903159 quick_dec --148139 nack_dec -1601900
Flow Uec_21_0 flowId 21 uecSrc 20 finished at 468547 total messages 1 total packets 24474 RTS 0 total bytes 100000764 in_flight now 0 fair_inc 17967 prop_inc 0 fast_inc 0 eta_inc 24524037 multi_dec -24028107 quick_dec --138223 nack_dec -1460800
Flow Uec_117_0 flowId 100 uecSrc 99 finished at 468730 total messages 1 total packets 24474 RTS 0 total bytes 100000764 in_flight now 0 fair_inc 4974 prop_inc 0 fast_inc 0 eta_inc 24496128 multi_dec -23918438 quick_dec --194938 nack_dec -1572850
Flow Uec_100_0 flowId 25 uecSrc 24 finished at 476020 total messages 1 total packets 24474 RTS 0 total bytes 100000764 in_flight now 0 fair_inc 0 prop_inc 0 fast_inc 0 eta_inc 24916092 multi_dec -24342722 quick_dec --138163 nack_dec -1485700
Flow Uec_103_0 flowId 124 uecSrc 123 finished at 476160 total messages 1 total packets 24474 RTS 0 total bytes 100000764 in_flight now 0 fair_inc 6033 prop_inc 0 fast_inc 0 eta_inc 24929382 multi_dec -24422100 quick_dec --150019 nack_dec -1481550
Flow Uec_69_0 flowId 43 uecSrc 42 finished at 478129 total messages 1 total packets 24474 RTS 0 total bytes 100000764 in_flight now 0 fair_inc 6057 prop_inc 0 fast_inc 0 eta_inc 25067598 multi_dec -24553561 quick_dec --49398 nack_dec -1357050
Flow Uec_99_0 flowId 103 uecSrc 102 finished at 479973 total messages 1 total packets 24474 RTS 0 total bytes 100000764 in_flight now 0 fair_inc 49881 prop_inc 0 fast_inc 0 eta_inc 25152654 multi_dec -24670876 quick_dec --96090 nack_dec -1423450
Flow Uec_66_0 flowId 60 uecSrc 59 finished at 481778 total messages 1 total packets 24474 RTS 0 total bytes 100000764 in_flight now 0 fair_inc 30250 prop_inc 0 fast_inc 0 eta_inc 25216446 multi_dec -24757634 quick_dec --169750 nack_dec -1473250
Flow Uec_28_0 flowId 86 uecSrc 85 finished at 481863 total messages 1 total packets 24474 RTS 0 total bytes 100000764 in_flight now 0 fair_inc 6074 prop_inc 0 fast_inc 0 eta_inc 25219104 multi_dec -24678973 quick_dec --138016 nack_dec -1581150
Flow Uec_72_0 flowId 51 uecSrc 50 finished at 482078 total messages 1 total packets 24474 RTS 0 total bytes 100000764 in_flight now 0 fair_inc 5889 prop_inc 0 fast_inc 0 eta_inc 25157970 multi_dec -24504191 quick_dec --176282 nack_dec -1671686
Flow Uec_120_0 flowId 67 uecSrc 66 finished at 483037 total messages 1 total packets 24474 RTS 0 total bytes 100000764 in_flight now 0 fair_inc 0 prop_inc 0 fast_inc 0 eta_inc 25293528 multi_dec -24813613 quick_dec --207198 nack_dec -1510600
Flow Uec_43_0 flowId 66 uecSrc 65 finished at 483540 total messages 1 total packets 24474 RTS 0 total bytes 100000764 in_flight now 0 fair_inc 10739 prop_inc 0 fast_inc 0 eta_inc 25288212 multi_dec -24740228 quick_dec --129862 nack_dec -1556250
Flow Uec_37_0 flowId 10 uecSrc 9 finished at 484035 total messages 1 total packets 24474 RTS 0 total bytes 100000764 in_flight now 0 fair_inc 0 prop_inc 0 fast_inc 0 eta_inc 25328082 multi_dec -24737666 quick_dec --128944 nack_dec -1547950
Flow Uec_90_0 flowId 101 uecSrc 100 finished at 485769 total messages 1 total packets 24474 RTS 0 total bytes 100000764 in_flight now 0 fair_inc 5603 prop_inc 0 fast_inc 0 eta_inc 25415796 multi_dec -24803091 quick_dec --82320 nack_dec -1560400
Flow Uec_111_0 flowId 70 uecSrc 69 finished at 486141 total messages 1 total packets 24474 RTS 0 total bytes 100000764 in_flight now 0 fair_inc 0 prop_inc 0 fast_inc 0 eta_inc 25407822 multi_dec -24788141 quick_dec --211567 nack_dec -1601900
Flow Uec_45_0 flowId 77 uecSrc 76 finished at 486502 total messages 1 total packets 24474 RTS 0 total bytes 100000764 in_flight now 0 fair_inc 11217 prop_inc 0 fast_inc 0 eta_inc 25454337 multi_dec -24893776 quick_dec --156363 nack_dec -1585300
Flow Uec_49_0 flowId 114 uecSrc 113 finished at 488316 total messages 1 total packets 24474 RTS 0 total bytes 100000764 in_flight now 0 fair_inc 5863 prop_inc 0 fast_inc 0 eta_inc 25534077 multi_dec -24960091 quick_dec --131282 nack_dec -1618500
Flow Uec_115_0 flowId 90 uecSrc 89 finished at 489548 total messages 1 total packets 24474 RTS 0 total bytes 100000764 in_flight now 0 fair_inc 0 prop_inc 0 fast_inc 0 eta_inc 25615146 multi_dec -24946295 quick_dec --63213 nack_dec -1560400
Flow Uec_27_0 flowId 112 uecSrc 111 finished at 490270 total messages 1 total packets 24474 RTS 0 total bytes 100000764 in_flight now 0 fair_inc 23081 prop_inc 0 fast_inc 0 eta_inc 25693557 multi_dec -25210828 quick_dec --27340 nack_dec -1444200
Flow Uec_67_0 flowId 49 uecSrc 48 finished at 492559 total messages 1 total packets 24474 RTS 0 total bytes 100000764 in_flight now 0 fair_inc 6024 prop_inc 0 fast_inc 0 eta_inc 25833102 multi_dec -25319171 quick_dec --41072 nack_dec -1423450
Flow Uec_25_0 flowId 19 uecSrc 18 finished at 492622 total messages 1 total packets 24474 RTS 0 total bytes 100000764 in_flight now 0 fair_inc 0 prop_inc 0 fast_inc 0 eta_inc 25795890 multi_dec -25209212 quick_dec --70188 nack_dec -1506450
Flow Uec_10_0 flowId 27 uecSrc 26 finished at 492662 total messages 1 total packets 24474 RTS 0 total bytes 100000764 in_flight now 0 fair_inc 0 prop_inc 0 fast_inc 0 eta_inc 30703887 multi_dec -29139185 quick_dec --141657 nack_dec -2925750
Flow Uec_105_0 flowId 76 uecSrc 75 finished at 493701 total messages 1 total packets 24474 RTS 0 total bytes 100000764 in_flight now 0 fair_inc 0 prop_inc 0 fast_inc 0 eta_inc 25835760 multi_dec -25204283 quick_dec --106126 nack_dec -1552100
Flow Uec_18_0 flowId 127 uecSrc 126 finished at 494555 total messages 1 total packets 24474 RTS 0 total bytes 100000764 in_flight now 0 fair_inc 18086 prop_inc 0 fast_inc 0 eta_inc 25923474 multi_dec -25459758 quick_dec --86331 nack_dec -1431750
Flow Uec_12_0 flowId 44 uecSrc 43 finished at 494867 total messages 1 total packets 24474 RTS 0 total bytes 100000764 in_flight now 0 fair_inc 0 prop_inc 0 fast_inc 0 eta_inc 30873999 multi_dec -29307922 quick_dec --85739 nack_dec -2905000
Flow Uec_101_0 flowId 113 uecSrc 112 finished at 495830 total messages 1 total packets 24474 RTS 0 total bytes 100000764 in_flight now 0 fair_inc 15916 prop_inc 0 fast_inc 0 eta_inc 25939422 multi_dec -25349740 quick_dec --163370 nack_dec -1639250
Flow Uec_74_0 flowId 61 uecSrc 60 finished at 496313 total messages 1 total packets 24474 RTS 0 total bytes 100000764 in_flight now 0 fair_inc 25490 prop_inc 0 fast_inc 0 eta_inc 25988595 multi_dec -25452247 quick_dec --59561 nack_dec -1502300
Flow Uec_68_0 flowId 83 uecSrc 82 finished at 496839 total messages 1 total packets 24474 RTS 0 total bytes 100000764 in_flight now 0 fair_inc 6018 prop_inc 0 fast_inc 0 eta_inc 26025807 multi_dec -25459085 quick_dec --104593 nack_dec -1527200
Flow Uec_34_0 flowId 35 uecSrc 34 finished at 497374 total messages 1 total packets 24474 RTS 0 total bytes 100000764 in_flight now 0 fair_inc 17666 prop_inc 0 fast_inc 0 eta_inc 26019162 multi_dec -25394943 quick_dec --99558 nack_dec -1610200
Flow Uec_11_0 flowId 36 uecSrc 35 finished at 497390 total messages 1 total packets 24474 RTS 0 total bytes 100000764 in_flight now 0 fair_inc 6378 prop_inc 0 fast_inc 0 eta_inc 30964371 multi_dec -29247035 quick_dec --42966 nack_dec -3120800
Flow Uec_58_0 flowId 117 uecSrc 116 finished at 497483 total messages 1 total packets 24474 RTS 0 total bytes 100000764 in_flight now 0 fair_inc 24381 prop_inc 0 fast_inc 0 eta_inc 26013846 multi_dec -25365462 quick_dec --42354 nack_dec -1630950
Flow Uec_96_0 flowId 16 uecSrc 15 finished at 498116 total messages 1 total packets 24474 RTS 0 total bytes 100000764 in_flight now 0 fair_inc 12337 prop_inc 0 fast_inc 0 eta_inc 26076309 multi_dec -25471765 quick_dec --59149 nack_dec -1614350
Flow Uec_79_0 flowId 62 uecSrc 61 finished at 499357 total messages 1 total packets 24474 RTS 0 total bytes 100000764 in_flight now 0 fair_inc 12875 prop_inc 0 fast_inc 0 eta_inc 26142759 multi_dec -25552384 quick_dec --89750 nack_dec -1547950
Flow Uec_97_0 flowId 78 uecSrc 77 finished at 499894 total messages 1 total packets 24474 RTS 0 total bytes 100000764 in_flight now 0 fair_inc 19811 prop_inc 0 fast_inc 0 eta_inc 26148075 multi_dec -25498495 quick_dec --98932 nack_dec -1643400
.Flow Uec_41_0 flowId 94 uecSrc 93 finished at 500006 total messages 1 total packets 24474 RTS 0 total bytes 100000764 in_flight now 0 fair_inc 25573 prop_inc 0 fast_inc 0 eta_inc 26179971 multi_dec -25555068 quick_dec --63814 nack_dec -1572850
Flow Uec_76_0 flowId 96 uecSrc 95 finished at 500651 total messages 1 total packets 24474 RTS 0 total bytes 100000764 in_flight now 0 fair_inc 49928 prop_inc 0 fast_inc 0 eta_inc 26169339 multi_dec -25482631 quick_dec --77188 nack_dec -1718100
Flow Uec_87_0 flowId 29 uecSrc 28 finished at 500786 total messages 1 total packets 24474 RTS 0 total bytes 100000764 in_flight now 0 fair_inc 17810 prop_inc 0 fast_inc 0 eta_inc 26225157 multi_dec -25649818 quick_dec --71722 nack_dec -1547950
Flow Uec_110_0 flowId 54 uecSrc 53 finished at 500934 total messages 1 total packets 24474 RTS 0 total bytes 100000764 in_flight now 0 fair_inc 25223 prop_inc 0 fast_inc 0 eta_inc 26231802 multi_dec -25611647 quick_dec --79206 nack_dec -1564550
Flow Uec_22_0 flowId 15 uecSrc 14 finished at 501085 total messages 1 total packets 24474 RTS 0 total bytes 100000764 in_flight now 0 fair_inc 32885 prop_inc 0 fast_inc 0 eta_inc 26173326 multi_dec -25439144 quick_dec --37943 nack_dec -1767900
Flow Uec_46_0 flowId 7 uecSrc 6 finished at 501690 total messages 1 total packets 24474 RTS 0 total bytes 100000764 in_flight now 0 fair_inc 62923 prop_inc 0 fast_inc 0 eta_inc 26320845 multi_dec -25874341 quick_dec --35497 nack_dec -1456650
Flow Uec_59_0 flowId 74 uecSrc 73 finished at 501962 total messages 1 total packets 24474 RTS 0 total bytes 100000764 in_flight now 0 fair_inc 25826 prop_inc 0 fast_inc 0 eta_inc 26291607 multi_dec -25703990 quick_dec --121800 nack_dec -1597750
Flow Uec_20_0 flowId 58 uecSrc 57 finished at 502761 total messages 1 total packets 24474 RTS 0 total bytes 100000764 in_flight now 0 fair_inc 48599 prop_inc 0 fast_inc 0 eta_inc 26352741 multi_dec -25813656 quick_dec --22364 nack_dec -1518900
Flow Uec_78_0 flowId 105 uecSrc 104 finished at 503548 total messages 1 total packets 24474 RTS 0 total bytes 100000764 in_flight now 0 fair_inc 57058 prop_inc 0 fast_inc 0 eta_inc 26396598 multi_dec -25913834 quick_dec --130624 nack_dec -1585300
Flow Uec_93_0 flowId 98 uecSrc 97 finished at 504859 total messages 1 total packets 24474 RTS 0 total bytes 100000764 in_flight now 0 fair_inc 37480 prop_inc 41 fast_inc 0 eta_inc 26468364 multi_dec -25889095 quick_dec -19699 nack_dec -1498150
Flow Uec_70_0 flowId 89 uecSrc 88 finished at 505137 total messages 1 total packets 24474 RTS 0 total bytes 100000764 in_flight now 0 fair_inc 74260 prop_inc 0 fast_inc 0 eta_inc 26480325 multi_dec -25946387 quick_dec -32358 nack_dec -1506450
Flow Uec_52_0 flowId 31 uecSrc 30 finished at 505540 total messages 1 total packets 24474 RTS 0 total bytes 100000764 in_flight now 0 fair_inc 114849 prop_inc 1042 fast_inc 0 eta_inc 26512221 multi_dec -26046664 quick_dec -11021 nack_dec -1564550
Flow Uec_30_0 flowId 97 uecSrc 96 finished at 505826 total messages 1 total packets 24474 RTS 0 total bytes 100000764 in_flight now 0 fair_inc 65350 prop_inc 921 fast_inc 0 eta_inc 26506905 multi_dec -25977660 quick_dec --53594 nack_dec -1552100
Flow Uec_108_0 flowId 23 uecSrc 22 finished at 506104 total messages 1 total packets 24474 RTS 0 total bytes 100000764 in_flight now 0 fair_inc 137499 prop_inc 0 fast_inc 0 eta_inc 26536143 multi_dec -26077805 quick_dec --4977 nack_dec -1527200
Flow Uec_64_0 flowId 119 uecSrc 118 finished at 507229 total messages 1 total packets 24474 RTS 0 total bytes 100000764 in_flight now 0 fair_inc 137536 prop_inc 1320 fast_inc 0 eta_inc 26598606 multi_dec -26156280 quick_dec --63100 nack_dec -1593600
Flow Uec_60_0 flowId 45 uecSrc 44 finished at 507559 total messages 1 total packets 24474 RTS 0 total bytes 100000764 in_flight now 0 fair_inc 144862 prop_inc 1022 fast_inc 0 eta_inc 26593290 multi_dec -26035482 quick_dec -50397 nack_dec -1655850
Flow Uec_118_0 flowId 104 uecSrc 103 finished at 507616 total messages 1 total packets 24474 RTS 0 total bytes 100000764 in_flight now 0 fair_inc 155320 prop_inc 691 fast_inc 0 eta_inc 26650437 multi_dec -26259663 quick_dec -42256 nack_dec -1510600
Flow Uec_85_0 flowId 64 uecSrc 63 finished at 508187 total messages 1 total packets 24474 RTS 0 total bytes 100000764 in_flight now 0 fair_inc 130592 prop_inc 52 fast_inc 0 eta_inc 26647779 multi_dec -26182758 quick_dec -7680 nack_dec -1593600
Flow Uec_17_0 flowId 18 uecSrc 17 finished at 508348 total messages 1 total packets 24474 RTS 0 total bytes 100000764 in_flight now 0 fair_inc 140038 prop_inc 2234 fast_inc 0 eta_inc 26699610 multi_dec -26260545 quick_dec -129732 nack_dec -1431750
Flow Uec_29_0 flowId 82 uecSrc 81 finished at 508669 total messages 1 total packets 24474 RTS 0 total bytes 100000764 in_flight now 0 fair_inc 104453 prop_inc 3829 fast_inc 0 eta_inc 26653095 multi_dec -26049669 quick_dec -66356 nack_dec -1668300
Flow Uec_35_0 flowId 99 uecSrc 98 finished at 508763 total messages 1 total packets 24474 RTS 0 total bytes 100000764 in_flight now 0 fair_inc 111045 prop_inc 2775 fast_inc 0 eta_inc 26675688 multi_dec -26152857 quick_dec -40542 nack_dec -1593600
Flow Uec_54_0 flowId 71 uecSrc 70 finished at 508896 total messages 1 total packets 24474 RTS 0 total bytes 100000764 in_flight now 0 fair_inc 133101 prop_inc 732 fast_inc 0 eta_inc 26651766 multi_dec -26018356 quick_dec -93789 nack_dec -1680750
Flow Uec_109_0 flowId 125 uecSrc 124 finished at 509594 total messages 1 total packets 24474 RTS 0 total bytes 100000764 in_flight now 0 fair_inc 162548 prop_inc 1783 fast_inc 0 eta_inc 26714229 multi_dec -26199050 quick_dec -31130 nack_dec -1689050
Flow Uec_19_0 flowId 57 uecSrc 56 finished at 509731 total messages 1 total packets 24474 RTS 0 total bytes 100000764 in_flight now 0 fair_inc 205042 prop_inc 2892 fast_inc 0 eta_inc 26726190 multi_dec -26320749 quick_dec -105282 nack_dec -1585300
Flow Uec_39_0 flowId 2 uecSrc 1 finished at 509812 total messages 1 total packets 24474 RTS 0 total bytes 100000764 in_flight now 0 fair_inc 117945 prop_inc 4927 fast_inc 0 eta_inc 26674359 multi_dec -26005456 quick_dec -29350 nack_dec -1826000
Flow Uec_92_0 flowId 72 uecSrc 71 finished at 510572 total messages 1 total packets 24474 RTS 0 total bytes 100000764 in_flight now 0 fair_inc 183909 prop_inc 499 fast_inc 0 eta_inc 26760744 multi_dec -26179032 quick_dec -106168 nack_dec -1743000
Flow Uec_42_0 flowId 4 uecSrc 3 finished at 510606 total messages 1 total packets 24474 RTS 0 total bytes 100000764 in_flight now 0 fair_inc 223463 prop_inc 4099 fast_inc 0 eta_inc 26762073 multi_dec -26220193 quick_dec -97592 nack_dec -1718100
Flow Uec_98_0 flowId 123 uecSrc 122 finished at 510766 total messages 1 total packets 24474 RTS 0 total bytes 100000764 in_flight now 0 fair_inc 170724 prop_inc 1798 fast_inc 0 eta_inc 26804601 multi_dec -26321432 quick_dec -74973 nack_dec -1630950
Flow Uec_82_0 flowId 75 uecSrc 74 finished at 510972 total messages 1 total packets 24474 RTS 0 total bytes 100000764 in_flight now 0 fair_inc 188724 prop_inc 3579 fast_inc 0 eta_inc 26792640 multi_dec -26338261 quick_dec --33515 nack_dec -1697350
Flow Uec_51_0 flowId 5 uecSrc 4 finished at 511329 total messages 1 total packets 24474 RTS 0 total bytes 100000764 in_flight now 0 fair_inc 134883 prop_inc 3638 fast_inc 0 eta_inc 26824536 multi_dec -26296146 quick_dec -94707 nack_dec -1639250
Flow Uec_55_0 flowId 85 uecSrc 84 finished at 511450 total messages 1 total packets 24474 RTS 0 total bytes 100000764 in_flight now 0 fair_inc 281708 prop_inc 8527 fast_inc 0 eta_inc 26841813 multi_dec -26429797 quick_dec -49480 nack_dec -1593600
Flow Uec_89_0 flowId 59 uecSrc 58 finished at 511768 total messages 1 total packets 24474 RTS 0 total bytes 100000764 in_flight now 0 fair_inc 105826 prop_inc 4088 fast_inc 0 eta_inc 26827194 multi_dec -26148271 quick_dec -51381 nack_dec -1709800
Flow Uec_116_0 flowId 22 uecSrc 21 finished at 512233 total messages 1 total packets 24474 RTS 0 total bytes 100000764 in_flight now 0 fair_inc 146397 prop_inc 10407 fast_inc 0 eta_inc 26861748 multi_dec -26281113 quick_dec -140513 nack_dec -1643400
Flow Uec_122_0 flowId 13 uecSrc 12 finished at 512268 total messages 1 total packets 24474 RTS 0 total bytes 100000764 in_flight now 0 fair_inc 239447 prop_inc 3531 fast_inc 0 eta_inc 26848458 multi_dec -26352519 quick_dec -119456 nack_dec -1747150
Flow Uec_48_0 flowId 48 uecSrc 47 finished at 512826 total messages 1 total packets 24474 RTS 0 total bytes 100000764 in_flight now 0 fair_inc 245044 prop_inc 4369 fast_inc 0 eta_inc 26912250 multi_dec -26569023 quick_dec -95609 nack_dec -1606050
Flow Uec_77_0 flowId 41 uecSrc 40 finished at 513045 total messages 1 total packets 24474 RTS 0 total bytes 100000764 in_flight now 0 fair_inc 319717 prop_inc 5436 fast_inc 0 eta_inc 26885670 multi_dec -26476929 quick_dec -156226 nack_dec -1783736
Flow Uec_23_0 flowId 26 uecSrc 25 finished at 513103 total messages 1 total packets 24474 RTS 0 total bytes 100000764 in_flight now 0 fair_inc 253009 prop_inc 6473 fast_inc 0 eta_inc 26925540 multi_dec -26495015 quick_dec -117196 nack_dec -1593600
Flow Uec_102_0 flowId 30 uecSrc 29 finished at 513714 total messages 1 total packets 24474 RTS 0 total bytes 100000764 in_flight now 0 fair_inc 283910 prop_inc 8246 fast_inc 0 eta_inc 26921553 multi_dec -26430330 quick_dec -133923 nack_dec -1784500
Flow Uec_95_0 flowId 11 uecSrc 10 finished at 514035 total messages 1 total packets 24474 RTS 0 total bytes 100000764 in_flight now 0 fair_inc 222855 prop_inc 7289 fast_inc 0 eta_inc 26932185 multi_dec -26462498 quick_dec -59180 nack_dec -1726400
Flow Uec_119_0 flowId 80 uecSrc 79 finished at 514148 total messages 1 total packets 24474 RTS 0 total bytes 100000764 in_flight now 0 fair_inc 283193 prop_inc 9119 fast_inc 0 eta_inc 26991990 multi_dec -26492152 quick_dec -187039 nack_dec -1705650
Flow Uec_24_0 flowId 69 uecSrc 68 finished at 514273 total messages 1 total packets 24474 RTS 0 total bytes 100000764 in_flight now 0 fair_inc 275028 prop_inc 9429 fast_inc 0 eta_inc 26986674 multi_dec -26638865 quick_dec -147912 nack_dec -1689050
Flow Uec_53_0 flowId 47 uecSrc 46 finished at 514288 total messages 1 total packets 24474 RTS 0 total bytes 100000764 in_flight now 0 fair_inc 331566 prop_inc 9052 fast_inc 0 eta_inc 26958765 multi_dec -26678418 quick_dec -53376 nack_dec -1738850
Flow Uec_84_0 flowId 115 uecSrc 114 finished at 514296 total messages 1 total packets 24474 RTS 0 total bytes 100000764 in_flight now 0 fair_inc 194959 prop_inc 8574 fast_inc 0 eta_inc 26914908 multi_dec -26272746 quick_dec -23755 nack_dec -1863350
Flow Uec_106_0 flowId 52 uecSrc 51 finished at 514361 total messages 1 total packets 24474 RTS 0 total bytes 100000764 in_flight now 0 fair_inc 245597 prop_inc 9168 fast_inc 0 eta_inc 26933514 multi_dec -26336699 quick_dec -211415 nack_dec -1788650
Flow Uec_107_0 flowId 108 uecSrc 107 finished at 514361 total messages 1 total packets 24474 RTS 0 total bytes 100000764 in_flight now 0 fair_inc 279166 prop_inc 14354 fast_inc 0 eta_inc 26965410 multi_dec -26525443 quick_dec --16547 nack_dec -1689050
Flow Uec_71_0 flowId 79 uecSrc 78 finished at 514761 total messages 1 total packets 24474 RTS 0 total bytes 100000764 in_flight now 0 fair_inc 339295 prop_inc 11327 fast_inc 0 eta_inc 26949462 multi_dec -26386182 quick_dec -267295 nack_dec -1830150
Flow Uec_56_0 flowId 106 uecSrc 105 finished at 514778 total messages 1 total packets 24474 RTS 0 total bytes 100000764 in_flight now 0 fair_inc 398610 prop_inc 8195 fast_inc 0 eta_inc 26978700 multi_dec -26592926 quick_dec -183551 nack_dec -1809400
Flow Uec_124_0 flowId 8 uecSrc 7 finished at 514808 total messages 1 total packets 24474 RTS 0 total bytes 100000764 in_flight now 0 fair_inc 238305 prop_inc 10996 fast_inc 0 eta_inc 27011925 multi_dec -26594881 quick_dec -48517 nack_dec -1672450
Flow Uec_125_0 flowId 93 uecSrc 92 finished at 514852 total messages 1 total packets 24474 RTS 0 total bytes 100000764 in_flight now 0 fair_inc 267801 prop_inc 22818 fast_inc 0 eta_inc 26991990 multi_dec -26474493 quick_dec -164308 nack_dec -1755450
Flow Uec_86_0 flowId 3 uecSrc 2 finished at 514887 total messages 1 total packets 24474 RTS 0 total bytes 100000764 in_flight now 0 fair_inc 309764 prop_inc 7943 fast_inc 0 eta_inc 26972055 multi_dec -26586489 quick_dec -112946 nack_dec -1817700
Flow Uec_62_0 flowId 38 uecSrc 37 finished at 515073 total messages 1 total packets 24474 RTS 0 total bytes 100000764 in_flight now 0 fair_inc 309570 prop_inc 6439 fast_inc 0 eta_inc 26968068 multi_dec -26406099 quick_dec -161294 nack_dec -1838450
Flow Uec_75_0 flowId 39 uecSrc 38 finished at 515169 total messages 1 total packets 24474 RTS 0 total bytes 100000764 in_flight now 0 fair_inc 289813 prop_inc 12505 fast_inc 0 eta_inc 27042492 multi_dec -26598360 quick_dec -110027 nack_dec -1713950
Flow Uec_57_0 flowId 81 uecSrc 80 finished at 515328 total messages 1 total packets 24474 RTS 0 total bytes 100000764 in_flight now 0 fair_inc 316290 prop_inc 9750 fast_inc 0 eta_inc 27009267 multi_dec -26579478 quick_dec -126799 nack_dec -1726400
Flow Uec_61_0 flowId 116 uecSrc 115 finished at 515404 total messages 1 total packets 24474 RTS 0 total bytes 100000764 in_flight now 0 fair_inc 360717 prop_inc 19189 fast_inc 0 eta_inc 27017241 multi_dec -26621058 quick_dec -45308 nack_dec -1826000
Flow Uec_91_0 flowId 84 uecSrc 83 finished at 515422 total messages 1 total packets 24474 RTS 0 total bytes 100000764 in_flight now 0 fair_inc 299568 prop_inc 14440 fast_inc 0 eta_inc 27023886 multi_dec -26540303 quick_dec -146052 nack_dec -1693200
Flow Uec_113_0 flowId 14 uecSrc 13 finished at 515585 total messages 1 total packets 24474 RTS 0 total bytes 100000764 in_flight now 0 fair_inc 340446 prop_inc 22452 fast_inc 0 eta_inc 27031860 multi_dec -26473721 quick_dec -177273 nack_dec -1759600
Flow Uec_94_0 flowId 33 uecSrc 32 finished at 515684 total messages 1 total packets 24474 RTS 0 total bytes 100000764 in_flight now 0 fair_inc 331130 prop_inc 36162 fast_inc 0 eta_inc 27069072 multi_dec -26585161 quick_dec -185390 nack_dec -1734700
Flow Uec_83_0 flowId 56 uecSrc 55 finished at 515968 total messages 1 total packets 24474 RTS 0 total bytes 100000764 in_flight now 0 fair_inc 357089 prop_inc 87368 fast_inc 0 eta_inc 27124890 multi_dec -26801015 quick_dec -248354 nack_dec -1419300
Flow Uec_114_0 flowId 87 uecSrc 86 finished at 516098 total messages 1 total packets 24474 RTS 0 total bytes 100000764 in_flight now 0 fair_inc 399457 prop_inc 115545 fast_inc 0 eta_inc 27152799 multi_dec -26827925 quick_dec -266505 nack_dec -1411000
Flow Uec_40_0 flowId 20 uecSrc 19 finished at 516106 total messages 1 total packets 24474 RTS 0 total bytes 100000764 in_flight now 0 fair_inc 442252 prop_inc 124714 fast_inc 0 eta_inc 27143496 multi_dec -26918557 quick_dec -184283 nack_dec -1460800
|.Received SIGTERM at 630000 us, shutting down cleanly.
New: 3108198 Rtx: 54774 RTS: 0 Bounced: 0 ACKs: 3107771 NACKs: 54774 Pulls: 0 sleek_pkts: 0
SPURIOUS_COUNT 0
