Flow Uec_2_0 flowId 88 uecSrc 87 finished at 42447.5 total messages 1 total packets 3916 RTS 0 total bytes 16000776 in_flight now 0 fair_inc 0 prop_inc 3212 fast_inc 0 eta_inc 3172323 multi_dec -2849199 quick_dec --318262 nack_dec -1386100
Flow Uec_1_0 flowId 102 uecSrc 101 finished at 45836.3 total messages 1 total packets 3916 RTS 0 total bytes 16000776 in_flight now 0 fair_inc 0 prop_inc 2991 fast_inc 0 eta_inc 3447426 multi_dec -3067171 quick_dec --314275 nack_dec -1328000
Flow Uec_3_0 flowId 92 uecSrc 91 finished at 46074 total messages 1 total packets 3916 RTS 0 total bytes 16000776 in_flight now 0 fair_inc 0 prop_inc 705 fast_inc 0 eta_inc 3415530 multi_dec -3039485 quick_dec --313653 nack_dec -1518900
Flow Uec_126_0 flowId 68 uecSrc 67 finished at 49370.4 total messages 1 total packets 3916 RTS 0 total bytes 16000776 in_flight now 0 fair_inc 6203 prop_inc 0 fast_inc 0 eta_inc 2587563 multi_dec -2595476 quick_dec -134981 nack_dec -531200
.Flow Uec_47_0 flowId 34 uecSrc 33 finished at 50062.1 total messages 1 total packets 3916 RTS 0 total bytes 16000776 in_flight now 0 fair_inc 0 prop_inc 0 fast_inc 0 eta_inc 2618130 multi_dec -2612752 quick_dec -150568 nack_dec -535350
Flow Uec_68_0 flowId 83 uecSrc 82 finished at 50454 total messages 1 total packets 3916 RTS 0 total bytes 16000776 in_flight now 0 fair_inc 0 prop_inc 0 fast_inc 0 eta_inc 2631420 multi_dec -2627229 quick_dec -120973 nack_dec -535350
Flow Uec_93_0 flowId 98 uecSrc 97 finished at 55497.7 total messages 1 total packets 3916 RTS 0 total bytes 16000776 in_flight now 0 fair_inc 15439 prop_inc 0 fast_inc 0 eta_inc 2871969 multi_dec -2949109 quick_dec -245054 nack_dec -514600
Flow Uec_29_0 flowId 82 uecSrc 81 finished at 57513.3 total messages 1 total packets 3916 RTS 0 total bytes 16000776 in_flight now 0 fair_inc 20906 prop_inc 0 fast_inc 0 eta_inc 2967657 multi_dec -3070291 quick_dec -148940 nack_dec -510450
Flow Uec_75_0 flowId 39 uecSrc 38 finished at 58519.4 total messages 1 total packets 3916 RTS 0 total bytes 16000776 in_flight now 0 fair_inc 21548 prop_inc 0 fast_inc 0 eta_inc 3014172 multi_dec -3121036 quick_dec -108801 nack_dec -510450
Flow Uec_118_0 flowId 104 uecSrc 103 finished at 61372.6 total messages 1 total packets 3916 RTS 0 total bytes 16000776 in_flight now 0 fair_inc 39646 prop_inc 0 fast_inc 0 eta_inc 3127137 multi_dec -3370063 quick_dec -212584 nack_dec -543650
Flow Uec_125_0 flowId 93 uecSrc 92 finished at 61465.4 total messages 1 total packets 3916 RTS 0 total bytes 16000776 in_flight now 0 fair_inc 62003 prop_inc 0 fast_inc 0 eta_inc 3133782 multi_dec -3409285 quick_dec -313743 nack_dec -539500
Flow Uec_65_0 flowId 65 uecSrc 64 finished at 61732.7 total messages 1 total packets 3916 RTS 0 total bytes 16000776 in_flight now 0 fair_inc 56824 prop_inc 0 fast_inc 0 eta_inc 3141756 multi_dec -3427585 quick_dec -163158 nack_dec -543650
Flow Uec_67_0 flowId 49 uecSrc 48 finished at 63049.7 total messages 1 total packets 3916 RTS 0 total bytes 16000776 in_flight now 0 fair_inc 96095 prop_inc 0 fast_inc 0 eta_inc 3193587 multi_dec -3662033 quick_dec -79857 nack_dec -551950
Flow Uec_70_0 flowId 89 uecSrc 88 finished at 63402.2 total messages 1 total packets 3916 RTS 0 total bytes 16000776 in_flight now 0 fair_inc 70906 prop_inc 0 fast_inc 0 eta_inc 3218838 multi_dec -3523458 quick_dec -217966 nack_dec -527050
Flow Uec_32_0 flowId 55 uecSrc 54 finished at 67537.3 total messages 1 total packets 3916 RTS 0 total bytes 16000776 in_flight now 0 fair_inc 88641 prop_inc 0 fast_inc 0 eta_inc 3395595 multi_dec -3851265 quick_dec -81879 nack_dec -547800
Flow Uec_82_0 flowId 75 uecSrc 74 finished at 68213.9 total messages 1 total packets 3916 RTS 0 total bytes 16000776 in_flight now 0 fair_inc 81136 prop_inc 0 fast_inc 0 eta_inc 3428820 multi_dec -3747335 quick_dec -311836 nack_dec -539500
Flow Uec_38_0 flowId 73 uecSrc 72 finished at 68664.1 total messages 1 total packets 3916 RTS 0 total bytes 16000776 in_flight now 0 fair_inc 84885 prop_inc 0 fast_inc 0 eta_inc 3444768 multi_dec -3816163 quick_dec -295073 nack_dec -576850
Flow Uec_80_0 flowId 32 uecSrc 31 finished at 68789 total messages 1 total packets 3916 RTS 0 total bytes 16000776 in_flight now 0 fair_inc 136555 prop_inc 0 fast_inc 0 eta_inc 3456729 multi_dec -4114832 quick_dec -113211 nack_dec -518750
Flow Uec_90_0 flowId 101 uecSrc 100 finished at 72502.7 total messages 1 total packets 3916 RTS 0 total bytes 16000776 in_flight now 0 fair_inc 133330 prop_inc 0 fast_inc 0 eta_inc 3618867 multi_dec -4310388 quick_dec -235613 nack_dec -527050
Flow Uec_24_0 flowId 69 uecSrc 68 finished at 73068.4 total messages 1 total packets 3916 RTS 0 total bytes 16000776 in_flight now 0 fair_inc 155295 prop_inc 0 fast_inc 0 eta_inc 3638802 multi_dec -4346095 quick_dec -107716 nack_dec -551950
Flow Uec_40_0 flowId 20 uecSrc 19 finished at 73068.5 total messages 1 total packets 3916 RTS 0 total bytes 16000776 in_flight now 0 fair_inc 82298 prop_inc 0 fast_inc 0 eta_inc 3644118 multi_dec -4176821 quick_dec -140558 nack_dec -531200
Flow Uec_114_0 flowId 87 uecSrc 86 finished at 73170.9 total messages 1 total packets 3916 RTS 0 total bytes 16000776 in_flight now 0 fair_inc 161413 prop_inc 0 fast_inc 0 eta_inc 3648105 multi_dec -4445055 quick_dec -202041 nack_dec -547800
Flow Uec_61_0 flowId 116 uecSrc 115 finished at 73295.4 total messages 1 total packets 3916 RTS 0 total bytes 16000776 in_flight now 0 fair_inc 152147 prop_inc 0 fast_inc 0 eta_inc 3650763 multi_dec -4343984 quick_dec -237444 nack_dec -535350
Flow Uec_14_0 flowId 95 uecSrc 94 finished at 73653.7 total messages 1 total packets 3916 RTS 0 total bytes 16000776 in_flight now 0 fair_inc 176394 prop_inc 0 fast_inc 0 eta_inc 4417596 multi_dec -5278408 quick_dec -43525 nack_dec -340300
Flow Uec_15_0 flowId 12 uecSrc 11 finished at 73696.5 total messages 1 total packets 3916 RTS 0 total bytes 16000776 in_flight now 0 fair_inc 160836 prop_inc 0 fast_inc 0 eta_inc 4404306 multi_dec -5251918 quick_dec -66633 nack_dec -369350
Flow Uec_12_0 flowId 44 uecSrc 43 finished at 73899.1 total messages 1 total packets 3916 RTS 0 total bytes 16000776 in_flight now 0 fair_inc 162185 prop_inc 0 fast_inc 0 eta_inc 4433544 multi_dec -5348923 quick_dec --27491 nack_dec -361050
Flow Uec_18_0 flowId 127 uecSrc 126 finished at 74084.7 total messages 1 total packets 3916 RTS 0 total bytes 16000776 in_flight now 0 fair_inc 152301 prop_inc 0 fast_inc 0 eta_inc 3687975 multi_dec -4447462 quick_dec -178383 nack_dec -539500
Flow Uec_98_0 flowId 123 uecSrc 122 finished at 74194.1 total messages 1 total packets 3916 RTS 0 total bytes 16000776 in_flight now 0 fair_inc 218954 prop_inc 0 fast_inc 0 eta_inc 3689304 multi_dec -4635803 quick_dec -276613 nack_dec -543650
Flow Uec_11_0 flowId 36 uecSrc 35 finished at 74281.7 total messages 1 total packets 3916 RTS 0 total bytes 16000776 in_flight now 0 fair_inc 170325 prop_inc 0 fast_inc 0 eta_inc 4449492 multi_dec -5293230 quick_dec -52655 nack_dec -336150
Flow Uec_9_0 flowId 122 uecSrc 121 finished at 74561.8 total messages 1 total packets 3916 RTS 0 total bytes 16000776 in_flight now 0 fair_inc 193770 prop_inc 0 fast_inc 0 eta_inc 4450821 multi_dec -5252215 quick_dec -77045 nack_dec -402550
Flow Uec_109_0 flowId 125 uecSrc 124 finished at 74671.9 total messages 1 total packets 3916 RTS 0 total bytes 16000776 in_flight now 0 fair_inc 140953 prop_inc 0 fast_inc 0 eta_inc 3711897 multi_dec -4342166 quick_dec -303442 nack_dec -539500
Flow Uec_8_0 flowId 17 uecSrc 16 finished at 74717.2 total messages 1 total packets 3916 RTS 0 total bytes 16000776 in_flight now 0 fair_inc 143788 prop_inc 0 fast_inc 0 eta_inc 4464111 multi_dec -5306759 quick_dec --52 nack_dec -361050
Flow Uec_6_0 flowId 40 uecSrc 39 finished at 74765.9 total messages 1 total packets 3916 RTS 0 total bytes 16000776 in_flight now 0 fair_inc 183964 prop_inc 0 fast_inc 0 eta_inc 4468098 multi_dec -5284085 quick_dec -86018 nack_dec -381800
Flow Uec_4_0 flowId 109 uecSrc 108 finished at 75655.9 total messages 1 total packets 3916 RTS 0 total bytes 16000776 in_flight now 0 fair_inc 162004 prop_inc 0 fast_inc 0 eta_inc 4517271 multi_dec -5252849 quick_dec -107286 nack_dec -381800
Flow Uec_13_0 flowId 111 uecSrc 110 finished at 75739.4 total messages 1 total packets 3916 RTS 0 total bytes 16000776 in_flight now 0 fair_inc 123467 prop_inc 0 fast_inc 0 eta_inc 4519929 multi_dec -5234020 quick_dec -94243 nack_dec -390100
Flow Uec_119_0 flowId 80 uecSrc 79 finished at 76160 total messages 1 total packets 3916 RTS 0 total bytes 16000776 in_flight now 0 fair_inc 196288 prop_inc 0 fast_inc 0 eta_inc 3784992 multi_dec -4687805 quick_dec -127362 nack_dec -535350
Flow Uec_5_0 flowId 6 uecSrc 5 finished at 76390.7 total messages 1 total packets 3916 RTS 0 total bytes 16000776 in_flight now 0 fair_inc 131368 prop_inc 0 fast_inc 0 eta_inc 4555812 multi_dec -5297517 quick_dec -36278 nack_dec -365200
Flow Uec_64_0 flowId 119 uecSrc 118 finished at 76579.6 total messages 1 total packets 3916 RTS 0 total bytes 16000776 in_flight now 0 fair_inc 141643 prop_inc 0 fast_inc 0 eta_inc 3799611 multi_dec -4517660 quick_dec -264827 nack_dec -543650
Flow Uec_7_0 flowId 37 uecSrc 36 finished at 76665.4 total messages 1 total packets 3916 RTS 0 total bytes 16000776 in_flight now 0 fair_inc 128703 prop_inc 0 fast_inc 0 eta_inc 4575747 multi_dec -5279855 quick_dec -33372 nack_dec -390100
Flow Uec_49_0 flowId 114 uecSrc 113 finished at 76773.6 total messages 1 total packets 3916 RTS 0 total bytes 16000776 in_flight now 0 fair_inc 142538 prop_inc 0 fast_inc 0 eta_inc 3812901 multi_dec -4497462 quick_dec -271793 nack_dec -551950
Flow Uec_10_0 flowId 27 uecSrc 26 finished at 77111.2 total messages 1 total packets 3916 RTS 0 total bytes 16000776 in_flight now 0 fair_inc 122712 prop_inc 0 fast_inc 0 eta_inc 4593024 multi_dec -5278731 quick_dec -712 nack_dec -394250
Flow Uec_20_0 flowId 58 uecSrc 57 finished at 77191.4 total messages 1 total packets 3916 RTS 0 total bytes 16000776 in_flight now 0 fair_inc 198688 prop_inc 0 fast_inc 0 eta_inc 3830178 multi_dec -4856258 quick_dec -229661 nack_dec -531200
Flow Uec_91_0 flowId 84 uecSrc 83 finished at 77220.3 total messages 1 total packets 3916 RTS 0 total bytes 16000776 in_flight now 0 fair_inc 192909 prop_inc 0 fast_inc 0 eta_inc 3835494 multi_dec -4725584 quick_dec -236676 nack_dec -535350
Flow Uec_36_0 flowId 42 uecSrc 41 finished at 77313.7 total messages 1 total packets 3916 RTS 0 total bytes 16000776 in_flight now 0 fair_inc 272359 prop_inc 0 fast_inc 0 eta_inc 3843468 multi_dec -4928751 quick_dec -180911 nack_dec -522900
Flow Uec_57_0 flowId 81 uecSrc 80 finished at 78189.5 total messages 1 total packets 3916 RTS 0 total bytes 16000776 in_flight now 0 fair_inc 268852 prop_inc 0 fast_inc 0 eta_inc 3878022 multi_dec -5040168 quick_dec -205460 nack_dec -539500
Flow Uec_56_0 flowId 106 uecSrc 105 finished at 78385 total messages 1 total packets 3916 RTS 0 total bytes 16000776 in_flight now 0 fair_inc 255566 prop_inc 0 fast_inc 0 eta_inc 3876693 multi_dec -4963894 quick_dec -148157 nack_dec -564400
Flow Uec_21_0 flowId 21 uecSrc 20 finished at 78802.6 total messages 1 total packets 3916 RTS 0 total bytes 16000776 in_flight now 0 fair_inc 343113 prop_inc 0 fast_inc 0 eta_inc 3909918 multi_dec -5316016 quick_dec -146865 nack_dec -522900
Flow Uec_30_0 flowId 97 uecSrc 96 finished at 78862 total messages 1 total packets 3916 RTS 0 total bytes 16000776 in_flight now 0 fair_inc 288574 prop_inc 0 fast_inc 0 eta_inc 3915234 multi_dec -5078226 quick_dec -247261 nack_dec -506300
Flow Uec_112_0 flowId 46 uecSrc 45 finished at 78928.4 total messages 1 total packets 3916 RTS 0 total bytes 16000776 in_flight now 0 fair_inc 249433 prop_inc 0 fast_inc 0 eta_inc 3920550 multi_dec -5060162 quick_dec -134065 nack_dec -510450
Flow Uec_117_0 flowId 100 uecSrc 99 finished at 79016.3 total messages 1 total packets 3916 RTS 0 total bytes 16000776 in_flight now 0 fair_inc 113534 prop_inc 0 fast_inc 0 eta_inc 3915234 multi_dec -4414563 quick_dec -198088 nack_dec -531200
Flow Uec_26_0 flowId 53 uecSrc 52 finished at 79032.4 total messages 1 total packets 3916 RTS 0 total bytes 16000776 in_flight now 0 fair_inc 273778 prop_inc 0 fast_inc 0 eta_inc 3920550 multi_dec -4946007 quick_dec -156092 nack_dec -518750
Flow Uec_111_0 flowId 70 uecSrc 69 finished at 79186.8 total messages 1 total packets 3916 RTS 0 total bytes 16000776 in_flight now 0 fair_inc 289711 prop_inc 0 fast_inc 0 eta_inc 3915234 multi_dec -5126287 quick_dec -250481 nack_dec -572700
Flow Uec_16_0 flowId 120 uecSrc 119 finished at 79221.1 total messages 1 total packets 3916 RTS 0 total bytes 16000776 in_flight now 0 fair_inc 283074 prop_inc 0 fast_inc 0 eta_inc 3913905 multi_dec -5167813 quick_dec -172550 nack_dec -547800
Flow Uec_43_0 flowId 66 uecSrc 65 finished at 79241.3 total messages 1 total packets 3916 RTS 0 total bytes 16000776 in_flight now 0 fair_inc 298562 prop_inc 0 fast_inc 0 eta_inc 3931182 multi_dec -5110798 quick_dec -240825 nack_dec -527050
Flow Uec_104_0 flowId 91 uecSrc 90 finished at 79608.1 total messages 1 total packets 3916 RTS 0 total bytes 16000776 in_flight now 0 fair_inc 273572 prop_inc 0 fast_inc 0 eta_inc 3947130 multi_dec -5087068 quick_dec -164246 nack_dec -514600
Flow Uec_53_0 flowId 47 uecSrc 46 finished at 79667 total messages 1 total packets 3916 RTS 0 total bytes 16000776 in_flight now 0 fair_inc 255679 prop_inc 0 fast_inc 0 eta_inc 3949788 multi_dec -5119738 quick_dec -137214 nack_dec -522900
Flow Uec_84_0 flowId 115 uecSrc 114 finished at 79675 total messages 1 total packets 3916 RTS 0 total bytes 16000776 in_flight now 0 fair_inc 235353 prop_inc 0 fast_inc 0 eta_inc 3945801 multi_dec -5058497 quick_dec -246265 nack_dec -535350
Flow Uec_116_0 flowId 22 uecSrc 21 finished at 79683.4 total messages 1 total packets 3916 RTS 0 total bytes 16000776 in_flight now 0 fair_inc 170557 prop_inc 0 fast_inc 0 eta_inc 3945801 multi_dec -4756476 quick_dec -172506 nack_dec -564400
Flow Uec_89_0 flowId 59 uecSrc 58 finished at 79690.5 total messages 1 total packets 3916 RTS 0 total bytes 16000776 in_flight now 0 fair_inc 244291 prop_inc 0 fast_inc 0 eta_inc 3944472 multi_dec -5151001 quick_dec -126969 nack_dec -527050
Flow Uec_25_0 flowId 19 uecSrc 18 finished at 79744.1 total messages 1 total packets 3916 RTS 0 total bytes 16000776 in_flight now 0 fair_inc 274771 prop_inc 0 fast_inc 0 eta_inc 3948459 multi_dec -5265541 quick_dec -131015 nack_dec -539500
Flow Uec_41_0 flowId 94 uecSrc 93 finished at 79969.3 total messages 1 total packets 3916 RTS 0 total bytes 16000776 in_flight now 0 fair_inc 293667 prop_inc 0 fast_inc 0 eta_inc 3961749 multi_dec -5191223 quick_dec -247226 nack_dec -514600
Flow Uec_92_0 flowId 72 uecSrc 71 finished at 80131.7 total messages 1 total packets 3916 RTS 0 total bytes 16000776 in_flight now 0 fair_inc 274698 prop_inc 0 fast_inc 0 eta_inc 3975039 multi_dec -5235062 quick_dec -172526 nack_dec -514600
Flow Uec_55_0 flowId 85 uecSrc 84 finished at 80278.5 total messages 1 total packets 3916 RTS 0 total bytes 16000776 in_flight now 0 fair_inc 212532 prop_inc 0 fast_inc 0 eta_inc 3968394 multi_dec -4962244 quick_dec -255142 nack_dec -551950
Flow Uec_73_0 flowId 126 uecSrc 125 finished at 80297.1 total messages 1 total packets 3916 RTS 0 total bytes 16000776 in_flight now 0 fair_inc 254046 prop_inc 0 fast_inc 0 eta_inc 3987000 multi_dec -5274482 quick_dec -259699 nack_dec -510450
Flow Uec_74_0 flowId 61 uecSrc 60 finished at 80513.7 total messages 1 total packets 3916 RTS 0 total bytes 16000776 in_flight now 0 fair_inc 227949 prop_inc 0 fast_inc 0 eta_inc 3981684 multi_dec -5064186 quick_dec -204502 nack_dec -556100
Flow Uec_105_0 flowId 76 uecSrc 75 finished at 80597.3 total messages 1 total packets 3916 RTS 0 total bytes 16000776 in_flight now 0 fair_inc 262373 prop_inc 0 fast_inc 0 eta_inc 3992316 multi_dec -5248267 quick_dec -134358 nack_dec -527050
Flow Uec_58_0 flowId 117 uecSrc 116 finished at 80687.1 total messages 1 total packets 3916 RTS 0 total bytes 16000776 in_flight now 0 fair_inc 287560 prop_inc 0 fast_inc 0 eta_inc 3992316 multi_dec -5129920 quick_dec -258535 nack_dec -531200
Flow Uec_48_0 flowId 48 uecSrc 47 finished at 80690.4 total messages 1 total packets 3916 RTS 0 total bytes 16000776 in_flight now 0 fair_inc 325618 prop_inc 0 fast_inc 0 eta_inc 3998961 multi_dec -5246787 quick_dec -146635 nack_dec -522900
Flow Uec_77_0 flowId 41 uecSrc 40 finished at 80918.1 total messages 1 total packets 3916 RTS 0 total bytes 16000776 in_flight now 0 fair_inc 311996 prop_inc 0 fast_inc 0 eta_inc 4013580 multi_dec -5206879 quick_dec -202096 nack_dec -510450
Flow Uec_99_0 flowId 103 uecSrc 102 finished at 80963.2 total messages 1 total packets 3916 RTS 0 total bytes 16000776 in_flight now 0 fair_inc 294638 prop_inc 0 fast_inc 0 eta_inc 4006935 multi_dec -5223332 quick_dec -188025 nack_dec -535350
Flow Uec_45_0 flowId 77 uecSrc 76 finished at 80996.2 total messages 1 total packets 3916 RTS 0 total bytes 16000776 in_flight now 0 fair_inc 151766 prop_inc 0 fast_inc 0 eta_inc 4017567 multi_dec -4832207 quick_dec -252191 nack_dec -510450
Flow Uec_33_0 flowId 121 uecSrc 120 finished at 81008.7 total messages 1 total packets 3916 RTS 0 total bytes 16000776 in_flight now 0 fair_inc 303953 prop_inc 0 fast_inc 0 eta_inc 4020225 multi_dec -5174385 quick_dec -338389 nack_dec -522900
Flow Uec_27_0 flowId 112 uecSrc 111 finished at 81033.4 total messages 1 total packets 3916 RTS 0 total bytes 16000776 in_flight now 0 fair_inc 284643 prop_inc 0 fast_inc 0 eta_inc 4012251 multi_dec -5262112 quick_dec -311727 nack_dec -535350
Flow Uec_83_0 flowId 56 uecSrc 55 finished at 81153.8 total messages 1 total packets 3916 RTS 0 total bytes 16000776 in_flight now 0 fair_inc 230920 prop_inc 0 fast_inc 0 eta_inc 4024212 multi_dec -5129412 quick_dec -176707 nack_dec -514600
Flow Uec_88_0 flowId 28 uecSrc 27 finished at 81203.1 total messages 1 total packets 3916 RTS 0 total bytes 16000776 in_flight now 0 fair_inc 223745 prop_inc 0 fast_inc 0 eta_inc 4024212 multi_dec -5043087 quick_dec -196453 nack_dec -518750
Flow Uec_35_0 flowId 99 uecSrc 98 finished at 81252.1 total messages 1 total packets 3916 RTS 0 total bytes 16000776 in_flight now 0 fair_inc 261409 prop_inc 0 fast_inc 0 eta_inc 4024212 multi_dec -5081839 quick_dec -242196 nack_dec -531200
Flow Uec_54_0 flowId 71 uecSrc 70 finished at 81335.9 total messages 1 total packets 3916 RTS 0 total bytes 16000776 in_flight now 0 fair_inc 276293 prop_inc 0 fast_inc 0 eta_inc 4022883 multi_dec -5251321 quick_dec -167389 nack_dec -543650
Flow Uec_127_0 flowId 1 uecSrc 0 finished at 81461.2 total messages 1 total packets 3916 RTS 0 total bytes 16000776 in_flight now 0 fair_inc 301896 prop_inc 0 fast_inc 0 eta_inc 4029528 multi_dec -5310501 quick_dec -138191 nack_dec -527050
Flow Uec_94_0 flowId 33 uecSrc 32 finished at 81572 total messages 1 total packets 3916 RTS 0 total bytes 16000776 in_flight now 0 fair_inc 245413 prop_inc 0 fast_inc 0 eta_inc 4045476 multi_dec -5081206 quick_dec -199338 nack_dec -514600
Flow Uec_71_0 flowId 79 uecSrc 78 finished at 81576.8 total messages 1 total packets 3916 RTS 0 total bytes 16000776 in_flight now 0 fair_inc 245119 prop_inc 0 fast_inc 0 eta_inc 4037502 multi_dec -5058487 quick_dec -219064 nack_dec -556100
Flow Uec_79_0 flowId 62 uecSrc 61 finished at 81577.3 total messages 1 total packets 3916 RTS 0 total bytes 16000776 in_flight now 0 fair_inc 305358 prop_inc 0 fast_inc 0 eta_inc 4041489 multi_dec -5189780 quick_dec -132670 nack_dec -535350
Flow Uec_66_0 flowId 60 uecSrc 59 finished at 81641.2 total messages 1 total packets 3916 RTS 0 total bytes 16000776 in_flight now 0 fair_inc 245097 prop_inc 0 fast_inc 0 eta_inc 4048134 multi_dec -5270798 quick_dec -136751 nack_dec -531200
Flow Uec_101_0 flowId 113 uecSrc 112 finished at 81697.9 total messages 1 total packets 3916 RTS 0 total bytes 16000776 in_flight now 0 fair_inc 300665 prop_inc 0 fast_inc 0 eta_inc 4046805 multi_dec -5280235 quick_dec -155096 nack_dec -527050
Flow Uec_42_0 flowId 4 uecSrc 3 finished at 81715.5 total messages 1 total packets 3916 RTS 0 total bytes 16000776 in_flight now 0 fair_inc 242569 prop_inc 0 fast_inc 0 eta_inc 4049463 multi_dec -5289602 quick_dec -139007 nack_dec -518750
Flow Uec_22_0 flowId 15 uecSrc 14 finished at 81782.8 total messages 1 total packets 3916 RTS 0 total bytes 16000776 in_flight now 0 fair_inc 249375 prop_inc 0 fast_inc 0 eta_inc 4048134 multi_dec -5301967 quick_dec -117952 nack_dec -539500
Flow Uec_63_0 flowId 110 uecSrc 109 finished at 81812.2 total messages 1 total packets 3916 RTS 0 total bytes 16000776 in_flight now 0 fair_inc 200656 prop_inc 0 fast_inc 0 eta_inc 4057437 multi_dec -4999191 quick_dec -183339 nack_dec -510450
Flow Uec_23_0 flowId 26 uecSrc 25 finished at 81841.2 total messages 1 total packets 3916 RTS 0 total bytes 16000776 in_flight now 0 fair_inc 242650 prop_inc 0 fast_inc 0 eta_inc 4056108 multi_dec -5241000 quick_dec -178529 nack_dec -527050
Flow Uec_17_0 flowId 18 uecSrc 17 finished at 81848.8 total messages 1 total packets 3916 RTS 0 total bytes 16000776 in_flight now 0 fair_inc 278795 prop_inc 0 fast_inc 0 eta_inc 4048134 multi_dec -5195652 quick_dec -180848 nack_dec -522900
Flow Uec_108_0 flowId 23 uecSrc 22 finished at 81870.7 total messages 1 total packets 3916 RTS 0 total bytes 16000776 in_flight now 0 fair_inc 297073 prop_inc 0 fast_inc 0 eta_inc 4049463 multi_dec -5244262 quick_dec -140509 nack_dec -527050
Flow Uec_122_0 flowId 13 uecSrc 12 finished at 81883.5 total messages 1 total packets 3916 RTS 0 total bytes 16000776 in_flight now 0 fair_inc 264979 prop_inc 0 fast_inc 0 eta_inc 4040160 multi_dec -5111315 quick_dec -165119 nack_dec -551950
Flow Uec_110_0 flowId 54 uecSrc 53 finished at 81887.4 total messages 1 total packets 3916 RTS 0 total bytes 16000776 in_flight now 0 fair_inc 284343 prop_inc 0 fast_inc 0 eta_inc 4045476 multi_dec -5207799 quick_dec -167290 nack_dec -560250
Flow Uec_100_0 flowId 25 uecSrc 24 finished at 81910.5 total messages 1 total packets 3916 RTS 0 total bytes 16000776 in_flight now 0 fair_inc 275274 prop_inc 479 fast_inc 0 eta_inc 4054779 multi_dec -5186073 quick_dec -126890 nack_dec -527050
Flow Uec_124_0 flowId 8 uecSrc 7 finished at 81911.9 total messages 1 total packets 3916 RTS 0 total bytes 16000776 in_flight now 0 fair_inc 316801 prop_inc 0 fast_inc 0 eta_inc 4052121 multi_dec -5207513 quick_dec -147873 nack_dec -535350
Flow Uec_107_0 flowId 108 uecSrc 107 finished at 81922.7 total messages 1 total packets 3916 RTS 0 total bytes 16000776 in_flight now 0 fair_inc 283763 prop_inc 0 fast_inc 0 eta_inc 4052121 multi_dec -5211432 quick_dec -308661 nack_dec -539500
Flow Uec_115_0 flowId 90 uecSrc 89 finished at 82064.1 total messages 1 total packets 3916 RTS 0 total bytes 16000776 in_flight now 0 fair_inc 273405 prop_inc 0 fast_inc 0 eta_inc 4061424 multi_dec -5268845 quick_dec -277351 nack_dec -531200
Flow Uec_78_0 flowId 105 uecSrc 104 finished at 82077.7 total messages 1 total packets 3916 RTS 0 total bytes 16000776 in_flight now 0 fair_inc 292486 prop_inc 0 fast_inc 0 eta_inc 4061424 multi_dec -5197257 quick_dec -212650 nack_dec -535350
Flow Uec_87_0 flowId 29 uecSrc 28 finished at 82094.2 total messages 1 total packets 3916 RTS 0 total bytes 16000776 in_flight now 0 fair_inc 272179 prop_inc 0 fast_inc 0 eta_inc 4069398 multi_dec -5086249 quick_dec -139326 nack_dec -502150
Flow Uec_72_0 flowId 51 uecSrc 50 finished at 82125.9 total messages 1 total packets 3916 RTS 0 total bytes 16000776 in_flight now 0 fair_inc 270621 prop_inc 0 fast_inc 0 eta_inc 4070727 multi_dec -5284701 quick_dec -118650 nack_dec -518750
Flow Uec_86_0 flowId 3 uecSrc 2 finished at 82138 total messages 1 total packets 3916 RTS 0 total bytes 16000776 in_flight now 0 fair_inc 343023 prop_inc 0 fast_inc 0 eta_inc 4064082 multi_dec -5231356 quick_dec -160731 nack_dec -560250
Flow Uec_120_0 flowId 67 uecSrc 66 finished at 82138.6 total messages 1 total packets 3916 RTS 0 total bytes 16000776 in_flight now 0 fair_inc 275706 prop_inc 0 fast_inc 0 eta_inc 4070727 multi_dec -5191264 quick_dec -204825 nack_dec -547800
Flow Uec_19_0 flowId 57 uecSrc 56 finished at 82146.9 total messages 1 total packets 3916 RTS 0 total bytes 16000776 in_flight now 0 fair_inc 325645 prop_inc 33 fast_inc 0 eta_inc 4072056 multi_dec -5314403 quick_dec -190970 nack_dec -506300
Flow Uec_85_0 flowId 64 uecSrc 63 finished at 82154.3 total messages 1 total packets 3916 RTS 0 total bytes 16000776 in_flight now 0 fair_inc 331945 prop_inc 307 fast_inc 0 eta_inc 4064082 multi_dec -5267193 quick_dec -193276 nack_dec -518750
Flow Uec_50_0 flowId 107 uecSrc 106 finished at 82164.8 total messages 1 total packets 3916 RTS 0 total bytes 16000776 in_flight now 0 fair_inc 335343 prop_inc 486 fast_inc 0 eta_inc 4049463 multi_dec -5159906 quick_dec -189283 nack_dec -589300
Flow Uec_28_0 flowId 86 uecSrc 85 finished at 82168.4 total messages 1 total packets 3916 RTS 0 total bytes 16000776 in_flight now 0 fair_inc 291372 prop_inc 412 fast_inc 0 eta_inc 4069398 multi_dec -5221583 quick_dec -218133 nack_dec -522900
Flow Uec_96_0 flowId 16 uecSrc 15 finished at 82177.5 total messages 1 total packets 3916 RTS 0 total bytes 16000776 in_flight now 0 fair_inc 242312 prop_inc 2767 fast_inc 0 eta_inc 4072056 multi_dec -5081312 quick_dec -138230 nack_dec -518750
Flow Uec_59_0 flowId 74 uecSrc 73 finished at 82193.4 total messages 1 total packets 3916 RTS 0 total bytes 16000776 in_flight now 0 fair_inc 314224 prop_inc 3837 fast_inc 0 eta_inc 4062753 multi_dec -5131782 quick_dec -151040 nack_dec -556100
Flow Uec_103_0 flowId 124 uecSrc 123 finished at 82223.7 total messages 1 total packets 3916 RTS 0 total bytes 16000776 in_flight now 0 fair_inc 317776 prop_inc 3410 fast_inc 0 eta_inc 4069398 multi_dec -5169538 quick_dec -324462 nack_dec -535350
Flow Uec_34_0 flowId 35 uecSrc 34 finished at 82229 total messages 1 total packets 3916 RTS 0 total bytes 16000776 in_flight now 0 fair_inc 319307 prop_inc 1846 fast_inc 0 eta_inc 4078701 multi_dec -5187257 quick_dec -284906 nack_dec -522900
Flow Uec_95_0 flowId 11 uecSrc 10 finished at 82276.1 total messages 1 total packets 3916 RTS 0 total bytes 16000776 in_flight now 0 fair_inc 293972 prop_inc 1298 fast_inc 0 eta_inc 4078701 multi_dec -5191093 quick_dec -157956 nack_dec -518750
Flow Uec_102_0 flowId 30 uecSrc 29 finished at 82292 total messages 1 total packets 3916 RTS 0 total bytes 16000776 in_flight now 0 fair_inc 272953 prop_inc 1992 fast_inc 0 eta_inc 4074714 multi_dec -5172602 quick_dec -178570 nack_dec -531200
Flow Uec_44_0 flowId 9 uecSrc 8 finished at 82340.1 total messages 1 total packets 3916 RTS 0 total bytes 16000776 in_flight now 0 fair_inc 322711 prop_inc 3407 fast_inc 0 eta_inc 4080030 multi_dec -5263067 quick_dec -163091 nack_dec -518750
Flow Uec_106_0 flowId 52 uecSrc 51 finished at 82420.9 total messages 1 total packets 3916 RTS 0 total bytes 16000776 in_flight now 0 fair_inc 284643 prop_inc 3347 fast_inc 0 eta_inc 4073385 multi_dec -5080825 quick_dec -179722 nack_dec -547800
Flow Uec_123_0 flowId 118 uecSrc 117 finished at 82460.8 total messages 1 total packets 3916 RTS 0 total bytes 16000776 in_flight now 0 fair_inc 302783 prop_inc 5120 fast_inc 0 eta_inc 4080030 multi_dec -5247847 quick_dec -277781 nack_dec -531200
Flow Uec_97_0 flowId 78 uecSrc 77 finished at 82466.2 total messages 1 total packets 3916 RTS 0 total bytes 16000776 in_flight now 0 fair_inc 299969 prop_inc 1050 fast_inc 0 eta_inc 4074714 multi_dec -5182366 quick_dec -143486 nack_dec -535350
Flow Uec_31_0 flowId 50 uecSrc 49 finished at 82479.8 total messages 1 total packets 3916 RTS 0 total bytes 16000776 in_flight now 0 fair_inc 321744 prop_inc 6907 fast_inc 0 eta_inc 4076043 multi_dec -5154685 quick_dec -157816 nack_dec -543650
Flow Uec_76_0 flowId 96 uecSrc 95 finished at 82504.8 total messages 1 total packets 3916 RTS 0 total bytes 16000776 in_flight now 0 fair_inc 250063 prop_inc 5380 fast_inc 0 eta_inc 4084017 multi_dec -4942392 quick_dec -156597 nack_dec -547800
Flow Uec_39_0 flowId 2 uecSrc 1 finished at 82517.9 total messages 1 total packets 3916 RTS 0 total bytes 16000776 in_flight now 0 fair_inc 358885 prop_inc 2766 fast_inc 0 eta_inc 4093320 multi_dec -5168916 quick_dec -223071 nack_dec -518750
Flow Uec_37_0 flowId 10 uecSrc 9 finished at 82531.8 total messages 1 total packets 3916 RTS 0 total bytes 16000776 in_flight now 0 fair_inc 276278 prop_inc 1835 fast_inc 0 eta_inc 4088004 multi_dec -5218437 quick_dec -135176 nack_dec -506300
Flow Uec_81_0 flowId 24 uecSrc 23 finished at 82536.6 total messages 1 total packets 3916 RTS 0 total bytes 16000776 in_flight now 0 fair_inc 347652 prop_inc 3412 fast_inc 0 eta_inc 4086675 multi_dec -5176013 quick_dec -115203 nack_dec -543650
Flow Uec_62_0 flowId 38 uecSrc 37 finished at 82546 total messages 1 total packets 3916 RTS 0 total bytes 16000776 in_flight now 0 fair_inc 264885 prop_inc 6417 fast_inc 0 eta_inc 4082688 multi_dec -5133500 quick_dec -143491 nack_dec -527050
Flow Uec_60_0 flowId 45 uecSrc 44 finished at 82550.3 total messages 1 total packets 3916 RTS 0 total bytes 16000776 in_flight now 0 fair_inc 338711 prop_inc 6539 fast_inc 0 eta_inc 4077372 multi_dec -5004394 quick_dec -223076 nack_dec -576850
Flow Uec_51_0 flowId 5 uecSrc 4 finished at 82558.1 total messages 1 total packets 3916 RTS 0 total bytes 16000776 in_flight now 0 fair_inc 304469 prop_inc 9758 fast_inc 0 eta_inc 4081359 multi_dec -5070631 quick_dec -170337 nack_dec -531200
Flow Uec_69_0 flowId 43 uecSrc 42 finished at 82561.5 total messages 1 total packets 3916 RTS 0 total bytes 16000776 in_flight now 0 fair_inc 313234 prop_inc 14564 fast_inc 0 eta_inc 4091991 multi_dec -5087742 quick_dec -172526 nack_dec -518750
Flow Uec_46_0 flowId 7 uecSrc 6 finished at 82587.5 total messages 1 total packets 3916 RTS 0 total bytes 16000776 in_flight now 0 fair_inc 307794 prop_inc 51306 fast_inc 0 eta_inc 4081359 multi_dec -4987888 quick_dec -150902 nack_dec -560250
Flow Uec_121_0 flowId 63 uecSrc 62 finished at 82598.9 total messages 1 total packets 3916 RTS 0 total bytes 16000776 in_flight now 0 fair_inc 284358 prop_inc 64682 fast_inc 26997 eta_inc 4098636 multi_dec -4988097 quick_dec -146607 nack_dec -514600
Flow Uec_113_0 flowId 14 uecSrc 13 finished at 82604.8 total messages 1 total packets 3916 RTS 0 total bytes 16000776 in_flight now 0 fair_inc 295364 prop_inc 70760 fast_inc 0 eta_inc 4082688 multi_dec -5030007 quick_dec -143476 nack_dec -547800
Flow Uec_52_0 flowId 31 uecSrc 30 finished at 82613 total messages 1 total packets 3916 RTS 0 total bytes 16000776 in_flight now 0 fair_inc 307772 prop_inc 74960 fast_inc 0 eta_inc 4081359 multi_dec -4930103 quick_dec -161114 nack_dec -547800
.....Received SIGTERM at 328000 us, shutting down cleanly.
New: 497332 Rtx: 16494 RTS: 0 Bounced: 0 ACKs: 496072 NACKs: 16494 Pulls: 0 sleek_pkts: 0
SPURIOUS_COUNT 0
