.Flow Uec_33_0 flowId 121 uecSrc 120 finished at 50689 total messages 1 total packets 3916 RTS 0 total bytes 16000776 in_flight now 0 fair_inc 0 prop_inc 0 fast_inc 0 eta_inc 2623446 multi_dec -2574186 quick_dec -131638 nack_dec -668150
Flow Uec_47_0 flowId 34 uecSrc 33 finished at 50859.8 total messages 1 total packets 3916 RTS 0 total bytes 16000776 in_flight now 0 fair_inc 0 prop_inc 0 fast_inc 0 eta_inc 2648697 multi_dec -2609472 quick_dec -106072 nack_dec -622500
Flow Uec_81_0 flowId 24 uecSrc 23 finished at 50949 total messages 1 total packets 3916 RTS 0 total bytes 16000776 in_flight now 0 fair_inc 0 prop_inc 0 fast_inc 0 eta_inc 2648697 multi_dec -2588970 quick_dec -106692 nack_dec -647400
Flow Uec_88_0 flowId 28 uecSrc 27 finished at 51058.8 total messages 1 total packets 3916 RTS 0 total bytes 16000776 in_flight now 0 fair_inc 0 prop_inc 0 fast_inc 0 eta_inc 2665974 multi_dec -2624045 quick_dec -108222 nack_dec -593450
Flow Uec_32_0 flowId 55 uecSrc 54 finished at 51250.1 total messages 1 total packets 3916 RTS 0 total bytes 16000776 in_flight now 0 fair_inc 6077 prop_inc 0 fast_inc 0 eta_inc 2656671 multi_dec -2623122 quick_dec -74665 nack_dec -672300
Flow Uec_16_0 flowId 120 uecSrc 119 finished at 51470.6 total messages 1 total packets 3916 RTS 0 total bytes 16000776 in_flight now 0 fair_inc 0 prop_inc 0 fast_inc 0 eta_inc 2658000 multi_dec -2590669 quick_dec -66738 nack_dec -705500
Flow Uec_112_0 flowId 46 uecSrc 45 finished at 51545.6 total messages 1 total packets 3916 RTS 0 total bytes 16000776 in_flight now 0 fair_inc 0 prop_inc 0 fast_inc 0 eta_inc 2669961 multi_dec -2610448 quick_dec -89534 nack_dec -668150
Flow Uec_44_0 flowId 9 uecSrc 8 finished at 51672.6 total messages 1 total packets 3916 RTS 0 total bytes 16000776 in_flight now 0 fair_inc 0 prop_inc 0 fast_inc 0 eta_inc 2689896 multi_dec -2631754 quick_dec -116158 nack_dec -639100
Flow Uec_121_0 flowId 63 uecSrc 62 finished at 51794.4 total messages 1 total packets 3916 RTS 0 total bytes 16000776 in_flight now 0 fair_inc 5663 prop_inc 0 fast_inc 0 eta_inc 2683251 multi_dec -2631003 quick_dec -109220 nack_dec -672300
Flow Uec_31_0 flowId 50 uecSrc 49 finished at 52009.3 total messages 1 total packets 3916 RTS 0 total bytes 16000776 in_flight now 0 fair_inc 0 prop_inc 0 fast_inc 0 eta_inc 2684580 multi_dec -2617831 quick_dec -90386 nack_dec -700574
Flow Uec_36_0 flowId 42 uecSrc 41 finished at 52072 total messages 1 total packets 3916 RTS 0 total bytes 16000776 in_flight now 0 fair_inc 0 prop_inc 0 fast_inc 0 eta_inc 2689896 multi_dec -2623338 quick_dec -46888 nack_dec -709650
Flow Uec_38_0 flowId 73 uecSrc 72 finished at 52173.9 total messages 1 total packets 3916 RTS 0 total bytes 16000776 in_flight now 0 fair_inc 0 prop_inc 0 fast_inc 0 eta_inc 2708502 multi_dec -2665069 quick_dec -57265 nack_dec -639100
Flow Uec_73_0 flowId 126 uecSrc 125 finished at 52206.9 total messages 1 total packets 3916 RTS 0 total bytes 16000776 in_flight now 0 fair_inc 0 prop_inc 0 fast_inc 0 eta_inc 2704515 multi_dec -2654354 quick_dec -55894 nack_dec -659850
Flow Uec_1_0 flowId 102 uecSrc 101 finished at 54540.2 total messages 1 total packets 3916 RTS 0 total bytes 16000776 in_flight now 0 fair_inc 6061 prop_inc 3595 fast_inc 0 eta_inc 4181034 multi_dec -3898044 quick_dec --163548 nack_dec -975250
Flow Uec_50_0 flowId 107 uecSrc 106 finished at 54826.4 total messages 1 total packets 3916 RTS 0 total bytes 16000776 in_flight now 0 fair_inc 0 prop_inc 0 fast_inc 0 eta_inc 2848047 multi_dec -2798103 quick_dec -93876 nack_dec -639100
Flow Uec_13_0 flowId 111 uecSrc 110 finished at 55797.3 total messages 1 total packets 3916 RTS 0 total bytes 16000776 in_flight now 0 fair_inc 0 prop_inc 0 fast_inc 0 eta_inc 3438123 multi_dec -3301827 quick_dec --142181 nack_dec -759450
Flow Uec_3_0 flowId 92 uecSrc 91 finished at 56023.7 total messages 1 total packets 3916 RTS 0 total bytes 16000776 in_flight now 0 fair_inc 0 prop_inc 3502 fast_inc 0 eta_inc 4287354 multi_dec -3961359 quick_dec --144444 nack_dec -983550
Flow Uec_15_0 flowId 12 uecSrc 11 finished at 56609 total messages 1 total packets 3916 RTS 0 total bytes 16000776 in_flight now 0 fair_inc 4989 prop_inc 0 fast_inc 0 eta_inc 3488625 multi_dec -3343173 quick_dec --90088 nack_dec -763600
Flow Uec_2_0 flowId 88 uecSrc 87 finished at 58189.3 total messages 1 total packets 3916 RTS 0 total bytes 16000776 in_flight now 0 fair_inc 4980 prop_inc 3398 fast_inc 0 eta_inc 4460124 multi_dec -4176540 quick_dec --102521 nack_dec -950350
Flow Uec_4_0 flowId 109 uecSrc 108 finished at 59488.3 total messages 1 total packets 3916 RTS 0 total bytes 16000776 in_flight now 0 fair_inc 5184 prop_inc 0 fast_inc 0 eta_inc 3682659 multi_dec -3559456 quick_dec --121446 nack_dec -747000
Flow Uec_9_0 flowId 122 uecSrc 121 finished at 61930.4 total messages 1 total packets 3916 RTS 0 total bytes 16000776 in_flight now 0 fair_inc 0 prop_inc 0 fast_inc 0 eta_inc 3826191 multi_dec -3648434 quick_dec --74693 nack_dec -771900
Flow Uec_8_0 flowId 17 uecSrc 16 finished at 62628.7 total messages 1 total packets 3916 RTS 0 total bytes 16000776 in_flight now 0 fair_inc 5574 prop_inc 0 fast_inc 0 eta_inc 3826191 multi_dec -3599451 quick_dec --156595 nack_dec -937900
Flow Uec_5_0 flowId 6 uecSrc 5 finished at 65687.8 total messages 1 total packets 3916 RTS 0 total bytes 16000776 in_flight now 0 fair_inc 5174 prop_inc 0 fast_inc 0 eta_inc 4037502 multi_dec -3837381 quick_dec --82544 nack_dec -845824
Flow Uec_14_0 flowId 95 uecSrc 94 finished at 65719.4 total messages 1 total packets 3916 RTS 0 total bytes 16000776 in_flight now 0 fair_inc 6028 prop_inc 0 fast_inc 0 eta_inc 4033515 multi_dec -3853350 quick_dec --74432 nack_dec -888100
Flow Uec_127_0 flowId 1 uecSrc 0 finished at 66872.9 total messages 1 total packets 3916 RTS 0 total bytes 16000776 in_flight now 0 fair_inc 6100 prop_inc 0 fast_inc 0 eta_inc 3468690 multi_dec -3394962 quick_dec -100164 nack_dec -693050
Flow Uec_80_0 flowId 32 uecSrc 31 finished at 69612.4 total messages 1 total packets 3916 RTS 0 total bytes 16000776 in_flight now 0 fair_inc 5617 prop_inc 0 fast_inc 0 eta_inc 3604248 multi_dec -3501691 quick_dec -86875 nack_dec -750374
Flow Uec_6_0 flowId 40 uecSrc 39 finished at 70064.3 total messages 1 total packets 3916 RTS 0 total bytes 16000776 in_flight now 0 fair_inc 0 prop_inc 0 fast_inc 0 eta_inc 4272735 multi_dec -3975094 quick_dec --80085 nack_dec -991850
Flow Uec_7_0 flowId 37 uecSrc 36 finished at 71144 total messages 1 total packets 3916 RTS 0 total bytes 16000776 in_flight now 0 fair_inc 0 prop_inc 0 fast_inc 0 eta_inc 4393674 multi_dec -4163515 quick_dec --64321 nack_dec -896400
Flow Uec_54_0 flowId 71 uecSrc 70 finished at 72595.1 total messages 1 total packets 3916 RTS 0 total bytes 16000776 in_flight now 0 fair_inc 6042 prop_inc 0 fast_inc 0 eta_inc 3778347 multi_dec -3697679 quick_dec -143476 nack_dec -676450
Flow Uec_65_0 flowId 65 uecSrc 64 finished at 73517.2 total messages 1 total packets 3916 RTS 0 total bytes 16000776 in_flight now 0 fair_inc 4710 prop_inc 0 fast_inc 0 eta_inc 3822204 multi_dec -3752866 quick_dec -85831 nack_dec -701350
Flow Uec_87_0 flowId 29 uecSrc 28 finished at 73939.6 total messages 1 total packets 3916 RTS 0 total bytes 16000776 in_flight now 0 fair_inc 11342 prop_inc 0 fast_inc 0 eta_inc 3843468 multi_dec -3774666 quick_dec -112429 nack_dec -722100
Flow Uec_99_0 flowId 103 uecSrc 102 finished at 74175 total messages 1 total packets 3916 RTS 0 total bytes 16000776 in_flight now 0 fair_inc 11649 prop_inc 0 fast_inc 0 eta_inc 3866061 multi_dec -3821364 quick_dec -109637 nack_dec -688900
Flow Uec_34_0 flowId 35 uecSrc 34 finished at 74185.3 total messages 1 total packets 3916 RTS 0 total bytes 16000776 in_flight now 0 fair_inc 6032 prop_inc 0 fast_inc 0 eta_inc 3856758 multi_dec -3739224 quick_dec -135070 nack_dec -705500
Flow Uec_63_0 flowId 110 uecSrc 109 finished at 74592.2 total messages 1 total packets 3916 RTS 0 total bytes 16000776 in_flight now 0 fair_inc 0 prop_inc 0 fast_inc 0 eta_inc 3866061 multi_dec -3752227 quick_dec -124716 nack_dec -713800
Flow Uec_92_0 flowId 72 uecSrc 71 finished at 74608.1 total messages 1 total packets 3916 RTS 0 total bytes 16000776 in_flight now 0 fair_inc 0 prop_inc 0 fast_inc 0 eta_inc 3888654 multi_dec -3790562 quick_dec -152642 nack_dec -659850
Flow Uec_100_0 flowId 25 uecSrc 24 finished at 74728.5 total messages 1 total packets 3916 RTS 0 total bytes 16000776 in_flight now 0 fair_inc 0 prop_inc 0 fast_inc 0 eta_inc 3875364 multi_dec -3767263 quick_dec -82145 nack_dec -733774
Flow Uec_104_0 flowId 91 uecSrc 90 finished at 74894.4 total messages 1 total packets 3916 RTS 0 total bytes 16000776 in_flight now 0 fair_inc 0 prop_inc 0 fast_inc 0 eta_inc 3908589 multi_dec -3815708 quick_dec -125906 nack_dec -672300
Flow Uec_64_0 flowId 119 uecSrc 118 finished at 75011.1 total messages 1 total packets 3916 RTS 0 total bytes 16000776 in_flight now 0 fair_inc 0 prop_inc 0 fast_inc 0 eta_inc 3913905 multi_dec -3825434 quick_dec -114008 nack_dec -668150
Flow Uec_77_0 flowId 41 uecSrc 40 finished at 75078.4 total messages 1 total packets 3916 RTS 0 total bytes 16000776 in_flight now 0 fair_inc 0 prop_inc 0 fast_inc 0 eta_inc 3900615 multi_dec -3788449 quick_dec -113239 nack_dec -705500
Flow Uec_70_0 flowId 89 uecSrc 88 finished at 75095.5 total messages 1 total packets 3916 RTS 0 total bytes 16000776 in_flight now 0 fair_inc 5624 prop_inc 0 fast_inc 0 eta_inc 3921879 multi_dec -3821598 quick_dec -153034 nack_dec -659850
Flow Uec_72_0 flowId 51 uecSrc 50 finished at 75176.5 total messages 1 total packets 3916 RTS 0 total bytes 16000776 in_flight now 0 fair_inc 0 prop_inc 0 fast_inc 0 eta_inc 3911247 multi_dec -3805844 quick_dec -109957 nack_dec -688900
Flow Uec_30_0 flowId 97 uecSrc 96 finished at 75218.3 total messages 1 total packets 3916 RTS 0 total bytes 16000776 in_flight now 0 fair_inc 6078 prop_inc 0 fast_inc 0 eta_inc 3919221 multi_dec -3847288 quick_dec -102900 nack_dec -680600
Flow Uec_117_0 flowId 100 uecSrc 99 finished at 75302.4 total messages 1 total packets 3916 RTS 0 total bytes 16000776 in_flight now 0 fair_inc 0 prop_inc 0 fast_inc 0 eta_inc 3909918 multi_dec -3799785 quick_dec -64922 nack_dec -713800
Flow Uec_19_0 flowId 57 uecSrc 56 finished at 75768.2 total messages 1 total packets 3916 RTS 0 total bytes 16000776 in_flight now 0 fair_inc 18203 prop_inc 0 fast_inc 0 eta_inc 3959091 multi_dec -3909872 quick_dec -167750 nack_dec -659850
Flow Uec_111_0 flowId 70 uecSrc 69 finished at 75931.8 total messages 1 total packets 3916 RTS 0 total bytes 16000776 in_flight now 0 fair_inc 0 prop_inc 0 fast_inc 0 eta_inc 3944472 multi_dec -3802521 quick_dec -113734 nack_dec -713800
Flow Uec_39_0 flowId 2 uecSrc 1 finished at 75975.3 total messages 1 total packets 3916 RTS 0 total bytes 16000776 in_flight now 0 fair_inc 0 prop_inc 0 fast_inc 0 eta_inc 3951117 multi_dec -3831439 quick_dec -149829 nack_dec -726250
Flow Uec_115_0 flowId 90 uecSrc 89 finished at 76292 total messages 1 total packets 3916 RTS 0 total bytes 16000776 in_flight now 0 fair_inc 0 prop_inc 0 fast_inc 0 eta_inc 3975039 multi_dec -3845130 quick_dec -137019 nack_dec -688900
Flow Uec_119_0 flowId 80 uecSrc 79 finished at 76371.8 total messages 1 total packets 3916 RTS 0 total bytes 16000776 in_flight now 0 fair_inc 5657 prop_inc 0 fast_inc 0 eta_inc 3980355 multi_dec -3879697 quick_dec -126264 nack_dec -722100
Flow Uec_68_0 flowId 83 uecSrc 82 finished at 76430.4 total messages 1 total packets 3916 RTS 0 total bytes 16000776 in_flight now 0 fair_inc 10739 prop_inc 0 fast_inc 0 eta_inc 3985671 multi_dec -3900213 quick_dec -127240 nack_dec -697200
Flow Uec_94_0 flowId 33 uecSrc 32 finished at 76537.9 total messages 1 total packets 3916 RTS 0 total bytes 16000776 in_flight now 0 fair_inc 6031 prop_inc 0 fast_inc 0 eta_inc 3972381 multi_dec -3884655 quick_dec -112279 nack_dec -713800
Flow Uec_22_0 flowId 15 uecSrc 14 finished at 76675.2 total messages 1 total packets 3916 RTS 0 total bytes 16000776 in_flight now 0 fair_inc 5577 prop_inc 0 fast_inc 0 eta_inc 3994974 multi_dec -3855659 quick_dec -208215 nack_dec -684750
Flow Uec_125_0 flowId 93 uecSrc 92 finished at 76961.2 total messages 1 total packets 3916 RTS 0 total bytes 16000776 in_flight now 0 fair_inc 6029 prop_inc 0 fast_inc 0 eta_inc 4008264 multi_dec -3925494 quick_dec -123878 nack_dec -693050
Flow Uec_124_0 flowId 8 uecSrc 7 finished at 77106.5 total messages 1 total packets 3916 RTS 0 total bytes 16000776 in_flight now 0 fair_inc 0 prop_inc 0 fast_inc 0 eta_inc 4004277 multi_dec -3906090 quick_dec -79952 nack_dec -759450
Flow Uec_76_0 flowId 96 uecSrc 95 finished at 77344.7 total messages 1 total packets 3916 RTS 0 total bytes 16000776 in_flight now 0 fair_inc 11667 prop_inc 0 fast_inc 0 eta_inc 4032186 multi_dec -3906423 quick_dec -156599 nack_dec -693050
Flow Uec_71_0 flowId 79 uecSrc 78 finished at 77430.2 total messages 1 total packets 3916 RTS 0 total bytes 16000776 in_flight now 0 fair_inc 0 prop_inc 0 fast_inc 0 eta_inc 4041489 multi_dec -3930612 quick_dec -136376 nack_dec -680600
Flow Uec_10_0 flowId 27 uecSrc 26 finished at 77440.6 total messages 1 total packets 3916 RTS 0 total bytes 16000776 in_flight now 0 fair_inc 0 prop_inc 0 fast_inc 0 eta_inc 4805664 multi_dec -4557571 quick_dec -11460 nack_dec -792650
Flow Uec_12_0 flowId 44 uecSrc 43 finished at 77599.1 total messages 1 total packets 3916 RTS 0 total bytes 16000776 in_flight now 0 fair_inc 11973 prop_inc 0 fast_inc 0 eta_inc 4812309 multi_dec -4580854 quick_dec --5412 nack_dec -867350
Flow Uec_106_0 flowId 52 uecSrc 51 finished at 77689.1 total messages 1 total packets 3916 RTS 0 total bytes 16000776 in_flight now 0 fair_inc 5949 prop_inc 0 fast_inc 0 eta_inc 4038831 multi_dec -3947009 quick_dec -111614 nack_dec -697200
Flow Uec_97_0 flowId 78 uecSrc 77 finished at 77880.3 total messages 1 total packets 3916 RTS 0 total bytes 16000776 in_flight now 0 fair_inc 6032 prop_inc 0 fast_inc 0 eta_inc 4060095 multi_dec -3940877 quick_dec -139200 nack_dec -701350
Flow Uec_28_0 flowId 86 uecSrc 85 finished at 78233.3 total messages 1 total packets 3916 RTS 0 total bytes 16000776 in_flight now 0 fair_inc 6032 prop_inc 0 fast_inc 0 eta_inc 4082688 multi_dec -4007083 quick_dec -122588 nack_dec -676450
Flow Uec_67_0 flowId 49 uecSrc 48 finished at 78255.1 total messages 1 total packets 3916 RTS 0 total bytes 16000776 in_flight now 0 fair_inc 6200 prop_inc 0 fast_inc 0 eta_inc 4088004 multi_dec -3986562 quick_dec -146361 nack_dec -688900
Flow Uec_86_0 flowId 3 uecSrc 2 finished at 78404.3 total messages 1 total packets 3916 RTS 0 total bytes 16000776 in_flight now 0 fair_inc 6027 prop_inc 0 fast_inc 0 eta_inc 4080030 multi_dec -3973938 quick_dec -176646 nack_dec -701350
Flow Uec_78_0 flowId 105 uecSrc 104 finished at 78443.2 total messages 1 total packets 3916 RTS 0 total bytes 16000776 in_flight now 0 fair_inc 0 prop_inc 0 fast_inc 0 eta_inc 4082688 multi_dec -3944282 quick_dec -91360 nack_dec -730400
Flow Uec_11_0 flowId 36 uecSrc 35 finished at 78731.6 total messages 1 total packets 3916 RTS 0 total bytes 16000776 in_flight now 0 fair_inc 0 prop_inc 0 fast_inc 0 eta_inc 4900023 multi_dec -4664509 quick_dec -25205 nack_dec -776050
Flow Uec_27_0 flowId 112 uecSrc 111 finished at 79180 total messages 1 total packets 3916 RTS 0 total bytes 16000776 in_flight now 0 fair_inc 6012 prop_inc 0 fast_inc 0 eta_inc 4117242 multi_dec -4016515 quick_dec -124583 nack_dec -705500
Flow Uec_96_0 flowId 16 uecSrc 15 finished at 79218.5 total messages 1 total packets 3916 RTS 0 total bytes 16000776 in_flight now 0 fair_inc 6331 prop_inc 0 fast_inc 0 eta_inc 4119900 multi_dec -3988158 quick_dec -164595 nack_dec -747000
Flow Uec_126_0 flowId 68 uecSrc 67 finished at 79341.7 total messages 1 total packets 3916 RTS 0 total bytes 16000776 in_flight now 0 fair_inc 32124 prop_inc 0 fast_inc 0 eta_inc 4123887 multi_dec -4044663 quick_dec -145791 nack_dec -734550
Flow Uec_46_0 flowId 7 uecSrc 6 finished at 80033 total messages 1 total packets 3916 RTS 0 total bytes 16000776 in_flight now 0 fair_inc 18488 prop_inc 0 fast_inc 0 eta_inc 4185021 multi_dec -4105860 quick_dec -130392 nack_dec -693050
Flow Uec_23_0 flowId 26 uecSrc 25 finished at 80059.7 total messages 1 total packets 3916 RTS 0 total bytes 16000776 in_flight now 0 fair_inc 6288 prop_inc 0 fast_inc 0 eta_inc 4167744 multi_dec -4034230 quick_dec -124660 nack_dec -730400
Flow Uec_107_0 flowId 108 uecSrc 107 finished at 80391.9 total messages 1 total packets 3916 RTS 0 total bytes 16000776 in_flight now 0 fair_inc 13035 prop_inc 0 fast_inc 0 eta_inc 4210272 multi_dec -4106463 quick_dec -122788 nack_dec -680600
Flow Uec_29_0 flowId 82 uecSrc 81 finished at 80448 total messages 1 total packets 3916 RTS 0 total bytes 16000776 in_flight now 0 fair_inc 17055 prop_inc 0 fast_inc 0 eta_inc 4190337 multi_dec -4066169 quick_dec -186023 nack_dec -726250
Flow Uec_122_0 flowId 13 uecSrc 12 finished at 80450.7 total messages 1 total packets 3916 RTS 0 total bytes 16000776 in_flight now 0 fair_inc 25487 prop_inc 0 fast_inc 0 eta_inc 4196982 multi_dec -4108143 quick_dec -151885 nack_dec -722100
Flow Uec_51_0 flowId 5 uecSrc 4 finished at 80451.3 total messages 1 total packets 3916 RTS 0 total bytes 16000776 in_flight now 0 fair_inc 37884 prop_inc 0 fast_inc 0 eta_inc 4187679 multi_dec -4124310 quick_dec -177781 nack_dec -747000
Flow Uec_74_0 flowId 61 uecSrc 60 finished at 80521.7 total messages 1 total packets 3916 RTS 0 total bytes 16000776 in_flight now 0 fair_inc 25312 prop_inc 0 fast_inc 0 eta_inc 4200969 multi_dec -4102347 quick_dec -179361 nack_dec -672300
Flow Uec_79_0 flowId 62 uecSrc 61 finished at 80535.8 total messages 1 total packets 3916 RTS 0 total bytes 16000776 in_flight now 0 fair_inc 12325 prop_inc 0 fast_inc 0 eta_inc 4203627 multi_dec -4091373 quick_dec -120460 nack_dec -701350
Flow Uec_42_0 flowId 4 uecSrc 3 finished at 80538.5 total messages 1 total packets 3916 RTS 0 total bytes 16000776 in_flight now 0 fair_inc 0 prop_inc 0 fast_inc 0 eta_inc 4183692 multi_dec -4036851 quick_dec -121523 nack_dec -763600
Flow Uec_43_0 flowId 66 uecSrc 65 finished at 80864.8 total messages 1 total packets 3916 RTS 0 total bytes 16000776 in_flight now 0 fair_inc 19606 prop_inc 0 fast_inc 0 eta_inc 4223562 multi_dec -4132641 quick_dec -176402 nack_dec -697200
Flow Uec_102_0 flowId 30 uecSrc 29 finished at 81062.5 total messages 1 total packets 3916 RTS 0 total bytes 16000776 in_flight now 0 fair_inc 32047 prop_inc 510 fast_inc 0 eta_inc 4224891 multi_dec -4159827 quick_dec -187732 nack_dec -733774
Flow Uec_69_0 flowId 43 uecSrc 42 finished at 81181.7 total messages 1 total packets 3916 RTS 0 total bytes 16000776 in_flight now 0 fair_inc 13194 prop_inc 0 fast_inc 0 eta_inc 4247484 multi_dec -4159216 quick_dec -125371 nack_dec -664000
Flow Uec_20_0 flowId 58 uecSrc 57 finished at 81230.4 total messages 1 total packets 3916 RTS 0 total bytes 16000776 in_flight now 0 fair_inc 31867 prop_inc 728 fast_inc 0 eta_inc 4240839 multi_dec -4151881 quick_dec -170415 nack_dec -726250
Flow Uec_59_0 flowId 74 uecSrc 73 finished at 81337.5 total messages 1 total packets 3916 RTS 0 total bytes 16000776 in_flight now 0 fair_inc 44281 prop_inc 0 fast_inc 0 eta_inc 4244826 multi_dec -4151449 quick_dec -158700 nack_dec -738700
Flow Uec_49_0 flowId 114 uecSrc 113 finished at 81359.7 total messages 1 total packets 3916 RTS 0 total bytes 16000776 in_flight now 0 fair_inc 34600 prop_inc 0 fast_inc 0 eta_inc 4254129 multi_dec -4187896 quick_dec -183868 nack_dec -705500
Flow Uec_90_0 flowId 101 uecSrc 100 finished at 81371.5 total messages 1 total packets 3916 RTS 0 total bytes 16000776 in_flight now 0 fair_inc 68580 prop_inc 0 fast_inc 0 eta_inc 4228878 multi_dec -4121150 quick_dec -155059 nack_dec -767750
Flow Uec_66_0 flowId 60 uecSrc 59 finished at 81461.1 total messages 1 total packets 3916 RTS 0 total bytes 16000776 in_flight now 0 fair_inc 41582 prop_inc 0 fast_inc 0 eta_inc 4260774 multi_dec -4203494 quick_dec -122512 nack_dec -680600
Flow Uec_123_0 flowId 118 uecSrc 117 finished at 81505.2 total messages 1 total packets 3916 RTS 0 total bytes 16000776 in_flight now 0 fair_inc 19426 prop_inc 886 fast_inc 0 eta_inc 4252800 multi_dec -4133162 quick_dec -136968 nack_dec -717950
Flow Uec_103_0 flowId 124 uecSrc 123 finished at 81607.6 total messages 1 total packets 3916 RTS 0 total bytes 16000776 in_flight now 0 fair_inc 45798 prop_inc 868 fast_inc 0 eta_inc 4244826 multi_dec -4154354 quick_dec -130100 nack_dec -759450
Flow Uec_17_0 flowId 18 uecSrc 17 finished at 81678.7 total messages 1 total packets 3916 RTS 0 total bytes 16000776 in_flight now 0 fair_inc 43440 prop_inc 450 fast_inc 0 eta_inc 4270077 multi_dec -4210405 quick_dec -159379 nack_dec -709650
Flow Uec_113_0 flowId 14 uecSrc 13 finished at 81698 total messages 1 total packets 3916 RTS 0 total bytes 16000776 in_flight now 0 fair_inc 56327 prop_inc 218 fast_inc 0 eta_inc 4263432 multi_dec -4180201 quick_dec -197924 nack_dec -747000
Flow Uec_41_0 flowId 94 uecSrc 93 finished at 81708.9 total messages 1 total packets 3916 RTS 0 total bytes 16000776 in_flight now 0 fair_inc 24174 prop_inc 0 fast_inc 0 eta_inc 4286025 multi_dec -4186875 quick_dec -187415 nack_dec -668150
Flow Uec_60_0 flowId 45 uecSrc 44 finished at 81822.7 total messages 1 total packets 3916 RTS 0 total bytes 16000776 in_flight now 0 fair_inc 5935 prop_inc 0 fast_inc 0 eta_inc 4260774 multi_dec -4128103 quick_dec -137195 nack_dec -726250
Flow Uec_82_0 flowId 75 uecSrc 74 finished at 81878.4 total messages 1 total packets 3916 RTS 0 total bytes 16000776 in_flight now 0 fair_inc 19369 prop_inc 0 fast_inc 0 eta_inc 4264761 multi_dec -4145422 quick_dec -124268 nack_dec -755300
Flow Uec_57_0 flowId 81 uecSrc 80 finished at 81884.7 total messages 1 total packets 3916 RTS 0 total bytes 16000776 in_flight now 0 fair_inc 19239 prop_inc 0 fast_inc 0 eta_inc 4293999 multi_dec -4196163 quick_dec -175107 nack_dec -643250
Flow Uec_120_0 flowId 67 uecSrc 66 finished at 81998.7 total messages 1 total packets 3916 RTS 0 total bytes 16000776 in_flight now 0 fair_inc 57274 prop_inc 1028 fast_inc 0 eta_inc 4288683 multi_dec -4236531 quick_dec -154934 nack_dec -763600
Flow Uec_37_0 flowId 10 uecSrc 9 finished at 82084.1 total messages 1 total packets 3916 RTS 0 total bytes 16000776 in_flight now 0 fair_inc 47020 prop_inc 1062 fast_inc 0 eta_inc 4303302 multi_dec -4244103 quick_dec -155124 nack_dec -668150
Flow Uec_108_0 flowId 23 uecSrc 22 finished at 82103.9 total messages 1 total packets 3916 RTS 0 total bytes 16000776 in_flight now 0 fair_inc 96508 prop_inc 1667 fast_inc 0 eta_inc 4283367 multi_dec -4186725 quick_dec -132942 nack_dec -758674
Flow Uec_55_0 flowId 85 uecSrc 84 finished at 82131.5 total messages 1 total packets 3916 RTS 0 total bytes 16000776 in_flight now 0 fair_inc 13134 prop_inc 1071 fast_inc 0 eta_inc 4305960 multi_dec -4207701 quick_dec -133982 nack_dec -639100
Flow Uec_101_0 flowId 113 uecSrc 112 finished at 82155.5 total messages 1 total packets 3916 RTS 0 total bytes 16000776 in_flight now 0 fair_inc 13058 prop_inc 159 fast_inc 0 eta_inc 4278051 multi_dec -4139599 quick_dec -95133 nack_dec -738700
Flow Uec_110_0 flowId 54 uecSrc 53 finished at 82176.4 total messages 1 total packets 3916 RTS 0 total bytes 16000776 in_flight now 0 fair_inc 43316 prop_inc 100 fast_inc 0 eta_inc 4305960 multi_dec -4236672 quick_dec -144473 nack_dec -680600
Flow Uec_95_0 flowId 11 uecSrc 10 finished at 82247 total messages 1 total packets 3916 RTS 0 total bytes 16000776 in_flight now 0 fair_inc 62640 prop_inc 1637 fast_inc 0 eta_inc 4276722 multi_dec -4204040 quick_dec -186303 nack_dec -788500
Flow Uec_98_0 flowId 123 uecSrc 122 finished at 82254.4 total messages 1 total packets 3916 RTS 0 total bytes 16000776 in_flight now 0 fair_inc 67415 prop_inc 241 fast_inc 0 eta_inc 4290012 multi_dec -4195345 quick_dec -182732 nack_dec -755300
Flow Uec_116_0 flowId 22 uecSrc 21 finished at 82257.4 total messages 1 total packets 3916 RTS 0 total bytes 16000776 in_flight now 0 fair_inc 82923 prop_inc 447 fast_inc 0 eta_inc 4291341 multi_dec -4190171 quick_dec -281590 nack_dec -759450
Flow Uec_45_0 flowId 77 uecSrc 76 finished at 82268.3 total messages 1 total packets 3916 RTS 0 total bytes 16000776 in_flight now 0 fair_inc 36393 prop_inc 1212 fast_inc 0 eta_inc 4291341 multi_dec -4187157 quick_dec -151782 nack_dec -730400
Flow Uec_58_0 flowId 117 uecSrc 116 finished at 82271.9 total messages 1 total packets 3916 RTS 0 total bytes 16000776 in_flight now 0 fair_inc 57948 prop_inc 2387 fast_inc 0 eta_inc 4304631 multi_dec -4250272 quick_dec -139637 nack_dec -684750
Flow Uec_35_0 flowId 99 uecSrc 98 finished at 82309.2 total messages 1 total packets 3916 RTS 0 total bytes 16000776 in_flight now 0 fair_inc 49094 prop_inc 7722 fast_inc 0 eta_inc 4287354 multi_dec -4192385 quick_dec -182852 nack_dec -800950
Flow Uec_52_0 flowId 31 uecSrc 30 finished at 82319 total messages 1 total packets 3916 RTS 0 total bytes 16000776 in_flight now 0 fair_inc 64690 prop_inc 1727 fast_inc 0 eta_inc 4287354 multi_dec -4193051 quick_dec -147888 nack_dec -771900
Flow Uec_48_0 flowId 48 uecSrc 47 finished at 82319.3 total messages 1 total packets 3916 RTS 0 total bytes 16000776 in_flight now 0 fair_inc 50992 prop_inc 3812 fast_inc 0 eta_inc 4280709 multi_dec -4135775 quick_dec -205774 nack_dec -813400
Flow Uec_105_0 flowId 76 uecSrc 75 finished at 82322.3 total messages 1 total packets 3916 RTS 0 total bytes 16000776 in_flight now 0 fair_inc 46409 prop_inc 1766 fast_inc 0 eta_inc 4297986 multi_dec -4215563 quick_dec -126577 nack_dec -709650
Flow Uec_18_0 flowId 127 uecSrc 126 finished at 82334.7 total messages 1 total packets 3916 RTS 0 total bytes 16000776 in_flight now 0 fair_inc 45036 prop_inc 3360 fast_inc 0 eta_inc 4300644 multi_dec -4262224 quick_dec -113450 nack_dec -713800
Flow Uec_26_0 flowId 53 uecSrc 52 finished at 82358.7 total messages 1 total packets 3916 RTS 0 total bytes 16000776 in_flight now 0 fair_inc 61462 prop_inc 5279 fast_inc 0 eta_inc 4309947 multi_dec -4220535 quick_dec -192903 nack_dec -734550
Flow Uec_93_0 flowId 98 uecSrc 97 finished at 82378.1 total messages 1 total packets 3916 RTS 0 total bytes 16000776 in_flight now 0 fair_inc 42451 prop_inc 8104 fast_inc 0 eta_inc 4311276 multi_dec -4202690 quick_dec -215095 nack_dec -709650
Flow Uec_85_0 flowId 64 uecSrc 63 finished at 82381.1 total messages 1 total packets 3916 RTS 0 total bytes 16000776 in_flight now 0 fair_inc 59790 prop_inc 5791 fast_inc 0 eta_inc 4309947 multi_dec -4216738 quick_dec -164840 nack_dec -742850
Flow Uec_91_0 flowId 84 uecSrc 83 finished at 82419.9 total messages 1 total packets 3916 RTS 0 total bytes 16000776 in_flight now 0 fair_inc 47665 prop_inc 11922 fast_inc 0 eta_inc 4295328 multi_dec -4174382 quick_dec -204997 nack_dec -742850
Flow Uec_84_0 flowId 115 uecSrc 114 finished at 82423.7 total messages 1 total packets 3916 RTS 0 total bytes 16000776 in_flight now 0 fair_inc 64362 prop_inc 8107 fast_inc 0 eta_inc 4304631 multi_dec -4232615 quick_dec -138196 nack_dec -722100
Flow Uec_24_0 flowId 69 uecSrc 68 finished at 82453.5 total messages 1 total packets 3916 RTS 0 total bytes 16000776 in_flight now 0 fair_inc 72500 prop_inc 4732 fast_inc 0 eta_inc 4304631 multi_dec -4226837 quick_dec -167709 nack_dec -780200
Flow Uec_118_0 flowId 104 uecSrc 103 finished at 82456.8 total messages 1 total packets 3916 RTS 0 total bytes 16000776 in_flight now 0 fair_inc 53585 prop_inc 8677 fast_inc 0 eta_inc 4313934 multi_dec -4216658 quick_dec -171258 nack_dec -730400
Flow Uec_21_0 flowId 21 uecSrc 20 finished at 82462.4 total messages 1 total packets 3916 RTS 0 total bytes 16000776 in_flight now 0 fair_inc 52691 prop_inc 10014 fast_inc 0 eta_inc 4304631 multi_dec -4225243 quick_dec -135443 nack_dec -755300
Flow Uec_53_0 flowId 47 uecSrc 46 finished at 82462.7 total messages 1 total packets 3916 RTS 0 total bytes 16000776 in_flight now 0 fair_inc 66560 prop_inc 7084 fast_inc 0 eta_inc 4299315 multi_dec -4216836 quick_dec -152860 nack_dec -755300
Flow Uec_62_0 flowId 38 uecSrc 37 finished at 82484.6 total messages 1 total packets 3916 RTS 0 total bytes 16000776 in_flight now 0 fair_inc 73652 prop_inc 8929 fast_inc 0 eta_inc 4295328 multi_dec -4222015 quick_dec -172956 nack_dec -792650
Flow Uec_56_0 flowId 106 uecSrc 105 finished at 82492.7 total messages 1 total packets 3916 RTS 0 total bytes 16000776 in_flight now 0 fair_inc 74438 prop_inc 16815 fast_inc 0 eta_inc 4297986 multi_dec -4176235 quick_dec -212967 nack_dec -813400
Flow Uec_75_0 flowId 39 uecSrc 38 finished at 82495.2 total messages 1 total packets 3916 RTS 0 total bytes 16000776 in_flight now 0 fair_inc 61880 prop_inc 20624 fast_inc 0 eta_inc 4308618 multi_dec -4200976 quick_dec -158634 nack_dec -730400
Flow Uec_25_0 flowId 19 uecSrc 18 finished at 82539.5 total messages 1 total packets 3916 RTS 0 total bytes 16000776 in_flight now 0 fair_inc 36685 prop_inc 39905 fast_inc 0 eta_inc 4325895 multi_dec -4190621 quick_dec -225037 nack_dec -676450
Flow Uec_61_0 flowId 116 uecSrc 115 finished at 82560.3 total messages 1 total packets 3916 RTS 0 total bytes 16000776 in_flight now 0 fair_inc 36833 prop_inc 37832 fast_inc 0 eta_inc 4315263 multi_dec -4172535 quick_dec -191066 nack_dec -734550
Flow Uec_40_0 flowId 20 uecSrc 19 finished at 82589.7 total messages 1 total packets 3916 RTS 0 total bytes 16000776 in_flight now 0 fair_inc 83516 prop_inc 54943 fast_inc 0 eta_inc 4315263 multi_dec -4227689 quick_dec -153380 nack_dec -730400
Flow Uec_83_0 flowId 56 uecSrc 55 finished at 82592.6 total messages 1 total packets 3916 RTS 0 total bytes 16000776 in_flight now 0 fair_inc 54213 prop_inc 53950 fast_inc 0 eta_inc 4307289 multi_dec -4163538 quick_dec -227042 nack_dec -755300
Flow Uec_89_0 flowId 59 uecSrc 58 finished at 82603.7 total messages 1 total packets 3916 RTS 0 total bytes 16000776 in_flight now 0 fair_inc 29721 prop_inc 59989 fast_inc 0 eta_inc 4313934 multi_dec -4157296 quick_dec -160042 nack_dec -734550
Flow Uec_109_0 flowId 125 uecSrc 124 finished at 82624.3 total messages 1 total packets 3916 RTS 0 total bytes 16000776 in_flight now 0 fair_inc 25991 prop_inc 104139 fast_inc 0 eta_inc 4325895 multi_dec -4162946 quick_dec -206696 nack_dec -738700
Flow Uec_114_0 flowId 87 uecSrc 86 finished at 82627.8 total messages 1 total packets 3916 RTS 0 total bytes 16000776 in_flight now 0 fair_inc 60350 prop_inc 102808 fast_inc 0 eta_inc 4335198 multi_dec -4254932 quick_dec -200033 nack_dec -693050
.Received SIGTERM at 121000 us, shutting down cleanly.
New: 497332 Rtx: 22305 RTS: 0 Bounced: 0 ACKs: 496977 NACKs: 22305 Pulls: 0 sleek_pkts: 0
SPURIOUS_COUNT 0
