.....Flow Uec_3_0 flowId 92 uecSrc 91 finished at 255235 total messages 1 total packets 24474 RTS 0 total bytes 100000764 in_flight now 0 fair_inc 66796 prop_inc 705 fast_inc 0 eta_inc 19332963 multi_dec -17628582 quick_dec --1794830 nack_dec -6801850
Flow Uec_2_0 flowId 88 uecSrc 87 finished at 256441 total messages 1 total packets 24474 RTS 0 total bytes 100000764 in_flight now 0 fair_inc 28380 prop_inc 3212 fast_inc 0 eta_inc 19422006 multi_dec -17567559 quick_dec --1734026 nack_dec -6918050
Flow Uec_1_0 flowId 102 uecSrc 101 finished at 258462 total messages 1 total packets 24474 RTS 0 total bytes 100000764 in_flight now 0 fair_inc 32279 prop_inc 2991 fast_inc 0 eta_inc 19643949 multi_dec -17836633 quick_dec --1699963 nack_dec -6631700
..Flow Uec_82_0 flowId 75 uecSrc 74 finished at 352779 total messages 1 total packets 24474 RTS 0 total bytes 100000764 in_flight now 0 fair_inc 40838 prop_inc 0 fast_inc 0 eta_inc 18579420 multi_dec -18633532 quick_dec -164072 nack_dec -713800
Flow Uec_75_0 flowId 39 uecSrc 38 finished at 366623 total messages 1 total packets 24474 RTS 0 total bytes 100000764 in_flight now 0 fair_inc 96818 prop_inc 0 fast_inc 0 eta_inc 19213353 multi_dec -19584960 quick_dec -10812 nack_dec -717950
Flow Uec_104_0 flowId 91 uecSrc 90 finished at 372578 total messages 1 total packets 24474 RTS 0 total bytes 100000764 in_flight now 0 fair_inc 137421 prop_inc 536 fast_inc 0 eta_inc 19467192 multi_dec -19727149 quick_dec -25577 nack_dec -751150
Flow Uec_40_0 flowId 20 uecSrc 19 finished at 384667 total messages 1 total packets 24474 RTS 0 total bytes 100000764 in_flight now 0 fair_inc 184640 prop_inc 0 fast_inc 0 eta_inc 19988160 multi_dec -20807755 quick_dec -48874 nack_dec -726250
Flow Uec_126_0 flowId 68 uecSrc 67 finished at 385403 total messages 1 total packets 24474 RTS 0 total bytes 100000764 in_flight now 0 fair_inc 335111 prop_inc 0 fast_inc 0 eta_inc 20021385 multi_dec -21507766 quick_dec -27827 nack_dec -759450
.Flow Uec_84_0 flowId 115 uecSrc 114 finished at 404749 total messages 1 total packets 24474 RTS 0 total bytes 100000764 in_flight now 0 fair_inc 289140 prop_inc 0 fast_inc 0 eta_inc 20858655 multi_dec -22087591 quick_dec -290362 nack_dec -755300
Flow Uec_116_0 flowId 22 uecSrc 21 finished at 427615 total messages 1 total packets 24474 RTS 0 total bytes 100000764 in_flight now 0 fair_inc 477425 prop_inc 198 fast_inc 0 eta_inc 21854076 multi_dec -24097498 quick_dec -144863 nack_dec -759450
Flow Uec_65_0 flowId 65 uecSrc 64 finished at 429499 total messages 1 total packets 24474 RTS 0 total bytes 100000764 in_flight now 0 fair_inc 430242 prop_inc 0 fast_inc 0 eta_inc 21941790 multi_dec -24164280 quick_dec -184993 nack_dec -713800
Flow Uec_98_0 flowId 123 uecSrc 122 finished at 434481 total messages 1 total packets 24474 RTS 0 total bytes 100000764 in_flight now 0 fair_inc 511139 prop_inc 0 fast_inc 0 eta_inc 22158417 multi_dec -24775804 quick_dec -218802 nack_dec -742850
Flow Uec_109_0 flowId 125 uecSrc 124 finished at 435002 total messages 1 total packets 24474 RTS 0 total bytes 100000764 in_flight now 0 fair_inc 469096 prop_inc 0 fast_inc 0 eta_inc 22177023 multi_dec -24315555 quick_dec -275278 nack_dec -792650
Flow Uec_78_0 flowId 105 uecSrc 104 finished at 437599 total messages 1 total packets 24474 RTS 0 total bytes 100000764 in_flight now 0 fair_inc 542616 prop_inc 0 fast_inc 0 eta_inc 22295304 multi_dec -25016441 quick_dec -253989 nack_dec -722100
Flow Uec_101_0 flowId 113 uecSrc 112 finished at 444817 total messages 1 total packets 24474 RTS 0 total bytes 100000764 in_flight now 0 fair_inc 574392 prop_inc 0 fast_inc 0 eta_inc 22620909 multi_dec -25448575 quick_dec -61524 nack_dec -676450
Flow Uec_96_0 flowId 16 uecSrc 15 finished at 446087 total messages 1 total packets 24474 RTS 0 total bytes 100000764 in_flight now 0 fair_inc 645428 prop_inc 0 fast_inc 0 eta_inc 22660779 multi_dec -25789683 quick_dec -254756 nack_dec -759450
Flow Uec_105_0 flowId 76 uecSrc 75 finished at 447900 total messages 1 total packets 24474 RTS 0 total bytes 100000764 in_flight now 0 fair_inc 633682 prop_inc 0 fast_inc 0 eta_inc 22756467 multi_dec -25630030 quick_dec -179885 nack_dec -730400
.Flow Uec_89_0 flowId 59 uecSrc 58 finished at 450946 total messages 1 total packets 24474 RTS 0 total bytes 100000764 in_flight now 0 fair_inc 563224 prop_inc 0 fast_inc 0 eta_inc 22870761 multi_dec -25559149 quick_dec -119705 nack_dec -763600
Flow Uec_99_0 flowId 103 uecSrc 102 finished at 451597 total messages 1 total packets 24474 RTS 0 total bytes 100000764 in_flight now 0 fair_inc 677839 prop_inc 0 fast_inc 0 eta_inc 22911960 multi_dec -26297221 quick_dec -245304 nack_dec -751150
Flow Uec_32_0 flowId 55 uecSrc 54 finished at 453547 total messages 1 total packets 24474 RTS 0 total bytes 100000764 in_flight now 0 fair_inc 497596 prop_inc 0 fast_inc 0 eta_inc 22990371 multi_dec -25610909 quick_dec -163579 nack_dec -792650
Flow Uec_46_0 flowId 7 uecSrc 6 finished at 457759 total messages 1 total packets 24474 RTS 0 total bytes 100000764 in_flight now 0 fair_inc 581479 prop_inc 0 fast_inc 0 eta_inc 23165799 multi_dec -26053705 quick_dec -202206 nack_dec -809250
Flow Uec_87_0 flowId 29 uecSrc 28 finished at 458105 total messages 1 total packets 24474 RTS 0 total bytes 100000764 in_flight now 0 fair_inc 589511 prop_inc 0 fast_inc 0 eta_inc 23183076 multi_dec -26104860 quick_dec -126817 nack_dec -747000
Flow Uec_103_0 flowId 124 uecSrc 123 finished at 458334 total messages 1 total packets 24474 RTS 0 total bytes 100000764 in_flight now 0 fair_inc 695719 prop_inc 0 fast_inc 0 eta_inc 23193708 multi_dec -26467091 quick_dec -259565 nack_dec -759450
Flow Uec_53_0 flowId 47 uecSrc 46 finished at 459248 total messages 1 total packets 24474 RTS 0 total bytes 100000764 in_flight now 0 fair_inc 580340 prop_inc 0 fast_inc 0 eta_inc 23242881 multi_dec -26192563 quick_dec -182136 nack_dec -759450
Flow Uec_47_0 flowId 34 uecSrc 33 finished at 461927 total messages 1 total packets 24474 RTS 0 total bytes 100000764 in_flight now 0 fair_inc 719757 prop_inc 0 fast_inc 0 eta_inc 23367807 multi_dec -27002511 quick_dec -141280 nack_dec -759450
Flow Uec_10_0 flowId 27 uecSrc 26 finished at 464306 total messages 1 total packets 24474 RTS 0 total bytes 100000764 in_flight now 0 fair_inc 997372 prop_inc 0 fast_inc 0 eta_inc 28253211 multi_dec -33117495 quick_dec --41035 nack_dec -726250
Flow Uec_29_0 flowId 82 uecSrc 81 finished at 466610 total messages 1 total packets 24474 RTS 0 total bytes 100000764 in_flight now 0 fair_inc 702136 prop_inc 0 fast_inc 0 eta_inc 23559183 multi_dec -26788014 quick_dec -282267 nack_dec -834150
Flow Uec_6_0 flowId 40 uecSrc 39 finished at 468731 total messages 1 total packets 24474 RTS 0 total bytes 100000764 in_flight now 0 fair_inc 987274 prop_inc 0 fast_inc 0 eta_inc 28437942 multi_dec -32915085 quick_dec -50472 nack_dec -896400
Flow Uec_4_0 flowId 109 uecSrc 108 finished at 470090 total messages 1 total packets 24474 RTS 0 total bytes 100000764 in_flight now 0 fair_inc 876008 prop_inc 0 fast_inc 0 eta_inc 28540275 multi_dec -33017460 quick_dec --103378 nack_dec -738700
Flow Uec_7_0 flowId 37 uecSrc 36 finished at 471388 total messages 1 total packets 24474 RTS 0 total bytes 100000764 in_flight now 0 fair_inc 903213 prop_inc 0 fast_inc 0 eta_inc 28617357 multi_dec -33040782 quick_dec --116816 nack_dec -863200
Flow Uec_14_0 flowId 95 uecSrc 94 finished at 472044 total messages 1 total packets 24474 RTS 0 total bytes 100000764 in_flight now 0 fair_inc 911313 prop_inc 0 fast_inc 0 eta_inc 28663872 multi_dec -33135600 quick_dec --67659 nack_dec -834150
Flow Uec_5_0 flowId 6 uecSrc 5 finished at 473797 total messages 1 total packets 24474 RTS 0 total bytes 100000764 in_flight now 0 fair_inc 954585 prop_inc 0 fast_inc 0 eta_inc 28747599 multi_dec -33142207 quick_dec -90322 nack_dec -780200
Flow Uec_11_0 flowId 36 uecSrc 35 finished at 474315 total messages 1 total packets 24474 RTS 0 total bytes 100000764 in_flight now 0 fair_inc 927552 prop_inc 0 fast_inc 0 eta_inc 28747599 multi_dec -33271693 quick_dec --29700 nack_dec -892250
Flow Uec_13_0 flowId 111 uecSrc 110 finished at 474384 total messages 1 total packets 24474 RTS 0 total bytes 100000764 in_flight now 0 fair_inc 861829 prop_inc 0 fast_inc 0 eta_inc 28775508 multi_dec -32740842 quick_dec -95663 nack_dec -730400
Flow Uec_15_0 flowId 12 uecSrc 11 finished at 474691 total messages 1 total packets 24474 RTS 0 total bytes 100000764 in_flight now 0 fair_inc 979265 prop_inc 0 fast_inc 0 eta_inc 28768863 multi_dec -33151566 quick_dec --37260 nack_dec -834150
Flow Uec_8_0 flowId 17 uecSrc 16 finished at 475148 total messages 1 total packets 24474 RTS 0 total bytes 100000764 in_flight now 0 fair_inc 894020 prop_inc 0 fast_inc 0 eta_inc 28818036 multi_dec -33100462 quick_dec -39226 nack_dec -800950
Flow Uec_9_0 flowId 122 uecSrc 121 finished at 475688 total messages 1 total packets 24474 RTS 0 total bytes 100000764 in_flight now 0 fair_inc 893515 prop_inc 297 fast_inc 0 eta_inc 28820694 multi_dec -33241596 quick_dec -2875 nack_dec -838300
Flow Uec_125_0 flowId 93 uecSrc 92 finished at 476970 total messages 1 total packets 24474 RTS 0 total bytes 100000764 in_flight now 0 fair_inc 800443 prop_inc 0 fast_inc 0 eta_inc 23996424 multi_dec -27723315 quick_dec -377458 nack_dec -863200
Flow Uec_12_0 flowId 44 uecSrc 43 finished at 477362 total messages 1 total packets 24474 RTS 0 total bytes 100000764 in_flight now 0 fair_inc 805497 prop_inc 16 fast_inc 0 eta_inc 28925685 multi_dec -33013025 quick_dec --46966 nack_dec -863200
Flow Uec_94_0 flowId 33 uecSrc 32 finished at 477645 total messages 1 total packets 24474 RTS 0 total bytes 100000764 in_flight now 0 fair_inc 806955 prop_inc 0 fast_inc 0 eta_inc 24038952 multi_dec -28174404 quick_dec -191880 nack_dec -842450
Flow Uec_18_0 flowId 127 uecSrc 126 finished at 479508 total messages 1 total packets 24474 RTS 0 total bytes 100000764 in_flight now 0 fair_inc 804494 prop_inc 0 fast_inc 0 eta_inc 24102744 multi_dec -28034664 quick_dec -201804 nack_dec -892250
Flow Uec_67_0 flowId 49 uecSrc 48 finished at 480804 total messages 1 total packets 24474 RTS 0 total bytes 100000764 in_flight now 0 fair_inc 991869 prop_inc 0 fast_inc 0 eta_inc 24153246 multi_dec -28643804 quick_dec -119439 nack_dec -975250
Flow Uec_117_0 flowId 100 uecSrc 99 finished at 481131 total messages 1 total packets 24474 RTS 0 total bytes 100000764 in_flight now 0 fair_inc 865255 prop_inc 0 fast_inc 0 eta_inc 24167865 multi_dec -28182384 quick_dec -369525 nack_dec -942050
Flow Uec_63_0 flowId 110 uecSrc 109 finished at 487310 total messages 1 total packets 24474 RTS 0 total bytes 100000764 in_flight now 0 fair_inc 1108066 prop_inc 0 fast_inc 0 eta_inc 24441639 multi_dec -28949394 quick_dec -301959 nack_dec -1037500
Flow Uec_80_0 flowId 32 uecSrc 31 finished at 490373 total messages 1 total packets 24474 RTS 0 total bytes 100000764 in_flight now 0 fair_inc 1245057 prop_inc 0 fast_inc 0 eta_inc 24594474 multi_dec -29537043 quick_dec -279885 nack_dec -1116350
Flow Uec_74_0 flowId 61 uecSrc 60 finished at 490504 total messages 1 total packets 24474 RTS 0 total bytes 100000764 in_flight now 0 fair_inc 899502 prop_inc 597 fast_inc 0 eta_inc 24558591 multi_dec -28449673 quick_dec -205739 nack_dec -1141250
Flow Uec_70_0 flowId 89 uecSrc 88 finished at 493808 total messages 1 total packets 24474 RTS 0 total bytes 100000764 in_flight now 0 fair_inc 1280772 prop_inc 1379 fast_inc 0 eta_inc 24699465 multi_dec -29833077 quick_dec -602493 nack_dec -1269900
Flow Uec_24_0 flowId 69 uecSrc 68 finished at 494058 total messages 1 total packets 24474 RTS 0 total bytes 100000764 in_flight now 0 fair_inc 1294181 prop_inc 0 fast_inc 0 eta_inc 24682188 multi_dec -30194277 quick_dec -480239 nack_dec -1343836
Flow Uec_28_0 flowId 86 uecSrc 85 finished at 495150 total messages 1 total packets 24474 RTS 0 total bytes 100000764 in_flight now 0 fair_inc 1422696 prop_inc 981 fast_inc 0 eta_inc 24745980 multi_dec -30048670 quick_dec -419030 nack_dec -1274050
Flow Uec_93_0 flowId 98 uecSrc 97 finished at 495967 total messages 1 total packets 24474 RTS 0 total bytes 100000764 in_flight now 0 fair_inc 1464428 prop_inc 199 fast_inc 0 eta_inc 24784521 multi_dec -30320507 quick_dec -558804 nack_dec -1319700
Flow Uec_64_0 flowId 119 uecSrc 118 finished at 497167 total messages 1 total packets 24474 RTS 0 total bytes 100000764 in_flight now 0 fair_inc 1450902 prop_inc 0 fast_inc 0 eta_inc 24816417 multi_dec -30776744 quick_dec -298442 nack_dec -1357050
Flow Uec_68_0 flowId 83 uecSrc 82 finished at 498024 total messages 1 total packets 24474 RTS 0 total bytes 100000764 in_flight now 0 fair_inc 1252981 prop_inc 287 fast_inc 0 eta_inc 24854958 multi_dec -29779621 quick_dec -124120 nack_dec -1315550
Flow Uec_27_0 flowId 112 uecSrc 111 finished at 499587 total messages 1 total packets 24474 RTS 0 total bytes 100000764 in_flight now 0 fair_inc 1634343 prop_inc 0 fast_inc 0 eta_inc 24966594 multi_dec -30937423 quick_dec -661651 nack_dec -1332150
Flow Uec_43_0 flowId 66 uecSrc 65 finished at 499981 total messages 1 total packets 24474 RTS 0 total bytes 100000764 in_flight now 0 fair_inc 1709192 prop_inc 204 fast_inc 0 eta_inc 24986529 multi_dec -31065680 quick_dec -453209 nack_dec -1444200
.Flow Uec_17_0 flowId 18 uecSrc 17 finished at 501214 total messages 1 total packets 24474 RTS 0 total bytes 100000764 in_flight now 0 fair_inc 1849277 prop_inc 0 fast_inc 0 eta_inc 24999819 multi_dec -31154435 quick_dec -637074 nack_dec -1547950
Flow Uec_41_0 flowId 94 uecSrc 93 finished at 502172 total messages 1 total packets 24474 RTS 0 total bytes 100000764 in_flight now 0 fair_inc 1604032 prop_inc 0 fast_inc 0 eta_inc 25031715 multi_dec -31309217 quick_dec -263474 nack_dec -1523050
Flow Uec_38_0 flowId 73 uecSrc 72 finished at 502759 total messages 1 total packets 24474 RTS 0 total bytes 100000764 in_flight now 0 fair_inc 1505101 prop_inc 3655 fast_inc 0 eta_inc 25080888 multi_dec -30646074 quick_dec -385836 nack_dec -1415150
Flow Uec_66_0 flowId 60 uecSrc 59 finished at 503310 total messages 1 total packets 24474 RTS 0 total bytes 100000764 in_flight now 0 fair_inc 1573292 prop_inc 287 fast_inc 0 eta_inc 25104810 multi_dec -31331623 quick_dec -358181 nack_dec -1418536
Flow Uec_119_0 flowId 80 uecSrc 79 finished at 504652 total messages 1 total packets 24474 RTS 0 total bytes 100000764 in_flight now 0 fair_inc 1846933 prop_inc 201 fast_inc 0 eta_inc 25151325 multi_dec -31104626 quick_dec -584444 nack_dec -1738850
Flow Uec_118_0 flowId 104 uecSrc 103 finished at 505544 total messages 1 total packets 24474 RTS 0 total bytes 100000764 in_flight now 0 fair_inc 1565699 prop_inc 1757 fast_inc 0 eta_inc 25175247 multi_dec -30340143 quick_dec -508048 nack_dec -1630950
Flow Uec_26_0 flowId 53 uecSrc 52 finished at 506278 total messages 1 total packets 24474 RTS 0 total bytes 100000764 in_flight now 0 fair_inc 1830192 prop_inc 0 fast_inc 0 eta_inc 25220433 multi_dec -30775494 quick_dec -518555 nack_dec -1709800
Flow Uec_100_0 flowId 25 uecSrc 24 finished at 506453 total messages 1 total packets 24474 RTS 0 total bytes 100000764 in_flight now 0 fair_inc 1681255 prop_inc 752 fast_inc 0 eta_inc 25212459 multi_dec -31411763 quick_dec -490256 nack_dec -1696586
Flow Uec_50_0 flowId 107 uecSrc 106 finished at 507494 total messages 1 total packets 24474 RTS 0 total bytes 100000764 in_flight now 0 fair_inc 1754203 prop_inc 2012 fast_inc 0 eta_inc 25264290 multi_dec -31451675 quick_dec -555670 nack_dec -1776200
Flow Uec_55_0 flowId 85 uecSrc 84 finished at 507872 total messages 1 total packets 24474 RTS 0 total bytes 100000764 in_flight now 0 fair_inc 1812118 prop_inc 0 fast_inc 0 eta_inc 25274922 multi_dec -30917414 quick_dec -698353 nack_dec -1859200
Flow Uec_39_0 flowId 2 uecSrc 1 finished at 508694 total messages 1 total packets 24474 RTS 0 total bytes 100000764 in_flight now 0 fair_inc 1945477 prop_inc 0 fast_inc 0 eta_inc 25324095 multi_dec -31901503 quick_dec -875223 nack_dec -1701500
Flow Uec_20_0 flowId 58 uecSrc 57 finished at 508818 total messages 1 total packets 24474 RTS 0 total bytes 100000764 in_flight now 0 fair_inc 2003386 prop_inc 1949 fast_inc 0 eta_inc 25346688 multi_dec -31210341 quick_dec -759061 nack_dec -1651700
Flow Uec_77_0 flowId 41 uecSrc 40 finished at 509325 total messages 1 total packets 24474 RTS 0 total bytes 100000764 in_flight now 0 fair_inc 1431525 prop_inc 287 fast_inc 0 eta_inc 25341372 multi_dec -30637877 quick_dec -464444 nack_dec -1539650
Flow Uec_21_0 flowId 21 uecSrc 20 finished at 509538 total messages 1 total packets 24474 RTS 0 total bytes 100000764 in_flight now 0 fair_inc 1665973 prop_inc 600 fast_inc 0 eta_inc 25341372 multi_dec -30795206 quick_dec -404250 nack_dec -1676600
Flow Uec_111_0 flowId 70 uecSrc 69 finished at 509921 total messages 1 total packets 24474 RTS 0 total bytes 100000764 in_flight now 0 fair_inc 2130571 prop_inc 283 fast_inc 0 eta_inc 25381242 multi_dec -32038739 quick_dec -609982 nack_dec -1738850
Flow Uec_35_0 flowId 99 uecSrc 98 finished at 509937 total messages 1 total packets 24474 RTS 0 total bytes 100000764 in_flight now 0 fair_inc 1802244 prop_inc 2707 fast_inc 0 eta_inc 25382571 multi_dec -31436176 quick_dec -367255 nack_dec -1759600
Flow Uec_42_0 flowId 4 uecSrc 3 finished at 510199 total messages 1 total packets 24474 RTS 0 total bytes 100000764 in_flight now 0 fair_inc 1986892 prop_inc 331 fast_inc 0 eta_inc 25399848 multi_dec -32023412 quick_dec -531806 nack_dec -1842600
Flow Uec_112_0 flowId 46 uecSrc 45 finished at 510221 total messages 1 total packets 24474 RTS 0 total bytes 100000764 in_flight now 0 fair_inc 1863900 prop_inc 1241 fast_inc 0 eta_inc 25397190 multi_dec -31607301 quick_dec -754372 nack_dec -1759600
Flow Uec_88_0 flowId 28 uecSrc 27 finished at 510648 total messages 1 total packets 24474 RTS 0 total bytes 100000764 in_flight now 0 fair_inc 2048948 prop_inc 0 fast_inc 0 eta_inc 25435731 multi_dec -31621288 quick_dec -542582 nack_dec -1945586
Flow Uec_61_0 flowId 116 uecSrc 115 finished at 510746 total messages 1 total packets 24474 RTS 0 total bytes 100000764 in_flight now 0 fair_inc 1867626 prop_inc 3631 fast_inc 0 eta_inc 25403835 multi_dec -31448370 quick_dec -858568 nack_dec -1838450
Flow Uec_124_0 flowId 8 uecSrc 7 finished at 510818 total messages 1 total packets 24474 RTS 0 total bytes 100000764 in_flight now 0 fair_inc 1805071 prop_inc 1767 fast_inc 0 eta_inc 25389216 multi_dec -31274452 quick_dec -768428 nack_dec -1921450
Flow Uec_121_0 flowId 63 uecSrc 62 finished at 511029 total messages 1 total packets 24474 RTS 0 total bytes 100000764 in_flight now 0 fair_inc 2290226 prop_inc 8353 fast_inc 0 eta_inc 25423770 multi_dec -32011008 quick_dec -574451 nack_dec -1747150
Flow Uec_60_0 flowId 45 uecSrc 44 finished at 511139 total messages 1 total packets 24474 RTS 0 total bytes 100000764 in_flight now 0 fair_inc 2057800 prop_inc 1945 fast_inc 0 eta_inc 25410480 multi_dec -32031204 quick_dec -648357 nack_dec -1896550
Flow Uec_56_0 flowId 106 uecSrc 105 finished at 511236 total messages 1 total packets 24474 RTS 0 total bytes 100000764 in_flight now 0 fair_inc 1790154 prop_inc 1897 fast_inc 0 eta_inc 25438389 multi_dec -31340473 quick_dec -702640 nack_dec -1730550
Flow Uec_33_0 flowId 121 uecSrc 120 finished at 511305 total messages 1 total packets 24474 RTS 0 total bytes 100000764 in_flight now 0 fair_inc 1868665 prop_inc 571 fast_inc 0 eta_inc 25402506 multi_dec -31163320 quick_dec -595377 nack_dec -1962950
Flow Uec_81_0 flowId 24 uecSrc 23 finished at 511569 total messages 1 total packets 24474 RTS 0 total bytes 100000764 in_flight now 0 fair_inc 2099507 prop_inc 0 fast_inc 0 eta_inc 25467627 multi_dec -32262589 quick_dec -586229 nack_dec -1904850
Flow Uec_91_0 flowId 84 uecSrc 83 finished at 511945 total messages 1 total packets 24474 RTS 0 total bytes 100000764 in_flight now 0 fair_inc 2002532 prop_inc 9638 fast_inc 0 eta_inc 25453008 multi_dec -31870460 quick_dec -560480 nack_dec -1946350
Flow Uec_122_0 flowId 13 uecSrc 12 finished at 511984 total messages 1 total packets 24474 RTS 0 total bytes 100000764 in_flight now 0 fair_inc 2157058 prop_inc 4821 fast_inc 0 eta_inc 25449021 multi_dec -32267102 quick_dec -541101 nack_dec -2078386
Flow Uec_90_0 flowId 101 uecSrc 100 finished at 512199 total messages 1 total packets 24474 RTS 0 total bytes 100000764 in_flight now 0 fair_inc 1953847 prop_inc 4582 fast_inc 0 eta_inc 25472943 multi_dec -31159357 quick_dec -709532 nack_dec -2029350
Flow Uec_95_0 flowId 11 uecSrc 10 finished at 512477 total messages 1 total packets 24474 RTS 0 total bytes 100000764 in_flight now 0 fair_inc 2497538 prop_inc 1622 fast_inc 0 eta_inc 25483575 multi_dec -32328631 quick_dec -507696 nack_dec -2000300
Flow Uec_79_0 flowId 62 uecSrc 61 finished at 512582 total messages 1 total packets 24474 RTS 0 total bytes 100000764 in_flight now 0 fair_inc 2317834 prop_inc 1147 fast_inc 0 eta_inc 25483575 multi_dec -31914373 quick_dec -376362 nack_dec -1983700
Flow Uec_92_0 flowId 72 uecSrc 71 finished at 512645 total messages 1 total packets 24474 RTS 0 total bytes 100000764 in_flight now 0 fair_inc 2104337 prop_inc 4020 fast_inc 0 eta_inc 25467627 multi_dec -32026379 quick_dec -591075 nack_dec -1813550
Flow Uec_62_0 flowId 38 uecSrc 37 finished at 512800 total messages 1 total packets 24474 RTS 0 total bytes 100000764 in_flight now 0 fair_inc 2289101 prop_inc 2981 fast_inc 0 eta_inc 25486233 multi_dec -32642585 quick_dec -633335 nack_dec -1913150
Flow Uec_114_0 flowId 87 uecSrc 86 finished at 512833 total messages 1 total packets 24474 RTS 0 total bytes 100000764 in_flight now 0 fair_inc 2176117 prop_inc 3715 fast_inc 0 eta_inc 25507497 multi_dec -32084195 quick_dec -776238 nack_dec -1909000
Flow Uec_25_0 flowId 19 uecSrc 18 finished at 513830 total messages 1 total packets 24474 RTS 0 total bytes 100000764 in_flight now 0 fair_inc 2120540 prop_inc 3389 fast_inc 0 eta_inc 25559328 multi_dec -31789365 quick_dec -866381 nack_dec -2000300
Flow Uec_71_0 flowId 79 uecSrc 78 finished at 513833 total messages 1 total packets 24474 RTS 0 total bytes 100000764 in_flight now 0 fair_inc 2172434 prop_inc 5496 fast_inc 0 eta_inc 25573947 multi_dec -32674604 quick_dec -678414 nack_dec -1834300
Flow Uec_83_0 flowId 56 uecSrc 55 finished at 513958 total messages 1 total packets 24474 RTS 0 total bytes 100000764 in_flight now 0 fair_inc 2403998 prop_inc 2383 fast_inc 0 eta_inc 25548696 multi_dec -32269826 quick_dec -794274 nack_dec -1946350
Flow Uec_49_0 flowId 114 uecSrc 113 finished at 513988 total messages 1 total packets 24474 RTS 0 total bytes 100000764 in_flight now 0 fair_inc 2125162 prop_inc 3293 fast_inc 0 eta_inc 25559328 multi_dec -32171041 quick_dec -518959 nack_dec -1751300
Flow Uec_110_0 flowId 54 uecSrc 53 finished at 514035 total messages 1 total packets 24474 RTS 0 total bytes 100000764 in_flight now 0 fair_inc 2186562 prop_inc 1911 fast_inc 0 eta_inc 25571289 multi_dec -32025144 quick_dec -886559 nack_dec -1979550
Flow Uec_51_0 flowId 5 uecSrc 4 finished at 514156 total messages 1 total packets 24474 RTS 0 total bytes 100000764 in_flight now 0 fair_inc 2354593 prop_inc 10237 fast_inc 0 eta_inc 25552683 multi_dec -31985750 quick_dec -774755 nack_dec -2075000
Flow Uec_57_0 flowId 81 uecSrc 80 finished at 514366 total messages 1 total packets 24474 RTS 0 total bytes 100000764 in_flight now 0 fair_inc 2229623 prop_inc 4483 fast_inc 0 eta_inc 25596540 multi_dec -32250804 quick_dec -382916 nack_dec -2037650
Flow Uec_127_0 flowId 1 uecSrc 0 finished at 514368 total messages 1 total packets 24474 RTS 0 total bytes 100000764 in_flight now 0 fair_inc 2205479 prop_inc 7250 fast_inc 0 eta_inc 25568631 multi_dec -32753705 quick_dec -923978 nack_dec -2033500
Flow Uec_44_0 flowId 9 uecSrc 8 finished at 514436 total messages 1 total packets 24474 RTS 0 total bytes 100000764 in_flight now 0 fair_inc 2382275 prop_inc 3425 fast_inc 0 eta_inc 25573947 multi_dec -32923940 quick_dec -646382 nack_dec -1979550
Flow Uec_30_0 flowId 97 uecSrc 96 finished at 514633 total messages 1 total packets 24474 RTS 0 total bytes 100000764 in_flight now 0 fair_inc 2097061 prop_inc 3163 fast_inc 0 eta_inc 25597869 multi_dec -31986605 quick_dec -876567 nack_dec -1900700
Flow Uec_45_0 flowId 77 uecSrc 76 finished at 514696 total messages 1 total packets 24474 RTS 0 total bytes 100000764 in_flight now 0 fair_inc 2089384 prop_inc 7646 fast_inc 0 eta_inc 25576605 multi_dec -31315631 quick_dec -689206 nack_dec -1962950
Flow Uec_34_0 flowId 35 uecSrc 34 finished at 514721 total messages 1 total packets 24474 RTS 0 total bytes 100000764 in_flight now 0 fair_inc 2292244 prop_inc 5846 fast_inc 0 eta_inc 25592553 multi_dec -32083614 quick_dec -799119 nack_dec -2058400
Flow Uec_22_0 flowId 15 uecSrc 14 finished at 514766 total messages 1 total packets 24474 RTS 0 total bytes 100000764 in_flight now 0 fair_inc 2272743 prop_inc 7037 fast_inc 0 eta_inc 25577934 multi_dec -32329545 quick_dec -727581 nack_dec -2054250
Flow Uec_97_0 flowId 78 uecSrc 77 finished at 514841 total messages 1 total packets 24474 RTS 0 total bytes 100000764 in_flight now 0 fair_inc 2144145 prop_inc 13139 fast_inc 0 eta_inc 25588566 multi_dec -32307510 quick_dec -772550 nack_dec -2070850
Flow Uec_69_0 flowId 43 uecSrc 42 finished at 514905 total messages 1 total packets 24474 RTS 0 total bytes 100000764 in_flight now 0 fair_inc 2371636 prop_inc 16503 fast_inc 0 eta_inc 25608501 multi_dec -32586291 quick_dec -731166 nack_dec -1900700
Flow Uec_72_0 flowId 51 uecSrc 50 finished at 514941 total messages 1 total packets 24474 RTS 0 total bytes 100000764 in_flight now 0 fair_inc 2415991 prop_inc 8379 fast_inc 0 eta_inc 25635081 multi_dec -33016430 quick_dec -582844 nack_dec -1805250
Flow Uec_76_0 flowId 96 uecSrc 95 finished at 514974 total messages 1 total packets 24474 RTS 0 total bytes 100000764 in_flight now 0 fair_inc 2354429 prop_inc 7701 fast_inc 0 eta_inc 25597869 multi_dec -32175797 quick_dec -650924 nack_dec -2016900
Flow Uec_23_0 flowId 26 uecSrc 25 finished at 515056 total messages 1 total packets 24474 RTS 0 total bytes 100000764 in_flight now 0 fair_inc 2648876 prop_inc 7859 fast_inc 0 eta_inc 25603185 multi_dec -32824997 quick_dec -708548 nack_dec -2045950
Flow Uec_16_0 flowId 120 uecSrc 119 finished at 515102 total messages 1 total packets 24474 RTS 0 total bytes 100000764 in_flight now 0 fair_inc 2500432 prop_inc 6496 fast_inc 0 eta_inc 25628436 multi_dec -32775911 quick_dec -595540 nack_dec -2016900
Flow Uec_59_0 flowId 74 uecSrc 73 finished at 515176 total messages 1 total packets 24474 RTS 0 total bytes 100000764 in_flight now 0 fair_inc 2523470 prop_inc 9406 fast_inc 0 eta_inc 25616475 multi_dec -32879376 quick_dec -757147 nack_dec -2050100
Flow Uec_113_0 flowId 14 uecSrc 13 finished at 515198 total messages 1 total packets 24474 RTS 0 total bytes 100000764 in_flight now 0 fair_inc 2341287 prop_inc 3286 fast_inc 0 eta_inc 25592553 multi_dec -32350458 quick_dec -618372 nack_dec -1938050
Flow Uec_106_0 flowId 52 uecSrc 51 finished at 515213 total messages 1 total packets 24474 RTS 0 total bytes 100000764 in_flight now 0 fair_inc 2629897 prop_inc 10355 fast_inc 0 eta_inc 25605843 multi_dec -32717441 quick_dec -564785 nack_dec -2232700
Flow Uec_85_0 flowId 64 uecSrc 63 finished at 515356 total messages 1 total packets 24474 RTS 0 total bytes 100000764 in_flight now 0 fair_inc 2741859 prop_inc 9709 fast_inc 0 eta_inc 25641726 multi_dec -33007374 quick_dec -570770 nack_dec -2095750
Flow Uec_48_0 flowId 48 uecSrc 47 finished at 515400 total messages 1 total packets 24474 RTS 0 total bytes 100000764 in_flight now 0 fair_inc 2294750 prop_inc 6430 fast_inc 0 eta_inc 25653687 multi_dec -32753646 quick_dec -635433 nack_dec -1867500
Flow Uec_107_0 flowId 108 uecSrc 107 finished at 515445 total messages 1 total packets 24474 RTS 0 total bytes 100000764 in_flight now 0 fair_inc 2380280 prop_inc 15640 fast_inc 0 eta_inc 25620462 multi_dec -32516914 quick_dec -796901 nack_dec -1909000
Flow Uec_52_0 flowId 31 uecSrc 30 finished at 515472 total messages 1 total packets 24474 RTS 0 total bytes 100000764 in_flight now 0 fair_inc 2356496 prop_inc 9577 fast_inc 0 eta_inc 25607172 multi_dec -32911175 quick_dec -393657 nack_dec -1805250
Flow Uec_36_0 flowId 42 uecSrc 41 finished at 515494 total messages 1 total packets 24474 RTS 0 total bytes 100000764 in_flight now 0 fair_inc 2393473 prop_inc 16292 fast_inc 0 eta_inc 25639068 multi_dec -32403446 quick_dec -647763 nack_dec -1929750
Flow Uec_73_0 flowId 126 uecSrc 125 finished at 515596 total messages 1 total packets 24474 RTS 0 total bytes 100000764 in_flight now 0 fair_inc 2543094 prop_inc 12935 fast_inc 0 eta_inc 25647042 multi_dec -32727443 quick_dec -665169 nack_dec -1962950
Flow Uec_102_0 flowId 30 uecSrc 29 finished at 515598 total messages 1 total packets 24474 RTS 0 total bytes 100000764 in_flight now 0 fair_inc 2416693 prop_inc 8281 fast_inc 0 eta_inc 25673622 multi_dec -32978129 quick_dec -632326 nack_dec -1909000
Flow Uec_120_0 flowId 67 uecSrc 66 finished at 515623 total messages 1 total packets 24474 RTS 0 total bytes 100000764 in_flight now 0 fair_inc 2402472 prop_inc 11637 fast_inc 0 eta_inc 25643055 multi_dec -32484536 quick_dec -638413 nack_dec -1734700
Flow Uec_58_0 flowId 117 uecSrc 116 finished at 515632 total messages 1 total packets 24474 RTS 0 total bytes 100000764 in_flight now 0 fair_inc 2105087 prop_inc 11595 fast_inc 0 eta_inc 25641726 multi_dec -31783057 quick_dec -898539 nack_dec -1751300
Flow Uec_31_0 flowId 50 uecSrc 49 finished at 515673 total messages 1 total packets 24474 RTS 0 total bytes 100000764 in_flight now 0 fair_inc 2318807 prop_inc 21856 fast_inc 0 eta_inc 25643055 multi_dec -32163640 quick_dec -745555 nack_dec -1900700
Flow Uec_86_0 flowId 3 uecSrc 2 finished at 515699 total messages 1 total packets 24474 RTS 0 total bytes 100000764 in_flight now 0 fair_inc 2484756 prop_inc 28513 fast_inc 0 eta_inc 25628436 multi_dec -32438370 quick_dec -865335 nack_dec -2075000
Flow Uec_54_0 flowId 71 uecSrc 70 finished at 515732 total messages 1 total packets 24474 RTS 0 total bytes 100000764 in_flight now 0 fair_inc 2159897 prop_inc 28973 fast_inc 0 eta_inc 25672293 multi_dec -32212384 quick_dec -896827 nack_dec -1958800
Flow Uec_108_0 flowId 23 uecSrc 22 finished at 515913 total messages 1 total packets 24474 RTS 0 total bytes 100000764 in_flight now 0 fair_inc 2335596 prop_inc 46020 fast_inc 0 eta_inc 25689570 multi_dec -31914846 quick_dec -780136 nack_dec -1834300
Flow Uec_123_0 flowId 118 uecSrc 117 finished at 516036 total messages 1 total packets 24474 RTS 0 total bytes 100000764 in_flight now 0 fair_inc 2467647 prop_inc 58886 fast_inc 0 eta_inc 25640397 multi_dec -32202567 quick_dec -989284 nack_dec -1983700
Flow Uec_115_0 flowId 90 uecSrc 89 finished at 516043 total messages 1 total packets 24474 RTS 0 total bytes 100000764 in_flight now 0 fair_inc 2366691 prop_inc 52500 fast_inc 0 eta_inc 25674951 multi_dec -32578912 quick_dec -564017 nack_dec -1909000
Flow Uec_19_0 flowId 57 uecSrc 56 finished at 516084 total messages 1 total packets 24474 RTS 0 total bytes 100000764 in_flight now 0 fair_inc 2349299 prop_inc 112222 fast_inc 0 eta_inc 25690899 multi_dec -32141897 quick_dec -703603 nack_dec -1796950
Flow Uec_37_0 flowId 10 uecSrc 9 finished at 516097 total messages 1 total packets 24474 RTS 0 total bytes 100000764 in_flight now 0 fair_inc 2267195 prop_inc 147676 fast_inc 0 eta_inc 25669635 multi_dec -31927491 quick_dec -582484 nack_dec -2149700
|..Received SIGTERM at 677000 us, shutting down cleanly.
New: 3108198 Rtx: 48865 RTS: 0 Bounced: 0 ACKs: 3101354 NACKs: 48865 Pulls: 0 sleek_pkts: 0
SPURIOUS_COUNT 0
