Flow Uec_13_50 flowId 47 uecSrc 46 finished at 7917.53 total messages 1 total packets 15664 RTS 0 total bytes 64003104 in_flight now 0 fair_inc 366300 prop_inc 1126095 fast_inc 0 eta_inc 758859 multi_dec -1161879 quick_dec -0 nack_dec -1278200
Flow Uec_7_33 flowId 24 uecSrc 23 finished at 7997.43 total messages 1 total packets 15664 RTS 0 total bytes 64003104 in_flight now 0 fair_inc 335378 prop_inc 1135305 fast_inc 0 eta_inc 772149 multi_dec -1182989 quick_dec -0 nack_dec -1261600
Flow Uec_9_39 flowId 32 uecSrc 31 finished at 7998.05 total messages 1 total packets 15664 RTS 0 total bytes 64003104 in_flight now 0 fair_inc 347919 prop_inc 1167404 fast_inc 0 eta_inc 764175 multi_dec -1018059 quick_dec -0 nack_dec -1489850
Flow Uec_15_58 flowId 57 uecSrc 56 finished at 8005.83 total messages 1 total packets 15664 RTS 0 total bytes 64003104 in_flight now 0 fair_inc 411292 prop_inc 1137276 fast_inc 0 eta_inc 770820 multi_dec -1319902 quick_dec -0 nack_dec -1162000
Flow Uec_11_44 flowId 39 uecSrc 38 finished at 8013.95 total messages 1 total packets 15664 RTS 0 total bytes 64003104 in_flight now 0 fair_inc 434501 prop_inc 1193266 fast_inc 0 eta_inc 773478 multi_dec -1043061 quick_dec -0 nack_dec -1543800
Flow Uec_8_35 flowId 27 uecSrc 26 finished at 8043.11 total messages 1 total packets 15664 RTS 0 total bytes 64003104 in_flight now 0 fair_inc 357808 prop_inc 1173146 fast_inc 0 eta_inc 774807 multi_dec -1071551 quick_dec -0 nack_dec -1411000
Flow Uec_14_53 flowId 51 uecSrc 50 finished at 8049.12 total messages 1 total packets 15664 RTS 0 total bytes 64003104 in_flight now 0 fair_inc 328119 prop_inc 1138613 fast_inc 0 eta_inc 770820 multi_dec -1081918 quick_dec -0 nack_dec -1340450
Flow Uec_6_29 flowId 19 uecSrc 18 finished at 8059.58 total messages 1 total packets 15664 RTS 0 total bytes 64003104 in_flight now 0 fair_inc 470393 prop_inc 1142390 fast_inc 0 eta_inc 777465 multi_dec -1330301 quick_dec -0 nack_dec -1228400
Flow Uec_6_31 flowId 21 uecSrc 20 finished at 8061.02 total messages 1 total packets 15664 RTS 0 total bytes 64003104 in_flight now 0 fair_inc 363482 prop_inc 1104496 fast_inc 0 eta_inc 777465 multi_dec -1037821 quick_dec -0 nack_dec -1390250
Flow Uec_12_47 flowId 43 uecSrc 42 finished at 8062.29 total messages 1 total packets 15664 RTS 0 total bytes 64003104 in_flight now 0 fair_inc 370466 prop_inc 1184847 fast_inc 0 eta_inc 774807 multi_dec -1117699 quick_dec -0 nack_dec -1394400
Flow Uec_5_26 flowId 15 uecSrc 14 finished at 8083.57 total messages 1 total packets 15664 RTS 0 total bytes 64003104 in_flight now 0 fair_inc 395154 prop_inc 1275501 fast_inc 0 eta_inc 780123 multi_dec -1114672 quick_dec -0 nack_dec -1485700
Flow Uec_4_24 flowId 12 uecSrc 11 finished at 8099.37 total messages 1 total packets 15664 RTS 0 total bytes 64003104 in_flight now 0 fair_inc 439358 prop_inc 1186309 fast_inc 0 eta_inc 778794 multi_dec -1250038 quick_dec -0 nack_dec -1319700
Flow Uec_14_54 flowId 52 uecSrc 51 finished at 8110.87 total messages 1 total packets 15664 RTS 0 total bytes 64003104 in_flight now 0 fair_inc 397793 prop_inc 1173020 fast_inc 0 eta_inc 780123 multi_dec -1128729 quick_dec -0 nack_dec -1332150
Flow Uec_8_36 flowId 28 uecSrc 27 finished at 8113.7 total messages 1 total packets 15664 RTS 0 total bytes 64003104 in_flight now 0 fair_inc 355053 prop_inc 1208091 fast_inc 0 eta_inc 781452 multi_dec -970338 quick_dec -0 nack_dec -1527200
Flow Uec_11_45 flowId 40 uecSrc 39 finished at 8119.68 total messages 1 total packets 15664 RTS 0 total bytes 64003104 in_flight now 0 fair_inc 395959 prop_inc 1199492 fast_inc 0 eta_inc 780123 multi_dec -1174223 quick_dec -0 nack_dec -1348750
Flow Uec_7_34 flowId 25 uecSrc 24 finished at 8120.21 total messages 1 total packets 15664 RTS 0 total bytes 64003104 in_flight now 0 fair_inc 359488 prop_inc 1166438 fast_inc 0 eta_inc 782781 multi_dec -1189889 quick_dec -0 nack_dec -1228400
Flow Uec_12_49 flowId 45 uecSrc 44 finished at 8122.25 total messages 1 total packets 15664 RTS 0 total bytes 64003104 in_flight now 0 fair_inc 389659 prop_inc 1183213 fast_inc 0 eta_inc 781452 multi_dec -1142304 quick_dec -0 nack_dec -1328000
Flow Uec_13_51 flowId 48 uecSrc 47 finished at 8123.32 total messages 1 total packets 15664 RTS 0 total bytes 64003104 in_flight now 0 fair_inc 431446 prop_inc 1213183 fast_inc 0 eta_inc 780123 multi_dec -1211152 quick_dec -0 nack_dec -1274050
Flow Uec_15_56 flowId 55 uecSrc 54 finished at 8124.77 total messages 1 total packets 15664 RTS 0 total bytes 64003104 in_flight now 0 fair_inc 409277 prop_inc 1249674 fast_inc 0 eta_inc 782781 multi_dec -1222555 quick_dec -0 nack_dec -1307250
Flow Uec_4_23 flowId 11 uecSrc 10 finished at 8125.86 total messages 1 total packets 15664 RTS 0 total bytes 64003104 in_flight now 0 fair_inc 369603 prop_inc 1209185 fast_inc 0 eta_inc 781452 multi_dec -1117302 quick_dec -0 nack_dec -1381950
Flow Uec_5_27 flowId 16 uecSrc 15 finished at 8145.4 total messages 1 total packets 15664 RTS 0 total bytes 64003104 in_flight now 0 fair_inc 446350 prop_inc 1308904 fast_inc 0 eta_inc 784110 multi_dec -1398481 quick_dec -0 nack_dec -1311400
Flow Uec_10_42 flowId 36 uecSrc 35 finished at 8148.38 total messages 1 total packets 15664 RTS 0 total bytes 64003104 in_flight now 0 fair_inc 422412 prop_inc 1261080 fast_inc 0 eta_inc 785439 multi_dec -1226416 quick_dec -0 nack_dec -1381950
Flow Uec_7_32 flowId 23 uecSrc 22 finished at 8157.08 total messages 1 total packets 15664 RTS 0 total bytes 64003104 in_flight now 0 fair_inc 376450 prop_inc 1208973 fast_inc 0 eta_inc 782781 multi_dec -1071302 quick_dec -0 nack_dec -1352900
Flow Uec_13_52 flowId 49 uecSrc 48 finished at 8159.24 total messages 1 total packets 15664 RTS 0 total bytes 64003104 in_flight now 0 fair_inc 417967 prop_inc 1228102 fast_inc 0 eta_inc 784110 multi_dec -1147270 quick_dec -0 nack_dec -1319700
Flow Uec_12_48 flowId 44 uecSrc 43 finished at 8166.4 total messages 1 total packets 15664 RTS 0 total bytes 64003104 in_flight now 0 fair_inc 418334 prop_inc 1244006 fast_inc 0 eta_inc 785439 multi_dec -1127528 quick_dec -0 nack_dec -1328000
Flow Uec_4_25 flowId 13 uecSrc 12 finished at 8171.57 total messages 1 total packets 15664 RTS 0 total bytes 64003104 in_flight now 0 fair_inc 392604 prop_inc 1294748 fast_inc 0 eta_inc 785439 multi_dec -1214087 quick_dec -0 nack_dec -1290650
Flow Uec_14_55 flowId 53 uecSrc 52 finished at 8173.78 total messages 1 total packets 15664 RTS 0 total bytes 64003104 in_flight now 0 fair_inc 345272 prop_inc 1277817 fast_inc 0 eta_inc 790755 multi_dec -1075598 quick_dec -0 nack_dec -1373650
Flow Uec_10_41 flowId 35 uecSrc 34 finished at 8177.97 total messages 1 total packets 15664 RTS 0 total bytes 64003104 in_flight now 0 fair_inc 424778 prop_inc 1281352 fast_inc 0 eta_inc 785439 multi_dec -1107070 quick_dec -0 nack_dec -1477400
Flow Uec_5_28 flowId 17 uecSrc 16 finished at 8184.58 total messages 1 total packets 15664 RTS 0 total bytes 64003104 in_flight now 0 fair_inc 440737 prop_inc 1321503 fast_inc 0 eta_inc 788097 multi_dec -1225540 quick_dec -0 nack_dec -1365350
Flow Uec_15_57 flowId 56 uecSrc 55 finished at 8186.46 total messages 1 total packets 15664 RTS 0 total bytes 64003104 in_flight now 0 fair_inc 396605 prop_inc 1297751 fast_inc 0 eta_inc 782781 multi_dec -1127717 quick_dec -0 nack_dec -1352900
Flow Uec_10_43 flowId 37 uecSrc 36 finished at 8193.05 total messages 1 total packets 15664 RTS 0 total bytes 64003104 in_flight now 0 fair_inc 402969 prop_inc 1312056 fast_inc 0 eta_inc 786768 multi_dec -1129853 quick_dec -0 nack_dec -1469100
Flow Uec_9_38 flowId 31 uecSrc 30 finished at 8195.99 total messages 1 total packets 15664 RTS 0 total bytes 64003104 in_flight now 0 fair_inc 403604 prop_inc 1348356 fast_inc 0 eta_inc 788097 multi_dec -1059647 quick_dec -0 nack_dec -1531350
Flow Uec_9_40 flowId 33 uecSrc 32 finished at 8196.72 total messages 1 total packets 15664 RTS 0 total bytes 64003104 in_flight now 0 fair_inc 368840 prop_inc 1395001 fast_inc 0 eta_inc 789426 multi_dec -1282465 quick_dec -0 nack_dec -1336300
Flow Uec_6_30 flowId 20 uecSrc 19 finished at 8197.53 total messages 1 total packets 15664 RTS 0 total bytes 64003104 in_flight now 0 fair_inc 366009 prop_inc 1355622 fast_inc 0 eta_inc 789426 multi_dec -1175027 quick_dec -0 nack_dec -1344600
Flow Uec_11_46 flowId 41 uecSrc 40 finished at 8208.63 total messages 1 total packets 15664 RTS 0 total bytes 64003104 in_flight now 0 fair_inc 466056 prop_inc 1352879 fast_inc 0 eta_inc 785439 multi_dec -1319223 quick_dec -0 nack_dec -1311400
Flow Uec_8_37 flowId 29 uecSrc 28 finished at 8220.36 total messages 1 total packets 15664 RTS 0 total bytes 64003104 in_flight now 0 fair_inc 475225 prop_inc 1432700 fast_inc 0 eta_inc 793413 multi_dec -1337759 quick_dec -0 nack_dec -1377800
Flow Uec_1_0 flowId 1 uecSrc 0 finished at 8266.66 total messages 1 total packets 15664 RTS 0 total bytes 64003104 in_flight now 0 fair_inc 1192222 prop_inc 76543 fast_inc 0 eta_inc 817335 multi_dec -1936289 quick_dec -627 nack_dec -232400
Flow Uec_16_59 flowId 59 uecSrc 58 finished at 9251.04 total messages 1 total packets 15664 RTS 0 total bytes 64003104 in_flight now 0 fair_inc 0 prop_inc 28297 fast_inc 34975180 eta_inc 861192 multi_dec -0 quick_dec -0 nack_dec -0
Flow Uec_16_60 flowId 60 uecSrc 59 finished at 9251.08 total messages 1 total packets 15664 RTS 0 total bytes 64003104 in_flight now 0 fair_inc 0 prop_inc 28365 fast_inc 34975179 eta_inc 861192 multi_dec -0 quick_dec -0 nack_dec -0
Flow Uec_16_61 flowId 61 uecSrc 60 finished at 9251.29 total messages 1 total packets 15664 RTS 0 total bytes 64003104 in_flight now 0 fair_inc 0 prop_inc 28352 fast_inc 34975180 eta_inc 861192 multi_dec -0 quick_dec -0 nack_dec -0
Flow Uec_3_21 flowId 8 uecSrc 7 finished at 9362.13 total messages 1 total packets 15664 RTS 0 total bytes 64003104 in_flight now 0 fair_inc 0 prop_inc 3022822 fast_inc 5181740 eta_inc 867837 multi_dec -0 quick_dec -0 nack_dec -0
Flow Uec_3_20 flowId 7 uecSrc 6 finished at 9362.13 total messages 1 total packets 15664 RTS 0 total bytes 64003104 in_flight now 0 fair_inc 0 prop_inc 2983869 fast_inc 5521452 eta_inc 869166 multi_dec -0 quick_dec -0 nack_dec -0
Flow Uec_3_22 flowId 9 uecSrc 8 finished at 9362.3 total messages 1 total packets 15664 RTS 0 total bytes 64003104 in_flight now 0 fair_inc 0 prop_inc 2858803 fast_inc 7348249 eta_inc 865179 multi_dec -0 quick_dec -0 nack_dec -0
Flow Uec_2_17 flowId 3 uecSrc 2 finished at 9378.03 total messages 1 total packets 15664 RTS 0 total bytes 64003104 in_flight now 0 fair_inc 0 prop_inc 3005588 fast_inc 5411215 eta_inc 863850 multi_dec -0 quick_dec -0 nack_dec -0
Flow Uec_2_18 flowId 4 uecSrc 3 finished at 9378.11 total messages 1 total packets 15664 RTS 0 total bytes 64003104 in_flight now 0 fair_inc 0 prop_inc 3011589 fast_inc 5161492 eta_inc 866508 multi_dec -0 quick_dec -0 nack_dec -0
Flow Uec_2_19 flowId 5 uecSrc 4 finished at 9378.52 total messages 1 total packets 15664 RTS 0 total bytes 64003104 in_flight now 0 fair_inc 1496 prop_inc 2979727 fast_inc 5739678 eta_inc 866508 multi_dec -0 quick_dec -0 nack_dec -0
Flow Uec_2_0 flowId 2 uecSrc 1 finished at 25627.3 total messages 1 total packets 15664 RTS 0 total bytes 64003104 in_flight now 0 fair_inc 1694237 prop_inc 51413 fast_inc 0 eta_inc 2352330 multi_dec -4198205 quick_dec -185061 nack_dec -344450
Flow Uec_3_0 flowId 6 uecSrc 5 finished at 26159.7 total messages 1 total packets 15664 RTS 0 total bytes 64003104 in_flight now 0 fair_inc 1649610 prop_inc 45333 fast_inc 0 eta_inc 2396187 multi_dec -4192035 quick_dec -134855 nack_dec -352750
Flow Uec_16_0 flowId 58 uecSrc 57 finished at 31648.3 total messages 1 total packets 15664 RTS 0 total bytes 64003104 in_flight now 0 fair_inc 1330156 prop_inc 37789 fast_inc 0 eta_inc 2554338 multi_dec -3957300 quick_dec -356312 nack_dec -294650
Flow Uec_9_0 flowId 30 uecSrc 29 finished at 38444.8 total messages 1 total packets 15664 RTS 0 total bytes 64003104 in_flight now 0 fair_inc 2295930 prop_inc 13568 fast_inc 0 eta_inc 2521113 multi_dec -5642299 quick_dec -261783 nack_dec -265600
Flow Uec_14_0 flowId 50 uecSrc 49 finished at 38793.3 total messages 1 total packets 15664 RTS 0 total bytes 64003104 in_flight now 0 fair_inc 2382623 prop_inc 16945 fast_inc 0 eta_inc 2545035 multi_dec -5511450 quick_dec -381084 nack_dec -290500
Flow Uec_6_0 flowId 18 uecSrc 17 finished at 40699 total messages 1 total packets 15664 RTS 0 total bytes 64003104 in_flight now 0 fair_inc 2323336 prop_inc 10596 fast_inc 0 eta_inc 2695212 multi_dec -5779389 quick_dec -375527 nack_dec -282200
Flow Uec_4_0 flowId 10 uecSrc 9 finished at 40798.8 total messages 1 total packets 15664 RTS 0 total bytes 64003104 in_flight now 0 fair_inc 2407063 prop_inc 12957 fast_inc 0 eta_inc 2697870 multi_dec -6182962 quick_dec -317277 nack_dec -249000
Flow Uec_13_0 flowId 46 uecSrc 45 finished at 40870.1 total messages 1 total packets 15664 RTS 0 total bytes 64003104 in_flight now 0 fair_inc 2337914 prop_inc 22240 fast_inc 0 eta_inc 2693883 multi_dec -5700354 quick_dec -269157 nack_dec -302950
Flow Uec_15_0 flowId 54 uecSrc 53 finished at 40939.9 total messages 1 total packets 15664 RTS 0 total bytes 64003104 in_flight now 0 fair_inc 2348905 prop_inc 11724 fast_inc 0 eta_inc 2699199 multi_dec -5802541 quick_dec -340603 nack_dec -282200
Flow Uec_7_0 flowId 22 uecSrc 21 finished at 40980.6 total messages 1 total packets 15664 RTS 0 total bytes 64003104 in_flight now 0 fair_inc 2441274 prop_inc 19713 fast_inc 0 eta_inc 2704515 multi_dec -5914035 quick_dec -366154 nack_dec -244850
Flow Uec_11_0 flowId 38 uecSrc 37 finished at 41416.4 total messages 1 total packets 15664 RTS 0 total bytes 64003104 in_flight now 0 fair_inc 2403089 prop_inc 23192 fast_inc 0 eta_inc 2739069 multi_dec -6071620 quick_dec -380531 nack_dec -253150
Flow Uec_8_0 flowId 26 uecSrc 25 finished at 41487.1 total messages 1 total packets 15664 RTS 0 total bytes 64003104 in_flight now 0 fair_inc 2201798 prop_inc 28892 fast_inc 0 eta_inc 2748372 multi_dec -5790994 quick_dec -355424 nack_dec -219950
Flow Uec_10_0 flowId 34 uecSrc 33 finished at 41515.9 total messages 1 total packets 15664 RTS 0 total bytes 64003104 in_flight now 0 fair_inc 2327037 prop_inc 35577 fast_inc 0 eta_inc 2756346 multi_dec -5892787 quick_dec -391015 nack_dec -224100
Flow Uec_5_0 flowId 14 uecSrc 13 finished at 41559.4 total messages 1 total packets 15664 RTS 0 total bytes 64003104 in_flight now 0 fair_inc 2202631 prop_inc 94795 fast_inc 0 eta_inc 2743056 multi_dec -5683640 quick_dec -427355 nack_dec -257300
Flow Uec_12_0 flowId 42 uecSrc 41 finished at 41612.8 total messages 1 total packets 15664 RTS 0 total bytes 64003104 in_flight now 0 fair_inc 2145901 prop_inc 140908 fast_inc 466264 eta_inc 2747043 multi_dec -5606935 quick_dec -341688 nack_dec -203350
..Received SIGTERM at 115000 us, shutting down cleanly.
New: 955504 Rtx: 12833 RTS: 0 Bounced: 0 ACKs: 589497 NACKs: 12833 Pulls: 0 sleek_pkts: 0
SPURIOUS_COUNT 0
