Flow Uec_16_59 flowId 59 uecSrc 58 finished at 12347.8 total messages 1 total packets 24474 RTS 0 total bytes 100000764 in_flight now 0 fair_inc 46333 prop_inc 691267 fast_inc 53994 eta_inc 1209390 multi_dec -1118304 quick_dec -0 nack_dec -0
Flow Uec_16_60 flowId 60 uecSrc 59 finished at 12363.2 total messages 1 total packets 24474 RTS 0 total bytes 100000764 in_flight now 0 fair_inc 68044 prop_inc 694290 fast_inc 71992 eta_inc 1210719 multi_dec -1183855 quick_dec -0 nack_dec -0
Flow Uec_16_61 flowId 61 uecSrc 60 finished at 12386.5 total messages 1 total packets 24474 RTS 0 total bytes 100000764 in_flight now 0 fair_inc 82447 prop_inc 726743 fast_inc 40081 eta_inc 1213377 multi_dec -1179535 quick_dec -0 nack_dec -0
Flow Uec_3_0 flowId 6 uecSrc 5 finished at 48202.6 total messages 1 total packets 24474 RTS 0 total bytes 100000764 in_flight now 0 fair_inc 3430473 prop_inc 49195 fast_inc 0 eta_inc 4293999 multi_dec -7752147 quick_dec -400158 nack_dec -751150
Flow Uec_2_0 flowId 2 uecSrc 1 finished at 48280.6 total messages 1 total packets 24474 RTS 0 total bytes 100000764 in_flight now 0 fair_inc 3438385 prop_inc 55829 fast_inc 0 eta_inc 4295328 multi_dec -7874277 quick_dec -308160 nack_dec -742850
.Flow Uec_1_0 flowId 1 uecSrc 0 finished at 50430.9 total messages 1 total packets 24474 RTS 0 total bytes 100000764 in_flight now 0 fair_inc 3481701 prop_inc 63492 fast_inc 0 eta_inc 4498665 multi_dec -7752561 quick_dec -597297 nack_dec -908850
Flow Uec_14_0 flowId 50 uecSrc 49 finished at 62216.8 total messages 1 total packets 24474 RTS 0 total bytes 100000764 in_flight now 0 fair_inc 4917130 prop_inc 14239 fast_inc 0 eta_inc 4171731 multi_dec -10482211 quick_dec -299358 nack_dec -302950
Flow Uec_8_0 flowId 26 uecSrc 25 finished at 62419.6 total messages 1 total packets 24474 RTS 0 total bytes 100000764 in_flight now 0 fair_inc 5040097 prop_inc 15406 fast_inc 0 eta_inc 4177047 multi_dec -10647516 quick_dec -274278 nack_dec -319550
Flow Uec_7_0 flowId 22 uecSrc 21 finished at 62470.9 total messages 1 total packets 24474 RTS 0 total bytes 100000764 in_flight now 0 fair_inc 4976611 prop_inc 15455 fast_inc 0 eta_inc 4183692 multi_dec -10426676 quick_dec -369773 nack_dec -315400
Flow Uec_9_0 flowId 30 uecSrc 29 finished at 62523.2 total messages 1 total packets 24474 RTS 0 total bytes 100000764 in_flight now 0 fair_inc 4947645 prop_inc 17758 fast_inc 0 eta_inc 4185021 multi_dec -10540729 quick_dec -309947 nack_dec -348600
Flow Uec_15_0 flowId 54 uecSrc 53 finished at 62669.6 total messages 1 total packets 24474 RTS 0 total bytes 100000764 in_flight now 0 fair_inc 4797895 prop_inc 15134 fast_inc 0 eta_inc 4195653 multi_dec -10247745 quick_dec -288626 nack_dec -336150
Flow Uec_11_0 flowId 38 uecSrc 37 finished at 62710 total messages 1 total packets 24474 RTS 0 total bytes 100000764 in_flight now 0 fair_inc 4743421 prop_inc 22815 fast_inc 0 eta_inc 4195653 multi_dec -10118185 quick_dec -330149 nack_dec -356900
Flow Uec_5_0 flowId 14 uecSrc 13 finished at 62916 total messages 1 total packets 24474 RTS 0 total bytes 100000764 in_flight now 0 fair_inc 4785372 prop_inc 18224 fast_inc 0 eta_inc 4212930 multi_dec -10283563 quick_dec -243073 nack_dec -356900
Flow Uec_13_0 flowId 46 uecSrc 45 finished at 63149.8 total messages 1 total packets 24474 RTS 0 total bytes 100000764 in_flight now 0 fair_inc 4895194 prop_inc 18689 fast_inc 0 eta_inc 4228878 multi_dec -10401836 quick_dec -317268 nack_dec -415000
Flow Uec_12_0 flowId 42 uecSrc 41 finished at 63442 total messages 1 total packets 24474 RTS 0 total bytes 100000764 in_flight now 0 fair_inc 4801314 prop_inc 22105 fast_inc 0 eta_inc 4254129 multi_dec -10421464 quick_dec -258574 nack_dec -302950
Flow Uec_10_0 flowId 34 uecSrc 33 finished at 63508 total messages 1 total packets 24474 RTS 0 total bytes 100000764 in_flight now 0 fair_inc 4822811 prop_inc 21407 fast_inc 0 eta_inc 4270077 multi_dec -10443335 quick_dec -264009 nack_dec -323700
Flow Uec_4_0 flowId 10 uecSrc 9 finished at 63939.4 total messages 1 total packets 24474 RTS 0 total bytes 100000764 in_flight now 0 fair_inc 4589486 prop_inc 25602 fast_inc 0 eta_inc 4286025 multi_dec -10294293 quick_dec -227196 nack_dec -282200
Flow Uec_6_0 flowId 18 uecSrc 17 finished at 64108.1 total messages 1 total packets 24474 RTS 0 total bytes 100000764 in_flight now 0 fair_inc 4649235 prop_inc 52219 fast_inc 0 eta_inc 4303302 multi_dec -10144700 quick_dec -253990 nack_dec -365200
Flow Uec_16_0 flowId 58 uecSrc 57 finished at 65082 total messages 1 total packets 24474 RTS 0 total bytes 100000764 in_flight now 0 fair_inc 2159485 prop_inc 1058794 fast_inc 773914 eta_inc 4256787 multi_dec -7011925 quick_dec -96489 nack_dec -195050
Flow Uec_3_21 flowId 8 uecSrc 7 finished at 72879.3 total messages 1 total packets 24474 RTS 0 total bytes 100000764 in_flight now 0 fair_inc 4879459 prop_inc 377945 fast_inc 0 eta_inc 4991724 multi_dec -10116642 quick_dec -416195 nack_dec -1452500
Flow Uec_2_17 flowId 3 uecSrc 2 finished at 73281.4 total messages 1 total packets 24474 RTS 0 total bytes 100000764 in_flight now 0 fair_inc 4992972 prop_inc 338441 fast_inc 0 eta_inc 4991724 multi_dec -10367892 quick_dec -523662 nack_dec -1199350
Flow Uec_3_22 flowId 9 uecSrc 8 finished at 74207 total messages 1 total packets 24474 RTS 0 total bytes 100000764 in_flight now 0 fair_inc 5294240 prop_inc 354297 fast_inc 0 eta_inc 5048871 multi_dec -10552688 quick_dec -600354 nack_dec -1452500
Flow Uec_2_18 flowId 4 uecSrc 3 finished at 75573.5 total messages 1 total packets 24474 RTS 0 total bytes 100000764 in_flight now 0 fair_inc 5091261 prop_inc 363690 fast_inc 0 eta_inc 5145888 multi_dec -10537640 quick_dec -355837 nack_dec -1539650
Flow Uec_2_19 flowId 5 uecSrc 4 finished at 76447.1 total messages 1 total packets 24474 RTS 0 total bytes 100000764 in_flight now 0 fair_inc 4992269 prop_inc 378035 fast_inc 0 eta_inc 5274801 multi_dec -10813047 quick_dec -140030 nack_dec -1506450
Flow Uec_3_20 flowId 7 uecSrc 6 finished at 80381.3 total messages 1 total packets 24474 RTS 0 total bytes 100000764 in_flight now 0 fair_inc 5587278 prop_inc 333663 fast_inc 0 eta_inc 5338593 multi_dec -11492839 quick_dec -251882 nack_dec -1597750
Flow Uec_6_29 flowId 19 uecSrc 18 finished at 80409.9 total messages 1 total packets 24474 RTS 0 total bytes 100000764 in_flight now 0 fair_inc 5467721 prop_inc 351801 fast_inc 0 eta_inc 5386437 multi_dec -11654524 quick_dec -497326 nack_dec -1332150
Flow Uec_9_38 flowId 31 uecSrc 30 finished at 82411.2 total messages 1 total packets 24474 RTS 0 total bytes 100000764 in_flight now 0 fair_inc 5671041 prop_inc 330552 fast_inc 0 eta_inc 5385108 multi_dec -12056481 quick_dec -541296 nack_dec -1220100
Flow Uec_13_50 flowId 47 uecSrc 46 finished at 82433.2 total messages 1 total packets 24474 RTS 0 total bytes 100000764 in_flight now 0 fair_inc 6010423 prop_inc 296476 fast_inc 0 eta_inc 5382450 multi_dec -12355840 quick_dec -484337 nack_dec -1328000
Flow Uec_5_28 flowId 17 uecSrc 16 finished at 82592.9 total messages 1 total packets 24474 RTS 0 total bytes 100000764 in_flight now 0 fair_inc 5886511 prop_inc 307209 fast_inc 0 eta_inc 5420991 multi_dec -12097790 quick_dec -518190 nack_dec -1415150
Flow Uec_7_32 flowId 23 uecSrc 22 finished at 82747.3 total messages 1 total packets 24474 RTS 0 total bytes 100000764 in_flight now 0 fair_inc 5918965 prop_inc 293700 fast_inc 0 eta_inc 5427636 multi_dec -12196559 quick_dec -462562 nack_dec -1365350
Flow Uec_13_52 flowId 49 uecSrc 48 finished at 82760.9 total messages 1 total packets 24474 RTS 0 total bytes 100000764 in_flight now 0 fair_inc 5888074 prop_inc 310228 fast_inc 0 eta_inc 5494086 multi_dec -12153204 quick_dec -645225 nack_dec -1352900
Flow Uec_10_41 flowId 35 uecSrc 34 finished at 82849.7 total messages 1 total packets 24474 RTS 0 total bytes 100000764 in_flight now 0 fair_inc 5769601 prop_inc 327042 fast_inc 0 eta_inc 5450229 multi_dec -12217010 quick_dec -442551 nack_dec -1232550
Flow Uec_5_26 flowId 15 uecSrc 14 finished at 82884.7 total messages 1 total packets 24474 RTS 0 total bytes 100000764 in_flight now 0 fair_inc 5780860 prop_inc 299610 fast_inc 0 eta_inc 5399727 multi_dec -12170303 quick_dec -405272 nack_dec -1377800
Flow Uec_9_40 flowId 33 uecSrc 32 finished at 82900.3 total messages 1 total packets 24474 RTS 0 total bytes 100000764 in_flight now 0 fair_inc 5730359 prop_inc 349957 fast_inc 0 eta_inc 5374476 multi_dec -12093579 quick_dec -474038 nack_dec -1323850
Flow Uec_7_34 flowId 25 uecSrc 24 finished at 82958.3 total messages 1 total packets 24474 RTS 0 total bytes 100000764 in_flight now 0 fair_inc 5954351 prop_inc 309234 fast_inc 0 eta_inc 5482125 multi_dec -12471657 quick_dec -419080 nack_dec -1307250
Flow Uec_11_44 flowId 39 uecSrc 38 finished at 83138.8 total messages 1 total packets 24474 RTS 0 total bytes 100000764 in_flight now 0 fair_inc 5965074 prop_inc 294157 fast_inc 0 eta_inc 5440926 multi_dec -12310143 quick_dec -524842 nack_dec -1311400
Flow Uec_8_37 flowId 29 uecSrc 28 finished at 83211.7 total messages 1 total packets 24474 RTS 0 total bytes 100000764 in_flight now 0 fair_inc 6026563 prop_inc 313707 fast_inc 0 eta_inc 5482125 multi_dec -12282910 quick_dec -568120 nack_dec -1435900
Flow Uec_15_58 flowId 57 uecSrc 56 finished at 83531.3 total messages 1 total packets 24474 RTS 0 total bytes 100000764 in_flight now 0 fair_inc 5952417 prop_inc 353360 fast_inc 0 eta_inc 5427636 multi_dec -12075193 quick_dec -644340 nack_dec -1398550
Flow Uec_8_35 flowId 27 uecSrc 26 finished at 83534.3 total messages 1 total packets 24474 RTS 0 total bytes 100000764 in_flight now 0 fair_inc 5965518 prop_inc 298205 fast_inc 0 eta_inc 5483454 multi_dec -12283492 quick_dec -601176 nack_dec -1290650
Flow Uec_11_46 flowId 41 uecSrc 40 finished at 83821.9 total messages 1 total packets 24474 RTS 0 total bytes 100000764 in_flight now 0 fair_inc 5865569 prop_inc 324595 fast_inc 0 eta_inc 5452887 multi_dec -12274438 quick_dec -465669 nack_dec -1394400
Flow Uec_4_23 flowId 11 uecSrc 10 finished at 84086.9 total messages 1 total packets 24474 RTS 0 total bytes 100000764 in_flight now 0 fair_inc 6001305 prop_inc 324460 fast_inc 0 eta_inc 5496744 multi_dec -12585912 quick_dec -477671 nack_dec -1215950
Flow Uec_4_24 flowId 12 uecSrc 11 finished at 84198.8 total messages 1 total packets 24474 RTS 0 total bytes 100000764 in_flight now 0 fair_inc 5771326 prop_inc 359524 fast_inc 0 eta_inc 5431623 multi_dec -12077458 quick_dec -466301 nack_dec -1460800
Flow Uec_4_25 flowId 13 uecSrc 12 finished at 84464.4 total messages 1 total packets 24474 RTS 0 total bytes 100000764 in_flight now 0 fair_inc 5827614 prop_inc 378750 fast_inc 0 eta_inc 5482125 multi_dec -12157216 quick_dec -543894 nack_dec -1315550
Flow Uec_5_27 flowId 16 uecSrc 15 finished at 84507.9 total messages 1 total packets 24474 RTS 0 total bytes 100000764 in_flight now 0 fair_inc 5515977 prop_inc 360856 fast_inc 0 eta_inc 5511363 multi_dec -11908217 quick_dec -371889 nack_dec -1394400
Flow Uec_10_43 flowId 37 uecSrc 36 finished at 84532.7 total messages 1 total packets 24474 RTS 0 total bytes 100000764 in_flight now 0 fair_inc 5635306 prop_inc 361071 fast_inc 0 eta_inc 5519337 multi_dec -12176075 quick_dec -523335 nack_dec -1352900
Flow Uec_15_56 flowId 55 uecSrc 54 finished at 84566.6 total messages 1 total packets 24474 RTS 0 total bytes 100000764 in_flight now 0 fair_inc 5760982 prop_inc 350030 fast_inc 0 eta_inc 5506047 multi_dec -12015153 quick_dec -592935 nack_dec -1361200
Flow Uec_7_33 flowId 24 uecSrc 23 finished at 84609.5 total messages 1 total packets 24474 RTS 0 total bytes 100000764 in_flight now 0 fair_inc 5645606 prop_inc 334581 fast_inc 0 eta_inc 5435610 multi_dec -12145153 quick_dec -503358 nack_dec -1307250
Flow Uec_10_42 flowId 36 uecSrc 35 finished at 84645.3 total messages 1 total packets 24474 RTS 0 total bytes 100000764 in_flight now 0 fair_inc 5790763 prop_inc 354418 fast_inc 0 eta_inc 5467506 multi_dec -12285020 quick_dec -514481 nack_dec -1340450
Flow Uec_9_39 flowId 32 uecSrc 31 finished at 84655.2 total messages 1 total packets 24474 RTS 0 total bytes 100000764 in_flight now 0 fair_inc 5685274 prop_inc 369596 fast_inc 0 eta_inc 5503389 multi_dec -12100396 quick_dec -625274 nack_dec -1311400
Flow Uec_14_54 flowId 52 uecSrc 51 finished at 84672 total messages 1 total packets 24474 RTS 0 total bytes 100000764 in_flight now 0 fair_inc 5911942 prop_inc 322042 fast_inc 0 eta_inc 5510034 multi_dec -12424996 quick_dec -427660 nack_dec -1444200
Flow Uec_6_30 flowId 20 uecSrc 19 finished at 84685.6 total messages 1 total packets 24474 RTS 0 total bytes 100000764 in_flight now 0 fair_inc 5635809 prop_inc 340391 fast_inc 0 eta_inc 5370489 multi_dec -12000527 quick_dec -426408 nack_dec -1336300
Flow Uec_11_45 flowId 40 uecSrc 39 finished at 84825.6 total messages 1 total packets 24474 RTS 0 total bytes 100000764 in_flight now 0 fair_inc 5476231 prop_inc 435344 fast_inc 0 eta_inc 5440926 multi_dec -11802280 quick_dec -511396 nack_dec -1303100
Flow Uec_8_36 flowId 28 uecSrc 27 finished at 85092.8 total messages 1 total packets 24474 RTS 0 total bytes 100000764 in_flight now 0 fair_inc 5606822 prop_inc 469362 fast_inc 0 eta_inc 5379792 multi_dec -11869274 quick_dec -655112 nack_dec -1344600
Flow Uec_14_55 flowId 53 uecSrc 52 finished at 85098.8 total messages 1 total packets 24474 RTS 0 total bytes 100000764 in_flight now 0 fair_inc 5931117 prop_inc 324838 fast_inc 0 eta_inc 5544588 multi_dec -12473641 quick_dec -426927 nack_dec -1377800
Flow Uec_12_47 flowId 43 uecSrc 42 finished at 85108.5 total messages 1 total packets 24474 RTS 0 total bytes 100000764 in_flight now 0 fair_inc 5710482 prop_inc 369333 fast_inc 0 eta_inc 5495415 multi_dec -12271705 quick_dec -367631 nack_dec -1336300
Flow Uec_12_49 flowId 45 uecSrc 44 finished at 85182.2 total messages 1 total packets 24474 RTS 0 total bytes 100000764 in_flight now 0 fair_inc 5858622 prop_inc 382136 fast_inc 0 eta_inc 5544588 multi_dec -12208403 quick_dec -676351 nack_dec -1415150
Flow Uec_6_31 flowId 21 uecSrc 20 finished at 85195.7 total messages 1 total packets 24474 RTS 0 total bytes 100000764 in_flight now 0 fair_inc 5295375 prop_inc 586912 fast_inc 0 eta_inc 5347896 multi_dec -11560259 quick_dec -686943 nack_dec -1261600
Flow Uec_13_51 flowId 48 uecSrc 47 finished at 85259.4 total messages 1 total packets 24474 RTS 0 total bytes 100000764 in_flight now 0 fair_inc 5648439 prop_inc 403398 fast_inc 0 eta_inc 5579142 multi_dec -11980438 quick_dec -459386 nack_dec -1348750
Flow Uec_15_57 flowId 56 uecSrc 55 finished at 85474.7 total messages 1 total packets 24474 RTS 0 total bytes 100000764 in_flight now 0 fair_inc 5776849 prop_inc 387666 fast_inc 0 eta_inc 5483454 multi_dec -12129374 quick_dec -609765 nack_dec -1298950
Flow Uec_14_53 flowId 51 uecSrc 50 finished at 85488.9 total messages 1 total packets 24474 RTS 0 total bytes 100000764 in_flight now 0 fair_inc 5694857 prop_inc 411678 fast_inc 0 eta_inc 5531298 multi_dec -12105787 quick_dec -566607 nack_dec -1361200
Flow Uec_12_48 flowId 44 uecSrc 43 finished at 85569.8 total messages 1 total packets 24474 RTS 0 total bytes 100000764 in_flight now 0 fair_inc 5462393 prop_inc 482681 fast_inc 757739 eta_inc 5516679 multi_dec -11881091 quick_dec -553356 nack_dec -1381950
.........|.......Received SIGTERM at 930000 us, shutting down cleanly.
New: 1492914 Rtx: 15356 RTS: 0 Bounced: 0 ACKs: 1455513 NACKs: 15356 Pulls: 0 sleek_pkts: 0
SPURIOUS_COUNT 0
