Flow Uec_0_3 flowId 103 uecSrc 102 finished at 2617.68 total messages 1 total packets 15664 RTS 0 total bytes 64003104 in_flight now 0 fair_inc 0 prop_inc 5115758 fast_inc 16432174 eta_inc 259155 multi_dec -0 quick_dec -0 nack_dec -0
Flow Uec_1_2 flowId 89 uecSrc 88 finished at 2618.75 total messages 1 total packets 15664 RTS 0 total bytes 64003104 in_flight now 0 fair_inc 0 prop_inc 25672 fast_inc 35155160 eta_inc 260484 multi_dec -0 quick_dec -0 nack_dec -0
Flow Uec_60_62 flowId 117 uecSrc 116 finished at 2619.29 total messages 1 total packets 15664 RTS 0 total bytes 64003104 in_flight now 0 fair_inc 0 prop_inc 25670 fast_inc 35155160 eta_inc 260484 multi_dec -0 quick_dec -0 nack_dec -0
Flow Uec_2_4 flowId 93 uecSrc 92 finished at 2628.91 total messages 1 total packets 15664 RTS 0 total bytes 64003104 in_flight now 0 fair_inc 28109 prop_inc 2964612 fast_inc 0 eta_inc 261813 multi_dec -0 quick_dec -0 nack_dec -0
Flow Uec_12_0 flowId 112 uecSrc 111 finished at 2632.98 total messages 1 total packets 15664 RTS 0 total bytes 64003104 in_flight now 0 fair_inc 0 prop_inc 2752055 fast_inc 0 eta_inc 261813 multi_dec -0 quick_dec -0 nack_dec -0
Flow Uec_61_114 flowId 26 uecSrc 25 finished at 2634.91 total messages 1 total packets 15664 RTS 0 total bytes 64003104 in_flight now 0 fair_inc 68605 prop_inc 1623429 fast_inc 0 eta_inc 260484 multi_dec -0 quick_dec -0 nack_dec -0
Flow Uec_3_69 flowId 110 uecSrc 109 finished at 2640 total messages 1 total packets 15664 RTS 0 total bytes 64003104 in_flight now 0 fair_inc 242634 prop_inc 1287577 fast_inc 0 eta_inc 261813 multi_dec -0 quick_dec -0 nack_dec -0
Flow Uec_14_127 flowId 1 uecSrc 0 finished at 2651.6 total messages 1 total packets 15664 RTS 0 total bytes 64003104 in_flight now 0 fair_inc 213384 prop_inc 1201299 fast_inc 0 eta_inc 263142 multi_dec -0 quick_dec -0 nack_dec -0
Flow Uec_63_25 flowId 120 uecSrc 119 finished at 2655.34 total messages 1 total packets 15664 RTS 0 total bytes 64003104 in_flight now 0 fair_inc 253110 prop_inc 1303935 fast_inc 0 eta_inc 263142 multi_dec -1185 quick_dec -0 nack_dec -0
Flow Uec_62_68 flowId 111 uecSrc 110 finished at 2656.37 total messages 1 total packets 15664 RTS 0 total bytes 64003104 in_flight now 0 fair_inc 292520 prop_inc 1241711 fast_inc 0 eta_inc 264471 multi_dec -0 quick_dec -0 nack_dec -0
Flow Uec_120_63 flowId 68 uecSrc 67 finished at 2668.51 total messages 1 total packets 15664 RTS 0 total bytes 64003104 in_flight now 0 fair_inc 210520 prop_inc 937616 fast_inc 0 eta_inc 265800 multi_dec -0 quick_dec -0 nack_dec -4150
Flow Uec_27_1 flowId 87 uecSrc 86 finished at 2680.16 total messages 1 total packets 15664 RTS 0 total bytes 64003104 in_flight now 0 fair_inc 207473 prop_inc 1068835 fast_inc 0 eta_inc 267129 multi_dec -0 quick_dec -0 nack_dec -24900
Flow Uec_42_60 flowId 67 uecSrc 66 finished at 2680.96 total messages 1 total packets 15664 RTS 0 total bytes 64003104 in_flight now 0 fair_inc 228826 prop_inc 1018677 fast_inc 0 eta_inc 267129 multi_dec -780 quick_dec -0 nack_dec -12450
Flow Uec_95_15 flowId 5 uecSrc 4 finished at 2686.73 total messages 1 total packets 15664 RTS 0 total bytes 64003104 in_flight now 0 fair_inc 307226 prop_inc 1050514 fast_inc 0 eta_inc 267129 multi_dec -0 quick_dec -0 nack_dec -0
Flow Uec_96_59 flowId 41 uecSrc 40 finished at 2702.45 total messages 1 total packets 15664 RTS 0 total bytes 64003104 in_flight now 0 fair_inc 282871 prop_inc 1105002 fast_inc 0 eta_inc 268458 multi_dec -14028 quick_dec -0 nack_dec -4150
Flow Uec_57_52 flowId 118 uecSrc 117 finished at 2705.73 total messages 1 total packets 15664 RTS 0 total bytes 64003104 in_flight now 0 fair_inc 97389 prop_inc 2423274 fast_inc 0 eta_inc 269787 multi_dec -0 quick_dec -0 nack_dec -4150
Flow Uec_56_108 flowId 82 uecSrc 81 finished at 2710.19 total messages 1 total packets 15664 RTS 0 total bytes 64003104 in_flight now 0 fair_inc 302003 prop_inc 937891 fast_inc 0 eta_inc 269787 multi_dec -0 quick_dec -0 nack_dec -0
Flow Uec_108_7 flowId 126 uecSrc 125 finished at 2720.43 total messages 1 total packets 15664 RTS 0 total bytes 64003104 in_flight now 0 fair_inc 320703 prop_inc 927204 fast_inc 0 eta_inc 271116 multi_dec -1213 quick_dec -0 nack_dec -0
Flow Uec_23_115 flowId 70 uecSrc 69 finished at 2720.52 total messages 1 total packets 15664 RTS 0 total bytes 64003104 in_flight now 0 fair_inc 397618 prop_inc 996577 fast_inc 0 eta_inc 271116 multi_dec -520 quick_dec -0 nack_dec -4150
Flow Uec_22_117 flowId 29 uecSrc 28 finished at 2725.04 total messages 1 total packets 15664 RTS 0 total bytes 64003104 in_flight now 0 fair_inc 358221 prop_inc 978318 fast_inc 0 eta_inc 271116 multi_dec -18507 quick_dec -0 nack_dec -0
Flow Uec_70_112 flowId 80 uecSrc 79 finished at 2726.9 total messages 1 total packets 15664 RTS 0 total bytes 64003104 in_flight now 0 fair_inc 329868 prop_inc 939185 fast_inc 0 eta_inc 271116 multi_dec -1762 quick_dec -0 nack_dec -0
Flow Uec_71_66 flowId 3 uecSrc 2 finished at 2740.08 total messages 1 total packets 15664 RTS 0 total bytes 64003104 in_flight now 0 fair_inc 86477 prop_inc 2076675 fast_inc 0 eta_inc 272445 multi_dec -0 quick_dec -0 nack_dec -0
Flow Uec_102_61 flowId 125 uecSrc 124 finished at 2743.84 total messages 1 total packets 15664 RTS 0 total bytes 64003104 in_flight now 0 fair_inc 216438 prop_inc 984926 fast_inc 0 eta_inc 273774 multi_dec -79671 quick_dec -0 nack_dec -91300
Flow Uec_74_47 flowId 34 uecSrc 33 finished at 2744.38 total messages 1 total packets 15664 RTS 0 total bytes 64003104 in_flight now 0 fair_inc 312641 prop_inc 913560 fast_inc 0 eta_inc 273774 multi_dec -36539 quick_dec -0 nack_dec -4150
Flow Uec_118_58 flowId 105 uecSrc 104 finished at 2745.29 total messages 1 total packets 15664 RTS 0 total bytes 64003104 in_flight now 0 fair_inc 360355 prop_inc 923797 fast_inc 0 eta_inc 273774 multi_dec -2672 quick_dec -0 nack_dec -8300
Flow Uec_13_11 flowId 96 uecSrc 95 finished at 2749.46 total messages 1 total packets 15664 RTS 0 total bytes 64003104 in_flight now 0 fair_inc 109000 prop_inc 2057174 fast_inc 0 eta_inc 273774 multi_dec -0 quick_dec -0 nack_dec -0
Flow Uec_113_55 flowId 6 uecSrc 5 finished at 2749.71 total messages 1 total packets 15664 RTS 0 total bytes 64003104 in_flight now 0 fair_inc 303798 prop_inc 889693 fast_inc 0 eta_inc 273774 multi_dec -52515 quick_dec -0 nack_dec -33200
Flow Uec_93_86 flowId 92 uecSrc 91 finished at 2751.08 total messages 1 total packets 15664 RTS 0 total bytes 64003104 in_flight now 0 fair_inc 130489 prop_inc 2191705 fast_inc 0 eta_inc 273774 multi_dec -0 quick_dec -0 nack_dec -0
Flow Uec_52_75 flowId 32 uecSrc 31 finished at 2751.1 total messages 1 total packets 15664 RTS 0 total bytes 64003104 in_flight now 0 fair_inc 377631 prop_inc 1023474 fast_inc 0 eta_inc 273774 multi_dec -76494 quick_dec -0 nack_dec -16600
Flow Uec_107_51 flowId 36 uecSrc 35 finished at 2753.23 total messages 1 total packets 15664 RTS 0 total bytes 64003104 in_flight now 0 fair_inc 342789 prop_inc 973986 fast_inc 0 eta_inc 273774 multi_dec -50795 quick_dec -0 nack_dec -33200
Flow Uec_8_46 flowId 123 uecSrc 122 finished at 2754.77 total messages 1 total packets 15664 RTS 0 total bytes 64003104 in_flight now 0 fair_inc 298264 prop_inc 915516 fast_inc 0 eta_inc 273774 multi_dec -132747 quick_dec -0 nack_dec -45650
Flow Uec_99_77 flowId 11 uecSrc 10 finished at 2755.08 total messages 1 total packets 15664 RTS 0 total bytes 64003104 in_flight now 0 fair_inc 375353 prop_inc 947054 fast_inc 0 eta_inc 275103 multi_dec -26751 quick_dec -0 nack_dec -0
Flow Uec_104_37 flowId 79 uecSrc 78 finished at 2756.95 total messages 1 total packets 15664 RTS 0 total bytes 64003104 in_flight now 0 fair_inc 380435 prop_inc 875158 fast_inc 0 eta_inc 275103 multi_dec -11947 quick_dec -0 nack_dec -8300
Flow Uec_11_119 flowId 47 uecSrc 46 finished at 2758.49 total messages 1 total packets 15664 RTS 0 total bytes 64003104 in_flight now 0 fair_inc 287134 prop_inc 842340 fast_inc 0 eta_inc 275103 multi_dec -44762 quick_dec -0 nack_dec -37350
Flow Uec_111_106 flowId 71 uecSrc 70 finished at 2759.17 total messages 1 total packets 15664 RTS 0 total bytes 64003104 in_flight now 0 fair_inc 172949 prop_inc 2134023 fast_inc 0 eta_inc 273774 multi_dec -0 quick_dec -0 nack_dec -0
Flow Uec_119_96 flowId 81 uecSrc 80 finished at 2764.59 total messages 1 total packets 15664 RTS 0 total bytes 64003104 in_flight now 0 fair_inc 377756 prop_inc 858672 fast_inc 0 eta_inc 276432 multi_dec -72408 quick_dec -0 nack_dec -8300
Flow Uec_98_76 flowId 104 uecSrc 103 finished at 2766.3 total messages 1 total packets 15664 RTS 0 total bytes 64003104 in_flight now 0 fair_inc 397996 prop_inc 952477 fast_inc 0 eta_inc 275103 multi_dec -105323 quick_dec -0 nack_dec -0
Flow Uec_30_13 flowId 53 uecSrc 52 finished at 2766.36 total messages 1 total packets 15664 RTS 0 total bytes 64003104 in_flight now 0 fair_inc 285924 prop_inc 906055 fast_inc 0 eta_inc 276432 multi_dec -61924 quick_dec -0 nack_dec -45650
Flow Uec_79_56 flowId 24 uecSrc 23 finished at 2768.32 total messages 1 total packets 15664 RTS 0 total bytes 64003104 in_flight now 0 fair_inc 350827 prop_inc 850051 fast_inc 0 eta_inc 275103 multi_dec -97560 quick_dec -0 nack_dec -4150
Flow Uec_125_91 flowId 50 uecSrc 49 finished at 2769.3 total messages 1 total packets 15664 RTS 0 total bytes 64003104 in_flight now 0 fair_inc 351362 prop_inc 857894 fast_inc 0 eta_inc 275103 multi_dec -82926 quick_dec -0 nack_dec -24900
Flow Uec_21_107 flowId 21 uecSrc 20 finished at 2774.13 total messages 1 total packets 15664 RTS 0 total bytes 64003104 in_flight now 0 fair_inc 381279 prop_inc 846707 fast_inc 0 eta_inc 275103 multi_dec -3623 quick_dec -0 nack_dec -16600
Flow Uec_45_28 flowId 43 uecSrc 42 finished at 2775.79 total messages 1 total packets 15664 RTS 0 total bytes 64003104 in_flight now 0 fair_inc 428328 prop_inc 855307 fast_inc 0 eta_inc 276432 multi_dec -115503 quick_dec -0 nack_dec -0
Flow Uec_110_80 flowId 27 uecSrc 26 finished at 2777.57 total messages 1 total packets 15664 RTS 0 total bytes 64003104 in_flight now 0 fair_inc 380385 prop_inc 873620 fast_inc 0 eta_inc 276432 multi_dec -124173 quick_dec -0 nack_dec -0
Flow Uec_94_19 flowId 13 uecSrc 12 finished at 2777.98 total messages 1 total packets 15664 RTS 0 total bytes 64003104 in_flight now 0 fair_inc 440374 prop_inc 939972 fast_inc 0 eta_inc 276432 multi_dec -221460 quick_dec -0 nack_dec -4150
Flow Uec_109_32 flowId 94 uecSrc 93 finished at 2781.27 total messages 1 total packets 15664 RTS 0 total bytes 64003104 in_flight now 0 fair_inc 322507 prop_inc 926508 fast_inc 0 eta_inc 276432 multi_dec -233485 quick_dec -0 nack_dec -8300
Flow Uec_17_125 flowId 8 uecSrc 7 finished at 2781.66 total messages 1 total packets 15664 RTS 0 total bytes 64003104 in_flight now 0 fair_inc 382112 prop_inc 804891 fast_inc 0 eta_inc 276432 multi_dec -110842 quick_dec -0 nack_dec -0
Flow Uec_39_124 flowId 31 uecSrc 30 finished at 2781.96 total messages 1 total packets 15664 RTS 0 total bytes 64003104 in_flight now 0 fair_inc 352275 prop_inc 868759 fast_inc 0 eta_inc 276432 multi_dec -201724 quick_dec -0 nack_dec -74700
Flow Uec_55_78 flowId 107 uecSrc 106 finished at 2783.08 total messages 1 total packets 15664 RTS 0 total bytes 64003104 in_flight now 0 fair_inc 318602 prop_inc 968070 fast_inc 0 eta_inc 277761 multi_dec -178973 quick_dec -0 nack_dec -20750
Flow Uec_44_8 flowId 78 uecSrc 77 finished at 2783.36 total messages 1 total packets 15664 RTS 0 total bytes 64003104 in_flight now 0 fair_inc 373271 prop_inc 881985 fast_inc 0 eta_inc 276432 multi_dec -259461 quick_dec -0 nack_dec -0
Flow Uec_81_50 flowId 60 uecSrc 59 finished at 2787.2 total messages 1 total packets 15664 RTS 0 total bytes 64003104 in_flight now 0 fair_inc 420500 prop_inc 891651 fast_inc 0 eta_inc 276432 multi_dec -124625 quick_dec -0 nack_dec -62250
Flow Uec_37_103 flowId 74 uecSrc 73 finished at 2787.6 total messages 1 total packets 15664 RTS 0 total bytes 64003104 in_flight now 0 fair_inc 348010 prop_inc 847713 fast_inc 0 eta_inc 277761 multi_dec -53595 quick_dec -0 nack_dec -99600
Flow Uec_43_89 flowId 44 uecSrc 43 finished at 2790.89 total messages 1 total packets 15664 RTS 0 total bytes 64003104 in_flight now 0 fair_inc 356352 prop_inc 965516 fast_inc 0 eta_inc 277761 multi_dec -183067 quick_dec -0 nack_dec -29050
Flow Uec_69_10 flowId 90 uecSrc 89 finished at 2792.51 total messages 1 total packets 15664 RTS 0 total bytes 64003104 in_flight now 0 fair_inc 382432 prop_inc 788674 fast_inc 0 eta_inc 279090 multi_dec -101988 quick_dec -0 nack_dec -0
Flow Uec_28_14 flowId 83 uecSrc 82 finished at 2793.82 total messages 1 total packets 15664 RTS 0 total bytes 64003104 in_flight now 0 fair_inc 360298 prop_inc 864705 fast_inc 0 eta_inc 277761 multi_dec -248340 quick_dec -0 nack_dec -49800
Flow Uec_121_6 flowId 57 uecSrc 56 finished at 2793.93 total messages 1 total packets 15664 RTS 0 total bytes 64003104 in_flight now 0 fair_inc 354934 prop_inc 735703 fast_inc 0 eta_inc 279090 multi_dec -125040 quick_dec -0 nack_dec -4150
Flow Uec_114_57 flowId 88 uecSrc 87 finished at 2794.74 total messages 1 total packets 15664 RTS 0 total bytes 64003104 in_flight now 0 fair_inc 374330 prop_inc 818703 fast_inc 0 eta_inc 279090 multi_dec -97728 quick_dec -0 nack_dec -74700
Flow Uec_6_48 flowId 39 uecSrc 38 finished at 2795.63 total messages 1 total packets 15664 RTS 0 total bytes 64003104 in_flight now 0 fair_inc 306927 prop_inc 813861 fast_inc 0 eta_inc 279090 multi_dec -70460 quick_dec -0 nack_dec -107900
Flow Uec_97_111 flowId 124 uecSrc 123 finished at 2796.09 total messages 1 total packets 15664 RTS 0 total bytes 64003104 in_flight now 0 fair_inc 195030 prop_inc 2238583 fast_inc 0 eta_inc 277761 multi_dec -0 quick_dec -0 nack_dec -4150
Flow Uec_101_90 flowId 46 uecSrc 45 finished at 2798.55 total messages 1 total packets 15664 RTS 0 total bytes 64003104 in_flight now 0 fair_inc 350686 prop_inc 892455 fast_inc 0 eta_inc 279090 multi_dec -194648 quick_dec -0 nack_dec -107900
Flow Uec_49_100 flowId 108 uecSrc 107 finished at 2798.65 total messages 1 total packets 15664 RTS 0 total bytes 64003104 in_flight now 0 fair_inc 295346 prop_inc 873526 fast_inc 0 eta_inc 279090 multi_dec -287025 quick_dec -0 nack_dec -41500
Flow Uec_4_118 flowId 9 uecSrc 8 finished at 2802.18 total messages 1 total packets 15664 RTS 0 total bytes 64003104 in_flight now 0 fair_inc 353625 prop_inc 805741 fast_inc 0 eta_inc 280419 multi_dec -119160 quick_dec -0 nack_dec -87150
Flow Uec_35_88 flowId 45 uecSrc 44 finished at 2803.59 total messages 1 total packets 15664 RTS 0 total bytes 64003104 in_flight now 0 fair_inc 361139 prop_inc 948867 fast_inc 0 eta_inc 279090 multi_dec -190653 quick_dec -0 nack_dec -58100
Flow Uec_80_36 flowId 16 uecSrc 15 finished at 2806.05 total messages 1 total packets 15664 RTS 0 total bytes 64003104 in_flight now 0 fair_inc 468427 prop_inc 775097 fast_inc 0 eta_inc 279090 multi_dec -23089 quick_dec -0 nack_dec -37350
Flow Uec_88_54 flowId 33 uecSrc 32 finished at 2806.74 total messages 1 total packets 15664 RTS 0 total bytes 64003104 in_flight now 0 fair_inc 386987 prop_inc 825457 fast_inc 0 eta_inc 279090 multi_dec -105824 quick_dec -0 nack_dec -70550
Flow Uec_16_101 flowId 20 uecSrc 19 finished at 2807.2 total messages 1 total packets 15664 RTS 0 total bytes 64003104 in_flight now 0 fair_inc 335517 prop_inc 812999 fast_inc 0 eta_inc 279090 multi_dec -209331 quick_dec -0 nack_dec -4150
Flow Uec_48_45 flowId 115 uecSrc 114 finished at 2808.01 total messages 1 total packets 15664 RTS 0 total bytes 64003104 in_flight now 0 fair_inc 373749 prop_inc 792471 fast_inc 0 eta_inc 280419 multi_dec -89525 quick_dec -0 nack_dec -20750
Flow Uec_127_22 flowId 100 uecSrc 99 finished at 2813.22 total messages 1 total packets 15664 RTS 0 total bytes 64003104 in_flight now 0 fair_inc 405270 prop_inc 808005 fast_inc 0 eta_inc 280419 multi_dec -167429 quick_dec -0 nack_dec -4150
Flow Uec_9_84 flowId 30 uecSrc 29 finished at 2813.84 total messages 1 total packets 15664 RTS 0 total bytes 64003104 in_flight now 0 fair_inc 319578 prop_inc 839356 fast_inc 0 eta_inc 279090 multi_dec -309293 quick_dec -0 nack_dec -41500
Flow Uec_117_81 flowId 101 uecSrc 100 finished at 2816 total messages 1 total packets 15664 RTS 0 total bytes 64003104 in_flight now 0 fair_inc 409603 prop_inc 867961 fast_inc 0 eta_inc 280419 multi_dec -242228 quick_dec -0 nack_dec -8300
Flow Uec_32_72 flowId 122 uecSrc 121 finished at 2816.62 total messages 1 total packets 15664 RTS 0 total bytes 64003104 in_flight now 0 fair_inc 394113 prop_inc 825204 fast_inc 0 eta_inc 280419 multi_dec -215449 quick_dec -0 nack_dec -41500
Flow Uec_18_126 flowId 62 uecSrc 61 finished at 2817.26 total messages 1 total packets 15664 RTS 0 total bytes 64003104 in_flight now 0 fair_inc 421622 prop_inc 811062 fast_inc 0 eta_inc 280419 multi_dec -221970 quick_dec -0 nack_dec -4150
Flow Uec_85_102 flowId 65 uecSrc 64 finished at 2818.43 total messages 1 total packets 15664 RTS 0 total bytes 64003104 in_flight now 0 fair_inc 349448 prop_inc 941592 fast_inc 0 eta_inc 280419 multi_dec -436698 quick_dec -0 nack_dec -41500
Flow Uec_34_109 flowId 128 uecSrc 127 finished at 2821.45 total messages 1 total packets 15664 RTS 0 total bytes 64003104 in_flight now 0 fair_inc 391959 prop_inc 867587 fast_inc 0 eta_inc 280419 multi_dec -394324 quick_dec -0 nack_dec -16600
Flow Uec_122_116 flowId 14 uecSrc 13 finished at 2822.76 total messages 1 total packets 15664 RTS 0 total bytes 64003104 in_flight now 0 fair_inc 167803 prop_inc 1806691 fast_inc 0 eta_inc 280419 multi_dec -0 quick_dec -0 nack_dec -0
Flow Uec_53_83 flowId 72 uecSrc 71 finished at 2826.06 total messages 1 total packets 15664 RTS 0 total bytes 64003104 in_flight now 0 fair_inc 366061 prop_inc 845662 fast_inc 0 eta_inc 281748 multi_dec -255331 quick_dec -0 nack_dec -12450
Flow Uec_100_53 flowId 114 uecSrc 113 finished at 2826.27 total messages 1 total packets 15664 RTS 0 total bytes 64003104 in_flight now 0 fair_inc 312625 prop_inc 830815 fast_inc 0 eta_inc 281748 multi_dec -229085 quick_dec -0 nack_dec -99600
Flow Uec_5_113 flowId 42 uecSrc 41 finished at 2826.58 total messages 1 total packets 15664 RTS 0 total bytes 64003104 in_flight now 0 fair_inc 328548 prop_inc 827198 fast_inc 0 eta_inc 281748 multi_dec -268181 quick_dec -0 nack_dec -128650
Flow Uec_84_99 flowId 7 uecSrc 6 finished at 2827.27 total messages 1 total packets 15664 RTS 0 total bytes 64003104 in_flight now 0 fair_inc 334628 prop_inc 815088 fast_inc 0 eta_inc 281748 multi_dec -367205 quick_dec -0 nack_dec -12450
Flow Uec_83_104 flowId 116 uecSrc 115 finished at 2830.43 total messages 1 total packets 15664 RTS 0 total bytes 64003104 in_flight now 0 fair_inc 453045 prop_inc 781770 fast_inc 0 eta_inc 281748 multi_dec -236105 quick_dec -0 nack_dec -12450
Flow Uec_66_49 flowId 48 uecSrc 47 finished at 2832.25 total messages 1 total packets 15664 RTS 0 total bytes 64003104 in_flight now 0 fair_inc 368454 prop_inc 886035 fast_inc 0 eta_inc 281748 multi_dec -354895 quick_dec -0 nack_dec -37350
Flow Uec_91_31 flowId 85 uecSrc 84 finished at 2832.38 total messages 1 total packets 15664 RTS 0 total bytes 64003104 in_flight now 0 fair_inc 459330 prop_inc 742583 fast_inc 0 eta_inc 283077 multi_dec -212006 quick_dec -0 nack_dec -87150
Flow Uec_87_17 flowId 15 uecSrc 14 finished at 2834.04 total messages 1 total packets 15664 RTS 0 total bytes 64003104 in_flight now 0 fair_inc 375955 prop_inc 911842 fast_inc 0 eta_inc 281748 multi_dec -376903 quick_dec -0 nack_dec -29050
Flow Uec_24_39 flowId 64 uecSrc 63 finished at 2835.01 total messages 1 total packets 15664 RTS 0 total bytes 64003104 in_flight now 0 fair_inc 405912 prop_inc 840241 fast_inc 0 eta_inc 281748 multi_dec -239300 quick_dec -0 nack_dec -41500
Flow Uec_92_120 flowId 99 uecSrc 98 finished at 2837.8 total messages 1 total packets 15664 RTS 0 total bytes 64003104 in_flight now 0 fair_inc 441890 prop_inc 968519 fast_inc 0 eta_inc 283077 multi_dec -546274 quick_dec -0 nack_dec -0
Flow Uec_73_41 flowId 69 uecSrc 68 finished at 2837.97 total messages 1 total packets 15664 RTS 0 total bytes 64003104 in_flight now 0 fair_inc 445303 prop_inc 747021 fast_inc 0 eta_inc 281748 multi_dec -181656 quick_dec -0 nack_dec -8300
Flow Uec_59_71 flowId 40 uecSrc 39 finished at 2840.2 total messages 1 total packets 15664 RTS 0 total bytes 64003104 in_flight now 0 fair_inc 396604 prop_inc 751953 fast_inc 0 eta_inc 283077 multi_dec -209848 quick_dec -0 nack_dec -4150
Flow Uec_123_64 flowId 119 uecSrc 118 finished at 2841.04 total messages 1 total packets 15664 RTS 0 total bytes 64003104 in_flight now 0 fair_inc 415142 prop_inc 692469 fast_inc 0 eta_inc 283077 multi_dec -196640 quick_dec -0 nack_dec -4150
Flow Uec_78_21 flowId 77 uecSrc 76 finished at 2841.6 total messages 1 total packets 15664 RTS 0 total bytes 64003104 in_flight now 0 fair_inc 461866 prop_inc 834291 fast_inc 0 eta_inc 283077 multi_dec -300752 quick_dec -0 nack_dec -12450
Flow Uec_106_79 flowId 109 uecSrc 108 finished at 2844.26 total messages 1 total packets 15664 RTS 0 total bytes 64003104 in_flight now 0 fair_inc 398397 prop_inc 836579 fast_inc 0 eta_inc 283077 multi_dec -236579 quick_dec -0 nack_dec -33200
Flow Uec_86_73 flowId 28 uecSrc 27 finished at 2855.1 total messages 1 total packets 15664 RTS 0 total bytes 64003104 in_flight now 0 fair_inc 406793 prop_inc 994193 fast_inc 0 eta_inc 284406 multi_dec -493321 quick_dec -0 nack_dec -20750
Flow Uec_46_43 flowId 2 uecSrc 1 finished at 2855.78 total messages 1 total packets 15664 RTS 0 total bytes 64003104 in_flight now 0 fair_inc 206210 prop_inc 1865461 fast_inc 0 eta_inc 284406 multi_dec -0 quick_dec -0 nack_dec -0
Flow Uec_19_24 flowId 63 uecSrc 62 finished at 2858.86 total messages 1 total packets 15664 RTS 0 total bytes 64003104 in_flight now 0 fair_inc 171664 prop_inc 1684995 fast_inc 0 eta_inc 285735 multi_dec -0 quick_dec -0 nack_dec -0
Flow Uec_25_87 flowId 56 uecSrc 55 finished at 2859.78 total messages 1 total packets 15664 RTS 0 total bytes 64003104 in_flight now 0 fair_inc 387025 prop_inc 825142 fast_inc 0 eta_inc 285735 multi_dec -356263 quick_dec -0 nack_dec -29050
Flow Uec_68_26 flowId 61 uecSrc 60 finished at 2865.37 total messages 1 total packets 15664 RTS 0 total bytes 64003104 in_flight now 0 fair_inc 368105 prop_inc 768254 fast_inc 0 eta_inc 285735 multi_dec -437727 quick_dec -0 nack_dec -0
Flow Uec_15_70 flowId 121 uecSrc 120 finished at 2867.08 total messages 1 total packets 15664 RTS 0 total bytes 64003104 in_flight now 0 fair_inc 435138 prop_inc 824505 fast_inc 0 eta_inc 285735 multi_dec -485555 quick_dec -0 nack_dec -0
Flow Uec_72_121 flowId 127 uecSrc 126 finished at 2872.98 total messages 1 total packets 15664 RTS 0 total bytes 64003104 in_flight now 0 fair_inc 415760 prop_inc 843657 fast_inc 0 eta_inc 287064 multi_dec -430096 quick_dec -0 nack_dec -20750
Flow Uec_67_34 flowId 84 uecSrc 83 finished at 2873.03 total messages 1 total packets 15664 RTS 0 total bytes 64003104 in_flight now 0 fair_inc 362288 prop_inc 804946 fast_inc 0 eta_inc 285735 multi_dec -377458 quick_dec -0 nack_dec -41500
Flow Uec_47_27 flowId 51 uecSrc 50 finished at 2875.07 total messages 1 total packets 15664 RTS 0 total bytes 64003104 in_flight now 0 fair_inc 387568 prop_inc 775922 fast_inc 0 eta_inc 285735 multi_dec -461953 quick_dec -0 nack_dec -0
Flow Uec_36_85 flowId 4 uecSrc 3 finished at 2877.6 total messages 1 total packets 15664 RTS 0 total bytes 64003104 in_flight now 0 fair_inc 383040 prop_inc 828020 fast_inc 0 eta_inc 287064 multi_dec -351710 quick_dec -0 nack_dec -95450
Flow Uec_29_74 flowId 98 uecSrc 97 finished at 2878.63 total messages 1 total packets 15664 RTS 0 total bytes 64003104 in_flight now 0 fair_inc 430101 prop_inc 753050 fast_inc 0 eta_inc 287064 multi_dec -303105 quick_dec -0 nack_dec -53950
Flow Uec_76_123 flowId 12 uecSrc 11 finished at 2878.97 total messages 1 total packets 15664 RTS 0 total bytes 64003104 in_flight now 0 fair_inc 411655 prop_inc 781207 fast_inc 0 eta_inc 287064 multi_dec -484418 quick_dec -0 nack_dec -12450
Flow Uec_64_82 flowId 66 uecSrc 65 finished at 2880.79 total messages 1 total packets 15664 RTS 0 total bytes 64003104 in_flight now 0 fair_inc 469329 prop_inc 733313 fast_inc 0 eta_inc 287064 multi_dec -317075 quick_dec -0 nack_dec -16600
Flow Uec_124_18 flowId 18 uecSrc 17 finished at 2890.55 total messages 1 total packets 15664 RTS 0 total bytes 64003104 in_flight now 0 fair_inc 365016 prop_inc 823731 fast_inc 0 eta_inc 288393 multi_dec -523460 quick_dec -0 nack_dec -29050
Flow Uec_65_16 flowId 58 uecSrc 57 finished at 2890.82 total messages 1 total packets 15664 RTS 0 total bytes 64003104 in_flight now 0 fair_inc 332594 prop_inc 917590 fast_inc 0 eta_inc 287064 multi_dec -731755 quick_dec -0 nack_dec -29050
Flow Uec_41_110 flowId 22 uecSrc 21 finished at 2895.17 total messages 1 total packets 15664 RTS 0 total bytes 64003104 in_flight now 0 fair_inc 395470 prop_inc 934217 fast_inc 0 eta_inc 288393 multi_dec -629057 quick_dec -0 nack_dec -24900
Flow Uec_90_38 flowId 52 uecSrc 51 finished at 2901.93 total messages 1 total packets 15664 RTS 0 total bytes 64003104 in_flight now 0 fair_inc 440296 prop_inc 765344 fast_inc 0 eta_inc 288393 multi_dec -447758 quick_dec -0 nack_dec -95450
Flow Uec_89_29 flowId 102 uecSrc 101 finished at 2902.45 total messages 1 total packets 15664 RTS 0 total bytes 64003104 in_flight now 0 fair_inc 451096 prop_inc 764454 fast_inc 0 eta_inc 289722 multi_dec -374723 quick_dec -0 nack_dec -107900
Flow Uec_50_94 flowId 35 uecSrc 34 finished at 2905.79 total messages 1 total packets 15664 RTS 0 total bytes 64003104 in_flight now 0 fair_inc 377987 prop_inc 837928 fast_inc 0 eta_inc 289722 multi_dec -647355 quick_dec -0 nack_dec -24900
Flow Uec_75_23 flowId 97 uecSrc 96 finished at 2907.14 total messages 1 total packets 15664 RTS 0 total bytes 64003104 in_flight now 0 fair_inc 388045 prop_inc 983626 fast_inc 0 eta_inc 289722 multi_dec -863872 quick_dec -0 nack_dec -0
Flow Uec_77_42 flowId 106 uecSrc 105 finished at 2909.05 total messages 1 total packets 15664 RTS 0 total bytes 64003104 in_flight now 0 fair_inc 499354 prop_inc 743420 fast_inc 0 eta_inc 289722 multi_dec -388121 quick_dec -0 nack_dec -8300
Flow Uec_105_92 flowId 25 uecSrc 24 finished at 2909.14 total messages 1 total packets 15664 RTS 0 total bytes 64003104 in_flight now 0 fair_inc 375589 prop_inc 911801 fast_inc 0 eta_inc 289722 multi_dec -578510 quick_dec -0 nack_dec -33200
Flow Uec_40_98 flowId 95 uecSrc 94 finished at 2913.05 total messages 1 total packets 15664 RTS 0 total bytes 64003104 in_flight now 0 fair_inc 314103 prop_inc 960363 fast_inc 0 eta_inc 289722 multi_dec -684898 quick_dec -0 nack_dec -45650
Flow Uec_82_20 flowId 76 uecSrc 75 finished at 2914.44 total messages 1 total packets 15664 RTS 0 total bytes 64003104 in_flight now 0 fair_inc 466514 prop_inc 721630 fast_inc 0 eta_inc 289722 multi_dec -482350 quick_dec -0 nack_dec -49800
Flow Uec_38_5 flowId 17 uecSrc 16 finished at 2914.97 total messages 1 total packets 15664 RTS 0 total bytes 64003104 in_flight now 0 fair_inc 335050 prop_inc 845665 fast_inc 0 eta_inc 291051 multi_dec -642459 quick_dec -0 nack_dec -53950
Flow Uec_112_65 flowId 49 uecSrc 48 finished at 2915.8 total messages 1 total packets 15664 RTS 0 total bytes 64003104 in_flight now 0 fair_inc 390921 prop_inc 807903 fast_inc 0 eta_inc 291051 multi_dec -582206 quick_dec -0 nack_dec -58100
Flow Uec_31_12 flowId 59 uecSrc 58 finished at 2920.68 total messages 1 total packets 15664 RTS 0 total bytes 64003104 in_flight now 0 fair_inc 386411 prop_inc 854550 fast_inc 0 eta_inc 291051 multi_dec -717571 quick_dec -0 nack_dec -58100
Flow Uec_7_30 flowId 19 uecSrc 18 finished at 2921.08 total messages 1 total packets 15664 RTS 0 total bytes 64003104 in_flight now 0 fair_inc 363299 prop_inc 852768 fast_inc 0 eta_inc 291051 multi_dec -567603 quick_dec -0 nack_dec -99600
Flow Uec_54_35 flowId 86 uecSrc 85 finished at 2924.19 total messages 1 total packets 15664 RTS 0 total bytes 64003104 in_flight now 0 fair_inc 341836 prop_inc 967285 fast_inc 0 eta_inc 291051 multi_dec -670164 quick_dec -0 nack_dec -24900
Flow Uec_116_122 flowId 55 uecSrc 54 finished at 2925.91 total messages 1 total packets 15664 RTS 0 total bytes 64003104 in_flight now 0 fair_inc 251765 prop_inc 1678756 fast_inc 0 eta_inc 291051 multi_dec -1605 quick_dec -0 nack_dec -29050
Flow Uec_103_67 flowId 73 uecSrc 72 finished at 2926.57 total messages 1 total packets 15664 RTS 0 total bytes 64003104 in_flight now 0 fair_inc 363839 prop_inc 804166 fast_inc 0 eta_inc 291051 multi_dec -479345 quick_dec -0 nack_dec -87150
Flow Uec_115_9 flowId 91 uecSrc 90 finished at 2927.67 total messages 1 total packets 15664 RTS 0 total bytes 64003104 in_flight now 0 fair_inc 310213 prop_inc 800999 fast_inc 0 eta_inc 292380 multi_dec -652966 quick_dec -0 nack_dec -78850
Flow Uec_58_93 flowId 75 uecSrc 74 finished at 2931.38 total messages 1 total packets 15664 RTS 0 total bytes 64003104 in_flight now 0 fair_inc 481126 prop_inc 903227 fast_inc 0 eta_inc 292380 multi_dec -676330 quick_dec -0 nack_dec -33200
Flow Uec_126_97 flowId 54 uecSrc 53 finished at 2951.38 total messages 1 total packets 15664 RTS 0 total bytes 64003104 in_flight now 0 fair_inc 399418 prop_inc 963116 fast_inc 0 eta_inc 293709 multi_dec -811624 quick_dec -0 nack_dec -58100
Flow Uec_33_105 flowId 37 uecSrc 36 finished at 2957.14 total messages 1 total packets 15664 RTS 0 total bytes 64003104 in_flight now 0 fair_inc 364491 prop_inc 972952 fast_inc 0 eta_inc 295038 multi_dec -935234 quick_dec -0 nack_dec -41500
Flow Uec_26_44 flowId 113 uecSrc 112 finished at 2985.46 total messages 1 total packets 15664 RTS 0 total bytes 64003104 in_flight now 0 fair_inc 435514 prop_inc 973305 fast_inc 0 eta_inc 296367 multi_dec -881153 quick_dec -0 nack_dec -49800
Flow Uec_20_40 flowId 23 uecSrc 22 finished at 2993.98 total messages 1 total packets 15664 RTS 0 total bytes 64003104 in_flight now 0 fair_inc 539471 prop_inc 862122 fast_inc 0 eta_inc 297696 multi_dec -674057 quick_dec -0 nack_dec -33200
Flow Uec_10_33 flowId 38 uecSrc 37 finished at 3039.72 total messages 1 total packets 15664 RTS 0 total bytes 64003104 in_flight now 0 fair_inc 363805 prop_inc 968323 fast_inc 0 eta_inc 301683 multi_dec -960339 quick_dec -0 nack_dec -45650
Flow Uec_51_95 flowId 10 uecSrc 9 finished at 3048.08 total messages 1 total packets 15664 RTS 0 total bytes 64003104 in_flight now 0 fair_inc 413853 prop_inc 994786 fast_inc 0 eta_inc 304341 multi_dec -1123373 quick_dec -0 nack_dec -45650
.Received SIGTERM at 76000 us, shutting down cleanly.
New: 2004992 Rtx: 871 RTS: 0 Bounced: 0 ACKs: 817233 NACKs: 871 Pulls: 0 sleek_pkts: 0
SPURIOUS_COUNT 0
