Flow Uec_60_62 flowId 117 uecSrc 116 finished at 2612.55 total messages 1 total packets 15664 RTS 0 total bytes 64003104 in_flight now 0 fair_inc 0 prop_inc 5237095 fast_inc 15739251 eta_inc 259155 multi_dec -0 quick_dec -0 nack_dec -0
Flow Uec_0_3 flowId 103 uecSrc 102 finished at 2625.97 total messages 1 total packets 15664 RTS 0 total bytes 64003104 in_flight now 0 fair_inc 0 prop_inc 25738 fast_inc 35155160 eta_inc 260484 multi_dec -0 quick_dec -0 nack_dec -0
Flow Uec_1_2 flowId 89 uecSrc 88 finished at 2628.19 total messages 1 total packets 15664 RTS 0 total bytes 64003104 in_flight now 0 fair_inc 0 prop_inc 8876813 fast_inc 1799800 eta_inc 261813 multi_dec -0 quick_dec -0 nack_dec -0
Flow Uec_19_24 flowId 63 uecSrc 62 finished at 3264.3 total messages 1 total packets 15664 RTS 0 total bytes 64003104 in_flight now 0 fair_inc 9434 prop_inc 1242792 fast_inc 0 eta_inc 325605 multi_dec -0 quick_dec -0 nack_dec -224100
Flow Uec_57_52 flowId 118 uecSrc 117 finished at 3289.11 total messages 1 total packets 15664 RTS 0 total bytes 64003104 in_flight now 0 fair_inc 12149 prop_inc 1221820 fast_inc 0 eta_inc 326934 multi_dec -0 quick_dec -0 nack_dec -190900
Flow Uec_46_43 flowId 2 uecSrc 1 finished at 3306.71 total messages 1 total packets 15664 RTS 0 total bytes 64003104 in_flight now 0 fair_inc 0 prop_inc 1288526 fast_inc 0 eta_inc 328263 multi_dec -0 quick_dec -0 nack_dec -211650
Flow Uec_2_4 flowId 93 uecSrc 92 finished at 3323.61 total messages 1 total packets 15664 RTS 0 total bytes 64003104 in_flight now 0 fair_inc 12231 prop_inc 812580 fast_inc 0 eta_inc 333579 multi_dec -0 quick_dec -0 nack_dec -95450
Flow Uec_97_111 flowId 124 uecSrc 123 finished at 3385.39 total messages 1 total packets 15664 RTS 0 total bytes 64003104 in_flight now 0 fair_inc 20673 prop_inc 1012708 fast_inc 0 eta_inc 336237 multi_dec -0 quick_dec -0 nack_dec -207500
Flow Uec_93_86 flowId 92 uecSrc 91 finished at 3393.86 total messages 1 total packets 15664 RTS 0 total bytes 64003104 in_flight now 0 fair_inc 38209 prop_inc 1004615 fast_inc 0 eta_inc 337566 multi_dec -0 quick_dec -0 nack_dec -211650
Flow Uec_111_106 flowId 71 uecSrc 70 finished at 3395.11 total messages 1 total packets 15664 RTS 0 total bytes 64003104 in_flight now 0 fair_inc 18939 prop_inc 930066 fast_inc 0 eta_inc 338895 multi_dec -0 quick_dec -0 nack_dec -149400
Flow Uec_71_66 flowId 3 uecSrc 2 finished at 3453.53 total messages 1 total packets 15664 RTS 0 total bytes 64003104 in_flight now 0 fair_inc 26796 prop_inc 863075 fast_inc 0 eta_inc 344211 multi_dec -0 quick_dec -0 nack_dec -211650
Flow Uec_122_116 flowId 14 uecSrc 13 finished at 3498.93 total messages 1 total packets 15664 RTS 0 total bytes 64003104 in_flight now 0 fair_inc 61641 prop_inc 696164 fast_inc 0 eta_inc 349527 multi_dec -0 quick_dec -0 nack_dec -170150
Flow Uec_116_122 flowId 55 uecSrc 54 finished at 3533.07 total messages 1 total packets 15664 RTS 0 total bytes 64003104 in_flight now 0 fair_inc 55672 prop_inc 653392 fast_inc 0 eta_inc 352185 multi_dec -0 quick_dec -0 nack_dec -182600
Flow Uec_12_0 flowId 112 uecSrc 111 finished at 4642.95 total messages 1 total packets 15664 RTS 0 total bytes 64003104 in_flight now 0 fair_inc 762516 prop_inc 150258 fast_inc 0 eta_inc 465150 multi_dec -1171077 quick_dec -0 nack_dec -211650
Flow Uec_13_11 flowId 96 uecSrc 95 finished at 5668.17 total messages 1 total packets 15664 RTS 0 total bytes 64003104 in_flight now 0 fair_inc 1009193 prop_inc 579266 fast_inc 0 eta_inc 564825 multi_dec -1513469 quick_dec -0 nack_dec -240700
Flow Uec_5_113 flowId 42 uecSrc 41 finished at 10946.6 total messages 1 total packets 15664 RTS 0 total bytes 64003104 in_flight now 0 fair_inc 3138162 prop_inc 1133390 fast_inc 0 eta_inc 1043265 multi_dec -5377320 quick_dec -27530 nack_dec -477250
Flow Uec_8_46 flowId 123 uecSrc 122 finished at 11713.9 total messages 1 total packets 15664 RTS 0 total bytes 64003104 in_flight now 0 fair_inc 3151402 prop_inc 1214958 fast_inc 0 eta_inc 1126992 multi_dec -5541140 quick_dec -0 nack_dec -464800
Flow Uec_115_9 flowId 91 uecSrc 90 finished at 11812.6 total messages 1 total packets 15664 RTS 0 total bytes 64003104 in_flight now 0 fair_inc 3076720 prop_inc 979042 fast_inc 0 eta_inc 1107057 multi_dec -5137121 quick_dec -78256 nack_dec -518750
Flow Uec_27_1 flowId 87 uecSrc 86 finished at 11898.1 total messages 1 total packets 15664 RTS 0 total bytes 64003104 in_flight now 0 fair_inc 2767430 prop_inc 1250899 fast_inc 0 eta_inc 1134966 multi_dec -4881113 quick_dec -79793 nack_dec -701350
Flow Uec_10_33 flowId 38 uecSrc 37 finished at 12467.8 total messages 1 total packets 15664 RTS 0 total bytes 64003104 in_flight now 0 fair_inc 3149701 prop_inc 1233172 fast_inc 0 eta_inc 1186797 multi_dec -5598836 quick_dec -38731 nack_dec -460650
Flow Uec_3_69 flowId 110 uecSrc 109 finished at 13037.4 total messages 1 total packets 15664 RTS 0 total bytes 64003104 in_flight now 0 fair_inc 3451736 prop_inc 1215347 fast_inc 0 eta_inc 1241286 multi_dec -6051188 quick_dec -21030 nack_dec -361050
Flow Uec_6_48 flowId 39 uecSrc 38 finished at 13051.3 total messages 1 total packets 15664 RTS 0 total bytes 64003104 in_flight now 0 fair_inc 3399026 prop_inc 1330064 fast_inc 0 eta_inc 1242615 multi_dec -5889681 quick_dec -70793 nack_dec -506300
Flow Uec_7_30 flowId 19 uecSrc 18 finished at 13438.3 total messages 1 total packets 15664 RTS 0 total bytes 64003104 in_flight now 0 fair_inc 3533076 prop_inc 1313325 fast_inc 0 eta_inc 1285143 multi_dec -6116025 quick_dec -23176 nack_dec -510450
Flow Uec_28_14 flowId 83 uecSrc 82 finished at 13707.2 total messages 1 total packets 15664 RTS 0 total bytes 64003104 in_flight now 0 fair_inc 3410247 prop_inc 1292098 fast_inc 0 eta_inc 1286472 multi_dec -5942411 quick_dec -69266 nack_dec -593450
Flow Uec_31_12 flowId 59 uecSrc 58 finished at 13815.2 total messages 1 total packets 15664 RTS 0 total bytes 64003104 in_flight now 0 fair_inc 3355740 prop_inc 1296115 fast_inc 0 eta_inc 1297104 multi_dec -5683958 quick_dec -53349 nack_dec -693050
Flow Uec_9_84 flowId 30 uecSrc 29 finished at 13907.4 total messages 1 total packets 15664 RTS 0 total bytes 64003104 in_flight now 0 fair_inc 3829273 prop_inc 1113887 fast_inc 0 eta_inc 1309065 multi_dec -6078692 quick_dec -127921 nack_dec -527050
Flow Uec_30_13 flowId 53 uecSrc 52 finished at 13985.9 total messages 1 total packets 15664 RTS 0 total bytes 64003104 in_flight now 0 fair_inc 3289191 prop_inc 1322323 fast_inc 0 eta_inc 1319697 multi_dec -5842796 quick_dec -50970 nack_dec -605900
Flow Uec_4_118 flowId 9 uecSrc 8 finished at 14022.7 total messages 1 total packets 15664 RTS 0 total bytes 64003104 in_flight now 0 fair_inc 3629788 prop_inc 1100084 fast_inc 0 eta_inc 1298433 multi_dec -6155032 quick_dec -16813 nack_dec -473100
Flow Uec_121_6 flowId 57 uecSrc 56 finished at 14155.5 total messages 1 total packets 15664 RTS 0 total bytes 64003104 in_flight now 0 fair_inc 3855279 prop_inc 1033436 fast_inc 0 eta_inc 1318368 multi_dec -6356922 quick_dec --411 nack_dec -614200
Flow Uec_11_119 flowId 47 uecSrc 46 finished at 14196 total messages 1 total packets 15664 RTS 0 total bytes 64003104 in_flight now 0 fair_inc 3796781 prop_inc 1261594 fast_inc 0 eta_inc 1327671 multi_dec -6392735 quick_dec -7427 nack_dec -464800
Flow Uec_126_97 flowId 54 uecSrc 53 finished at 14250.9 total messages 1 total packets 15664 RTS 0 total bytes 64003104 in_flight now 0 fair_inc 3500312 prop_inc 1248327 fast_inc 0 eta_inc 1338303 multi_dec -6122632 quick_dec -53739 nack_dec -556100
Flow Uec_95_15 flowId 5 uecSrc 4 finished at 14307.6 total messages 1 total packets 15664 RTS 0 total bytes 64003104 in_flight now 0 fair_inc 3960370 prop_inc 1128161 fast_inc 0 eta_inc 1354251 multi_dec -6377147 quick_dec -64241 nack_dec -564400
Flow Uec_44_8 flowId 78 uecSrc 77 finished at 14745 total messages 1 total packets 15664 RTS 0 total bytes 64003104 in_flight now 0 fair_inc 4066448 prop_inc 1025541 fast_inc 0 eta_inc 1374186 multi_dec -6437172 quick_dec -58376 nack_dec -672300
Flow Uec_108_7 flowId 126 uecSrc 125 finished at 14839 total messages 1 total packets 15664 RTS 0 total bytes 64003104 in_flight now 0 fair_inc 3757010 prop_inc 1143238 fast_inc 0 eta_inc 1371528 multi_dec -6509447 quick_dec --2580 nack_dec -597600
Flow Uec_102_61 flowId 125 uecSrc 124 finished at 14854.9 total messages 1 total packets 15664 RTS 0 total bytes 64003104 in_flight now 0 fair_inc 3696491 prop_inc 1166606 fast_inc 0 eta_inc 1398108 multi_dec -6239421 quick_dec -42481 nack_dec -597600
Flow Uec_69_10 flowId 90 uecSrc 89 finished at 14882.1 total messages 1 total packets 15664 RTS 0 total bytes 64003104 in_flight now 0 fair_inc 3705290 prop_inc 1208039 fast_inc 0 eta_inc 1372857 multi_dec -6266100 quick_dec -82770 nack_dec -626650
Flow Uec_61_114 flowId 26 uecSrc 25 finished at 14905.3 total messages 1 total packets 15664 RTS 0 total bytes 64003104 in_flight now 0 fair_inc 3657776 prop_inc 1169596 fast_inc 0 eta_inc 1388805 multi_dec -6160037 quick_dec -161667 nack_dec -547800
Flow Uec_38_5 flowId 17 uecSrc 16 finished at 15055 total messages 1 total packets 15664 RTS 0 total bytes 64003104 in_flight now 0 fair_inc 3642396 prop_inc 1143542 fast_inc 0 eta_inc 1394121 multi_dec -6012769 quick_dec -83168 nack_dec -668150
Flow Uec_14_127 flowId 1 uecSrc 0 finished at 15182.6 total messages 1 total packets 15664 RTS 0 total bytes 64003104 in_flight now 0 fair_inc 2938604 prop_inc 1031567 fast_inc 0 eta_inc 1224009 multi_dec -5402057 quick_dec -68004 nack_dec -572700
Flow Uec_101_90 flowId 46 uecSrc 45 finished at 15335.5 total messages 1 total packets 15664 RTS 0 total bytes 64003104 in_flight now 0 fair_inc 4006043 prop_inc 1008945 fast_inc 0 eta_inc 1432662 multi_dec -6456367 quick_dec -89362 nack_dec -576850
Flow Uec_125_91 flowId 50 uecSrc 49 finished at 15492.4 total messages 1 total packets 15664 RTS 0 total bytes 64003104 in_flight now 0 fair_inc 4149095 prop_inc 1071341 fast_inc 0 eta_inc 1444623 multi_dec -6616381 quick_dec -130648 nack_dec -576850
Flow Uec_15_70 flowId 121 uecSrc 120 finished at 15675.4 total messages 1 total packets 15664 RTS 0 total bytes 64003104 in_flight now 0 fair_inc 2797602 prop_inc 1047346 fast_inc 0 eta_inc 1257234 multi_dec -5129663 quick_dec -7230 nack_dec -547800
Flow Uec_39_124 flowId 31 uecSrc 30 finished at 15877.7 total messages 1 total packets 15664 RTS 0 total bytes 64003104 in_flight now 0 fair_inc 3682993 prop_inc 1265564 fast_inc 0 eta_inc 1444623 multi_dec -6344801 quick_dec -76988 nack_dec -713800
Flow Uec_37_103 flowId 74 uecSrc 73 finished at 16085.5 total messages 1 total packets 15664 RTS 0 total bytes 64003104 in_flight now 0 fair_inc 3865591 prop_inc 1207317 fast_inc 0 eta_inc 1496454 multi_dec -6575283 quick_dec -195347 nack_dec -547800
Flow Uec_85_102 flowId 65 uecSrc 64 finished at 16270.9 total messages 1 total packets 15664 RTS 0 total bytes 64003104 in_flight now 0 fair_inc 3847896 prop_inc 1343682 fast_inc 0 eta_inc 1520376 multi_dec -6718102 quick_dec -127245 nack_dec -597600
Flow Uec_49_100 flowId 108 uecSrc 107 finished at 16441.5 total messages 1 total packets 15664 RTS 0 total bytes 64003104 in_flight now 0 fair_inc 3837962 prop_inc 1356567 fast_inc 0 eta_inc 1525692 multi_dec -6666424 quick_dec -168075 nack_dec -576850
Flow Uec_107_51 flowId 36 uecSrc 35 finished at 16558.9 total messages 1 total packets 15664 RTS 0 total bytes 64003104 in_flight now 0 fair_inc 4269150 prop_inc 1191822 fast_inc 0 eta_inc 1546956 multi_dec -7064182 quick_dec -20206 nack_dec -610050
Flow Uec_127_22 flowId 100 uecSrc 99 finished at 16586.7 total messages 1 total packets 15664 RTS 0 total bytes 64003104 in_flight now 0 fair_inc 4125376 prop_inc 1213962 fast_inc 0 eta_inc 1553601 multi_dec -6798226 quick_dec -137380 nack_dec -597600
Flow Uec_56_108 flowId 82 uecSrc 81 finished at 16586.8 total messages 1 total packets 15664 RTS 0 total bytes 64003104 in_flight now 0 fair_inc 4002272 prop_inc 1232905 fast_inc 0 eta_inc 1488480 multi_dec -7006155 quick_dec -143593 nack_dec -498000
Flow Uec_23_115 flowId 70 uecSrc 69 finished at 16761.2 total messages 1 total packets 15664 RTS 0 total bytes 64003104 in_flight now 0 fair_inc 4042240 prop_inc 1409517 fast_inc 0 eta_inc 1549614 multi_dec -6817137 quick_dec -156308 nack_dec -788500
Flow Uec_104_37 flowId 79 uecSrc 78 finished at 16796.3 total messages 1 total packets 15664 RTS 0 total bytes 64003104 in_flight now 0 fair_inc 4245015 prop_inc 1279787 fast_inc 0 eta_inc 1553601 multi_dec -7082418 quick_dec -111576 nack_dec -551950
Flow Uec_66_49 flowId 48 uecSrc 47 finished at 16917.4 total messages 1 total packets 15664 RTS 0 total bytes 64003104 in_flight now 0 fair_inc 4091398 prop_inc 1238679 fast_inc 0 eta_inc 1566891 multi_dec -6909541 quick_dec -70893 nack_dec -672300
Flow Uec_105_92 flowId 25 uecSrc 24 finished at 17080.1 total messages 1 total packets 15664 RTS 0 total bytes 64003104 in_flight now 0 fair_inc 4315117 prop_inc 1136514 fast_inc 0 eta_inc 1568220 multi_dec -6954519 quick_dec -185120 nack_dec -605900
Flow Uec_54_35 flowId 86 uecSrc 85 finished at 17293.7 total messages 1 total packets 15664 RTS 0 total bytes 64003104 in_flight now 0 fair_inc 4402726 prop_inc 1196653 fast_inc 0 eta_inc 1598787 multi_dec -7323897 quick_dec -67084 nack_dec -543650
Flow Uec_55_78 flowId 107 uecSrc 106 finished at 17345.3 total messages 1 total packets 15664 RTS 0 total bytes 64003104 in_flight now 0 fair_inc 4596734 prop_inc 1003070 fast_inc 0 eta_inc 1598787 multi_dec -7139908 quick_dec -335104 nack_dec -527050
Flow Uec_113_55 flowId 6 uecSrc 5 finished at 17355.9 total messages 1 total packets 15664 RTS 0 total bytes 64003104 in_flight now 0 fair_inc 4431699 prop_inc 1168140 fast_inc 0 eta_inc 1581510 multi_dec -7292773 quick_dec -102151 nack_dec -630800
Flow Uec_124_18 flowId 18 uecSrc 17 finished at 17399.7 total messages 1 total packets 15664 RTS 0 total bytes 64003104 in_flight now 0 fair_inc 4461285 prop_inc 1219039 fast_inc 0 eta_inc 1614735 multi_dec -7226846 quick_dec -95984 nack_dec -630800
Flow Uec_63_25 flowId 120 uecSrc 119 finished at 17483.9 total messages 1 total packets 15664 RTS 0 total bytes 64003104 in_flight now 0 fair_inc 4212857 prop_inc 1276840 fast_inc 0 eta_inc 1596129 multi_dec -7268970 quick_dec -49887 nack_dec -514600
Flow Uec_62_68 flowId 111 uecSrc 110 finished at 17506.1 total messages 1 total packets 15664 RTS 0 total bytes 64003104 in_flight now 0 fair_inc 4328964 prop_inc 1100477 fast_inc 0 eta_inc 1616064 multi_dec -7089392 quick_dec -185029 nack_dec -506300
Flow Uec_119_96 flowId 81 uecSrc 80 finished at 17515.6 total messages 1 total packets 15664 RTS 0 total bytes 64003104 in_flight now 0 fair_inc 4267760 prop_inc 1380782 fast_inc 0 eta_inc 1609419 multi_dec -7322081 quick_dec -129508 nack_dec -535350
Flow Uec_106_79 flowId 109 uecSrc 108 finished at 17542.4 total messages 1 total packets 15664 RTS 0 total bytes 64003104 in_flight now 0 fair_inc 4239796 prop_inc 1149350 fast_inc 0 eta_inc 1608090 multi_dec -7108182 quick_dec -127754 nack_dec -477250
Flow Uec_100_53 flowId 114 uecSrc 113 finished at 17574.3 total messages 1 total packets 15664 RTS 0 total bytes 64003104 in_flight now 0 fair_inc 4405589 prop_inc 1214371 fast_inc 0 eta_inc 1585497 multi_dec -7321819 quick_dec -107154 nack_dec -568550
Flow Uec_40_98 flowId 95 uecSrc 94 finished at 17658.1 total messages 1 total packets 15664 RTS 0 total bytes 64003104 in_flight now 0 fair_inc 4104438 prop_inc 1252041 fast_inc 0 eta_inc 1617393 multi_dec -6768193 quick_dec -194565 nack_dec -693050
Flow Uec_120_63 flowId 68 uecSrc 67 finished at 17794.7 total messages 1 total packets 15664 RTS 0 total bytes 64003104 in_flight now 0 fair_inc 4474095 prop_inc 1274811 fast_inc 0 eta_inc 1626696 multi_dec -7371347 quick_dec -132839 nack_dec -551950
Flow Uec_109_32 flowId 94 uecSrc 93 finished at 17827.5 total messages 1 total packets 15664 RTS 0 total bytes 64003104 in_flight now 0 fair_inc 4516715 prop_inc 1227605 fast_inc 0 eta_inc 1618722 multi_dec -7355216 quick_dec -195767 nack_dec -518750
Flow Uec_84_99 flowId 7 uecSrc 6 finished at 17871.4 total messages 1 total packets 15664 RTS 0 total bytes 64003104 in_flight now 0 fair_inc 4211511 prop_inc 1437631 fast_inc 0 eta_inc 1629354 multi_dec -7067123 quick_dec -329547 nack_dec -597600
Flow Uec_48_45 flowId 115 uecSrc 114 finished at 17914.9 total messages 1 total packets 15664 RTS 0 total bytes 64003104 in_flight now 0 fair_inc 4190437 prop_inc 1288358 fast_inc 0 eta_inc 1637328 multi_dec -7072721 quick_dec -286787 nack_dec -419150
Flow Uec_42_60 flowId 67 uecSrc 66 finished at 18039.7 total messages 1 total packets 15664 RTS 0 total bytes 64003104 in_flight now 0 fair_inc 4141389 prop_inc 1451421 fast_inc 0 eta_inc 1655934 multi_dec -7012269 quick_dec -166823 nack_dec -697200
Flow Uec_96_59 flowId 41 uecSrc 40 finished at 18053.3 total messages 1 total packets 15664 RTS 0 total bytes 64003104 in_flight now 0 fair_inc 4302118 prop_inc 1201480 fast_inc 0 eta_inc 1633341 multi_dec -7310340 quick_dec -161419 nack_dec -539500
Flow Uec_110_80 flowId 27 uecSrc 26 finished at 18133.4 total messages 1 total packets 15664 RTS 0 total bytes 64003104 in_flight now 0 fair_inc 4750626 prop_inc 1101912 fast_inc 0 eta_inc 1651947 multi_dec -7484467 quick_dec -196118 nack_dec -614200
Flow Uec_114_57 flowId 88 uecSrc 87 finished at 18150.2 total messages 1 total packets 15664 RTS 0 total bytes 64003104 in_flight now 0 fair_inc 4407588 prop_inc 1336665 fast_inc 0 eta_inc 1634670 multi_dec -7234058 quick_dec -263606 nack_dec -527050
Flow Uec_89_29 flowId 102 uecSrc 101 finished at 18155.1 total messages 1 total packets 15664 RTS 0 total bytes 64003104 in_flight now 0 fair_inc 4742372 prop_inc 1005045 fast_inc 0 eta_inc 1665237 multi_dec -7358020 quick_dec -181630 nack_dec -618350
Flow Uec_118_58 flowId 105 uecSrc 104 finished at 18196.2 total messages 1 total packets 15664 RTS 0 total bytes 64003104 in_flight now 0 fair_inc 4404310 prop_inc 1335175 fast_inc 0 eta_inc 1634670 multi_dec -7333428 quick_dec -162014 nack_dec -589300
Flow Uec_41_110 flowId 22 uecSrc 21 finished at 18230.6 total messages 1 total packets 15664 RTS 0 total bytes 64003104 in_flight now 0 fair_inc 4483774 prop_inc 1225973 fast_inc 0 eta_inc 1651947 multi_dec -7221356 quick_dec -160064 nack_dec -717950
Flow Uec_33_105 flowId 37 uecSrc 36 finished at 18282.5 total messages 1 total packets 15664 RTS 0 total bytes 64003104 in_flight now 0 fair_inc 4712971 prop_inc 1182734 fast_inc 0 eta_inc 1653276 multi_dec -7557408 quick_dec -178616 nack_dec -630800
Flow Uec_52_75 flowId 32 uecSrc 31 finished at 18303 total messages 1 total packets 15664 RTS 0 total bytes 64003104 in_flight now 0 fair_inc 4716209 prop_inc 1123127 fast_inc 0 eta_inc 1678527 multi_dec -7540828 quick_dec -247266 nack_dec -564400
Flow Uec_50_94 flowId 35 uecSrc 34 finished at 18328.9 total messages 1 total packets 15664 RTS 0 total bytes 64003104 in_flight now 0 fair_inc 4242914 prop_inc 1289112 fast_inc 0 eta_inc 1687830 multi_dec -7168303 quick_dec -190073 nack_dec -601750
Flow Uec_17_125 flowId 8 uecSrc 7 finished at 18505.7 total messages 1 total packets 15664 RTS 0 total bytes 64003104 in_flight now 0 fair_inc 4362672 prop_inc 1323883 fast_inc 0 eta_inc 1651947 multi_dec -7413676 quick_dec -141631 nack_dec -780200
Flow Uec_72_121 flowId 127 uecSrc 126 finished at 18515.6 total messages 1 total packets 15664 RTS 0 total bytes 64003104 in_flight now 0 fair_inc 4526970 prop_inc 1223488 fast_inc 0 eta_inc 1683843 multi_dec -7490982 quick_dec -214142 nack_dec -622500
Flow Uec_92_120 flowId 99 uecSrc 98 finished at 18519.7 total messages 1 total packets 15664 RTS 0 total bytes 64003104 in_flight now 0 fair_inc 4512562 prop_inc 1292350 fast_inc 0 eta_inc 1634670 multi_dec -7767994 quick_dec -178624 nack_dec -626650
Flow Uec_117_81 flowId 101 uecSrc 100 finished at 18622.8 total messages 1 total packets 15664 RTS 0 total bytes 64003104 in_flight now 0 fair_inc 4568364 prop_inc 1264664 fast_inc 0 eta_inc 1686501 multi_dec -7702171 quick_dec -68627 nack_dec -597600
Flow Uec_53_83 flowId 72 uecSrc 71 finished at 18657.7 total messages 1 total packets 15664 RTS 0 total bytes 64003104 in_flight now 0 fair_inc 4389329 prop_inc 1325092 fast_inc 0 eta_inc 1706436 multi_dec -7342717 quick_dec -237105 nack_dec -560250
Flow Uec_83_104 flowId 116 uecSrc 115 finished at 18672.3 total messages 1 total packets 15664 RTS 0 total bytes 64003104 in_flight now 0 fair_inc 4678434 prop_inc 1293419 fast_inc 0 eta_inc 1711752 multi_dec -7769931 quick_dec -112772 nack_dec -668150
Flow Uec_16_101 flowId 20 uecSrc 19 finished at 18706.2 total messages 1 total packets 15664 RTS 0 total bytes 64003104 in_flight now 0 fair_inc 4134423 prop_inc 1290232 fast_inc 0 eta_inc 1670553 multi_dec -6957935 quick_dec -176654 nack_dec -854900
Flow Uec_70_112 flowId 80 uecSrc 79 finished at 18716.5 total messages 1 total packets 15664 RTS 0 total bytes 64003104 in_flight now 0 fair_inc 4462985 prop_inc 1287977 fast_inc 0 eta_inc 1699791 multi_dec -7332551 quick_dec -153994 nack_dec -742850
Flow Uec_51_95 flowId 10 uecSrc 9 finished at 18721.3 total messages 1 total packets 15664 RTS 0 total bytes 64003104 in_flight now 0 fair_inc 4432999 prop_inc 1297481 fast_inc 0 eta_inc 1699791 multi_dec -7371520 quick_dec -236716 nack_dec -498000
Flow Uec_34_109 flowId 128 uecSrc 127 finished at 18815.5 total messages 1 total packets 15664 RTS 0 total bytes 64003104 in_flight now 0 fair_inc 4234646 prop_inc 1361534 fast_inc 0 eta_inc 1658592 multi_dec -6818504 quick_dec -321343 nack_dec -800950
Flow Uec_76_123 flowId 12 uecSrc 11 finished at 18822.8 total messages 1 total packets 15664 RTS 0 total bytes 64003104 in_flight now 0 fair_inc 4578162 prop_inc 1285428 fast_inc 0 eta_inc 1702449 multi_dec -7427837 quick_dec -210979 nack_dec -738700
Flow Uec_22_117 flowId 29 uecSrc 28 finished at 18834.3 total messages 1 total packets 15664 RTS 0 total bytes 64003104 in_flight now 0 fair_inc 4079052 prop_inc 1318667 fast_inc 0 eta_inc 1642644 multi_dec -6890335 quick_dec -94251 nack_dec -896400
Flow Uec_59_71 flowId 40 uecSrc 39 finished at 18834.4 total messages 1 total packets 15664 RTS 0 total bytes 64003104 in_flight now 0 fair_inc 4735580 prop_inc 1106987 fast_inc 0 eta_inc 1710423 multi_dec -7662955 quick_dec -226327 nack_dec -701350
Flow Uec_75_23 flowId 97 uecSrc 96 finished at 18840.7 total messages 1 total packets 15664 RTS 0 total bytes 64003104 in_flight now 0 fair_inc 4396312 prop_inc 1329013 fast_inc 0 eta_inc 1709094 multi_dec -7141480 quick_dec -447482 nack_dec -673346
Flow Uec_79_56 flowId 24 uecSrc 23 finished at 18853.5 total messages 1 total packets 15664 RTS 0 total bytes 64003104 in_flight now 0 fair_inc 4101377 prop_inc 1454303 fast_inc 0 eta_inc 1719726 multi_dec -6998501 quick_dec -331829 nack_dec -659850
Flow Uec_58_93 flowId 75 uecSrc 74 finished at 18948.1 total messages 1 total packets 15664 RTS 0 total bytes 64003104 in_flight now 0 fair_inc 4448236 prop_inc 1234434 fast_inc 0 eta_inc 1691817 multi_dec -7463111 quick_dec -171475 nack_dec -464800
Flow Uec_81_50 flowId 60 uecSrc 59 finished at 19046.3 total messages 1 total packets 15664 RTS 0 total bytes 64003104 in_flight now 0 fair_inc 4358364 prop_inc 1487601 fast_inc 0 eta_inc 1723713 multi_dec -7418994 quick_dec -111306 nack_dec -688900
Flow Uec_21_107 flowId 21 uecSrc 20 finished at 19059.6 total messages 1 total packets 15664 RTS 0 total bytes 64003104 in_flight now 0 fair_inc 4457945 prop_inc 1390920 fast_inc 0 eta_inc 1702449 multi_dec -7523693 quick_dec -112003 nack_dec -788500
Flow Uec_99_77 flowId 11 uecSrc 10 finished at 19066.1 total messages 1 total packets 15664 RTS 0 total bytes 64003104 in_flight now 0 fair_inc 4601001 prop_inc 1150574 fast_inc 0 eta_inc 1698462 multi_dec -7365368 quick_dec -258519 nack_dec -680600
Flow Uec_18_126 flowId 62 uecSrc 61 finished at 19119.3 total messages 1 total packets 15664 RTS 0 total bytes 64003104 in_flight now 0 fair_inc 4416842 prop_inc 1437508 fast_inc 0 eta_inc 1713081 multi_dec -7422205 quick_dec -108899 nack_dec -751150
Flow Uec_98_76 flowId 104 uecSrc 103 finished at 19122.9 total messages 1 total packets 15664 RTS 0 total bytes 64003104 in_flight now 0 fair_inc 4688172 prop_inc 1137162 fast_inc 0 eta_inc 1705107 multi_dec -7518917 quick_dec -73063 nack_dec -842450
Flow Uec_91_31 flowId 85 uecSrc 84 finished at 19145.1 total messages 1 total packets 15664 RTS 0 total bytes 64003104 in_flight now 0 fair_inc 5003108 prop_inc 1056734 fast_inc 0 eta_inc 1762254 multi_dec -7620257 quick_dec -219023 nack_dec -726250
Flow Uec_67_34 flowId 84 uecSrc 83 finished at 19186.4 total messages 1 total packets 15664 RTS 0 total bytes 64003104 in_flight now 0 fair_inc 4724754 prop_inc 1238253 fast_inc 0 eta_inc 1743648 multi_dec -7459017 quick_dec -325865 nack_dec -742850
Flow Uec_74_47 flowId 34 uecSrc 33 finished at 19256.2 total messages 1 total packets 15664 RTS 0 total bytes 64003104 in_flight now 0 fair_inc 4673786 prop_inc 1228326 fast_inc 0 eta_inc 1754280 multi_dec -7546541 quick_dec -171962 nack_dec -680600
Flow Uec_112_65 flowId 49 uecSrc 48 finished at 19313 total messages 1 total packets 15664 RTS 0 total bytes 64003104 in_flight now 0 fair_inc 4708001 prop_inc 1317863 fast_inc 0 eta_inc 1746306 multi_dec -7536082 quick_dec -249076 nack_dec -859050
Flow Uec_87_17 flowId 15 uecSrc 14 finished at 19327.8 total messages 1 total packets 15664 RTS 0 total bytes 64003104 in_flight now 0 fair_inc 4832602 prop_inc 1123064 fast_inc 0 eta_inc 1764912 multi_dec -7495346 quick_dec -334796 nack_dec -634950
Flow Uec_103_67 flowId 73 uecSrc 72 finished at 19431.7 total messages 1 total packets 15664 RTS 0 total bytes 64003104 in_flight now 0 fair_inc 4792050 prop_inc 1220117 fast_inc 0 eta_inc 1755609 multi_dec -7685104 quick_dec -180941 nack_dec -755300
Flow Uec_90_38 flowId 52 uecSrc 51 finished at 19514.8 total messages 1 total packets 15664 RTS 0 total bytes 64003104 in_flight now 0 fair_inc 4585645 prop_inc 1375150 fast_inc 0 eta_inc 1775544 multi_dec -7777775 quick_dec -207380 nack_dec -643250
Flow Uec_88_54 flowId 33 uecSrc 32 finished at 19547.8 total messages 1 total packets 15664 RTS 0 total bytes 64003104 in_flight now 0 fair_inc 4265791 prop_inc 1349055 fast_inc 0 eta_inc 1713081 multi_dec -7015994 quick_dec -307324 nack_dec -784350
Flow Uec_47_27 flowId 51 uecSrc 50 finished at 19623.7 total messages 1 total packets 15664 RTS 0 total bytes 64003104 in_flight now 0 fair_inc 4187449 prop_inc 1411204 fast_inc 0 eta_inc 1711752 multi_dec -7527148 quick_dec -147774 nack_dec -788500
Flow Uec_65_16 flowId 58 uecSrc 57 finished at 19641.1 total messages 1 total packets 15664 RTS 0 total bytes 64003104 in_flight now 0 fair_inc 4654062 prop_inc 1372333 fast_inc 0 eta_inc 1772886 multi_dec -7434525 quick_dec -229081 nack_dec -780200
Flow Uec_123_64 flowId 119 uecSrc 118 finished at 19643.1 total messages 1 total packets 15664 RTS 0 total bytes 64003104 in_flight now 0 fair_inc 4466765 prop_inc 1371190 fast_inc 0 eta_inc 1751622 multi_dec -7289489 quick_dec -305243 nack_dec -821700
Flow Uec_35_88 flowId 45 uecSrc 44 finished at 19669.1 total messages 1 total packets 15664 RTS 0 total bytes 64003104 in_flight now 0 fair_inc 4795296 prop_inc 1330566 fast_inc 0 eta_inc 1782189 multi_dec -7828406 quick_dec -199416 nack_dec -659850
Flow Uec_45_28 flowId 43 uecSrc 42 finished at 19744.5 total messages 1 total packets 15664 RTS 0 total bytes 64003104 in_flight now 0 fair_inc 4452448 prop_inc 1479110 fast_inc 0 eta_inc 1740990 multi_dec -7721898 quick_dec -193305 nack_dec -705500
Flow Uec_64_82 flowId 66 uecSrc 65 finished at 19746.1 total messages 1 total packets 15664 RTS 0 total bytes 64003104 in_flight now 0 fair_inc 4542440 prop_inc 1424560 fast_inc 0 eta_inc 1756938 multi_dec -7668957 quick_dec -197315 nack_dec -601750
Flow Uec_78_21 flowId 77 uecSrc 76 finished at 19799.7 total messages 1 total packets 15664 RTS 0 total bytes 64003104 in_flight now 0 fair_inc 4687997 prop_inc 1414096 fast_inc 0 eta_inc 1787505 multi_dec -7823444 quick_dec -195352 nack_dec -659850
Flow Uec_43_89 flowId 44 uecSrc 43 finished at 19819.8 total messages 1 total packets 15664 RTS 0 total bytes 64003104 in_flight now 0 fair_inc 4509667 prop_inc 1474866 fast_inc 0 eta_inc 1762254 multi_dec -7646315 quick_dec -183946 nack_dec -585150
Flow Uec_26_44 flowId 113 uecSrc 112 finished at 19852.5 total messages 1 total packets 15664 RTS 0 total bytes 64003104 in_flight now 0 fair_inc 4557370 prop_inc 1445736 fast_inc 0 eta_inc 1802124 multi_dec -7794009 quick_dec -142642 nack_dec -767750
Flow Uec_73_41 flowId 69 uecSrc 68 finished at 19923.8 total messages 1 total packets 15664 RTS 0 total bytes 64003104 in_flight now 0 fair_inc 5000773 prop_inc 1177661 fast_inc 0 eta_inc 1772886 multi_dec -8045982 quick_dec -116286 nack_dec -630800
Flow Uec_80_36 flowId 16 uecSrc 15 finished at 19957.8 total messages 1 total packets 15664 RTS 0 total bytes 64003104 in_flight now 0 fair_inc 4477078 prop_inc 1550685 fast_inc 0 eta_inc 1804782 multi_dec -7644656 quick_dec -238729 nack_dec -643250
Flow Uec_94_19 flowId 13 uecSrc 12 finished at 19972.6 total messages 1 total packets 15664 RTS 0 total bytes 64003104 in_flight now 0 fair_inc 4797744 prop_inc 1092782 fast_inc 0 eta_inc 1763583 multi_dec -7541614 quick_dec -261868 nack_dec -697200
Flow Uec_24_39 flowId 64 uecSrc 63 finished at 19991.2 total messages 1 total packets 15664 RTS 0 total bytes 64003104 in_flight now 0 fair_inc 4567442 prop_inc 1554159 fast_inc 0 eta_inc 1811427 multi_dec -7821473 quick_dec -216693 nack_dec -697200
Flow Uec_68_26 flowId 61 uecSrc 60 finished at 19996.3 total messages 1 total packets 15664 RTS 0 total bytes 64003104 in_flight now 0 fair_inc 4616182 prop_inc 1434952 fast_inc 0 eta_inc 1768899 multi_dec -7728653 quick_dec -263715 nack_dec -655700
Flow Uec_82_20 flowId 76 uecSrc 75 finished at 20042.2 total messages 1 total packets 15664 RTS 0 total bytes 64003104 in_flight now 0 fair_inc 4900756 prop_inc 1239318 fast_inc 0 eta_inc 1811427 multi_dec -7682228 quick_dec -258127 nack_dec -651550
Flow Uec_86_73 flowId 28 uecSrc 27 finished at 20067.5 total messages 1 total packets 15664 RTS 0 total bytes 64003104 in_flight now 0 fair_inc 4587938 prop_inc 1304445 fast_inc 0 eta_inc 1768899 multi_dec -7701137 quick_dec -391129 nack_dec -597600
Flow Uec_20_40 flowId 23 uecSrc 22 finished at 20086.5 total messages 1 total packets 15664 RTS 0 total bytes 64003104 in_flight now 0 fair_inc 4442550 prop_inc 1391188 fast_inc 0 eta_inc 1747635 multi_dec -7741355 quick_dec -194513 nack_dec -722100
Flow Uec_77_42 flowId 106 uecSrc 105 finished at 20133.1 total messages 1 total packets 15664 RTS 0 total bytes 64003104 in_flight now 0 fair_inc 4910802 prop_inc 1335343 fast_inc 279532 eta_inc 1806111 multi_dec -7992443 quick_dec -255575 nack_dec -618350
Flow Uec_36_85 flowId 4 uecSrc 3 finished at 20136.8 total messages 1 total packets 15664 RTS 0 total bytes 64003104 in_flight now 0 fair_inc 4719475 prop_inc 1282195 fast_inc 0 eta_inc 1780860 multi_dec -7887964 quick_dec -176658 nack_dec -680600
Flow Uec_29_74 flowId 98 uecSrc 97 finished at 20202.1 total messages 1 total packets 15664 RTS 0 total bytes 64003104 in_flight now 0 fair_inc 4769543 prop_inc 1433306 fast_inc 0 eta_inc 1786176 multi_dec -7962597 quick_dec -222220 nack_dec -763600
Flow Uec_25_87 flowId 56 uecSrc 55 finished at 20205 total messages 1 total packets 15664 RTS 0 total bytes 64003104 in_flight now 0 fair_inc 4643521 prop_inc 1340404 fast_inc 125976 eta_inc 1756938 multi_dec -7933186 quick_dec -142918 nack_dec -693050
Flow Uec_32_72 flowId 122 uecSrc 121 finished at 20272.7 total messages 1 total packets 15664 RTS 0 total bytes 64003104 in_flight now 0 fair_inc 4610556 prop_inc 1385856 fast_inc 628238 eta_inc 1780860 multi_dec -7393011 quick_dec -370326 nack_dec -713800
.Received SIGTERM at 79000 us, shutting down cleanly.
New: 2004992 Rtx: 17726 RTS: 0 Bounced: 0 ACKs: 1772312 NACKs: 17726 Pulls: 0 sleek_pkts: 0
SPURIOUS_COUNT 0
