Flow Uec_18_82 flowId 56 uecSrc 55 finished at 4337.71 total messages 1 total packets 24474 RTS 0 total bytes 100000764 in_flight now 0 fair_inc 589821 prop_inc 1264860 fast_inc 0 eta_inc 431925 multi_dec -119182 quick_dec -0 nack_dec -149400
Flow Uec_48_112 flowId 41 uecSrc 40 finished at 4343.5 total messages 1 total packets 24474 RTS 0 total bytes 100000764 in_flight now 0 fair_inc 508194 prop_inc 1236731 fast_inc 0 eta_inc 433254 multi_dec -281615 quick_dec -0 nack_dec -41500
Flow Uec_111_47 flowId 97 uecSrc 96 finished at 4348.16 total messages 1 total packets 24474 RTS 0 total bytes 100000764 in_flight now 0 fair_inc 566031 prop_inc 1221330 fast_inc 0 eta_inc 433254 multi_dec -255839 quick_dec -0 nack_dec -170150
Flow Uec_113_49 flowId 27 uecSrc 26 finished at 4349.86 total messages 1 total packets 24474 RTS 0 total bytes 100000764 in_flight now 0 fair_inc 499729 prop_inc 1306961 fast_inc 0 eta_inc 434583 multi_dec -225092 quick_dec -0 nack_dec -70550
Flow Uec_83_19 flowId 64 uecSrc 63 finished at 4360.16 total messages 1 total packets 24474 RTS 0 total bytes 100000764 in_flight now 0 fair_inc 512770 prop_inc 1312355 fast_inc 0 eta_inc 435912 multi_dec -372926 quick_dec -0 nack_dec -49800
Flow Uec_71_7 flowId 94 uecSrc 93 finished at 4371.37 total messages 1 total packets 24474 RTS 0 total bytes 100000764 in_flight now 0 fair_inc 503566 prop_inc 1226723 fast_inc 0 eta_inc 435912 multi_dec -147511 quick_dec -0 nack_dec -302950
Flow Uec_70_6 flowId 9 uecSrc 8 finished at 4374.5 total messages 1 total packets 24474 RTS 0 total bytes 100000764 in_flight now 0 fair_inc 525534 prop_inc 1250317 fast_inc 0 eta_inc 437241 multi_dec -113653 quick_dec -0 nack_dec -377650
Flow Uec_68_4 flowId 10 uecSrc 9 finished at 4375.12 total messages 1 total packets 24474 RTS 0 total bytes 100000764 in_flight now 0 fair_inc 495463 prop_inc 1306362 fast_inc 0 eta_inc 435912 multi_dec -175357 quick_dec -0 nack_dec -298800
Flow Uec_87_23 flowId 109 uecSrc 108 finished at 4375.24 total messages 1 total packets 24474 RTS 0 total bytes 100000764 in_flight now 0 fair_inc 526766 prop_inc 1405428 fast_inc 0 eta_inc 434583 multi_dec -356171 quick_dec -0 nack_dec -307100
Flow Uec_65_1 flowId 58 uecSrc 57 finished at 4376.97 total messages 1 total packets 24474 RTS 0 total bytes 100000764 in_flight now 0 fair_inc 527515 prop_inc 1286347 fast_inc 0 eta_inc 437241 multi_dec -360326 quick_dec -0 nack_dec -112050
Flow Uec_98_34 flowId 53 uecSrc 52 finished at 4379.34 total messages 1 total packets 24474 RTS 0 total bytes 100000764 in_flight now 0 fair_inc 527494 prop_inc 1246144 fast_inc 0 eta_inc 435912 multi_dec -292844 quick_dec -0 nack_dec -215800
Flow Uec_17_81 flowId 36 uecSrc 35 finished at 4381.5 total messages 1 total packets 24474 RTS 0 total bytes 100000764 in_flight now 0 fair_inc 555793 prop_inc 1272638 fast_inc 0 eta_inc 435912 multi_dec -236380 quick_dec -0 nack_dec -199200
Flow Uec_126_62 flowId 2 uecSrc 1 finished at 4381.51 total messages 1 total packets 24474 RTS 0 total bytes 100000764 in_flight now 0 fair_inc 539296 prop_inc 1249198 fast_inc 0 eta_inc 437241 multi_dec -411616 quick_dec -0 nack_dec -95450
Flow Uec_56_120 flowId 123 uecSrc 122 finished at 4384.91 total messages 1 total packets 24474 RTS 0 total bytes 100000764 in_flight now 0 fair_inc 542199 prop_inc 1272552 fast_inc 0 eta_inc 437241 multi_dec -326513 quick_dec -0 nack_dec -141100
Flow Uec_78_14 flowId 15 uecSrc 14 finished at 4385.27 total messages 1 total packets 24474 RTS 0 total bytes 100000764 in_flight now 0 fair_inc 507099 prop_inc 1244862 fast_inc 0 eta_inc 438570 multi_dec -417283 quick_dec -0 nack_dec -116200
Flow Uec_14_78 flowId 19 uecSrc 18 finished at 4386.12 total messages 1 total packets 24474 RTS 0 total bytes 100000764 in_flight now 0 fair_inc 569469 prop_inc 1252966 fast_inc 0 eta_inc 438570 multi_dec -316107 quick_dec -0 nack_dec -136950
Flow Uec_84_20 flowId 88 uecSrc 87 finished at 4386.16 total messages 1 total packets 24474 RTS 0 total bytes 100000764 in_flight now 0 fair_inc 484961 prop_inc 1343032 fast_inc 0 eta_inc 437241 multi_dec -371691 quick_dec -0 nack_dec -327850
Flow Uec_21_85 flowId 128 uecSrc 127 finished at 4387.3 total messages 1 total packets 24474 RTS 0 total bytes 100000764 in_flight now 0 fair_inc 480231 prop_inc 1256933 fast_inc 0 eta_inc 437241 multi_dec -480141 quick_dec -0 nack_dec -261450
Flow Uec_10_74 flowId 46 uecSrc 45 finished at 4391.59 total messages 1 total packets 24474 RTS 0 total bytes 100000764 in_flight now 0 fair_inc 507346 prop_inc 1208488 fast_inc 0 eta_inc 437241 multi_dec -428317 quick_dec -0 nack_dec -83000
Flow Uec_39_103 flowId 7 uecSrc 6 finished at 4394.71 total messages 1 total packets 24474 RTS 0 total bytes 100000764 in_flight now 0 fair_inc 588379 prop_inc 1309347 fast_inc 0 eta_inc 438570 multi_dec -506084 quick_dec -0 nack_dec -66400
Flow Uec_52_116 flowId 17 uecSrc 16 finished at 4395.82 total messages 1 total packets 24474 RTS 0 total bytes 100000764 in_flight now 0 fair_inc 440748 prop_inc 1217748 fast_inc 0 eta_inc 438570 multi_dec -385321 quick_dec -0 nack_dec -369350
Flow Uec_49_113 flowId 13 uecSrc 12 finished at 4397.85 total messages 1 total packets 24474 RTS 0 total bytes 100000764 in_flight now 0 fair_inc 499966 prop_inc 1188619 fast_inc 0 eta_inc 439899 multi_dec -450584 quick_dec -0 nack_dec -120350
Flow Uec_106_42 flowId 24 uecSrc 23 finished at 4399.08 total messages 1 total packets 24474 RTS 0 total bytes 100000764 in_flight now 0 fair_inc 482812 prop_inc 1222862 fast_inc 0 eta_inc 439899 multi_dec -351097 quick_dec -0 nack_dec -269750
Flow Uec_34_98 flowId 71 uecSrc 70 finished at 4400.35 total messages 1 total packets 24474 RTS 0 total bytes 100000764 in_flight now 0 fair_inc 487308 prop_inc 1249848 fast_inc 0 eta_inc 438570 multi_dec -390413 quick_dec -0 nack_dec -224100
Flow Uec_86_22 flowId 63 uecSrc 62 finished at 4402.36 total messages 1 total packets 24474 RTS 0 total bytes 100000764 in_flight now 0 fair_inc 468991 prop_inc 1388885 fast_inc 0 eta_inc 438570 multi_dec -502430 quick_dec -0 nack_dec -419150
Flow Uec_2_66 flowId 38 uecSrc 37 finished at 4405.17 total messages 1 total packets 24474 RTS 0 total bytes 100000764 in_flight now 0 fair_inc 607905 prop_inc 1186687 fast_inc 0 eta_inc 438570 multi_dec -296159 quick_dec -0 nack_dec -91300
Flow Uec_59_123 flowId 44 uecSrc 43 finished at 4406.01 total messages 1 total packets 24474 RTS 0 total bytes 100000764 in_flight now 0 fair_inc 457660 prop_inc 1275388 fast_inc 0 eta_inc 438570 multi_dec -532077 quick_dec -0 nack_dec -128650
Flow Uec_120_56 flowId 103 uecSrc 102 finished at 4407.71 total messages 1 total packets 24474 RTS 0 total bytes 100000764 in_flight now 0 fair_inc 475597 prop_inc 1166394 fast_inc 0 eta_inc 439899 multi_dec -550369 quick_dec -0 nack_dec -99600
Flow Uec_47_111 flowId 118 uecSrc 117 finished at 4408.61 total messages 1 total packets 24474 RTS 0 total bytes 100000764 in_flight now 0 fair_inc 562110 prop_inc 1212414 fast_inc 0 eta_inc 438570 multi_dec -408296 quick_dec -0 nack_dec -178450
Flow Uec_89_25 flowId 35 uecSrc 34 finished at 4409.39 total messages 1 total packets 24474 RTS 0 total bytes 100000764 in_flight now 0 fair_inc 545153 prop_inc 1214723 fast_inc 0 eta_inc 439899 multi_dec -475575 quick_dec -0 nack_dec -224100
Flow Uec_103_39 flowId 83 uecSrc 82 finished at 4409.81 total messages 1 total packets 24474 RTS 0 total bytes 100000764 in_flight now 0 fair_inc 497367 prop_inc 1261943 fast_inc 0 eta_inc 439899 multi_dec -495453 quick_dec -0 nack_dec -178450
Flow Uec_122_58 flowId 54 uecSrc 53 finished at 4410.63 total messages 1 total packets 24474 RTS 0 total bytes 100000764 in_flight now 0 fair_inc 480869 prop_inc 1192065 fast_inc 0 eta_inc 439899 multi_dec -541843 quick_dec -0 nack_dec -87150
Flow Uec_9_73 flowId 117 uecSrc 116 finished at 4411.31 total messages 1 total packets 24474 RTS 0 total bytes 100000764 in_flight now 0 fair_inc 503899 prop_inc 1245274 fast_inc 0 eta_inc 439899 multi_dec -393860 quick_dec -0 nack_dec -83000
Flow Uec_44_108 flowId 82 uecSrc 81 finished at 4411.34 total messages 1 total packets 24474 RTS 0 total bytes 100000764 in_flight now 0 fair_inc 499044 prop_inc 1241258 fast_inc 0 eta_inc 441228 multi_dec -450125 quick_dec -0 nack_dec -136950
Flow Uec_63_127 flowId 102 uecSrc 101 finished at 4412.23 total messages 1 total packets 24474 RTS 0 total bytes 100000764 in_flight now 0 fair_inc 557578 prop_inc 1181516 fast_inc 0 eta_inc 441228 multi_dec -358971 quick_dec -0 nack_dec -103750
Flow Uec_12_76 flowId 111 uecSrc 110 finished at 4413.64 total messages 1 total packets 24474 RTS 0 total bytes 100000764 in_flight now 0 fair_inc 530271 prop_inc 1306757 fast_inc 0 eta_inc 439899 multi_dec -554851 quick_dec -0 nack_dec -178450
Flow Uec_0_64 flowId 1 uecSrc 0 finished at 4415.81 total messages 1 total packets 24474 RTS 0 total bytes 100000764 in_flight now 0 fair_inc 576314 prop_inc 1219843 fast_inc 0 eta_inc 439899 multi_dec -222411 quick_dec -0 nack_dec -70550
Flow Uec_55_119 flowId 114 uecSrc 113 finished at 4417.46 total messages 1 total packets 24474 RTS 0 total bytes 100000764 in_flight now 0 fair_inc 478670 prop_inc 1296387 fast_inc 0 eta_inc 441228 multi_dec -539036 quick_dec -0 nack_dec -398400
Flow Uec_125_61 flowId 39 uecSrc 38 finished at 4419.08 total messages 1 total packets 24474 RTS 0 total bytes 100000764 in_flight now 0 fair_inc 475437 prop_inc 1337973 fast_inc 0 eta_inc 439899 multi_dec -721648 quick_dec -0 nack_dec -87150
Flow Uec_50_114 flowId 87 uecSrc 86 finished at 4419.59 total messages 1 total packets 24474 RTS 0 total bytes 100000764 in_flight now 0 fair_inc 590383 prop_inc 1204923 fast_inc 0 eta_inc 439899 multi_dec -574363 quick_dec -0 nack_dec -83000
Flow Uec_42_106 flowId 112 uecSrc 111 finished at 4420.96 total messages 1 total packets 24474 RTS 0 total bytes 100000764 in_flight now 0 fair_inc 577571 prop_inc 1212214 fast_inc 0 eta_inc 439899 multi_dec -539402 quick_dec -0 nack_dec -107900
Flow Uec_82_18 flowId 52 uecSrc 51 finished at 4422.8 total messages 1 total packets 24474 RTS 0 total bytes 100000764 in_flight now 0 fair_inc 493448 prop_inc 1337317 fast_inc 0 eta_inc 441228 multi_dec -707990 quick_dec -0 nack_dec -62250
Flow Uec_30_94 flowId 68 uecSrc 67 finished at 4424.24 total messages 1 total packets 24474 RTS 0 total bytes 100000764 in_flight now 0 fair_inc 536998 prop_inc 1168089 fast_inc 0 eta_inc 441228 multi_dec -397253 quick_dec -0 nack_dec -240700
Flow Uec_1_65 flowId 98 uecSrc 97 finished at 4424.77 total messages 1 total packets 24474 RTS 0 total bytes 100000764 in_flight now 0 fair_inc 562423 prop_inc 1168951 fast_inc 0 eta_inc 441228 multi_dec -417772 quick_dec -0 nack_dec -116200
Flow Uec_73_9 flowId 113 uecSrc 112 finished at 4425.71 total messages 1 total packets 24474 RTS 0 total bytes 100000764 in_flight now 0 fair_inc 522799 prop_inc 1180615 fast_inc 0 eta_inc 441228 multi_dec -276741 quick_dec -0 nack_dec -393486
Flow Uec_61_125 flowId 67 uecSrc 66 finished at 4426.84 total messages 1 total packets 24474 RTS 0 total bytes 100000764 in_flight now 0 fair_inc 580263 prop_inc 1211556 fast_inc 0 eta_inc 441228 multi_dec -389700 quick_dec -0 nack_dec -141100
Flow Uec_64_0 flowId 11 uecSrc 10 finished at 4427.16 total messages 1 total packets 24474 RTS 0 total bytes 100000764 in_flight now 0 fair_inc 500187 prop_inc 1345346 fast_inc 0 eta_inc 441228 multi_dec -520112 quick_dec -0 nack_dec -182600
Flow Uec_36_100 flowId 107 uecSrc 106 finished at 4428.51 total messages 1 total packets 24474 RTS 0 total bytes 100000764 in_flight now 0 fair_inc 529111 prop_inc 1209038 fast_inc 0 eta_inc 441228 multi_dec -449223 quick_dec -0 nack_dec -58100
Flow Uec_77_13 flowId 121 uecSrc 120 finished at 4429.17 total messages 1 total packets 24474 RTS 0 total bytes 100000764 in_flight now 0 fair_inc 550940 prop_inc 1291768 fast_inc 0 eta_inc 441228 multi_dec -548247 quick_dec -0 nack_dec -95450
Flow Uec_115_51 flowId 105 uecSrc 104 finished at 4429.29 total messages 1 total packets 24474 RTS 0 total bytes 100000764 in_flight now 0 fair_inc 572858 prop_inc 1248172 fast_inc 0 eta_inc 441228 multi_dec -685803 quick_dec -0 nack_dec -112050
Flow Uec_41_105 flowId 29 uecSrc 28 finished at 4429.69 total messages 1 total packets 24474 RTS 0 total bytes 100000764 in_flight now 0 fair_inc 580582 prop_inc 1223510 fast_inc 0 eta_inc 442557 multi_dec -591936 quick_dec -0 nack_dec -107900
Flow Uec_13_77 flowId 22 uecSrc 21 finished at 4431.71 total messages 1 total packets 24474 RTS 0 total bytes 100000764 in_flight now 0 fair_inc 495214 prop_inc 1276055 fast_inc 0 eta_inc 442557 multi_dec -525395 quick_dec -0 nack_dec -112050
Flow Uec_102_38 flowId 93 uecSrc 92 finished at 4431.76 total messages 1 total packets 24474 RTS 0 total bytes 100000764 in_flight now 0 fair_inc 547089 prop_inc 1276062 fast_inc 0 eta_inc 442557 multi_dec -528009 quick_dec -0 nack_dec -186750
Flow Uec_27_91 flowId 61 uecSrc 60 finished at 4436.61 total messages 1 total packets 24474 RTS 0 total bytes 100000764 in_flight now 0 fair_inc 498093 prop_inc 1164268 fast_inc 0 eta_inc 442557 multi_dec -475690 quick_dec -0 nack_dec -195050
Flow Uec_38_102 flowId 90 uecSrc 89 finished at 4438.66 total messages 1 total packets 24474 RTS 0 total bytes 100000764 in_flight now 0 fair_inc 532366 prop_inc 1263710 fast_inc 0 eta_inc 442557 multi_dec -598717 quick_dec -0 nack_dec -91300
Flow Uec_67_3 flowId 45 uecSrc 44 finished at 4438.96 total messages 1 total packets 24474 RTS 0 total bytes 100000764 in_flight now 0 fair_inc 478883 prop_inc 1363069 fast_inc 0 eta_inc 442557 multi_dec -609957 quick_dec -0 nack_dec -149400
Flow Uec_23_87 flowId 101 uecSrc 100 finished at 4439.7 total messages 1 total packets 24474 RTS 0 total bytes 100000764 in_flight now 0 fair_inc 504183 prop_inc 1260577 fast_inc 0 eta_inc 442557 multi_dec -502909 quick_dec -0 nack_dec -257300
Flow Uec_97_33 flowId 42 uecSrc 41 finished at 4440.21 total messages 1 total packets 24474 RTS 0 total bytes 100000764 in_flight now 0 fair_inc 541318 prop_inc 1176002 fast_inc 0 eta_inc 442557 multi_dec -501747 quick_dec -0 nack_dec -195050
Flow Uec_123_59 flowId 48 uecSrc 47 finished at 4441.07 total messages 1 total packets 24474 RTS 0 total bytes 100000764 in_flight now 0 fair_inc 496704 prop_inc 1166537 fast_inc 0 eta_inc 442557 multi_dec -566515 quick_dec -0 nack_dec -153550
Flow Uec_19_83 flowId 91 uecSrc 90 finished at 4441.54 total messages 1 total packets 24474 RTS 0 total bytes 100000764 in_flight now 0 fair_inc 610506 prop_inc 1237788 fast_inc 0 eta_inc 443886 multi_dec -350619 quick_dec -0 nack_dec -141100
Flow Uec_45_109 flowId 108 uecSrc 107 finished at 4442.29 total messages 1 total packets 24474 RTS 0 total bytes 100000764 in_flight now 0 fair_inc 548177 prop_inc 1244026 fast_inc 0 eta_inc 443886 multi_dec -434873 quick_dec -0 nack_dec -236550
Flow Uec_24_88 flowId 78 uecSrc 77 finished at 4444.73 total messages 1 total packets 24474 RTS 0 total bytes 100000764 in_flight now 0 fair_inc 515792 prop_inc 1166942 fast_inc 0 eta_inc 442557 multi_dec -531265 quick_dec -0 nack_dec -174300
Flow Uec_60_124 flowId 122 uecSrc 121 finished at 4445.66 total messages 1 total packets 24474 RTS 0 total bytes 100000764 in_flight now 0 fair_inc 559350 prop_inc 1260236 fast_inc 0 eta_inc 443886 multi_dec -479217 quick_dec -0 nack_dec -141100
Flow Uec_28_92 flowId 127 uecSrc 126 finished at 4445.68 total messages 1 total packets 24474 RTS 0 total bytes 100000764 in_flight now 0 fair_inc 578640 prop_inc 1213505 fast_inc 0 eta_inc 443886 multi_dec -429098 quick_dec -0 nack_dec -290500
Flow Uec_62_126 flowId 40 uecSrc 39 finished at 4446.1 total messages 1 total packets 24474 RTS 0 total bytes 100000764 in_flight now 0 fair_inc 566377 prop_inc 1192727 fast_inc 0 eta_inc 442557 multi_dec -467708 quick_dec -0 nack_dec -132800
Flow Uec_26_90 flowId 65 uecSrc 64 finished at 4448.11 total messages 1 total packets 24474 RTS 0 total bytes 100000764 in_flight now 0 fair_inc 524693 prop_inc 1168271 fast_inc 0 eta_inc 443886 multi_dec -494434 quick_dec -0 nack_dec -215800
Flow Uec_92_28 flowId 89 uecSrc 88 finished at 4448.36 total messages 1 total packets 24474 RTS 0 total bytes 100000764 in_flight now 0 fair_inc 539159 prop_inc 1163346 fast_inc 0 eta_inc 443886 multi_dec -513140 quick_dec -0 nack_dec -244850
Flow Uec_91_27 flowId 106 uecSrc 105 finished at 4449.61 total messages 1 total packets 24474 RTS 0 total bytes 100000764 in_flight now 0 fair_inc 537510 prop_inc 1203472 fast_inc 0 eta_inc 443886 multi_dec -695457 quick_dec -0 nack_dec -195050
Flow Uec_74_10 flowId 60 uecSrc 59 finished at 4452.42 total messages 1 total packets 24474 RTS 0 total bytes 100000764 in_flight now 0 fair_inc 568038 prop_inc 1180466 fast_inc 0 eta_inc 443886 multi_dec -294854 quick_dec -0 nack_dec -431600
Flow Uec_66_2 flowId 50 uecSrc 49 finished at 4458.06 total messages 1 total packets 24474 RTS 0 total bytes 100000764 in_flight now 0 fair_inc 555333 prop_inc 1380726 fast_inc 0 eta_inc 445215 multi_dec -585007 quick_dec -0 nack_dec -166000
Flow Uec_99_35 flowId 124 uecSrc 123 finished at 4459.35 total messages 1 total packets 24474 RTS 0 total bytes 100000764 in_flight now 0 fair_inc 523856 prop_inc 1309081 fast_inc 0 eta_inc 445215 multi_dec -382406 quick_dec -0 nack_dec -215800
Flow Uec_37_101 flowId 25 uecSrc 24 finished at 4459.62 total messages 1 total packets 24474 RTS 0 total bytes 100000764 in_flight now 0 fair_inc 533429 prop_inc 1200212 fast_inc 0 eta_inc 443886 multi_dec -619156 quick_dec -0 nack_dec -78850
Flow Uec_58_122 flowId 5 uecSrc 4 finished at 4459.73 total messages 1 total packets 24474 RTS 0 total bytes 100000764 in_flight now 0 fair_inc 529045 prop_inc 1303135 fast_inc 0 eta_inc 445215 multi_dec -615173 quick_dec -0 nack_dec -136950
Flow Uec_6_70 flowId 69 uecSrc 68 finished at 4459.88 total messages 1 total packets 24474 RTS 0 total bytes 100000764 in_flight now 0 fair_inc 524801 prop_inc 1136717 fast_inc 0 eta_inc 445215 multi_dec -505057 quick_dec -0 nack_dec -249000
Flow Uec_76_12 flowId 125 uecSrc 124 finished at 4461.12 total messages 1 total packets 24474 RTS 0 total bytes 100000764 in_flight now 0 fair_inc 498291 prop_inc 1248981 fast_inc 0 eta_inc 445215 multi_dec -719110 quick_dec -0 nack_dec -128650
Flow Uec_7_71 flowId 23 uecSrc 22 finished at 4464.71 total messages 1 total packets 24474 RTS 0 total bytes 100000764 in_flight now 0 fair_inc 548247 prop_inc 1209617 fast_inc 0 eta_inc 445215 multi_dec -524505 quick_dec -0 nack_dec -207500
Flow Uec_90_26 flowId 49 uecSrc 48 finished at 4465.73 total messages 1 total packets 24474 RTS 0 total bytes 100000764 in_flight now 0 fair_inc 549921 prop_inc 1260656 fast_inc 0 eta_inc 445215 multi_dec -708709 quick_dec -0 nack_dec -186750
Flow Uec_11_75 flowId 32 uecSrc 31 finished at 4466.14 total messages 1 total packets 24474 RTS 0 total bytes 100000764 in_flight now 0 fair_inc 525810 prop_inc 1211413 fast_inc 0 eta_inc 443886 multi_dec -599611 quick_dec -0 nack_dec -74700
Flow Uec_119_55 flowId 34 uecSrc 33 finished at 4466.71 total messages 1 total packets 24474 RTS 0 total bytes 100000764 in_flight now 0 fair_inc 524777 prop_inc 1293210 fast_inc 0 eta_inc 445215 multi_dec -629684 quick_dec -0 nack_dec -166000
Flow Uec_80_16 flowId 86 uecSrc 85 finished at 4467.55 total messages 1 total packets 24474 RTS 0 total bytes 100000764 in_flight now 0 fair_inc 535049 prop_inc 1329295 fast_inc 0 eta_inc 445215 multi_dec -672764 quick_dec -0 nack_dec -83000
Flow Uec_93_29 flowId 20 uecSrc 19 finished at 4468.2 total messages 1 total packets 24474 RTS 0 total bytes 100000764 in_flight now 0 fair_inc 542063 prop_inc 1214014 fast_inc 0 eta_inc 445215 multi_dec -624057 quick_dec -0 nack_dec -257300
Flow Uec_116_52 flowId 73 uecSrc 72 finished at 4472.65 total messages 1 total packets 24474 RTS 0 total bytes 100000764 in_flight now 0 fair_inc 502992 prop_inc 1267773 fast_inc 0 eta_inc 445215 multi_dec -667209 quick_dec -0 nack_dec -186750
Flow Uec_127_63 flowId 3 uecSrc 2 finished at 4472.83 total messages 1 total packets 24474 RTS 0 total bytes 100000764 in_flight now 0 fair_inc 477413 prop_inc 1329080 fast_inc 0 eta_inc 446544 multi_dec -835010 quick_dec -0 nack_dec -107900
Flow Uec_124_60 flowId 18 uecSrc 17 finished at 4473.05 total messages 1 total packets 24474 RTS 0 total bytes 100000764 in_flight now 0 fair_inc 534021 prop_inc 1296573 fast_inc 0 eta_inc 445215 multi_dec -825622 quick_dec -0 nack_dec -157700
Flow Uec_29_93 flowId 66 uecSrc 65 finished at 4476.02 total messages 1 total packets 24474 RTS 0 total bytes 100000764 in_flight now 0 fair_inc 532755 prop_inc 1212335 fast_inc 0 eta_inc 446544 multi_dec -457175 quick_dec -0 nack_dec -232400
Flow Uec_43_107 flowId 77 uecSrc 76 finished at 4478.52 total messages 1 total packets 24474 RTS 0 total bytes 100000764 in_flight now 0 fair_inc 587195 prop_inc 1239523 fast_inc 0 eta_inc 445215 multi_dec -734206 quick_dec -0 nack_dec -91300
Flow Uec_32_96 flowId 81 uecSrc 80 finished at 4479.1 total messages 1 total packets 24474 RTS 0 total bytes 100000764 in_flight now 0 fair_inc 484966 prop_inc 1236148 fast_inc 0 eta_inc 445215 multi_dec -820099 quick_dec -0 nack_dec -228250
Flow Uec_109_45 flowId 95 uecSrc 94 finished at 4481.01 total messages 1 total packets 24474 RTS 0 total bytes 100000764 in_flight now 0 fair_inc 534230 prop_inc 1181790 fast_inc 0 eta_inc 447873 multi_dec -671884 quick_dec -0 nack_dec -219950
Flow Uec_105_41 flowId 72 uecSrc 71 finished at 4483.82 total messages 1 total packets 24474 RTS 0 total bytes 100000764 in_flight now 0 fair_inc 532085 prop_inc 1157641 fast_inc 0 eta_inc 447873 multi_dec -571248 quick_dec -0 nack_dec -315400
Flow Uec_4_68 flowId 51 uecSrc 50 finished at 4485.45 total messages 1 total packets 24474 RTS 0 total bytes 100000764 in_flight now 0 fair_inc 532486 prop_inc 1138085 fast_inc 0 eta_inc 446544 multi_dec -619733 quick_dec -0 nack_dec -273900
Flow Uec_96_32 flowId 92 uecSrc 91 finished at 4490.58 total messages 1 total packets 24474 RTS 0 total bytes 100000764 in_flight now 0 fair_inc 592168 prop_inc 1155530 fast_inc 0 eta_inc 447873 multi_dec -554065 quick_dec -0 nack_dec -215800
Flow Uec_72_8 flowId 119 uecSrc 118 finished at 4491.62 total messages 1 total packets 24474 RTS 0 total bytes 100000764 in_flight now 0 fair_inc 566356 prop_inc 1158148 fast_inc 0 eta_inc 449202 multi_dec -514602 quick_dec -0 nack_dec -323700
Flow Uec_101_37 flowId 8 uecSrc 7 finished at 4493.24 total messages 1 total packets 24474 RTS 0 total bytes 100000764 in_flight now 0 fair_inc 560488 prop_inc 1326120 fast_inc 0 eta_inc 447873 multi_dec -846908 quick_dec -0 nack_dec -182600
Flow Uec_117_53 flowId 120 uecSrc 119 finished at 4493.99 total messages 1 total packets 24474 RTS 0 total bytes 100000764 in_flight now 0 fair_inc 571223 prop_inc 1244513 fast_inc 0 eta_inc 447873 multi_dec -715428 quick_dec -0 nack_dec -219950
Flow Uec_33_97 flowId 59 uecSrc 58 finished at 4494.5 total messages 1 total packets 24474 RTS 0 total bytes 100000764 in_flight now 0 fair_inc 530045 prop_inc 1227107 fast_inc 0 eta_inc 449202 multi_dec -809069 quick_dec -0 nack_dec -282200
Flow Uec_22_86 flowId 84 uecSrc 83 finished at 4495.82 total messages 1 total packets 24474 RTS 0 total bytes 100000764 in_flight now 0 fair_inc 511156 prop_inc 1302683 fast_inc 0 eta_inc 449202 multi_dec -622778 quick_dec -0 nack_dec -282200
Flow Uec_25_89 flowId 43 uecSrc 42 finished at 4496.15 total messages 1 total packets 24474 RTS 0 total bytes 100000764 in_flight now 0 fair_inc 514926 prop_inc 1160215 fast_inc 0 eta_inc 447873 multi_dec -627437 quick_dec -0 nack_dec -182600
Flow Uec_51_115 flowId 21 uecSrc 20 finished at 4499.61 total messages 1 total packets 24474 RTS 0 total bytes 100000764 in_flight now 0 fair_inc 602326 prop_inc 1185612 fast_inc 0 eta_inc 447873 multi_dec -743957 quick_dec -0 nack_dec -120350
Flow Uec_20_84 flowId 62 uecSrc 61 finished at 4501.04 total messages 1 total packets 24474 RTS 0 total bytes 100000764 in_flight now 0 fair_inc 564703 prop_inc 1241739 fast_inc 0 eta_inc 449202 multi_dec -676697 quick_dec -0 nack_dec -240700
Flow Uec_95_31 flowId 26 uecSrc 25 finished at 4501.26 total messages 1 total packets 24474 RTS 0 total bytes 100000764 in_flight now 0 fair_inc 565948 prop_inc 1173756 fast_inc 0 eta_inc 449202 multi_dec -680358 quick_dec -0 nack_dec -282200
Flow Uec_112_48 flowId 126 uecSrc 125 finished at 4501.78 total messages 1 total packets 24474 RTS 0 total bytes 100000764 in_flight now 0 fair_inc 554576 prop_inc 1210905 fast_inc 0 eta_inc 449202 multi_dec -859684 quick_dec -0 nack_dec -116200
Flow Uec_53_117 flowId 12 uecSrc 11 finished at 4502.13 total messages 1 total packets 24474 RTS 0 total bytes 100000764 in_flight now 0 fair_inc 443751 prop_inc 1294296 fast_inc 0 eta_inc 449202 multi_dec -893776 quick_dec -0 nack_dec -435750
Flow Uec_100_36 flowId 110 uecSrc 109 finished at 4506.7 total messages 1 total packets 24474 RTS 0 total bytes 100000764 in_flight now 0 fair_inc 533618 prop_inc 1246297 fast_inc 0 eta_inc 449202 multi_dec -936571 quick_dec -0 nack_dec -145250
Flow Uec_118_54 flowId 85 uecSrc 84 finished at 4507.64 total messages 1 total packets 24474 RTS 0 total bytes 100000764 in_flight now 0 fair_inc 482803 prop_inc 1305167 fast_inc 0 eta_inc 450531 multi_dec -774136 quick_dec -0 nack_dec -182600
Flow Uec_114_50 flowId 14 uecSrc 13 finished at 4507.91 total messages 1 total packets 24474 RTS 0 total bytes 100000764 in_flight now 0 fair_inc 581135 prop_inc 1335775 fast_inc 0 eta_inc 449202 multi_dec -809098 quick_dec -0 nack_dec -83000
Flow Uec_110_46 flowId 75 uecSrc 74 finished at 4509.08 total messages 1 total packets 24474 RTS 0 total bytes 100000764 in_flight now 0 fair_inc 629685 prop_inc 1194822 fast_inc 0 eta_inc 449202 multi_dec -740634 quick_dec -0 nack_dec -240700
Flow Uec_75_11 flowId 74 uecSrc 73 finished at 4513.35 total messages 1 total packets 24474 RTS 0 total bytes 100000764 in_flight now 0 fair_inc 542019 prop_inc 1157189 fast_inc 0 eta_inc 449202 multi_dec -550763 quick_dec -0 nack_dec -273900
Flow Uec_40_104 flowId 99 uecSrc 98 finished at 4513.97 total messages 1 total packets 24474 RTS 0 total bytes 100000764 in_flight now 0 fair_inc 583865 prop_inc 1220684 fast_inc 0 eta_inc 449202 multi_dec -794504 quick_dec -0 nack_dec -141100
Flow Uec_88_24 flowId 100 uecSrc 99 finished at 4517.11 total messages 1 total packets 24474 RTS 0 total bytes 100000764 in_flight now 0 fair_inc 555901 prop_inc 1282539 fast_inc 0 eta_inc 450531 multi_dec -771582 quick_dec -0 nack_dec -228250
Flow Uec_94_30 flowId 55 uecSrc 54 finished at 4518.68 total messages 1 total packets 24474 RTS 0 total bytes 100000764 in_flight now 0 fair_inc 532829 prop_inc 1206316 fast_inc 0 eta_inc 450531 multi_dec -794292 quick_dec -0 nack_dec -290500
Flow Uec_104_40 flowId 30 uecSrc 29 finished at 4524.1 total messages 1 total packets 24474 RTS 0 total bytes 100000764 in_flight now 0 fair_inc 452807 prop_inc 1243081 fast_inc 0 eta_inc 450531 multi_dec -726695 quick_dec -0 nack_dec -348600
Flow Uec_54_118 flowId 33 uecSrc 32 finished at 4529.07 total messages 1 total packets 24474 RTS 0 total bytes 100000764 in_flight now 0 fair_inc 504579 prop_inc 1161917 fast_inc 0 eta_inc 450531 multi_dec -759129 quick_dec -0 nack_dec -406700
Flow Uec_16_80 flowId 70 uecSrc 69 finished at 4535.62 total messages 1 total packets 24474 RTS 0 total bytes 100000764 in_flight now 0 fair_inc 631341 prop_inc 1192900 fast_inc 0 eta_inc 451860 multi_dec -582773 quick_dec -0 nack_dec -186750
Flow Uec_31_95 flowId 79 uecSrc 78 finished at 4538.62 total messages 1 total packets 24474 RTS 0 total bytes 100000764 in_flight now 0 fair_inc 525287 prop_inc 1229259 fast_inc 0 eta_inc 453189 multi_dec -700475 quick_dec -0 nack_dec -278050
Flow Uec_81_17 flowId 96 uecSrc 95 finished at 4540.54 total messages 1 total packets 24474 RTS 0 total bytes 100000764 in_flight now 0 fair_inc 583731 prop_inc 1299887 fast_inc 0 eta_inc 453189 multi_dec -910681 quick_dec -0 nack_dec -91300
Flow Uec_57_121 flowId 115 uecSrc 114 finished at 4540.78 total messages 1 total packets 24474 RTS 0 total bytes 100000764 in_flight now 0 fair_inc 552472 prop_inc 1186646 fast_inc 0 eta_inc 453189 multi_dec -740998 quick_dec -0 nack_dec -145250
Flow Uec_107_43 flowId 6 uecSrc 5 finished at 4542.91 total messages 1 total packets 24474 RTS 0 total bytes 100000764 in_flight now 0 fair_inc 504776 prop_inc 1217257 fast_inc 0 eta_inc 451860 multi_dec -849032 quick_dec -0 nack_dec -273900
Flow Uec_5_69 flowId 31 uecSrc 30 finished at 4545.22 total messages 1 total packets 24474 RTS 0 total bytes 100000764 in_flight now 0 fair_inc 566079 prop_inc 1160033 fast_inc 0 eta_inc 453189 multi_dec -779546 quick_dec -0 nack_dec -261450
Flow Uec_15_79 flowId 4 uecSrc 3 finished at 4550.76 total messages 1 total packets 24474 RTS 0 total bytes 100000764 in_flight now 0 fair_inc 540789 prop_inc 1290663 fast_inc 0 eta_inc 453189 multi_dec -848925 quick_dec -0 nack_dec -178450
Flow Uec_35_99 flowId 76 uecSrc 75 finished at 4560.79 total messages 1 total packets 24474 RTS 0 total bytes 100000764 in_flight now 0 fair_inc 462288 prop_inc 1381745 fast_inc 0 eta_inc 454518 multi_dec -1021997 quick_dec -0 nack_dec -253150
Flow Uec_79_15 flowId 80 uecSrc 79 finished at 4562.23 total messages 1 total packets 24474 RTS 0 total bytes 100000764 in_flight now 0 fair_inc 538636 prop_inc 1257466 fast_inc 0 eta_inc 454518 multi_dec -885634 quick_dec -0 nack_dec -136950
Flow Uec_46_110 flowId 116 uecSrc 115 finished at 4563.37 total messages 1 total packets 24474 RTS 0 total bytes 100000764 in_flight now 0 fair_inc 557644 prop_inc 1313758 fast_inc 0 eta_inc 454518 multi_dec -701104 quick_dec -0 nack_dec -203350
Flow Uec_3_67 flowId 16 uecSrc 15 finished at 4564.28 total messages 1 total packets 24474 RTS 0 total bytes 100000764 in_flight now 0 fair_inc 592041 prop_inc 1135408 fast_inc 0 eta_inc 455847 multi_dec -997396 quick_dec -0 nack_dec -78850
Flow Uec_108_44 flowId 47 uecSrc 46 finished at 4585.99 total messages 1 total packets 24474 RTS 0 total bytes 100000764 in_flight now 0 fair_inc 487772 prop_inc 1241188 fast_inc 0 eta_inc 457176 multi_dec -946412 quick_dec -0 nack_dec -186750
Flow Uec_8_72 flowId 28 uecSrc 27 finished at 4592.89 total messages 1 total packets 24474 RTS 0 total bytes 100000764 in_flight now 0 fair_inc 549801 prop_inc 1213048 fast_inc 0 eta_inc 458505 multi_dec -1141971 quick_dec -0 nack_dec -53950
Flow Uec_69_5 flowId 104 uecSrc 103 finished at 4601.34 total messages 1 total packets 24474 RTS 0 total bytes 100000764 in_flight now 0 fair_inc 582120 prop_inc 1252354 fast_inc 0 eta_inc 458505 multi_dec -1004074 quick_dec -0 nack_dec -398400
Flow Uec_121_57 flowId 37 uecSrc 36 finished at 4608.85 total messages 1 total packets 24474 RTS 0 total bytes 100000764 in_flight now 0 fair_inc 556928 prop_inc 1359779 fast_inc 0 eta_inc 459834 multi_dec -1122693 quick_dec -0 nack_dec -157700
Flow Uec_85_21 flowId 57 uecSrc 56 finished at 4629 total messages 1 total packets 24474 RTS 0 total bytes 100000764 in_flight now 0 fair_inc 592869 prop_inc 1474469 fast_inc 0 eta_inc 461163 multi_dec -1040520 quick_dec -0 nack_dec -385950
Received SIGTERM at 25000 us, shutting down cleanly.
New: 3132672 Rtx: 5898 RTS: 0 Bounced: 0 ACKs: 1410449 NACKs: 5898 Pulls: 0 sleek_pkts: 0
SPURIOUS_COUNT 0
