Flow Uec_92_28 flowId 17 uecSrc 16 finished at 9506.34 total messages 1 total packets 15664 RTS 0 total bytes 64003104 in_flight now 0 fair_inc 1115389 prop_inc 600140 fast_inc 0 eta_inc 930300 multi_dec -942192 quick_dec -0 nack_dec -2058400
Flow Uec_61_125 flowId 93 uecSrc 92 finished at 9554.26 total messages 1 total packets 15664 RTS 0 total bytes 64003104 in_flight now 0 fair_inc 1112996 prop_inc 650088 fast_inc 0 eta_inc 931629 multi_dec -855140 quick_dec -0 nack_dec -2178750
Flow Uec_82_18 flowId 48 uecSrc 47 finished at 9648.93 total messages 1 total packets 15664 RTS 0 total bytes 64003104 in_flight now 0 fair_inc 1121263 prop_inc 608213 fast_inc 0 eta_inc 936945 multi_dec -1057163 quick_dec -0 nack_dec -1929750
Flow Uec_79_15 flowId 68 uecSrc 67 finished at 9768.86 total messages 1 total packets 15664 RTS 0 total bytes 64003104 in_flight now 0 fair_inc 1080904 prop_inc 639440 fast_inc 0 eta_inc 951564 multi_dec -1089576 quick_dec -0 nack_dec -1909000
Flow Uec_103_39 flowId 33 uecSrc 32 finished at 9794.64 total messages 1 total packets 15664 RTS 0 total bytes 64003104 in_flight now 0 fair_inc 1146925 prop_inc 632209 fast_inc 0 eta_inc 955551 multi_dec -941077 quick_dec -0 nack_dec -2108200
Flow Uec_71_7 flowId 28 uecSrc 27 finished at 9806.28 total messages 1 total packets 15664 RTS 0 total bytes 64003104 in_flight now 0 fair_inc 1135386 prop_inc 601416 fast_inc 0 eta_inc 955551 multi_dec -914595 quick_dec -0 nack_dec -2066700
Flow Uec_64_0 flowId 35 uecSrc 34 finished at 9826.1 total messages 1 total packets 15664 RTS 0 total bytes 64003104 in_flight now 0 fair_inc 1118256 prop_inc 640034 fast_inc 0 eta_inc 963525 multi_dec -1018285 quick_dec -0 nack_dec -2104050
Flow Uec_114_50 flowId 112 uecSrc 111 finished at 9866.99 total messages 1 total packets 15664 RTS 0 total bytes 64003104 in_flight now 0 fair_inc 1122420 prop_inc 589854 fast_inc 0 eta_inc 962196 multi_dec -1148908 quick_dec -0 nack_dec -1904850
Flow Uec_123_59 flowId 74 uecSrc 73 finished at 9900.23 total messages 1 total packets 15664 RTS 0 total bytes 64003104 in_flight now 0 fair_inc 1160526 prop_inc 578719 fast_inc 0 eta_inc 962196 multi_dec -1074098 quick_dec -0 nack_dec -2025200
Flow Uec_4_68 flowId 53 uecSrc 52 finished at 9902.54 total messages 1 total packets 15664 RTS 0 total bytes 64003104 in_flight now 0 fair_inc 1107184 prop_inc 668501 fast_inc 0 eta_inc 964854 multi_dec -1014404 quick_dec -0 nack_dec -2116500
Flow Uec_37_101 flowId 116 uecSrc 115 finished at 9913.74 total messages 1 total packets 15664 RTS 0 total bytes 64003104 in_flight now 0 fair_inc 1193005 prop_inc 586286 fast_inc 0 eta_inc 967512 multi_dec -1036215 quick_dec -0 nack_dec -2041800
Flow Uec_6_70 flowId 108 uecSrc 107 finished at 9915.51 total messages 1 total packets 15664 RTS 0 total bytes 64003104 in_flight now 0 fair_inc 1107187 prop_inc 607970 fast_inc 0 eta_inc 968841 multi_dec -993020 quick_dec -0 nack_dec -2045950
Flow Uec_65_1 flowId 73 uecSrc 72 finished at 9944.74 total messages 1 total packets 15664 RTS 0 total bytes 64003104 in_flight now 0 fair_inc 1071905 prop_inc 608831 fast_inc 0 eta_inc 970170 multi_dec -1346568 quick_dec -0 nack_dec -1660000
Flow Uec_115_51 flowId 87 uecSrc 86 finished at 9956.38 total messages 1 total packets 15664 RTS 0 total bytes 64003104 in_flight now 0 fair_inc 1113579 prop_inc 618232 fast_inc 0 eta_inc 971499 multi_dec -961887 quick_dec -0 nack_dec -2070850
Flow Uec_29_93 flowId 92 uecSrc 91 finished at 9979.23 total messages 1 total packets 15664 RTS 0 total bytes 64003104 in_flight now 0 fair_inc 1163405 prop_inc 567300 fast_inc 0 eta_inc 971499 multi_dec -946607 quick_dec -0 nack_dec -2108200
Flow Uec_41_105 flowId 8 uecSrc 7 finished at 9981.81 total messages 1 total packets 15664 RTS 0 total bytes 64003104 in_flight now 0 fair_inc 1109210 prop_inc 597045 fast_inc 0 eta_inc 970170 multi_dec -1104945 quick_dec -0 nack_dec -1904850
Flow Uec_33_97 flowId 41 uecSrc 40 finished at 10001.2 total messages 1 total packets 15664 RTS 0 total bytes 64003104 in_flight now 0 fair_inc 1193651 prop_inc 611745 fast_inc 0 eta_inc 971499 multi_dec -971676 quick_dec -0 nack_dec -2187050
Flow Uec_12_76 flowId 1 uecSrc 0 finished at 10011.1 total messages 1 total packets 15664 RTS 0 total bytes 64003104 in_flight now 0 fair_inc 1041427 prop_inc 658696 fast_inc 0 eta_inc 975486 multi_dec -905479 quick_dec -0 nack_dec -2145550
Flow Uec_86_22 flowId 83 uecSrc 82 finished at 10020.3 total messages 1 total packets 15664 RTS 0 total bytes 64003104 in_flight now 0 fair_inc 1164004 prop_inc 609389 fast_inc 0 eta_inc 975486 multi_dec -1092180 quick_dec -0 nack_dec -2016900
Flow Uec_96_32 flowId 72 uecSrc 71 finished at 10041.1 total messages 1 total packets 15664 RTS 0 total bytes 64003104 in_flight now 0 fair_inc 1206223 prop_inc 624948 fast_inc 0 eta_inc 978144 multi_dec -1005846 quick_dec -0 nack_dec -2149700
Flow Uec_124_60 flowId 122 uecSrc 121 finished at 10045.5 total messages 1 total packets 15664 RTS 0 total bytes 64003104 in_flight now 0 fair_inc 1226690 prop_inc 596394 fast_inc 0 eta_inc 979473 multi_dec -987232 quick_dec -0 nack_dec -2124800
Flow Uec_97_33 flowId 18 uecSrc 17 finished at 10055.6 total messages 1 total packets 15664 RTS 0 total bytes 64003104 in_flight now 0 fair_inc 1147885 prop_inc 656281 fast_inc 0 eta_inc 978144 multi_dec -957576 quick_dec -0 nack_dec -2207800
Flow Uec_16_80 flowId 115 uecSrc 114 finished at 10058.2 total messages 1 total packets 15664 RTS 0 total bytes 64003104 in_flight now 0 fair_inc 1131789 prop_inc 631021 fast_inc 0 eta_inc 979473 multi_dec -890722 quick_dec -0 nack_dec -2116500
Flow Uec_76_12 flowId 7 uecSrc 6 finished at 10060.8 total messages 1 total packets 15664 RTS 0 total bytes 64003104 in_flight now 0 fair_inc 1085751 prop_inc 684684 fast_inc 0 eta_inc 982131 multi_dec -1070450 quick_dec -0 nack_dec -2004450
Flow Uec_85_21 flowId 58 uecSrc 57 finished at 10062.4 total messages 1 total packets 15664 RTS 0 total bytes 64003104 in_flight now 0 fair_inc 1165882 prop_inc 615517 fast_inc 0 eta_inc 979473 multi_dec -998847 quick_dec -0 nack_dec -2133100
Flow Uec_48_112 flowId 85 uecSrc 84 finished at 10071.9 total messages 1 total packets 15664 RTS 0 total bytes 64003104 in_flight now 0 fair_inc 1101888 prop_inc 613238 fast_inc 0 eta_inc 982131 multi_dec -912697 quick_dec -0 nack_dec -2158000
Flow Uec_39_103 flowId 30 uecSrc 29 finished at 10073.7 total messages 1 total packets 15664 RTS 0 total bytes 64003104 in_flight now 0 fair_inc 1133029 prop_inc 601678 fast_inc 0 eta_inc 982131 multi_dec -968627 quick_dec -0 nack_dec -2079150
Flow Uec_42_106 flowId 81 uecSrc 80 finished at 10076 total messages 1 total packets 15664 RTS 0 total bytes 64003104 in_flight now 0 fair_inc 1200739 prop_inc 582016 fast_inc 0 eta_inc 980802 multi_dec -1117550 quick_dec -2709 nack_dec -1992000
Flow Uec_50_114 flowId 47 uecSrc 46 finished at 10083 total messages 1 total packets 15664 RTS 0 total bytes 64003104 in_flight now 0 fair_inc 1149755 prop_inc 687118 fast_inc 0 eta_inc 980802 multi_dec -999099 quick_dec -0 nack_dec -2128950
Flow Uec_45_109 flowId 6 uecSrc 5 finished at 10085.3 total messages 1 total packets 15664 RTS 0 total bytes 64003104 in_flight now 0 fair_inc 1103414 prop_inc 630637 fast_inc 0 eta_inc 982131 multi_dec -987374 quick_dec -0 nack_dec -2045950
Flow Uec_74_10 flowId 104 uecSrc 103 finished at 10125.6 total messages 1 total packets 15664 RTS 0 total bytes 64003104 in_flight now 0 fair_inc 1067101 prop_inc 733420 fast_inc 0 eta_inc 984789 multi_dec -873673 quick_dec -0 nack_dec -2207800
Flow Uec_23_87 flowId 126 uecSrc 125 finished at 10131.6 total messages 1 total packets 15664 RTS 0 total bytes 64003104 in_flight now 0 fair_inc 1099478 prop_inc 631954 fast_inc 0 eta_inc 984789 multi_dec -1076091 quick_dec -0 nack_dec -1962950
Flow Uec_53_117 flowId 118 uecSrc 117 finished at 10132.2 total messages 1 total packets 15664 RTS 0 total bytes 64003104 in_flight now 0 fair_inc 1106442 prop_inc 643668 fast_inc 0 eta_inc 987447 multi_dec -1107247 quick_dec -0 nack_dec -1962950
Flow Uec_11_75 flowId 43 uecSrc 42 finished at 10148.6 total messages 1 total packets 15664 RTS 0 total bytes 64003104 in_flight now 0 fair_inc 1232699 prop_inc 644507 fast_inc 0 eta_inc 988776 multi_dec -949696 quick_dec -0 nack_dec -2265900
Flow Uec_87_23 flowId 67 uecSrc 66 finished at 10150.8 total messages 1 total packets 15664 RTS 0 total bytes 64003104 in_flight now 0 fair_inc 1144109 prop_inc 670643 fast_inc 0 eta_inc 988776 multi_dec -988262 quick_dec -0 nack_dec -2121696
Flow Uec_111_47 flowId 101 uecSrc 100 finished at 10154.7 total messages 1 total packets 15664 RTS 0 total bytes 64003104 in_flight now 0 fair_inc 1216352 prop_inc 635998 fast_inc 0 eta_inc 986118 multi_dec -979053 quick_dec -0 nack_dec -2166300
Flow Uec_44_108 flowId 2 uecSrc 1 finished at 10167.6 total messages 1 total packets 15664 RTS 0 total bytes 64003104 in_flight now 0 fair_inc 1248866 prop_inc 603672 fast_inc 0 eta_inc 992763 multi_dec -1137795 quick_dec -0 nack_dec -2004450
Flow Uec_22_86 flowId 11 uecSrc 10 finished at 10173.9 total messages 1 total packets 15664 RTS 0 total bytes 64003104 in_flight now 0 fair_inc 1224404 prop_inc 575169 fast_inc 0 eta_inc 988776 multi_dec -1318789 quick_dec -0 nack_dec -1859200
Flow Uec_14_78 flowId 124 uecSrc 123 finished at 10176.1 total messages 1 total packets 15664 RTS 0 total bytes 64003104 in_flight now 0 fair_inc 1152528 prop_inc 677814 fast_inc 0 eta_inc 992763 multi_dec -928388 quick_dec -0 nack_dec -2216100
Flow Uec_62_126 flowId 49 uecSrc 48 finished at 10181.4 total messages 1 total packets 15664 RTS 0 total bytes 64003104 in_flight now 0 fair_inc 1119564 prop_inc 637190 fast_inc 0 eta_inc 987447 multi_dec -1018999 quick_dec -0 nack_dec -2041800
Flow Uec_27_91 flowId 70 uecSrc 69 finished at 10193.7 total messages 1 total packets 15664 RTS 0 total bytes 64003104 in_flight now 0 fair_inc 1166774 prop_inc 602721 fast_inc 0 eta_inc 991434 multi_dec -1065269 quick_dec -0 nack_dec -2041800
Flow Uec_2_66 flowId 114 uecSrc 113 finished at 10198.6 total messages 1 total packets 15664 RTS 0 total bytes 64003104 in_flight now 0 fair_inc 1197370 prop_inc 638480 fast_inc 0 eta_inc 991434 multi_dec -1136159 quick_dec -0 nack_dec -2021050
Flow Uec_35_99 flowId 89 uecSrc 88 finished at 10200 total messages 1 total packets 15664 RTS 0 total bytes 64003104 in_flight now 0 fair_inc 1131760 prop_inc 644865 fast_inc 0 eta_inc 994092 multi_dec -997909 quick_dec -0 nack_dec -2058400
Flow Uec_112_48 flowId 65 uecSrc 64 finished at 10208.2 total messages 1 total packets 15664 RTS 0 total bytes 64003104 in_flight now 0 fair_inc 1089944 prop_inc 628915 fast_inc 0 eta_inc 991434 multi_dec -921837 quick_dec -0 nack_dec -2050100
Flow Uec_68_4 flowId 9 uecSrc 8 finished at 10214.6 total messages 1 total packets 15664 RTS 0 total bytes 64003104 in_flight now 0 fair_inc 1092653 prop_inc 714209 fast_inc 0 eta_inc 995421 multi_dec -1004119 quick_dec -0 nack_dec -2033500
Flow Uec_80_16 flowId 57 uecSrc 56 finished at 10219.7 total messages 1 total packets 15664 RTS 0 total bytes 64003104 in_flight now 0 fair_inc 1165015 prop_inc 597560 fast_inc 0 eta_inc 994092 multi_dec -1092225 quick_dec -0 nack_dec -1942200
Flow Uec_90_26 flowId 107 uecSrc 106 finished at 10227.4 total messages 1 total packets 15664 RTS 0 total bytes 64003104 in_flight now 0 fair_inc 1175722 prop_inc 634827 fast_inc 0 eta_inc 994092 multi_dec -1281073 quick_dec -0 nack_dec -1850900
Flow Uec_117_53 flowId 14 uecSrc 13 finished at 10228 total messages 1 total packets 15664 RTS 0 total bytes 64003104 in_flight now 0 fair_inc 1209440 prop_inc 601676 fast_inc 0 eta_inc 995421 multi_dec -1054057 quick_dec -0 nack_dec -2066700
Flow Uec_91_27 flowId 23 uecSrc 22 finished at 10265.2 total messages 1 total packets 15664 RTS 0 total bytes 64003104 in_flight now 0 fair_inc 1139786 prop_inc 638450 fast_inc 0 eta_inc 995421 multi_dec -1126188 quick_dec -0 nack_dec -1917300
Flow Uec_99_35 flowId 109 uecSrc 108 finished at 10296.3 total messages 1 total packets 15664 RTS 0 total bytes 64003104 in_flight now 0 fair_inc 1139561 prop_inc 677266 fast_inc 0 eta_inc 996750 multi_dec -956251 quick_dec -0 nack_dec -2166300
Flow Uec_10_74 flowId 56 uecSrc 55 finished at 10300.5 total messages 1 total packets 15664 RTS 0 total bytes 64003104 in_flight now 0 fair_inc 1136310 prop_inc 688859 fast_inc 0 eta_inc 998079 multi_dec -990487 quick_dec -0 nack_dec -2091600
Flow Uec_110_46 flowId 62 uecSrc 61 finished at 10302.9 total messages 1 total packets 15664 RTS 0 total bytes 64003104 in_flight now 0 fair_inc 1214739 prop_inc 676715 fast_inc 0 eta_inc 1002066 multi_dec -1019902 quick_dec -0 nack_dec -2182900
Flow Uec_109_45 flowId 119 uecSrc 118 finished at 10304.9 total messages 1 total packets 15664 RTS 0 total bytes 64003104 in_flight now 0 fair_inc 1171822 prop_inc 673231 fast_inc 0 eta_inc 1003395 multi_dec -979214 quick_dec -0 nack_dec -2191200
Flow Uec_8_72 flowId 13 uecSrc 12 finished at 10309.6 total messages 1 total packets 15664 RTS 0 total bytes 64003104 in_flight now 0 fair_inc 1118202 prop_inc 704790 fast_inc 0 eta_inc 1002066 multi_dec -1005046 quick_dec -0 nack_dec -2087450
Flow Uec_24_88 flowId 15 uecSrc 14 finished at 10326.8 total messages 1 total packets 15664 RTS 0 total bytes 64003104 in_flight now 0 fair_inc 1143108 prop_inc 651456 fast_inc 0 eta_inc 1003395 multi_dec -1057040 quick_dec -0 nack_dec -2037650
Flow Uec_54_118 flowId 25 uecSrc 24 finished at 10345.7 total messages 1 total packets 15664 RTS 0 total bytes 64003104 in_flight now 0 fair_inc 1179094 prop_inc 659536 fast_inc 0 eta_inc 1007382 multi_dec -943046 quick_dec -0 nack_dec -2191200
Flow Uec_77_13 flowId 20 uecSrc 19 finished at 10382.8 total messages 1 total packets 15664 RTS 0 total bytes 64003104 in_flight now 0 fair_inc 1077065 prop_inc 700759 fast_inc 0 eta_inc 1010040 multi_dec -1017760 quick_dec -0 nack_dec -2050100
Flow Uec_89_25 flowId 98 uecSrc 97 finished at 10383.3 total messages 1 total packets 15664 RTS 0 total bytes 64003104 in_flight now 0 fair_inc 1207915 prop_inc 670514 fast_inc 0 eta_inc 1004724 multi_dec -1060924 quick_dec -10376 nack_dec -2055296
Flow Uec_20_84 flowId 102 uecSrc 101 finished at 10391 total messages 1 total packets 15664 RTS 0 total bytes 64003104 in_flight now 0 fair_inc 1108046 prop_inc 667544 fast_inc 0 eta_inc 1008711 multi_dec -1024974 quick_dec -0 nack_dec -2075000
Flow Uec_15_79 flowId 38 uecSrc 37 finished at 10391.9 total messages 1 total packets 15664 RTS 0 total bytes 64003104 in_flight now 0 fair_inc 1204365 prop_inc 661779 fast_inc 0 eta_inc 1011369 multi_dec -1172209 quick_dec -0 nack_dec -1954650
Flow Uec_55_119 flowId 78 uecSrc 77 finished at 10394.6 total messages 1 total packets 15664 RTS 0 total bytes 64003104 in_flight now 0 fair_inc 1167306 prop_inc 674558 fast_inc 0 eta_inc 1007382 multi_dec -1189517 quick_dec -0 nack_dec -2008600
Flow Uec_100_36 flowId 31 uecSrc 30 finished at 10399.6 total messages 1 total packets 15664 RTS 0 total bytes 64003104 in_flight now 0 fair_inc 1226976 prop_inc 672662 fast_inc 0 eta_inc 1010040 multi_dec -987766 quick_dec -0 nack_dec -2166300
Flow Uec_108_44 flowId 120 uecSrc 119 finished at 10406 total messages 1 total packets 15664 RTS 0 total bytes 64003104 in_flight now 0 fair_inc 1199148 prop_inc 694451 fast_inc 0 eta_inc 1012698 multi_dec -1065994 quick_dec -0 nack_dec -2133100
Flow Uec_73_9 flowId 27 uecSrc 26 finished at 10418.7 total messages 1 total packets 15664 RTS 0 total bytes 64003104 in_flight now 0 fair_inc 1168474 prop_inc 718058 fast_inc 0 eta_inc 1011369 multi_dec -1278287 quick_dec -0 nack_dec -1838450
Flow Uec_31_95 flowId 22 uecSrc 21 finished at 10421.8 total messages 1 total packets 15664 RTS 0 total bytes 64003104 in_flight now 0 fair_inc 1209281 prop_inc 684113 fast_inc 0 eta_inc 1011369 multi_dec -1033863 quick_dec -0 nack_dec -2128950
Flow Uec_17_81 flowId 97 uecSrc 96 finished at 10422.5 total messages 1 total packets 15664 RTS 0 total bytes 64003104 in_flight now 0 fair_inc 1200206 prop_inc 688136 fast_inc 0 eta_inc 1012698 multi_dec -1076078 quick_dec -0 nack_dec -2120650
Flow Uec_63_127 flowId 44 uecSrc 43 finished at 10424.8 total messages 1 total packets 15664 RTS 0 total bytes 64003104 in_flight now 0 fair_inc 1232105 prop_inc 675518 fast_inc 0 eta_inc 1008711 multi_dec -940477 quick_dec -0 nack_dec -2211950
Flow Uec_81_17 flowId 95 uecSrc 94 finished at 10426.6 total messages 1 total packets 15664 RTS 0 total bytes 64003104 in_flight now 0 fair_inc 1177346 prop_inc 716061 fast_inc 0 eta_inc 1011369 multi_dec -1066768 quick_dec -0 nack_dec -2045950
Flow Uec_60_124 flowId 100 uecSrc 99 finished at 10445.6 total messages 1 total packets 15664 RTS 0 total bytes 64003104 in_flight now 0 fair_inc 1264620 prop_inc 627780 fast_inc 0 eta_inc 1015356 multi_dec -1200023 quick_dec -0 nack_dec -1938050
Flow Uec_43_107 flowId 39 uecSrc 38 finished at 10446.5 total messages 1 total packets 15664 RTS 0 total bytes 64003104 in_flight now 0 fair_inc 1195092 prop_inc 675181 fast_inc 0 eta_inc 1011369 multi_dec -1078091 quick_dec -0 nack_dec -2008600
Flow Uec_105_41 flowId 79 uecSrc 78 finished at 10447.1 total messages 1 total packets 15664 RTS 0 total bytes 64003104 in_flight now 0 fair_inc 1157618 prop_inc 770825 fast_inc 0 eta_inc 1016685 multi_dec -1033465 quick_dec -0 nack_dec -2166300
Flow Uec_49_113 flowId 123 uecSrc 122 finished at 10450.1 total messages 1 total packets 15664 RTS 0 total bytes 64003104 in_flight now 0 fair_inc 1184082 prop_inc 640960 fast_inc 0 eta_inc 1015356 multi_dec -956536 quick_dec -0 nack_dec -2120650
Flow Uec_59_123 flowId 32 uecSrc 31 finished at 10453.1 total messages 1 total packets 15664 RTS 0 total bytes 64003104 in_flight now 0 fair_inc 1228965 prop_inc 698300 fast_inc 0 eta_inc 1012698 multi_dec -1006115 quick_dec -0 nack_dec -2182900
Flow Uec_13_77 flowId 106 uecSrc 105 finished at 10454.2 total messages 1 total packets 15664 RTS 0 total bytes 64003104 in_flight now 0 fair_inc 1150724 prop_inc 781084 fast_inc 0 eta_inc 1015356 multi_dec -1042490 quick_dec -0 nack_dec -2116500
Flow Uec_84_20 flowId 37 uecSrc 36 finished at 10460.3 total messages 1 total packets 15664 RTS 0 total bytes 64003104 in_flight now 0 fair_inc 1236949 prop_inc 767602 fast_inc 0 eta_inc 1015356 multi_dec -1015435 quick_dec -0 nack_dec -2224400
Flow Uec_25_89 flowId 113 uecSrc 112 finished at 10475.7 total messages 1 total packets 15664 RTS 0 total bytes 64003104 in_flight now 0 fair_inc 1173308 prop_inc 699147 fast_inc 0 eta_inc 1018014 multi_dec -1039553 quick_dec -0 nack_dec -2133100
Flow Uec_88_24 flowId 52 uecSrc 51 finished at 10476.7 total messages 1 total packets 15664 RTS 0 total bytes 64003104 in_flight now 0 fair_inc 1235504 prop_inc 740393 fast_inc 0 eta_inc 1012698 multi_dec -1073988 quick_dec -1029 nack_dec -2091600
Flow Uec_72_8 flowId 110 uecSrc 109 finished at 10478.3 total messages 1 total packets 15664 RTS 0 total bytes 64003104 in_flight now 0 fair_inc 1168648 prop_inc 715500 fast_inc 0 eta_inc 1015356 multi_dec -1108880 quick_dec -0 nack_dec -2025200
Flow Uec_126_62 flowId 24 uecSrc 23 finished at 10478.3 total messages 1 total packets 15664 RTS 0 total bytes 64003104 in_flight now 0 fair_inc 1215677 prop_inc 638260 fast_inc 0 eta_inc 1018014 multi_dec -1004842 quick_dec -0 nack_dec -2104050
Flow Uec_58_122 flowId 125 uecSrc 124 finished at 10482 total messages 1 total packets 15664 RTS 0 total bytes 64003104 in_flight now 0 fair_inc 1184254 prop_inc 717826 fast_inc 0 eta_inc 1018014 multi_dec -1036116 quick_dec -0 nack_dec -2087450
Flow Uec_46_110 flowId 88 uecSrc 87 finished at 10490.1 total messages 1 total packets 15664 RTS 0 total bytes 64003104 in_flight now 0 fair_inc 1193464 prop_inc 682277 fast_inc 0 eta_inc 1018014 multi_dec -1137874 quick_dec -0 nack_dec -1987850
Flow Uec_1_65 flowId 29 uecSrc 28 finished at 10490.6 total messages 1 total packets 15664 RTS 0 total bytes 64003104 in_flight now 0 fair_inc 1186688 prop_inc 744060 fast_inc 0 eta_inc 1016685 multi_dec -972605 quick_dec -0 nack_dec -2191200
Flow Uec_21_85 flowId 105 uecSrc 104 finished at 10494.7 total messages 1 total packets 15664 RTS 0 total bytes 64003104 in_flight now 0 fair_inc 1159960 prop_inc 730493 fast_inc 0 eta_inc 1016685 multi_dec -963338 quick_dec -0 nack_dec -2153850
Flow Uec_28_92 flowId 84 uecSrc 83 finished at 10509.8 total messages 1 total packets 15664 RTS 0 total bytes 64003104 in_flight now 0 fair_inc 1170454 prop_inc 736845 fast_inc 0 eta_inc 1022001 multi_dec -980654 quick_dec -0 nack_dec -2158000
Flow Uec_104_40 flowId 55 uecSrc 54 finished at 10511.8 total messages 1 total packets 15664 RTS 0 total bytes 64003104 in_flight now 0 fair_inc 1183876 prop_inc 735841 fast_inc 0 eta_inc 1018014 multi_dec -1025330 quick_dec -0 nack_dec -2137250
Flow Uec_125_61 flowId 121 uecSrc 120 finished at 10512.4 total messages 1 total packets 15664 RTS 0 total bytes 64003104 in_flight now 0 fair_inc 1190721 prop_inc 680612 fast_inc 0 eta_inc 1019343 multi_dec -1091403 quick_dec -0 nack_dec -2108200
Flow Uec_101_37 flowId 111 uecSrc 110 finished at 10512.6 total messages 1 total packets 15664 RTS 0 total bytes 64003104 in_flight now 0 fair_inc 1135752 prop_inc 772010 fast_inc 0 eta_inc 1011369 multi_dec -1024605 quick_dec -4572 nack_dec -2116500
Flow Uec_75_11 flowId 103 uecSrc 102 finished at 10513.7 total messages 1 total packets 15664 RTS 0 total bytes 64003104 in_flight now 0 fair_inc 1062802 prop_inc 834364 fast_inc 0 eta_inc 1022001 multi_dec -1050974 quick_dec -0 nack_dec -2079150
Flow Uec_51_115 flowId 21 uecSrc 20 finished at 10515.6 total messages 1 total packets 15664 RTS 0 total bytes 64003104 in_flight now 0 fair_inc 1093412 prop_inc 778300 fast_inc 0 eta_inc 1019343 multi_dec -1128739 quick_dec -0 nack_dec -1950500
Flow Uec_93_29 flowId 51 uecSrc 50 finished at 10519.2 total messages 1 total packets 15664 RTS 0 total bytes 64003104 in_flight now 0 fair_inc 1218447 prop_inc 808083 fast_inc 0 eta_inc 1019343 multi_dec -1024932 quick_dec -0 nack_dec -2174600
Flow Uec_113_49 flowId 60 uecSrc 59 finished at 10525.1 total messages 1 total packets 15664 RTS 0 total bytes 64003104 in_flight now 0 fair_inc 1172364 prop_inc 690337 fast_inc 0 eta_inc 1019343 multi_dec -1110591 quick_dec -0 nack_dec -2083300
Flow Uec_30_94 flowId 96 uecSrc 95 finished at 10530.5 total messages 1 total packets 15664 RTS 0 total bytes 64003104 in_flight now 0 fair_inc 1103659 prop_inc 766175 fast_inc 0 eta_inc 1023330 multi_dec -999241 quick_dec -0 nack_dec -2116500
Flow Uec_38_102 flowId 90 uecSrc 89 finished at 10531.5 total messages 1 total packets 15664 RTS 0 total bytes 64003104 in_flight now 0 fair_inc 1226532 prop_inc 730786 fast_inc 0 eta_inc 1016685 multi_dec -910786 quick_dec -23184 nack_dec -2216100
Flow Uec_5_69 flowId 91 uecSrc 90 finished at 10532.1 total messages 1 total packets 15664 RTS 0 total bytes 64003104 in_flight now 0 fair_inc 1085138 prop_inc 788136 fast_inc 0 eta_inc 1024659 multi_dec -1159626 quick_dec -0 nack_dec -1938050
Flow Uec_122_58 flowId 42 uecSrc 41 finished at 10533.6 total messages 1 total packets 15664 RTS 0 total bytes 64003104 in_flight now 0 fair_inc 1228795 prop_inc 706083 fast_inc 0 eta_inc 1022001 multi_dec -984095 quick_dec -0 nack_dec -2220250
Flow Uec_32_96 flowId 19 uecSrc 18 finished at 10533.6 total messages 1 total packets 15664 RTS 0 total bytes 64003104 in_flight now 0 fair_inc 1120188 prop_inc 748929 fast_inc 0 eta_inc 1022001 multi_dec -1007702 quick_dec -0 nack_dec -2095750
Flow Uec_18_82 flowId 10 uecSrc 9 finished at 10534.5 total messages 1 total packets 15664 RTS 0 total bytes 64003104 in_flight now 0 fair_inc 1186538 prop_inc 759680 fast_inc 0 eta_inc 1020672 multi_dec -1057167 quick_dec -0 nack_dec -2095750
Flow Uec_116_52 flowId 82 uecSrc 81 finished at 10534.9 total messages 1 total packets 15664 RTS 0 total bytes 64003104 in_flight now 0 fair_inc 1170843 prop_inc 681906 fast_inc 0 eta_inc 1022001 multi_dec -863102 quick_dec -0 nack_dec -2270050
Flow Uec_40_104 flowId 99 uecSrc 98 finished at 10535.5 total messages 1 total packets 15664 RTS 0 total bytes 64003104 in_flight now 0 fair_inc 1169839 prop_inc 732658 fast_inc 0 eta_inc 1027317 multi_dec -1152279 quick_dec -0 nack_dec -2025200
Flow Uec_34_98 flowId 69 uecSrc 68 finished at 10535.8 total messages 1 total packets 15664 RTS 0 total bytes 64003104 in_flight now 0 fair_inc 1171370 prop_inc 734236 fast_inc 0 eta_inc 1020672 multi_dec -1104713 quick_dec -0 nack_dec -2021050
Flow Uec_56_120 flowId 50 uecSrc 49 finished at 10536 total messages 1 total packets 15664 RTS 0 total bytes 64003104 in_flight now 0 fair_inc 1169659 prop_inc 802595 fast_inc 0 eta_inc 1019343 multi_dec -1124846 quick_dec -16330 nack_dec -1971250
Flow Uec_9_73 flowId 5 uecSrc 4 finished at 10537.9 total messages 1 total packets 15664 RTS 0 total bytes 64003104 in_flight now 0 fair_inc 1197924 prop_inc 781997 fast_inc 0 eta_inc 1023330 multi_dec -1009061 quick_dec -0 nack_dec -2187050
Flow Uec_127_63 flowId 64 uecSrc 63 finished at 10542.3 total messages 1 total packets 15664 RTS 0 total bytes 64003104 in_flight now 0 fair_inc 1198491 prop_inc 673792 fast_inc 0 eta_inc 1027317 multi_dec -1148380 quick_dec -0 nack_dec -2050100
Flow Uec_121_57 flowId 3 uecSrc 2 finished at 10542.4 total messages 1 total packets 15664 RTS 0 total bytes 64003104 in_flight now 0 fair_inc 1147156 prop_inc 667695 fast_inc 0 eta_inc 1023330 multi_dec -914356 quick_dec -0 nack_dec -2145550
Flow Uec_118_54 flowId 77 uecSrc 76 finished at 10545.1 total messages 1 total packets 15664 RTS 0 total bytes 64003104 in_flight now 0 fair_inc 1180919 prop_inc 699569 fast_inc 0 eta_inc 1023330 multi_dec -1077486 quick_dec -0 nack_dec -2083300
Flow Uec_94_30 flowId 36 uecSrc 35 finished at 10559.1 total messages 1 total packets 15664 RTS 0 total bytes 64003104 in_flight now 0 fair_inc 1164060 prop_inc 811548 fast_inc 0 eta_inc 1024659 multi_dec -1081718 quick_dec -0 nack_dec -2008600
Flow Uec_7_71 flowId 127 uecSrc 126 finished at 10559.5 total messages 1 total packets 15664 RTS 0 total bytes 64003104 in_flight now 0 fair_inc 1144775 prop_inc 861532 fast_inc 0 eta_inc 1025988 multi_dec -949825 quick_dec -0 nack_dec -2216100
Flow Uec_102_38 flowId 40 uecSrc 39 finished at 10565.9 total messages 1 total packets 15664 RTS 0 total bytes 64003104 in_flight now 0 fair_inc 1135213 prop_inc 828651 fast_inc 0 eta_inc 1020672 multi_dec -1097922 quick_dec -0 nack_dec -2033500
Flow Uec_107_43 flowId 80 uecSrc 79 finished at 10571.7 total messages 1 total packets 15664 RTS 0 total bytes 64003104 in_flight now 0 fair_inc 1203130 prop_inc 762835 fast_inc 0 eta_inc 1024659 multi_dec -1046976 quick_dec -0 nack_dec -2070850
Flow Uec_66_2 flowId 61 uecSrc 60 finished at 10573 total messages 1 total packets 15664 RTS 0 total bytes 64003104 in_flight now 0 fair_inc 1165040 prop_inc 817869 fast_inc 0 eta_inc 1023330 multi_dec -1018720 quick_dec -0 nack_dec -2174600
Flow Uec_67_3 flowId 128 uecSrc 127 finished at 10575 total messages 1 total packets 15664 RTS 0 total bytes 64003104 in_flight now 0 fair_inc 1087397 prop_inc 799551 fast_inc 0 eta_inc 1024659 multi_dec -1006415 quick_dec -0 nack_dec -2062550
Flow Uec_78_14 flowId 46 uecSrc 45 finished at 10576.9 total messages 1 total packets 15664 RTS 0 total bytes 64003104 in_flight now 0 fair_inc 1156285 prop_inc 790600 fast_inc 0 eta_inc 1023330 multi_dec -1284471 quick_dec -0 nack_dec -1863350
Flow Uec_70_6 flowId 45 uecSrc 44 finished at 10587.5 total messages 1 total packets 15664 RTS 0 total bytes 64003104 in_flight now 0 fair_inc 1103215 prop_inc 914456 fast_inc 0 eta_inc 1025988 multi_dec -1078251 quick_dec -506 nack_dec -2062550
Flow Uec_3_67 flowId 75 uecSrc 74 finished at 10596 total messages 1 total packets 15664 RTS 0 total bytes 64003104 in_flight now 0 fair_inc 1133213 prop_inc 863295 fast_inc 162548 eta_inc 1028646 multi_dec -966054 quick_dec -0 nack_dec -2170450
Flow Uec_120_56 flowId 76 uecSrc 75 finished at 10599.2 total messages 1 total packets 15664 RTS 0 total bytes 64003104 in_flight now 0 fair_inc 1201358 prop_inc 768916 fast_inc 40496 eta_inc 1028646 multi_dec -1228837 quick_dec -0 nack_dec -1933900
Flow Uec_36_100 flowId 63 uecSrc 62 finished at 10601 total messages 1 total packets 15664 RTS 0 total bytes 64003104 in_flight now 0 fair_inc 1170417 prop_inc 831063 fast_inc 155799 eta_inc 1025988 multi_dec -1053137 quick_dec -15295 nack_dec -2054250
Flow Uec_52_116 flowId 12 uecSrc 11 finished at 10603.1 total messages 1 total packets 15664 RTS 0 total bytes 64003104 in_flight now 0 fair_inc 1175705 prop_inc 884684 fast_inc 0 eta_inc 1025988 multi_dec -1066559 quick_dec -0 nack_dec -2075000
Flow Uec_98_34 flowId 34 uecSrc 33 finished at 10608.3 total messages 1 total packets 15664 RTS 0 total bytes 64003104 in_flight now 0 fair_inc 1193565 prop_inc 843234 fast_inc 0 eta_inc 1027317 multi_dec -1068652 quick_dec -0 nack_dec -2066700
Flow Uec_69_5 flowId 54 uecSrc 53 finished at 10609.4 total messages 1 total packets 15664 RTS 0 total bytes 64003104 in_flight now 0 fair_inc 1050136 prop_inc 842117 fast_inc 146800 eta_inc 1027317 multi_dec -1183177 quick_dec -0 nack_dec -1879950
Flow Uec_83_19 flowId 71 uecSrc 70 finished at 10617.2 total messages 1 total packets 15664 RTS 0 total bytes 64003104 in_flight now 0 fair_inc 1194963 prop_inc 872439 fast_inc 0 eta_inc 1018014 multi_dec -1106060 quick_dec -33575 nack_dec -1971250
Flow Uec_106_42 flowId 94 uecSrc 93 finished at 10620.8 total messages 1 total packets 15664 RTS 0 total bytes 64003104 in_flight now 0 fair_inc 1153753 prop_inc 893778 fast_inc 0 eta_inc 1028646 multi_dec -1008254 quick_dec -0 nack_dec -2116500
Flow Uec_26_90 flowId 4 uecSrc 3 finished at 10621.9 total messages 1 total packets 15664 RTS 0 total bytes 64003104 in_flight now 0 fair_inc 1122966 prop_inc 874145 fast_inc 0 eta_inc 1029975 multi_dec -1179816 quick_dec -0 nack_dec -1859200
Flow Uec_119_55 flowId 86 uecSrc 85 finished at 10662.9 total messages 1 total packets 15664 RTS 0 total bytes 64003104 in_flight now 0 fair_inc 1228621 prop_inc 771615 fast_inc 808227 eta_inc 1032633 multi_dec -1052845 quick_dec -0 nack_dec -2120650
Flow Uec_19_83 flowId 66 uecSrc 65 finished at 10669.4 total messages 1 total packets 15664 RTS 0 total bytes 64003104 in_flight now 0 fair_inc 1191109 prop_inc 914442 fast_inc 578752 eta_inc 1032633 multi_dec -1189304 quick_dec -0 nack_dec -1992000
Flow Uec_0_64 flowId 26 uecSrc 25 finished at 10677.9 total messages 1 total packets 15664 RTS 0 total bytes 64003104 in_flight now 0 fair_inc 1164834 prop_inc 902665 fast_inc 792478 eta_inc 1033962 multi_dec -1121909 quick_dec -0 nack_dec -2025200
Flow Uec_95_31 flowId 16 uecSrc 15 finished at 10681 total messages 1 total packets 15664 RTS 0 total bytes 64003104 in_flight now 0 fair_inc 1124743 prop_inc 933535 fast_inc 0 eta_inc 1029975 multi_dec -1225279 quick_dec -0 nack_dec -1809400
Flow Uec_47_111 flowId 59 uecSrc 58 finished at 10685.6 total messages 1 total packets 15664 RTS 0 total bytes 64003104 in_flight now 0 fair_inc 1181055 prop_inc 759496 fast_inc 1748619 eta_inc 1028646 multi_dec -1106575 quick_dec --753 nack_dec -2045950
Flow Uec_57_121 flowId 117 uecSrc 116 finished at 10720.4 total messages 1 total packets 15664 RTS 0 total bytes 64003104 in_flight now 0 fair_inc 1130341 prop_inc 950559 fast_inc 994956 eta_inc 1033962 multi_dec -1101599 quick_dec -0 nack_dec -2004450
....Received SIGTERM at 200000 us, shutting down cleanly.
New: 2004992 Rtx: 63771 RTS: 0 Bounced: 0 ACKs: 1934525 NACKs: 63771 Pulls: 0 sleek_pkts: 0
SPURIOUS_COUNT 0
