Flow Uec_115_51 flowId 87 uecSrc 86 finished at 16572.8 total messages 1 total packets 15664 RTS 0 total bytes 64003104 in_flight now 0 fair_inc 1856434 prop_inc 333303 fast_inc 0 eta_inc 1544298 multi_dec -3204154 quick_dec -17864 nack_dec -1008450
Flow Uec_1_65 flowId 29 uecSrc 28 finished at 17246.4 total messages 1 total packets 15664 RTS 0 total bytes 64003104 in_flight now 0 fair_inc 1869897 prop_inc 328865 fast_inc 0 eta_inc 1596129 multi_dec -3329247 quick_dec -94490 nack_dec -863200
Flow Uec_29_93 flowId 92 uecSrc 91 finished at 17478.4 total messages 1 total packets 15664 RTS 0 total bytes 64003104 in_flight now 0 fair_inc 2006286 prop_inc 342925 fast_inc 0 eta_inc 1597458 multi_dec -3380008 quick_dec -116518 nack_dec -975250
Flow Uec_0_64 flowId 26 uecSrc 25 finished at 17723.7 total messages 1 total packets 15664 RTS 0 total bytes 64003104 in_flight now 0 fair_inc 1973583 prop_inc 329938 fast_inc 0 eta_inc 1624038 multi_dec -3354596 quick_dec -90112 nack_dec -888100
Flow Uec_79_15 flowId 68 uecSrc 67 finished at 18120 total messages 1 total packets 15664 RTS 0 total bytes 64003104 in_flight now 0 fair_inc 2025605 prop_inc 360247 fast_inc 0 eta_inc 1671882 multi_dec -3490991 quick_dec -208852 nack_dec -942050
Flow Uec_35_99 flowId 89 uecSrc 88 finished at 18172.7 total messages 1 total packets 15664 RTS 0 total bytes 64003104 in_flight now 0 fair_inc 2031256 prop_inc 357508 fast_inc 0 eta_inc 1674540 multi_dec -3487040 quick_dec -115782 nack_dec -925450
Flow Uec_75_11 flowId 103 uecSrc 102 finished at 18356.9 total messages 1 total packets 15664 RTS 0 total bytes 64003104 in_flight now 0 fair_inc 1901428 prop_inc 356580 fast_inc 0 eta_inc 1678527 multi_dec -3339657 quick_dec -156586 nack_dec -954500
Flow Uec_105_41 flowId 79 uecSrc 78 finished at 18567.9 total messages 1 total packets 15664 RTS 0 total bytes 64003104 in_flight now 0 fair_inc 1811509 prop_inc 364602 fast_inc 0 eta_inc 1703778 multi_dec -3332248 quick_dec -58714 nack_dec -983550
Flow Uec_53_117 flowId 118 uecSrc 117 finished at 18610.9 total messages 1 total packets 15664 RTS 0 total bytes 64003104 in_flight now 0 fair_inc 2105519 prop_inc 344377 fast_inc 0 eta_inc 1701120 multi_dec -3549633 quick_dec -126069 nack_dec -987700
Flow Uec_28_92 flowId 84 uecSrc 83 finished at 18796.8 total messages 1 total packets 15664 RTS 0 total bytes 64003104 in_flight now 0 fair_inc 2027824 prop_inc 392780 fast_inc 0 eta_inc 1705107 multi_dec -3478097 quick_dec -132594 nack_dec -971100
Flow Uec_43_107 flowId 39 uecSrc 38 finished at 18858.5 total messages 1 total packets 15664 RTS 0 total bytes 64003104 in_flight now 0 fair_inc 1891275 prop_inc 357781 fast_inc 0 eta_inc 1710423 multi_dec -3370264 quick_dec -63143 nack_dec -987700
Flow Uec_108_44 flowId 120 uecSrc 119 finished at 18896.3 total messages 1 total packets 15664 RTS 0 total bytes 64003104 in_flight now 0 fair_inc 1996011 prop_inc 355454 fast_inc 0 eta_inc 1699791 multi_dec -3417053 quick_dec -67802 nack_dec -1049950
Flow Uec_5_69 flowId 91 uecSrc 90 finished at 18898.5 total messages 1 total packets 15664 RTS 0 total bytes 64003104 in_flight now 0 fair_inc 1951104 prop_inc 352552 fast_inc 0 eta_inc 1721055 multi_dec -3415684 quick_dec -11044 nack_dec -1020900
Flow Uec_54_118 flowId 25 uecSrc 24 finished at 19025.5 total messages 1 total packets 15664 RTS 0 total bytes 64003104 in_flight now 0 fair_inc 1991675 prop_inc 343364 fast_inc 0 eta_inc 1740990 multi_dec -3424865 quick_dec -92367 nack_dec -1054100
Flow Uec_67_3 flowId 128 uecSrc 127 finished at 19067.8 total messages 1 total packets 15664 RTS 0 total bytes 64003104 in_flight now 0 fair_inc 1926037 prop_inc 381715 fast_inc 0 eta_inc 1744977 multi_dec -3464149 quick_dec -82372 nack_dec -946200
Flow Uec_81_17 flowId 95 uecSrc 94 finished at 19231.9 total messages 1 total packets 15664 RTS 0 total bytes 64003104 in_flight now 0 fair_inc 2017993 prop_inc 355064 fast_inc 0 eta_inc 1766241 multi_dec -3586081 quick_dec -50411 nack_dec -987700
Flow Uec_32_96 flowId 19 uecSrc 18 finished at 19437.3 total messages 1 total packets 15664 RTS 0 total bytes 64003104 in_flight now 0 fair_inc 2089402 prop_inc 341326 fast_inc 0 eta_inc 1758267 multi_dec -3652970 quick_dec -99010 nack_dec -913000
Flow Uec_124_60 flowId 122 uecSrc 121 finished at 19497.2 total messages 1 total packets 15664 RTS 0 total bytes 64003104 in_flight now 0 fair_inc 2058765 prop_inc 368495 fast_inc 0 eta_inc 1780860 multi_dec -3603096 quick_dec -82336 nack_dec -1012600
Flow Uec_99_35 flowId 109 uecSrc 108 finished at 19635.9 total messages 1 total packets 15664 RTS 0 total bytes 64003104 in_flight now 0 fair_inc 2055107 prop_inc 384439 fast_inc 0 eta_inc 1770228 multi_dec -3489807 quick_dec -184401 nack_dec -1050996
Flow Uec_73_9 flowId 27 uecSrc 26 finished at 19637.6 total messages 1 total packets 15664 RTS 0 total bytes 64003104 in_flight now 0 fair_inc 2133705 prop_inc 394193 fast_inc 0 eta_inc 1779531 multi_dec -3574544 quick_dec -152576 nack_dec -1033350
Flow Uec_26_90 flowId 4 uecSrc 3 finished at 19651 total messages 1 total packets 15664 RTS 0 total bytes 64003104 in_flight now 0 fair_inc 2054997 prop_inc 364940 fast_inc 0 eta_inc 1747635 multi_dec -3540729 quick_dec -190621 nack_dec -1016750
Flow Uec_27_91 flowId 70 uecSrc 69 finished at 19663.6 total messages 1 total packets 15664 RTS 0 total bytes 64003104 in_flight now 0 fair_inc 2041918 prop_inc 389809 fast_inc 0 eta_inc 1783518 multi_dec -3464033 quick_dec -200476 nack_dec -1149550
Flow Uec_122_58 flowId 42 uecSrc 41 finished at 19685.2 total messages 1 total packets 15664 RTS 0 total bytes 64003104 in_flight now 0 fair_inc 2154803 prop_inc 390037 fast_inc 0 eta_inc 1768899 multi_dec -3569581 quick_dec -202579 nack_dec -1070700
Flow Uec_11_75 flowId 43 uecSrc 42 finished at 19756.5 total messages 1 total packets 15664 RTS 0 total bytes 64003104 in_flight now 0 fair_inc 2001779 prop_inc 391966 fast_inc 0 eta_inc 1784847 multi_dec -3535103 quick_dec -89108 nack_dec -1012600
Flow Uec_126_62 flowId 24 uecSrc 23 finished at 19779.8 total messages 1 total packets 15664 RTS 0 total bytes 64003104 in_flight now 0 fair_inc 2055796 prop_inc 390363 fast_inc 0 eta_inc 1790163 multi_dec -3510584 quick_dec -125991 nack_dec -1087300
Flow Uec_69_5 flowId 54 uecSrc 53 finished at 19796.8 total messages 1 total packets 15664 RTS 0 total bytes 64003104 in_flight now 0 fair_inc 2234643 prop_inc 366917 fast_inc 0 eta_inc 1783518 multi_dec -3587270 quick_dec -158983 nack_dec -1083150
Flow Uec_83_19 flowId 71 uecSrc 70 finished at 19836 total messages 1 total packets 15664 RTS 0 total bytes 64003104 in_flight now 0 fair_inc 2101303 prop_inc 354431 fast_inc 0 eta_inc 1792821 multi_dec -3422000 quick_dec -182625 nack_dec -1108050
Flow Uec_66_2 flowId 61 uecSrc 60 finished at 19883.6 total messages 1 total packets 15664 RTS 0 total bytes 64003104 in_flight now 0 fair_inc 1967646 prop_inc 395774 fast_inc 0 eta_inc 1790163 multi_dec -3410275 quick_dec -146630 nack_dec -1000150
Flow Uec_4_68 flowId 53 uecSrc 52 finished at 19885.5 total messages 1 total packets 15664 RTS 0 total bytes 64003104 in_flight now 0 fair_inc 2108900 prop_inc 359443 fast_inc 0 eta_inc 1799466 multi_dec -3577314 quick_dec -159437 nack_dec -991850
Flow Uec_40_104 flowId 99 uecSrc 98 finished at 19899.7 total messages 1 total packets 15664 RTS 0 total bytes 64003104 in_flight now 0 fair_inc 2000232 prop_inc 390165 fast_inc 0 eta_inc 1816743 multi_dec -3542351 quick_dec -121393 nack_dec -1004300
Flow Uec_65_1 flowId 73 uecSrc 72 finished at 19942.8 total messages 1 total packets 15664 RTS 0 total bytes 64003104 in_flight now 0 fair_inc 2176127 prop_inc 403915 fast_inc 0 eta_inc 1784847 multi_dec -3507035 quick_dec -132828 nack_dec -1166150
Flow Uec_10_74 flowId 56 uecSrc 55 finished at 19943 total messages 1 total packets 15664 RTS 0 total bytes 64003104 in_flight now 0 fair_inc 2014056 prop_inc 379627 fast_inc 0 eta_inc 1778202 multi_dec -3469961 quick_dec -235457 nack_dec -1000150
Flow Uec_80_16 flowId 57 uecSrc 56 finished at 19948 total messages 1 total packets 15664 RTS 0 total bytes 64003104 in_flight now 0 fair_inc 1979995 prop_inc 374174 fast_inc 0 eta_inc 1794150 multi_dec -3616930 quick_dec -103593 nack_dec -955546
Flow Uec_106_42 flowId 94 uecSrc 93 finished at 19962.1 total messages 1 total packets 15664 RTS 0 total bytes 64003104 in_flight now 0 fair_inc 1994224 prop_inc 407082 fast_inc 0 eta_inc 1779531 multi_dec -3474043 quick_dec -153969 nack_dec -987700
Flow Uec_31_95 flowId 22 uecSrc 21 finished at 19971.4 total messages 1 total packets 15664 RTS 0 total bytes 64003104 in_flight now 0 fair_inc 2057346 prop_inc 418468 fast_inc 0 eta_inc 1768899 multi_dec -3385040 quick_dec -152924 nack_dec -1141250
Flow Uec_46_110 flowId 88 uecSrc 87 finished at 19971.5 total messages 1 total packets 15664 RTS 0 total bytes 64003104 in_flight now 0 fair_inc 2107906 prop_inc 382967 fast_inc 0 eta_inc 1799466 multi_dec -3730158 quick_dec -78934 nack_dec -942050
Flow Uec_14_78 flowId 124 uecSrc 123 finished at 19993.1 total messages 1 total packets 15664 RTS 0 total bytes 64003104 in_flight now 0 fair_inc 2027202 prop_inc 416965 fast_inc 0 eta_inc 1779531 multi_dec -3588249 quick_dec -193742 nack_dec -950350
Flow Uec_103_39 flowId 33 uecSrc 32 finished at 19997 total messages 1 total packets 15664 RTS 0 total bytes 64003104 in_flight now 0 fair_inc 2063984 prop_inc 384659 fast_inc 0 eta_inc 1818072 multi_dec -3552193 quick_dec -215891 nack_dec -975250
Flow Uec_41_105 flowId 8 uecSrc 7 finished at 20066.7 total messages 1 total packets 15664 RTS 0 total bytes 64003104 in_flight now 0 fair_inc 2042769 prop_inc 373109 fast_inc 0 eta_inc 1826046 multi_dec -3663166 quick_dec -51771 nack_dec -987700
Flow Uec_13_77 flowId 106 uecSrc 105 finished at 20158.4 total messages 1 total packets 15664 RTS 0 total bytes 64003104 in_flight now 0 fair_inc 2172097 prop_inc 344461 fast_inc 0 eta_inc 1808769 multi_dec -3733931 quick_dec -86899 nack_dec -987700
Flow Uec_94_30 flowId 36 uecSrc 35 finished at 20215.8 total messages 1 total packets 15664 RTS 0 total bytes 64003104 in_flight now 0 fair_inc 2254184 prop_inc 354194 fast_inc 0 eta_inc 1830033 multi_dec -3674266 quick_dec -245923 nack_dec -1037500
Flow Uec_61_125 flowId 93 uecSrc 92 finished at 20244.6 total messages 1 total packets 15664 RTS 0 total bytes 64003104 in_flight now 0 fair_inc 2113247 prop_inc 373353 fast_inc 0 eta_inc 1822059 multi_dec -3522649 quick_dec -155355 nack_dec -1153700
Flow Uec_87_23 flowId 67 uecSrc 66 finished at 20255.3 total messages 1 total packets 15664 RTS 0 total bytes 64003104 in_flight now 0 fair_inc 2053905 prop_inc 372407 fast_inc 0 eta_inc 1822059 multi_dec -3555499 quick_dec -125475 nack_dec -1025050
Flow Uec_97_33 flowId 18 uecSrc 17 finished at 20260.8 total messages 1 total packets 15664 RTS 0 total bytes 64003104 in_flight now 0 fair_inc 2053469 prop_inc 399906 fast_inc 0 eta_inc 1823388 multi_dec -3569064 quick_dec -145902 nack_dec -1062400
Flow Uec_86_22 flowId 83 uecSrc 82 finished at 20319.3 total messages 1 total packets 15664 RTS 0 total bytes 64003104 in_flight now 0 fair_inc 2082992 prop_inc 376484 fast_inc 0 eta_inc 1806111 multi_dec -3672561 quick_dec -189007 nack_dec -929600
Flow Uec_17_81 flowId 97 uecSrc 96 finished at 20350.8 total messages 1 total packets 15664 RTS 0 total bytes 64003104 in_flight now 0 fair_inc 2138026 prop_inc 395201 fast_inc 0 eta_inc 1824717 multi_dec -3559273 quick_dec -284452 nack_dec -1074850
Flow Uec_30_94 flowId 96 uecSrc 95 finished at 20359.4 total messages 1 total packets 15664 RTS 0 total bytes 64003104 in_flight now 0 fair_inc 2121523 prop_inc 414104 fast_inc 0 eta_inc 1838007 multi_dec -3672973 quick_dec -88366 nack_dec -1020900
Flow Uec_56_120 flowId 50 uecSrc 49 finished at 20368.2 total messages 1 total packets 15664 RTS 0 total bytes 64003104 in_flight now 0 fair_inc 2123844 prop_inc 355382 fast_inc 0 eta_inc 1820730 multi_dec -3676406 quick_dec -162035 nack_dec -996000
Flow Uec_38_102 flowId 90 uecSrc 89 finished at 20384.9 total messages 1 total packets 15664 RTS 0 total bytes 64003104 in_flight now 0 fair_inc 2073319 prop_inc 382628 fast_inc 0 eta_inc 1843323 multi_dec -3619735 quick_dec -162822 nack_dec -1016750
Flow Uec_114_50 flowId 112 uecSrc 111 finished at 20396.4 total messages 1 total packets 15664 RTS 0 total bytes 64003104 in_flight now 0 fair_inc 2216665 prop_inc 412287 fast_inc 0 eta_inc 1815414 multi_dec -3576502 quick_dec -214926 nack_dec -1112200
Flow Uec_91_27 flowId 23 uecSrc 22 finished at 20413.4 total messages 1 total packets 15664 RTS 0 total bytes 64003104 in_flight now 0 fair_inc 2060489 prop_inc 395747 fast_inc 0 eta_inc 1827375 multi_dec -3679135 quick_dec -136671 nack_dec -971100
Flow Uec_24_88 flowId 15 uecSrc 14 finished at 20422.9 total messages 1 total packets 15664 RTS 0 total bytes 64003104 in_flight now 0 fair_inc 2139184 prop_inc 425500 fast_inc 0 eta_inc 1827375 multi_dec -3484224 quick_dec -349861 nack_dec -1079000
Flow Uec_45_109 flowId 6 uecSrc 5 finished at 20474 total messages 1 total packets 15664 RTS 0 total bytes 64003104 in_flight now 0 fair_inc 2143059 prop_inc 404262 fast_inc 0 eta_inc 1824717 multi_dec -3685853 quick_dec -93684 nack_dec -1033350
Flow Uec_82_18 flowId 48 uecSrc 47 finished at 20481.5 total messages 1 total packets 15664 RTS 0 total bytes 64003104 in_flight now 0 fair_inc 2115285 prop_inc 386592 fast_inc 0 eta_inc 1857942 multi_dec -3657127 quick_dec -110300 nack_dec -1012600
Flow Uec_33_97 flowId 41 uecSrc 40 finished at 20499.3 total messages 1 total packets 15664 RTS 0 total bytes 64003104 in_flight now 0 fair_inc 2139123 prop_inc 411197 fast_inc 0 eta_inc 1819401 multi_dec -3656430 quick_dec -186761 nack_dec -921300
Flow Uec_12_76 flowId 1 uecSrc 0 finished at 20509.5 total messages 1 total packets 15664 RTS 0 total bytes 64003104 in_flight now 0 fair_inc 1997145 prop_inc 434331 fast_inc 0 eta_inc 1830033 multi_dec -3551436 quick_dec -179465 nack_dec -1012600
Flow Uec_93_29 flowId 51 uecSrc 50 finished at 20513.7 total messages 1 total packets 15664 RTS 0 total bytes 64003104 in_flight now 0 fair_inc 2064375 prop_inc 388019 fast_inc 0 eta_inc 1838007 multi_dec -3471478 quick_dec -195762 nack_dec -1004300
Flow Uec_89_25 flowId 98 uecSrc 97 finished at 20515.2 total messages 1 total packets 15664 RTS 0 total bytes 64003104 in_flight now 0 fair_inc 2193150 prop_inc 393035 fast_inc 0 eta_inc 1826046 multi_dec -3684320 quick_dec -199831 nack_dec -979400
Flow Uec_8_72 flowId 13 uecSrc 12 finished at 20533.2 total messages 1 total packets 15664 RTS 0 total bytes 64003104 in_flight now 0 fair_inc 2042885 prop_inc 436149 fast_inc 0 eta_inc 1827375 multi_dec -3493656 quick_dec -241995 nack_dec -1012600
Flow Uec_98_34 flowId 34 uecSrc 33 finished at 20540.1 total messages 1 total packets 15664 RTS 0 total bytes 64003104 in_flight now 0 fair_inc 2143429 prop_inc 386687 fast_inc 0 eta_inc 1836678 multi_dec -3472486 quick_dec -341663 nack_dec -1058250
Flow Uec_110_46 flowId 62 uecSrc 61 finished at 20548.2 total messages 1 total packets 15664 RTS 0 total bytes 64003104 in_flight now 0 fair_inc 2114917 prop_inc 402830 fast_inc 0 eta_inc 1836678 multi_dec -3641910 quick_dec -114189 nack_dec -1004300
Flow Uec_52_116 flowId 12 uecSrc 11 finished at 20561.5 total messages 1 total packets 15664 RTS 0 total bytes 64003104 in_flight now 0 fair_inc 2093161 prop_inc 395210 fast_inc 0 eta_inc 1857942 multi_dec -3642913 quick_dec -168870 nack_dec -979400
Flow Uec_15_79 flowId 38 uecSrc 37 finished at 20619.1 total messages 1 total packets 15664 RTS 0 total bytes 64003104 in_flight now 0 fair_inc 2116277 prop_inc 440134 fast_inc 0 eta_inc 1822059 multi_dec -3638339 quick_dec -202633 nack_dec -966950
Flow Uec_18_82 flowId 10 uecSrc 9 finished at 20643.3 total messages 1 total packets 15664 RTS 0 total bytes 64003104 in_flight now 0 fair_inc 2215161 prop_inc 454574 fast_inc 0 eta_inc 1828704 multi_dec -3592180 quick_dec -180135 nack_dec -1120500
Flow Uec_120_56 flowId 76 uecSrc 75 finished at 20648.6 total messages 1 total packets 15664 RTS 0 total bytes 64003104 in_flight now 0 fair_inc 2141826 prop_inc 406166 fast_inc 0 eta_inc 1839336 multi_dec -3712711 quick_dec -146826 nack_dec -950350
Flow Uec_70_6 flowId 45 uecSrc 44 finished at 20703.3 total messages 1 total packets 15664 RTS 0 total bytes 64003104 in_flight now 0 fair_inc 2017268 prop_inc 437817 fast_inc 0 eta_inc 1834020 multi_dec -3418768 quick_dec -185750 nack_dec -1116350
Flow Uec_74_10 flowId 104 uecSrc 103 finished at 20711.1 total messages 1 total packets 15664 RTS 0 total bytes 64003104 in_flight now 0 fair_inc 2145495 prop_inc 424229 fast_inc 0 eta_inc 1841994 multi_dec -3567756 quick_dec -209911 nack_dec -1116350
Flow Uec_109_45 flowId 119 uecSrc 118 finished at 20721.1 total messages 1 total packets 15664 RTS 0 total bytes 64003104 in_flight now 0 fair_inc 2099279 prop_inc 407201 fast_inc 0 eta_inc 1845981 multi_dec -3613153 quick_dec -137983 nack_dec -1062400
Flow Uec_47_111 flowId 59 uecSrc 58 finished at 20742.3 total messages 1 total packets 15664 RTS 0 total bytes 64003104 in_flight now 0 fair_inc 2092393 prop_inc 441058 fast_inc 0 eta_inc 1861929 multi_dec -3687746 quick_dec -159138 nack_dec -929600
Flow Uec_7_71 flowId 127 uecSrc 126 finished at 20744 total messages 1 total packets 15664 RTS 0 total bytes 64003104 in_flight now 0 fair_inc 2180731 prop_inc 457665 fast_inc 0 eta_inc 1843323 multi_dec -3551896 quick_dec -269446 nack_dec -1103900
Flow Uec_59_123 flowId 32 uecSrc 31 finished at 20749.1 total messages 1 total packets 15664 RTS 0 total bytes 64003104 in_flight now 0 fair_inc 2089581 prop_inc 387476 fast_inc 0 eta_inc 1855284 multi_dec -3606883 quick_dec -148482 nack_dec -1054100
Flow Uec_34_98 flowId 69 uecSrc 68 finished at 20762.6 total messages 1 total packets 15664 RTS 0 total bytes 64003104 in_flight now 0 fair_inc 2171029 prop_inc 425176 fast_inc 0 eta_inc 1861929 multi_dec -3727239 quick_dec -102764 nack_dec -991850
Flow Uec_49_113 flowId 123 uecSrc 122 finished at 20763.1 total messages 1 total packets 15664 RTS 0 total bytes 64003104 in_flight now 0 fair_inc 2215310 prop_inc 394514 fast_inc 0 eta_inc 1855284 multi_dec -3737136 quick_dec -145043 nack_dec -1033350
Flow Uec_84_20 flowId 37 uecSrc 36 finished at 20776.3 total messages 1 total packets 15664 RTS 0 total bytes 64003104 in_flight now 0 fair_inc 2118989 prop_inc 431240 fast_inc 0 eta_inc 1853955 multi_dec -3659988 quick_dec -179477 nack_dec -979400
Flow Uec_118_54 flowId 77 uecSrc 76 finished at 20776.9 total messages 1 total packets 15664 RTS 0 total bytes 64003104 in_flight now 0 fair_inc 2180561 prop_inc 393647 fast_inc 0 eta_inc 1864587 multi_dec -3621100 quick_dec -187884 nack_dec -1116350
Flow Uec_57_121 flowId 117 uecSrc 116 finished at 20783.9 total messages 1 total packets 15664 RTS 0 total bytes 64003104 in_flight now 0 fair_inc 2050077 prop_inc 387159 fast_inc 0 eta_inc 1859271 multi_dec -3503815 quick_dec -148538 nack_dec -1120500
Flow Uec_72_8 flowId 110 uecSrc 109 finished at 20801.3 total messages 1 total packets 15664 RTS 0 total bytes 64003104 in_flight now 0 fair_inc 2240598 prop_inc 434060 fast_inc 0 eta_inc 1865916 multi_dec -3635194 quick_dec -331956 nack_dec -1016750
Flow Uec_16_80 flowId 115 uecSrc 114 finished at 20814.6 total messages 1 total packets 15664 RTS 0 total bytes 64003104 in_flight now 0 fair_inc 2067203 prop_inc 475833 fast_inc 0 eta_inc 1848639 multi_dec -3459502 quick_dec -227785 nack_dec -1025050
Flow Uec_22_86 flowId 11 uecSrc 10 finished at 20825.3 total messages 1 total packets 15664 RTS 0 total bytes 64003104 in_flight now 0 fair_inc 2305321 prop_inc 451440 fast_inc 0 eta_inc 1856613 multi_dec -3760859 quick_dec -100926 nack_dec -1282350
Flow Uec_55_119 flowId 78 uecSrc 77 finished at 20829.9 total messages 1 total packets 15664 RTS 0 total bytes 64003104 in_flight now 0 fair_inc 2175754 prop_inc 405700 fast_inc 0 eta_inc 1853955 multi_dec -3636659 quick_dec -256960 nack_dec -1033350
Flow Uec_58_122 flowId 125 uecSrc 124 finished at 20832.7 total messages 1 total packets 15664 RTS 0 total bytes 64003104 in_flight now 0 fair_inc 2331964 prop_inc 392359 fast_inc 0 eta_inc 1860600 multi_dec -3834724 quick_dec -127337 nack_dec -1045800
Flow Uec_119_55 flowId 86 uecSrc 85 finished at 20855.9 total messages 1 total packets 15664 RTS 0 total bytes 64003104 in_flight now 0 fair_inc 2095883 prop_inc 416568 fast_inc 0 eta_inc 1863258 multi_dec -3618054 quick_dec -137079 nack_dec -1029200
Flow Uec_127_63 flowId 64 uecSrc 63 finished at 20867.8 total messages 1 total packets 15664 RTS 0 total bytes 64003104 in_flight now 0 fair_inc 2077025 prop_inc 450146 fast_inc 0 eta_inc 1852626 multi_dec -3487612 quick_dec -168324 nack_dec -1170300
Flow Uec_104_40 flowId 55 uecSrc 54 finished at 20889.7 total messages 1 total packets 15664 RTS 0 total bytes 64003104 in_flight now 0 fair_inc 2281171 prop_inc 446940 fast_inc 0 eta_inc 1845981 multi_dec -3783795 quick_dec -157428 nack_dec -1070700
Flow Uec_85_21 flowId 58 uecSrc 57 finished at 20895.1 total messages 1 total packets 15664 RTS 0 total bytes 64003104 in_flight now 0 fair_inc 2104930 prop_inc 449690 fast_inc 0 eta_inc 1852626 multi_dec -3714149 quick_dec -71574 nack_dec -979400
Flow Uec_77_13 flowId 20 uecSrc 19 finished at 20905.6 total messages 1 total packets 15664 RTS 0 total bytes 64003104 in_flight now 0 fair_inc 2350635 prop_inc 453444 fast_inc 0 eta_inc 1826046 multi_dec -3688639 quick_dec -192214 nack_dec -1095600
Flow Uec_63_127 flowId 44 uecSrc 43 finished at 20905.9 total messages 1 total packets 15664 RTS 0 total bytes 64003104 in_flight now 0 fair_inc 2196828 prop_inc 441824 fast_inc 0 eta_inc 1871232 multi_dec -3623785 quick_dec -170883 nack_dec -1049950
Flow Uec_117_53 flowId 14 uecSrc 13 finished at 20916.9 total messages 1 total packets 15664 RTS 0 total bytes 64003104 in_flight now 0 fair_inc 2233126 prop_inc 426509 fast_inc 0 eta_inc 1873890 multi_dec -3612738 quick_dec -296637 nack_dec -1041650
Flow Uec_92_28 flowId 17 uecSrc 16 finished at 20917.2 total messages 1 total packets 15664 RTS 0 total bytes 64003104 in_flight now 0 fair_inc 2248045 prop_inc 471022 fast_inc 0 eta_inc 1860600 multi_dec -3690409 quick_dec -145273 nack_dec -1070700
Flow Uec_25_89 flowId 113 uecSrc 112 finished at 20930.3 total messages 1 total packets 15664 RTS 0 total bytes 64003104 in_flight now 0 fair_inc 2139243 prop_inc 556105 fast_inc 0 eta_inc 1868574 multi_dec -3574680 quick_dec -167549 nack_dec -1170300
Flow Uec_100_36 flowId 31 uecSrc 30 finished at 20936.3 total messages 1 total packets 15664 RTS 0 total bytes 64003104 in_flight now 0 fair_inc 2101391 prop_inc 463186 fast_inc 0 eta_inc 1879206 multi_dec -3536528 quick_dec -184517 nack_dec -1099750
Flow Uec_96_32 flowId 72 uecSrc 71 finished at 20952.7 total messages 1 total packets 15664 RTS 0 total bytes 64003104 in_flight now 0 fair_inc 2154961 prop_inc 461262 fast_inc 0 eta_inc 1857942 multi_dec -3634619 quick_dec -164414 nack_dec -1070700
Flow Uec_19_83 flowId 66 uecSrc 65 finished at 20968.8 total messages 1 total packets 15664 RTS 0 total bytes 64003104 in_flight now 0 fair_inc 2074438 prop_inc 570404 fast_inc 0 eta_inc 1820730 multi_dec -3482684 quick_dec -183786 nack_dec -1045800
Flow Uec_20_84 flowId 102 uecSrc 101 finished at 20971.3 total messages 1 total packets 15664 RTS 0 total bytes 64003104 in_flight now 0 fair_inc 2349596 prop_inc 481144 fast_inc 0 eta_inc 1873890 multi_dec -4073985 quick_dec -81082 nack_dec -913000
Flow Uec_111_47 flowId 101 uecSrc 100 finished at 20981.1 total messages 1 total packets 15664 RTS 0 total bytes 64003104 in_flight now 0 fair_inc 2002274 prop_inc 529652 fast_inc 0 eta_inc 1864587 multi_dec -3552334 quick_dec -157140 nack_dec -1049950
Flow Uec_71_7 flowId 28 uecSrc 27 finished at 20985.6 total messages 1 total packets 15664 RTS 0 total bytes 64003104 in_flight now 0 fair_inc 2139582 prop_inc 490496 fast_inc 0 eta_inc 1865916 multi_dec -3625572 quick_dec -111135 nack_dec -1070700
Flow Uec_42_106 flowId 81 uecSrc 80 finished at 20987.6 total messages 1 total packets 15664 RTS 0 total bytes 64003104 in_flight now 0 fair_inc 2064899 prop_inc 497402 fast_inc 0 eta_inc 1839336 multi_dec -3713000 quick_dec -92051 nack_dec -879800
Flow Uec_125_61 flowId 121 uecSrc 120 finished at 20988.3 total messages 1 total packets 15664 RTS 0 total bytes 64003104 in_flight now 0 fair_inc 2118789 prop_inc 436356 fast_inc 0 eta_inc 1872561 multi_dec -3558889 quick_dec -190248 nack_dec -1116350
Flow Uec_2_66 flowId 114 uecSrc 113 finished at 20989.8 total messages 1 total packets 15664 RTS 0 total bytes 64003104 in_flight now 0 fair_inc 2017801 prop_inc 509043 fast_inc 0 eta_inc 1848639 multi_dec -3382631 quick_dec -243007 nack_dec -1103900
Flow Uec_64_0 flowId 35 uecSrc 34 finished at 21016.1 total messages 1 total packets 15664 RTS 0 total bytes 64003104 in_flight now 0 fair_inc 2277038 prop_inc 472974 fast_inc 0 eta_inc 1873890 multi_dec -3696623 quick_dec -212542 nack_dec -1045800
Flow Uec_44_108 flowId 2 uecSrc 1 finished at 21025.9 total messages 1 total packets 15664 RTS 0 total bytes 64003104 in_flight now 0 fair_inc 2105504 prop_inc 556525 fast_inc 0 eta_inc 1857942 multi_dec -3654448 quick_dec -208638 nack_dec -987700
Flow Uec_116_52 flowId 82 uecSrc 81 finished at 21026.3 total messages 1 total packets 15664 RTS 0 total bytes 64003104 in_flight now 0 fair_inc 2195453 prop_inc 466691 fast_inc 0 eta_inc 1879206 multi_dec -3815585 quick_dec -105117 nack_dec -996000
Flow Uec_3_67 flowId 75 uecSrc 74 finished at 21036.3 total messages 1 total packets 15664 RTS 0 total bytes 64003104 in_flight now 0 fair_inc 2154261 prop_inc 474519 fast_inc 0 eta_inc 1860600 multi_dec -3621843 quick_dec -175793 nack_dec -983550
Flow Uec_60_124 flowId 100 uecSrc 99 finished at 21043 total messages 1 total packets 15664 RTS 0 total bytes 64003104 in_flight now 0 fair_inc 2090995 prop_inc 552019 fast_inc 0 eta_inc 1871232 multi_dec -3575586 quick_dec -203093 nack_dec -1083150
Flow Uec_107_43 flowId 80 uecSrc 79 finished at 21079.8 total messages 1 total packets 15664 RTS 0 total bytes 64003104 in_flight now 0 fair_inc 2352632 prop_inc 619972 fast_inc 0 eta_inc 1865916 multi_dec -3976753 quick_dec -96671 nack_dec -1016750
Flow Uec_95_31 flowId 16 uecSrc 15 finished at 21083.4 total messages 1 total packets 15664 RTS 0 total bytes 64003104 in_flight now 0 fair_inc 2059214 prop_inc 620663 fast_inc 0 eta_inc 1869903 multi_dec -3568265 quick_dec -195111 nack_dec -921300
Flow Uec_101_37 flowId 111 uecSrc 110 finished at 21088.4 total messages 1 total packets 15664 RTS 0 total bytes 64003104 in_flight now 0 fair_inc 2156012 prop_inc 516150 fast_inc 0 eta_inc 1895154 multi_dec -3769095 quick_dec -125881 nack_dec -979400
Flow Uec_78_14 flowId 46 uecSrc 45 finished at 21088.8 total messages 1 total packets 15664 RTS 0 total bytes 64003104 in_flight now 0 fair_inc 2076650 prop_inc 493344 fast_inc 0 eta_inc 1851297 multi_dec -3432597 quick_dec -206846 nack_dec -1033350
Flow Uec_76_12 flowId 7 uecSrc 6 finished at 21099.5 total messages 1 total packets 15664 RTS 0 total bytes 64003104 in_flight now 0 fair_inc 2175083 prop_inc 492090 fast_inc 0 eta_inc 1836678 multi_dec -3575905 quick_dec -166357 nack_dec -1058250
Flow Uec_112_48 flowId 65 uecSrc 64 finished at 21113.3 total messages 1 total packets 15664 RTS 0 total bytes 64003104 in_flight now 0 fair_inc 2021212 prop_inc 517442 fast_inc 0 eta_inc 1868574 multi_dec -3460899 quick_dec -235961 nack_dec -1062400
Flow Uec_62_126 flowId 49 uecSrc 48 finished at 21117.1 total messages 1 total packets 15664 RTS 0 total bytes 64003104 in_flight now 0 fair_inc 2037291 prop_inc 648280 fast_inc 0 eta_inc 1860600 multi_dec -3525083 quick_dec -236792 nack_dec -966950
Flow Uec_113_49 flowId 60 uecSrc 59 finished at 21122.9 total messages 1 total packets 15664 RTS 0 total bytes 64003104 in_flight now 0 fair_inc 2281700 prop_inc 484320 fast_inc 0 eta_inc 1868574 multi_dec -3582320 quick_dec -216774 nack_dec -1145400
Flow Uec_51_115 flowId 21 uecSrc 20 finished at 21123.4 total messages 1 total packets 15664 RTS 0 total bytes 64003104 in_flight now 0 fair_inc 2208143 prop_inc 507210 fast_inc 0 eta_inc 1880535 multi_dec -3782975 quick_dec -223017 nack_dec -1004300
Flow Uec_50_114 flowId 47 uecSrc 46 finished at 21135.4 total messages 1 total packets 15664 RTS 0 total bytes 64003104 in_flight now 0 fair_inc 2143699 prop_inc 503131 fast_inc 0 eta_inc 1872561 multi_dec -3762071 quick_dec -193991 nack_dec -1045800
Flow Uec_121_57 flowId 3 uecSrc 2 finished at 21141.6 total messages 1 total packets 15664 RTS 0 total bytes 64003104 in_flight now 0 fair_inc 2280708 prop_inc 503622 fast_inc 0 eta_inc 1880535 multi_dec -3627367 quick_dec -222979 nack_dec -1137100
Flow Uec_9_73 flowId 5 uecSrc 4 finished at 21143.7 total messages 1 total packets 15664 RTS 0 total bytes 64003104 in_flight now 0 fair_inc 2059339 prop_inc 605001 fast_inc 0 eta_inc 1843323 multi_dec -3512951 quick_dec -138192 nack_dec -1041650
Flow Uec_88_24 flowId 52 uecSrc 51 finished at 21163.1 total messages 1 total packets 15664 RTS 0 total bytes 64003104 in_flight now 0 fair_inc 2009823 prop_inc 516037 fast_inc 0 eta_inc 1847310 multi_dec -3451767 quick_dec -251149 nack_dec -1008450
Flow Uec_6_70 flowId 108 uecSrc 107 finished at 21165.7 total messages 1 total packets 15664 RTS 0 total bytes 64003104 in_flight now 0 fair_inc 2305078 prop_inc 593232 fast_inc 0 eta_inc 1836678 multi_dec -3662117 quick_dec -207006 nack_dec -1074850
Flow Uec_39_103 flowId 30 uecSrc 29 finished at 21170.9 total messages 1 total packets 15664 RTS 0 total bytes 64003104 in_flight now 0 fair_inc 2148535 prop_inc 507551 fast_inc 0 eta_inc 1884522 multi_dec -3728488 quick_dec -157867 nack_dec -975250
Flow Uec_123_59 flowId 74 uecSrc 73 finished at 21173.9 total messages 1 total packets 15664 RTS 0 total bytes 64003104 in_flight now 0 fair_inc 2254432 prop_inc 541161 fast_inc 128794 eta_inc 1872561 multi_dec -3633651 quick_dec -252486 nack_dec -1099750
Flow Uec_23_87 flowId 126 uecSrc 125 finished at 21189.8 total messages 1 total packets 15664 RTS 0 total bytes 64003104 in_flight now 0 fair_inc 2338405 prop_inc 507489 fast_inc 0 eta_inc 1865916 multi_dec -3716691 quick_dec -202166 nack_dec -1079000
Flow Uec_68_4 flowId 9 uecSrc 8 finished at 21205.9 total messages 1 total packets 15664 RTS 0 total bytes 64003104 in_flight now 0 fair_inc 2088140 prop_inc 705798 fast_inc 693489 eta_inc 1864587 multi_dec -3649325 quick_dec -159303 nack_dec -1012600
Flow Uec_37_101 flowId 116 uecSrc 115 finished at 21212.2 total messages 1 total packets 15664 RTS 0 total bytes 64003104 in_flight now 0 fair_inc 2239143 prop_inc 486161 fast_inc 0 eta_inc 1864587 multi_dec -3753486 quick_dec -300205 nack_dec -971100
Flow Uec_48_112 flowId 85 uecSrc 84 finished at 21213.9 total messages 1 total packets 15664 RTS 0 total bytes 64003104 in_flight now 0 fair_inc 2264943 prop_inc 514783 fast_inc 776725 eta_inc 1843323 multi_dec -3887262 quick_dec -158872 nack_dec -979400
Flow Uec_90_26 flowId 107 uecSrc 106 finished at 21228.1 total messages 1 total packets 15664 RTS 0 total bytes 64003104 in_flight now 0 fair_inc 2031918 prop_inc 544816 fast_inc 529253 eta_inc 1852626 multi_dec -3560500 quick_dec -202442 nack_dec -900550
Flow Uec_102_38 flowId 40 uecSrc 39 finished at 21235.1 total messages 1 total packets 15664 RTS 0 total bytes 64003104 in_flight now 0 fair_inc 2135533 prop_inc 692587 fast_inc 371206 eta_inc 1859271 multi_dec -3633552 quick_dec -190423 nack_dec -1008450
Flow Uec_36_100 flowId 63 uecSrc 62 finished at 21276.8 total messages 1 total packets 15664 RTS 0 total bytes 64003104 in_flight now 0 fair_inc 2255354 prop_inc 490975 fast_inc 520257 eta_inc 1863258 multi_dec -3694764 quick_dec -167595 nack_dec -1049950
Flow Uec_21_85 flowId 105 uecSrc 104 finished at 21321.8 total messages 1 total packets 15664 RTS 0 total bytes 64003104 in_flight now 0 fair_inc 2341316 prop_inc 558674 fast_inc 1228928 eta_inc 1841994 multi_dec -3728658 quick_dec -197381 nack_dec -1120500
........Received SIGTERM at 420000 us, shutting down cleanly.
New: 2004992 Rtx: 31701 RTS: 0 Bounced: 0 ACKs: 1973929 NACKs: 31701 Pulls: 0 sleek_pkts: 0
SPURIOUS_COUNT 0
