Flow Uec_60_62 flowId 117 uecSrc 116 finished at 655.647 total messages 1 total packets 3916 RTS 0 total bytes 16000776 in_flight now 0 fair_inc 0 prop_inc 25759 fast_inc 8726359 eta_inc 65121 multi_dec -0 quick_dec -0 nack_dec -0
Flow Uec_0_3 flowId 103 uecSrc 102 finished at 659.413 total messages 1 total packets 3916 RTS 0 total bytes 16000776 in_flight now 0 fair_inc 0 prop_inc 25738 fast_inc 8726359 eta_inc 65121 multi_dec -0 quick_dec -0 nack_dec -0
Flow Uec_1_2 flowId 89 uecSrc 88 finished at 659.919 total messages 1 total packets 3916 RTS 0 total bytes 16000776 in_flight now 0 fair_inc 0 prop_inc 1878057 fast_inc 1799800 eta_inc 65121 multi_dec -0 quick_dec -0 nack_dec -0
Flow Uec_2_4 flowId 93 uecSrc 92 finished at 861.114 total messages 1 total packets 3916 RTS 0 total bytes 16000776 in_flight now 0 fair_inc 10518 prop_inc 201074 fast_inc 0 eta_inc 86385 multi_dec -0 quick_dec -0 nack_dec -95450
Flow Uec_57_52 flowId 118 uecSrc 117 finished at 888.362 total messages 1 total packets 3916 RTS 0 total bytes 16000776 in_flight now 0 fair_inc 12149 prop_inc 342432 fast_inc 0 eta_inc 87714 multi_dec -0 quick_dec -0 nack_dec -190900
Flow Uec_19_24 flowId 63 uecSrc 62 finished at 888.6 total messages 1 total packets 3916 RTS 0 total bytes 16000776 in_flight now 0 fair_inc 9434 prop_inc 343781 fast_inc 0 eta_inc 87714 multi_dec -0 quick_dec -0 nack_dec -224100
Flow Uec_111_106 flowId 71 uecSrc 70 finished at 895.349 total messages 1 total packets 3916 RTS 0 total bytes 16000776 in_flight now 0 fair_inc 14306 prop_inc 285583 fast_inc 0 eta_inc 89043 multi_dec -0 quick_dec -0 nack_dec -149400
Flow Uec_46_43 flowId 2 uecSrc 1 finished at 897.858 total messages 1 total packets 3916 RTS 0 total bytes 16000776 in_flight now 0 fair_inc 0 prop_inc 357831 fast_inc 0 eta_inc 89043 multi_dec -0 quick_dec -0 nack_dec -211650
Flow Uec_97_111 flowId 124 uecSrc 123 finished at 908.322 total messages 1 total packets 3916 RTS 0 total bytes 16000776 in_flight now 0 fair_inc 15392 prop_inc 283993 fast_inc 0 eta_inc 89043 multi_dec -0 quick_dec -0 nack_dec -207500
Flow Uec_122_116 flowId 14 uecSrc 13 finished at 925.395 total messages 1 total packets 3916 RTS 0 total bytes 16000776 in_flight now 0 fair_inc 18045 prop_inc 232195 fast_inc 0 eta_inc 91701 multi_dec -0 quick_dec -0 nack_dec -170150
Flow Uec_71_66 flowId 3 uecSrc 2 finished at 927.364 total messages 1 total packets 3916 RTS 0 total bytes 16000776 in_flight now 0 fair_inc 9835 prop_inc 265867 fast_inc 0 eta_inc 91701 multi_dec -0 quick_dec -0 nack_dec -211650
Flow Uec_93_86 flowId 92 uecSrc 91 finished at 927.588 total messages 1 total packets 3916 RTS 0 total bytes 16000776 in_flight now 0 fair_inc 38209 prop_inc 267134 fast_inc 0 eta_inc 91701 multi_dec -0 quick_dec -0 nack_dec -211650
Flow Uec_116_122 flowId 55 uecSrc 54 finished at 939.528 total messages 1 total packets 3916 RTS 0 total bytes 16000776 in_flight now 0 fair_inc 31116 prop_inc 210520 fast_inc 0 eta_inc 93030 multi_dec -0 quick_dec -0 nack_dec -182600
Flow Uec_12_0 flowId 112 uecSrc 111 finished at 1221.84 total messages 1 total packets 3916 RTS 0 total bytes 16000776 in_flight now 0 fair_inc 158668 prop_inc 83767 fast_inc 0 eta_inc 122268 multi_dec -230213 quick_dec -0 nack_dec -211650
Flow Uec_13_11 flowId 96 uecSrc 95 finished at 1484.53 total messages 1 total packets 3916 RTS 0 total bytes 16000776 in_flight now 0 fair_inc 280616 prop_inc 145217 fast_inc 0 eta_inc 147519 multi_dec -318924 quick_dec -0 nack_dec -240700
Flow Uec_5_113 flowId 42 uecSrc 41 finished at 2487.75 total messages 1 total packets 3916 RTS 0 total bytes 16000776 in_flight now 0 fair_inc 684897 prop_inc 328189 fast_inc 0 eta_inc 239220 multi_dec -1112137 quick_dec -27665 nack_dec -481400
Flow Uec_27_1 flowId 87 uecSrc 86 finished at 2804.42 total messages 1 total packets 3916 RTS 0 total bytes 16000776 in_flight now 0 fair_inc 677518 prop_inc 293030 fast_inc 0 eta_inc 271116 multi_dec -1124767 quick_dec -0 nack_dec -468950
Flow Uec_6_48 flowId 39 uecSrc 38 finished at 3022.25 total messages 1 total packets 3916 RTS 0 total bytes 16000776 in_flight now 0 fair_inc 688645 prop_inc 357127 fast_inc 0 eta_inc 289722 multi_dec -1275106 quick_dec -12594 nack_dec -406700
Flow Uec_3_69 flowId 110 uecSrc 109 finished at 3040.35 total messages 1 total packets 3916 RTS 0 total bytes 16000776 in_flight now 0 fair_inc 798793 prop_inc 322014 fast_inc 0 eta_inc 292380 multi_dec -1574762 quick_dec -0 nack_dec -282200
Flow Uec_10_33 flowId 38 uecSrc 37 finished at 3054.46 total messages 1 total packets 3916 RTS 0 total bytes 16000776 in_flight now 0 fair_inc 746027 prop_inc 294940 fast_inc 0 eta_inc 291051 multi_dec -1381210 quick_dec -4562 nack_dec -415000
Flow Uec_126_97 flowId 54 uecSrc 53 finished at 3071.5 total messages 1 total packets 3916 RTS 0 total bytes 16000776 in_flight now 0 fair_inc 868892 prop_inc 226410 fast_inc 0 eta_inc 289722 multi_dec -1385199 quick_dec -15535 nack_dec -427450
Flow Uec_30_13 flowId 53 uecSrc 52 finished at 3119.37 total messages 1 total packets 3916 RTS 0 total bytes 16000776 in_flight now 0 fair_inc 692324 prop_inc 339159 fast_inc 0 eta_inc 296367 multi_dec -1277522 quick_dec -23113 nack_dec -423300
Flow Uec_115_9 flowId 91 uecSrc 90 finished at 3202.01 total messages 1 total packets 3916 RTS 0 total bytes 16000776 in_flight now 0 fair_inc 765194 prop_inc 282854 fast_inc 0 eta_inc 295038 multi_dec -1372698 quick_dec -14197 nack_dec -373500
Flow Uec_11_119 flowId 47 uecSrc 46 finished at 3347.85 total messages 1 total packets 3916 RTS 0 total bytes 16000776 in_flight now 0 fair_inc 844059 prop_inc 346299 fast_inc 0 eta_inc 313644 multi_dec -1458001 quick_dec -6736 nack_dec -415000
Flow Uec_31_12 flowId 59 uecSrc 58 finished at 3351 total messages 1 total packets 3916 RTS 0 total bytes 16000776 in_flight now 0 fair_inc 748715 prop_inc 354133 fast_inc 0 eta_inc 317631 multi_dec -1284284 quick_dec -20056 nack_dec -456500
Flow Uec_9_84 flowId 30 uecSrc 29 finished at 3364.33 total messages 1 total packets 3916 RTS 0 total bytes 16000776 in_flight now 0 fair_inc 928541 prop_inc 337658 fast_inc 0 eta_inc 317631 multi_dec -1573532 quick_dec -23575 nack_dec -390100
Flow Uec_8_46 flowId 123 uecSrc 122 finished at 3366.51 total messages 1 total packets 3916 RTS 0 total bytes 16000776 in_flight now 0 fair_inc 787008 prop_inc 380341 fast_inc 0 eta_inc 314973 multi_dec -1341438 quick_dec -24974 nack_dec -464800
Flow Uec_7_30 flowId 19 uecSrc 18 finished at 3468.06 total messages 1 total packets 3916 RTS 0 total bytes 16000776 in_flight now 0 fair_inc 788487 prop_inc 481872 fast_inc 0 eta_inc 329592 multi_dec -1446850 quick_dec -53069 nack_dec -423300
Flow Uec_121_6 flowId 57 uecSrc 56 finished at 3581.15 total messages 1 total packets 3916 RTS 0 total bytes 16000776 in_flight now 0 fair_inc 938013 prop_inc 256737 fast_inc 0 eta_inc 330921 multi_dec -1388315 quick_dec -4187 nack_dec -518750
Flow Uec_28_14 flowId 83 uecSrc 82 finished at 3589.52 total messages 1 total packets 3916 RTS 0 total bytes 16000776 in_flight now 0 fair_inc 834376 prop_inc 397001 fast_inc 0 eta_inc 338895 multi_dec -1390239 quick_dec -82541 nack_dec -452350
Flow Uec_108_7 flowId 126 uecSrc 125 finished at 3610.49 total messages 1 total packets 3916 RTS 0 total bytes 16000776 in_flight now 0 fair_inc 864871 prop_inc 313139 fast_inc 0 eta_inc 332250 multi_dec -1513154 quick_dec --4937 nack_dec -394250
Flow Uec_95_15 flowId 5 uecSrc 4 finished at 3672.33 total messages 1 total packets 3916 RTS 0 total bytes 16000776 in_flight now 0 fair_inc 943605 prop_inc 372706 fast_inc 0 eta_inc 344211 multi_dec -1636473 quick_dec -13038 nack_dec -435750
Flow Uec_4_118 flowId 9 uecSrc 8 finished at 3700.14 total messages 1 total packets 3916 RTS 0 total bytes 16000776 in_flight now 0 fair_inc 796144 prop_inc 464753 fast_inc 0 eta_inc 344211 multi_dec -1452740 quick_dec -6676 nack_dec -381800
Flow Uec_69_10 flowId 90 uecSrc 89 finished at 3709.59 total messages 1 total packets 3916 RTS 0 total bytes 16000776 in_flight now 0 fair_inc 1001656 prop_inc 314490 fast_inc 0 eta_inc 345540 multi_dec -1550074 quick_dec -21703 nack_dec -427450
Flow Uec_105_92 flowId 25 uecSrc 24 finished at 3774 total messages 1 total packets 3916 RTS 0 total bytes 16000776 in_flight now 0 fair_inc 1089482 prop_inc 239551 fast_inc 0 eta_inc 354843 multi_dec -1657325 quick_dec -18846 nack_dec -410850
Flow Uec_49_100 flowId 108 uecSrc 107 finished at 3788.72 total messages 1 total packets 3916 RTS 0 total bytes 16000776 in_flight now 0 fair_inc 1032182 prop_inc 280464 fast_inc 0 eta_inc 356172 multi_dec -1662681 quick_dec -24781 nack_dec -435750
Flow Uec_102_61 flowId 125 uecSrc 124 finished at 3791.67 total messages 1 total packets 3916 RTS 0 total bytes 16000776 in_flight now 0 fair_inc 949442 prop_inc 297322 fast_inc 0 eta_inc 356172 multi_dec -1575262 quick_dec -26285 nack_dec -402550
Flow Uec_61_114 flowId 26 uecSrc 25 finished at 3793.94 total messages 1 total packets 3916 RTS 0 total bytes 16000776 in_flight now 0 fair_inc 969655 prop_inc 281309 fast_inc 0 eta_inc 353514 multi_dec -1574292 quick_dec -29011 nack_dec -468950
Flow Uec_38_5 flowId 17 uecSrc 16 finished at 3833.86 total messages 1 total packets 3916 RTS 0 total bytes 16000776 in_flight now 0 fair_inc 975959 prop_inc 311144 fast_inc 0 eta_inc 356172 multi_dec -1626044 quick_dec -19140 nack_dec -435750
Flow Uec_14_127 flowId 1 uecSrc 0 finished at 3834.08 total messages 1 total packets 3916 RTS 0 total bytes 16000776 in_flight now 0 fair_inc 768970 prop_inc 411590 fast_inc 0 eta_inc 321618 multi_dec -1444581 quick_dec -8192 nack_dec -415000
Flow Uec_107_51 flowId 36 uecSrc 35 finished at 3882.11 total messages 1 total packets 3916 RTS 0 total bytes 16000776 in_flight now 0 fair_inc 1098214 prop_inc 289196 fast_inc 0 eta_inc 358830 multi_dec -1711422 quick_dec -17315 nack_dec -456500
Flow Uec_44_8 flowId 78 uecSrc 77 finished at 3911.32 total messages 1 total packets 3916 RTS 0 total bytes 16000776 in_flight now 0 fair_inc 980216 prop_inc 308856 fast_inc 0 eta_inc 353514 multi_dec -1522490 quick_dec -3411 nack_dec -419150
Flow Uec_40_98 flowId 95 uecSrc 94 finished at 3934.53 total messages 1 total packets 3916 RTS 0 total bytes 16000776 in_flight now 0 fair_inc 1093184 prop_inc 245532 fast_inc 0 eta_inc 366804 multi_dec -1622586 quick_dec -47893 nack_dec -473100
Flow Uec_56_108 flowId 82 uecSrc 81 finished at 3986.76 total messages 1 total packets 3916 RTS 0 total bytes 16000776 in_flight now 0 fair_inc 1086303 prop_inc 286082 fast_inc 0 eta_inc 358830 multi_dec -1744245 quick_dec -35613 nack_dec -398400
Flow Uec_15_70 flowId 121 uecSrc 120 finished at 4026.38 total messages 1 total packets 3916 RTS 0 total bytes 16000776 in_flight now 0 fair_inc 629334 prop_inc 330816 fast_inc 0 eta_inc 313644 multi_dec -1227789 quick_dec -1222 nack_dec -390100
Flow Uec_113_55 flowId 6 uecSrc 5 finished at 4064.14 total messages 1 total packets 3916 RTS 0 total bytes 16000776 in_flight now 0 fair_inc 974005 prop_inc 299560 fast_inc 0 eta_inc 366804 multi_dec -1642184 quick_dec -25257 nack_dec -448200
Flow Uec_39_124 flowId 31 uecSrc 30 finished at 4065.17 total messages 1 total packets 3916 RTS 0 total bytes 16000776 in_flight now 0 fair_inc 1048274 prop_inc 263121 fast_inc 0 eta_inc 373449 multi_dec -1634753 quick_dec -53373 nack_dec -452350
Flow Uec_63_25 flowId 120 uecSrc 119 finished at 4115.51 total messages 1 total packets 3916 RTS 0 total bytes 16000776 in_flight now 0 fair_inc 1047913 prop_inc 320557 fast_inc 0 eta_inc 381423 multi_dec -1845871 quick_dec --16643 nack_dec -373500
Flow Uec_54_35 flowId 86 uecSrc 85 finished at 4122.1 total messages 1 total packets 3916 RTS 0 total bytes 16000776 in_flight now 0 fair_inc 1201805 prop_inc 267949 fast_inc 0 eta_inc 386739 multi_dec -1810237 quick_dec -663 nack_dec -444050
Flow Uec_37_103 flowId 74 uecSrc 73 finished at 4125.03 total messages 1 total packets 3916 RTS 0 total bytes 16000776 in_flight now 0 fair_inc 1135867 prop_inc 239991 fast_inc 0 eta_inc 377436 multi_dec -1783746 quick_dec -50316 nack_dec -390100
Flow Uec_101_90 flowId 46 uecSrc 45 finished at 4127.85 total messages 1 total packets 3916 RTS 0 total bytes 16000776 in_flight now 0 fair_inc 1054250 prop_inc 264285 fast_inc 0 eta_inc 381423 multi_dec -1696821 quick_dec -9256 nack_dec -419150
Flow Uec_120_63 flowId 68 uecSrc 67 finished at 4130 total messages 1 total packets 3916 RTS 0 total bytes 16000776 in_flight now 0 fair_inc 1032108 prop_inc 310229 fast_inc 0 eta_inc 388068 multi_dec -1669842 quick_dec -18498 nack_dec -448200
Flow Uec_119_96 flowId 81 uecSrc 80 finished at 4230.35 total messages 1 total packets 3916 RTS 0 total bytes 16000776 in_flight now 0 fair_inc 1122567 prop_inc 315026 fast_inc 0 eta_inc 396042 multi_dec -1789227 quick_dec --3805 nack_dec -431600
Flow Uec_106_79 flowId 109 uecSrc 108 finished at 4258.46 total messages 1 total packets 3916 RTS 0 total bytes 16000776 in_flight now 0 fair_inc 1164500 prop_inc 293673 fast_inc 0 eta_inc 390726 multi_dec -1934795 quick_dec -25626 nack_dec -356900
Flow Uec_100_53 flowId 114 uecSrc 113 finished at 4301.71 total messages 1 total packets 3916 RTS 0 total bytes 16000776 in_flight now 0 fair_inc 1012992 prop_inc 326907 fast_inc 0 eta_inc 396042 multi_dec -1709436 quick_dec -21773 nack_dec -431600
Flow Uec_52_75 flowId 32 uecSrc 31 finished at 4369.04 total messages 1 total packets 3916 RTS 0 total bytes 16000776 in_flight now 0 fair_inc 1060965 prop_inc 291603 fast_inc 0 eta_inc 396042 multi_dec -1657560 quick_dec -217840 nack_dec -398400
Flow Uec_51_95 flowId 10 uecSrc 9 finished at 4369.21 total messages 1 total packets 3916 RTS 0 total bytes 16000776 in_flight now 0 fair_inc 1158116 prop_inc 279761 fast_inc 0 eta_inc 394713 multi_dec -1685863 quick_dec -140286 nack_dec -452350
Flow Uec_127_22 flowId 100 uecSrc 99 finished at 4370.74 total messages 1 total packets 3916 RTS 0 total bytes 16000776 in_flight now 0 fair_inc 1111777 prop_inc 376810 fast_inc 0 eta_inc 402687 multi_dec -1844301 quick_dec -4889 nack_dec -410850
Flow Uec_104_37 flowId 79 uecSrc 78 finished at 4376.28 total messages 1 total packets 3916 RTS 0 total bytes 16000776 in_flight now 0 fair_inc 1043987 prop_inc 371533 fast_inc 0 eta_inc 398700 multi_dec -1672472 quick_dec -53713 nack_dec -427450
Flow Uec_84_99 flowId 7 uecSrc 6 finished at 4381.79 total messages 1 total packets 3916 RTS 0 total bytes 16000776 in_flight now 0 fair_inc 1081560 prop_inc 372194 fast_inc 0 eta_inc 408003 multi_dec -1701477 quick_dec -66762 nack_dec -477250
Flow Uec_91_31 flowId 85 uecSrc 84 finished at 4390.39 total messages 1 total packets 3916 RTS 0 total bytes 16000776 in_flight now 0 fair_inc 1143978 prop_inc 295968 fast_inc 0 eta_inc 401358 multi_dec -1687694 quick_dec -97432 nack_dec -498000
Flow Uec_41_110 flowId 22 uecSrc 21 finished at 4390.76 total messages 1 total packets 3916 RTS 0 total bytes 16000776 in_flight now 0 fair_inc 1233141 prop_inc 251120 fast_inc 0 eta_inc 401358 multi_dec -1848490 quick_dec -27125 nack_dec -431600
Flow Uec_70_112 flowId 80 uecSrc 79 finished at 4396.63 total messages 1 total packets 3916 RTS 0 total bytes 16000776 in_flight now 0 fair_inc 1211810 prop_inc 287426 fast_inc 0 eta_inc 401358 multi_dec -1769853 quick_dec -19304 nack_dec -489700
Flow Uec_72_121 flowId 127 uecSrc 126 finished at 4398.53 total messages 1 total packets 3916 RTS 0 total bytes 16000776 in_flight now 0 fair_inc 1092024 prop_inc 305877 fast_inc 0 eta_inc 401358 multi_dec -1851118 quick_dec -7979 nack_dec -427450
Flow Uec_85_102 flowId 65 uecSrc 64 finished at 4423.89 total messages 1 total packets 3916 RTS 0 total bytes 16000776 in_flight now 0 fair_inc 1020005 prop_inc 392672 fast_inc 0 eta_inc 410661 multi_dec -1730143 quick_dec -52920 nack_dec -456500
Flow Uec_99_77 flowId 11 uecSrc 10 finished at 4440.9 total messages 1 total packets 3916 RTS 0 total bytes 16000776 in_flight now 0 fair_inc 1222576 prop_inc 305471 fast_inc 0 eta_inc 404016 multi_dec -1929205 quick_dec -134330 nack_dec -385950
Flow Uec_109_32 flowId 94 uecSrc 93 finished at 4444.94 total messages 1 total packets 3916 RTS 0 total bytes 16000776 in_flight now 0 fair_inc 1172650 prop_inc 353029 fast_inc 0 eta_inc 408003 multi_dec -1848431 quick_dec -31797 nack_dec -452350
Flow Uec_66_49 flowId 48 uecSrc 47 finished at 4471.92 total messages 1 total packets 3916 RTS 0 total bytes 16000776 in_flight now 0 fair_inc 1008570 prop_inc 350564 fast_inc 0 eta_inc 410661 multi_dec -1642048 quick_dec -62713 nack_dec -427450
Flow Uec_125_91 flowId 50 uecSrc 49 finished at 4486.18 total messages 1 total packets 3916 RTS 0 total bytes 16000776 in_flight now 0 fair_inc 1167345 prop_inc 299051 fast_inc 0 eta_inc 410661 multi_dec -1847542 quick_dec -46240 nack_dec -460650
Flow Uec_124_18 flowId 18 uecSrc 17 finished at 4497.92 total messages 1 total packets 3916 RTS 0 total bytes 16000776 in_flight now 0 fair_inc 1146586 prop_inc 359747 fast_inc 0 eta_inc 409332 multi_dec -1787757 quick_dec -59898 nack_dec -489700
Flow Uec_23_115 flowId 70 uecSrc 69 finished at 4505.5 total messages 1 total packets 3916 RTS 0 total bytes 16000776 in_flight now 0 fair_inc 1000153 prop_inc 380651 fast_inc 0 eta_inc 413319 multi_dec -1756044 quick_dec -17046 nack_dec -489700
Flow Uec_118_58 flowId 105 uecSrc 104 finished at 4514.41 total messages 1 total packets 3916 RTS 0 total bytes 16000776 in_flight now 0 fair_inc 1112055 prop_inc 310819 fast_inc 0 eta_inc 411990 multi_dec -1852377 quick_dec -13116 nack_dec -427450
Flow Uec_34_109 flowId 128 uecSrc 127 finished at 4514.54 total messages 1 total packets 3916 RTS 0 total bytes 16000776 in_flight now 0 fair_inc 1188303 prop_inc 284983 fast_inc 0 eta_inc 401358 multi_dec -1732718 quick_dec -119829 nack_dec -439900
Flow Uec_79_56 flowId 24 uecSrc 23 finished at 4526.07 total messages 1 total packets 3916 RTS 0 total bytes 16000776 in_flight now 0 fair_inc 999917 prop_inc 364498 fast_inc 0 eta_inc 413319 multi_dec -1803314 quick_dec -47077 nack_dec -460650
Flow Uec_48_45 flowId 115 uecSrc 114 finished at 4533.1 total messages 1 total packets 3916 RTS 0 total bytes 16000776 in_flight now 0 fair_inc 1098267 prop_inc 407490 fast_inc 0 eta_inc 413319 multi_dec -1719762 quick_dec -202346 nack_dec -431600
Flow Uec_78_21 flowId 77 uecSrc 76 finished at 4560.09 total messages 1 total packets 3916 RTS 0 total bytes 16000776 in_flight now 0 fair_inc 1073556 prop_inc 343674 fast_inc 0 eta_inc 417306 multi_dec -1752270 quick_dec -78891 nack_dec -468950
Flow Uec_62_68 flowId 111 uecSrc 110 finished at 4565.74 total messages 1 total packets 3916 RTS 0 total bytes 16000776 in_flight now 0 fair_inc 1074958 prop_inc 342817 fast_inc 0 eta_inc 415977 multi_dec -1773551 quick_dec -120053 nack_dec -377650
Flow Uec_65_16 flowId 58 uecSrc 57 finished at 4594.71 total messages 1 total packets 3916 RTS 0 total bytes 16000776 in_flight now 0 fair_inc 1096257 prop_inc 339810 fast_inc 0 eta_inc 418635 multi_dec -1744520 quick_dec -51898 nack_dec -489700
Flow Uec_81_50 flowId 60 uecSrc 59 finished at 4625.33 total messages 1 total packets 3916 RTS 0 total bytes 16000776 in_flight now 0 fair_inc 1184191 prop_inc 344794 fast_inc 0 eta_inc 423951 multi_dec -1903534 quick_dec -54902 nack_dec -473100
Flow Uec_114_57 flowId 88 uecSrc 87 finished at 4635.1 total messages 1 total packets 3916 RTS 0 total bytes 16000776 in_flight now 0 fair_inc 1021989 prop_inc 426718 fast_inc 0 eta_inc 421293 multi_dec -1823402 quick_dec -27644 nack_dec -423300
Flow Uec_117_81 flowId 101 uecSrc 100 finished at 4651.65 total messages 1 total packets 3916 RTS 0 total bytes 16000776 in_flight now 0 fair_inc 1136284 prop_inc 276618 fast_inc 0 eta_inc 422622 multi_dec -1871504 quick_dec --2715 nack_dec -448200
Flow Uec_53_83 flowId 72 uecSrc 71 finished at 4654.55 total messages 1 total packets 3916 RTS 0 total bytes 16000776 in_flight now 0 fair_inc 1160971 prop_inc 297841 fast_inc 0 eta_inc 425280 multi_dec -1796034 quick_dec -59963 nack_dec -419150
Flow Uec_22_117 flowId 29 uecSrc 28 finished at 4658.17 total messages 1 total packets 3916 RTS 0 total bytes 16000776 in_flight now 0 fair_inc 1071126 prop_inc 334448 fast_inc 0 eta_inc 413319 multi_dec -1676257 quick_dec -18267 nack_dec -506300
Flow Uec_110_80 flowId 27 uecSrc 26 finished at 4662.96 total messages 1 total packets 3916 RTS 0 total bytes 16000776 in_flight now 0 fair_inc 1105942 prop_inc 322168 fast_inc 0 eta_inc 417306 multi_dec -1785427 quick_dec -27455 nack_dec -456500
Flow Uec_96_59 flowId 41 uecSrc 40 finished at 4663.02 total messages 1 total packets 3916 RTS 0 total bytes 16000776 in_flight now 0 fair_inc 976624 prop_inc 426699 fast_inc 0 eta_inc 406674 multi_dec -1664454 quick_dec -49103 nack_dec -394250
Flow Uec_45_28 flowId 43 uecSrc 42 finished at 4670.3 total messages 1 total packets 3916 RTS 0 total bytes 16000776 in_flight now 0 fair_inc 1109607 prop_inc 271838 fast_inc 0 eta_inc 418635 multi_dec -1691270 quick_dec -51706 nack_dec -431600
Flow Uec_55_78 flowId 107 uecSrc 106 finished at 4672.57 total messages 1 total packets 3916 RTS 0 total bytes 16000776 in_flight now 0 fair_inc 1076215 prop_inc 309021 fast_inc 0 eta_inc 422622 multi_dec -1740905 quick_dec -150908 nack_dec -435750
Flow Uec_76_123 flowId 12 uecSrc 11 finished at 4673.11 total messages 1 total packets 3916 RTS 0 total bytes 16000776 in_flight now 0 fair_inc 1133475 prop_inc 390802 fast_inc 0 eta_inc 429267 multi_dec -1847937 quick_dec -31941 nack_dec -448200
Flow Uec_42_60 flowId 67 uecSrc 66 finished at 4686.4 total messages 1 total packets 3916 RTS 0 total bytes 16000776 in_flight now 0 fair_inc 1031095 prop_inc 421490 fast_inc 0 eta_inc 419964 multi_dec -1700876 quick_dec -45139 nack_dec -435750
Flow Uec_21_107 flowId 21 uecSrc 20 finished at 4703.19 total messages 1 total packets 3916 RTS 0 total bytes 16000776 in_flight now 0 fair_inc 1120978 prop_inc 377240 fast_inc 0 eta_inc 425280 multi_dec -1893124 quick_dec -47436 nack_dec -460650
Flow Uec_50_94 flowId 35 uecSrc 34 finished at 4715.72 total messages 1 total packets 3916 RTS 0 total bytes 16000776 in_flight now 0 fair_inc 1091808 prop_inc 375147 fast_inc 0 eta_inc 423951 multi_dec -1684279 quick_dec -46409 nack_dec -510450
Flow Uec_33_105 flowId 37 uecSrc 36 finished at 4754.66 total messages 1 total packets 3916 RTS 0 total bytes 16000776 in_flight now 0 fair_inc 1252968 prop_inc 353066 fast_inc 0 eta_inc 431925 multi_dec -1871286 quick_dec -54454 nack_dec -439900
Flow Uec_112_65 flowId 49 uecSrc 48 finished at 4762.64 total messages 1 total packets 3916 RTS 0 total bytes 16000776 in_flight now 0 fair_inc 1119534 prop_inc 340036 fast_inc 0 eta_inc 425280 multi_dec -1741392 quick_dec -144275 nack_dec -460650
Flow Uec_58_93 flowId 75 uecSrc 74 finished at 4763.28 total messages 1 total packets 3916 RTS 0 total bytes 16000776 in_flight now 0 fair_inc 1197187 prop_inc 369644 fast_inc 0 eta_inc 433254 multi_dec -1784264 quick_dec -84120 nack_dec -439900
Flow Uec_17_125 flowId 8 uecSrc 7 finished at 4771.63 total messages 1 total packets 3916 RTS 0 total bytes 16000776 in_flight now 0 fair_inc 995852 prop_inc 382092 fast_inc 0 eta_inc 414648 multi_dec -1682752 quick_dec -91096 nack_dec -464800
Flow Uec_16_101 flowId 20 uecSrc 19 finished at 4801.61 total messages 1 total packets 3916 RTS 0 total bytes 16000776 in_flight now 0 fair_inc 1090818 prop_inc 390209 fast_inc 0 eta_inc 427938 multi_dec -1840111 quick_dec -17554 nack_dec -485550
Flow Uec_103_67 flowId 73 uecSrc 72 finished at 4802.6 total messages 1 total packets 3916 RTS 0 total bytes 16000776 in_flight now 0 fair_inc 1204731 prop_inc 350391 fast_inc 0 eta_inc 434583 multi_dec -1899443 quick_dec -56786 nack_dec -456500
Flow Uec_64_82 flowId 66 uecSrc 65 finished at 4817.96 total messages 1 total packets 3916 RTS 0 total bytes 16000776 in_flight now 0 fair_inc 1144313 prop_inc 414376 fast_inc 0 eta_inc 427938 multi_dec -2049161 quick_dec -21048 nack_dec -406700
Flow Uec_26_44 flowId 113 uecSrc 112 finished at 4818.07 total messages 1 total packets 3916 RTS 0 total bytes 16000776 in_flight now 0 fair_inc 1087764 prop_inc 364805 fast_inc 0 eta_inc 437241 multi_dec -1815597 quick_dec -89692 nack_dec -473100
Flow Uec_92_120 flowId 99 uecSrc 98 finished at 4821.99 total messages 1 total packets 3916 RTS 0 total bytes 16000776 in_flight now 0 fair_inc 1054416 prop_inc 380196 fast_inc 0 eta_inc 422622 multi_dec -1837605 quick_dec -92041 nack_dec -468950
Flow Uec_83_104 flowId 116 uecSrc 115 finished at 4825.05 total messages 1 total packets 3916 RTS 0 total bytes 16000776 in_flight now 0 fair_inc 1249251 prop_inc 333674 fast_inc 0 eta_inc 434583 multi_dec -1932459 quick_dec -66733 nack_dec -514600
Flow Uec_88_54 flowId 33 uecSrc 32 finished at 4827.43 total messages 1 total packets 3916 RTS 0 total bytes 16000776 in_flight now 0 fair_inc 1102466 prop_inc 409451 fast_inc 0 eta_inc 430596 multi_dec -1800823 quick_dec -47088 nack_dec -551950
Flow Uec_59_71 flowId 40 uecSrc 39 finished at 4841.1 total messages 1 total packets 3916 RTS 0 total bytes 16000776 in_flight now 0 fair_inc 1199997 prop_inc 337380 fast_inc 0 eta_inc 429267 multi_dec -1747686 quick_dec -139038 nack_dec -522900
Flow Uec_67_34 flowId 84 uecSrc 83 finished at 4849.52 total messages 1 total packets 3916 RTS 0 total bytes 16000776 in_flight now 0 fair_inc 1160991 prop_inc 301949 fast_inc 0 eta_inc 441228 multi_dec -1894137 quick_dec -126267 nack_dec -427450
Flow Uec_20_40 flowId 23 uecSrc 22 finished at 4875.35 total messages 1 total packets 3916 RTS 0 total bytes 16000776 in_flight now 0 fair_inc 1213910 prop_inc 333735 fast_inc 0 eta_inc 439899 multi_dec -1890879 quick_dec -81273 nack_dec -415000
Flow Uec_18_126 flowId 62 uecSrc 61 finished at 4880.05 total messages 1 total packets 3916 RTS 0 total bytes 16000776 in_flight now 0 fair_inc 1117222 prop_inc 441508 fast_inc 0 eta_inc 445215 multi_dec -1917689 quick_dec -5564 nack_dec -435750
Flow Uec_75_23 flowId 97 uecSrc 96 finished at 4883.33 total messages 1 total packets 3916 RTS 0 total bytes 16000776 in_flight now 0 fair_inc 1039130 prop_inc 374496 fast_inc 0 eta_inc 434583 multi_dec -1666011 quick_dec -106113 nack_dec -473100
Flow Uec_87_17 flowId 15 uecSrc 14 finished at 4888.2 total messages 1 total packets 3916 RTS 0 total bytes 16000776 in_flight now 0 fair_inc 1142255 prop_inc 341033 fast_inc 0 eta_inc 446544 multi_dec -1838344 quick_dec -90648 nack_dec -535350
Flow Uec_98_76 flowId 104 uecSrc 103 finished at 4889.03 total messages 1 total packets 3916 RTS 0 total bytes 16000776 in_flight now 0 fair_inc 1105167 prop_inc 380774 fast_inc 0 eta_inc 423951 multi_dec -1717839 quick_dec -47062 nack_dec -485550
Flow Uec_47_27 flowId 51 uecSrc 50 finished at 4893.74 total messages 1 total packets 3916 RTS 0 total bytes 16000776 in_flight now 0 fair_inc 1055441 prop_inc 350294 fast_inc 0 eta_inc 431925 multi_dec -1843796 quick_dec -21586 nack_dec -473100
Flow Uec_123_64 flowId 119 uecSrc 118 finished at 4917.71 total messages 1 total packets 3916 RTS 0 total bytes 16000776 in_flight now 0 fair_inc 1112511 prop_inc 438294 fast_inc 0 eta_inc 437241 multi_dec -1838800 quick_dec -74320 nack_dec -406700
Flow Uec_74_47 flowId 34 uecSrc 33 finished at 4934.16 total messages 1 total packets 3916 RTS 0 total bytes 16000776 in_flight now 0 fair_inc 1132557 prop_inc 332112 fast_inc 0 eta_inc 438570 multi_dec -1855481 quick_dec -25428 nack_dec -439900
Flow Uec_24_39 flowId 64 uecSrc 63 finished at 4945.36 total messages 1 total packets 3916 RTS 0 total bytes 16000776 in_flight now 0 fair_inc 1080275 prop_inc 407870 fast_inc 0 eta_inc 445215 multi_dec -1854601 quick_dec -44119 nack_dec -439900
Flow Uec_90_38 flowId 52 uecSrc 51 finished at 4954.22 total messages 1 total packets 3916 RTS 0 total bytes 16000776 in_flight now 0 fair_inc 1167444 prop_inc 401368 fast_inc 0 eta_inc 454518 multi_dec -2029405 quick_dec -43791 nack_dec -448200
Flow Uec_32_72 flowId 122 uecSrc 121 finished at 4963.79 total messages 1 total packets 3916 RTS 0 total bytes 16000776 in_flight now 0 fair_inc 1185031 prop_inc 361387 fast_inc 0 eta_inc 437241 multi_dec -1918299 quick_dec -161035 nack_dec -452350
Flow Uec_35_88 flowId 45 uecSrc 44 finished at 4994.24 total messages 1 total packets 3916 RTS 0 total bytes 16000776 in_flight now 0 fair_inc 1218738 prop_inc 414089 fast_inc 0 eta_inc 451860 multi_dec -1910500 quick_dec -42926 nack_dec -481400
Flow Uec_68_26 flowId 61 uecSrc 60 finished at 4998.55 total messages 1 total packets 3916 RTS 0 total bytes 16000776 in_flight now 0 fair_inc 1142961 prop_inc 460292 fast_inc 0 eta_inc 438570 multi_dec -1860624 quick_dec -51471 nack_dec -452350
Flow Uec_89_29 flowId 102 uecSrc 101 finished at 5002.32 total messages 1 total packets 3916 RTS 0 total bytes 16000776 in_flight now 0 fair_inc 1073469 prop_inc 403519 fast_inc 0 eta_inc 443886 multi_dec -1864442 quick_dec -59839 nack_dec -456500
Flow Uec_80_36 flowId 16 uecSrc 15 finished at 5007.26 total messages 1 total packets 3916 RTS 0 total bytes 16000776 in_flight now 0 fair_inc 1238941 prop_inc 423976 fast_inc 0 eta_inc 455847 multi_dec -2031372 quick_dec -83073 nack_dec -431600
Flow Uec_43_89 flowId 44 uecSrc 43 finished at 5015.14 total messages 1 total packets 3916 RTS 0 total bytes 16000776 in_flight now 0 fair_inc 1175890 prop_inc 437029 fast_inc 0 eta_inc 453189 multi_dec -1939767 quick_dec -87874 nack_dec -348600
Flow Uec_77_42 flowId 106 uecSrc 105 finished at 5021.63 total messages 1 total packets 3916 RTS 0 total bytes 16000776 in_flight now 0 fair_inc 1221047 prop_inc 344690 fast_inc 0 eta_inc 439899 multi_dec -1898737 quick_dec -61753 nack_dec -419150
Flow Uec_82_20 flowId 76 uecSrc 75 finished at 5024.96 total messages 1 total packets 3916 RTS 0 total bytes 16000776 in_flight now 0 fair_inc 1101311 prop_inc 452556 fast_inc 0 eta_inc 454518 multi_dec -1866279 quick_dec --8584 nack_dec -502150
Flow Uec_86_73 flowId 28 uecSrc 27 finished at 5034.45 total messages 1 total packets 3916 RTS 0 total bytes 16000776 in_flight now 0 fair_inc 1096149 prop_inc 476309 fast_inc 0 eta_inc 449202 multi_dec -1907928 quick_dec -224939 nack_dec -402550
Flow Uec_25_87 flowId 56 uecSrc 55 finished at 5041.89 total messages 1 total packets 3916 RTS 0 total bytes 16000776 in_flight now 0 fair_inc 1085275 prop_inc 505016 fast_inc 0 eta_inc 442557 multi_dec -1887767 quick_dec -70107 nack_dec -468950
Flow Uec_94_19 flowId 13 uecSrc 12 finished at 5043.79 total messages 1 total packets 3916 RTS 0 total bytes 16000776 in_flight now 0 fair_inc 1193693 prop_inc 453799 fast_inc 0 eta_inc 449202 multi_dec -1935620 quick_dec -57806 nack_dec -456500
Flow Uec_73_41 flowId 69 uecSrc 68 finished at 5046.08 total messages 1 total packets 3916 RTS 0 total bytes 16000776 in_flight now 0 fair_inc 1301767 prop_inc 351498 fast_inc 37824 eta_inc 449202 multi_dec -1918309 quick_dec -106014 nack_dec -406700
Flow Uec_36_85 flowId 4 uecSrc 3 finished at 5059.22 total messages 1 total packets 3916 RTS 0 total bytes 16000776 in_flight now 0 fair_inc 1290796 prop_inc 419343 fast_inc 0 eta_inc 455847 multi_dec -2053279 quick_dec -10893 nack_dec -468950
Flow Uec_29_74 flowId 98 uecSrc 97 finished at 5098.94 total messages 1 total packets 3916 RTS 0 total bytes 16000776 in_flight now 0 fair_inc 1080458 prop_inc 525581 fast_inc 521520 eta_inc 438570 multi_dec -1871491 quick_dec -118989 nack_dec -431600
.Received SIGTERM at 98000 us, shutting down cleanly.
New: 501248 Rtx: 12580 RTS: 0 Bounced: 0 ACKs: 441309 NACKs: 12580 Pulls: 0 sleek_pkts: 0
SPURIOUS_COUNT 0
