......Flow Roce_3_0 1956 finished at 313198 total bytes 16000
Flow Roce_1_0 1996 finished at 320592 total bytes 16000
Flow Roce_2_0 1940 finished at 321683 total bytes 16000
Flow Roce_106_0 1796 finished at 332593 total bytes 16000
Flow Roce_62_0 1740 finished at 333459 total bytes 16000
Flow Roce_77_0 1752 finished at 337344 total bytes 16000
Flow Roce_63_0 2028 finished at 338674 total bytes 16000
Flow Roce_125_0 1960 finished at 339710 total bytes 16000
Flow Roce_107_0 2020 finished at 341072 total bytes 16000
Flow Roce_88_0 1700 finished at 343956 total bytes 16000
Flow Roce_104_0 1952 finished at 343995 total bytes 16000
Flow Roce_105_0 1892 finished at 344174 total bytes 16000
Flow Roce_87_0 1704 finished at 344929 total bytes 16000
Flow Roce_60_0 1768 finished at 344982 total bytes 16000
Flow Roce_78_0 2008 finished at 345012 total bytes 16000
Flow Roce_90_0 1992 finished at 346085 total bytes 16000
Flow Roce_36_0 1756 finished at 346497 total bytes 16000
Flow Roce_86_0 1600 finished at 348089 total bytes 16000
Flow Roce_84_0 2048 finished at 348841 total bytes 16000
.Flow Roce_127_0 1592 finished at 350042 total bytes 16000
Flow Roce_31_0 1788 finished at 350234 total bytes 16000
Flow Roce_61_0 2052 finished at 350588 total bytes 16000
Flow Roce_118_0 2004 finished at 350608 total bytes 16000
Flow Roce_91_0 1924 finished at 350900 total bytes 16000
Flow Roce_27_0 2036 finished at 351130 total bytes 16000
Flow Roce_39_0 1596 finished at 351952 total bytes 16000
Flow Roce_58_0 2056 finished at 352416 total bytes 16000
Flow Roce_74_0 1832 finished at 352823 total bytes 16000
Flow Roce_124_0 1620 finished at 353077 total bytes 16000
Flow Roce_56_0 2012 finished at 353851 total bytes 16000
Flow Roce_76_0 1972 finished at 353873 total bytes 16000
Flow Roce_64_0 2064 finished at 354045 total bytes 16000
Flow Roce_23_0 1692 finished at 354483 total bytes 16000
Flow Roce_30_0 1976 finished at 355346 total bytes 16000
Flow Roce_85_0 1844 finished at 356198 total bytes 16000
Flow Roce_41_0 1964 finished at 356252 total bytes 16000
Flow Roce_75_0 1744 finished at 356318 total bytes 16000
Flow Roce_59_0 1884 finished at 357124 total bytes 16000
Flow Roce_24_0 1864 finished at 357270 total bytes 16000
Flow Roce_121_0 1840 finished at 358189 total bytes 16000
Flow Roce_100_0 1688 finished at 358387 total bytes 16000
Flow Roce_19_0 1816 finished at 358609 total bytes 16000
Flow Roce_120_0 1856 finished at 358984 total bytes 16000
Flow Roce_37_0 1628 finished at 359099 total bytes 16000
Flow Roce_111_0 1868 finished at 359099 total bytes 16000
Flow Roce_94_0 1720 finished at 360006 total bytes 16000
Flow Roce_89_0 1824 finished at 361306 total bytes 16000
Flow Roce_57_0 1912 finished at 361354 total bytes 16000
Flow Roce_38_0 1880 finished at 361964 total bytes 16000
Flow Roce_113_0 1644 finished at 362598 total bytes 16000
Flow Roce_126_0 1860 finished at 362847 total bytes 16000
Flow Roce_114_0 1936 finished at 365336 total bytes 16000
Flow Roce_110_0 1804 finished at 366287 total bytes 16000
Flow Roce_82_0 1888 finished at 367369 total bytes 16000
Flow Roce_42_0 1604 finished at 367868 total bytes 16000
Flow Roce_46_0 1616 finished at 368001 total bytes 16000
Flow Roce_79_0 1836 finished at 368050 total bytes 16000
Flow Roce_55_0 1928 finished at 368801 total bytes 16000
Flow Roce_49_0 2044 finished at 368841 total bytes 16000
Flow Roce_35_0 1984 finished at 369455 total bytes 16000
Flow Roce_21_0 1672 finished at 371002 total bytes 16000
Flow Roce_20_0 1820 finished at 371677 total bytes 16000
Flow Roce_43_0 1852 finished at 371752 total bytes 16000
Flow Roce_50_0 2016 finished at 372637 total bytes 16000
Flow Roce_52_0 1712 finished at 372641 total bytes 16000
Flow Roce_65_0 1848 finished at 373190 total bytes 16000
Flow Roce_28_0 1932 finished at 373362 total bytes 16000
Flow Roce_25_0 1664 finished at 375142 total bytes 16000
Flow Roce_66_0 1828 finished at 375415 total bytes 16000
Flow Roce_26_0 1800 finished at 375425 total bytes 16000
Flow Roce_103_0 2084 finished at 375933 total bytes 16000
Flow Roce_40_0 1668 finished at 376547 total bytes 16000
Flow Roce_73_0 2092 finished at 376628 total bytes 16000
Flow Roce_80_0 1716 finished at 377193 total bytes 16000
Flow Roce_72_0 1792 finished at 377253 total bytes 16000
Flow Roce_45_0 1896 finished at 377412 total bytes 16000
Flow Roce_67_0 1784 finished at 378582 total bytes 16000
Flow Roce_112_0 1772 finished at 379695 total bytes 16000
Flow Roce_29_0 1916 finished at 379841 total bytes 16000
Flow Roce_48_0 1780 finished at 380210 total bytes 16000
Flow Roce_101_0 2040 finished at 380687 total bytes 16000
Flow Roce_81_0 1684 finished at 380694 total bytes 16000
Flow Roce_115_0 1948 finished at 380778 total bytes 16000
Flow Roce_119_0 1908 finished at 381005 total bytes 16000
Flow Roce_47_0 1724 finished at 381014 total bytes 16000
Flow Roce_108_0 1680 finished at 381187 total bytes 16000
Flow Roce_97_0 1900 finished at 381261 total bytes 16000
Flow Roce_92_0 1876 finished at 381397 total bytes 16000
Flow Roce_109_0 2088 finished at 381712 total bytes 16000
Flow Roce_53_0 1776 finished at 381865 total bytes 16000
Flow Roce_34_0 1728 finished at 381923 total bytes 16000
Flow Roce_102_0 1708 finished at 382231 total bytes 16000
Flow Roce_96_0 1652 finished at 382393 total bytes 16000
Flow Roce_44_0 1624 finished at 382632 total bytes 16000
Flow Roce_33_0 2072 finished at 382692 total bytes 16000
Flow Roce_32_0 1808 finished at 382725 total bytes 16000
Flow Roce_17_0 1660 finished at 382764 total bytes 16000
Flow Roce_70_0 1944 finished at 382787 total bytes 16000
Flow Roce_22_0 1648 finished at 382905 total bytes 16000
Flow Roce_98_0 2080 finished at 383067 total bytes 16000
Flow Roce_95_0 1632 finished at 383081 total bytes 16000
Flow Roce_18_0 2096 finished at 383559 total bytes 16000
Flow Roce_116_0 1676 finished at 383614 total bytes 16000
Flow Roce_51_0 1608 finished at 383837 total bytes 16000
Flow Roce_93_0 1980 finished at 383870 total bytes 16000
Flow Roce_69_0 1760 finished at 383968 total bytes 16000
Flow Roce_117_0 1988 finished at 383971 total bytes 16000
Flow Roce_68_0 1920 finished at 384261 total bytes 16000
Flow Roce_54_0 1872 finished at 384403 total bytes 16000
Flow Roce_122_0 1640 finished at 384413 total bytes 16000
Flow Roce_83_0 1812 finished at 384456 total bytes 16000
Flow Roce_123_0 2060 finished at 384468 total bytes 16000
Flow Roce_71_0 1904 finished at 384625 total bytes 16000
Flow Roce_99_0 2000 finished at 384672 total bytes 16000
Flow Roce_16_0 2068 finished at 384810 total bytes 16000
Flow Roce_15_0 1636 finished at 385114 total bytes 16000
Flow Roce_8_0 1656 finished at 385132 total bytes 16000
Flow Roce_10_0 1696 finished at 385172 total bytes 16000
Flow Roce_7_0 1736 finished at 385976 total bytes 16000
Flow Roce_4_0 2024 finished at 386043 total bytes 16000
Flow Roce_6_0 1748 finished at 386095 total bytes 16000
Flow Roce_11_0 1732 finished at 386123 total bytes 16000
Flow Roce_13_0 2032 finished at 386244 total bytes 16000
Flow Roce_14_0 1968 finished at 386348 total bytes 16000
Flow Roce_5_0 1612 finished at 386390 total bytes 16000
Flow Roce_9_0 2076 finished at 386399 total bytes 16000
Flow Roce_12_0 1764 finished at 386638 total bytes 16000
New: 0 Rtx: 0
OVERFLOW_COUNT 0
