..........|..Flow Roce_627_0 12832 finished at 652367 total bytes 25000
Flow Roce_602_0 12732 finished at 653873 total bytes 25000
Flow Roce_803_0 13536 finished at 664813 total bytes 25000
Flow Roce_600_0 12724 finished at 671841 total bytes 25000
.Flow Roce_903_0 13936 finished at 715969 total bytes 25000
Flow Roce_946_0 14108 finished at 725361 total bytes 25000
Flow Roce_985_0 14264 finished at 728030 total bytes 25000
.Flow Roce_940_0 14084 finished at 784430 total bytes 25000
Flow Roce_939_0 14080 finished at 786458 total bytes 25000
Flow Roce_891_0 13888 finished at 788653 total bytes 25000
.Flow Roce_835_0 13664 finished at 833043 total bytes 25000
Flow Roce_832_0 13652 finished at 835613 total bytes 25000
Flow Roce_836_0 13668 finished at 836140 total bytes 25000
..Flow Roce_840_0 13684 finished at 938229 total bytes 25000
.Flow Roce_678_0 13036 finished at 951324 total bytes 25000
.Flow Roce_984_0 14260 finished at 1.00271e+06 total bytes 25000
Flow Roce_895_0 13904 finished at 1.00692e+06 total bytes 25000
Flow Roce_986_0 14268 finished at 1.01075e+06 total bytes 25000
Flow Roce_893_0 13896 finished at 1.01586e+06 total bytes 25000
.Flow Roce_730_0 13244 finished at 1.05655e+06 total bytes 25000
Flow Roce_923_0 14016 finished at 1.08393e+06 total bytes 25000
|Flow Roce_543_0 12496 finished at 1.11619e+06 total bytes 25000
Flow Roce_731_0 13248 finished at 1.13156e+06 total bytes 25000
Flow Roce_785_0 13464 finished at 1.13634e+06 total bytes 25000
Flow Roce_771_0 13408 finished at 1.14096e+06 total bytes 25000
.Flow Roce_734_0 13260 finished at 1.16588e+06 total bytes 25000
Flow Roce_924_0 14020 finished at 1.19409e+06 total bytes 25000
Flow Roce_675_0 13024 finished at 1.19717e+06 total bytes 25000
.Flow Roce_676_0 13028 finished at 1.20262e+06 total bytes 25000
Flow Roce_926_0 14028 finished at 1.2113e+06 total bytes 25000
Flow Roce_769_0 13400 finished at 1.21428e+06 total bytes 25000
Flow Roce_634_0 12860 finished at 1.21543e+06 total bytes 25000
Flow Roce_632_0 12852 finished at 1.24294e+06 total bytes 25000
Flow Roce_743_0 13296 finished at 1.24977e+06 total bytes 25000
.Flow Roce_981_0 14248 finished at 1.25066e+06 total bytes 25000
Flow Roce_538_0 12476 finished at 1.25499e+06 total bytes 25000
Flow Roce_920_0 14004 finished at 1.25945e+06 total bytes 25000
Flow Roce_737_0 13272 finished at 1.25992e+06 total bytes 25000
Flow Roce_539_0 12480 finished at 1.2601e+06 total bytes 25000
Flow Roce_540_0 12484 finished at 1.26101e+06 total bytes 25000
Flow Roce_667_0 12992 finished at 1.26541e+06 total bytes 25000
Flow Roce_696_0 13108 finished at 1.27515e+06 total bytes 25000
Flow Roce_611_0 12768 finished at 1.28022e+06 total bytes 25000
Flow Roce_537_0 12472 finished at 1.28992e+06 total bytes 25000
.Flow Roce_860_0 13764 finished at 1.30895e+06 total bytes 25000
Flow Roce_670_0 13004 finished at 1.31254e+06 total bytes 25000
Flow Roce_912_0 13972 finished at 1.31449e+06 total bytes 25000
Flow Roce_751_0 13328 finished at 1.31797e+06 total bytes 25000
Flow Roce_710_0 13164 finished at 1.32351e+06 total bytes 25000
Flow Roce_707_0 13152 finished at 1.3261e+06 total bytes 25000
Flow Roce_609_0 12760 finished at 1.32757e+06 total bytes 25000
Flow Roce_559_0 12560 finished at 1.33012e+06 total bytes 25000
Flow Roce_871_0 13808 finished at 1.33178e+06 total bytes 25000
.Flow Roce_697_0 13112 finished at 1.35045e+06 total bytes 25000
Flow Roce_1021_0 14408 finished at 1.3521e+06 total bytes 25000
Flow Roce_918_0 13996 finished at 1.35678e+06 total bytes 25000
Flow Roce_993_0 14296 finished at 1.35844e+06 total bytes 25000
Flow Roce_512_0 12372 finished at 1.36574e+06 total bytes 25000
Flow Roce_911_0 13968 finished at 1.36963e+06 total bytes 25000
Flow Roce_698_0 13116 finished at 1.37162e+06 total bytes 25000
Flow Roce_819_0 13600 finished at 1.38495e+06 total bytes 25000
Flow Roce_998_0 14316 finished at 1.38991e+06 total bytes 25000
Flow Roce_863_0 13776 finished at 1.39079e+06 total bytes 25000
Flow Roce_992_0 14292 finished at 1.39216e+06 total bytes 25000
Flow Roce_867_0 13792 finished at 1.39353e+06 total bytes 25000
Flow Roce_816_0 13588 finished at 1.39449e+06 total bytes 25000
Flow Roce_979_0 14240 finished at 1.39755e+06 total bytes 25000
Flow Roce_532_0 12452 finished at 1.39852e+06 total bytes 25000
Flow Roce_533_0 12456 finished at 1.39863e+06 total bytes 25000
.Flow Roce_980_0 14244 finished at 1.40123e+06 total bytes 25000
Flow Roce_744_0 13300 finished at 1.40611e+06 total bytes 25000
Flow Roce_748_0 13316 finished at 1.40758e+06 total bytes 25000
Flow Roce_862_0 13772 finished at 1.41557e+06 total bytes 25000
Flow Roce_741_0 13288 finished at 1.42351e+06 total bytes 25000
Flow Roce_739_0 13280 finished at 1.42684e+06 total bytes 25000
Flow Roce_550_0 12524 finished at 1.4302e+06 total bytes 25000
Flow Roce_870_0 13804 finished at 1.43087e+06 total bytes 25000
Flow Roce_546_0 12508 finished at 1.43457e+06 total bytes 25000
Flow Roce_915_0 13984 finished at 1.43567e+06 total bytes 25000
Flow Roce_701_0 13128 finished at 1.43604e+06 total bytes 25000
Flow Roce_716_0 13188 finished at 1.44313e+06 total bytes 25000
Flow Roce_905_0 13944 finished at 1.44632e+06 total bytes 25000
Flow Roce_904_0 13940 finished at 1.44736e+06 total bytes 25000
.Flow Roce_1019_0 14400 finished at 1.45379e+06 total bytes 25000
Flow Roce_1020_0 14404 finished at 1.45721e+06 total bytes 25000
Flow Roce_654_0 12940 finished at 1.4721e+06 total bytes 25000
Flow Roce_686_0 13068 finished at 1.47282e+06 total bytes 25000
Flow Roce_554_0 12540 finished at 1.47487e+06 total bytes 25000
Flow Roce_713_0 13176 finished at 1.47518e+06 total bytes 25000
Flow Roce_767_0 13392 finished at 1.47851e+06 total bytes 25000
Flow Roce_1006_0 14348 finished at 1.4796e+06 total bytes 25000
Flow Roce_932_0 14052 finished at 1.48328e+06 total bytes 25000
Flow Roce_583_0 12656 finished at 1.48402e+06 total bytes 25000
Flow Roce_646_0 12908 finished at 1.48474e+06 total bytes 25000
Flow Roce_558_0 12556 finished at 1.48501e+06 total bytes 25000
Flow Roce_931_0 14048 finished at 1.48742e+06 total bytes 25000
Flow Roce_544_0 12500 finished at 1.4883e+06 total bytes 25000
Flow Roce_930_0 14044 finished at 1.48904e+06 total bytes 25000
Flow Roce_648_0 12916 finished at 1.48923e+06 total bytes 25000
Flow Roce_680_0 13044 finished at 1.49076e+06 total bytes 25000
Flow Roce_645_0 12904 finished at 1.49294e+06 total bytes 25000
Flow Roce_547_0 12512 finished at 1.49595e+06 total bytes 25000
Flow Roce_517_0 12392 finished at 1.49758e+06 total bytes 25000
.Flow Roce_518_0 12396 finished at 1.50464e+06 total bytes 25000
Flow Roce_578_0 12636 finished at 1.50763e+06 total bytes 25000
Flow Roce_579_0 12640 finished at 1.51124e+06 total bytes 25000
Flow Roce_762_0 13372 finished at 1.5188e+06 total bytes 25000
Flow Roce_766_0 13388 finished at 1.52045e+06 total bytes 25000
Flow Roce_712_0 13172 finished at 1.52105e+06 total bytes 25000
Flow Roce_715_0 13184 finished at 1.52917e+06 total bytes 25000
Flow Roce_577_0 12632 finished at 1.53264e+06 total bytes 25000
Flow Roce_1007_0 14352 finished at 1.53445e+06 total bytes 25000
Flow Roce_778_0 13436 finished at 1.53593e+06 total bytes 25000
Flow Roce_534_0 12460 finished at 1.54118e+06 total bytes 25000
Flow Roce_535_0 12464 finished at 1.54294e+06 total bytes 25000
Flow Roce_799_0 13520 finished at 1.54328e+06 total bytes 25000
Flow Roce_781_0 13448 finished at 1.54649e+06 total bytes 25000
.Flow Roce_1004_0 14340 finished at 1.55199e+06 total bytes 25000
Flow Roce_529_0 12440 finished at 1.55417e+06 total bytes 25000
Flow Roce_793_0 13496 finished at 1.55914e+06 total bytes 25000
Flow Roce_797_0 13512 finished at 1.56407e+06 total bytes 25000
Flow Roce_874_0 13820 finished at 1.5727e+06 total bytes 25000
Flow Roce_580_0 12644 finished at 1.57799e+06 total bytes 25000
Flow Roce_955_0 14144 finished at 1.5806e+06 total bytes 25000
Flow Roce_714_0 13180 finished at 1.59523e+06 total bytes 25000
Flow Roce_999_0 14320 finished at 1.59528e+06 total bytes 25000
Flow Roce_718_0 13196 finished at 1.59582e+06 total bytes 25000
Flow Roce_887_0 13872 finished at 1.59689e+06 total bytes 25000
Flow Roce_531_0 12448 finished at 1.59846e+06 total bytes 25000
.Flow Roce_783_0 13456 finished at 1.60079e+06 total bytes 25000
Flow Roce_528_0 12436 finished at 1.60304e+06 total bytes 25000
Flow Roce_719_0 13200 finished at 1.60421e+06 total bytes 25000
Flow Roce_994_0 14300 finished at 1.60448e+06 total bytes 25000
Flow Roce_542_0 12492 finished at 1.60744e+06 total bytes 25000
Flow Roce_995_0 14304 finished at 1.62095e+06 total bytes 25000
Flow Roce_876_0 13828 finished at 1.6233e+06 total bytes 25000
Flow Roce_958_0 14156 finished at 1.62583e+06 total bytes 25000
Flow Roce_717_0 13192 finished at 1.62849e+06 total bytes 25000
Flow Roce_694_0 13100 finished at 1.6291e+06 total bytes 25000
Flow Roce_974_0 14220 finished at 1.63046e+06 total bytes 25000
Flow Roce_779_0 13440 finished at 1.63462e+06 total bytes 25000
Flow Roce_957_0 14152 finished at 1.63607e+06 total bytes 25000
Flow Roce_975_0 14224 finished at 1.63683e+06 total bytes 25000
Flow Roce_689_0 13080 finished at 1.63699e+06 total bytes 25000
Flow Roce_968_0 14196 finished at 1.63997e+06 total bytes 25000
Flow Roce_973_0 14216 finished at 1.64433e+06 total bytes 25000
Flow Roce_972_0 14212 finished at 1.64472e+06 total bytes 25000
Flow Roce_817_0 13592 finished at 1.64648e+06 total bytes 25000
Flow Roce_530_0 12444 finished at 1.64738e+06 total bytes 25000
|Flow Roce_996_0 14308 finished at 1.65363e+06 total bytes 25000
Flow Roce_875_0 13824 finished at 1.65532e+06 total bytes 25000
Flow Roce_776_0 13428 finished at 1.65552e+06 total bytes 25000
Flow Roce_822_0 13612 finished at 1.65775e+06 total bytes 25000
Flow Roce_820_0 13604 finished at 1.66186e+06 total bytes 25000
Flow Roce_536_0 12468 finished at 1.67319e+06 total bytes 25000
Flow Roce_541_0 12488 finished at 1.67549e+06 total bytes 25000
Flow Roce_936_0 14068 finished at 1.6787e+06 total bytes 25000
Flow Roce_1009_0 14360 finished at 1.68164e+06 total bytes 25000
Flow Roce_780_0 13444 finished at 1.68285e+06 total bytes 25000
Flow Roce_777_0 13432 finished at 1.68471e+06 total bytes 25000
Flow Roce_1011_0 14368 finished at 1.68895e+06 total bytes 25000
Flow Roce_662_0 12972 finished at 1.68942e+06 total bytes 25000
Flow Roce_571_0 12608 finished at 1.6898e+06 total bytes 25000
Flow Roce_961_0 14168 finished at 1.69222e+06 total bytes 25000
Flow Roce_573_0 12616 finished at 1.69269e+06 total bytes 25000
Flow Roce_810_0 13564 finished at 1.69319e+06 total bytes 25000
Flow Roce_574_0 12620 finished at 1.69456e+06 total bytes 25000
Flow Roce_982_0 14252 finished at 1.69524e+06 total bytes 25000
Flow Roce_997_0 14312 finished at 1.69562e+06 total bytes 25000
Flow Roce_809_0 13560 finished at 1.6971e+06 total bytes 25000
Flow Roce_962_0 14172 finished at 1.69916e+06 total bytes 25000
Flow Roce_782_0 13452 finished at 1.6992e+06 total bytes 25000
Flow Roce_818_0 13596 finished at 1.69953e+06 total bytes 25000
.Flow Roce_976_0 14228 finished at 1.70131e+06 total bytes 25000
Flow Roce_695_0 13104 finished at 1.7059e+06 total bytes 25000
Flow Roce_964_0 14180 finished at 1.70844e+06 total bytes 25000
Flow Roce_978_0 14236 finished at 1.70937e+06 total bytes 25000
Flow Roce_1008_0 14356 finished at 1.71002e+06 total bytes 25000
Flow Roce_977_0 14232 finished at 1.71009e+06 total bytes 25000
Flow Roce_690_0 13084 finished at 1.71978e+06 total bytes 25000
Flow Roce_688_0 13076 finished at 1.7228e+06 total bytes 25000
Flow Roce_882_0 13852 finished at 1.72812e+06 total bytes 25000
Flow Roce_692_0 13092 finished at 1.72892e+06 total bytes 25000
Flow Roce_565_0 12584 finished at 1.73094e+06 total bytes 25000
Flow Roce_1014_0 14380 finished at 1.73194e+06 total bytes 25000
Flow Roce_1012_0 14372 finished at 1.73273e+06 total bytes 25000
Flow Roce_881_0 13848 finished at 1.73487e+06 total bytes 25000
Flow Roce_1010_0 14364 finished at 1.73519e+06 total bytes 25000
Flow Roce_913_0 13976 finished at 1.73714e+06 total bytes 25000
Flow Roce_566_0 12588 finished at 1.73872e+06 total bytes 25000
Flow Roce_967_0 14192 finished at 1.73901e+06 total bytes 25000
Flow Roce_736_0 13268 finished at 1.73957e+06 total bytes 25000
Flow Roce_983_0 14256 finished at 1.74031e+06 total bytes 25000
Flow Roce_941_0 14088 finished at 1.74032e+06 total bytes 25000
Flow Roce_823_0 13616 finished at 1.74062e+06 total bytes 25000
Flow Roce_937_0 14072 finished at 1.7415e+06 total bytes 25000
Flow Roce_821_0 13608 finished at 1.7442e+06 total bytes 25000
Flow Roce_916_0 13988 finished at 1.74529e+06 total bytes 25000
Flow Roce_658_0 12956 finished at 1.74586e+06 total bytes 25000
Flow Roce_592_0 12692 finished at 1.74652e+06 total bytes 25000
Flow Roce_520_0 12404 finished at 1.74904e+06 total bytes 25000
.Flow Roce_567_0 12592 finished at 1.75346e+06 total bytes 25000
Flow Roce_971_0 14208 finished at 1.75603e+06 total bytes 25000
Flow Roce_859_0 13760 finished at 1.76406e+06 total bytes 25000
Flow Roce_691_0 13088 finished at 1.7652e+06 total bytes 25000
Flow Roce_693_0 13096 finished at 1.76736e+06 total bytes 25000
Flow Roce_593_0 12696 finished at 1.77031e+06 total bytes 25000
Flow Roce_943_0 14096 finished at 1.7739e+06 total bytes 25000
Flow Roce_599_0 12720 finished at 1.77519e+06 total bytes 25000
Flow Roce_521_0 12408 finished at 1.77616e+06 total bytes 25000
Flow Roce_856_0 13748 finished at 1.77636e+06 total bytes 25000
Flow Roce_849_0 13720 finished at 1.77734e+06 total bytes 25000
Flow Roce_942_0 14092 finished at 1.7879e+06 total bytes 25000
Flow Roce_663_0 12976 finished at 1.78831e+06 total bytes 25000
Flow Roce_857_0 13752 finished at 1.79659e+06 total bytes 25000
Flow Roce_969_0 14200 finished at 1.79747e+06 total bytes 25000
.Flow Roce_1013_0 14376 finished at 1.80133e+06 total bytes 25000
Flow Roce_561_0 12568 finished at 1.80147e+06 total bytes 25000
Flow Roce_850_0 13724 finished at 1.80326e+06 total bytes 25000
Flow Roce_738_0 13276 finished at 1.80403e+06 total bytes 25000
Flow Roce_564_0 12580 finished at 1.80438e+06 total bytes 25000
Flow Roce_858_0 13756 finished at 1.80488e+06 total bytes 25000
Flow Roce_657_0 12952 finished at 1.80734e+06 total bytes 25000
Flow Roce_527_0 12432 finished at 1.8075e+06 total bytes 25000
Flow Roce_1015_0 14384 finished at 1.80789e+06 total bytes 25000
Flow Roce_661_0 12968 finished at 1.80856e+06 total bytes 25000
Flow Roce_742_0 13292 finished at 1.81338e+06 total bytes 25000
Flow Roce_659_0 12960 finished at 1.8136e+06 total bytes 25000
Flow Roce_892_0 13892 finished at 1.81397e+06 total bytes 25000
Flow Roce_938_0 14076 finished at 1.81609e+06 total bytes 25000
Flow Roce_656_0 12948 finished at 1.81938e+06 total bytes 25000
Flow Roce_894_0 13900 finished at 1.81979e+06 total bytes 25000
Flow Roce_889_0 13880 finished at 1.82066e+06 total bytes 25000
Flow Roce_988_0 14276 finished at 1.82262e+06 total bytes 25000
Flow Roce_970_0 14204 finished at 1.82338e+06 total bytes 25000
Flow Roce_883_0 13856 finished at 1.83051e+06 total bytes 25000
Flow Roce_524_0 12420 finished at 1.83054e+06 total bytes 25000
Flow Roce_756_0 13348 finished at 1.83292e+06 total bytes 25000
Flow Roce_880_0 13844 finished at 1.83626e+06 total bytes 25000
Flow Roce_740_0 13284 finished at 1.83697e+06 total bytes 25000
Flow Roce_965_0 14184 finished at 1.83794e+06 total bytes 25000
Flow Roce_598_0 12716 finished at 1.83865e+06 total bytes 25000
Flow Roce_987_0 14272 finished at 1.8398e+06 total bytes 25000
Flow Roce_563_0 12576 finished at 1.84053e+06 total bytes 25000
Flow Roce_861_0 13768 finished at 1.841e+06 total bytes 25000
Flow Roce_560_0 12564 finished at 1.84249e+06 total bytes 25000
Flow Roce_990_0 14284 finished at 1.84313e+06 total bytes 25000
Flow Roce_637_0 12872 finished at 1.84389e+06 total bytes 25000
Flow Roce_596_0 12708 finished at 1.84403e+06 total bytes 25000
Flow Roce_721_0 13208 finished at 1.84516e+06 total bytes 25000
Flow Roce_989_0 14280 finished at 1.84692e+06 total bytes 25000
Flow Roce_888_0 13876 finished at 1.84861e+06 total bytes 25000
.Flow Roce_991_0 14288 finished at 1.85101e+06 total bytes 25000
Flow Roce_757_0 13352 finished at 1.8542e+06 total bytes 25000
Flow Roce_759_0 13360 finished at 1.85445e+06 total bytes 25000
Flow Roce_594_0 12700 finished at 1.85741e+06 total bytes 25000
Flow Roce_562_0 12572 finished at 1.85846e+06 total bytes 25000
Flow Roce_595_0 12704 finished at 1.85874e+06 total bytes 25000
Flow Roce_597_0 12712 finished at 1.85981e+06 total bytes 25000
Flow Roce_613_0 12776 finished at 1.86212e+06 total bytes 25000
Flow Roce_792_0 13492 finished at 1.86485e+06 total bytes 25000
Flow Roce_886_0 13868 finished at 1.86883e+06 total bytes 25000
Flow Roce_660_0 12964 finished at 1.87017e+06 total bytes 25000
Flow Roce_884_0 13860 finished at 1.8711e+06 total bytes 25000
Flow Roce_725_0 13224 finished at 1.87168e+06 total bytes 25000
Flow Roce_700_0 13124 finished at 1.87327e+06 total bytes 25000
Flow Roce_618_0 12796 finished at 1.87888e+06 total bytes 25000
Flow Roce_966_0 14188 finished at 1.88192e+06 total bytes 25000
Flow Roce_699_0 13120 finished at 1.88359e+06 total bytes 25000
Flow Roce_755_0 13344 finished at 1.88468e+06 total bytes 25000
Flow Roce_890_0 13884 finished at 1.88785e+06 total bytes 25000
Flow Roce_703_0 13136 finished at 1.89191e+06 total bytes 25000
Flow Roce_610_0 12764 finished at 1.89323e+06 total bytes 25000
Flow Roce_826_0 13628 finished at 1.8933e+06 total bytes 25000
Flow Roce_917_0 13992 finished at 1.8961e+06 total bytes 25000
Flow Roce_702_0 13132 finished at 1.8965e+06 total bytes 25000
Flow Roce_831_0 13648 finished at 1.89758e+06 total bytes 25000
Flow Roce_914_0 13980 finished at 1.89901e+06 total bytes 25000
.Flow Roce_722_0 13212 finished at 1.90025e+06 total bytes 25000
Flow Roce_885_0 13864 finished at 1.90202e+06 total bytes 25000
Flow Roce_1017_0 14392 finished at 1.90661e+06 total bytes 25000
Flow Roce_724_0 13220 finished at 1.90706e+06 total bytes 25000
Flow Roce_827_0 13632 finished at 1.90729e+06 total bytes 25000
Flow Roce_723_0 13216 finished at 1.90732e+06 total bytes 25000
Flow Roce_623_0 12816 finished at 1.90801e+06 total bytes 25000
Flow Roce_636_0 12868 finished at 1.91119e+06 total bytes 25000
Flow Roce_639_0 12880 finished at 1.91215e+06 total bytes 25000
Flow Roce_829_0 13640 finished at 1.91216e+06 total bytes 25000
Flow Roce_612_0 12772 finished at 1.9124e+06 total bytes 25000
Flow Roce_919_0 14000 finished at 1.91272e+06 total bytes 25000
Flow Roce_753_0 13336 finished at 1.91305e+06 total bytes 25000
Flow Roce_1022_0 14412 finished at 1.91408e+06 total bytes 25000
Flow Roce_617_0 12792 finished at 1.91788e+06 total bytes 25000
Flow Roce_553_0 12536 finished at 1.91801e+06 total bytes 25000
Flow Roce_745_0 13304 finished at 1.91815e+06 total bytes 25000
Flow Roce_1016_0 14388 finished at 1.91876e+06 total bytes 25000
Flow Roce_726_0 13228 finished at 1.91904e+06 total bytes 25000
Flow Roce_865_0 13784 finished at 1.92078e+06 total bytes 25000
Flow Roce_584_0 12660 finished at 1.92104e+06 total bytes 25000
Flow Roce_1018_0 14396 finished at 1.92327e+06 total bytes 25000
Flow Roce_795_0 13504 finished at 1.9253e+06 total bytes 25000
Flow Roce_854_0 13740 finished at 1.92559e+06 total bytes 25000
Flow Roce_798_0 13516 finished at 1.92614e+06 total bytes 25000
Flow Roce_796_0 13508 finished at 1.92716e+06 total bytes 25000
Flow Roce_727_0 13232 finished at 1.92849e+06 total bytes 25000
Flow Roce_638_0 12876 finished at 1.92854e+06 total bytes 25000
Flow Roce_720_0 13204 finished at 1.92957e+06 total bytes 25000
Flow Roce_655_0 12944 finished at 1.92959e+06 total bytes 25000
Flow Roce_794_0 13500 finished at 1.93066e+06 total bytes 25000
Flow Roce_1023_0 14416 finished at 1.93354e+06 total bytes 25000
Flow Roce_557_0 12552 finished at 1.93371e+06 total bytes 25000
Flow Roce_853_0 13736 finished at 1.93375e+06 total bytes 25000
Flow Roce_614_0 12780 finished at 1.93469e+06 total bytes 25000
Flow Roce_963_0 14176 finished at 1.93593e+06 total bytes 25000
Flow Roce_754_0 13340 finished at 1.93669e+06 total bytes 25000
Flow Roce_869_0 13800 finished at 1.93707e+06 total bytes 25000
Flow Roce_866_0 13788 finished at 1.93845e+06 total bytes 25000
Flow Roce_960_0 14164 finished at 1.93996e+06 total bytes 25000
Flow Roce_555_0 12544 finished at 1.94088e+06 total bytes 25000
Flow Roce_650_0 12924 finished at 1.94396e+06 total bytes 25000
Flow Roce_864_0 13780 finished at 1.94473e+06 total bytes 25000
Flow Roce_548_0 12516 finished at 1.9453e+06 total bytes 25000
Flow Roce_752_0 13332 finished at 1.94539e+06 total bytes 25000
Flow Roce_619_0 12800 finished at 1.94592e+06 total bytes 25000
Flow Roce_758_0 13356 finished at 1.94761e+06 total bytes 25000
Flow Roce_519_0 12400 finished at 1.94801e+06 total bytes 25000
Flow Roce_635_0 12864 finished at 1.94837e+06 total bytes 25000
Flow Roce_761_0 13368 finished at 1.94889e+06 total bytes 25000
.Flow Roce_552_0 12532 finished at 1.95133e+06 total bytes 25000
Flow Roce_775_0 13424 finished at 1.9537e+06 total bytes 25000
Flow Roce_621_0 12808 finished at 1.95503e+06 total bytes 25000
Flow Roce_633_0 12856 finished at 1.9554e+06 total bytes 25000
Flow Roce_679_0 13040 finished at 1.95718e+06 total bytes 25000
Flow Roce_556_0 12548 finished at 1.95805e+06 total bytes 25000
Flow Roce_773_0 13416 finished at 1.95971e+06 total bytes 25000
Flow Roce_608_0 12756 finished at 1.95999e+06 total bytes 25000
Flow Roce_868_0 13796 finished at 1.96257e+06 total bytes 25000
Flow Roce_652_0 12932 finished at 1.96315e+06 total bytes 25000
Flow Roce_830_0 13644 finished at 1.96771e+06 total bytes 25000
Flow Roce_615_0 12784 finished at 1.96859e+06 total bytes 25000
Flow Roce_653_0 12936 finished at 1.96864e+06 total bytes 25000
Flow Roce_749_0 13320 finished at 1.96929e+06 total bytes 25000
Flow Roce_551_0 12528 finished at 1.97074e+06 total bytes 25000
Flow Roce_649_0 12920 finished at 1.97153e+06 total bytes 25000
Flow Roce_750_0 13324 finished at 1.97273e+06 total bytes 25000
Flow Roce_526_0 12428 finished at 1.97411e+06 total bytes 25000
Flow Roce_768_0 13396 finished at 1.97437e+06 total bytes 25000
Flow Roce_651_0 12928 finished at 1.97509e+06 total bytes 25000
Flow Roce_681_0 13048 finished at 1.97688e+06 total bytes 25000
Flow Roce_825_0 13624 finished at 1.97798e+06 total bytes 25000
Flow Roce_811_0 13568 finished at 1.97825e+06 total bytes 25000
Flow Roce_824_0 13620 finished at 1.97879e+06 total bytes 25000
Flow Roce_922_0 14012 finished at 1.97888e+06 total bytes 25000
Flow Roce_787_0 13472 finished at 1.97946e+06 total bytes 25000
Flow Roce_746_0 13308 finished at 1.97981e+06 total bytes 25000
Flow Roce_747_0 13312 finished at 1.97981e+06 total bytes 25000
Flow Roce_525_0 12424 finished at 1.98132e+06 total bytes 25000
Flow Roce_672_0 13012 finished at 1.98133e+06 total bytes 25000
Flow Roce_828_0 13636 finished at 1.98257e+06 total bytes 25000
Flow Roce_673_0 13016 finished at 1.9828e+06 total bytes 25000
Flow Roce_677_0 13032 finished at 1.98557e+06 total bytes 25000
Flow Roce_522_0 12412 finished at 1.98687e+06 total bytes 25000
Flow Roce_545_0 12504 finished at 1.98982e+06 total bytes 25000
Flow Roce_549_0 12520 finished at 1.9899e+06 total bytes 25000
Flow Roce_513_0 12376 finished at 1.9899e+06 total bytes 25000
Flow Roce_791_0 13488 finished at 1.99106e+06 total bytes 25000
Flow Roce_685_0 13064 finished at 1.99131e+06 total bytes 25000
Flow Roce_852_0 13732 finished at 1.99142e+06 total bytes 25000
Flow Roce_620_0 12804 finished at 1.99385e+06 total bytes 25000
Flow Roce_770_0 13404 finished at 1.99521e+06 total bytes 25000
Flow Roce_789_0 13480 finished at 1.99567e+06 total bytes 25000
Flow Roce_523_0 12416 finished at 1.99699e+06 total bytes 25000
Flow Roce_616_0 12788 finished at 1.99767e+06 total bytes 25000
Flow Roce_927_0 14032 finished at 1.99783e+06 total bytes 25000
Flow Roce_582_0 12652 finished at 1.99831e+06 total bytes 25000
Flow Roce_586_0 12668 finished at 1.99879e+06 total bytes 25000
Flow Roce_784_0 13460 finished at 1.99882e+06 total bytes 25000
.Flow Roce_674_0 13020 finished at 2.00009e+06 total bytes 25000
Flow Roce_934_0 14060 finished at 2.00164e+06 total bytes 25000
Flow Roce_622_0 12812 finished at 2.003e+06 total bytes 25000
Flow Roce_516_0 12388 finished at 2.00409e+06 total bytes 25000
Flow Roce_765_0 13384 finished at 2.00531e+06 total bytes 25000
Flow Roce_763_0 13376 finished at 2.00545e+06 total bytes 25000
Flow Roce_760_0 13364 finished at 2.00603e+06 total bytes 25000
Flow Roce_687_0 13072 finished at 2.00624e+06 total bytes 25000
Flow Roce_772_0 13412 finished at 2.00637e+06 total bytes 25000
Flow Roce_855_0 13744 finished at 2.00726e+06 total bytes 25000
Flow Roce_576_0 12628 finished at 2.00745e+06 total bytes 25000
Flow Roce_581_0 12648 finished at 2.00789e+06 total bytes 25000
Flow Roce_588_0 12676 finished at 2.00851e+06 total bytes 25000
Flow Roce_774_0 13420 finished at 2.00867e+06 total bytes 25000
Flow Roce_682_0 13052 finished at 2.00867e+06 total bytes 25000
Flow Roce_813_0 13576 finished at 2.00971e+06 total bytes 25000
Flow Roce_788_0 13476 finished at 2.01038e+06 total bytes 25000
Flow Roce_589_0 12680 finished at 2.01044e+06 total bytes 25000
Flow Roce_815_0 13584 finished at 2.01134e+06 total bytes 25000
Flow Roce_1000_0 14324 finished at 2.01165e+06 total bytes 25000
Flow Roce_848_0 13716 finished at 2.0136e+06 total bytes 25000
Flow Roce_1005_0 14344 finished at 2.01394e+06 total bytes 25000
Flow Roce_1002_0 14332 finished at 2.01417e+06 total bytes 25000
Flow Roce_790_0 13484 finished at 2.01438e+06 total bytes 25000
Flow Roce_684_0 13060 finished at 2.01508e+06 total bytes 25000
Flow Roce_1001_0 14328 finished at 2.01558e+06 total bytes 25000
Flow Roce_514_0 12380 finished at 2.01679e+06 total bytes 25000
Flow Roce_515_0 12384 finished at 2.01822e+06 total bytes 25000
Flow Roce_1003_0 14336 finished at 2.01854e+06 total bytes 25000
Flow Roce_921_0 14008 finished at 2.01878e+06 total bytes 25000
Flow Roce_851_0 13728 finished at 2.01928e+06 total bytes 25000
Flow Roce_764_0 13380 finished at 2.02051e+06 total bytes 25000
Flow Roce_929_0 14040 finished at 2.02058e+06 total bytes 25000
Flow Roce_808_0 13556 finished at 2.02127e+06 total bytes 25000
Flow Roce_812_0 13572 finished at 2.02279e+06 total bytes 25000
Flow Roce_786_0 13468 finished at 2.023e+06 total bytes 25000
Flow Roce_814_0 13580 finished at 2.02493e+06 total bytes 25000
Flow Roce_572_0 12612 finished at 2.02542e+06 total bytes 25000
Flow Roce_683_0 13056 finished at 2.0266e+06 total bytes 25000
Flow Roce_925_0 14024 finished at 2.02717e+06 total bytes 25000
Flow Roce_928_0 14036 finished at 2.02831e+06 total bytes 25000
Flow Roce_569_0 12600 finished at 2.02994e+06 total bytes 25000
Flow Roce_568_0 12596 finished at 2.03056e+06 total bytes 25000
Flow Roce_669_0 13000 finished at 2.03095e+06 total bytes 25000
Flow Roce_575_0 12624 finished at 2.03178e+06 total bytes 25000
Flow Roce_570_0 12604 finished at 2.03531e+06 total bytes 25000
Flow Roce_664_0 12980 finished at 2.03609e+06 total bytes 25000
Flow Roce_933_0 14056 finished at 2.04143e+06 total bytes 25000
Flow Roce_671_0 13008 finished at 2.04256e+06 total bytes 25000
Flow Roce_666_0 12988 finished at 2.04384e+06 total bytes 25000
Flow Roce_908_0 13956 finished at 2.046e+06 total bytes 25000
Flow Roce_935_0 14064 finished at 2.04939e+06 total bytes 25000
Flow Roce_665_0 12984 finished at 2.04944e+06 total bytes 25000
.Flow Roce_907_0 13952 finished at 2.0522e+06 total bytes 25000
Flow Roce_906_0 13948 finished at 2.05332e+06 total bytes 25000
Flow Roce_647_0 12912 finished at 2.05934e+06 total bytes 25000
Flow Roce_668_0 12996 finished at 2.0596e+06 total bytes 25000
Flow Roce_873_0 13816 finished at 2.06123e+06 total bytes 25000
Flow Roce_910_0 13964 finished at 2.06262e+06 total bytes 25000
Flow Roce_640_0 12884 finished at 2.06455e+06 total bytes 25000
Flow Roce_839_0 13680 finished at 2.06479e+06 total bytes 25000
Flow Roce_834_0 13660 finished at 2.06525e+06 total bytes 25000
Flow Roce_909_0 13960 finished at 2.06624e+06 total bytes 25000
Flow Roce_872_0 13812 finished at 2.06649e+06 total bytes 25000
Flow Roce_838_0 13676 finished at 2.06981e+06 total bytes 25000
Flow Roce_631_0 12848 finished at 2.07085e+06 total bytes 25000
Flow Roce_806_0 13548 finished at 2.07146e+06 total bytes 25000
Flow Roce_807_0 13552 finished at 2.07241e+06 total bytes 25000
Flow Roce_802_0 13532 finished at 2.07269e+06 total bytes 25000
Flow Roce_805_0 13544 finished at 2.07339e+06 total bytes 25000
Flow Roce_837_0 13672 finished at 2.0734e+06 total bytes 25000
Flow Roce_642_0 12892 finished at 2.07349e+06 total bytes 25000
Flow Roce_585_0 12664 finished at 2.07354e+06 total bytes 25000
Flow Roce_587_0 12672 finished at 2.0742e+06 total bytes 25000
Flow Roce_804_0 13540 finished at 2.07472e+06 total bytes 25000
Flow Roce_643_0 12896 finished at 2.07499e+06 total bytes 25000
Flow Roce_879_0 13840 finished at 2.07596e+06 total bytes 25000
Flow Roce_878_0 13836 finished at 2.07625e+06 total bytes 25000
Flow Roce_833_0 13656 finished at 2.07663e+06 total bytes 25000
Flow Roce_800_0 13524 finished at 2.07881e+06 total bytes 25000
Flow Roce_877_0 13832 finished at 2.07967e+06 total bytes 25000
Flow Roce_801_0 13528 finished at 2.0803e+06 total bytes 25000
Flow Roce_590_0 12684 finished at 2.08276e+06 total bytes 25000
Flow Roce_644_0 12900 finished at 2.0829e+06 total bytes 25000
Flow Roce_591_0 12688 finished at 2.0846e+06 total bytes 25000
Flow Roce_641_0 12888 finished at 2.08578e+06 total bytes 25000
Flow Roce_954_0 14140 finished at 2.08779e+06 total bytes 25000
Flow Roce_709_0 13160 finished at 2.08906e+06 total bytes 25000
Flow Roce_711_0 13168 finished at 2.09314e+06 total bytes 25000
Flow Roce_952_0 14132 finished at 2.0936e+06 total bytes 25000
Flow Roce_708_0 13156 finished at 2.09397e+06 total bytes 25000
Flow Roce_630_0 12844 finished at 2.09405e+06 total bytes 25000
Flow Roce_704_0 13140 finished at 2.09521e+06 total bytes 25000
Flow Roce_706_0 13148 finished at 2.09547e+06 total bytes 25000
Flow Roce_735_0 13264 finished at 2.09557e+06 total bytes 25000
Flow Roce_705_0 13144 finished at 2.09661e+06 total bytes 25000
Flow Roce_896_0 13908 finished at 2.09779e+06 total bytes 25000
Flow Roce_959_0 14160 finished at 2.09839e+06 total bytes 25000
Flow Roce_624_0 12820 finished at 2.09938e+06 total bytes 25000
Flow Roce_628_0 12836 finished at 2.09946e+06 total bytes 25000
Flow Roce_605_0 12744 finished at 2.09967e+06 total bytes 25000
.Flow Roce_603_0 12736 finished at 2.10001e+06 total bytes 25000
Flow Roce_606_0 12748 finished at 2.1001e+06 total bytes 25000
Flow Roce_953_0 14136 finished at 2.10069e+06 total bytes 25000
Flow Roce_733_0 13256 finished at 2.10143e+06 total bytes 25000
Flow Roce_732_0 13252 finished at 2.10184e+06 total bytes 25000
Flow Roce_956_0 14148 finished at 2.10188e+06 total bytes 25000
Flow Roce_901_0 13928 finished at 2.10216e+06 total bytes 25000
Flow Roce_898_0 13916 finished at 2.10224e+06 total bytes 25000
Flow Roce_897_0 13912 finished at 2.10236e+06 total bytes 25000
Flow Roce_604_0 12740 finished at 2.10242e+06 total bytes 25000
Flow Roce_729_0 13240 finished at 2.1028e+06 total bytes 25000
Flow Roce_625_0 12824 finished at 2.10343e+06 total bytes 25000
Flow Roce_629_0 12840 finished at 2.10426e+06 total bytes 25000
Flow Roce_728_0 13236 finished at 2.10428e+06 total bytes 25000
Flow Roce_607_0 12752 finished at 2.1046e+06 total bytes 25000
Flow Roce_900_0 13924 finished at 2.105e+06 total bytes 25000
Flow Roce_626_0 12828 finished at 2.10512e+06 total bytes 25000
Flow Roce_601_0 12728 finished at 2.10552e+06 total bytes 25000
Flow Roce_899_0 13920 finished at 2.10564e+06 total bytes 25000
Flow Roce_902_0 13932 finished at 2.10611e+06 total bytes 25000
Flow Roce_945_0 14104 finished at 2.10893e+06 total bytes 25000
Flow Roce_841_0 13688 finished at 2.10943e+06 total bytes 25000
Flow Roce_842_0 13692 finished at 2.1096e+06 total bytes 25000
Flow Roce_846_0 13708 finished at 2.10966e+06 total bytes 25000
Flow Roce_845_0 13704 finished at 2.11019e+06 total bytes 25000
Flow Roce_843_0 13696 finished at 2.11021e+06 total bytes 25000
Flow Roce_847_0 13712 finished at 2.11082e+06 total bytes 25000
Flow Roce_949_0 14120 finished at 2.11088e+06 total bytes 25000
Flow Roce_844_0 13700 finished at 2.11145e+06 total bytes 25000
Flow Roce_948_0 14116 finished at 2.1115e+06 total bytes 25000
Flow Roce_944_0 14100 finished at 2.11171e+06 total bytes 25000
Flow Roce_951_0 14128 finished at 2.11189e+06 total bytes 25000
Flow Roce_950_0 14124 finished at 2.11189e+06 total bytes 25000
Flow Roce_947_0 14112 finished at 2.11203e+06 total bytes 25000
New: 0 Rtx: 0
OVERFLOW_COUNT 0
