...Flow Roce_737_0 15404 finished at 151242 total bytes 4000
Flow Roce_509_0 15496 finished at 159817 total bytes 4000
Flow Roce_330_0 15500 finished at 174459 total bytes 4000
Flow Roce_776_0 14084 finished at 179050 total bytes 4000
Flow Roce_516_0 14028 finished at 180764 total bytes 4000
Flow Roce_779_0 14316 finished at 182664 total bytes 4000
Flow Roce_782_0 12960 finished at 183245 total bytes 4000
Flow Roce_367_0 13560 finished at 188801 total bytes 4000
.Flow Roce_368_0 14488 finished at 210861 total bytes 4000
Flow Roce_364_0 12504 finished at 218990 total bytes 4000
Flow Roce_366_0 15708 finished at 219788 total bytes 4000
Flow Roce_261_0 13144 finished at 224064 total bytes 4000
Flow Roce_948_0 14728 finished at 233209 total bytes 4000
Flow Roce_627_0 15128 finished at 237778 total bytes 4000
Flow Roce_628_0 15676 finished at 240787 total bytes 4000
Flow Roce_626_0 13708 finished at 240839 total bytes 4000
Flow Roce_129_0 15300 finished at 242394 total bytes 4000
Flow Roce_135_0 13384 finished at 242805 total bytes 4000
Flow Roce_133_0 15772 finished at 243098 total bytes 4000
Flow Roce_303_0 14864 finished at 243244 total bytes 4000
Flow Roce_128_0 13688 finished at 244630 total bytes 4000
.Flow Roce_497_0 15716 finished at 256521 total bytes 4000
Flow Roce_500_0 16392 finished at 256962 total bytes 4000
Flow Roce_219_0 15084 finished at 258821 total bytes 4000
Flow Roce_882_0 13100 finished at 263152 total bytes 4000
Flow Roce_300_0 13604 finished at 267335 total bytes 4000
Flow Roce_298_0 15556 finished at 267837 total bytes 4000
Flow Roce_887_0 13784 finished at 270912 total bytes 4000
Flow Roce_221_0 14656 finished at 272456 total bytes 4000
Flow Roce_97_0 16396 finished at 272566 total bytes 4000
Flow Roce_175_0 15884 finished at 275194 total bytes 4000
Flow Roce_172_0 15548 finished at 277437 total bytes 4000
Flow Roce_100_0 13372 finished at 282286 total bytes 4000
Flow Roce_657_0 13992 finished at 282715 total bytes 4000
Flow Roce_679_0 15016 finished at 283278 total bytes 4000
Flow Roce_663_0 15888 finished at 288430 total bytes 4000
Flow Roce_751_0 15932 finished at 296108 total bytes 4000
.Flow Roce_609_0 12496 finished at 300733 total bytes 4000
Flow Roce_987_0 12568 finished at 302146 total bytes 4000
Flow Roce_988_0 13968 finished at 302395 total bytes 4000
Flow Roce_986_0 14720 finished at 302686 total bytes 4000
Flow Roce_984_0 16188 finished at 303497 total bytes 4000
Flow Roce_911_0 13536 finished at 304748 total bytes 4000
Flow Roce_905_0 12784 finished at 304781 total bytes 4000
Flow Roce_904_0 16076 finished at 305422 total bytes 4000
Flow Roce_610_0 14716 finished at 306930 total bytes 4000
Flow Roce_339_0 13136 finished at 307146 total bytes 4000
Flow Roce_612_0 12996 finished at 307223 total bytes 4000
Flow Roce_459_0 14596 finished at 313460 total bytes 4000
Flow Roce_456_0 12556 finished at 315704 total bytes 4000
Flow Roce_458_0 12776 finished at 316831 total bytes 4000
Flow Roce_460_0 13164 finished at 318945 total bytes 4000
Flow Roce_926_0 15140 finished at 319024 total bytes 4000
Flow Roce_337_0 13352 finished at 324957 total bytes 4000
Flow Roce_924_0 16316 finished at 325577 total bytes 4000
Flow Roce_921_0 14856 finished at 326475 total bytes 4000
Flow Roce_923_0 15944 finished at 326912 total bytes 4000
Flow Roce_338_0 13780 finished at 327002 total bytes 4000
Flow Roce_342_0 14304 finished at 327523 total bytes 4000
Flow Roce_874_0 16052 finished at 327727 total bytes 4000
Flow Roce_877_0 13364 finished at 332972 total bytes 4000
Flow Roce_123_0 14068 finished at 334102 total bytes 4000
Flow Roce_127_0 14300 finished at 336846 total bytes 4000
Flow Roce_973_0 14228 finished at 338224 total bytes 4000
Flow Roce_464_0 15600 finished at 341529 total bytes 4000
Flow Roce_270_0 12616 finished at 341796 total bytes 4000
Flow Roce_301_0 14424 finished at 342124 total bytes 4000
Flow Roce_872_0 14392 finished at 342402 total bytes 4000
Flow Roce_268_0 13124 finished at 344528 total bytes 4000
Flow Roce_266_0 14640 finished at 344529 total bytes 4000
Flow Roce_296_0 12868 finished at 345240 total bytes 4000
Flow Roce_290_0 13376 finished at 346273 total bytes 4000
Flow Roce_302_0 15512 finished at 346671 total bytes 4000
Flow Roce_974_0 16108 finished at 346832 total bytes 4000
Flow Roce_297_0 16196 finished at 347119 total bytes 4000
Flow Roce_299_0 14976 finished at 347934 total bytes 4000
Flow Roce_231_0 15424 finished at 348589 total bytes 4000
Flow Roce_289_0 15120 finished at 348674 total bytes 4000
.Flow Roce_969_0 12724 finished at 350394 total bytes 4000
Flow Roce_117_0 15488 finished at 351970 total bytes 4000
Flow Roce_114_0 13116 finished at 352777 total bytes 4000
Flow Roce_229_0 15352 finished at 353635 total bytes 4000
Flow Roce_228_0 16248 finished at 353818 total bytes 4000
Flow Roce_470_0 15668 finished at 354047 total bytes 4000
Flow Roce_994_0 15080 finished at 361584 total bytes 4000
Flow Roce_998_0 14748 finished at 362599 total bytes 4000
Flow Roce_682_0 15156 finished at 377895 total bytes 4000
Flow Roce_684_0 14568 finished at 378598 total bytes 4000
Flow Roce_891_0 14532 finished at 380036 total bytes 4000
Flow Roce_209_0 13236 finished at 380926 total bytes 4000
Flow Roce_483_0 13320 finished at 381539 total bytes 4000
Flow Roce_214_0 14200 finished at 381792 total bytes 4000
Flow Roce_482_0 13104 finished at 381903 total bytes 4000
Flow Roce_893_0 12648 finished at 382918 total bytes 4000
Flow Roce_484_0 16416 finished at 382993 total bytes 4000
Flow Roce_888_0 12968 finished at 385452 total bytes 4000
Flow Roce_687_0 16096 finished at 387820 total bytes 4000
Flow Roce_931_0 12572 finished at 393153 total bytes 4000
Flow Roce_654_0 13856 finished at 393685 total bytes 4000
Flow Roce_87_0 15036 finished at 396030 total bytes 4000
Flow Roce_649_0 12676 finished at 396201 total bytes 4000
Flow Roce_703_0 16272 finished at 397176 total bytes 4000
Flow Roce_587_0 12464 finished at 398254 total bytes 4000
Flow Roce_198_0 12372 finished at 398594 total bytes 4000
Flow Roce_928_0 14904 finished at 399099 total bytes 4000
Flow Roce_648_0 12800 finished at 399709 total bytes 4000
.Flow Roce_193_0 15464 finished at 400222 total bytes 4000
Flow Roce_691_0 15992 finished at 401171 total bytes 4000
Flow Roce_933_0 13656 finished at 401879 total bytes 4000
Flow Roce_920_0 12884 finished at 402151 total bytes 4000
Flow Roce_73_0 15612 finished at 402194 total bytes 4000
Flow Roce_694_0 16212 finished at 402340 total bytes 4000
Flow Roce_604_0 16056 finished at 402594 total bytes 4000
Flow Roce_653_0 12480 finished at 403117 total bytes 4000
Flow Roce_695_0 15384 finished at 403227 total bytes 4000
Flow Roce_311_0 16088 finished at 404399 total bytes 4000
Flow Roce_601_0 14796 finished at 404529 total bytes 4000
Flow Roce_72_0 15552 finished at 405106 total bytes 4000
Flow Roce_80_0 13888 finished at 405703 total bytes 4000
Flow Roce_692_0 15332 finished at 405718 total bytes 4000
Flow Roce_194_0 13896 finished at 407129 total bytes 4000
Flow Roce_192_0 14564 finished at 407165 total bytes 4000
Flow Roce_922_0 13184 finished at 407297 total bytes 4000
Flow Roce_588_0 15184 finished at 407304 total bytes 4000
Flow Roce_76_0 13624 finished at 409734 total bytes 4000
Flow Roce_304_0 16140 finished at 410175 total bytes 4000
Flow Roce_929_0 12452 finished at 410250 total bytes 4000
Flow Roce_925_0 15560 finished at 410515 total bytes 4000
Flow Roce_310_0 13504 finished at 411654 total bytes 4000
Flow Roce_77_0 14504 finished at 411956 total bytes 4000
Flow Roce_584_0 15736 finished at 414126 total bytes 4000
Flow Roce_306_0 15304 finished at 414428 total bytes 4000
Flow Roce_606_0 16328 finished at 414746 total bytes 4000
Flow Roce_961_0 14080 finished at 415692 total bytes 4000
Flow Roce_693_0 14040 finished at 416436 total bytes 4000
Flow Roce_75_0 14932 finished at 417720 total bytes 4000
Flow Roce_79_0 15280 finished at 417721 total bytes 4000
Flow Roce_927_0 16004 finished at 417860 total bytes 4000
Flow Roce_827_0 12720 finished at 418020 total bytes 4000
Flow Roce_690_0 15616 finished at 418028 total bytes 4000
Flow Roce_688_0 14140 finished at 418145 total bytes 4000
Flow Roce_689_0 14520 finished at 418418 total bytes 4000
Flow Roce_74_0 12548 finished at 419381 total bytes 4000
Flow Roce_696_0 14580 finished at 419602 total bytes 4000
Flow Roce_81_0 14320 finished at 420404 total bytes 4000
Flow Roce_966_0 12972 finished at 420982 total bytes 4000
Flow Roce_78_0 13192 finished at 422064 total bytes 4000
Flow Roce_698_0 14948 finished at 422310 total bytes 4000
Flow Roce_965_0 13340 finished at 422456 total bytes 4000
Flow Roce_1022_0 14436 finished at 423060 total bytes 4000
Flow Roce_358_0 12852 finished at 426372 total bytes 4000
Flow Roce_641_0 14516 finished at 426478 total bytes 4000
Flow Roce_598_0 12824 finished at 428567 total bytes 4000
Flow Roce_520_0 16104 finished at 428883 total bytes 4000
Flow Roce_599_0 15640 finished at 428969 total bytes 4000
Flow Roce_647_0 15316 finished at 428996 total bytes 4000
Flow Roce_242_0 12792 finished at 429193 total bytes 4000
Flow Roce_592_0 15832 finished at 430605 total bytes 4000
Flow Roce_247_0 12564 finished at 431186 total bytes 4000
Flow Roce_356_0 15196 finished at 431394 total bytes 4000
Flow Roce_241_0 15048 finished at 432842 total bytes 4000
Flow Roce_735_0 13700 finished at 433420 total bytes 4000
Flow Roce_1020_0 16336 finished at 433559 total bytes 4000
Flow Roce_1019_0 16244 finished at 433686 total bytes 4000
Flow Roce_595_0 13152 finished at 434971 total bytes 4000
Flow Roce_597_0 13528 finished at 435658 total bytes 4000
Flow Roce_577_0 15100 finished at 439978 total bytes 4000
Flow Roce_579_0 15260 finished at 440180 total bytes 4000
Flow Roce_524_0 12880 finished at 441311 total bytes 4000
Flow Roce_838_0 14816 finished at 442711 total bytes 4000
Flow Roce_941_0 13344 finished at 445007 total bytes 4000
Flow Roce_939_0 16176 finished at 445009 total bytes 4000
Flow Roce_240_0 12560 finished at 447168 total bytes 4000
Flow Roce_839_0 15144 finished at 448539 total bytes 4000
Flow Roce_631_0 14496 finished at 448816 total bytes 4000
Flow Roce_937_0 15516 finished at 449938 total bytes 4000
.Flow Roce_942_0 13764 finished at 451017 total bytes 4000
Flow Roce_629_0 13332 finished at 453625 total bytes 4000
Flow Roce_1015_0 16232 finished at 454554 total bytes 4000
Flow Roce_624_0 15808 finished at 457581 total bytes 4000
Flow Roce_91_0 14108 finished at 459920 total bytes 4000
Flow Roce_800_0 12992 finished at 461861 total bytes 4000
Flow Roce_955_0 14500 finished at 462474 total bytes 4000
Flow Roce_958_0 15824 finished at 462651 total bytes 4000
Flow Roce_625_0 12836 finished at 463213 total bytes 4000
Flow Roce_274_0 14872 finished at 463962 total bytes 4000
Flow Roce_93_0 14592 finished at 464470 total bytes 4000
Flow Roce_279_0 13824 finished at 464738 total bytes 4000
Flow Roce_898_0 15064 finished at 465012 total bytes 4000
Flow Roce_276_0 15820 finished at 465139 total bytes 4000
Flow Roce_954_0 15264 finished at 465200 total bytes 4000
Flow Roce_88_0 14224 finished at 465479 total bytes 4000
Flow Roce_916_0 12788 finished at 465565 total bytes 4000
Flow Roce_630_0 15904 finished at 466042 total bytes 4000
Flow Roce_666_0 16296 finished at 466084 total bytes 4000
Flow Roce_900_0 12672 finished at 467109 total bytes 4000
Flow Roce_728_0 14896 finished at 467284 total bytes 4000
Flow Roce_919_0 12988 finished at 468053 total bytes 4000
Flow Roce_729_0 16116 finished at 468972 total bytes 4000
Flow Roce_913_0 14588 finished at 469360 total bytes 4000
Flow Roce_897_0 12920 finished at 469367 total bytes 4000
Flow Roce_801_0 14008 finished at 470319 total bytes 4000
Flow Roce_280_0 15524 finished at 470457 total bytes 4000
Flow Roce_902_0 13492 finished at 470563 total bytes 4000
Flow Roce_862_0 15320 finished at 471125 total bytes 4000
Flow Roce_855_0 13288 finished at 471981 total bytes 4000
Flow Roce_664_0 15520 finished at 472289 total bytes 4000
Flow Roce_918_0 16124 finished at 472396 total bytes 4000
Flow Roce_316_0 15916 finished at 473496 total bytes 4000
Flow Roce_896_0 13000 finished at 474236 total bytes 4000
Flow Roce_572_0 14272 finished at 474754 total bytes 4000
Flow Roce_94_0 15632 finished at 474763 total bytes 4000
Flow Roce_903_0 16280 finished at 475217 total bytes 4000
Flow Roce_95_0 14540 finished at 475487 total bytes 4000
Flow Roce_282_0 14268 finished at 475627 total bytes 4000
Flow Roce_533_0 12712 finished at 475766 total bytes 4000
Flow Roce_450_0 15976 finished at 476301 total bytes 4000
Flow Roce_859_0 14780 finished at 476520 total bytes 4000
Flow Roce_390_0 14928 finished at 476622 total bytes 4000
Flow Roce_841_0 15788 finished at 477411 total bytes 4000
Flow Roce_313_0 14432 finished at 479836 total bytes 4000
Flow Roce_667_0 13592 finished at 479944 total bytes 4000
Flow Roce_863_0 15576 finished at 480317 total bytes 4000
Flow Roce_621_0 15436 finished at 481542 total bytes 4000
Flow Roce_617_0 13812 finished at 481945 total bytes 4000
Flow Roce_901_0 12600 finished at 482472 total bytes 4000
Flow Roce_283_0 13948 finished at 482877 total bytes 4000
Flow Roce_842_0 15228 finished at 483172 total bytes 4000
Flow Roce_561_0 15068 finished at 483645 total bytes 4000
Flow Roce_286_0 13112 finished at 484037 total bytes 4000
Flow Roce_321_0 14688 finished at 484360 total bytes 4000
Flow Roce_532_0 15768 finished at 484876 total bytes 4000
Flow Roce_281_0 12888 finished at 484979 total bytes 4000
Flow Roce_850_0 16100 finished at 487610 total bytes 4000
Flow Roce_813_0 12644 finished at 487732 total bytes 4000
Flow Roce_622_0 13488 finished at 488863 total bytes 4000
Flow Roce_320_0 15480 finished at 489225 total bytes 4000
Flow Roce_806_0 15680 finished at 489492 total bytes 4000
Flow Roce_455_0 12456 finished at 489575 total bytes 4000
Flow Roce_528_0 13608 finished at 489892 total bytes 4000
Flow Roce_314_0 15288 finished at 490229 total bytes 4000
Flow Roce_623_0 16368 finished at 491853 total bytes 4000
Flow Roce_449_0 16240 finished at 492574 total bytes 4000
Flow Roce_854_0 14576 finished at 492608 total bytes 4000
Flow Roce_477_0 12640 finished at 494120 total bytes 4000
Flow Roce_323_0 14732 finished at 494368 total bytes 4000
Flow Roce_472_0 15224 finished at 497083 total bytes 4000
Flow Roce_848_0 15244 finished at 497828 total bytes 4000
Flow Roce_790_0 15864 finished at 498303 total bytes 4000
Flow Roce_319_0 13732 finished at 498560 total bytes 4000
Flow Roce_165_0 15400 finished at 498665 total bytes 4000
Flow Roce_808_0 16404 finished at 498787 total bytes 4000
.Flow Roce_899_0 14840 finished at 500984 total bytes 4000
Flow Roce_324_0 13020 finished at 501605 total bytes 4000
Flow Roce_785_0 14056 finished at 502800 total bytes 4000
Flow Roce_568_0 15732 finished at 502918 total bytes 4000
Flow Roce_474_0 13884 finished at 503757 total bytes 4000
Flow Roce_868_0 16452 finished at 504407 total bytes 4000
Flow Roce_977_0 13996 finished at 504568 total bytes 4000
Flow Roce_478_0 13596 finished at 504759 total bytes 4000
Flow Roce_448_0 13072 finished at 504789 total bytes 4000
Flow Roce_315_0 14624 finished at 504861 total bytes 4000
Flow Roce_983_0 13864 finished at 505117 total bytes 4000
Flow Roce_770_0 13556 finished at 505173 total bytes 4000
Flow Roce_979_0 16236 finished at 505626 total bytes 4000
Flow Roce_765_0 12680 finished at 507426 total bytes 4000
Flow Roce_982_0 13796 finished at 507986 total bytes 4000
Flow Roce_90_0 13220 finished at 508419 total bytes 4000
Flow Roce_68_0 13216 finished at 508590 total bytes 4000
Flow Roce_476_0 13716 finished at 508755 total bytes 4000
Flow Roce_812_0 14608 finished at 509354 total bytes 4000
Flow Roce_317_0 13204 finished at 509468 total bytes 4000
Flow Roce_768_0 13068 finished at 509675 total bytes 4000
Flow Roce_771_0 14740 finished at 509685 total bytes 4000
Flow Roce_312_0 13084 finished at 509748 total bytes 4000
Flow Roce_92_0 14600 finished at 509893 total bytes 4000
Flow Roce_565_0 15628 finished at 510241 total bytes 4000
Flow Roce_757_0 13900 finished at 510939 total bytes 4000
Flow Roce_318_0 15276 finished at 511415 total bytes 4000
Flow Roce_796_0 13788 finished at 512807 total bytes 4000
Flow Roce_767_0 14812 finished at 513252 total bytes 4000
Flow Roce_763_0 15116 finished at 514788 total bytes 4000
Flow Roce_89_0 15980 finished at 515404 total bytes 4000
Flow Roce_161_0 15112 finished at 515764 total bytes 4000
Flow Roce_791_0 14036 finished at 515821 total bytes 4000
Flow Roce_717_0 13484 finished at 515958 total bytes 4000
Flow Roce_380_0 15940 finished at 516064 total bytes 4000
Flow Roce_479_0 12832 finished at 516364 total bytes 4000
Flow Roce_978_0 14132 finished at 516920 total bytes 4000
Flow Roce_794_0 13308 finished at 517061 total bytes 4000
Flow Roce_407_0 15416 finished at 517351 total bytes 4000
Flow Roce_560_0 12388 finished at 517572 total bytes 4000
Flow Roce_769_0 12740 finished at 517622 total bytes 4000
Flow Roce_981_0 14632 finished at 517637 total bytes 4000
Flow Roce_267_0 13016 finished at 517878 total bytes 4000
Flow Roce_867_0 16068 finished at 518358 total bytes 4000
Flow Roce_685_0 14136 finished at 518394 total bytes 4000
Flow Roce_387_0 13172 finished at 518408 total bytes 4000
Flow Roce_665_0 15344 finished at 518433 total bytes 4000
Flow Roce_976_0 13408 finished at 518807 total bytes 4000
Flow Roce_271_0 14104 finished at 518854 total bytes 4000
Flow Roce_488_0 12636 finished at 519096 total bytes 4000
Flow Roce_680_0 15972 finished at 519143 total bytes 4000
Flow Roce_383_0 14348 finished at 519848 total bytes 4000
Flow Roce_384_0 15984 finished at 519858 total bytes 4000
Flow Roce_861_0 15948 finished at 519949 total bytes 4000
Flow Roce_795_0 15996 finished at 520329 total bytes 4000
Flow Roce_705_0 12436 finished at 520483 total bytes 4000
Flow Roce_816_0 14820 finished at 520661 total bytes 4000
Flow Roce_668_0 16412 finished at 521166 total bytes 4000
Flow Roce_265_0 15460 finished at 521232 total bytes 4000
Flow Roce_381_0 13128 finished at 521282 total bytes 4000
Flow Roce_264_0 13904 finished at 521349 total bytes 4000
Flow Roce_269_0 13816 finished at 521442 total bytes 4000
Flow Roce_411_0 13988 finished at 521537 total bytes 4000
Flow Roce_821_0 12512 finished at 522669 total bytes 4000
Flow Roce_772_0 13876 finished at 524850 total bytes 4000
Flow Roce_707_0 13108 finished at 525153 total bytes 4000
Flow Roce_755_0 15000 finished at 525232 total bytes 4000
Flow Roce_681_0 16020 finished at 525293 total bytes 4000
Flow Roce_865_0 12688 finished at 525621 total bytes 4000
Flow Roce_564_0 15644 finished at 525766 total bytes 4000
Flow Roce_864_0 12532 finished at 525834 total bytes 4000
Flow Roce_669_0 13180 finished at 526021 total bytes 4000
Flow Roce_858_0 16180 finished at 526820 total bytes 4000
Flow Roce_871_0 15812 finished at 527347 total bytes 4000
Flow Roce_590_0 15328 finished at 529055 total bytes 4000
Flow Roce_710_0 13516 finished at 529337 total bytes 4000
Flow Roce_382_0 13684 finished at 529915 total bytes 4000
Flow Roce_715_0 12376 finished at 530068 total bytes 4000
Flow Roce_774_0 15588 finished at 530174 total bytes 4000
Flow Roce_670_0 14972 finished at 530176 total bytes 4000
Flow Roce_756_0 15988 finished at 530220 total bytes 4000
Flow Roce_65_0 16440 finished at 530396 total bytes 4000
Flow Roce_191_0 16156 finished at 530418 total bytes 4000
Flow Roce_586_0 12768 finished at 530813 total bytes 4000
Flow Roce_671_0 13580 finished at 531284 total bytes 4000
Flow Roce_445_0 12424 finished at 531378 total bytes 4000
Flow Roce_822_0 16448 finished at 531596 total bytes 4000
Flow Roce_235_0 16332 finished at 531654 total bytes 4000
Flow Roce_491_0 13952 finished at 531831 total bytes 4000
Flow Roce_238_0 15848 finished at 532054 total bytes 4000
Flow Roce_686_0 14064 finished at 532540 total bytes 4000
Flow Roce_232_0 13280 finished at 532743 total bytes 4000
Flow Roce_759_0 15784 finished at 532749 total bytes 4000
Flow Roce_494_0 12416 finished at 532901 total bytes 4000
Flow Roce_683_0 12412 finished at 533048 total bytes 4000
Flow Roce_866_0 14248 finished at 533403 total bytes 4000
Flow Roce_562_0 16008 finished at 533849 total bytes 4000
Flow Roce_719_0 14404 finished at 533999 total bytes 4000
Flow Roce_860_0 14832 finished at 534081 total bytes 4000
Flow Roce_713_0 16352 finished at 534212 total bytes 4000
Flow Roce_869_0 15908 finished at 534242 total bytes 4000
Flow Roce_188_0 14636 finished at 534322 total bytes 4000
Flow Roce_591_0 13432 finished at 536725 total bytes 4000
Flow Roce_799_0 12752 finished at 537064 total bytes 4000
Flow Roce_819_0 14888 finished at 537134 total bytes 4000
Flow Roce_70_0 13520 finished at 537761 total bytes 4000
Flow Roce_870_0 13924 finished at 537864 total bytes 4000
Flow Roce_857_0 13972 finished at 538134 total bytes 4000
Flow Roce_743_0 14188 finished at 538356 total bytes 4000
Flow Roce_856_0 16380 finished at 538518 total bytes 4000
Flow Roce_773_0 15592 finished at 539634 total bytes 4000
Flow Roce_71_0 14172 finished at 539714 total bytes 4000
Flow Roce_379_0 13600 finished at 539964 total bytes 4000
Flow Roce_559_0 13256 finished at 539970 total bytes 4000
Flow Roce_585_0 14892 finished at 540181 total bytes 4000
Flow Roce_83_0 12612 finished at 540235 total bytes 4000
Flow Roce_475_0 12828 finished at 540254 total bytes 4000
Flow Roce_84_0 14876 finished at 540773 total bytes 4000
Flow Roce_166_0 14788 finished at 540775 total bytes 4000
Flow Roce_131_0 13808 finished at 541196 total bytes 4000
Flow Roce_185_0 13284 finished at 541489 total bytes 4000
Flow Roce_400_0 16376 finished at 541557 total bytes 4000
Flow Roce_558_0 15376 finished at 541560 total bytes 4000
Flow Roce_567_0 16228 finished at 541573 total bytes 4000
Flow Roce_412_0 15124 finished at 541859 total bytes 4000
Flow Roce_980_0 14192 finished at 542205 total bytes 4000
Flow Roce_655_0 13156 finished at 542360 total bytes 4000
Flow Roce_453_0 13208 finished at 542472 total bytes 4000
Flow Roce_650_0 14360 finished at 543120 total bytes 4000
Flow Roce_736_0 12396 finished at 543390 total bytes 4000
Flow Roce_658_0 16164 finished at 543516 total bytes 4000
Flow Roce_661_0 14512 finished at 543746 total bytes 4000
Flow Roce_473_0 13620 finished at 543790 total bytes 4000
Flow Roce_651_0 15652 finished at 543822 total bytes 4000
Flow Roce_652_0 13048 finished at 544017 total bytes 4000
Flow Roce_86_0 15608 finished at 544155 total bytes 4000
Flow Roce_1006_0 12956 finished at 544313 total bytes 4000
Flow Roce_659_0 14212 finished at 544441 total bytes 4000
Flow Roce_563_0 14144 finished at 544511 total bytes 4000
Flow Roce_82_0 13980 finished at 544878 total bytes 4000
Flow Roce_85_0 13940 finished at 544926 total bytes 4000
Flow Roce_1000_0 14164 finished at 545027 total bytes 4000
Flow Roce_327_0 13844 finished at 545171 total bytes 4000
Flow Roce_589_0 14628 finished at 545178 total bytes 4000
Flow Roce_566_0 13436 finished at 545276 total bytes 4000
Flow Roce_451_0 14160 finished at 545349 total bytes 4000
Flow Roce_326_0 16312 finished at 545394 total bytes 4000
Flow Roce_202_0 13852 finished at 545569 total bytes 4000
Flow Roce_287_0 14032 finished at 546254 total bytes 4000
Flow Roce_820_0 14180 finished at 546577 total bytes 4000
Flow Roce_189_0 13984 finished at 547418 total bytes 4000
Flow Roce_440_0 15088 finished at 547700 total bytes 4000
Flow Roce_739_0 16340 finished at 548060 total bytes 4000
Flow Roce_200_0 13268 finished at 548120 total bytes 4000
Flow Roce_907_0 14776 finished at 548657 total bytes 4000
Flow Roce_775_0 14792 finished at 548742 total bytes 4000
Flow Roce_742_0 16148 finished at 549632 total bytes 4000
|Flow Roce_741_0 13324 finished at 550054 total bytes 4000
Flow Roce_432_0 15468 finished at 550169 total bytes 4000
Flow Roce_130_0 14420 finished at 550255 total bytes 4000
Flow Roce_322_0 13804 finished at 550462 total bytes 4000
Flow Roce_1004_0 14276 finished at 550885 total bytes 4000
Flow Roce_740_0 13616 finished at 550896 total bytes 4000
Flow Roce_67_0 15044 finished at 551136 total bytes 4000
Flow Roce_662_0 13880 finished at 551231 total bytes 4000
Flow Roce_660_0 13176 finished at 551569 total bytes 4000
Flow Roce_738_0 12764 finished at 551605 total bytes 4000
Flow Roce_1002_0 15152 finished at 551614 total bytes 4000
Flow Roce_656_0 12460 finished at 551815 total bytes 4000
Flow Roce_1001_0 15176 finished at 552071 total bytes 4000
Flow Roce_443_0 15432 finished at 552715 total bytes 4000
Flow Roce_557_0 14012 finished at 552897 total bytes 4000
Flow Roce_810_0 13044 finished at 553176 total bytes 4000
Flow Roce_427_0 16184 finished at 554718 total bytes 4000
Flow Roce_752_0 14336 finished at 554964 total bytes 4000
Flow Roce_720_0 16000 finished at 555301 total bytes 4000
Flow Roce_726_0 13356 finished at 555602 total bytes 4000
Flow Roce_205_0 15860 finished at 556801 total bytes 4000
Flow Roce_187_0 12904 finished at 556905 total bytes 4000
Flow Roce_895_0 13448 finished at 556992 total bytes 4000
Flow Roce_64_0 13912 finished at 557276 total bytes 4000
Flow Roce_727_0 13028 finished at 557362 total bytes 4000
Flow Roce_990_0 15172 finished at 557389 total bytes 4000
Flow Roce_190_0 15564 finished at 557452 total bytes 4000
Flow Roce_325_0 14672 finished at 558982 total bytes 4000
Flow Roce_203_0 14236 finished at 559363 total bytes 4000
Flow Roce_132_0 12748 finished at 559458 total bytes 4000
Flow Roce_890_0 12848 finished at 559633 total bytes 4000
Flow Roce_447_0 12584 finished at 559938 total bytes 4000
Flow Roce_815_0 14952 finished at 559943 total bytes 4000
Flow Roce_184_0 14448 finished at 560086 total bytes 4000
Flow Roce_643_0 14808 finished at 560192 total bytes 4000
Flow Roce_522_0 15212 finished at 560195 total bytes 4000
Flow Roce_908_0 15504 finished at 560259 total bytes 4000
Flow Roce_909_0 13832 finished at 560317 total bytes 4000
Flow Roce_596_0 14652 finished at 560948 total bytes 4000
Flow Roce_444_0 16372 finished at 560973 total bytes 4000
Flow Roce_985_0 15340 finished at 561884 total bytes 4000
Flow Roce_182_0 15648 finished at 562086 total bytes 4000
Flow Roce_454_0 13956 finished at 562255 total bytes 4000
Flow Roce_452_0 13660 finished at 562281 total bytes 4000
Flow Roce_809_0 15136 finished at 563826 total bytes 4000
Flow Roce_814_0 15540 finished at 565031 total bytes 4000
Flow Roce_103_0 16160 finished at 565211 total bytes 4000
Flow Roce_481_0 15924 finished at 565318 total bytes 4000
Flow Roce_811_0 15284 finished at 565889 total bytes 4000
Flow Roce_486_0 15492 finished at 566214 total bytes 4000
Flow Roce_408_0 12668 finished at 566258 total bytes 4000
Flow Roce_910_0 15852 finished at 566770 total bytes 4000
Flow Roce_754_0 14168 finished at 566904 total bytes 4000
Flow Roce_134_0 15252 finished at 566963 total bytes 4000
Flow Roce_480_0 12448 finished at 567398 total bytes 4000
Flow Roce_204_0 14620 finished at 567699 total bytes 4000
Flow Roce_183_0 13584 finished at 567712 total bytes 4000
Flow Roce_646_0 15368 finished at 568177 total bytes 4000
Flow Roce_428_0 13188 finished at 568902 total bytes 4000
Flow Roce_642_0 13052 finished at 569488 total bytes 4000
Flow Roce_644_0 13440 finished at 569505 total bytes 4000
Flow Roce_892_0 13196 finished at 569632 total bytes 4000
Flow Roce_645_0 16152 finished at 569908 total bytes 4000
Flow Roce_786_0 16360 finished at 570566 total bytes 4000
Flow Roce_784_0 12820 finished at 570824 total bytes 4000
Flow Roce_793_0 14996 finished at 570853 total bytes 4000
Flow Roce_186_0 15636 finished at 570958 total bytes 4000
Flow Roce_894_0 12932 finished at 571426 total bytes 4000
Flow Roce_527_0 15840 finished at 571579 total bytes 4000
Flow Roce_96_0 12524 finished at 571676 total bytes 4000
Flow Roce_551_0 13792 finished at 571789 total bytes 4000
Flow Roce_818_0 14340 finished at 571852 total bytes 4000
Flow Roce_640_0 15568 finished at 571866 total bytes 4000
Flow Roce_485_0 13064 finished at 572185 total bytes 4000
Flow Roce_487_0 14004 finished at 572205 total bytes 4000
Flow Roce_284_0 14844 finished at 572442 total bytes 4000
Flow Roce_285_0 13328 finished at 572570 total bytes 4000
Flow Roce_102_0 15192 finished at 572993 total bytes 4000
Flow Roce_252_0 14552 finished at 573046 total bytes 4000
Flow Roce_792_0 13080 finished at 573389 total bytes 4000
Flow Roce_991_0 12404 finished at 573431 total bytes 4000
Flow Roce_889_0 14648 finished at 573457 total bytes 4000
Flow Roce_433_0 16264 finished at 573469 total bytes 4000
Flow Roce_216_0 13576 finished at 573798 total bytes 4000
Flow Roce_832_0 13428 finished at 573900 total bytes 4000
Flow Roce_615_0 15664 finished at 573947 total bytes 4000
Flow Roce_510_0 13588 finished at 574294 total bytes 4000
Flow Roce_457_0 16348 finished at 574460 total bytes 4000
Flow Roce_490_0 13756 finished at 574467 total bytes 4000
Flow Roce_253_0 14616 finished at 574499 total bytes 4000
Flow Roce_249_0 16040 finished at 574794 total bytes 4000
Flow Roce_99_0 15076 finished at 574994 total bytes 4000
Flow Roce_463_0 14380 finished at 575274 total bytes 4000
Flow Roce_787_0 14508 finished at 575342 total bytes 4000
Flow Roce_789_0 14408 finished at 575459 total bytes 4000
Flow Roce_462_0 15356 finished at 575502 total bytes 4000
Flow Roce_906_0 15180 finished at 575574 total bytes 4000
Flow Roce_548_0 15060 finished at 575748 total bytes 4000
Flow Roce_972_0 12812 finished at 575980 total bytes 4000
Flow Roce_101_0 12980 finished at 576121 total bytes 4000
Flow Roce_521_0 15968 finished at 576432 total bytes 4000
Flow Roce_636_0 14852 finished at 576704 total bytes 4000
Flow Roce_758_0 12468 finished at 576766 total bytes 4000
Flow Roce_115_0 14664 finished at 576901 total bytes 4000
Flow Roce_176_0 15220 finished at 577302 total bytes 4000
Flow Roce_218_0 15296 finished at 577316 total bytes 4000
Flow Roce_968_0 16324 finished at 577481 total bytes 4000
Flow Roce_201_0 13260 finished at 577502 total bytes 4000
Flow Roce_834_0 14152 finished at 577541 total bytes 4000
Flow Roce_461_0 16420 finished at 578000 total bytes 4000
Flow Roce_613_0 12716 finished at 578106 total bytes 4000
Flow Roce_441_0 13632 finished at 578626 total bytes 4000
Flow Roce_442_0 14308 finished at 578626 total bytes 4000
Flow Roce_547_0 13908 finished at 578967 total bytes 4000
Flow Roce_113_0 15572 finished at 579086 total bytes 4000
Flow Roce_507_0 12520 finished at 579125 total bytes 4000
Flow Roce_119_0 14784 finished at 579861 total bytes 4000
Flow Roce_248_0 14772 finished at 580571 total bytes 4000
Flow Roce_788_0 12484 finished at 580579 total bytes 4000
Flow Roce_108_0 12756 finished at 580785 total bytes 4000
Flow Roce_525_0 15780 finished at 580961 total bytes 4000
Flow Roce_1017_0 15624 finished at 581192 total bytes 4000
Flow Roce_523_0 15444 finished at 581352 total bytes 4000
Flow Roce_1010_0 15072 finished at 581607 total bytes 4000
Flow Roce_639_0 15684 finished at 581717 total bytes 4000
Flow Roce_836_0 14184 finished at 581736 total bytes 4000
Flow Roce_833_0 15712 finished at 582057 total bytes 4000
Flow Roce_206_0 15200 finished at 582374 total bytes 4000
Flow Roce_112_0 15456 finished at 582833 total bytes 4000
Flow Roce_614_0 12844 finished at 583125 total bytes 4000
Flow Roce_207_0 12696 finished at 583270 total bytes 4000
Flow Roce_540_0 13820 finished at 583357 total bytes 4000
Flow Roce_495_0 13564 finished at 583419 total bytes 4000
Flow Roce_110_0 14428 finished at 583425 total bytes 4000
Flow Roce_1013_0 14696 finished at 583955 total bytes 4000
Flow Roce_156_0 12408 finished at 584016 total bytes 4000
Flow Roce_109_0 13724 finished at 584396 total bytes 4000
Flow Roce_708_0 15108 finished at 584427 total bytes 4000
Flow Roce_711_0 14456 finished at 584447 total bytes 4000
Flow Roce_638_0 15216 finished at 584571 total bytes 4000
Flow Roce_999_0 13012 finished at 584858 total bytes 4000
Flow Roce_817_0 16032 finished at 585053 total bytes 4000
Flow Roce_493_0 15744 finished at 585190 total bytes 4000
Flow Roce_222_0 16268 finished at 585296 total bytes 4000
Flow Roce_178_0 16016 finished at 585344 total bytes 4000
Flow Roce_511_0 12628 finished at 585611 total bytes 4000
Flow Roce_753_0 15312 finished at 585670 total bytes 4000
Flow Roce_504_0 12400 finished at 586132 total bytes 4000
Flow Roce_526_0 13360 finished at 586180 total bytes 4000
Flow Roce_505_0 15164 finished at 586197 total bytes 4000
Flow Roce_823_0 12704 finished at 586350 total bytes 4000
Flow Roce_632_0 14460 finished at 586535 total bytes 4000
Flow Roce_996_0 13200 finished at 586586 total bytes 4000
Flow Roce_223_0 15232 finished at 586628 total bytes 4000
Flow Roce_116_0 14072 finished at 586660 total bytes 4000
Flow Roce_970_0 13768 finished at 586758 total bytes 4000
Flow Roce_611_0 12892 finished at 586779 total bytes 4000
Flow Roce_489_0 14736 finished at 586842 total bytes 4000
Flow Roce_436_0 14252 finished at 586895 total bytes 4000
Flow Roce_989_0 13736 finished at 587095 total bytes 4000
Flow Roce_508_0 16428 finished at 587437 total bytes 4000
Flow Roce_492_0 16044 finished at 587620 total bytes 4000
Flow Roce_593_0 15896 finished at 587871 total bytes 4000
Flow Roce_426_0 14048 finished at 587936 total bytes 4000
Flow Roce_992_0 12924 finished at 588374 total bytes 4000
Flow Roce_594_0 14956 finished at 588568 total bytes 4000
Flow Roce_975_0 14328 finished at 588630 total bytes 4000
Flow Roce_98_0 13672 finished at 588694 total bytes 4000
Flow Roce_250_0 14524 finished at 588811 total bytes 4000
Flow Roce_446_0 14760 finished at 588943 total bytes 4000
Flow Roce_118_0 14912 finished at 589075 total bytes 4000
Flow Roce_835_0 14312 finished at 589158 total bytes 4000
Flow Roce_506_0 14484 finished at 589182 total bytes 4000
Flow Roce_797_0 15764 finished at 589357 total bytes 4000
Flow Roce_217_0 13252 finished at 589506 total bytes 4000
Flow Roce_837_0 15056 finished at 589740 total bytes 4000
Flow Roce_633_0 14756 finished at 590514 total bytes 4000
Flow Roce_853_0 12944 finished at 590524 total bytes 4000
Flow Roce_158_0 14476 finished at 590968 total bytes 4000
Flow Roce_700_0 13232 finished at 591099 total bytes 4000
Flow Roce_220_0 12488 finished at 591345 total bytes 4000
Flow Roce_608_0 15900 finished at 592343 total bytes 4000
Flow Roce_701_0 13512 finished at 592543 total bytes 4000
Flow Roce_709_0 14900 finished at 592763 total bytes 4000
Flow Roce_637_0 14284 finished at 592852 total bytes 4000
Flow Roce_699_0 13296 finished at 593246 total bytes 4000
Flow Roce_697_0 14960 finished at 593299 total bytes 4000
Flow Roce_152_0 13696 finished at 593521 total bytes 4000
Flow Roce_702_0 13752 finished at 593765 total bytes 4000
Flow Roce_251_0 14536 finished at 594145 total bytes 4000
Flow Roce_634_0 12580 finished at 594229 total bytes 4000
Flow Roce_635_0 14744 finished at 594938 total bytes 4000
Flow Roce_1011_0 13772 finished at 594939 total bytes 4000
Flow Roce_1016_0 12700 finished at 595435 total bytes 4000
Flow Roce_676_0 15816 finished at 596063 total bytes 4000
Flow Roce_675_0 14400 finished at 596595 total bytes 4000
Flow Roce_197_0 13836 finished at 596597 total bytes 4000
Flow Roce_706_0 13416 finished at 596746 total bytes 4000
Flow Roce_993_0 16120 finished at 597569 total bytes 4000
Flow Roce_414_0 16028 finished at 597815 total bytes 4000
Flow Roce_1023_0 12392 finished at 597988 total bytes 4000
Flow Roce_539_0 13728 finished at 598219 total bytes 4000
Flow Roce_971_0 15536 finished at 598246 total bytes 4000
Flow Roce_154_0 14444 finished at 598723 total bytes 4000
Flow Roce_336_0 15104 finished at 598861 total bytes 4000
Flow Roce_798_0 15960 finished at 598967 total bytes 4000
Flow Roce_851_0 14220 finished at 599280 total bytes 4000
Flow Roce_1018_0 14680 finished at 599464 total bytes 4000
.Flow Roce_1021_0 12780 finished at 600419 total bytes 4000
Flow Roce_995_0 15396 finished at 600443 total bytes 4000
Flow Roce_499_0 13452 finished at 600534 total bytes 4000
Flow Roce_496_0 12440 finished at 600899 total bytes 4000
Flow Roce_254_0 14060 finished at 601071 total bytes 4000
Flow Roce_501_0 14964 finished at 601211 total bytes 4000
Flow Roce_673_0 15528 finished at 601828 total bytes 4000
Flow Roce_196_0 13760 finished at 601910 total bytes 4000
Flow Roce_255_0 12744 finished at 602536 total bytes 4000
Flow Roce_849_0 14492 finished at 602553 total bytes 4000
Flow Roce_677_0 12444 finished at 602828 total bytes 4000
Flow Roce_674_0 12608 finished at 602972 total bytes 4000
Flow Roce_672_0 13540 finished at 603513 total bytes 4000
Flow Roce_69_0 13040 finished at 603959 total bytes 4000
Flow Roce_543_0 13024 finished at 604254 total bytes 4000
Flow Roce_678_0 13404 finished at 604399 total bytes 4000
Flow Roce_199_0 15168 finished at 604407 total bytes 4000
Flow Roce_66_0 14676 finished at 604538 total bytes 4000
Flow Roce_541_0 16252 finished at 604664 total bytes 4000
Flow Roce_704_0 12476 finished at 604878 total bytes 4000
Flow Roce_997_0 13676 finished at 604977 total bytes 4000
Flow Roce_195_0 16092 finished at 605032 total bytes 4000
Flow Roce_852_0 12508 finished at 605170 total bytes 4000
Flow Roce_343_0 14548 finished at 605268 total bytes 4000
Flow Roce_1014_0 16204 finished at 605576 total bytes 4000
Flow Roce_224_0 13500 finished at 606116 total bytes 4000
Flow Roce_410_0 12516 finished at 606670 total bytes 4000
Flow Roce_409_0 14684 finished at 607111 total bytes 4000
Flow Roce_225_0 16208 finished at 607158 total bytes 4000
Flow Roce_430_0 13740 finished at 607942 total bytes 4000
Flow Roce_415_0 15844 finished at 607952 total bytes 4000
Flow Roce_413_0 13336 finished at 608885 total bytes 4000
Flow Roce_246_0 14800 finished at 610174 total bytes 4000
Flow Roce_429_0 14232 finished at 610359 total bytes 4000
Flow Roce_502_0 15936 finished at 610505 total bytes 4000
Flow Roce_425_0 16024 finished at 610740 total bytes 4000
Flow Roce_431_0 14356 finished at 610751 total bytes 4000
Flow Roce_230_0 14884 finished at 611681 total bytes 4000
Flow Roce_424_0 15720 finished at 611700 total bytes 4000
Flow Roce_244_0 12500 finished at 611764 total bytes 4000
Flow Roce_405_0 15336 finished at 612331 total bytes 4000
Flow Roce_377_0 14992 finished at 613430 total bytes 4000
Flow Roce_406_0 13976 finished at 614369 total bytes 4000
Flow Roce_227_0 13472 finished at 614507 total bytes 4000
Flow Roce_340_0 15672 finished at 614841 total bytes 4000
Flow Roce_419_0 13748 finished at 616857 total bytes 4000
Flow Roce_226_0 15372 finished at 616976 total bytes 4000
Flow Roce_403_0 16060 finished at 617952 total bytes 4000
Flow Roce_211_0 15756 finished at 617977 total bytes 4000
Flow Roce_402_0 13420 finished at 618043 total bytes 4000
Flow Roce_376_0 16012 finished at 618052 total bytes 4000
Flow Roce_341_0 16128 finished at 618441 total bytes 4000
Flow Roce_378_0 13928 finished at 618609 total bytes 4000
Flow Roce_503_0 14156 finished at 618965 total bytes 4000
Flow Roce_365_0 14644 finished at 619486 total bytes 4000
Flow Roce_619_0 14968 finished at 620087 total bytes 4000
Flow Roce_938_0 14944 finished at 620097 total bytes 4000
Flow Roce_210_0 13704 finished at 620469 total bytes 4000
Flow Roce_349_0 14984 finished at 621315 total bytes 4000
Flow Roce_803_0 15792 finished at 621435 total bytes 4000
Flow Roce_361_0 12864 finished at 621644 total bytes 4000
Flow Roce_936_0 14296 finished at 621928 total bytes 4000
Flow Roce_620_0 12528 finished at 621985 total bytes 4000
Flow Roce_1009_0 13400 finished at 622778 total bytes 4000
Flow Roce_362_0 15828 finished at 622829 total bytes 4000
Flow Roce_344_0 13304 finished at 622948 total bytes 4000
Flow Roce_915_0 16384 finished at 624025 total bytes 4000
Flow Roce_466_0 15508 finished at 624127 total bytes 4000
Flow Roce_618_0 12928 finished at 624427 total bytes 4000
Flow Roce_959_0 14980 finished at 624979 total bytes 4000
Flow Roce_912_0 14452 finished at 625033 total bytes 4000
Flow Roce_953_0 14240 finished at 625317 total bytes 4000
Flow Roce_616_0 14704 finished at 625355 total bytes 4000
Flow Roce_545_0 13664 finished at 625419 total bytes 4000
Flow Roce_401_0 14692 finished at 625506 total bytes 4000
Flow Roce_932_0 13240 finished at 626308 total bytes 4000
Flow Roce_213_0 14724 finished at 626415 total bytes 4000
Flow Roce_215_0 16400 finished at 626425 total bytes 4000
Flow Roce_212_0 14416 finished at 626789 total bytes 4000
Flow Roce_805_0 14804 finished at 627483 total bytes 4000
Flow Roce_208_0 12660 finished at 627669 total bytes 4000
Flow Roce_952_0 14216 finished at 628350 total bytes 4000
Flow Roce_1012_0 14352 finished at 628871 total bytes 4000
Flow Roce_550_0 14464 finished at 628941 total bytes 4000
Flow Roce_514_0 14468 finished at 629144 total bytes 4000
Flow Roce_603_0 14116 finished at 629988 total bytes 4000
Flow Roce_439_0 13248 finished at 630019 total bytes 4000
Flow Roce_10_0 16288 finished at 630033 total bytes 4000
Flow Roce_549_0 13508 finished at 630086 total bytes 4000
Flow Roce_146_0 13628 finished at 630370 total bytes 4000
Flow Roce_544_0 14472 finished at 630400 total bytes 4000
Flow Roce_243_0 12380 finished at 630490 total bytes 4000
Flow Roce_50_0 12656 finished at 630804 total bytes 4000
Flow Roce_498_0 13348 finished at 630974 total bytes 4000
Flow Roce_245_0 12796 finished at 631099 total bytes 4000
Flow Roce_49_0 15292 finished at 631152 total bytes 4000
Flow Roce_260_0 15452 finished at 631200 total bytes 4000
Flow Roce_1008_0 15440 finished at 631321 total bytes 4000
Flow Roce_845_0 13444 finished at 631327 total bytes 4000
Flow Roce_422_0 13776 finished at 631598 total bytes 4000
Flow Roce_420_0 12432 finished at 631600 total bytes 4000
Flow Roce_437_0 15752 finished at 631672 total bytes 4000
Flow Roce_45_0 15920 finished at 631703 total bytes 4000
Flow Roce_404_0 15892 finished at 631744 total bytes 4000
Flow Roce_546_0 15052 finished at 632248 total bytes 4000
Flow Roce_258_0 13496 finished at 632389 total bytes 4000
Flow Roce_159_0 12732 finished at 632763 total bytes 4000
Flow Roce_802_0 14324 finished at 632949 total bytes 4000
Flow Roce_350_0 14916 finished at 632965 total bytes 4000
Flow Roce_934_0 12804 finished at 633002 total bytes 4000
Flow Roce_58_0 15748 finished at 633067 total bytes 4000
Flow Roce_580_0 14880 finished at 633079 total bytes 4000
Flow Roce_18_0 15604 finished at 633092 total bytes 4000
Flow Roce_105_0 16320 finished at 633135 total bytes 4000
Flow Roce_23_0 16304 finished at 633699 total bytes 4000
Flow Roce_355_0 15700 finished at 634148 total bytes 4000
Flow Roce_57_0 12952 finished at 634174 total bytes 4000
Flow Roce_438_0 13168 finished at 634660 total bytes 4000
Flow Roce_8_0 12940 finished at 635302 total bytes 4000
Flow Roce_25_0 15484 finished at 635593 total bytes 4000
Flow Roce_555_0 16292 finished at 635602 total bytes 4000
Flow Roce_30_0 16388 finished at 635644 total bytes 4000
Flow Roce_607_0 12936 finished at 635761 total bytes 4000
Flow Roce_12_0 13160 finished at 636070 total bytes 4000
Flow Roce_4_0 14112 finished at 636161 total bytes 4000
Flow Roce_104_0 14544 finished at 636178 total bytes 4000
Flow Roce_840_0 13456 finished at 636239 total bytes 4000
Flow Roce_1003_0 13264 finished at 636347 total bytes 4000
Flow Roce_360_0 13936 finished at 636400 total bytes 4000
Flow Roce_371_0 12736 finished at 636438 total bytes 4000
Flow Roce_369_0 13868 finished at 636453 total bytes 4000
Flow Roce_51_0 12808 finished at 636470 total bytes 4000
Flow Roce_7_0 13532 finished at 636618 total bytes 4000
Flow Roce_582_0 13544 finished at 636663 total bytes 4000
Flow Roce_880_0 13552 finished at 636717 total bytes 4000
Flow Roce_257_0 14660 finished at 636900 total bytes 4000
Flow Roce_345_0 14368 finished at 637102 total bytes 4000
Flow Roce_876_0 14584 finished at 637160 total bytes 4000
Flow Roce_375_0 14076 finished at 637183 total bytes 4000
Flow Roce_56_0 13548 finished at 637716 total bytes 4000
Flow Roce_578_0 14860 finished at 637771 total bytes 4000
Flow Roce_33_0 14288 finished at 637950 total bytes 4000
Flow Roce_943_0 15148 finished at 637981 total bytes 4000
Flow Roce_873_0 15728 finished at 638240 total bytes 4000
Flow Roce_34_0 15620 finished at 638281 total bytes 4000
Flow Roce_804_0 14604 finished at 638304 total bytes 4000
Flow Roce_22_0 15428 finished at 638304 total bytes 4000
Flow Roce_370_0 14612 finished at 638320 total bytes 4000
Flow Roce_807_0 14824 finished at 638586 total bytes 4000
Flow Roce_106_0 14764 finished at 638652 total bytes 4000
Flow Roce_46_0 14124 finished at 638731 total bytes 4000
Flow Roce_2_0 15696 finished at 638903 total bytes 4000
Flow Roce_469_0 14848 finished at 639019 total bytes 4000
Flow Roce_11_0 14708 finished at 639074 total bytes 4000
Flow Roce_107_0 15160 finished at 639375 total bytes 4000
Flow Roce_263_0 13392 finished at 639425 total bytes 4000
Flow Roce_1_0 13480 finished at 639501 total bytes 4000
Flow Roce_262_0 16436 finished at 639619 total bytes 4000
Flow Roce_26_0 13148 finished at 639629 total bytes 4000
Flow Roce_256_0 15580 finished at 639770 total bytes 4000
Flow Roce_259_0 15256 finished at 639771 total bytes 4000
Flow Roce_6_0 15800 finished at 640216 total bytes 4000
Flow Roce_881_0 16144 finished at 640241 total bytes 4000
Flow Roce_844_0 13636 finished at 640453 total bytes 4000
Flow Roce_777_0 12664 finished at 640514 total bytes 4000
Flow Roce_13_0 15868 finished at 640622 total bytes 4000
Flow Roce_3_0 16356 finished at 640624 total bytes 4000
Flow Roce_19_0 15420 finished at 640642 total bytes 4000
Flow Roce_139_0 15096 finished at 640646 total bytes 4000
Flow Roce_914_0 15704 finished at 641013 total bytes 4000
Flow Roce_28_0 14712 finished at 641184 total bytes 4000
Flow Roce_434_0 13668 finished at 641206 total bytes 4000
Flow Roce_52_0 13800 finished at 641253 total bytes 4000
Flow Roce_48_0 12472 finished at 641485 total bytes 4000
Flow Roce_24_0 13088 finished at 641547 total bytes 4000
Flow Roce_423_0 13860 finished at 641619 total bytes 4000
Flow Roce_59_0 12588 finished at 641745 total bytes 4000
Flow Roce_62_0 13720 finished at 641794 total bytes 4000
Flow Roce_61_0 15308 finished at 641955 total bytes 4000
Flow Roce_846_0 15380 finished at 642045 total bytes 4000
Flow Roce_373_0 14024 finished at 642135 total bytes 4000
Flow Roce_47_0 14836 finished at 642423 total bytes 4000
Flow Roce_138_0 16460 finished at 642573 total bytes 4000
Flow Roce_111_0 15964 finished at 642593 total bytes 4000
Flow Roce_930_0 14556 finished at 642602 total bytes 4000
Flow Roce_363_0 12596 finished at 642608 total bytes 4000
Flow Roce_153_0 13960 finished at 642639 total bytes 4000
Flow Roce_935_0 13272 finished at 642691 total bytes 4000
Flow Roce_124_0 16136 finished at 643004 total bytes 4000
Flow Roce_348_0 15092 finished at 643121 total bytes 4000
Flow Roce_31_0 15928 finished at 643335 total bytes 4000
Flow Roce_42_0 15040 finished at 643423 total bytes 4000
Flow Roce_147_0 12728 finished at 643469 total bytes 4000
Flow Roce_144_0 12976 finished at 643894 total bytes 4000
Flow Roce_137_0 15032 finished at 643963 total bytes 4000
Flow Roce_54_0 13060 finished at 643968 total bytes 4000
Flow Roce_36_0 16048 finished at 644050 total bytes 4000
Flow Roce_398_0 12692 finished at 644222 total bytes 4000
Flow Roce_140_0 13612 finished at 644424 total bytes 4000
Flow Roce_53_0 12420 finished at 644476 total bytes 4000
Flow Roce_44_0 13916 finished at 644789 total bytes 4000
Flow Roce_435_0 13892 finished at 644808 total bytes 4000
Flow Roce_395_0 12620 finished at 644886 total bytes 4000
Flow Roce_5_0 12760 finished at 645076 total bytes 4000
Flow Roce_847_0 15188 finished at 645123 total bytes 4000
Flow Roce_41_0 14940 finished at 645131 total bytes 4000
Flow Roce_40_0 13276 finished at 645265 total bytes 4000
Flow Roce_38_0 12900 finished at 645273 total bytes 4000
Flow Roce_60_0 12984 finished at 645312 total bytes 4000
Flow Roce_940_0 15008 finished at 645358 total bytes 4000
Flow Roce_145_0 14440 finished at 645423 total bytes 4000
Flow Roce_467_0 14668 finished at 645446 total bytes 4000
Flow Roce_388_0 15204 finished at 645541 total bytes 4000
Flow Roce_55_0 12604 finished at 645597 total bytes 4000
Flow Roce_21_0 14528 finished at 645763 total bytes 4000
Flow Roce_149_0 13368 finished at 645791 total bytes 4000
Flow Roce_17_0 14396 finished at 645956 total bytes 4000
Flow Roce_397_0 12428 finished at 646088 total bytes 4000
Flow Roce_27_0 16300 finished at 646191 total bytes 4000
Flow Roce_353_0 15836 finished at 646425 total bytes 4000
Flow Roce_14_0 12816 finished at 646455 total bytes 4000
Flow Roce_143_0 13692 finished at 646662 total bytes 4000
Flow Roce_468_0 13292 finished at 646813 total bytes 4000
Flow Roce_917_0 14208 finished at 646853 total bytes 4000
Flow Roce_517_0 15724 finished at 646880 total bytes 4000
Flow Roce_554_0 15688 finished at 646999 total bytes 4000
Flow Roce_20_0 13032 finished at 647017 total bytes 4000
Flow Roce_32_0 16308 finished at 647047 total bytes 4000
Flow Roce_37_0 15408 finished at 647258 total bytes 4000
Flow Roce_142_0 14148 finished at 647259 total bytes 4000
Flow Roce_716_0 13004 finished at 647304 total bytes 4000
Flow Roce_43_0 14572 finished at 647631 total bytes 4000
Flow Roce_148_0 12948 finished at 647833 total bytes 4000
Flow Roce_396_0 15476 finished at 648241 total bytes 4000
Flow Roce_465_0 14364 finished at 648252 total bytes 4000
Flow Roce_732_0 12912 finished at 648607 total bytes 4000
Flow Roce_39_0 15240 finished at 648870 total bytes 4000
Flow Roce_16_0 13652 finished at 648909 total bytes 4000
Flow Roce_63_0 13572 finished at 648945 total bytes 4000
Flow Roce_372_0 12964 finished at 649018 total bytes 4000
Flow Roce_471_0 16200 finished at 649024 total bytes 4000
Flow Roce_9_0 15248 finished at 649034 total bytes 4000
Flow Roce_967_0 13412 finished at 649038 total bytes 4000
Flow Roce_29_0 15660 finished at 649070 total bytes 4000
Flow Roce_780_0 16424 finished at 649219 total bytes 4000
Flow Roce_883_0 14052 finished at 649342 total bytes 4000
Flow Roce_886_0 13640 finished at 649430 total bytes 4000
Flow Roce_884_0 14908 finished at 649431 total bytes 4000
Flow Roce_583_0 16456 finished at 649460 total bytes 4000
Flow Roce_576_0 14560 finished at 649507 total bytes 4000
Flow Roce_843_0 14868 finished at 649509 total bytes 4000
Flow Roce_875_0 14828 finished at 649647 total bytes 4000
Flow Roce_393_0 15796 finished at 649818 total bytes 4000
Flow Roce_35_0 12536 finished at 649835 total bytes 4000
.Flow Roce_374_0 15740 finished at 650130 total bytes 4000
Flow Roce_581_0 13828 finished at 650366 total bytes 4000
Flow Roce_309_0 12708 finished at 650805 total bytes 4000
Flow Roce_359_0 12624 finished at 651180 total bytes 4000
Flow Roce_15_0 15596 finished at 651358 total bytes 4000
Flow Roce_731_0 12916 finished at 651503 total bytes 4000
Flow Roce_233_0 15872 finished at 651552 total bytes 4000
Flow Roce_724_0 13224 finished at 651646 total bytes 4000
Flow Roce_730_0 14128 finished at 651689 total bytes 4000
Flow Roce_885_0 13380 finished at 651991 total bytes 4000
Flow Roce_957_0 14176 finished at 652002 total bytes 4000
Flow Roce_878_0 15532 finished at 652065 total bytes 4000
Flow Roce_399_0 14292 finished at 652365 total bytes 4000
Flow Roce_237_0 16216 finished at 652691 total bytes 4000
Flow Roce_391_0 16276 finished at 652907 total bytes 4000
Flow Roce_605_0 15236 finished at 653021 total bytes 4000
Flow Roce_1005_0 16256 finished at 653152 total bytes 4000
Flow Roce_879_0 12872 finished at 653320 total bytes 4000
Flow Roce_167_0 13744 finished at 653534 total bytes 4000
Flow Roce_122_0 12772 finished at 653551 total bytes 4000
Flow Roce_714_0 14088 finished at 653605 total bytes 4000
Flow Roce_602_0 16080 finished at 653876 total bytes 4000
Flow Roce_518_0 16064 finished at 653917 total bytes 4000
Flow Roce_278_0 14260 finished at 654095 total bytes 4000
Flow Roce_956_0 14332 finished at 654111 total bytes 4000
Flow Roce_960_0 14256 finished at 654116 total bytes 4000
Flow Roce_157_0 13460 finished at 654235 total bytes 4000
Flow Roce_421_0 14384 finished at 654508 total bytes 4000
Flow Roce_150_0 15412 finished at 654589 total bytes 4000
Flow Roce_151_0 14924 finished at 654606 total bytes 4000
Flow Roce_723_0 12592 finished at 654636 total bytes 4000
Flow Roce_721_0 15912 finished at 654674 total bytes 4000
Flow Roce_513_0 16112 finished at 654865 total bytes 4000
Flow Roce_277_0 13312 finished at 654895 total bytes 4000
Flow Roce_136_0 13056 finished at 655138 total bytes 4000
Flow Roce_515_0 15876 finished at 655308 total bytes 4000
Flow Roce_570_0 16172 finished at 655331 total bytes 4000
Flow Roce_571_0 13388 finished at 655341 total bytes 4000
Flow Roce_305_0 13920 finished at 655575 total bytes 4000
Flow Roce_1007_0 12856 finished at 655732 total bytes 4000
Flow Roce_308_0 13712 finished at 655755 total bytes 4000
Flow Roce_712_0 15364 finished at 655861 total bytes 4000
Flow Roce_600_0 14100 finished at 656334 total bytes 4000
Flow Roce_556_0 14752 finished at 656464 total bytes 4000
Flow Roce_328_0 14700 finished at 656534 total bytes 4000
Flow Roce_416_0 13680 finished at 656626 total bytes 4000
Flow Roce_553_0 15856 finished at 656780 total bytes 4000
Flow Roce_307_0 12908 finished at 657075 total bytes 4000
Flow Roce_552_0 15692 finished at 657155 total bytes 4000
Flow Roce_120_0 14120 finished at 657391 total bytes 4000
Flow Roce_272_0 13212 finished at 657421 total bytes 4000
Flow Roce_347_0 14988 finished at 657509 total bytes 4000
Flow Roce_351_0 13096 finished at 657511 total bytes 4000
Flow Roce_385_0 13648 finished at 657592 total bytes 4000
Flow Roce_352_0 15472 finished at 657969 total bytes 4000
Flow Roce_512_0 16072 finished at 657975 total bytes 4000
Flow Roce_346_0 12632 finished at 658025 total bytes 4000
Flow Roce_574_0 12876 finished at 658041 total bytes 4000
Flow Roce_155_0 13228 finished at 658096 total bytes 4000
Flow Roce_519_0 15388 finished at 658623 total bytes 4000
Flow Roce_239_0 16224 finished at 658744 total bytes 4000
Flow Roce_778_0 14376 finished at 658762 total bytes 4000
Flow Roce_964_0 13132 finished at 658798 total bytes 4000
Flow Roce_121_0 16432 finished at 658832 total bytes 4000
Flow Roce_236_0 15656 finished at 659387 total bytes 4000
Flow Roce_781_0 16364 finished at 659636 total bytes 4000
Flow Roce_141_0 14016 finished at 659723 total bytes 4000
Flow Roce_171_0 15024 finished at 659778 total bytes 4000
Flow Roce_275_0 15012 finished at 659784 total bytes 4000
Flow Roce_332_0 13524 finished at 660201 total bytes 4000
Flow Roce_962_0 16284 finished at 660370 total bytes 4000
Flow Roce_718_0 15208 finished at 660458 total bytes 4000
Flow Roce_963_0 14344 finished at 660500 total bytes 4000
Flow Roce_273_0 16344 finished at 660501 total bytes 4000
Flow Roce_125_0 13644 finished at 660501 total bytes 4000
Flow Roce_179_0 13840 finished at 660543 total bytes 4000
Flow Roce_392_0 13932 finished at 660590 total bytes 4000
Flow Roce_357_0 12684 finished at 660622 total bytes 4000
Flow Roce_725_0 14768 finished at 660809 total bytes 4000
Flow Roce_573_0 14096 finished at 660986 total bytes 4000
Flow Roce_335_0 14020 finished at 661085 total bytes 4000
Flow Roce_234_0 12492 finished at 661114 total bytes 4000
Flow Roce_418_0 12896 finished at 661128 total bytes 4000
Flow Roce_160_0 13964 finished at 661128 total bytes 4000
Flow Roce_538_0 14372 finished at 661223 total bytes 4000
Flow Roce_333_0 14092 finished at 661456 total bytes 4000
Flow Roce_733_0 14920 finished at 661740 total bytes 4000
Flow Roce_569_0 14044 finished at 661783 total bytes 4000
Flow Roce_126_0 12840 finished at 661911 total bytes 4000
Flow Roce_734_0 15272 finished at 662206 total bytes 4000
Flow Roce_575_0 15760 finished at 662277 total bytes 4000
Flow Roce_173_0 15880 finished at 662609 total bytes 4000
Flow Roce_174_0 15028 finished at 662656 total bytes 4000
Flow Roce_394_0 13316 finished at 662726 total bytes 4000
Flow Roce_722_0 15392 finished at 662823 total bytes 4000
Flow Roce_783_0 16444 finished at 662952 total bytes 4000
Flow Roce_386_0 13476 finished at 662990 total bytes 4000
Flow Roce_331_0 14204 finished at 663071 total bytes 4000
Flow Roce_334_0 15132 finished at 663209 total bytes 4000
Flow Roce_389_0 16408 finished at 663305 total bytes 4000
Flow Roce_329_0 15324 finished at 663534 total bytes 4000
Flow Roce_417_0 14936 finished at 663922 total bytes 4000
Flow Roce_354_0 16220 finished at 664373 total bytes 4000
Flow Roce_170_0 12384 finished at 664522 total bytes 4000
Flow Roce_164_0 15544 finished at 664740 total bytes 4000
Flow Roce_295_0 12544 finished at 664854 total bytes 4000
Flow Roce_534_0 15952 finished at 665079 total bytes 4000
Flow Roce_949_0 16192 finished at 665140 total bytes 4000
Flow Roce_536_0 13396 finished at 665143 total bytes 4000
Flow Roce_162_0 14388 finished at 665228 total bytes 4000
Flow Roce_537_0 15348 finished at 665330 total bytes 4000
Flow Roce_531_0 13244 finished at 665545 total bytes 4000
Flow Roce_766_0 13140 finished at 665610 total bytes 4000
Flow Roce_542_0 12652 finished at 665691 total bytes 4000
Flow Roce_750_0 12576 finished at 665703 total bytes 4000
Flow Roce_177_0 13092 finished at 665815 total bytes 4000
Flow Roce_760_0 14000 finished at 665850 total bytes 4000
Flow Roce_288_0 15584 finished at 666218 total bytes 4000
Flow Roce_535_0 14412 finished at 666249 total bytes 4000
Flow Roce_529_0 15360 finished at 666266 total bytes 4000
Flow Roce_292_0 13872 finished at 666452 total bytes 4000
Flow Roce_291_0 16084 finished at 666463 total bytes 4000
Flow Roce_951_0 14480 finished at 666788 total bytes 4000
Flow Roce_181_0 13076 finished at 666822 total bytes 4000
Flow Roce_293_0 14196 finished at 666926 total bytes 4000
Flow Roce_169_0 13120 finished at 667177 total bytes 4000
Flow Roce_294_0 13008 finished at 667270 total bytes 4000
Flow Roce_180_0 13464 finished at 667288 total bytes 4000
Flow Roce_530_0 13848 finished at 667451 total bytes 4000
Flow Roce_945_0 16168 finished at 667460 total bytes 4000
Flow Roce_764_0 13468 finished at 667505 total bytes 4000
Flow Roce_944_0 13036 finished at 667753 total bytes 4000
Flow Roce_168_0 15956 finished at 667777 total bytes 4000
Flow Roce_163_0 15268 finished at 667781 total bytes 4000
Flow Roce_744_0 16260 finished at 667890 total bytes 4000
Flow Roce_746_0 14280 finished at 667950 total bytes 4000
Flow Roce_747_0 15804 finished at 668016 total bytes 4000
Flow Roce_946_0 13568 finished at 668032 total bytes 4000
Flow Roce_745_0 13300 finished at 668113 total bytes 4000
Flow Roce_829_0 15776 finished at 668160 total bytes 4000
Flow Roce_749_0 14264 finished at 668396 total bytes 4000
Flow Roce_761_0 16132 finished at 668425 total bytes 4000
Flow Roce_950_0 13424 finished at 668494 total bytes 4000
Flow Roce_748_0 15448 finished at 668522 total bytes 4000
Flow Roce_947_0 13944 finished at 668685 total bytes 4000
Flow Roce_828_0 12552 finished at 668753 total bytes 4000
Flow Roce_824_0 15004 finished at 668760 total bytes 4000
Flow Roce_831_0 15020 finished at 668844 total bytes 4000
Flow Roce_830_0 14244 finished at 668927 total bytes 4000
Flow Roce_762_0 16036 finished at 668977 total bytes 4000
Flow Roce_825_0 12860 finished at 669082 total bytes 4000
Flow Roce_826_0 12540 finished at 669114 total bytes 4000
New: 0 Rtx: 0
OVERFLOW_COUNT 0
