........Flow Roce_627_0 12832 finished at 420220 total bytes 16000
Flow Roce_602_0 12732 finished at 422100 total bytes 16000
Flow Roce_600_0 12724 finished at 423964 total bytes 16000
Flow Roce_803_0 13536 finished at 428137 total bytes 16000
.Flow Roce_903_0 13936 finished at 463145 total bytes 16000
Flow Roce_985_0 14264 finished at 472211 total bytes 16000
Flow Roce_946_0 14108 finished at 472380 total bytes 16000
Flow Roce_940_0 14084 finished at 496415 total bytes 16000
.Flow Roce_891_0 13888 finished at 502259 total bytes 16000
Flow Roce_939_0 14080 finished at 506459 total bytes 16000
Flow Roce_832_0 13652 finished at 534283 total bytes 16000
Flow Roce_836_0 13668 finished at 542555 total bytes 16000
Flow Roce_835_0 13664 finished at 545238 total bytes 16000
|Flow Roce_840_0 13684 finished at 583021 total bytes 16000
.Flow Roce_678_0 13036 finished at 617050 total bytes 16000
.Flow Roce_986_0 14268 finished at 669965 total bytes 16000
Flow Roce_984_0 14260 finished at 670032 total bytes 16000
Flow Roce_730_0 13244 finished at 670328 total bytes 16000
Flow Roce_895_0 13904 finished at 687278 total bytes 16000
Flow Roce_893_0 13896 finished at 687280 total bytes 16000
.Flow Roce_923_0 14016 finished at 704426 total bytes 16000
Flow Roce_543_0 12496 finished at 709454 total bytes 16000
Flow Roce_731_0 13248 finished at 716953 total bytes 16000
Flow Roce_771_0 13408 finished at 725174 total bytes 16000
Flow Roce_785_0 13464 finished at 734373 total bytes 16000
Flow Roce_734_0 13260 finished at 746655 total bytes 16000
.Flow Roce_675_0 13024 finished at 768383 total bytes 16000
Flow Roce_676_0 13028 finished at 768384 total bytes 16000
Flow Roce_769_0 13400 finished at 771039 total bytes 16000
Flow Roce_924_0 14020 finished at 779048 total bytes 16000
Flow Roce_926_0 14028 finished at 787266 total bytes 16000
Flow Roce_920_0 14004 finished at 798049 total bytes 16000
.Flow Roce_634_0 12860 finished at 800572 total bytes 16000
Flow Roce_743_0 13296 finished at 803822 total bytes 16000
Flow Roce_539_0 12480 finished at 804385 total bytes 16000
Flow Roce_696_0 13108 finished at 804640 total bytes 16000
Flow Roce_667_0 12992 finished at 807186 total bytes 16000
Flow Roce_538_0 12476 finished at 808186 total bytes 16000
Flow Roce_540_0 12484 finished at 811963 total bytes 16000
Flow Roce_632_0 12852 finished at 812002 total bytes 16000
Flow Roce_737_0 13272 finished at 812567 total bytes 16000
Flow Roce_537_0 12472 finished at 824115 total bytes 16000
Flow Roce_611_0 12768 finished at 830514 total bytes 16000
Flow Roce_860_0 13764 finished at 832529 total bytes 16000
Flow Roce_912_0 13972 finished at 833321 total bytes 16000
Flow Roce_670_0 13004 finished at 839186 total bytes 16000
Flow Roce_707_0 13152 finished at 842508 total bytes 16000
.Flow Roce_710_0 13164 finished at 850308 total bytes 16000
Flow Roce_559_0 12560 finished at 851646 total bytes 16000
Flow Roce_697_0 13112 finished at 853038 total bytes 16000
Flow Roce_871_0 13808 finished at 854059 total bytes 16000
Flow Roce_981_0 14248 finished at 855089 total bytes 16000
Flow Roce_609_0 12760 finished at 862434 total bytes 16000
Flow Roce_1021_0 14408 finished at 865635 total bytes 16000
Flow Roce_918_0 13996 finished at 867607 total bytes 16000
Flow Roce_993_0 14296 finished at 871723 total bytes 16000
Flow Roce_819_0 13600 finished at 877358 total bytes 16000
Flow Roce_863_0 13776 finished at 882361 total bytes 16000
Flow Roce_698_0 13116 finished at 885057 total bytes 16000
Flow Roce_911_0 13968 finished at 887186 total bytes 16000
Flow Roce_816_0 13588 finished at 889799 total bytes 16000
Flow Roce_998_0 14316 finished at 890688 total bytes 16000
Flow Roce_716_0 13188 finished at 894990 total bytes 16000
Flow Roce_992_0 14292 finished at 895550 total bytes 16000
Flow Roce_532_0 12452 finished at 896323 total bytes 16000
Flow Roce_867_0 13792 finished at 896960 total bytes 16000
Flow Roce_533_0 12456 finished at 897497 total bytes 16000
.Flow Roce_741_0 13288 finished at 903174 total bytes 16000
Flow Roce_751_0 13328 finished at 903425 total bytes 16000
Flow Roce_546_0 12508 finished at 905540 total bytes 16000
Flow Roce_739_0 13280 finished at 908450 total bytes 16000
Flow Roce_550_0 12524 finished at 909628 total bytes 16000
Flow Roce_862_0 13772 finished at 911710 total bytes 16000
Flow Roce_713_0 13176 finished at 912811 total bytes 16000
Flow Roce_512_0 12372 finished at 914534 total bytes 16000
Flow Roce_870_0 13804 finished at 920925 total bytes 16000
Flow Roce_701_0 13128 finished at 921144 total bytes 16000
Flow Roce_915_0 13984 finished at 921523 total bytes 16000
Flow Roce_979_0 14240 finished at 932169 total bytes 16000
Flow Roce_904_0 13940 finished at 933852 total bytes 16000
Flow Roce_554_0 12540 finished at 934084 total bytes 16000
Flow Roce_980_0 14244 finished at 936411 total bytes 16000
Flow Roce_767_0 13392 finished at 938428 total bytes 16000
Flow Roce_1019_0 14400 finished at 938778 total bytes 16000
Flow Roce_558_0 12556 finished at 939679 total bytes 16000
Flow Roce_654_0 12940 finished at 941729 total bytes 16000
Flow Roce_1020_0 14404 finished at 942625 total bytes 16000
Flow Roce_646_0 12908 finished at 942819 total bytes 16000
Flow Roce_686_0 13068 finished at 944720 total bytes 16000
Flow Roce_905_0 13944 finished at 946361 total bytes 16000
Flow Roce_648_0 12916 finished at 949678 total bytes 16000
Flow Roce_544_0 12500 finished at 949746 total bytes 16000
Flow Roce_748_0 13316 finished at 949791 total bytes 16000
.Flow Roce_1006_0 14348 finished at 950748 total bytes 16000
Flow Roce_744_0 13300 finished at 950807 total bytes 16000
Flow Roce_680_0 13044 finished at 951077 total bytes 16000
Flow Roce_583_0 12656 finished at 951522 total bytes 16000
Flow Roce_645_0 12904 finished at 951761 total bytes 16000
Flow Roce_578_0 12636 finished at 952875 total bytes 16000
Flow Roce_547_0 12512 finished at 958731 total bytes 16000
Flow Roce_579_0 12640 finished at 961792 total bytes 16000
Flow Roce_932_0 14052 finished at 967218 total bytes 16000
Flow Roce_712_0 13172 finished at 968268 total bytes 16000
Flow Roce_535_0 12464 finished at 972295 total bytes 16000
Flow Roce_762_0 13372 finished at 973251 total bytes 16000
Flow Roce_766_0 13388 finished at 976719 total bytes 16000
Flow Roce_577_0 12632 finished at 977601 total bytes 16000
Flow Roce_887_0 13872 finished at 978552 total bytes 16000
Flow Roce_715_0 13184 finished at 978910 total bytes 16000
Flow Roce_534_0 12460 finished at 979101 total bytes 16000
Flow Roce_930_0 14044 finished at 979376 total bytes 16000
Flow Roce_517_0 12392 finished at 980623 total bytes 16000
Flow Roce_518_0 12396 finished at 981039 total bytes 16000
Flow Roce_1007_0 14352 finished at 983854 total bytes 16000
Flow Roce_529_0 12440 finished at 985703 total bytes 16000
Flow Roce_931_0 14048 finished at 986435 total bytes 16000
Flow Roce_1004_0 14340 finished at 987874 total bytes 16000
Flow Roce_799_0 13520 finished at 989180 total bytes 16000
Flow Roce_797_0 13512 finished at 994213 total bytes 16000
Flow Roce_793_0 13496 finished at 996706 total bytes 16000
Flow Roce_694_0 13100 finished at 999507 total bytes 16000
.Flow Roce_689_0 13080 finished at 1.00005e+06 total bytes 16000
Flow Roce_781_0 13448 finished at 1.00291e+06 total bytes 16000
Flow Roce_580_0 12644 finished at 1.00433e+06 total bytes 16000
Flow Roce_778_0 13436 finished at 1.00618e+06 total bytes 16000
Flow Roce_714_0 13180 finished at 1.01292e+06 total bytes 16000
Flow Roce_718_0 13196 finished at 1.01776e+06 total bytes 16000
Flow Roce_995_0 14304 finished at 1.02046e+06 total bytes 16000
Flow Roce_994_0 14300 finished at 1.02089e+06 total bytes 16000
Flow Roce_719_0 13200 finished at 1.02098e+06 total bytes 16000
Flow Roce_999_0 14320 finished at 1.02105e+06 total bytes 16000
Flow Roce_528_0 12436 finished at 1.02172e+06 total bytes 16000
Flow Roce_531_0 12448 finished at 1.0219e+06 total bytes 16000
Flow Roce_783_0 13456 finished at 1.0228e+06 total bytes 16000
Flow Roce_717_0 13192 finished at 1.02829e+06 total bytes 16000
Flow Roce_874_0 13820 finished at 1.02843e+06 total bytes 16000
Flow Roce_955_0 14144 finished at 1.03191e+06 total bytes 16000
Flow Roce_542_0 12492 finished at 1.03506e+06 total bytes 16000
Flow Roce_876_0 13828 finished at 1.04103e+06 total bytes 16000
Flow Roce_695_0 13104 finished at 1.04926e+06 total bytes 16000
Flow Roce_958_0 14156 finished at 1.04988e+06 total bytes 16000
.Flow Roce_996_0 14308 finished at 1.05028e+06 total bytes 16000
Flow Roce_530_0 12444 finished at 1.05303e+06 total bytes 16000
Flow Roce_817_0 13592 finished at 1.05318e+06 total bytes 16000
Flow Roce_688_0 13076 finished at 1.0557e+06 total bytes 16000
Flow Roce_974_0 14220 finished at 1.05601e+06 total bytes 16000
Flow Roce_957_0 14152 finished at 1.0561e+06 total bytes 16000
Flow Roce_690_0 13084 finished at 1.05697e+06 total bytes 16000
Flow Roce_973_0 14216 finished at 1.05787e+06 total bytes 16000
Flow Roce_975_0 14224 finished at 1.05933e+06 total bytes 16000
Flow Roce_968_0 14196 finished at 1.05994e+06 total bytes 16000
Flow Roce_822_0 13612 finished at 1.06243e+06 total bytes 16000
Flow Roce_779_0 13440 finished at 1.06254e+06 total bytes 16000
Flow Roce_972_0 14212 finished at 1.06356e+06 total bytes 16000
Flow Roce_820_0 13604 finished at 1.06405e+06 total bytes 16000
Flow Roce_692_0 13092 finished at 1.06424e+06 total bytes 16000
Flow Roce_961_0 14168 finished at 1.06634e+06 total bytes 16000
Flow Roce_1014_0 14380 finished at 1.06854e+06 total bytes 16000
Flow Roce_1012_0 14372 finished at 1.07006e+06 total bytes 16000
Flow Roce_875_0 13824 finished at 1.07061e+06 total bytes 16000
Flow Roce_541_0 12488 finished at 1.07161e+06 total bytes 16000
Flow Roce_776_0 13428 finished at 1.07174e+06 total bytes 16000
Flow Roce_536_0 12468 finished at 1.0725e+06 total bytes 16000
Flow Roce_571_0 12608 finished at 1.07273e+06 total bytes 16000
Flow Roce_997_0 14312 finished at 1.07338e+06 total bytes 16000
Flow Roce_662_0 12972 finished at 1.07563e+06 total bytes 16000
Flow Roce_882_0 13852 finished at 1.07586e+06 total bytes 16000
Flow Roce_881_0 13848 finished at 1.07788e+06 total bytes 16000
Flow Roce_574_0 12620 finished at 1.08129e+06 total bytes 16000
Flow Roce_780_0 13444 finished at 1.08215e+06 total bytes 16000
Flow Roce_573_0 12616 finished at 1.08473e+06 total bytes 16000
Flow Roce_818_0 13596 finished at 1.08593e+06 total bytes 16000
Flow Roce_777_0 13432 finished at 1.08697e+06 total bytes 16000
Flow Roce_809_0 13560 finished at 1.08745e+06 total bytes 16000
Flow Roce_1009_0 14360 finished at 1.08766e+06 total bytes 16000
Flow Roce_936_0 14068 finished at 1.08799e+06 total bytes 16000
Flow Roce_782_0 13452 finished at 1.09023e+06 total bytes 16000
Flow Roce_1011_0 14368 finished at 1.09149e+06 total bytes 16000
Flow Roce_962_0 14172 finished at 1.09179e+06 total bytes 16000
Flow Roce_810_0 13564 finished at 1.09305e+06 total bytes 16000
Flow Roce_520_0 12404 finished at 1.09318e+06 total bytes 16000
Flow Roce_964_0 14180 finished at 1.09705e+06 total bytes 16000
Flow Roce_982_0 14252 finished at 1.09723e+06 total bytes 16000
Flow Roce_1008_0 14356 finished at 1.09728e+06 total bytes 16000
Flow Roce_736_0 13268 finished at 1.09736e+06 total bytes 16000
Flow Roce_978_0 14236 finished at 1.09739e+06 total bytes 16000
|Flow Roce_976_0 14228 finished at 1.10139e+06 total bytes 16000
Flow Roce_977_0 14232 finished at 1.10295e+06 total bytes 16000
Flow Roce_941_0 14088 finished at 1.1064e+06 total bytes 16000
Flow Roce_971_0 14208 finished at 1.1087e+06 total bytes 16000
Flow Roce_658_0 12956 finished at 1.11063e+06 total bytes 16000
Flow Roce_1010_0 14364 finished at 1.11228e+06 total bytes 16000
Flow Roce_913_0 13976 finished at 1.11238e+06 total bytes 16000
Flow Roce_967_0 14192 finished at 1.11246e+06 total bytes 16000
Flow Roce_821_0 13608 finished at 1.11306e+06 total bytes 16000
Flow Roce_937_0 14072 finished at 1.11466e+06 total bytes 16000
Flow Roce_1013_0 14376 finished at 1.11482e+06 total bytes 16000
Flow Roce_916_0 13988 finished at 1.11588e+06 total bytes 16000
Flow Roce_521_0 12408 finished at 1.11665e+06 total bytes 16000
Flow Roce_823_0 13616 finished at 1.11753e+06 total bytes 16000
Flow Roce_565_0 12584 finished at 1.11852e+06 total bytes 16000
Flow Roce_566_0 12588 finished at 1.11906e+06 total bytes 16000
Flow Roce_859_0 13760 finished at 1.12247e+06 total bytes 16000
Flow Roce_1015_0 14384 finished at 1.12313e+06 total bytes 16000
Flow Roce_983_0 14256 finished at 1.12423e+06 total bytes 16000
Flow Roce_661_0 12968 finished at 1.12669e+06 total bytes 16000
Flow Roce_592_0 12692 finished at 1.12805e+06 total bytes 16000
Flow Roce_849_0 13720 finished at 1.12939e+06 total bytes 16000
Flow Roce_691_0 13088 finished at 1.12973e+06 total bytes 16000
Flow Roce_969_0 14200 finished at 1.13154e+06 total bytes 16000
Flow Roce_567_0 12592 finished at 1.1341e+06 total bytes 16000
Flow Roce_593_0 12696 finished at 1.1349e+06 total bytes 16000
Flow Roce_742_0 13292 finished at 1.13953e+06 total bytes 16000
Flow Roce_524_0 12420 finished at 1.13992e+06 total bytes 16000
Flow Roce_942_0 14092 finished at 1.14003e+06 total bytes 16000
Flow Roce_527_0 12432 finished at 1.14118e+06 total bytes 16000
Flow Roce_856_0 13748 finished at 1.14132e+06 total bytes 16000
Flow Roce_857_0 13752 finished at 1.1445e+06 total bytes 16000
Flow Roce_656_0 12948 finished at 1.14671e+06 total bytes 16000
Flow Roce_599_0 12720 finished at 1.14947e+06 total bytes 16000
.Flow Roce_663_0 12976 finished at 1.15331e+06 total bytes 16000
Flow Roce_970_0 14204 finished at 1.15535e+06 total bytes 16000
Flow Roce_858_0 13756 finished at 1.15827e+06 total bytes 16000
Flow Roce_561_0 12568 finished at 1.16009e+06 total bytes 16000
Flow Roce_892_0 13892 finished at 1.161e+06 total bytes 16000
Flow Roce_894_0 13900 finished at 1.16139e+06 total bytes 16000
Flow Roce_693_0 13096 finished at 1.16228e+06 total bytes 16000
Flow Roce_738_0 13276 finished at 1.16308e+06 total bytes 16000
Flow Roce_850_0 13724 finished at 1.16421e+06 total bytes 16000
Flow Roce_657_0 12952 finished at 1.16548e+06 total bytes 16000
Flow Roce_988_0 14276 finished at 1.16605e+06 total bytes 16000
Flow Roce_560_0 12564 finished at 1.16899e+06 total bytes 16000
Flow Roce_889_0 13880 finished at 1.16922e+06 total bytes 16000
Flow Roce_883_0 13856 finished at 1.17045e+06 total bytes 16000
Flow Roce_659_0 12960 finished at 1.17365e+06 total bytes 16000
Flow Roce_880_0 13844 finished at 1.17399e+06 total bytes 16000
Flow Roce_943_0 14096 finished at 1.1753e+06 total bytes 16000
Flow Roce_564_0 12580 finished at 1.17591e+06 total bytes 16000
Flow Roce_598_0 12716 finished at 1.176e+06 total bytes 16000
Flow Roce_740_0 13284 finished at 1.17732e+06 total bytes 16000
Flow Roce_861_0 13768 finished at 1.17742e+06 total bytes 16000
Flow Roce_938_0 14076 finished at 1.17879e+06 total bytes 16000
Flow Roce_700_0 13124 finished at 1.18083e+06 total bytes 16000
Flow Roce_699_0 13120 finished at 1.18134e+06 total bytes 16000
Flow Roce_759_0 13360 finished at 1.18263e+06 total bytes 16000
Flow Roce_987_0 14272 finished at 1.18342e+06 total bytes 16000
Flow Roce_660_0 12964 finished at 1.18392e+06 total bytes 16000
Flow Roce_888_0 13876 finished at 1.18408e+06 total bytes 16000
Flow Roce_723_0 13216 finished at 1.1854e+06 total bytes 16000
Flow Roce_703_0 13136 finished at 1.18895e+06 total bytes 16000
Flow Roce_562_0 12572 finished at 1.18938e+06 total bytes 16000
Flow Roce_563_0 12576 finished at 1.18939e+06 total bytes 16000
Flow Roce_991_0 14288 finished at 1.18941e+06 total bytes 16000
Flow Roce_756_0 13348 finished at 1.18943e+06 total bytes 16000
Flow Roce_886_0 13868 finished at 1.19071e+06 total bytes 16000
Flow Roce_720_0 13204 finished at 1.19165e+06 total bytes 16000
Flow Roce_757_0 13352 finished at 1.19176e+06 total bytes 16000
Flow Roce_637_0 12872 finished at 1.19197e+06 total bytes 16000
Flow Roce_884_0 13860 finished at 1.19317e+06 total bytes 16000
Flow Roce_755_0 13344 finished at 1.19504e+06 total bytes 16000
Flow Roce_727_0 13232 finished at 1.19528e+06 total bytes 16000
Flow Roce_594_0 12700 finished at 1.1955e+06 total bytes 16000
Flow Roce_655_0 12944 finished at 1.19612e+06 total bytes 16000
Flow Roce_596_0 12708 finished at 1.19654e+06 total bytes 16000
Flow Roce_597_0 12712 finished at 1.19782e+06 total bytes 16000
Flow Roce_613_0 12776 finished at 1.19935e+06 total bytes 16000
.Flow Roce_792_0 13492 finished at 1.20327e+06 total bytes 16000
Flow Roce_965_0 14184 finished at 1.20468e+06 total bytes 16000
Flow Roce_919_0 14000 finished at 1.20518e+06 total bytes 16000
Flow Roce_702_0 13132 finished at 1.20529e+06 total bytes 16000
Flow Roce_721_0 13208 finished at 1.20578e+06 total bytes 16000
Flow Roce_989_0 14280 finished at 1.20611e+06 total bytes 16000
Flow Roce_595_0 12704 finished at 1.20632e+06 total bytes 16000
Flow Roce_890_0 13884 finished at 1.20699e+06 total bytes 16000
Flow Roce_745_0 13304 finished at 1.20978e+06 total bytes 16000
Flow Roce_548_0 12516 finished at 1.21182e+06 total bytes 16000
Flow Roce_990_0 14284 finished at 1.21241e+06 total bytes 16000
Flow Roce_914_0 13980 finished at 1.21287e+06 total bytes 16000
Flow Roce_854_0 13740 finished at 1.21503e+06 total bytes 16000
Flow Roce_885_0 13864 finished at 1.21605e+06 total bytes 16000
Flow Roce_636_0 12868 finished at 1.21895e+06 total bytes 16000
Flow Roce_917_0 13992 finished at 1.21913e+06 total bytes 16000
Flow Roce_725_0 13224 finished at 1.22019e+06 total bytes 16000
Flow Roce_650_0 12924 finished at 1.22276e+06 total bytes 16000
Flow Roce_610_0 12764 finished at 1.22385e+06 total bytes 16000
Flow Roce_826_0 13628 finished at 1.22497e+06 total bytes 16000
Flow Roce_798_0 13516 finished at 1.22576e+06 total bytes 16000
Flow Roce_853_0 13736 finished at 1.22625e+06 total bytes 16000
Flow Roce_612_0 12772 finished at 1.2267e+06 total bytes 16000
Flow Roce_584_0 12660 finished at 1.22678e+06 total bytes 16000
Flow Roce_722_0 13212 finished at 1.22719e+06 total bytes 16000
Flow Roce_966_0 14188 finished at 1.22729e+06 total bytes 16000
Flow Roce_831_0 13648 finished at 1.22735e+06 total bytes 16000
Flow Roce_614_0 12780 finished at 1.22766e+06 total bytes 16000
Flow Roce_864_0 13780 finished at 1.22805e+06 total bytes 16000
Flow Roce_865_0 13784 finished at 1.22891e+06 total bytes 16000
Flow Roce_829_0 13640 finished at 1.23042e+06 total bytes 16000
Flow Roce_827_0 13632 finished at 1.23284e+06 total bytes 16000
Flow Roce_551_0 12528 finished at 1.23361e+06 total bytes 16000
Flow Roce_618_0 12796 finished at 1.23412e+06 total bytes 16000
Flow Roce_617_0 12792 finished at 1.23419e+06 total bytes 16000
Flow Roce_761_0 13368 finished at 1.23488e+06 total bytes 16000
Flow Roce_869_0 13800 finished at 1.23663e+06 total bytes 16000
Flow Roce_960_0 14164 finished at 1.23969e+06 total bytes 16000
Flow Roce_638_0 12876 finished at 1.24064e+06 total bytes 16000
Flow Roce_795_0 13504 finished at 1.24086e+06 total bytes 16000
Flow Roce_726_0 13228 finished at 1.24206e+06 total bytes 16000
Flow Roce_623_0 12816 finished at 1.24271e+06 total bytes 16000
Flow Roce_963_0 14176 finished at 1.24408e+06 total bytes 16000
Flow Roce_796_0 13508 finished at 1.24464e+06 total bytes 16000
Flow Roce_639_0 12880 finished at 1.24475e+06 total bytes 16000
Flow Roce_1016_0 14388 finished at 1.24505e+06 total bytes 16000
Flow Roce_724_0 13220 finished at 1.24512e+06 total bytes 16000
Flow Roce_649_0 12920 finished at 1.24562e+06 total bytes 16000
Flow Roce_866_0 13788 finished at 1.24598e+06 total bytes 16000
Flow Roce_553_0 12536 finished at 1.24819e+06 total bytes 16000
Flow Roce_633_0 12856 finished at 1.2482e+06 total bytes 16000
Flow Roce_794_0 13500 finished at 1.24891e+06 total bytes 16000
Flow Roce_653_0 12936 finished at 1.24912e+06 total bytes 16000
Flow Roce_549_0 12520 finished at 1.24924e+06 total bytes 16000
.Flow Roce_1022_0 14412 finished at 1.25029e+06 total bytes 16000
Flow Roce_868_0 13796 finished at 1.25179e+06 total bytes 16000
Flow Roce_773_0 13416 finished at 1.25227e+06 total bytes 16000
Flow Roce_545_0 12504 finished at 1.25347e+06 total bytes 16000
Flow Roce_635_0 12864 finished at 1.25376e+06 total bytes 16000
Flow Roce_852_0 13732 finished at 1.25398e+06 total bytes 16000
Flow Roce_621_0 12808 finished at 1.25561e+06 total bytes 16000
Flow Roce_652_0 12932 finished at 1.25589e+06 total bytes 16000
Flow Roce_754_0 13340 finished at 1.25644e+06 total bytes 16000
Flow Roce_552_0 12532 finished at 1.25653e+06 total bytes 16000
Flow Roce_619_0 12800 finished at 1.25787e+06 total bytes 16000
Flow Roce_519_0 12400 finished at 1.25806e+06 total bytes 16000
Flow Roce_1017_0 14392 finished at 1.25905e+06 total bytes 16000
Flow Roce_1018_0 14396 finished at 1.25933e+06 total bytes 16000
Flow Roce_753_0 13336 finished at 1.25935e+06 total bytes 16000
Flow Roce_608_0 12756 finished at 1.25966e+06 total bytes 16000
Flow Roce_615_0 12784 finished at 1.2598e+06 total bytes 16000
Flow Roce_679_0 13040 finished at 1.26029e+06 total bytes 16000
Flow Roce_747_0 13312 finished at 1.26029e+06 total bytes 16000
Flow Roce_556_0 12548 finished at 1.26061e+06 total bytes 16000
Flow Roce_557_0 12552 finished at 1.26112e+06 total bytes 16000
Flow Roce_750_0 13324 finished at 1.26212e+06 total bytes 16000
Flow Roce_830_0 13644 finished at 1.26237e+06 total bytes 16000
Flow Roce_768_0 13396 finished at 1.26306e+06 total bytes 16000
Flow Roce_811_0 13568 finished at 1.26373e+06 total bytes 16000
Flow Roce_651_0 12928 finished at 1.26414e+06 total bytes 16000
Flow Roce_1023_0 14416 finished at 1.26419e+06 total bytes 16000
Flow Roce_787_0 13472 finished at 1.26509e+06 total bytes 16000
Flow Roce_526_0 12428 finished at 1.26593e+06 total bytes 16000
Flow Roce_752_0 13332 finished at 1.2661e+06 total bytes 16000
Flow Roce_828_0 13636 finished at 1.26689e+06 total bytes 16000
Flow Roce_749_0 13320 finished at 1.26793e+06 total bytes 16000
Flow Roce_824_0 13620 finished at 1.26798e+06 total bytes 16000
Flow Roce_746_0 13308 finished at 1.27063e+06 total bytes 16000
Flow Roce_765_0 13384 finished at 1.27069e+06 total bytes 16000
Flow Roce_775_0 13424 finished at 1.27147e+06 total bytes 16000
Flow Roce_934_0 14060 finished at 1.27161e+06 total bytes 16000
Flow Roce_758_0 13356 finished at 1.27203e+06 total bytes 16000
Flow Roce_764_0 13380 finished at 1.27275e+06 total bytes 16000
Flow Roce_685_0 13064 finished at 1.27333e+06 total bytes 16000
Flow Roce_855_0 13744 finished at 1.27362e+06 total bytes 16000
Flow Roce_763_0 13376 finished at 1.27373e+06 total bytes 16000
Flow Roce_825_0 13624 finished at 1.27509e+06 total bytes 16000
Flow Roce_681_0 13048 finished at 1.27586e+06 total bytes 16000
Flow Roce_673_0 13016 finished at 1.27608e+06 total bytes 16000
Flow Roce_525_0 12424 finished at 1.27655e+06 total bytes 16000
Flow Roce_555_0 12544 finished at 1.27693e+06 total bytes 16000
Flow Roce_589_0 12680 finished at 1.27712e+06 total bytes 16000
Flow Roce_616_0 12788 finished at 1.27794e+06 total bytes 16000
Flow Roce_760_0 13364 finished at 1.27796e+06 total bytes 16000
Flow Roce_922_0 14012 finished at 1.27888e+06 total bytes 16000
Flow Roce_620_0 12804 finished at 1.27941e+06 total bytes 16000
Flow Roce_522_0 12412 finished at 1.27952e+06 total bytes 16000
Flow Roce_588_0 12676 finished at 1.28039e+06 total bytes 16000
Flow Roce_622_0 12812 finished at 1.28129e+06 total bytes 16000
Flow Roce_513_0 12376 finished at 1.28195e+06 total bytes 16000
Flow Roce_813_0 13576 finished at 1.282e+06 total bytes 16000
Flow Roce_848_0 13716 finished at 1.28224e+06 total bytes 16000
Flow Roce_770_0 13404 finished at 1.28258e+06 total bytes 16000
Flow Roce_677_0 13032 finished at 1.28313e+06 total bytes 16000
Flow Roce_516_0 12388 finished at 1.28333e+06 total bytes 16000
Flow Roce_791_0 13488 finished at 1.28369e+06 total bytes 16000
Flow Roce_514_0 12380 finished at 1.28588e+06 total bytes 16000
Flow Roce_576_0 12628 finished at 1.28589e+06 total bytes 16000
Flow Roce_523_0 12416 finished at 1.28647e+06 total bytes 16000
Flow Roce_575_0 12624 finished at 1.28758e+06 total bytes 16000
Flow Roce_684_0 13060 finished at 1.2882e+06 total bytes 16000
Flow Roce_581_0 12648 finished at 1.28858e+06 total bytes 16000
Flow Roce_683_0 13056 finished at 1.2887e+06 total bytes 16000
Flow Roce_515_0 12384 finished at 1.28881e+06 total bytes 16000
Flow Roce_789_0 13480 finished at 1.2897e+06 total bytes 16000
Flow Roce_784_0 13460 finished at 1.28979e+06 total bytes 16000
Flow Roce_851_0 13728 finished at 1.28983e+06 total bytes 16000
Flow Roce_927_0 14032 finished at 1.28985e+06 total bytes 16000
Flow Roce_582_0 12652 finished at 1.29012e+06 total bytes 16000
Flow Roce_572_0 12612 finished at 1.29013e+06 total bytes 16000
Flow Roce_788_0 13476 finished at 1.29035e+06 total bytes 16000
Flow Roce_672_0 13012 finished at 1.2907e+06 total bytes 16000
Flow Roce_921_0 14008 finished at 1.29134e+06 total bytes 16000
Flow Roce_1002_0 14332 finished at 1.29136e+06 total bytes 16000
Flow Roce_682_0 13052 finished at 1.29217e+06 total bytes 16000
Flow Roce_772_0 13412 finished at 1.29235e+06 total bytes 16000
Flow Roce_586_0 12668 finished at 1.29263e+06 total bytes 16000
Flow Roce_774_0 13420 finished at 1.29344e+06 total bytes 16000
Flow Roce_568_0 12596 finished at 1.29354e+06 total bytes 16000
Flow Roce_786_0 13468 finished at 1.2945e+06 total bytes 16000
Flow Roce_687_0 13072 finished at 1.29496e+06 total bytes 16000
Flow Roce_674_0 13020 finished at 1.29521e+06 total bytes 16000
Flow Roce_1003_0 14336 finished at 1.29526e+06 total bytes 16000
Flow Roce_812_0 13572 finished at 1.29555e+06 total bytes 16000
Flow Roce_808_0 13556 finished at 1.29556e+06 total bytes 16000
Flow Roce_814_0 13580 finished at 1.29561e+06 total bytes 16000
Flow Roce_815_0 13584 finished at 1.29628e+06 total bytes 16000
Flow Roce_925_0 14024 finished at 1.2974e+06 total bytes 16000
Flow Roce_790_0 13484 finished at 1.2982e+06 total bytes 16000
Flow Roce_569_0 12600 finished at 1.29878e+06 total bytes 16000
Flow Roce_570_0 12604 finished at 1.29922e+06 total bytes 16000
Flow Roce_1000_0 14324 finished at 1.29978e+06 total bytes 16000
Flow Roce_1005_0 14344 finished at 1.29984e+06 total bytes 16000
.Flow Roce_929_0 14040 finished at 1.30009e+06 total bytes 16000
Flow Roce_664_0 12980 finished at 1.30171e+06 total bytes 16000
Flow Roce_928_0 14036 finished at 1.30295e+06 total bytes 16000
Flow Roce_1001_0 14328 finished at 1.30348e+06 total bytes 16000
Flow Roce_907_0 13952 finished at 1.3076e+06 total bytes 16000
Flow Roce_873_0 13816 finished at 1.30776e+06 total bytes 16000
Flow Roce_834_0 13660 finished at 1.30857e+06 total bytes 16000
Flow Roce_669_0 13000 finished at 1.30879e+06 total bytes 16000
Flow Roce_933_0 14056 finished at 1.30976e+06 total bytes 16000
Flow Roce_906_0 13948 finished at 1.31104e+06 total bytes 16000
Flow Roce_935_0 14064 finished at 1.31142e+06 total bytes 16000
Flow Roce_671_0 13008 finished at 1.31172e+06 total bytes 16000
Flow Roce_908_0 13956 finished at 1.31251e+06 total bytes 16000
Flow Roce_668_0 12996 finished at 1.31601e+06 total bytes 16000
Flow Roce_910_0 13964 finished at 1.3169e+06 total bytes 16000
Flow Roce_666_0 12988 finished at 1.31706e+06 total bytes 16000
Flow Roce_872_0 13812 finished at 1.31748e+06 total bytes 16000
Flow Roce_909_0 13960 finished at 1.32052e+06 total bytes 16000
Flow Roce_877_0 13832 finished at 1.32118e+06 total bytes 16000
Flow Roce_838_0 13676 finished at 1.32152e+06 total bytes 16000
Flow Roce_665_0 12984 finished at 1.32286e+06 total bytes 16000
Flow Roce_879_0 13840 finished at 1.32432e+06 total bytes 16000
Flow Roce_801_0 13528 finished at 1.32477e+06 total bytes 16000
Flow Roce_878_0 13836 finished at 1.325e+06 total bytes 16000
Flow Roce_839_0 13680 finished at 1.32549e+06 total bytes 16000
Flow Roce_647_0 12912 finished at 1.32576e+06 total bytes 16000
Flow Roce_802_0 13532 finished at 1.32586e+06 total bytes 16000
Flow Roce_590_0 12684 finished at 1.32666e+06 total bytes 16000
Flow Roce_833_0 13656 finished at 1.32826e+06 total bytes 16000
Flow Roce_806_0 13548 finished at 1.3285e+06 total bytes 16000
Flow Roce_640_0 12884 finished at 1.32869e+06 total bytes 16000
Flow Roce_804_0 13540 finished at 1.32896e+06 total bytes 16000
Flow Roce_800_0 13524 finished at 1.32905e+06 total bytes 16000
Flow Roce_837_0 13672 finished at 1.32965e+06 total bytes 16000
Flow Roce_587_0 12672 finished at 1.33118e+06 total bytes 16000
Flow Roce_805_0 13544 finished at 1.33235e+06 total bytes 16000
Flow Roce_807_0 13552 finished at 1.33336e+06 total bytes 16000
Flow Roce_585_0 12664 finished at 1.3352e+06 total bytes 16000
Flow Roce_591_0 12688 finished at 1.33548e+06 total bytes 16000
Flow Roce_644_0 12900 finished at 1.33551e+06 total bytes 16000
Flow Roce_954_0 14140 finished at 1.33563e+06 total bytes 16000
Flow Roce_896_0 13908 finished at 1.33613e+06 total bytes 16000
Flow Roce_709_0 13160 finished at 1.33648e+06 total bytes 16000
Flow Roce_643_0 12896 finished at 1.33665e+06 total bytes 16000
Flow Roce_704_0 13140 finished at 1.3371e+06 total bytes 16000
Flow Roce_705_0 13144 finished at 1.33721e+06 total bytes 16000
Flow Roce_631_0 12848 finished at 1.3378e+06 total bytes 16000
Flow Roce_706_0 13148 finished at 1.33789e+06 total bytes 16000
Flow Roce_708_0 13156 finished at 1.33882e+06 total bytes 16000
Flow Roce_629_0 12840 finished at 1.33908e+06 total bytes 16000
Flow Roce_642_0 12892 finished at 1.33925e+06 total bytes 16000
Flow Roce_897_0 13912 finished at 1.33968e+06 total bytes 16000
Flow Roce_735_0 13264 finished at 1.34045e+06 total bytes 16000
Flow Roce_898_0 13916 finished at 1.34077e+06 total bytes 16000
Flow Roce_630_0 12844 finished at 1.34169e+06 total bytes 16000
Flow Roce_952_0 14132 finished at 1.34177e+06 total bytes 16000
Flow Roce_711_0 13168 finished at 1.34267e+06 total bytes 16000
Flow Roce_729_0 13240 finished at 1.34274e+06 total bytes 16000
Flow Roce_959_0 14160 finished at 1.34332e+06 total bytes 16000
Flow Roce_732_0 13252 finished at 1.34337e+06 total bytes 16000
Flow Roce_733_0 13256 finished at 1.34344e+06 total bytes 16000
Flow Roce_901_0 13928 finished at 1.34362e+06 total bytes 16000
Flow Roce_625_0 12824 finished at 1.34389e+06 total bytes 16000
Flow Roce_641_0 12888 finished at 1.3442e+06 total bytes 16000
Flow Roce_628_0 12836 finished at 1.34468e+06 total bytes 16000
Flow Roce_604_0 12740 finished at 1.34543e+06 total bytes 16000
Flow Roce_956_0 14148 finished at 1.34559e+06 total bytes 16000
Flow Roce_624_0 12820 finished at 1.34563e+06 total bytes 16000
Flow Roce_953_0 14136 finished at 1.34589e+06 total bytes 16000
Flow Roce_603_0 12736 finished at 1.34605e+06 total bytes 16000
Flow Roce_606_0 12748 finished at 1.34642e+06 total bytes 16000
Flow Roce_605_0 12744 finished at 1.34651e+06 total bytes 16000
Flow Roce_626_0 12828 finished at 1.34682e+06 total bytes 16000
Flow Roce_728_0 13236 finished at 1.3469e+06 total bytes 16000
Flow Roce_601_0 12728 finished at 1.34711e+06 total bytes 16000
Flow Roce_607_0 12752 finished at 1.34817e+06 total bytes 16000
Flow Roce_846_0 13708 finished at 1.34828e+06 total bytes 16000
Flow Roce_845_0 13704 finished at 1.34856e+06 total bytes 16000
Flow Roce_900_0 13924 finished at 1.34869e+06 total bytes 16000
Flow Roce_847_0 13712 finished at 1.34899e+06 total bytes 16000
Flow Roce_899_0 13920 finished at 1.3491e+06 total bytes 16000
Flow Roce_842_0 13692 finished at 1.34939e+06 total bytes 16000
Flow Roce_944_0 14100 finished at 1.34956e+06 total bytes 16000
Flow Roce_902_0 13932 finished at 1.34958e+06 total bytes 16000
.Flow Roce_949_0 14120 finished at 1.35032e+06 total bytes 16000
Flow Roce_844_0 13700 finished at 1.35052e+06 total bytes 16000
Flow Roce_945_0 14104 finished at 1.35055e+06 total bytes 16000
Flow Roce_841_0 13688 finished at 1.3507e+06 total bytes 16000
Flow Roce_950_0 14124 finished at 1.35072e+06 total bytes 16000
Flow Roce_948_0 14116 finished at 1.35074e+06 total bytes 16000
Flow Roce_843_0 13696 finished at 1.35098e+06 total bytes 16000
Flow Roce_951_0 14128 finished at 1.35102e+06 total bytes 16000
Flow Roce_947_0 14112 finished at 1.35127e+06 total bytes 16000
New: 0 Rtx: 0
OVERFLOW_COUNT 0
