.Flow Roce_123_0 3232 finished at 72519.2 total bytes 4000
Flow Roce_63_0 3200 finished at 73753.7 total bytes 4000
Flow Roce_112_0 2944 finished at 78008.7 total bytes 4000
Flow Roce_125_0 3132 finished at 78229.4 total bytes 4000
Flow Roce_75_0 2916 finished at 78667.7 total bytes 4000
Flow Roce_117_0 3160 finished at 80662.6 total bytes 4000
Flow Roce_83_0 2984 finished at 81581.3 total bytes 4000
Flow Roce_60_0 2940 finished at 81746.2 total bytes 4000
Flow Roce_57_0 3084 finished at 82797.5 total bytes 4000
Flow Roce_33_0 3244 finished at 83342.1 total bytes 4000
Flow Roce_41_0 3136 finished at 83386 total bytes 4000
Flow Roce_40_0 2840 finished at 83860.1 total bytes 4000
Flow Roce_43_0 3024 finished at 83953.9 total bytes 4000
Flow Roce_38_0 3052 finished at 84062.1 total bytes 4000
Flow Roce_52_0 2884 finished at 84126.3 total bytes 4000
Flow Roce_19_0 2988 finished at 84379.3 total bytes 4000
Flow Roce_53_0 2948 finished at 84416.8 total bytes 4000
Flow Roce_113_0 2816 finished at 84588.3 total bytes 4000
Flow Roce_16_0 3240 finished at 84715.5 total bytes 4000
Flow Roce_87_0 2876 finished at 84935.7 total bytes 4000
Flow Roce_27_0 3208 finished at 84947.9 total bytes 4000
Flow Roce_36_0 2928 finished at 84967.1 total bytes 4000
Flow Roce_68_0 3092 finished at 85601.4 total bytes 4000
Flow Roce_89_0 2996 finished at 86235.6 total bytes 4000
Flow Roce_49_0 3216 finished at 86294.8 total bytes 4000
Flow Roce_21_0 2844 finished at 86419.6 total bytes 4000
Flow Roce_22_0 2820 finished at 86517.6 total bytes 4000
Flow Roce_78_0 3180 finished at 86544.5 total bytes 4000
Flow Roce_116_0 2848 finished at 86713.7 total bytes 4000
Flow Roce_51_0 2780 finished at 86785.2 total bytes 4000
Flow Roce_35_0 3156 finished at 86840 total bytes 4000
Flow Roce_72_0 2964 finished at 86874.9 total bytes 4000
Flow Roce_76_0 3144 finished at 87127.9 total bytes 4000
Flow Roce_61_0 3224 finished at 87265.7 total bytes 4000
Flow Roce_32_0 2980 finished at 87403.9 total bytes 4000
Flow Roce_70_0 3116 finished at 87510.2 total bytes 4000
Flow Roce_119_0 3080 finished at 87518.3 total bytes 4000
Flow Roce_127_0 2764 finished at 87593.4 total bytes 4000
Flow Roce_121_0 3012 finished at 87594.6 total bytes 4000
Flow Roce_42_0 2776 finished at 87597 total bytes 4000
Flow Roce_23_0 2864 finished at 87674.4 total bytes 4000
Flow Roce_26_0 2972 finished at 87676.4 total bytes 4000
Flow Roce_66_0 3000 finished at 87763.8 total bytes 4000
Flow Roce_118_0 3176 finished at 87770.3 total bytes 4000
Flow Roce_104_0 3124 finished at 88162.8 total bytes 4000
Flow Roce_65_0 3020 finished at 88197.3 total bytes 4000
Flow Roce_122_0 2812 finished at 88240.9 total bytes 4000
Flow Roce_111_0 3040 finished at 88339.6 total bytes 4000
Flow Roce_114_0 3108 finished at 88543.9 total bytes 4000
Flow Roce_34_0 2900 finished at 88673 total bytes 4000
Flow Roce_103_0 3256 finished at 88779.4 total bytes 4000
Flow Roce_96_0 2824 finished at 88780.3 total bytes 4000
Flow Roce_47_0 2896 finished at 88793.1 total bytes 4000
Flow Roce_93_0 3152 finished at 88831.6 total bytes 4000
Flow Roce_124_0 2792 finished at 89208.4 total bytes 4000
Flow Roce_71_0 3076 finished at 89234.6 total bytes 4000
Flow Roce_90_0 3164 finished at 89263.3 total bytes 4000
Flow Roce_88_0 2872 finished at 89279.3 total bytes 4000
Flow Roce_48_0 2952 finished at 89293.8 total bytes 4000
Flow Roce_105_0 3064 finished at 89443.7 total bytes 4000
Flow Roce_79_0 3008 finished at 89464 total bytes 4000
Flow Roce_101_0 3212 finished at 89627.9 total bytes 4000
Flow Roce_86_0 2772 finished at 89630.6 total bytes 4000
Flow Roce_64_0 3236 finished at 89680.1 total bytes 4000
Flow Roce_54_0 3044 finished at 89857.7 total bytes 4000
Flow Roce_91_0 3096 finished at 90059 total bytes 4000
Flow Roce_62_0 2912 finished at 90086.8 total bytes 4000
Flow Roce_84_0 3220 finished at 90123.2 total bytes 4000
Flow Roce_99_0 3172 finished at 90154.9 total bytes 4000
Flow Roce_55_0 3100 finished at 90164.8 total bytes 4000
Flow Roce_81_0 2856 finished at 90179.6 total bytes 4000
Flow Roce_120_0 3028 finished at 90239.9 total bytes 4000
Flow Roce_31_0 2960 finished at 90258.8 total bytes 4000
Flow Roce_24_0 3036 finished at 90317.2 total bytes 4000
Flow Roce_69_0 2932 finished at 90429.2 total bytes 4000
Flow Roce_17_0 2832 finished at 90809.7 total bytes 4000
Flow Roce_73_0 3264 finished at 90843.1 total bytes 4000
Flow Roce_44_0 2796 finished at 90973.6 total bytes 4000
Flow Roce_100_0 2860 finished at 91004.9 total bytes 4000
Flow Roce_20_0 2992 finished at 91053.2 total bytes 4000
Flow Roce_94_0 2892 finished at 91092.1 total bytes 4000
Flow Roce_56_0 3184 finished at 91144.4 total bytes 4000
Flow Roce_50_0 3188 finished at 91157.4 total bytes 4000
Flow Roce_18_0 3268 finished at 91201.1 total bytes 4000
Flow Roce_29_0 3088 finished at 91221.3 total bytes 4000
Flow Roce_110_0 2976 finished at 91448.6 total bytes 4000
Flow Roce_80_0 2888 finished at 91464.1 total bytes 4000
Flow Roce_126_0 3032 finished at 91469.7 total bytes 4000
Flow Roce_45_0 3068 finished at 91488.3 total bytes 4000
Flow Roce_92_0 3048 finished at 91610.6 total bytes 4000
Flow Roce_37_0 2800 finished at 91675.3 total bytes 4000
Flow Roce_58_0 3228 finished at 91707.7 total bytes 4000
Flow Roce_28_0 3104 finished at 91798 total bytes 4000
Flow Roce_95_0 2804 finished at 91941.3 total bytes 4000
Flow Roce_30_0 3148 finished at 92015 total bytes 4000
Flow Roce_46_0 2788 finished at 92072.8 total bytes 4000
Flow Roce_85_0 3016 finished at 92100.9 total bytes 4000
Flow Roce_108_0 2852 finished at 92224.9 total bytes 4000
Flow Roce_67_0 2956 finished at 92273.7 total bytes 4000
Flow Roce_59_0 3056 finished at 92381 total bytes 4000
Flow Roce_102_0 2880 finished at 92402.1 total bytes 4000
Flow Roce_77_0 2924 finished at 92486 total bytes 4000
Flow Roce_25_0 2836 finished at 92575 total bytes 4000
Flow Roce_97_0 3072 finished at 92607.8 total bytes 4000
Flow Roce_106_0 2968 finished at 92702.5 total bytes 4000
Flow Roce_74_0 3004 finished at 92780.5 total bytes 4000
Flow Roce_98_0 3252 finished at 92813.1 total bytes 4000
Flow Roce_109_0 3260 finished at 92944.7 total bytes 4000
Flow Roce_39_0 2768 finished at 93013 total bytes 4000
Flow Roce_82_0 3060 finished at 93043.7 total bytes 4000
Flow Roce_107_0 3192 finished at 93094.5 total bytes 4000
Flow Roce_115_0 3120 finished at 93313 total bytes 4000
Flow Roce_6_0 2920 finished at 93588.6 total bytes 4000
Flow Roce_15_0 2808 finished at 93662.5 total bytes 4000
Flow Roce_12_0 2936 finished at 93722.3 total bytes 4000
Flow Roce_9_0 3248 finished at 93816.3 total bytes 4000
Flow Roce_11_0 2904 finished at 93817.4 total bytes 4000
Flow Roce_5_0 2784 finished at 93858.4 total bytes 4000
Flow Roce_2_0 3112 finished at 93861.3 total bytes 4000
Flow Roce_4_0 3196 finished at 93934.5 total bytes 4000
Flow Roce_13_0 3204 finished at 94132.5 total bytes 4000
Flow Roce_10_0 2868 finished at 94221.1 total bytes 4000
Flow Roce_14_0 3140 finished at 94255.6 total bytes 4000
Flow Roce_7_0 2908 finished at 94274.1 total bytes 4000
Flow Roce_8_0 2828 finished at 94339.8 total bytes 4000
Flow Roce_3_0 3128 finished at 94554.6 total bytes 4000
Flow Roce_1_0 3168 finished at 94646.7 total bytes 4000
New: 0 Rtx: 0
OVERFLOW_COUNT 0
