..........|.......Flow Roce_737_0 15404 finished at 942203 total bytes 25000
.Flow Roce_509_0 15496 finished at 990761 total bytes 25000
.Flow Roce_330_0 15500 finished at 1.04246e+06 total bytes 25000
.Flow Roce_776_0 14084 finished at 1.09935e+06 total bytes 25000
|Flow Roce_516_0 14028 finished at 1.11769e+06 total bytes 25000
Flow Roce_779_0 14316 finished at 1.13239e+06 total bytes 25000
Flow Roce_782_0 12960 finished at 1.13673e+06 total bytes 25000
..Flow Roce_367_0 13560 finished at 1.24954e+06 total bytes 25000
.Flow Roce_368_0 14488 finished at 1.28952e+06 total bytes 25000
.Flow Roce_364_0 12504 finished at 1.33817e+06 total bytes 25000
Flow Roce_366_0 15708 finished at 1.3462e+06 total bytes 25000
.Flow Roce_261_0 13144 finished at 1.38883e+06 total bytes 25000
..Flow Roce_948_0 14728 finished at 1.46332e+06 total bytes 25000
Flow Roce_628_0 15676 finished at 1.46686e+06 total bytes 25000
Flow Roce_627_0 15128 finished at 1.47099e+06 total bytes 25000
.Flow Roce_626_0 13708 finished at 1.50044e+06 total bytes 25000
Flow Roce_135_0 13384 finished at 1.51818e+06 total bytes 25000
Flow Roce_133_0 15772 finished at 1.52052e+06 total bytes 25000
Flow Roce_303_0 14864 finished at 1.52366e+06 total bytes 25000
Flow Roce_128_0 13688 finished at 1.54452e+06 total bytes 25000
Flow Roce_129_0 15300 finished at 1.54689e+06 total bytes 25000
.Flow Roce_219_0 15084 finished at 1.57127e+06 total bytes 25000
.Flow Roce_497_0 15716 finished at 1.6057e+06 total bytes 25000
Flow Roce_500_0 16392 finished at 1.6064e+06 total bytes 25000
Flow Roce_298_0 15556 finished at 1.64441e+06 total bytes 25000
Flow Roce_882_0 13100 finished at 1.64623e+06 total bytes 25000
|Flow Roce_221_0 14656 finished at 1.6539e+06 total bytes 25000
Flow Roce_300_0 13604 finished at 1.66074e+06 total bytes 25000
Flow Roce_887_0 13784 finished at 1.68604e+06 total bytes 25000
Flow Roce_97_0 16396 finished at 1.68794e+06 total bytes 25000
.Flow Roce_100_0 13372 finished at 1.72107e+06 total bytes 25000
Flow Roce_679_0 15016 finished at 1.72768e+06 total bytes 25000
Flow Roce_657_0 13992 finished at 1.72937e+06 total bytes 25000
.Flow Roce_172_0 15548 finished at 1.75683e+06 total bytes 25000
Flow Roce_175_0 15884 finished at 1.75684e+06 total bytes 25000
Flow Roce_663_0 15888 finished at 1.75733e+06 total bytes 25000
..Flow Roce_751_0 15932 finished at 1.86004e+06 total bytes 25000
Flow Roce_905_0 12784 finished at 1.87639e+06 total bytes 25000
Flow Roce_911_0 13536 finished at 1.87936e+06 total bytes 25000
Flow Roce_609_0 12496 finished at 1.88383e+06 total bytes 25000
Flow Roce_339_0 13136 finished at 1.8852e+06 total bytes 25000
Flow Roce_904_0 16076 finished at 1.88773e+06 total bytes 25000
.Flow Roce_612_0 12996 finished at 1.92057e+06 total bytes 25000
Flow Roce_610_0 14716 finished at 1.92446e+06 total bytes 25000
Flow Roce_987_0 12568 finished at 1.9408e+06 total bytes 25000
.Flow Roce_984_0 16188 finished at 1.95087e+06 total bytes 25000
Flow Roce_986_0 14720 finished at 1.96244e+06 total bytes 25000
Flow Roce_988_0 13968 finished at 1.96604e+06 total bytes 25000
Flow Roce_874_0 16052 finished at 1.98498e+06 total bytes 25000
Flow Roce_456_0 12556 finished at 1.98991e+06 total bytes 25000
Flow Roce_926_0 15140 finished at 1.99625e+06 total bytes 25000
.Flow Roce_459_0 14596 finished at 2.00009e+06 total bytes 25000
Flow Roce_337_0 13352 finished at 2.01574e+06 total bytes 25000
Flow Roce_460_0 13164 finished at 2.02041e+06 total bytes 25000
Flow Roce_458_0 12776 finished at 2.02329e+06 total bytes 25000
Flow Roce_342_0 14304 finished at 2.02405e+06 total bytes 25000
Flow Roce_338_0 13780 finished at 2.02452e+06 total bytes 25000
Flow Roce_123_0 14068 finished at 2.026e+06 total bytes 25000
Flow Roce_924_0 16316 finished at 2.03509e+06 total bytes 25000
Flow Roce_923_0 15944 finished at 2.04403e+06 total bytes 25000
Flow Roce_921_0 14856 finished at 2.04626e+06 total bytes 25000
.Flow Roce_877_0 13364 finished at 2.05706e+06 total bytes 25000
Flow Roce_127_0 14300 finished at 2.09079e+06 total bytes 25000
.Flow Roce_270_0 12616 finished at 2.12853e+06 total bytes 25000
Flow Roce_872_0 14392 finished at 2.13817e+06 total bytes 25000
Flow Roce_266_0 14640 finished at 2.14395e+06 total bytes 25000
Flow Roce_464_0 15600 finished at 2.14499e+06 total bytes 25000
Flow Roce_268_0 13124 finished at 2.14567e+06 total bytes 25000
Flow Roce_973_0 14228 finished at 2.14989e+06 total bytes 25000
.Flow Roce_301_0 14424 finished at 2.1568e+06 total bytes 25000
Flow Roce_974_0 16108 finished at 2.1661e+06 total bytes 25000
Flow Roce_231_0 15424 finished at 2.16895e+06 total bytes 25000
Flow Roce_302_0 15512 finished at 2.17581e+06 total bytes 25000
Flow Roce_296_0 12868 finished at 2.17896e+06 total bytes 25000
Flow Roce_229_0 15352 finished at 2.18032e+06 total bytes 25000
Flow Roce_299_0 14976 finished at 2.18509e+06 total bytes 25000
Flow Roce_290_0 13376 finished at 2.18791e+06 total bytes 25000
Flow Roce_297_0 16196 finished at 2.18897e+06 total bytes 25000
Flow Roce_289_0 15120 finished at 2.19252e+06 total bytes 25000
|Flow Roce_470_0 15668 finished at 2.20848e+06 total bytes 25000
Flow Roce_969_0 12724 finished at 2.20851e+06 total bytes 25000
Flow Roce_228_0 16248 finished at 2.21961e+06 total bytes 25000
Flow Roce_114_0 13116 finished at 2.22603e+06 total bytes 25000
Flow Roce_117_0 15488 finished at 2.22742e+06 total bytes 25000
.Flow Roce_998_0 14748 finished at 2.26676e+06 total bytes 25000
Flow Roce_994_0 15080 finished at 2.27318e+06 total bytes 25000
.Flow Roce_684_0 14568 finished at 2.33426e+06 total bytes 25000
Flow Roce_682_0 15156 finished at 2.34715e+06 total bytes 25000
.Flow Roce_209_0 13236 finished at 2.35324e+06 total bytes 25000
Flow Roce_214_0 14200 finished at 2.3577e+06 total bytes 25000
Flow Roce_484_0 16416 finished at 2.36984e+06 total bytes 25000
Flow Roce_483_0 13320 finished at 2.37772e+06 total bytes 25000
Flow Roce_482_0 13104 finished at 2.384e+06 total bytes 25000
Flow Roce_891_0 14532 finished at 2.39078e+06 total bytes 25000
Flow Roce_687_0 16096 finished at 2.39102e+06 total bytes 25000
Flow Roce_893_0 12648 finished at 2.39638e+06 total bytes 25000
.Flow Roce_888_0 12968 finished at 2.432e+06 total bytes 25000
Flow Roce_649_0 12676 finished at 2.43334e+06 total bytes 25000
.Flow Roce_87_0 15036 finished at 2.45577e+06 total bytes 25000
Flow Roce_654_0 13856 finished at 2.4568e+06 total bytes 25000
Flow Roce_601_0 14796 finished at 2.4774e+06 total bytes 25000
Flow Roce_198_0 12372 finished at 2.47785e+06 total bytes 25000
Flow Roce_604_0 16056 finished at 2.47874e+06 total bytes 25000
Flow Roce_695_0 15384 finished at 2.48152e+06 total bytes 25000
Flow Roce_691_0 15992 finished at 2.48431e+06 total bytes 25000
Flow Roce_928_0 14904 finished at 2.48584e+06 total bytes 25000
Flow Roce_694_0 16212 finished at 2.48643e+06 total bytes 25000
Flow Roce_648_0 12800 finished at 2.48668e+06 total bytes 25000
Flow Roce_193_0 15464 finished at 2.49126e+06 total bytes 25000
.Flow Roce_931_0 12572 finished at 2.50501e+06 total bytes 25000
Flow Roce_80_0 13888 finished at 2.50746e+06 total bytes 25000
Flow Roce_73_0 15612 finished at 2.51186e+06 total bytes 25000
Flow Roce_933_0 13656 finished at 2.51233e+06 total bytes 25000
Flow Roce_922_0 13184 finished at 2.51392e+06 total bytes 25000
Flow Roce_653_0 12480 finished at 2.51447e+06 total bytes 25000
Flow Roce_587_0 12464 finished at 2.5196e+06 total bytes 25000
Flow Roce_920_0 12884 finished at 2.52215e+06 total bytes 25000
Flow Roce_689_0 14520 finished at 2.52476e+06 total bytes 25000
Flow Roce_692_0 15332 finished at 2.52891e+06 total bytes 25000
Flow Roce_72_0 15552 finished at 2.53496e+06 total bytes 25000
Flow Roce_192_0 14564 finished at 2.53529e+06 total bytes 25000
Flow Roce_76_0 13624 finished at 2.53599e+06 total bytes 25000
Flow Roce_194_0 13896 finished at 2.53941e+06 total bytes 25000
Flow Roce_606_0 16328 finished at 2.54155e+06 total bytes 25000
Flow Roce_929_0 12452 finished at 2.54296e+06 total bytes 25000
Flow Roce_588_0 15184 finished at 2.54313e+06 total bytes 25000
.Flow Roce_690_0 15616 finished at 2.57063e+06 total bytes 25000
Flow Roce_584_0 15736 finished at 2.57438e+06 total bytes 25000
Flow Roce_81_0 14320 finished at 2.57606e+06 total bytes 25000
Flow Roce_77_0 14504 finished at 2.58068e+06 total bytes 25000
Flow Roce_961_0 14080 finished at 2.58303e+06 total bytes 25000
Flow Roce_927_0 16004 finished at 2.58376e+06 total bytes 25000
Flow Roce_827_0 12720 finished at 2.58943e+06 total bytes 25000
Flow Roce_925_0 15560 finished at 2.59246e+06 total bytes 25000
Flow Roce_311_0 16088 finished at 2.59248e+06 total bytes 25000
.Flow Roce_75_0 14932 finished at 2.60084e+06 total bytes 25000
Flow Roce_304_0 16140 finished at 2.60682e+06 total bytes 25000
Flow Roce_79_0 15280 finished at 2.60758e+06 total bytes 25000
Flow Roce_74_0 12548 finished at 2.60967e+06 total bytes 25000
Flow Roce_966_0 12972 finished at 2.61177e+06 total bytes 25000
Flow Roce_965_0 13340 finished at 2.61259e+06 total bytes 25000
Flow Roce_310_0 13504 finished at 2.61489e+06 total bytes 25000
Flow Roce_78_0 13192 finished at 2.61739e+06 total bytes 25000
Flow Roce_688_0 14140 finished at 2.61807e+06 total bytes 25000
Flow Roce_693_0 14040 finished at 2.63071e+06 total bytes 25000
Flow Roce_306_0 15304 finished at 2.63804e+06 total bytes 25000
Flow Roce_641_0 14516 finished at 2.63967e+06 total bytes 25000
Flow Roce_647_0 15316 finished at 2.64218e+06 total bytes 25000
.Flow Roce_838_0 14816 finished at 2.65879e+06 total bytes 25000
Flow Roce_242_0 12792 finished at 2.66388e+06 total bytes 25000
Flow Roce_1022_0 14436 finished at 2.6654e+06 total bytes 25000
Flow Roce_703_0 16272 finished at 2.66914e+06 total bytes 25000
.Flow Roce_1019_0 16244 finished at 2.70505e+06 total bytes 25000
Flow Roce_599_0 15640 finished at 2.71001e+06 total bytes 25000
Flow Roce_598_0 12824 finished at 2.71083e+06 total bytes 25000
Flow Roce_1020_0 16336 finished at 2.71805e+06 total bytes 25000
Flow Roce_698_0 14948 finished at 2.72145e+06 total bytes 25000
Flow Roce_592_0 15832 finished at 2.72336e+06 total bytes 25000
Flow Roce_579_0 15260 finished at 2.72785e+06 total bytes 25000
Flow Roce_577_0 15100 finished at 2.73189e+06 total bytes 25000
Flow Roce_597_0 13528 finished at 2.73609e+06 total bytes 25000
Flow Roce_520_0 16104 finished at 2.73779e+06 total bytes 25000
Flow Roce_696_0 14580 finished at 2.73812e+06 total bytes 25000
Flow Roce_241_0 15048 finished at 2.74714e+06 total bytes 25000
Flow Roce_247_0 12564 finished at 2.74777e+06 total bytes 25000
|Flow Roce_735_0 13700 finished at 2.75143e+06 total bytes 25000
Flow Roce_595_0 13152 finished at 2.75157e+06 total bytes 25000
Flow Roce_839_0 15144 finished at 2.75259e+06 total bytes 25000
Flow Roce_358_0 12852 finished at 2.7676e+06 total bytes 25000
Flow Roce_941_0 13344 finished at 2.77702e+06 total bytes 25000
Flow Roce_939_0 16176 finished at 2.78936e+06 total bytes 25000
.Flow Roce_356_0 15196 finished at 2.80205e+06 total bytes 25000
Flow Roce_524_0 12880 finished at 2.81346e+06 total bytes 25000
Flow Roce_240_0 12560 finished at 2.81363e+06 total bytes 25000
Flow Roce_942_0 13764 finished at 2.84634e+06 total bytes 25000
Flow Roce_937_0 15516 finished at 2.84676e+06 total bytes 25000
.Flow Roce_1015_0 16232 finished at 2.86035e+06 total bytes 25000
Flow Roce_631_0 14496 finished at 2.86056e+06 total bytes 25000
Flow Roce_91_0 14108 finished at 2.86327e+06 total bytes 25000
Flow Roce_800_0 12992 finished at 2.86622e+06 total bytes 25000
Flow Roce_276_0 15820 finished at 2.87888e+06 total bytes 25000
Flow Roce_274_0 14872 finished at 2.882e+06 total bytes 25000
Flow Roce_279_0 13824 finished at 2.88413e+06 total bytes 25000
Flow Roce_629_0 13332 finished at 2.88897e+06 total bytes 25000
Flow Roce_666_0 16296 finished at 2.89511e+06 total bytes 25000
Flow Roce_729_0 16116 finished at 2.89869e+06 total bytes 25000
.Flow Roce_664_0 15520 finished at 2.90382e+06 total bytes 25000
Flow Roce_95_0 14540 finished at 2.90592e+06 total bytes 25000
Flow Roce_94_0 15632 finished at 2.9113e+06 total bytes 25000
Flow Roce_667_0 13592 finished at 2.91191e+06 total bytes 25000
Flow Roce_93_0 14592 finished at 2.91408e+06 total bytes 25000
Flow Roce_728_0 14896 finished at 2.91629e+06 total bytes 25000
Flow Roce_88_0 14224 finished at 2.91699e+06 total bytes 25000
Flow Roce_898_0 15064 finished at 2.92e+06 total bytes 25000
Flow Roce_624_0 15808 finished at 2.92297e+06 total bytes 25000
Flow Roce_801_0 14008 finished at 2.93099e+06 total bytes 25000
Flow Roce_913_0 14588 finished at 2.94232e+06 total bytes 25000
.Flow Roce_900_0 12672 finished at 2.95453e+06 total bytes 25000
Flow Roce_321_0 14688 finished at 2.95551e+06 total bytes 25000
Flow Roce_280_0 15524 finished at 2.95697e+06 total bytes 25000
Flow Roce_902_0 13492 finished at 2.95976e+06 total bytes 25000
Flow Roce_916_0 12788 finished at 2.9626e+06 total bytes 25000
Flow Roce_630_0 15904 finished at 2.96286e+06 total bytes 25000
Flow Roce_862_0 15320 finished at 2.96314e+06 total bytes 25000
Flow Roce_320_0 15480 finished at 2.96347e+06 total bytes 25000
Flow Roce_625_0 12836 finished at 2.96361e+06 total bytes 25000
Flow Roce_282_0 14268 finished at 2.96369e+06 total bytes 25000
Flow Roce_897_0 12920 finished at 2.96395e+06 total bytes 25000
Flow Roce_855_0 13288 finished at 2.96476e+06 total bytes 25000
Flow Roce_955_0 14500 finished at 2.96761e+06 total bytes 25000
Flow Roce_954_0 15264 finished at 2.9716e+06 total bytes 25000
Flow Roce_958_0 15824 finished at 2.9716e+06 total bytes 25000
Flow Roce_919_0 12988 finished at 2.97322e+06 total bytes 25000
Flow Roce_918_0 16124 finished at 2.97586e+06 total bytes 25000
Flow Roce_561_0 15068 finished at 2.98346e+06 total bytes 25000
Flow Roce_533_0 12712 finished at 2.98442e+06 total bytes 25000
Flow Roce_390_0 14928 finished at 2.98857e+06 total bytes 25000
Flow Roce_896_0 13000 finished at 2.99283e+06 total bytes 25000
Flow Roce_903_0 16280 finished at 2.99644e+06 total bytes 25000
Flow Roce_316_0 15916 finished at 2.9981e+06 total bytes 25000
.Flow Roce_859_0 14780 finished at 3.00195e+06 total bytes 25000
Flow Roce_313_0 14432 finished at 3.00936e+06 total bytes 25000
Flow Roce_621_0 15436 finished at 3.01034e+06 total bytes 25000
Flow Roce_283_0 13948 finished at 3.01305e+06 total bytes 25000
Flow Roce_532_0 15768 finished at 3.01692e+06 total bytes 25000
Flow Roce_323_0 14732 finished at 3.01966e+06 total bytes 25000
Flow Roce_863_0 15576 finished at 3.02343e+06 total bytes 25000
Flow Roce_901_0 12600 finished at 3.02359e+06 total bytes 25000
Flow Roce_617_0 13812 finished at 3.03663e+06 total bytes 25000
Flow Roce_572_0 14272 finished at 3.03708e+06 total bytes 25000
Flow Roce_806_0 15680 finished at 3.04147e+06 total bytes 25000
Flow Roce_286_0 13112 finished at 3.04234e+06 total bytes 25000
Flow Roce_281_0 12888 finished at 3.04333e+06 total bytes 25000
Flow Roce_472_0 15224 finished at 3.04797e+06 total bytes 25000
.Flow Roce_850_0 16100 finished at 3.05405e+06 total bytes 25000
Flow Roce_477_0 12640 finished at 3.05707e+06 total bytes 25000
Flow Roce_841_0 15788 finished at 3.06033e+06 total bytes 25000
Flow Roce_528_0 13608 finished at 3.0614e+06 total bytes 25000
Flow Roce_622_0 13488 finished at 3.0666e+06 total bytes 25000
Flow Roce_478_0 13596 finished at 3.07327e+06 total bytes 25000
Flow Roce_623_0 16368 finished at 3.07802e+06 total bytes 25000
Flow Roce_314_0 15288 finished at 3.08308e+06 total bytes 25000
Flow Roce_842_0 15228 finished at 3.08895e+06 total bytes 25000
Flow Roce_324_0 13020 finished at 3.09265e+06 total bytes 25000
Flow Roce_854_0 14576 finished at 3.09372e+06 total bytes 25000
Flow Roce_474_0 13884 finished at 3.09949e+06 total bytes 25000
Flow Roce_450_0 15976 finished at 3.09995e+06 total bytes 25000
.Flow Roce_790_0 15864 finished at 3.10092e+06 total bytes 25000
Flow Roce_848_0 15244 finished at 3.10359e+06 total bytes 25000
Flow Roce_813_0 12644 finished at 3.13151e+06 total bytes 25000
Flow Roce_476_0 13716 finished at 3.13488e+06 total bytes 25000
Flow Roce_455_0 12456 finished at 3.13517e+06 total bytes 25000
Flow Roce_899_0 14840 finished at 3.14478e+06 total bytes 25000
Flow Roce_319_0 13732 finished at 3.14539e+06 total bytes 25000
Flow Roce_785_0 14056 finished at 3.14786e+06 total bytes 25000
Flow Roce_92_0 14600 finished at 3.14891e+06 total bytes 25000
.Flow Roce_90_0 13220 finished at 3.15298e+06 total bytes 25000
Flow Roce_770_0 13556 finished at 3.1553e+06 total bytes 25000
Flow Roce_868_0 16452 finished at 3.15633e+06 total bytes 25000
Flow Roce_165_0 15400 finished at 3.17431e+06 total bytes 25000
Flow Roce_979_0 16236 finished at 3.17638e+06 total bytes 25000
Flow Roce_983_0 13864 finished at 3.17708e+06 total bytes 25000
Flow Roce_380_0 15940 finished at 3.178e+06 total bytes 25000
Flow Roce_565_0 15628 finished at 3.17855e+06 total bytes 25000
Flow Roce_982_0 13796 finished at 3.17866e+06 total bytes 25000
Flow Roce_479_0 12832 finished at 3.18021e+06 total bytes 25000
Flow Roce_383_0 14348 finished at 3.18135e+06 total bytes 25000
Flow Roce_315_0 14624 finished at 3.1833e+06 total bytes 25000
Flow Roce_808_0 16404 finished at 3.18878e+06 total bytes 25000
Flow Roce_768_0 13068 finished at 3.19076e+06 total bytes 25000
Flow Roce_717_0 13484 finished at 3.19717e+06 total bytes 25000
Flow Roce_568_0 15732 finished at 3.19904e+06 total bytes 25000
Flow Roce_381_0 13128 finished at 3.19961e+06 total bytes 25000
.Flow Roce_449_0 16240 finished at 3.20018e+06 total bytes 25000
Flow Roce_757_0 13900 finished at 3.20033e+06 total bytes 25000
Flow Roce_317_0 13204 finished at 3.20247e+06 total bytes 25000
Flow Roce_312_0 13084 finished at 3.20308e+06 total bytes 25000
Flow Roce_89_0 15980 finished at 3.20427e+06 total bytes 25000
Flow Roce_977_0 13996 finished at 3.20782e+06 total bytes 25000
Flow Roce_318_0 15276 finished at 3.20942e+06 total bytes 25000
Flow Roce_771_0 14740 finished at 3.21497e+06 total bytes 25000
Flow Roce_407_0 15416 finished at 3.21794e+06 total bytes 25000
Flow Roce_791_0 14036 finished at 3.21874e+06 total bytes 25000
Flow Roce_384_0 15984 finished at 3.21957e+06 total bytes 25000
Flow Roce_387_0 13172 finished at 3.22081e+06 total bytes 25000
Flow Roce_448_0 13072 finished at 3.22203e+06 total bytes 25000
Flow Roce_976_0 13408 finished at 3.23022e+06 total bytes 25000
Flow Roce_765_0 12680 finished at 3.23089e+06 total bytes 25000
Flow Roce_665_0 15344 finished at 3.23164e+06 total bytes 25000
Flow Roce_861_0 15948 finished at 3.24033e+06 total bytes 25000
Flow Roce_978_0 14132 finished at 3.24532e+06 total bytes 25000
Flow Roce_488_0 12636 finished at 3.24546e+06 total bytes 25000
Flow Roce_812_0 14608 finished at 3.2457e+06 total bytes 25000
Flow Roce_981_0 14632 finished at 3.24776e+06 total bytes 25000
Flow Roce_705_0 12436 finished at 3.24984e+06 total bytes 25000
.Flow Roce_680_0 15972 finished at 3.25121e+06 total bytes 25000
Flow Roce_685_0 14136 finished at 3.25671e+06 total bytes 25000
Flow Roce_271_0 14104 finished at 3.25803e+06 total bytes 25000
Flow Roce_769_0 12740 finished at 3.26005e+06 total bytes 25000
Flow Roce_161_0 15112 finished at 3.26145e+06 total bytes 25000
Flow Roce_668_0 16412 finished at 3.26179e+06 total bytes 25000
Flow Roce_68_0 13216 finished at 3.26372e+06 total bytes 25000
Flow Roce_867_0 16068 finished at 3.26642e+06 total bytes 25000
Flow Roce_796_0 13788 finished at 3.26966e+06 total bytes 25000
Flow Roce_267_0 13016 finished at 3.27096e+06 total bytes 25000
Flow Roce_669_0 13180 finished at 3.27156e+06 total bytes 25000
Flow Roce_767_0 14812 finished at 3.27229e+06 total bytes 25000
Flow Roce_382_0 13684 finished at 3.27306e+06 total bytes 25000
Flow Roce_560_0 12388 finished at 3.27426e+06 total bytes 25000
Flow Roce_763_0 15116 finished at 3.27479e+06 total bytes 25000
Flow Roce_265_0 15460 finished at 3.27801e+06 total bytes 25000
Flow Roce_707_0 13108 finished at 3.27869e+06 total bytes 25000
Flow Roce_264_0 13904 finished at 3.2811e+06 total bytes 25000
Flow Roce_411_0 13988 finished at 3.28169e+06 total bytes 25000
Flow Roce_269_0 13816 finished at 3.28262e+06 total bytes 25000
Flow Roce_710_0 13516 finished at 3.28885e+06 total bytes 25000
Flow Roce_412_0 15124 finished at 3.29117e+06 total bytes 25000
Flow Roce_772_0 13876 finished at 3.29422e+06 total bytes 25000
Flow Roce_795_0 15996 finished at 3.29478e+06 total bytes 25000
|Flow Roce_773_0 15592 finished at 3.30259e+06 total bytes 25000
Flow Roce_559_0 13256 finished at 3.30308e+06 total bytes 25000
Flow Roce_858_0 16180 finished at 3.30582e+06 total bytes 25000
Flow Roce_865_0 12688 finished at 3.30585e+06 total bytes 25000
Flow Roce_864_0 12532 finished at 3.306e+06 total bytes 25000
Flow Roce_379_0 13600 finished at 3.30898e+06 total bytes 25000
Flow Roce_445_0 12424 finished at 3.30969e+06 total bytes 25000
Flow Roce_755_0 15000 finished at 3.31102e+06 total bytes 25000
Flow Roce_794_0 13308 finished at 3.31252e+06 total bytes 25000
Flow Roce_821_0 12512 finished at 3.3135e+06 total bytes 25000
Flow Roce_871_0 15812 finished at 3.31464e+06 total bytes 25000
Flow Roce_715_0 12376 finished at 3.31549e+06 total bytes 25000
Flow Roce_586_0 12768 finished at 3.31945e+06 total bytes 25000
Flow Roce_65_0 16440 finished at 3.32471e+06 total bytes 25000
Flow Roce_681_0 16020 finished at 3.32594e+06 total bytes 25000
Flow Roce_238_0 15848 finished at 3.327e+06 total bytes 25000
Flow Roce_683_0 12412 finished at 3.3272e+06 total bytes 25000
Flow Roce_590_0 15328 finished at 3.32741e+06 total bytes 25000
Flow Roce_185_0 13284 finished at 3.32785e+06 total bytes 25000
Flow Roce_686_0 14064 finished at 3.33239e+06 total bytes 25000
Flow Roce_869_0 15908 finished at 3.33379e+06 total bytes 25000
Flow Roce_491_0 13952 finished at 3.33514e+06 total bytes 25000
Flow Roce_719_0 14404 finished at 3.33644e+06 total bytes 25000
Flow Roce_235_0 16332 finished at 3.33682e+06 total bytes 25000
Flow Roce_671_0 13580 finished at 3.33851e+06 total bytes 25000
Flow Roce_670_0 14972 finished at 3.33851e+06 total bytes 25000
Flow Roce_774_0 15588 finished at 3.34081e+06 total bytes 25000
Flow Roce_713_0 16352 finished at 3.34369e+06 total bytes 25000
Flow Roce_558_0 15376 finished at 3.34571e+06 total bytes 25000
Flow Roce_494_0 12416 finished at 3.34635e+06 total bytes 25000
Flow Roce_860_0 14832 finished at 3.3468e+06 total bytes 25000
Flow Roce_759_0 15784 finished at 3.3472e+06 total bytes 25000
Flow Roce_866_0 14248 finished at 3.3476e+06 total bytes 25000
.Flow Roce_756_0 15988 finished at 3.35161e+06 total bytes 25000
Flow Roce_562_0 16008 finished at 3.35587e+06 total bytes 25000
Flow Roce_440_0 15088 finished at 3.35642e+06 total bytes 25000
Flow Roce_743_0 14188 finished at 3.3567e+06 total bytes 25000
Flow Roce_232_0 13280 finished at 3.35845e+06 total bytes 25000
Flow Roce_816_0 14820 finished at 3.36336e+06 total bytes 25000
Flow Roce_191_0 16156 finished at 3.36541e+06 total bytes 25000
Flow Roce_564_0 15644 finished at 3.36802e+06 total bytes 25000
Flow Roce_86_0 15608 finished at 3.37035e+06 total bytes 25000
Flow Roce_856_0 16380 finished at 3.37121e+06 total bytes 25000
Flow Roce_327_0 13844 finished at 3.37616e+06 total bytes 25000
Flow Roce_84_0 14876 finished at 3.3772e+06 total bytes 25000
Flow Roce_1006_0 12956 finished at 3.37727e+06 total bytes 25000
Flow Roce_870_0 13924 finished at 3.37828e+06 total bytes 25000
Flow Roce_591_0 13432 finished at 3.37939e+06 total bytes 25000
Flow Roce_857_0 13972 finished at 3.38107e+06 total bytes 25000
Flow Roce_442_0 14308 finished at 3.38202e+06 total bytes 25000
Flow Roce_1000_0 14164 finished at 3.38213e+06 total bytes 25000
Flow Roce_70_0 13520 finished at 3.38694e+06 total bytes 25000
Flow Roce_980_0 14192 finished at 3.38875e+06 total bytes 25000
Flow Roce_166_0 14788 finished at 3.38888e+06 total bytes 25000
Flow Roce_736_0 12396 finished at 3.39701e+06 total bytes 25000
Flow Roce_187_0 12904 finished at 3.39729e+06 total bytes 25000
.Flow Roce_799_0 12752 finished at 3.40006e+06 total bytes 25000
Flow Roce_659_0 14212 finished at 3.40142e+06 total bytes 25000
Flow Roce_71_0 14172 finished at 3.4031e+06 total bytes 25000
Flow Roce_658_0 16164 finished at 3.40794e+06 total bytes 25000
Flow Roce_326_0 16312 finished at 3.40843e+06 total bytes 25000
Flow Roce_563_0 14144 finished at 3.4089e+06 total bytes 25000
Flow Roce_400_0 16376 finished at 3.40912e+06 total bytes 25000
Flow Roce_775_0 14792 finished at 3.40924e+06 total bytes 25000
Flow Roce_567_0 16228 finished at 3.40963e+06 total bytes 25000
Flow Roce_739_0 16340 finished at 3.41006e+06 total bytes 25000
Flow Roce_83_0 12612 finished at 3.41099e+06 total bytes 25000
Flow Roce_202_0 13852 finished at 3.41164e+06 total bytes 25000
Flow Roce_661_0 14512 finished at 3.4118e+06 total bytes 25000
Flow Roce_131_0 13808 finished at 3.41219e+06 total bytes 25000
Flow Roce_85_0 13940 finished at 3.4136e+06 total bytes 25000
Flow Roce_566_0 13436 finished at 3.41362e+06 total bytes 25000
Flow Roce_475_0 12828 finished at 3.41485e+06 total bytes 25000
Flow Roce_473_0 13620 finished at 3.41606e+06 total bytes 25000
Flow Roce_819_0 14888 finished at 3.419e+06 total bytes 25000
Flow Roce_585_0 14892 finished at 3.42206e+06 total bytes 25000
Flow Roce_130_0 14420 finished at 3.42287e+06 total bytes 25000
Flow Roce_82_0 13980 finished at 3.42548e+06 total bytes 25000
Flow Roce_822_0 16448 finished at 3.42569e+06 total bytes 25000
Flow Roce_287_0 14032 finished at 3.42572e+06 total bytes 25000
Flow Roce_188_0 14636 finished at 3.42657e+06 total bytes 25000
Flow Roce_589_0 14628 finished at 3.4266e+06 total bytes 25000
Flow Roce_443_0 15432 finished at 3.42706e+06 total bytes 25000
Flow Roce_557_0 14012 finished at 3.42884e+06 total bytes 25000
Flow Roce_742_0 16148 finished at 3.43345e+06 total bytes 25000
Flow Roce_453_0 13208 finished at 3.43476e+06 total bytes 25000
Flow Roce_451_0 14160 finished at 3.43588e+06 total bytes 25000
Flow Roce_1002_0 15152 finished at 3.43592e+06 total bytes 25000
Flow Roce_738_0 12764 finished at 3.43818e+06 total bytes 25000
Flow Roce_741_0 13324 finished at 3.43899e+06 total bytes 25000
Flow Roce_1001_0 15176 finished at 3.44345e+06 total bytes 25000
Flow Roce_1004_0 14276 finished at 3.44424e+06 total bytes 25000
Flow Roce_322_0 13804 finished at 3.44454e+06 total bytes 25000
.Flow Roce_740_0 13616 finished at 3.45105e+06 total bytes 25000
Flow Roce_820_0 14180 finished at 3.4557e+06 total bytes 25000
Flow Roce_184_0 14448 finished at 3.45646e+06 total bytes 25000
Flow Roce_650_0 14360 finished at 3.45806e+06 total bytes 25000
Flow Roce_907_0 14776 finished at 3.45856e+06 total bytes 25000
Flow Roce_652_0 13048 finished at 3.46234e+06 total bytes 25000
Flow Roce_662_0 13880 finished at 3.46245e+06 total bytes 25000
Flow Roce_656_0 12460 finished at 3.46335e+06 total bytes 25000
Flow Roce_655_0 13156 finished at 3.46431e+06 total bytes 25000
Flow Roce_651_0 15652 finished at 3.46517e+06 total bytes 25000
Flow Roce_660_0 13176 finished at 3.46566e+06 total bytes 25000
Flow Roce_189_0 13984 finished at 3.46856e+06 total bytes 25000
Flow Roce_447_0 12584 finished at 3.47544e+06 total bytes 25000
Flow Roce_444_0 16372 finished at 3.47571e+06 total bytes 25000
Flow Roce_200_0 13268 finished at 3.48463e+06 total bytes 25000
Flow Roce_203_0 14236 finished at 3.48748e+06 total bytes 25000
Flow Roce_727_0 13028 finished at 3.48812e+06 total bytes 25000
Flow Roce_325_0 14672 finished at 3.48879e+06 total bytes 25000
Flow Roce_810_0 13044 finished at 3.49293e+06 total bytes 25000
Flow Roce_427_0 16184 finished at 3.4941e+06 total bytes 25000
Flow Roce_726_0 13356 finished at 3.49636e+06 total bytes 25000
Flow Roce_809_0 15136 finished at 3.49721e+06 total bytes 25000
.Flow Roce_720_0 16000 finished at 3.50476e+06 total bytes 25000
Flow Roce_204_0 14620 finished at 3.50506e+06 total bytes 25000
Flow Roce_205_0 15860 finished at 3.50654e+06 total bytes 25000
Flow Roce_752_0 14336 finished at 3.50806e+06 total bytes 25000
Flow Roce_454_0 13956 finished at 3.50949e+06 total bytes 25000
Flow Roce_103_0 16160 finished at 3.51131e+06 total bytes 25000
Flow Roce_522_0 15212 finished at 3.51238e+06 total bytes 25000
Flow Roce_432_0 15468 finished at 3.51306e+06 total bytes 25000
Flow Roce_909_0 13832 finished at 3.51359e+06 total bytes 25000
Flow Roce_908_0 15504 finished at 3.51372e+06 total bytes 25000
Flow Roce_408_0 12668 finished at 3.51398e+06 total bytes 25000
Flow Roce_132_0 12748 finished at 3.51421e+06 total bytes 25000
Flow Roce_815_0 14952 finished at 3.51801e+06 total bytes 25000
Flow Roce_452_0 13660 finished at 3.51942e+06 total bytes 25000
Flow Roce_186_0 15636 finished at 3.52159e+06 total bytes 25000
Flow Roce_895_0 13448 finished at 3.52221e+06 total bytes 25000
Flow Roce_190_0 15564 finished at 3.52258e+06 total bytes 25000
Flow Roce_811_0 15284 finished at 3.52488e+06 total bytes 25000
Flow Roce_643_0 14808 finished at 3.52812e+06 total bytes 25000
Flow Roce_754_0 14168 finished at 3.53284e+06 total bytes 25000
Flow Roce_481_0 15924 finished at 3.53694e+06 total bytes 25000
Flow Roce_182_0 15648 finished at 3.53966e+06 total bytes 25000
Flow Roce_527_0 15840 finished at 3.54035e+06 total bytes 25000
Flow Roce_793_0 14996 finished at 3.54217e+06 total bytes 25000
Flow Roce_548_0 15060 finished at 3.54345e+06 total bytes 25000
Flow Roce_134_0 15252 finished at 3.54437e+06 total bytes 25000
Flow Roce_480_0 12448 finished at 3.54702e+06 total bytes 25000
Flow Roce_814_0 15540 finished at 3.54868e+06 total bytes 25000
Flow Roce_486_0 15492 finished at 3.54957e+06 total bytes 25000
.Flow Roce_96_0 12524 finished at 3.55001e+06 total bytes 25000
Flow Roce_183_0 13584 finished at 3.5502e+06 total bytes 25000
Flow Roce_441_0 13632 finished at 3.55039e+06 total bytes 25000
Flow Roce_818_0 14340 finished at 3.5509e+06 total bytes 25000
Flow Roce_102_0 15192 finished at 3.55368e+06 total bytes 25000
Flow Roce_201_0 13260 finished at 3.55576e+06 total bytes 25000
Flow Roce_99_0 15076 finished at 3.55841e+06 total bytes 25000
Flow Roce_890_0 12848 finished at 3.56033e+06 total bytes 25000
Flow Roce_551_0 13792 finished at 3.56675e+06 total bytes 25000
Flow Roce_786_0 16360 finished at 3.56824e+06 total bytes 25000
Flow Roce_521_0 15968 finished at 3.57095e+06 total bytes 25000
Flow Roce_457_0 16348 finished at 3.57318e+06 total bytes 25000
Flow Roce_985_0 15340 finished at 3.57534e+06 total bytes 25000
Flow Roce_644_0 13440 finished at 3.57633e+06 total bytes 25000
Flow Roce_216_0 13576 finished at 3.57693e+06 total bytes 25000
Flow Roce_784_0 12820 finished at 3.57776e+06 total bytes 25000
Flow Roce_792_0 13080 finished at 3.5779e+06 total bytes 25000
Flow Roce_67_0 15044 finished at 3.57839e+06 total bytes 25000
Flow Roce_615_0 15664 finished at 3.57959e+06 total bytes 25000
Flow Roce_596_0 14652 finished at 3.58096e+06 total bytes 25000
Flow Roce_1017_0 15624 finished at 3.58112e+06 total bytes 25000
Flow Roce_910_0 15852 finished at 3.58437e+06 total bytes 25000
Flow Roce_990_0 15172 finished at 3.58558e+06 total bytes 25000
Flow Roce_968_0 16324 finished at 3.58631e+06 total bytes 25000
Flow Roce_218_0 15296 finished at 3.58655e+06 total bytes 25000
Flow Roce_547_0 13908 finished at 3.59002e+06 total bytes 25000
Flow Roce_485_0 13064 finished at 3.59141e+06 total bytes 25000
Flow Roce_487_0 14004 finished at 3.59245e+06 total bytes 25000
Flow Roce_758_0 12468 finished at 3.59267e+06 total bytes 25000
Flow Roce_462_0 15356 finished at 3.59295e+06 total bytes 25000
Flow Roce_972_0 12812 finished at 3.59434e+06 total bytes 25000
Flow Roce_636_0 14852 finished at 3.59504e+06 total bytes 25000
Flow Roce_156_0 12408 finished at 3.59576e+06 total bytes 25000
Flow Roce_787_0 14508 finished at 3.59683e+06 total bytes 25000
Flow Roce_490_0 13756 finished at 3.59907e+06 total bytes 25000
Flow Roce_101_0 12980 finished at 3.59985e+06 total bytes 25000
.Flow Roce_115_0 14664 finished at 3.60014e+06 total bytes 25000
Flow Roce_832_0 13428 finished at 3.60075e+06 total bytes 25000
Flow Roce_223_0 15232 finished at 3.60149e+06 total bytes 25000
Flow Roce_176_0 15220 finished at 3.60151e+06 total bytes 25000
Flow Roce_789_0 14408 finished at 3.60331e+06 total bytes 25000
Flow Roce_463_0 14380 finished at 3.60449e+06 total bytes 25000
Flow Roce_642_0 13052 finished at 3.60537e+06 total bytes 25000
Flow Roce_428_0 13188 finished at 3.60568e+06 total bytes 25000
Flow Roce_285_0 13328 finished at 3.60585e+06 total bytes 25000
Flow Roce_284_0 14844 finished at 3.60588e+06 total bytes 25000
Flow Roce_640_0 15568 finished at 3.60618e+06 total bytes 25000
Flow Roce_646_0 15368 finished at 3.6087e+06 total bytes 25000
Flow Roce_645_0 16152 finished at 3.60876e+06 total bytes 25000
Flow Roce_523_0 15444 finished at 3.60978e+06 total bytes 25000
Flow Roce_461_0 16420 finished at 3.61356e+06 total bytes 25000
Flow Roce_613_0 12716 finished at 3.61602e+06 total bytes 25000
Flow Roce_906_0 15180 finished at 3.61699e+06 total bytes 25000
Flow Roce_834_0 14152 finished at 3.62127e+06 total bytes 25000
Flow Roce_252_0 14552 finished at 3.62137e+06 total bytes 25000
Flow Roce_119_0 14784 finished at 3.62229e+06 total bytes 25000
Flow Roce_446_0 14760 finished at 3.62235e+06 total bytes 25000
Flow Roce_113_0 15572 finished at 3.62545e+06 total bytes 25000
Flow Roce_525_0 15780 finished at 3.62609e+06 total bytes 25000
Flow Roce_892_0 13196 finished at 3.6273e+06 total bytes 25000
Flow Roce_510_0 13588 finished at 3.62872e+06 total bytes 25000
Flow Roce_152_0 13696 finished at 3.63083e+06 total bytes 25000
Flow Roce_788_0 12484 finished at 3.6309e+06 total bytes 25000
Flow Roce_894_0 12932 finished at 3.63127e+06 total bytes 25000
Flow Roce_207_0 12696 finished at 3.63145e+06 total bytes 25000
Flow Roce_112_0 15456 finished at 3.63157e+06 total bytes 25000
Flow Roce_433_0 16264 finished at 3.63208e+06 total bytes 25000
Flow Roce_217_0 13252 finished at 3.63297e+06 total bytes 25000
Flow Roce_222_0 16268 finished at 3.63504e+06 total bytes 25000
Flow Roce_249_0 16040 finished at 3.63537e+06 total bytes 25000
Flow Roce_98_0 13672 finished at 3.63539e+06 total bytes 25000
Flow Roce_253_0 14616 finished at 3.63677e+06 total bytes 25000
Flow Roce_836_0 14184 finished at 3.63707e+06 total bytes 25000
Flow Roce_178_0 16016 finished at 3.64006e+06 total bytes 25000
Flow Roce_206_0 15200 finished at 3.64021e+06 total bytes 25000
Flow Roce_889_0 14648 finished at 3.64071e+06 total bytes 25000
Flow Roce_526_0 13360 finished at 3.64254e+06 total bytes 25000
Flow Roce_833_0 15712 finished at 3.64391e+06 total bytes 25000
Flow Roce_495_0 13564 finished at 3.64939e+06 total bytes 25000
.Flow Roce_109_0 13724 finished at 3.65145e+06 total bytes 25000
Flow Roce_158_0 14476 finished at 3.65198e+06 total bytes 25000
Flow Roce_540_0 13820 finished at 3.65445e+06 total bytes 25000
Flow Roce_638_0 15216 finished at 3.65464e+06 total bytes 25000
Flow Roce_250_0 14524 finished at 3.65703e+06 total bytes 25000
Flow Roce_220_0 12488 finished at 3.65894e+06 total bytes 25000
Flow Roce_505_0 15164 finished at 3.65909e+06 total bytes 25000
Flow Roce_507_0 12520 finished at 3.66106e+06 total bytes 25000
Flow Roce_753_0 15312 finished at 3.66319e+06 total bytes 25000
Flow Roce_991_0 12404 finished at 3.66384e+06 total bytes 25000
Flow Roce_248_0 14772 finished at 3.6639e+06 total bytes 25000
Flow Roce_632_0 14460 finished at 3.66427e+06 total bytes 25000
Flow Roce_639_0 15684 finished at 3.66556e+06 total bytes 25000
Flow Roce_108_0 12756 finished at 3.66673e+06 total bytes 25000
Flow Roce_711_0 14456 finished at 3.66684e+06 total bytes 25000
Flow Roce_1013_0 14696 finished at 3.66719e+06 total bytes 25000
Flow Roce_614_0 12844 finished at 3.66761e+06 total bytes 25000
Flow Roce_110_0 14428 finished at 3.6702e+06 total bytes 25000
Flow Roce_611_0 12892 finished at 3.67063e+06 total bytes 25000
Flow Roce_608_0 15900 finished at 3.6708e+06 total bytes 25000
Flow Roce_970_0 13768 finished at 3.67142e+06 total bytes 25000
Flow Roce_817_0 16032 finished at 3.67153e+06 total bytes 25000
Flow Roce_493_0 15744 finished at 3.6751e+06 total bytes 25000
Flow Roce_64_0 13912 finished at 3.67528e+06 total bytes 25000
Flow Roce_489_0 14736 finished at 3.67565e+06 total bytes 25000
Flow Roce_508_0 16428 finished at 3.67648e+06 total bytes 25000
Flow Roce_511_0 12628 finished at 3.67844e+06 total bytes 25000
Flow Roce_426_0 14048 finished at 3.67907e+06 total bytes 25000
Flow Roce_492_0 16044 finished at 3.68101e+06 total bytes 25000
Flow Roce_837_0 15056 finished at 3.68118e+06 total bytes 25000
Flow Roce_251_0 14536 finished at 3.68305e+06 total bytes 25000
Flow Roce_823_0 12704 finished at 3.68392e+06 total bytes 25000
Flow Roce_975_0 14328 finished at 3.68457e+06 total bytes 25000
Flow Roce_835_0 14312 finished at 3.68827e+06 total bytes 25000
Flow Roce_504_0 12400 finished at 3.69128e+06 total bytes 25000
Flow Roce_436_0 14252 finished at 3.69203e+06 total bytes 25000
Flow Roce_708_0 15108 finished at 3.69565e+06 total bytes 25000
Flow Roce_633_0 14756 finished at 3.69617e+06 total bytes 25000
Flow Roce_593_0 15896 finished at 3.69663e+06 total bytes 25000
Flow Roce_594_0 14956 finished at 3.69728e+06 total bytes 25000
Flow Roce_506_0 14484 finished at 3.69882e+06 total bytes 25000
Flow Roce_154_0 14444 finished at 3.69975e+06 total bytes 25000
Flow Roce_637_0 14284 finished at 3.69984e+06 total bytes 25000
.Flow Roce_989_0 13736 finished at 3.70748e+06 total bytes 25000
Flow Roce_1023_0 12392 finished at 3.70899e+06 total bytes 25000
Flow Roce_1011_0 13772 finished at 3.7092e+06 total bytes 25000
Flow Roce_197_0 13836 finished at 3.7144e+06 total bytes 25000
Flow Roce_702_0 13752 finished at 3.71527e+06 total bytes 25000
Flow Roce_697_0 14960 finished at 3.71542e+06 total bytes 25000
Flow Roce_118_0 14912 finished at 3.72269e+06 total bytes 25000
Flow Roce_116_0 14072 finished at 3.72349e+06 total bytes 25000
Flow Roce_853_0 12944 finished at 3.72377e+06 total bytes 25000
Flow Roce_539_0 13728 finished at 3.72425e+06 total bytes 25000
Flow Roce_700_0 13232 finished at 3.72466e+06 total bytes 25000
Flow Roce_699_0 13296 finished at 3.72661e+06 total bytes 25000
Flow Roce_196_0 13760 finished at 3.72788e+06 total bytes 25000
Flow Roce_336_0 15104 finished at 3.72796e+06 total bytes 25000
Flow Roce_999_0 13012 finished at 3.7287e+06 total bytes 25000
Flow Roce_701_0 13512 finished at 3.72972e+06 total bytes 25000
Flow Roce_254_0 14060 finished at 3.73052e+06 total bytes 25000
Flow Roce_69_0 13040 finished at 3.73618e+06 total bytes 25000
Flow Roce_992_0 12924 finished at 3.73691e+06 total bytes 25000
Flow Roce_709_0 14900 finished at 3.73793e+06 total bytes 25000
Flow Roce_675_0 14400 finished at 3.7395e+06 total bytes 25000
Flow Roce_996_0 13200 finished at 3.74054e+06 total bytes 25000
Flow Roce_66_0 14676 finished at 3.74061e+06 total bytes 25000
Flow Roce_971_0 15536 finished at 3.74082e+06 total bytes 25000
Flow Roce_414_0 16028 finished at 3.74175e+06 total bytes 25000
Flow Roce_1016_0 12700 finished at 3.74207e+06 total bytes 25000
Flow Roce_1018_0 14680 finished at 3.74311e+06 total bytes 25000
Flow Roce_255_0 12744 finished at 3.74442e+06 total bytes 25000
Flow Roce_676_0 15816 finished at 3.74613e+06 total bytes 25000
.Flow Roce_430_0 13740 finished at 3.75542e+06 total bytes 25000
Flow Roce_224_0 13500 finished at 3.76024e+06 total bytes 25000
Flow Roce_225_0 16208 finished at 3.76048e+06 total bytes 25000
Flow Roce_425_0 16024 finished at 3.7617e+06 total bytes 25000
Flow Roce_429_0 14232 finished at 3.76197e+06 total bytes 25000
Flow Roce_1021_0 12780 finished at 3.76726e+06 total bytes 25000
Flow Roce_797_0 15764 finished at 3.7689e+06 total bytes 25000
Flow Roce_851_0 14220 finished at 3.7698e+06 total bytes 25000
Flow Roce_706_0 13416 finished at 3.77136e+06 total bytes 25000
Flow Roce_993_0 16120 finished at 3.77476e+06 total bytes 25000
Flow Roce_798_0 15960 finished at 3.77679e+06 total bytes 25000
Flow Roce_246_0 14800 finished at 3.78054e+06 total bytes 25000
Flow Roce_543_0 13024 finished at 3.78072e+06 total bytes 25000
Flow Roce_673_0 15528 finished at 3.78169e+06 total bytes 25000
Flow Roce_677_0 12444 finished at 3.78469e+06 total bytes 25000
Flow Roce_541_0 16252 finished at 3.78533e+06 total bytes 25000
Flow Roce_199_0 15168 finished at 3.78573e+06 total bytes 25000
Flow Roce_674_0 12608 finished at 3.78636e+06 total bytes 25000
Flow Roce_195_0 16092 finished at 3.78638e+06 total bytes 25000
Flow Roce_995_0 15396 finished at 3.78966e+06 total bytes 25000
Flow Roce_1009_0 13400 finished at 3.79041e+06 total bytes 25000
Flow Roce_849_0 14492 finished at 3.79168e+06 total bytes 25000
Flow Roce_635_0 14744 finished at 3.79297e+06 total bytes 25000
Flow Roce_343_0 14548 finished at 3.79317e+06 total bytes 25000
Flow Roce_704_0 12476 finished at 3.79336e+06 total bytes 25000
Flow Roce_852_0 12508 finished at 3.7944e+06 total bytes 25000
Flow Roce_431_0 14356 finished at 3.79443e+06 total bytes 25000
Flow Roce_377_0 14992 finished at 3.79511e+06 total bytes 25000
Flow Roce_424_0 15720 finished at 3.79526e+06 total bytes 25000
Flow Roce_634_0 12580 finished at 3.79935e+06 total bytes 25000
Flow Roce_244_0 12500 finished at 3.79997e+06 total bytes 25000
.Flow Roce_230_0 14884 finished at 3.811e+06 total bytes 25000
Flow Roce_672_0 13540 finished at 3.814e+06 total bytes 25000
Flow Roce_678_0 13404 finished at 3.81424e+06 total bytes 25000
Flow Roce_997_0 13676 finished at 3.81517e+06 total bytes 25000
Flow Roce_405_0 15336 finished at 3.82634e+06 total bytes 25000
Flow Roce_410_0 12516 finished at 3.83786e+06 total bytes 25000
Flow Roce_40_0 13276 finished at 3.84035e+06 total bytes 25000
Flow Roce_378_0 13928 finished at 3.84146e+06 total bytes 25000
Flow Roce_376_0 16012 finished at 3.84175e+06 total bytes 25000
Flow Roce_37_0 15408 finished at 3.84206e+06 total bytes 25000
Flow Roce_344_0 13304 finished at 3.84505e+06 total bytes 25000
|Flow Roce_499_0 13452 finished at 3.85076e+06 total bytes 25000
Flow Roce_340_0 15672 finished at 3.85367e+06 total bytes 25000
Flow Roce_58_0 15748 finished at 3.85818e+06 total bytes 25000
Flow Roce_413_0 13336 finished at 3.8587e+06 total bytes 25000
Flow Roce_496_0 12440 finished at 3.85874e+06 total bytes 25000
Flow Roce_1010_0 15072 finished at 3.85961e+06 total bytes 25000
Flow Roce_409_0 14684 finished at 3.86131e+06 total bytes 25000
Flow Roce_226_0 15372 finished at 3.86199e+06 total bytes 25000
Flow Roce_341_0 16128 finished at 3.86219e+06 total bytes 25000
Flow Roce_227_0 13472 finished at 3.86576e+06 total bytes 25000
Flow Roce_349_0 14984 finished at 3.86594e+06 total bytes 25000
Flow Roce_27_0 16300 finished at 3.86733e+06 total bytes 25000
Flow Roce_53_0 12420 finished at 3.86768e+06 total bytes 25000
Flow Roce_619_0 14968 finished at 3.868e+06 total bytes 25000
Flow Roce_39_0 15240 finished at 3.87006e+06 total bytes 25000
Flow Roce_915_0 16384 finished at 3.8709e+06 total bytes 25000
Flow Roce_938_0 14944 finished at 3.8718e+06 total bytes 25000
Flow Roce_803_0 15792 finished at 3.87306e+06 total bytes 25000
Flow Roce_54_0 13060 finished at 3.87332e+06 total bytes 25000
Flow Roce_17_0 14396 finished at 3.87554e+06 total bytes 25000
Flow Roce_365_0 14644 finished at 3.87764e+06 total bytes 25000
Flow Roce_620_0 12528 finished at 3.87781e+06 total bytes 25000
Flow Roce_61_0 15308 finished at 3.8785e+06 total bytes 25000
Flow Roce_146_0 13628 finished at 3.87888e+06 total bytes 25000
Flow Roce_501_0 14964 finished at 3.87891e+06 total bytes 25000
Flow Roce_415_0 15844 finished at 3.88398e+06 total bytes 25000
Flow Roce_16_0 13652 finished at 3.88889e+06 total bytes 25000
Flow Roce_55_0 12604 finished at 3.89035e+06 total bytes 25000
Flow Roce_57_0 12952 finished at 3.89075e+06 total bytes 25000
Flow Roce_912_0 14452 finished at 3.89077e+06 total bytes 25000
Flow Roce_38_0 12900 finished at 3.89103e+06 total bytes 25000
Flow Roce_32_0 16308 finished at 3.89318e+06 total bytes 25000
Flow Roce_44_0 13916 finished at 3.89393e+06 total bytes 25000
Flow Roce_43_0 14572 finished at 3.89398e+06 total bytes 25000
Flow Roce_56_0 13548 finished at 3.89608e+06 total bytes 25000
Flow Roce_28_0 14712 finished at 3.89747e+06 total bytes 25000
.Flow Roce_959_0 14980 finished at 3.90002e+06 total bytes 25000
Flow Roce_498_0 13348 finished at 3.90348e+06 total bytes 25000
Flow Roce_503_0 14156 finished at 3.90369e+06 total bytes 25000
Flow Roce_1008_0 15440 finished at 3.90513e+06 total bytes 25000
Flow Roce_1014_0 16204 finished at 3.90531e+06 total bytes 25000
Flow Roce_616_0 14704 finished at 3.90537e+06 total bytes 25000
Flow Roce_618_0 12928 finished at 3.90643e+06 total bytes 25000
Flow Roce_932_0 13240 finished at 3.90683e+06 total bytes 25000
Flow Roce_953_0 14240 finished at 3.90841e+06 total bytes 25000
Flow Roce_936_0 14296 finished at 3.90866e+06 total bytes 25000
Flow Roce_47_0 14836 finished at 3.90931e+06 total bytes 25000
Flow Roce_48_0 12472 finished at 3.91027e+06 total bytes 25000
Flow Roce_245_0 12796 finished at 3.91188e+06 total bytes 25000
Flow Roce_60_0 12984 finished at 3.91431e+06 total bytes 25000
Flow Roce_361_0 12864 finished at 3.91432e+06 total bytes 25000
Flow Roce_545_0 13664 finished at 3.91534e+06 total bytes 25000
Flow Roce_19_0 15420 finished at 3.91654e+06 total bytes 25000
Flow Roce_29_0 15660 finished at 3.91732e+06 total bytes 25000
Flow Roce_20_0 13032 finished at 3.91798e+06 total bytes 25000
Flow Roce_26_0 13148 finished at 3.91872e+06 total bytes 25000
Flow Roce_41_0 14940 finished at 3.91889e+06 total bytes 25000
Flow Roce_243_0 12380 finished at 3.91991e+06 total bytes 25000
Flow Roce_502_0 15936 finished at 3.92002e+06 total bytes 25000
Flow Roce_210_0 13704 finished at 3.92038e+06 total bytes 25000
Flow Roce_550_0 14464 finished at 3.92152e+06 total bytes 25000
Flow Roce_35_0 12536 finished at 3.92281e+06 total bytes 25000
Flow Roce_30_0 16388 finished at 3.92336e+06 total bytes 25000
Flow Roce_1012_0 14352 finished at 3.92413e+06 total bytes 25000
Flow Roce_211_0 15756 finished at 3.92683e+06 total bytes 25000
Flow Roce_345_0 14368 finished at 3.92722e+06 total bytes 25000
Flow Roce_8_0 12940 finished at 3.92897e+06 total bytes 25000
Flow Roce_805_0 14804 finished at 3.93044e+06 total bytes 25000
Flow Roce_952_0 14216 finished at 3.93056e+06 total bytes 25000
Flow Roce_350_0 14916 finished at 3.93064e+06 total bytes 25000
Flow Roce_362_0 15828 finished at 3.93119e+06 total bytes 25000
Flow Roce_13_0 15868 finished at 3.93345e+06 total bytes 25000
Flow Roce_544_0 14472 finished at 3.93463e+06 total bytes 25000
Flow Roce_31_0 15928 finished at 3.93501e+06 total bytes 25000
Flow Roce_406_0 13976 finished at 3.93614e+06 total bytes 25000
Flow Roce_51_0 12808 finished at 3.93622e+06 total bytes 25000
Flow Roce_49_0 15292 finished at 3.93648e+06 total bytes 25000
Flow Roce_802_0 14324 finished at 3.93869e+06 total bytes 25000
Flow Roce_402_0 13420 finished at 3.93936e+06 total bytes 25000
Flow Roce_45_0 15920 finished at 3.93942e+06 total bytes 25000
Flow Roce_105_0 16320 finished at 3.94132e+06 total bytes 25000
Flow Roce_260_0 15452 finished at 3.94176e+06 total bytes 25000
Flow Roce_25_0 15484 finished at 3.94177e+06 total bytes 25000
Flow Roce_18_0 15604 finished at 3.9419e+06 total bytes 25000
Flow Roce_10_0 16288 finished at 3.94223e+06 total bytes 25000
Flow Roce_52_0 13800 finished at 3.94319e+06 total bytes 25000
Flow Roce_50_0 12656 finished at 3.94512e+06 total bytes 25000
Flow Roce_21_0 14528 finished at 3.9455e+06 total bytes 25000
Flow Roce_403_0 16060 finished at 3.94577e+06 total bytes 25000
Flow Roce_12_0 13160 finished at 3.94595e+06 total bytes 25000
Flow Roce_42_0 15040 finished at 3.94726e+06 total bytes 25000
Flow Roce_22_0 15428 finished at 3.94787e+06 total bytes 25000
Flow Roce_420_0 12432 finished at 3.94845e+06 total bytes 25000
Flow Roce_36_0 16048 finished at 3.94861e+06 total bytes 25000
Flow Roce_934_0 12804 finished at 3.94922e+06 total bytes 25000
.Flow Roce_139_0 15096 finished at 3.95056e+06 total bytes 25000
Flow Roce_23_0 16304 finished at 3.95064e+06 total bytes 25000
Flow Roce_34_0 15620 finished at 3.95239e+06 total bytes 25000
Flow Roce_24_0 13088 finished at 3.95297e+06 total bytes 25000
Flow Roce_33_0 14288 finished at 3.95956e+06 total bytes 25000
Flow Roce_11_0 14708 finished at 3.96074e+06 total bytes 25000
Flow Roce_14_0 12816 finished at 3.96307e+06 total bytes 25000
Flow Roce_46_0 14124 finished at 3.96354e+06 total bytes 25000
Flow Roce_423_0 13860 finished at 3.96408e+06 total bytes 25000
Flow Roce_404_0 15892 finished at 3.96558e+06 total bytes 25000
Flow Roce_59_0 12588 finished at 3.96594e+06 total bytes 25000
Flow Roce_63_0 13572 finished at 3.96662e+06 total bytes 25000
Flow Roce_422_0 13776 finished at 3.96771e+06 total bytes 25000
Flow Roce_9_0 15248 finished at 3.96854e+06 total bytes 25000
Flow Roce_62_0 13720 finished at 3.96907e+06 total bytes 25000
Flow Roce_258_0 13496 finished at 3.97076e+06 total bytes 25000
Flow Roce_603_0 14116 finished at 3.97459e+06 total bytes 25000
Flow Roce_434_0 13668 finished at 3.97755e+06 total bytes 25000
Flow Roce_138_0 16460 finished at 3.97759e+06 total bytes 25000
Flow Roce_106_0 14764 finished at 3.97957e+06 total bytes 25000
Flow Roce_549_0 13508 finished at 3.98069e+06 total bytes 25000
Flow Roce_401_0 14692 finished at 3.98076e+06 total bytes 25000
Flow Roce_215_0 16400 finished at 3.98161e+06 total bytes 25000
Flow Roce_607_0 12936 finished at 3.98169e+06 total bytes 25000
Flow Roce_546_0 15052 finished at 3.98185e+06 total bytes 25000
Flow Roce_212_0 14416 finished at 3.98217e+06 total bytes 25000
Flow Roce_213_0 14724 finished at 3.98257e+06 total bytes 25000
Flow Roce_104_0 14544 finished at 3.98265e+06 total bytes 25000
Flow Roce_419_0 13748 finished at 3.98535e+06 total bytes 25000
Flow Roce_257_0 14660 finished at 3.98543e+06 total bytes 25000
Flow Roce_369_0 13868 finished at 3.98733e+06 total bytes 25000
Flow Roce_845_0 13444 finished at 3.98762e+06 total bytes 25000
Flow Roce_7_0 13532 finished at 3.98768e+06 total bytes 25000
Flow Roce_159_0 12732 finished at 3.9913e+06 total bytes 25000
Flow Roce_1003_0 13264 finished at 3.99136e+06 total bytes 25000
Flow Roce_363_0 12596 finished at 3.99254e+06 total bytes 25000
Flow Roce_439_0 13248 finished at 3.99317e+06 total bytes 25000
Flow Roce_208_0 12660 finished at 3.99334e+06 total bytes 25000
Flow Roce_880_0 13552 finished at 3.99377e+06 total bytes 25000
Flow Roce_15_0 15596 finished at 3.99477e+06 total bytes 25000
Flow Roce_153_0 13960 finished at 3.99622e+06 total bytes 25000
Flow Roce_147_0 12728 finished at 3.99824e+06 total bytes 25000
Flow Roce_435_0 13892 finished at 3.99989e+06 total bytes 25000
.Flow Roce_4_0 14112 finished at 4.00079e+06 total bytes 25000
Flow Roce_840_0 13456 finished at 4.00237e+06 total bytes 25000
Flow Roce_2_0 15696 finished at 4.00256e+06 total bytes 25000
Flow Roce_371_0 12736 finished at 4.00282e+06 total bytes 25000
Flow Roce_438_0 13168 finished at 4.00292e+06 total bytes 25000
Flow Roce_843_0 14868 finished at 4.00343e+06 total bytes 25000
Flow Roce_370_0 14612 finished at 4.00402e+06 total bytes 25000
Flow Roce_144_0 12976 finished at 4.00495e+06 total bytes 25000
Flow Roce_437_0 15752 finished at 4.00498e+06 total bytes 25000
Flow Roce_107_0 15160 finished at 4.0055e+06 total bytes 25000
Flow Roce_555_0 16292 finished at 4.00756e+06 total bytes 25000
Flow Roce_140_0 13612 finished at 4.00792e+06 total bytes 25000
Flow Roce_3_0 16356 finished at 4.00871e+06 total bytes 25000
Flow Roce_6_0 15800 finished at 4.0089e+06 total bytes 25000
Flow Roce_804_0 14604 finished at 4.01233e+06 total bytes 25000
Flow Roce_143_0 13692 finished at 4.01468e+06 total bytes 25000
Flow Roce_5_0 12760 finished at 4.01475e+06 total bytes 25000
Flow Roce_111_0 15964 finished at 4.01548e+06 total bytes 25000
Flow Roce_943_0 15148 finished at 4.01639e+06 total bytes 25000
Flow Roce_256_0 15580 finished at 4.0168e+06 total bytes 25000
Flow Roce_914_0 15704 finished at 4.01747e+06 total bytes 25000
Flow Roce_375_0 14076 finished at 4.01751e+06 total bytes 25000
Flow Roce_847_0 15188 finished at 4.01823e+06 total bytes 25000
Flow Roce_360_0 13936 finished at 4.01973e+06 total bytes 25000
Flow Roce_846_0 15380 finished at 4.0204e+06 total bytes 25000
Flow Roce_807_0 14824 finished at 4.02092e+06 total bytes 25000
Flow Roce_917_0 14208 finished at 4.02193e+06 total bytes 25000
Flow Roce_844_0 13636 finished at 4.02213e+06 total bytes 25000
Flow Roce_1_0 13480 finished at 4.02263e+06 total bytes 25000
Flow Roce_466_0 15508 finished at 4.02346e+06 total bytes 25000
Flow Roce_137_0 15032 finished at 4.02522e+06 total bytes 25000
Flow Roce_940_0 15008 finished at 4.02532e+06 total bytes 25000
Flow Roce_580_0 14880 finished at 4.02538e+06 total bytes 25000
Flow Roce_142_0 14148 finished at 4.02541e+06 total bytes 25000
Flow Roce_578_0 14860 finished at 4.02571e+06 total bytes 25000
Flow Roce_582_0 13544 finished at 4.02837e+06 total bytes 25000
Flow Roce_262_0 16436 finished at 4.02926e+06 total bytes 25000
Flow Roce_149_0 13368 finished at 4.03025e+06 total bytes 25000
Flow Roce_398_0 12692 finished at 4.03152e+06 total bytes 25000
Flow Roce_259_0 15256 finished at 4.0317e+06 total bytes 25000
Flow Roce_263_0 13392 finished at 4.03471e+06 total bytes 25000
Flow Roce_554_0 15688 finished at 4.03743e+06 total bytes 25000
Flow Roce_777_0 12664 finished at 4.03883e+06 total bytes 25000
Flow Roce_145_0 14440 finished at 4.04059e+06 total bytes 25000
Flow Roce_930_0 14556 finished at 4.04161e+06 total bytes 25000
Flow Roce_148_0 12948 finished at 4.04354e+06 total bytes 25000
Flow Roce_935_0 13272 finished at 4.04459e+06 total bytes 25000
Flow Roce_471_0 16200 finished at 4.04599e+06 total bytes 25000
Flow Roce_884_0 14908 finished at 4.04636e+06 total bytes 25000
Flow Roce_465_0 14364 finished at 4.04837e+06 total bytes 25000
Flow Roce_780_0 16424 finished at 4.04843e+06 total bytes 25000
Flow Roce_716_0 13004 finished at 4.04984e+06 total bytes 25000
.Flow Roce_956_0 14332 finished at 4.0503e+06 total bytes 25000
Flow Roce_886_0 13640 finished at 4.05235e+06 total bytes 25000
Flow Roce_372_0 12964 finished at 4.05268e+06 total bytes 25000
Flow Roce_374_0 15740 finished at 4.05336e+06 total bytes 25000
Flow Roce_469_0 14848 finished at 4.05429e+06 total bytes 25000
Flow Roce_467_0 14668 finished at 4.05554e+06 total bytes 25000
Flow Roce_397_0 12428 finished at 4.05573e+06 total bytes 25000
Flow Roce_348_0 15092 finished at 4.05641e+06 total bytes 25000
Flow Roce_396_0 15476 finished at 4.05755e+06 total bytes 25000
Flow Roce_576_0 14560 finished at 4.05766e+06 total bytes 25000
Flow Roce_957_0 14176 finished at 4.05859e+06 total bytes 25000
Flow Roce_883_0 14052 finished at 4.05901e+06 total bytes 25000
Flow Roce_881_0 16144 finished at 4.05957e+06 total bytes 25000
Flow Roce_373_0 14024 finished at 4.06147e+06 total bytes 25000
Flow Roce_309_0 12708 finished at 4.0615e+06 total bytes 25000
Flow Roce_602_0 16080 finished at 4.06348e+06 total bytes 25000
Flow Roce_605_0 15236 finished at 4.0636e+06 total bytes 25000
Flow Roce_393_0 15796 finished at 4.06406e+06 total bytes 25000
Flow Roce_600_0 14100 finished at 4.06526e+06 total bytes 25000
Flow Roce_355_0 15700 finished at 4.06593e+06 total bytes 25000
Flow Roce_583_0 16456 finished at 4.06768e+06 total bytes 25000
Flow Roce_731_0 12916 finished at 4.06972e+06 total bytes 25000
Flow Roce_124_0 16136 finished at 4.07078e+06 total bytes 25000
Flow Roce_468_0 13292 finished at 4.07083e+06 total bytes 25000
Flow Roce_885_0 13380 finished at 4.07205e+06 total bytes 25000
Flow Roce_514_0 14468 finished at 4.07223e+06 total bytes 25000
Flow Roce_517_0 15724 finished at 4.07313e+06 total bytes 25000
Flow Roce_150_0 15412 finished at 4.07403e+06 total bytes 25000
Flow Roce_237_0 16216 finished at 4.07427e+06 total bytes 25000
Flow Roce_876_0 14584 finished at 4.07436e+06 total bytes 25000
Flow Roce_873_0 15728 finished at 4.0754e+06 total bytes 25000
Flow Roce_581_0 13828 finished at 4.07565e+06 total bytes 25000
Flow Roce_1005_0 16256 finished at 4.07698e+06 total bytes 25000
Flow Roce_730_0 14128 finished at 4.07744e+06 total bytes 25000
Flow Roce_155_0 13228 finished at 4.07879e+06 total bytes 25000
Flow Roce_151_0 14924 finished at 4.07917e+06 total bytes 25000
Flow Roce_878_0 15532 finished at 4.08019e+06 total bytes 25000
Flow Roce_1007_0 12856 finished at 4.08025e+06 total bytes 25000
Flow Roce_512_0 16072 finished at 4.08028e+06 total bytes 25000
Flow Roce_714_0 14088 finished at 4.08223e+06 total bytes 25000
Flow Roce_724_0 13224 finished at 4.08542e+06 total bytes 25000
Flow Roce_556_0 14752 finished at 4.08589e+06 total bytes 25000
Flow Roce_553_0 15856 finished at 4.08599e+06 total bytes 25000
Flow Roce_359_0 12624 finished at 4.08609e+06 total bytes 25000
Flow Roce_157_0 13460 finished at 4.08648e+06 total bytes 25000
Flow Roce_552_0 15692 finished at 4.08651e+06 total bytes 25000
Flow Roce_960_0 14256 finished at 4.08679e+06 total bytes 25000
Flow Roce_875_0 14828 finished at 4.0868e+06 total bytes 25000
Flow Roce_879_0 12872 finished at 4.08937e+06 total bytes 25000
Flow Roce_967_0 13412 finished at 4.08962e+06 total bytes 25000
Flow Roce_353_0 15836 finished at 4.09151e+06 total bytes 25000
Flow Roce_399_0 14292 finished at 4.09224e+06 total bytes 25000
Flow Roce_395_0 12620 finished at 4.09268e+06 total bytes 25000
Flow Roce_513_0 16112 finished at 4.09462e+06 total bytes 25000
Flow Roce_136_0 13056 finished at 4.09618e+06 total bytes 25000
Flow Roce_277_0 13312 finished at 4.09664e+06 total bytes 25000
Flow Roce_305_0 13920 finished at 4.09703e+06 total bytes 25000
Flow Roce_351_0 13096 finished at 4.09862e+06 total bytes 25000
Flow Roce_122_0 12772 finished at 4.09902e+06 total bytes 25000
Flow Roce_347_0 14988 finished at 4.09975e+06 total bytes 25000
Flow Roce_308_0 13712 finished at 4.09982e+06 total bytes 25000
.Flow Roce_346_0 12632 finished at 4.10065e+06 total bytes 25000
Flow Roce_518_0 16064 finished at 4.10091e+06 total bytes 25000
Flow Roce_570_0 16172 finished at 4.10346e+06 total bytes 25000
Flow Roce_233_0 15872 finished at 4.10351e+06 total bytes 25000
Flow Roce_125_0 13644 finished at 4.1053e+06 total bytes 25000
Flow Roce_307_0 12908 finished at 4.10539e+06 total bytes 25000
Flow Roce_120_0 14120 finished at 4.10544e+06 total bytes 25000
Flow Roce_732_0 12912 finished at 4.10558e+06 total bytes 25000
Flow Roce_388_0 15204 finished at 4.10704e+06 total bytes 25000
Flow Roce_571_0 13388 finished at 4.10764e+06 total bytes 25000
Flow Roce_357_0 12684 finished at 4.10795e+06 total bytes 25000
Flow Roce_141_0 14016 finished at 4.10927e+06 total bytes 25000
Flow Roce_515_0 15876 finished at 4.10933e+06 total bytes 25000
Flow Roce_354_0 16220 finished at 4.1094e+06 total bytes 25000
Flow Roce_352_0 15472 finished at 4.11209e+06 total bytes 25000
Flow Roce_721_0 15912 finished at 4.11262e+06 total bytes 25000
Flow Roce_239_0 16224 finished at 4.11279e+06 total bytes 25000
Flow Roce_278_0 14260 finished at 4.11283e+06 total bytes 25000
Flow Roce_723_0 12592 finished at 4.1137e+06 total bytes 25000
Flow Roce_234_0 12492 finished at 4.11373e+06 total bytes 25000
Flow Roce_421_0 14384 finished at 4.11436e+06 total bytes 25000
Flow Roce_121_0 16432 finished at 4.11445e+06 total bytes 25000
Flow Roce_332_0 13524 finished at 4.1151e+06 total bytes 25000
Flow Roce_574_0 12876 finished at 4.11812e+06 total bytes 25000
Flow Roce_733_0 14920 finished at 4.1183e+06 total bytes 25000
Flow Roce_391_0 16276 finished at 4.11875e+06 total bytes 25000
Flow Roce_416_0 13680 finished at 4.11963e+06 total bytes 25000
Flow Roce_718_0 15208 finished at 4.12008e+06 total bytes 25000
Flow Roce_236_0 15656 finished at 4.12069e+06 total bytes 25000
Flow Roce_783_0 16444 finished at 4.1211e+06 total bytes 25000
Flow Roce_712_0 15364 finished at 4.12148e+06 total bytes 25000
Flow Roce_781_0 16364 finished at 4.1222e+06 total bytes 25000
Flow Roce_126_0 12840 finished at 4.124e+06 total bytes 25000
Flow Roce_519_0 15388 finished at 4.12454e+06 total bytes 25000
Flow Roce_573_0 14096 finished at 4.12528e+06 total bytes 25000
Flow Roce_964_0 13132 finished at 4.12536e+06 total bytes 25000
Flow Roce_962_0 16284 finished at 4.12571e+06 total bytes 25000
Flow Roce_963_0 14344 finished at 4.12754e+06 total bytes 25000
Flow Roce_538_0 14372 finished at 4.12838e+06 total bytes 25000
Flow Roce_328_0 14700 finished at 4.12862e+06 total bytes 25000
Flow Roce_569_0 14044 finished at 4.12885e+06 total bytes 25000
Flow Roce_575_0 15760 finished at 4.12939e+06 total bytes 25000
Flow Roce_273_0 16344 finished at 4.13099e+06 total bytes 25000
Flow Roce_734_0 15272 finished at 4.13127e+06 total bytes 25000
Flow Roce_335_0 14020 finished at 4.13193e+06 total bytes 25000
Flow Roce_778_0 14376 finished at 4.13258e+06 total bytes 25000
Flow Roce_275_0 15012 finished at 4.13568e+06 total bytes 25000
Flow Roce_272_0 13212 finished at 4.13598e+06 total bytes 25000
Flow Roce_160_0 13964 finished at 4.13724e+06 total bytes 25000
Flow Roce_333_0 14092 finished at 4.13742e+06 total bytes 25000
Flow Roce_722_0 15392 finished at 4.13848e+06 total bytes 25000
Flow Roce_385_0 13648 finished at 4.13953e+06 total bytes 25000
Flow Roce_174_0 15028 finished at 4.14276e+06 total bytes 25000
Flow Roce_725_0 14768 finished at 4.14456e+06 total bytes 25000
Flow Roce_392_0 13932 finished at 4.14567e+06 total bytes 25000
Flow Roce_531_0 13244 finished at 4.14613e+06 total bytes 25000
Flow Roce_167_0 13744 finished at 4.14659e+06 total bytes 25000
Flow Roce_389_0 16408 finished at 4.14785e+06 total bytes 25000
Flow Roce_179_0 13840 finished at 4.14803e+06 total bytes 25000
.Flow Roce_331_0 14204 finished at 4.15023e+06 total bytes 25000
Flow Roce_334_0 15132 finished at 4.15129e+06 total bytes 25000
Flow Roce_529_0 15360 finished at 4.15145e+06 total bytes 25000
Flow Roce_418_0 12896 finished at 4.15181e+06 total bytes 25000
Flow Roce_329_0 15324 finished at 4.15286e+06 total bytes 25000
Flow Roce_394_0 13316 finished at 4.15329e+06 total bytes 25000
Flow Roce_171_0 15024 finished at 4.15577e+06 total bytes 25000
Flow Roce_386_0 13476 finished at 4.15615e+06 total bytes 25000
Flow Roce_170_0 12384 finished at 4.15635e+06 total bytes 25000
Flow Roce_542_0 12652 finished at 4.16059e+06 total bytes 25000
Flow Roce_417_0 14936 finished at 4.16069e+06 total bytes 25000
Flow Roce_949_0 16192 finished at 4.1608e+06 total bytes 25000
Flow Roce_951_0 14480 finished at 4.16135e+06 total bytes 25000
Flow Roce_537_0 15348 finished at 4.16221e+06 total bytes 25000
Flow Roce_173_0 15880 finished at 4.16308e+06 total bytes 25000
Flow Roce_536_0 13396 finished at 4.16468e+06 total bytes 25000
Flow Roce_535_0 14412 finished at 4.16563e+06 total bytes 25000
Flow Roce_292_0 13872 finished at 4.16567e+06 total bytes 25000
Flow Roce_162_0 14388 finished at 4.1663e+06 total bytes 25000
Flow Roce_530_0 13848 finished at 4.16635e+06 total bytes 25000
Flow Roce_534_0 15952 finished at 4.16677e+06 total bytes 25000
Flow Roce_181_0 13076 finished at 4.16826e+06 total bytes 25000
Flow Roce_177_0 13092 finished at 4.16925e+06 total bytes 25000
Flow Roce_163_0 15268 finished at 4.16927e+06 total bytes 25000
Flow Roce_168_0 15956 finished at 4.17006e+06 total bytes 25000
Flow Roce_746_0 14280 finished at 4.17139e+06 total bytes 25000
Flow Roce_169_0 13120 finished at 4.17301e+06 total bytes 25000
Flow Roce_180_0 13464 finished at 4.17457e+06 total bytes 25000
Flow Roce_295_0 12544 finished at 4.1753e+06 total bytes 25000
Flow Roce_164_0 15544 finished at 4.17537e+06 total bytes 25000
Flow Roce_291_0 16084 finished at 4.17582e+06 total bytes 25000
Flow Roce_944_0 13036 finished at 4.17597e+06 total bytes 25000
Flow Roce_294_0 13008 finished at 4.17609e+06 total bytes 25000
Flow Roce_766_0 13140 finished at 4.17767e+06 total bytes 25000
Flow Roce_288_0 15584 finished at 4.17826e+06 total bytes 25000
Flow Roce_293_0 14196 finished at 4.17827e+06 total bytes 25000
Flow Roce_744_0 16260 finished at 4.17883e+06 total bytes 25000
Flow Roce_946_0 13568 finished at 4.17905e+06 total bytes 25000
Flow Roce_745_0 13300 finished at 4.17988e+06 total bytes 25000
Flow Roce_950_0 13424 finished at 4.18026e+06 total bytes 25000
Flow Roce_945_0 16168 finished at 4.18116e+06 total bytes 25000
Flow Roce_947_0 13944 finished at 4.18153e+06 total bytes 25000
Flow Roce_761_0 16132 finished at 4.182e+06 total bytes 25000
Flow Roce_750_0 12576 finished at 4.18201e+06 total bytes 25000
Flow Roce_749_0 14264 finished at 4.18237e+06 total bytes 25000
Flow Roce_764_0 13468 finished at 4.18263e+06 total bytes 25000
Flow Roce_748_0 15448 finished at 4.18305e+06 total bytes 25000
Flow Roce_829_0 15776 finished at 4.18375e+06 total bytes 25000
Flow Roce_831_0 15020 finished at 4.18399e+06 total bytes 25000
Flow Roce_762_0 16036 finished at 4.18401e+06 total bytes 25000
Flow Roce_760_0 14000 finished at 4.18455e+06 total bytes 25000
Flow Roce_747_0 15804 finished at 4.18464e+06 total bytes 25000
Flow Roce_826_0 12540 finished at 4.1847e+06 total bytes 25000
Flow Roce_828_0 12552 finished at 4.18497e+06 total bytes 25000
Flow Roce_830_0 14244 finished at 4.18502e+06 total bytes 25000
Flow Roce_825_0 12860 finished at 4.18508e+06 total bytes 25000
Flow Roce_824_0 15004 finished at 4.18531e+06 total bytes 25000
New: 0 Rtx: 0
OVERFLOW_COUNT 0
