Flow Roce_128_507 14396 finished at 13177.9 total bytes 25000
Flow Roce_128_508 14400 finished at 13514.5 total bytes 25000
Flow Roce_128_509 14404 finished at 13514.5 total bytes 25000
Flow Roce_3_133 12400 finished at 30650.3 total bytes 25000
Flow Roce_5_138 12428 finished at 32122.8 total bytes 25000
Flow Roce_4_137 12420 finished at 34554.2 total bytes 25000
Flow Roce_5_140 12436 finished at 38197.6 total bytes 25000
Flow Roce_6_143 12452 finished at 38818.9 total bytes 25000
Flow Roce_7_145 12464 finished at 39963.1 total bytes 25000
.Flow Roce_2_129 12380 finished at 61915.5 total bytes 25000
Flow Roce_7_146 12468 finished at 62479.6 total bytes 25000
Flow Roce_8_149 12484 finished at 69316.3 total bytes 25000
Flow Roce_15_169 12592 finished at 73329.4 total bytes 25000
Flow Roce_2_131 12388 finished at 74073 total bytes 25000
Flow Roce_4_136 12416 finished at 79485.2 total bytes 25000
Flow Roce_7_144 12460 finished at 81136.6 total bytes 25000
Flow Roce_13_162 12556 finished at 85001.4 total bytes 25000
Flow Roce_3_132 12396 finished at 85102.3 total bytes 25000
Flow Roce_2_130 12384 finished at 85167.4 total bytes 25000
Flow Roce_3_134 12404 finished at 86116.5 total bytes 25000
Flow Roce_9_151 12496 finished at 87579.1 total bytes 25000
Flow Roce_14_167 12580 finished at 89182.3 total bytes 25000
Flow Roce_15_170 12596 finished at 90517.6 total bytes 25000
Flow Roce_4_135 12412 finished at 90649.7 total bytes 25000
Flow Roce_5_139 12432 finished at 90846.5 total bytes 25000
Flow Roce_6_141 12444 finished at 91816.3 total bytes 25000
Flow Roce_6_142 12448 finished at 92039.2 total bytes 25000
Flow Roce_12_161 12548 finished at 96581.4 total bytes 25000
Flow Roce_12_160 12544 finished at 96767.6 total bytes 25000
Flow Roce_9_152 12500 finished at 97866.4 total bytes 25000
.Flow Roce_31_218 12852 finished at 104215 total bytes 25000
Flow Roce_11_158 12532 finished at 105213 total bytes 25000
Flow Roce_32_220 12864 finished at 107048 total bytes 25000
Flow Roce_33_223 12880 finished at 107330 total bytes 25000
Flow Roce_41_247 13008 finished at 107618 total bytes 25000
Flow Roce_40_243 12988 finished at 109186 total bytes 25000
Flow Roce_58_299 13284 finished at 109237 total bytes 25000
Flow Roce_37_236 12948 finished at 109553 total bytes 25000
Flow Roce_59_301 13296 finished at 110747 total bytes 25000
Flow Roce_28_209 12804 finished at 112038 total bytes 25000
Flow Roce_16_172 12608 finished at 114964 total bytes 25000
Flow Roce_17_175 12624 finished at 118942 total bytes 25000
Flow Roce_104_437 14020 finished at 119169 total bytes 25000
Flow Roce_34_226 12896 finished at 119222 total bytes 25000
Flow Roce_16_171 12604 finished at 119280 total bytes 25000
Flow Roce_36_231 12924 finished at 119733 total bytes 25000
Flow Roce_17_174 12620 finished at 120378 total bytes 25000
Flow Roce_35_228 12908 finished at 120769 total bytes 25000
Flow Roce_36_233 12932 finished at 120820 total bytes 25000
Flow Roce_35_230 12916 finished at 120935 total bytes 25000
Flow Roce_33_222 12876 finished at 121019 total bytes 25000
Flow Roce_32_219 12860 finished at 122111 total bytes 25000
Flow Roce_39_240 12972 finished at 122452 total bytes 25000
Flow Roce_111_458 14132 finished at 123412 total bytes 25000
Flow Roce_86_382 13728 finished at 126089 total bytes 25000
Flow Roce_54_286 13216 finished at 127749 total bytes 25000
Flow Roce_23_193 12720 finished at 128183 total bytes 25000
Flow Roce_23_192 12716 finished at 128457 total bytes 25000
Flow Roce_20_184 12672 finished at 128501 total bytes 25000
Flow Roce_23_194 12724 finished at 128509 total bytes 25000
Flow Roce_18_177 12636 finished at 128635 total bytes 25000
Flow Roce_109_450 14092 finished at 128730 total bytes 25000
Flow Roce_21_187 12688 finished at 129637 total bytes 25000
Flow Roce_17_176 12628 finished at 130456 total bytes 25000
Flow Roce_55_289 13232 finished at 131015 total bytes 25000
Flow Roce_19_181 12656 finished at 131228 total bytes 25000
Flow Roce_53_283 13200 finished at 132934 total bytes 25000
Flow Roce_16_173 12612 finished at 133029 total bytes 25000
Flow Roce_40_244 12992 finished at 133118 total bytes 25000
Flow Roce_21_186 12684 finished at 133946 total bytes 25000
Flow Roce_24_197 12740 finished at 134050 total bytes 25000
Flow Roce_106_441 14044 finished at 134140 total bytes 25000
Flow Roce_38_237 12956 finished at 134284 total bytes 25000
Flow Roce_21_188 12692 finished at 135004 total bytes 25000
Flow Roce_83_373 13680 finished at 135201 total bytes 25000
Flow Roce_63_314 13364 finished at 135442 total bytes 25000
Flow Roce_108_449 14084 finished at 135736 total bytes 25000
Flow Roce_30_215 12836 finished at 137235 total bytes 25000
Flow Roce_39_241 12976 finished at 137940 total bytes 25000
Flow Roce_45_258 13068 finished at 138388 total bytes 25000
Flow Roce_56_292 13248 finished at 138429 total bytes 25000
Flow Roce_49_270 13132 finished at 138508 total bytes 25000
Flow Roce_50_275 13156 finished at 138651 total bytes 25000
Flow Roce_42_250 13024 finished at 138757 total bytes 25000
Flow Roce_62_309 13340 finished at 139161 total bytes 25000
Flow Roce_49_272 13140 finished at 139362 total bytes 25000
Flow Roce_26_201 12764 finished at 140090 total bytes 25000
Flow Roce_40_245 12996 finished at 140493 total bytes 25000
Flow Roce_31_217 12848 finished at 141427 total bytes 25000
Flow Roce_108_448 14080 finished at 142451 total bytes 25000
Flow Roce_59_300 13292 finished at 142654 total bytes 25000
Flow Roce_44_256 13056 finished at 143386 total bytes 25000
Flow Roce_26_203 12772 finished at 143834 total bytes 25000
Flow Roce_28_207 12796 finished at 144016 total bytes 25000
Flow Roce_30_213 12828 finished at 144235 total bytes 25000
Flow Roce_85_380 13716 finished at 146115 total bytes 25000
Flow Roce_58_298 13280 finished at 147314 total bytes 25000
Flow Roce_56_291 13244 finished at 148635 total bytes 25000
Flow Roce_80_363 13628 finished at 148793 total bytes 25000
Flow Roce_48_267 13116 finished at 149866 total bytes 25000
.Flow Roce_61_306 13324 finished at 150138 total bytes 25000
Flow Roce_41_246 13004 finished at 150939 total bytes 25000
Flow Roce_42_251 13028 finished at 150950 total bytes 25000
Flow Roce_63_313 13360 finished at 151031 total bytes 25000
Flow Roce_29_211 12816 finished at 151502 total bytes 25000
Flow Roce_60_303 13308 finished at 151573 total bytes 25000
Flow Roce_46_263 13092 finished at 152177 total bytes 25000
Flow Roce_51_278 13172 finished at 153340 total bytes 25000
Flow Roce_61_307 13328 finished at 154101 total bytes 25000
Flow Roce_43_253 13040 finished at 154122 total bytes 25000
Flow Roce_59_302 13300 finished at 154176 total bytes 25000
Flow Roce_19_180 12652 finished at 154274 total bytes 25000
Flow Roce_54_285 13212 finished at 154508 total bytes 25000
Flow Roce_27_206 12788 finished at 154863 total bytes 25000
Flow Roce_50_273 13148 finished at 155076 total bytes 25000
Flow Roce_27_205 12784 finished at 155143 total bytes 25000
Flow Roce_43_254 13044 finished at 156314 total bytes 25000
Flow Roce_50_274 13152 finished at 156355 total bytes 25000
Flow Roce_22_189 12700 finished at 156382 total bytes 25000
Flow Roce_55_290 13236 finished at 157329 total bytes 25000
Flow Roce_22_190 12704 finished at 157799 total bytes 25000
Flow Roce_62_310 13344 finished at 158601 total bytes 25000
Flow Roce_58_297 13276 finished at 159499 total bytes 25000
Flow Roce_25_200 12756 finished at 162886 total bytes 25000
Flow Roce_46_261 13084 finished at 163228 total bytes 25000
Flow Roce_25_199 12752 finished at 163253 total bytes 25000
Flow Roce_28_208 12800 finished at 164019 total bytes 25000
Flow Roce_51_277 13168 finished at 164636 total bytes 25000
Flow Roce_51_276 13164 finished at 164693 total bytes 25000
Flow Roce_61_308 13332 finished at 165866 total bytes 25000
Flow Roce_24_195 12732 finished at 165866 total bytes 25000
Flow Roce_31_216 12844 finished at 167543 total bytes 25000
Flow Roce_27_204 12780 finished at 167972 total bytes 25000
Flow Roce_49_271 13136 finished at 171345 total bytes 25000
Flow Roce_47_265 13104 finished at 171362 total bytes 25000
Flow Roce_63_312 13356 finished at 172071 total bytes 25000
Flow Roce_46_262 13088 finished at 172152 total bytes 25000
Flow Roce_44_257 13060 finished at 172573 total bytes 25000
Flow Roce_45_259 13072 finished at 173098 total bytes 25000
Flow Roce_60_305 13316 finished at 173200 total bytes 25000
Flow Roce_39_242 12980 finished at 173789 total bytes 25000
Flow Roce_48_269 13124 finished at 174064 total bytes 25000
Flow Roce_54_287 13220 finished at 174704 total bytes 25000
Flow Roce_45_260 13076 finished at 175275 total bytes 25000
Flow Roce_37_234 12940 finished at 175395 total bytes 25000
Flow Roce_62_311 13348 finished at 175675 total bytes 25000
Flow Roce_34_227 12900 finished at 175996 total bytes 25000
Flow Roce_122_489 14300 finished at 176714 total bytes 25000
Flow Roce_18_178 12640 finished at 177419 total bytes 25000
Flow Roce_30_214 12832 finished at 177608 total bytes 25000
Flow Roce_57_296 13268 finished at 177775 total bytes 25000
Flow Roce_44_255 13052 finished at 177943 total bytes 25000
Flow Roce_32_221 12868 finished at 178197 total bytes 25000
Flow Roce_29_210 12812 finished at 178330 total bytes 25000
Flow Roce_60_304 13312 finished at 178331 total bytes 25000
Flow Roce_57_295 13264 finished at 178495 total bytes 25000
Flow Roce_33_224 12884 finished at 178539 total bytes 25000
Flow Roce_35_229 12912 finished at 178702 total bytes 25000
Flow Roce_26_202 12768 finished at 178888 total bytes 25000
Flow Roce_24_196 12736 finished at 178935 total bytes 25000
Flow Roce_41_248 13012 finished at 179436 total bytes 25000
Flow Roce_37_235 12944 finished at 179626 total bytes 25000
Flow Roce_55_288 13228 finished at 180534 total bytes 25000
Flow Roce_29_212 12820 finished at 180569 total bytes 25000
Flow Roce_22_191 12708 finished at 180650 total bytes 25000
Flow Roce_47_264 13100 finished at 180729 total bytes 25000
Flow Roce_25_198 12748 finished at 182596 total bytes 25000
Flow Roce_47_266 13108 finished at 182600 total bytes 25000
Flow Roce_53_284 13204 finished at 183395 total bytes 25000
Flow Roce_48_268 13120 finished at 183586 total bytes 25000
Flow Roce_43_252 13036 finished at 186515 total bytes 25000
Flow Roce_52_279 13180 finished at 186910 total bytes 25000
Flow Roce_42_249 13020 finished at 187248 total bytes 25000
Flow Roce_53_282 13196 finished at 188104 total bytes 25000
Flow Roce_56_293 13252 finished at 188667 total bytes 25000
Flow Roce_52_280 13184 finished at 189052 total bytes 25000
Flow Roce_52_281 13188 finished at 189165 total bytes 25000
Flow Roce_123_494 14324 finished at 190392 total bytes 25000
Flow Roce_57_294 13260 finished at 190719 total bytes 25000
Flow Roce_126_502 14368 finished at 192949 total bytes 25000
Flow Roce_127_505 14384 finished at 193508 total bytes 25000
Flow Roce_121_486 14284 finished at 195929 total bytes 25000
.Flow Roce_120_483 14268 finished at 203844 total bytes 25000
Flow Roce_36_232 12928 finished at 206895 total bytes 25000
Flow Roce_93_404 13844 finished at 207222 total bytes 25000
Flow Roce_125_499 14352 finished at 207241 total bytes 25000
Flow Roce_38_238 12960 finished at 207424 total bytes 25000
Flow Roce_38_239 12964 finished at 207529 total bytes 25000
Flow Roce_34_225 12892 finished at 207535 total bytes 25000
Flow Roce_117_474 14220 finished at 209985 total bytes 25000
Flow Roce_91_396 13804 finished at 212013 total bytes 25000
Flow Roce_90_394 13792 finished at 212156 total bytes 25000
Flow Roce_92_400 13824 finished at 212843 total bytes 25000
Flow Roce_14_165 12572 finished at 214078 total bytes 25000
Flow Roce_125_498 14348 finished at 214116 total bytes 25000
Flow Roce_20_183 12668 finished at 214186 total bytes 25000
Flow Roce_19_182 12660 finished at 214478 total bytes 25000
Flow Roce_18_179 12644 finished at 215619 total bytes 25000
Flow Roce_20_185 12676 finished at 215972 total bytes 25000
Flow Roce_102_430 13984 finished at 216207 total bytes 25000
Flow Roce_88_387 13756 finished at 219848 total bytes 25000
Flow Roce_93_403 13840 finished at 220060 total bytes 25000
Flow Roce_114_466 14176 finished at 220242 total bytes 25000
Flow Roce_91_397 13808 finished at 220907 total bytes 25000
Flow Roce_88_389 13764 finished at 223260 total bytes 25000
Flow Roce_92_399 13820 finished at 223488 total bytes 25000
Flow Roce_118_479 14244 finished at 224413 total bytes 25000
Flow Roce_12_159 12540 finished at 228482 total bytes 25000
Flow Roce_116_473 14212 finished at 230249 total bytes 25000
Flow Roce_114_465 14172 finished at 233535 total bytes 25000
Flow Roce_15_168 12588 finished at 234407 total bytes 25000
Flow Roce_115_470 14196 finished at 236363 total bytes 25000
Flow Roce_13_164 12564 finished at 237294 total bytes 25000
Flow Roce_114_467 14180 finished at 237631 total bytes 25000
Flow Roce_97_415 13904 finished at 237806 total bytes 25000
Flow Roce_97_416 13908 finished at 238248 total bytes 25000
Flow Roce_66_322 13408 finished at 239647 total bytes 25000
Flow Roce_72_341 13508 finished at 239660 total bytes 25000
Flow Roce_118_478 14240 finished at 239954 total bytes 25000
Flow Roce_72_339 13500 finished at 241383 total bytes 25000
Flow Roce_11_157 12528 finished at 241627 total bytes 25000
Flow Roce_14_166 12576 finished at 242717 total bytes 25000
Flow Roce_9_150 12492 finished at 245786 total bytes 25000
Flow Roce_8_147 12476 finished at 245824 total bytes 25000
Flow Roce_13_163 12560 finished at 247043 total bytes 25000
Flow Roce_78_359 13604 finished at 247410 total bytes 25000
Flow Roce_113_464 14164 finished at 249401 total bytes 25000
.Flow Roce_75_350 13556 finished at 250271 total bytes 25000
Flow Roce_10_153 12508 finished at 250273 total bytes 25000
Flow Roce_8_148 12480 finished at 250921 total bytes 25000
Flow Roce_64_317 13380 finished at 251371 total bytes 25000
Flow Roce_116_472 14208 finished at 251727 total bytes 25000
Flow Roce_70_335 13476 finished at 252543 total bytes 25000
Flow Roce_105_438 14028 finished at 252781 total bytes 25000
Flow Roce_72_340 13504 finished at 253962 total bytes 25000
Flow Roce_77_356 13588 finished at 254599 total bytes 25000
Flow Roce_64_315 13372 finished at 254601 total bytes 25000
Flow Roce_118_477 14236 finished at 254847 total bytes 25000
Flow Roce_85_378 13708 finished at 254938 total bytes 25000
Flow Roce_112_460 14144 finished at 254959 total bytes 25000
Flow Roce_112_461 14148 finished at 254972 total bytes 25000
Flow Roce_10_155 12516 finished at 255003 total bytes 25000
Flow Roce_71_338 13492 finished at 255050 total bytes 25000
Flow Roce_11_156 12524 finished at 255127 total bytes 25000
Flow Roce_81_367 13648 finished at 255169 total bytes 25000
Flow Roce_112_459 14140 finished at 255655 total bytes 25000
Flow Roce_10_154 12512 finished at 255984 total bytes 25000
Flow Roce_74_347 13540 finished at 256120 total bytes 25000
Flow Roce_71_337 13488 finished at 257318 total bytes 25000
Flow Roce_75_349 13552 finished at 258390 total bytes 25000
Flow Roce_98_419 13924 finished at 258954 total bytes 25000
Flow Roce_99_422 13940 finished at 259036 total bytes 25000
Flow Roce_74_346 13536 finished at 260165 total bytes 25000
Flow Roce_106_443 14052 finished at 261694 total bytes 25000
Flow Roce_77_354 13580 finished at 263054 total bytes 25000
Flow Roce_79_361 13616 finished at 264289 total bytes 25000
Flow Roce_119_481 14256 finished at 266512 total bytes 25000
Flow Roce_125_500 14356 finished at 268026 total bytes 25000
Flow Roce_99_420 13932 finished at 269167 total bytes 25000
Flow Roce_113_462 14156 finished at 269327 total bytes 25000
Flow Roce_96_411 13884 finished at 270250 total bytes 25000
Flow Roce_79_362 13620 finished at 270608 total bytes 25000
Flow Roce_123_492 14316 finished at 270914 total bytes 25000
Flow Roce_79_360 13612 finished at 271050 total bytes 25000
Flow Roce_101_426 13964 finished at 271540 total bytes 25000
Flow Roce_101_427 13968 finished at 271546 total bytes 25000
Flow Roce_99_421 13936 finished at 271868 total bytes 25000
Flow Roce_117_475 14224 finished at 272001 total bytes 25000
Flow Roce_70_333 13468 finished at 272692 total bytes 25000
Flow Roce_121_488 14292 finished at 273404 total bytes 25000
Flow Roce_122_490 14304 finished at 273404 total bytes 25000
Flow Roce_98_418 13920 finished at 275200 total bytes 25000
Flow Roce_116_471 14204 finished at 275968 total bytes 25000
Flow Roce_124_496 14336 finished at 277696 total bytes 25000
Flow Roce_103_432 13996 finished at 278462 total bytes 25000
Flow Roce_103_434 14004 finished at 278473 total bytes 25000
Flow Roce_74_345 13532 finished at 278698 total bytes 25000
Flow Roce_67_326 13428 finished at 278731 total bytes 25000
Flow Roce_77_355 13584 finished at 278804 total bytes 25000
Flow Roce_69_332 13460 finished at 279292 total bytes 25000
Flow Roce_76_352 13568 finished at 279511 total bytes 25000
Flow Roce_75_348 13548 finished at 279941 total bytes 25000
Flow Roce_69_331 13456 finished at 280213 total bytes 25000
Flow Roce_68_328 13440 finished at 280571 total bytes 25000
Flow Roce_78_357 13596 finished at 284318 total bytes 25000
Flow Roce_73_342 13516 finished at 286278 total bytes 25000
Flow Roce_89_390 13772 finished at 292006 total bytes 25000
.Flow Roce_126_501 14364 finished at 301633 total bytes 25000
Flow Roce_65_320 13396 finished at 302055 total bytes 25000
Flow Roce_68_327 13436 finished at 303439 total bytes 25000
Flow Roce_65_319 13392 finished at 303520 total bytes 25000
Flow Roce_64_316 13376 finished at 304018 total bytes 25000
Flow Roce_121_487 14288 finished at 304073 total bytes 25000
Flow Roce_122_491 14308 finished at 304723 total bytes 25000
Flow Roce_68_329 13444 finished at 304936 total bytes 25000
Flow Roce_127_506 14388 finished at 304944 total bytes 25000
Flow Roce_65_318 13388 finished at 305651 total bytes 25000
Flow Roce_97_414 13900 finished at 305840 total bytes 25000
Flow Roce_69_330 13452 finished at 306047 total bytes 25000
Flow Roce_124_495 14332 finished at 306171 total bytes 25000
Flow Roce_124_497 14340 finished at 306172 total bytes 25000
Flow Roce_66_323 13412 finished at 306225 total bytes 25000
Flow Roce_96_413 13892 finished at 308889 total bytes 25000
Flow Roce_102_429 13980 finished at 309167 total bytes 25000
Flow Roce_119_480 14252 finished at 314327 total bytes 25000
Flow Roce_100_423 13948 finished at 315888 total bytes 25000
Flow Roce_113_463 14160 finished at 316375 total bytes 25000
Flow Roce_117_476 14228 finished at 316406 total bytes 25000
Flow Roce_119_482 14260 finished at 318270 total bytes 25000
Flow Roce_123_493 14320 finished at 320528 total bytes 25000
Flow Roce_91_398 13812 finished at 320775 total bytes 25000
Flow Roce_92_401 13828 finished at 321462 total bytes 25000
Flow Roce_96_412 13888 finished at 322087 total bytes 25000
Flow Roce_107_445 14064 finished at 323027 total bytes 25000
Flow Roce_100_424 13952 finished at 324818 total bytes 25000
Flow Roce_103_433 14000 finished at 324968 total bytes 25000
Flow Roce_102_431 13988 finished at 324986 total bytes 25000
Flow Roce_105_439 14032 finished at 325058 total bytes 25000
Flow Roce_78_358 13600 finished at 325230 total bytes 25000
Flow Roce_100_425 13956 finished at 325238 total bytes 25000
Flow Roce_73_344 13524 finished at 325780 total bytes 25000
Flow Roce_127_504 14380 finished at 326254 total bytes 25000
Flow Roce_126_503 14372 finished at 327445 total bytes 25000
Flow Roce_88_388 13760 finished at 327556 total bytes 25000
Flow Roce_101_428 13972 finished at 327624 total bytes 25000
Flow Roce_120_485 14276 finished at 327799 total bytes 25000
Flow Roce_120_484 14272 finished at 328846 total bytes 25000
Flow Roce_104_435 14012 finished at 329838 total bytes 25000
Flow Roce_93_402 13836 finished at 331500 total bytes 25000
Flow Roce_94_405 13852 finished at 332889 total bytes 25000
Flow Roce_94_406 13856 finished at 335409 total bytes 25000
Flow Roce_108_447 14076 finished at 337714 total bytes 25000
Flow Roce_73_343 13520 finished at 342179 total bytes 25000
Flow Roce_115_469 14192 finished at 345825 total bytes 25000
Flow Roce_115_468 14188 finished at 346335 total bytes 25000
Flow Roce_110_454 14112 finished at 348832 total bytes 25000
Flow Roce_110_453 14108 finished at 349084 total bytes 25000
Flow Roce_110_455 14116 finished at 349580 total bytes 25000
.Flow Roce_105_440 14036 finished at 353408 total bytes 25000
Flow Roce_106_442 14048 finished at 353857 total bytes 25000
Flow Roce_104_436 14016 finished at 353982 total bytes 25000
Flow Roce_76_353 13572 finished at 354007 total bytes 25000
Flow Roce_76_351 13564 finished at 354342 total bytes 25000
Flow Roce_98_417 13916 finished at 354929 total bytes 25000
Flow Roce_109_452 14100 finished at 355016 total bytes 25000
Flow Roce_111_456 14124 finished at 355392 total bytes 25000
Flow Roce_83_374 13684 finished at 357990 total bytes 25000
Flow Roce_84_376 13696 finished at 368688 total bytes 25000
Flow Roce_86_381 13724 finished at 370123 total bytes 25000
Flow Roce_85_379 13712 finished at 385967 total bytes 25000
Flow Roce_80_365 13636 finished at 386021 total bytes 25000
Flow Roce_89_391 13776 finished at 387114 total bytes 25000
Flow Roce_80_364 13632 finished at 387401 total bytes 25000
Flow Roce_87_386 13748 finished at 390147 total bytes 25000
Flow Roce_81_366 13644 finished at 390162 total bytes 25000
Flow Roce_94_407 13860 finished at 390417 total bytes 25000
Flow Roce_66_321 13404 finished at 390460 total bytes 25000
Flow Roce_71_336 13484 finished at 390708 total bytes 25000
Flow Roce_83_372 13676 finished at 390765 total bytes 25000
Flow Roce_95_408 13868 finished at 391321 total bytes 25000
Flow Roce_95_409 13872 finished at 391342 total bytes 25000
Flow Roce_95_410 13876 finished at 391560 total bytes 25000
Flow Roce_84_375 13692 finished at 391848 total bytes 25000
Flow Roce_89_392 13780 finished at 391898 total bytes 25000
Flow Roce_90_393 13788 finished at 392414 total bytes 25000
Flow Roce_87_385 13744 finished at 394434 total bytes 25000
Flow Roce_90_395 13796 finished at 395097 total bytes 25000
Flow Roce_87_384 13740 finished at 395868 total bytes 25000
Flow Roce_70_334 13472 finished at 398728 total bytes 25000
.Flow Roce_86_383 13732 finished at 405074 total bytes 25000
Flow Roce_109_451 14096 finished at 411900 total bytes 25000
Flow Roce_67_324 13420 finished at 416178 total bytes 25000
Flow Roce_67_325 13424 finished at 416945 total bytes 25000
Flow Roce_107_446 14068 finished at 416984 total bytes 25000
Flow Roce_81_368 13652 finished at 418946 total bytes 25000
Flow Roce_84_377 13700 finished at 420372 total bytes 25000
Flow Roce_107_444 14060 finished at 424814 total bytes 25000
Flow Roce_111_457 14128 finished at 425498 total bytes 25000
Flow Roce_82_371 13668 finished at 437956 total bytes 25000
Flow Roce_82_370 13664 finished at 438137 total bytes 25000
Flow Roce_82_369 13660 finished at 438247 total bytes 25000
.Flow Roce_128_0 14392 finished at 458172 total bytes 25000
.Flow Roce_111_0 14120 finished at 537096 total bytes 25000
Flow Roce_74_0 13528 finished at 537573 total bytes 25000
Flow Roce_81_0 13640 finished at 548574 total bytes 25000
|Flow Roce_7_0 12456 finished at 555679 total bytes 25000
Flow Roce_107_0 14056 finished at 564309 total bytes 25000
Flow Roce_21_0 12680 finished at 567508 total bytes 25000
Flow Roce_125_0 14344 finished at 570711 total bytes 25000
Flow Roce_59_0 13288 finished at 571040 total bytes 25000
Flow Roce_102_0 13976 finished at 571597 total bytes 25000
Flow Roce_45_0 13064 finished at 573504 total bytes 25000
Flow Roce_61_0 13320 finished at 575847 total bytes 25000
Flow Roce_91_0 13800 finished at 577323 total bytes 25000
Flow Roce_6_0 12440 finished at 581406 total bytes 25000
Flow Roce_12_0 12536 finished at 581485 total bytes 25000
Flow Roce_5_0 12424 finished at 582476 total bytes 25000
Flow Roce_3_0 12392 finished at 584330 total bytes 25000
Flow Roce_4_0 12408 finished at 586528 total bytes 25000
Flow Roce_108_0 14072 finished at 587683 total bytes 25000
Flow Roce_38_0 12952 finished at 587966 total bytes 25000
Flow Roce_30_0 12824 finished at 588549 total bytes 25000
Flow Roce_49_0 13128 finished at 589526 total bytes 25000
Flow Roce_17_0 12616 finished at 590705 total bytes 25000
Flow Roce_2_0 12376 finished at 591482 total bytes 25000
Flow Roce_121_0 14280 finished at 592240 total bytes 25000
Flow Roce_77_0 13576 finished at 592262 total bytes 25000
Flow Roce_122_0 14296 finished at 593533 total bytes 25000
Flow Roce_32_0 12856 finished at 594305 total bytes 25000
Flow Roce_100_0 13944 finished at 597120 total bytes 25000
Flow Roce_53_0 13192 finished at 597377 total bytes 25000
Flow Roce_73_0 13512 finished at 597706 total bytes 25000
Flow Roce_1_0 12372 finished at 598247 total bytes 25000
Flow Roce_106_0 14040 finished at 598430 total bytes 25000
Flow Roce_46_0 13080 finished at 599151 total bytes 25000
Flow Roce_117_0 14216 finished at 599253 total bytes 25000
Flow Roce_20_0 12664 finished at 599343 total bytes 25000
.Flow Roce_40_0 12984 finished at 600161 total bytes 25000
Flow Roce_124_0 14328 finished at 600228 total bytes 25000
Flow Roce_26_0 12760 finished at 600814 total bytes 25000
Flow Roce_57_0 13256 finished at 601330 total bytes 25000
Flow Roce_37_0 12936 finished at 601637 total bytes 25000
Flow Roce_50_0 13144 finished at 602411 total bytes 25000
Flow Roce_27_0 12776 finished at 602962 total bytes 25000
Flow Roce_51_0 13160 finished at 603253 total bytes 25000
Flow Roce_14_0 12568 finished at 603685 total bytes 25000
Flow Roce_68_0 13432 finished at 604025 total bytes 25000
Flow Roce_95_0 13864 finished at 605012 total bytes 25000
Flow Roce_55_0 13224 finished at 605274 total bytes 25000
Flow Roce_34_0 12888 finished at 606342 total bytes 25000
Flow Roce_18_0 12632 finished at 606385 total bytes 25000
Flow Roce_112_0 14136 finished at 606560 total bytes 25000
Flow Roce_47_0 13096 finished at 606891 total bytes 25000
Flow Roce_85_0 13704 finished at 607243 total bytes 25000
Flow Roce_94_0 13848 finished at 608297 total bytes 25000
Flow Roce_23_0 12712 finished at 608574 total bytes 25000
Flow Roce_16_0 12600 finished at 608699 total bytes 25000
Flow Roce_99_0 13928 finished at 608762 total bytes 25000
Flow Roce_69_0 13448 finished at 610210 total bytes 25000
Flow Roce_86_0 13720 finished at 610217 total bytes 25000
Flow Roce_116_0 14200 finished at 610842 total bytes 25000
Flow Roce_110_0 14104 finished at 611124 total bytes 25000
Flow Roce_19_0 12648 finished at 611350 total bytes 25000
Flow Roce_70_0 13464 finished at 611497 total bytes 25000
Flow Roce_114_0 14168 finished at 612733 total bytes 25000
Flow Roce_88_0 13752 finished at 612736 total bytes 25000
Flow Roce_76_0 13560 finished at 612905 total bytes 25000
Flow Roce_119_0 14248 finished at 612924 total bytes 25000
Flow Roce_105_0 14024 finished at 613248 total bytes 25000
Flow Roce_78_0 13592 finished at 613307 total bytes 25000
Flow Roce_35_0 12904 finished at 614056 total bytes 25000
Flow Roce_66_0 13400 finished at 614374 total bytes 25000
Flow Roce_123_0 14312 finished at 614578 total bytes 25000
Flow Roce_93_0 13832 finished at 615025 total bytes 25000
Flow Roce_80_0 13624 finished at 615300 total bytes 25000
Flow Roce_103_0 13992 finished at 615823 total bytes 25000
Flow Roce_104_0 14008 finished at 615972 total bytes 25000
Flow Roce_118_0 14232 finished at 616768 total bytes 25000
Flow Roce_28_0 12792 finished at 616987 total bytes 25000
Flow Roce_52_0 13176 finished at 617301 total bytes 25000
Flow Roce_58_0 13272 finished at 618291 total bytes 25000
Flow Roce_39_0 12968 finished at 618458 total bytes 25000
Flow Roce_72_0 13496 finished at 619365 total bytes 25000
Flow Roce_41_0 13000 finished at 619384 total bytes 25000
Flow Roce_75_0 13544 finished at 619388 total bytes 25000
Flow Roce_87_0 13736 finished at 619452 total bytes 25000
Flow Roce_22_0 12696 finished at 619752 total bytes 25000
Flow Roce_36_0 12920 finished at 620012 total bytes 25000
Flow Roce_97_0 13896 finished at 620131 total bytes 25000
Flow Roce_113_0 14152 finished at 620237 total bytes 25000
Flow Roce_120_0 14264 finished at 620546 total bytes 25000
Flow Roce_24_0 12728 finished at 620848 total bytes 25000
Flow Roce_48_0 13112 finished at 620993 total bytes 25000
Flow Roce_62_0 13336 finished at 621296 total bytes 25000
Flow Roce_127_0 14376 finished at 621398 total bytes 25000
Flow Roce_65_0 13384 finished at 621447 total bytes 25000
Flow Roce_25_0 12744 finished at 622128 total bytes 25000
Flow Roce_71_0 13480 finished at 622277 total bytes 25000
Flow Roce_33_0 12872 finished at 622411 total bytes 25000
Flow Roce_31_0 12840 finished at 622787 total bytes 25000
Flow Roce_126_0 14360 finished at 623361 total bytes 25000
Flow Roce_43_0 13032 finished at 623486 total bytes 25000
Flow Roce_64_0 13368 finished at 623818 total bytes 25000
Flow Roce_115_0 14184 finished at 624015 total bytes 25000
Flow Roce_101_0 13960 finished at 624068 total bytes 25000
Flow Roce_9_0 12488 finished at 624211 total bytes 25000
Flow Roce_90_0 13784 finished at 624752 total bytes 25000
Flow Roce_79_0 13608 finished at 625083 total bytes 25000
Flow Roce_63_0 13352 finished at 625244 total bytes 25000
Flow Roce_92_0 13816 finished at 625260 total bytes 25000
Flow Roce_42_0 13016 finished at 625331 total bytes 25000
Flow Roce_60_0 13304 finished at 625362 total bytes 25000
Flow Roce_44_0 13048 finished at 625537 total bytes 25000
Flow Roce_98_0 13912 finished at 625601 total bytes 25000
Flow Roce_89_0 13768 finished at 626104 total bytes 25000
Flow Roce_29_0 12808 finished at 626299 total bytes 25000
Flow Roce_96_0 13880 finished at 626370 total bytes 25000
Flow Roce_11_0 12520 finished at 626444 total bytes 25000
Flow Roce_54_0 13208 finished at 626542 total bytes 25000
Flow Roce_15_0 12584 finished at 626543 total bytes 25000
Flow Roce_82_0 13656 finished at 626570 total bytes 25000
Flow Roce_13_0 12552 finished at 626656 total bytes 25000
Flow Roce_56_0 13240 finished at 626704 total bytes 25000
Flow Roce_109_0 14088 finished at 626809 total bytes 25000
Flow Roce_84_0 13688 finished at 626858 total bytes 25000
Flow Roce_83_0 13672 finished at 626875 total bytes 25000
Flow Roce_8_0 12472 finished at 626929 total bytes 25000
Flow Roce_67_0 13416 finished at 627061 total bytes 25000
Flow Roce_10_0 12504 finished at 627471 total bytes 25000
New: 0 Rtx: 0
OVERFLOW_COUNT 0
