Flow Roce_16_59 2996 finished at 13011.3 total bytes 25000
Flow Roce_16_60 3000 finished at 13438 total bytes 25000
Flow Roce_16_61 3004 finished at 13438.1 total bytes 25000
Flow Roce_3_20 2788 finished at 35251.1 total bytes 25000
Flow Roce_5_26 2820 finished at 35627.6 total bytes 25000
Flow Roce_6_29 2836 finished at 35667.9 total bytes 25000
Flow Roce_8_35 2868 finished at 35887.4 total bytes 25000
Flow Roce_10_43 2908 finished at 36390.9 total bytes 25000
Flow Roce_11_46 2924 finished at 36862.8 total bytes 25000
Flow Roce_14_53 2964 finished at 36947.5 total bytes 25000
.Flow Roce_9_40 2892 finished at 52074.1 total bytes 25000
Flow Roce_9_39 2888 finished at 52181.3 total bytes 25000
Flow Roce_12_49 2940 finished at 52564.7 total bytes 25000
Flow Roce_7_32 2852 finished at 52713.8 total bytes 25000
Flow Roce_7_33 2856 finished at 52715.1 total bytes 25000
Flow Roce_14_54 2968 finished at 52896.6 total bytes 25000
Flow Roce_2_19 2780 finished at 52930.4 total bytes 25000
Flow Roce_4_24 2808 finished at 52932.8 total bytes 25000
Flow Roce_14_55 2972 finished at 52982.2 total bytes 25000
Flow Roce_7_34 2860 finished at 53268.6 total bytes 25000
Flow Roce_3_21 2792 finished at 55173.1 total bytes 25000
Flow Roce_4_23 2804 finished at 58479.9 total bytes 25000
Flow Roce_5_28 2828 finished at 58641.6 total bytes 25000
Flow Roce_12_48 2936 finished at 59401.1 total bytes 25000
Flow Roce_11_45 2920 finished at 59534.6 total bytes 25000
Flow Roce_10_41 2900 finished at 59801.6 total bytes 25000
Flow Roce_3_22 2796 finished at 60582.3 total bytes 25000
Flow Roce_2_18 2776 finished at 60656.9 total bytes 25000
Flow Roce_13_52 2956 finished at 60760.2 total bytes 25000
Flow Roce_10_42 2904 finished at 60824.7 total bytes 25000
Flow Roce_8_37 2876 finished at 60825 total bytes 25000
Flow Roce_15_58 2988 finished at 61087.3 total bytes 25000
Flow Roce_5_27 2824 finished at 62207.6 total bytes 25000
Flow Roce_6_31 2844 finished at 63611.2 total bytes 25000
Flow Roce_12_47 2932 finished at 64327.3 total bytes 25000
Flow Roce_13_51 2952 finished at 65014.1 total bytes 25000
Flow Roce_6_30 2840 finished at 65226.1 total bytes 25000
Flow Roce_9_38 2884 finished at 65476.8 total bytes 25000
Flow Roce_8_36 2872 finished at 65754.8 total bytes 25000
Flow Roce_13_50 2948 finished at 65943.7 total bytes 25000
Flow Roce_4_25 2812 finished at 66051.7 total bytes 25000
Flow Roce_15_57 2984 finished at 66093.1 total bytes 25000
Flow Roce_2_17 2772 finished at 66098.4 total bytes 25000
Flow Roce_11_44 2916 finished at 66183.9 total bytes 25000
Flow Roce_15_56 2980 finished at 66475.7 total bytes 25000
Flow Roce_16_0 2992 finished at 70510.2 total bytes 25000
Flow Roce_1_0 2764 finished at 72003 total bytes 25000
Flow Roce_3_0 2784 finished at 73563.9 total bytes 25000
Flow Roce_2_0 2768 finished at 73853.3 total bytes 25000
Flow Roce_10_0 2896 finished at 74338.7 total bytes 25000
Flow Roce_7_0 2848 finished at 74369.7 total bytes 25000
Flow Roce_6_0 2832 finished at 75162.9 total bytes 25000
Flow Roce_13_0 2944 finished at 75640.7 total bytes 25000
Flow Roce_12_0 2928 finished at 75674.7 total bytes 25000
Flow Roce_9_0 2880 finished at 76157.7 total bytes 25000
Flow Roce_5_0 2816 finished at 76339.4 total bytes 25000
Flow Roce_8_0 2864 finished at 76396.4 total bytes 25000
Flow Roce_11_0 2912 finished at 77284 total bytes 25000
Flow Roce_15_0 2976 finished at 77826.3 total bytes 25000
Flow Roce_14_0 2960 finished at 79475.2 total bytes 25000
Flow Roce_4_0 2800 finished at 79850.6 total bytes 25000
New: 0 Rtx: 0
OVERFLOW_COUNT 0
