Flow Roce_2_19 3764 finished at 5830.39 total bytes 16000
Flow Roce_2_18 3760 finished at 6454.49 total bytes 16000
Flow Roce_3_22 3780 finished at 6813.77 total bytes 16000
Flow Roce_3_20 3772 finished at 6933.51 total bytes 16000
Flow Roce_13_50 3932 finished at 7037.63 total bytes 16000
Flow Roce_8_36 3856 finished at 7219.51 total bytes 16000
Flow Roce_11_45 3904 finished at 7250.49 total bytes 16000
Flow Roce_14_53 3948 finished at 7591.98 total bytes 16000
Flow Roce_5_26 3804 finished at 7712.33 total bytes 16000
Flow Roce_5_28 3812 finished at 8049 total bytes 16000
Flow Roce_15_58 3972 finished at 8270.94 total bytes 16000
Flow Roce_6_31 3828 finished at 8327.91 total bytes 16000
Flow Roce_16_60 3984 finished at 8503.38 total bytes 16000
Flow Roce_16_59 3980 finished at 8655.18 total bytes 16000
Flow Roce_16_61 3988 finished at 8655.34 total bytes 16000
Flow Roce_14_54 3952 finished at 10847.3 total bytes 16000
Flow Roce_7_34 3844 finished at 11222.8 total bytes 16000
Flow Roce_5_27 3808 finished at 11857.5 total bytes 16000
Flow Roce_10_41 3884 finished at 13514.9 total bytes 16000
Flow Roce_15_56 3964 finished at 14083.7 total bytes 16000
Flow Roce_12_47 3916 finished at 14100.3 total bytes 16000
Flow Roce_6_29 3820 finished at 14246.7 total bytes 16000
Flow Roce_12_48 3920 finished at 14282.7 total bytes 16000
Flow Roce_4_25 3796 finished at 14431.2 total bytes 16000
Flow Roce_13_52 3940 finished at 14806.6 total bytes 16000
Flow Roce_15_57 3968 finished at 14956.6 total bytes 16000
Flow Roce_13_51 3936 finished at 15180.1 total bytes 16000
Flow Roce_10_43 3892 finished at 15700.9 total bytes 16000
Flow Roce_8_35 3852 finished at 15756.6 total bytes 16000
Flow Roce_9_40 3876 finished at 17549.1 total bytes 16000
Flow Roce_9_39 3872 finished at 17743.5 total bytes 16000
Flow Roce_8_37 3860 finished at 17805.3 total bytes 16000
Flow Roce_12_49 3924 finished at 17820.2 total bytes 16000
Flow Roce_9_38 3868 finished at 17997.6 total bytes 16000
Flow Roce_4_23 3788 finished at 18072.4 total bytes 16000
Flow Roce_10_42 3888 finished at 18079.3 total bytes 16000
Flow Roce_11_44 3900 finished at 18290.1 total bytes 16000
Flow Roce_11_46 3908 finished at 18420.3 total bytes 16000
Flow Roce_2_17 3756 finished at 18478.6 total bytes 16000
Flow Roce_3_21 3776 finished at 19061.7 total bytes 16000
Flow Roce_14_55 3956 finished at 21955 total bytes 16000
Flow Roce_7_32 3836 finished at 27278.7 total bytes 16000
Flow Roce_6_30 3824 finished at 27386.2 total bytes 16000
Flow Roce_4_24 3792 finished at 27423 total bytes 16000
Flow Roce_7_33 3840 finished at 27548.7 total bytes 16000
Flow Roce_3_0 3768 finished at 47721.5 total bytes 16000
Flow Roce_5_0 3800 finished at 48166.9 total bytes 16000
Flow Roce_14_0 3944 finished at 49519.3 total bytes 16000
Flow Roce_8_0 3848 finished at 49597.8 total bytes 16000
.Flow Roce_11_0 3896 finished at 50279.9 total bytes 16000
Flow Roce_16_0 3976 finished at 50572.3 total bytes 16000
Flow Roce_7_0 3832 finished at 50681 total bytes 16000
Flow Roce_2_0 3752 finished at 50826.6 total bytes 16000
Flow Roce_1_0 3748 finished at 51051.7 total bytes 16000
Flow Roce_6_0 3816 finished at 51066.6 total bytes 16000
Flow Roce_13_0 3928 finished at 51189.2 total bytes 16000
Flow Roce_10_0 3880 finished at 51558.1 total bytes 16000
Flow Roce_4_0 3784 finished at 51693.9 total bytes 16000
Flow Roce_9_0 3864 finished at 52052 total bytes 16000
Flow Roce_15_0 3960 finished at 52170.4 total bytes 16000
Flow Roce_12_0 3912 finished at 52185.3 total bytes 16000
New: 0 Rtx: 0
OVERFLOW_COUNT 0
