Flow Roce_78_14 1648 finished at 21959.5 total bytes 25000
Flow Roce_76_12 2088 finished at 21959.5 total bytes 25000
Flow Roce_75_11 1884 finished at 22351.5 total bytes 25000
Flow Roce_67_3 1768 finished at 22426.6 total bytes 25000
Flow Roce_122_58 1804 finished at 25498.4 total bytes 25000
Flow Roce_112_48 2092 finished at 25580.3 total bytes 25000
Flow Roce_113_49 1696 finished at 25644.6 total bytes 25000
Flow Roce_123_59 1780 finished at 25650.8 total bytes 25000
Flow Roce_40_104 1984 finished at 25753.6 total bytes 25000
Flow Roce_42_106 2036 finished at 26339.3 total bytes 25000
Flow Roce_39_103 1616 finished at 26446.5 total bytes 25000
Flow Roce_38_102 1948 finished at 26761.8 total bytes 25000
Flow Roce_44_108 1916 finished at 27093.8 total bytes 25000
Flow Roce_29_93 1852 finished at 30416.6 total bytes 25000
Flow Roce_31_95 1904 finished at 30554.3 total bytes 25000
Flow Roce_124_60 1660 finished at 30564.4 total bytes 25000
Flow Roce_28_92 2096 finished at 30699.7 total bytes 25000
Flow Roce_107_43 1612 finished at 31027.8 total bytes 25000
Flow Roce_22_86 1924 finished at 31039.3 total bytes 25000
Flow Roce_20_84 1836 finished at 31043.2 total bytes 25000
Flow Roce_100_36 2028 finished at 31256 total bytes 25000
Flow Roce_102_38 1960 finished at 31257.7 total bytes 25000
Flow Roce_98_34 1800 finished at 31358.5 total bytes 25000
Flow Roce_106_42 1684 finished at 31834.8 total bytes 25000
Flow Roce_99_35 2084 finished at 31978.2 total bytes 25000
Flow Roce_25_89 1760 finished at 32150.7 total bytes 25000
Flow Roce_93_29 1668 finished at 33142.2 total bytes 25000
Flow Roce_92_28 1944 finished at 33408.8 total bytes 25000
Flow Roce_95_31 1692 finished at 33433.9 total bytes 25000
Flow Roce_86_22 1840 finished at 34893.8 total bytes 25000
Flow Roce_85_21 1816 finished at 34947.9 total bytes 25000
Flow Roce_5_69 1712 finished at 34988.3 total bytes 25000
Flow Roce_6_70 1864 finished at 35250.4 total bytes 25000
Flow Roce_14_78 1664 finished at 35701.8 total bytes 25000
Flow Roce_15_79 1604 finished at 36284.2 total bytes 25000
Flow Roce_7_71 1680 finished at 36648.5 total bytes 25000
Flow Roce_3_67 1652 finished at 36677.5 total bytes 25000
Flow Roce_83_19 1844 finished at 36890.2 total bytes 25000
Flow Roce_91_27 2012 finished at 37120.4 total bytes 25000
Flow Roce_11_75 1716 finished at 37273 total bytes 25000
Flow Roce_54_118 1720 finished at 38317.3 total bytes 25000
Flow Roce_53_117 1636 finished at 38842.5 total bytes 25000
Flow Roce_48_112 1752 finished at 39479.9 total bytes 25000
Flow Roce_50_114 1936 finished at 39891.3 total bytes 25000
Flow Roce_58_122 1608 finished at 39933.3 total bytes 25000
Flow Roce_49_113 1640 finished at 40114.7 total bytes 25000
Flow Roce_61_125 1856 finished at 40327.3 total bytes 25000
Flow Roce_56_120 2080 finished at 40348.5 total bytes 25000
Flow Roce_13_77 1676 finished at 40461.3 total bytes 25000
Flow Roce_55_119 2044 finished at 40568.7 total bytes 25000
Flow Roce_60_124 2076 finished at 40616.5 total bytes 25000
Flow Roce_59_123 1764 finished at 40639.4 total bytes 25000
Flow Roce_57_121 2048 finished at 40875.2 total bytes 25000
Flow Roce_63_127 1996 finished at 41144.1 total bytes 25000
Flow Roce_52_116 1656 finished at 41282.9 total bytes 25000
Flow Roce_51_115 1672 finished at 41879.9 total bytes 25000
Flow Roce_62_126 1748 finished at 41889.9 total bytes 25000
Flow Roce_10_74 1772 finished at 44319.3 total bytes 25000
Flow Roce_9_73 2056 finished at 44456.4 total bytes 25000
Flow Roce_89_25 1728 finished at 44961.7 total bytes 25000
Flow Roce_1_65 1980 finished at 45127.5 total bytes 25000
Flow Roce_0_64 1592 finished at 45160.7 total bytes 25000
Flow Roce_82_18 1796 finished at 45170 total bytes 25000
Flow Roce_84_20 1940 finished at 45194 total bytes 25000
Flow Roce_87_23 2024 finished at 45297.9 total bytes 25000
Flow Roce_8_72 1700 finished at 45299.8 total bytes 25000
Flow Roce_81_17 1972 finished at 45308.6 total bytes 25000
Flow Roce_12_76 2032 finished at 45440.1 total bytes 25000
Flow Roce_80_16 1932 finished at 45745.7 total bytes 25000
Flow Roce_2_66 1740 finished at 45923.8 total bytes 25000
Flow Roce_90_26 1784 finished at 46072.1 total bytes 25000
Flow Roce_108_44 1776 finished at 46214.3 total bytes 25000
Flow Roce_88_24 1988 finished at 46450.4 total bytes 25000
Flow Roce_4_68 1792 finished at 46604.2 total bytes 25000
Flow Roce_94_30 1808 finished at 46721.1 total bytes 25000
Flow Roce_111_47 1976 finished at 48304 total bytes 25000
Flow Roce_109_45 1968 finished at 49330.5 total bytes 25000
Flow Roce_24_88 1900 finished at 49355.1 total bytes 25000
Flow Roce_21_85 2100 finished at 49885.2 total bytes 25000
.Flow Roce_104_40 1708 finished at 50128 total bytes 25000
Flow Roce_18_82 1812 finished at 50147.4 total bytes 25000
Flow Roce_19_83 1952 finished at 50222 total bytes 25000
Flow Roce_110_46 1888 finished at 50381.3 total bytes 25000
Flow Roce_16_80 1868 finished at 50660.2 total bytes 25000
Flow Roce_17_81 1732 finished at 50669 total bytes 25000
Flow Roce_23_87 1992 finished at 50685.6 total bytes 25000
Flow Roce_105_41 1876 finished at 50819.3 total bytes 25000
Flow Roce_103_39 1920 finished at 51063.4 total bytes 25000
Flow Roce_101_37 1620 finished at 51126.5 total bytes 25000
Flow Roce_97_33 1756 finished at 51156.7 total bytes 25000
Flow Roce_96_32 1956 finished at 51188.2 total bytes 25000
Flow Roce_27_91 1832 finished at 51231.5 total bytes 25000
Flow Roce_26_90 1848 finished at 51327.1 total bytes 25000
Flow Roce_30_94 1860 finished at 51816.3 total bytes 25000
Flow Roce_72_8 2064 finished at 54430.9 total bytes 25000
Flow Roce_36_100 2016 finished at 54750.4 total bytes 25000
Flow Roce_34_98 1872 finished at 54766.6 total bytes 25000
Flow Roce_33_97 1824 finished at 55283.6 total bytes 25000
Flow Roce_45_109 2020 finished at 55419.6 total bytes 25000
Flow Roce_32_96 1912 finished at 55547 total bytes 25000
Flow Roce_43_107 1896 finished at 55640.4 total bytes 25000
Flow Roce_114_50 1644 finished at 55648.9 total bytes 25000
Flow Roce_46_110 2052 finished at 55806.9 total bytes 25000
Flow Roce_47_111 2060 finished at 56003.6 total bytes 25000
Flow Roce_37_101 1688 finished at 56033.8 total bytes 25000
Flow Roce_41_105 1704 finished at 56166.8 total bytes 25000
Flow Roce_35_99 1892 finished at 56196.9 total bytes 25000
Flow Roce_116_52 1880 finished at 56548.7 total bytes 25000
Flow Roce_121_57 1736 finished at 56696.1 total bytes 25000
Flow Roce_115_51 2008 finished at 57724.1 total bytes 25000
Flow Roce_126_62 1596 finished at 57805.3 total bytes 25000
Flow Roce_127_63 1600 finished at 57829.1 total bytes 25000
Flow Roce_117_53 2068 finished at 57919.6 total bytes 25000
Flow Roce_120_56 2000 finished at 57997.1 total bytes 25000
Flow Roce_125_61 1744 finished at 58141.3 total bytes 25000
Flow Roce_118_54 1928 finished at 58186.7 total bytes 25000
Flow Roce_119_55 1724 finished at 58300.4 total bytes 25000
Flow Roce_64_0 1632 finished at 59193.1 total bytes 25000
Flow Roce_71_7 1964 finished at 59325.8 total bytes 25000
Flow Roce_68_4 1628 finished at 59648.7 total bytes 25000
Flow Roce_70_6 1624 finished at 59784.1 total bytes 25000
Flow Roce_77_13 2072 finished at 59830.9 total bytes 25000
Flow Roce_73_9 2040 finished at 60604.5 total bytes 25000
Flow Roce_74_10 1828 finished at 60730.1 total bytes 25000
Flow Roce_69_5 2004 finished at 61039.7 total bytes 25000
Flow Roce_66_2 1788 finished at 61040.5 total bytes 25000
Flow Roce_79_15 1908 finished at 61325.6 total bytes 25000
Flow Roce_65_1 1820 finished at 61360.4 total bytes 25000
New: 0 Rtx: 0
OVERFLOW_COUNT 0
