.Flow Uec_5765_0 flowId 28 uecSrc 27 finished at 81483.1 total messages 1 total packets 16425 RTS 0 total bytes 67112550 in_flight now 0 fair_inc 2498450 prop_inc 59751 fast_inc 0 eta_inc 4481388 multi_dec -6780269 quick_dec -692813 nack_dec -1838450
Flow Uec_3861_0 flowId 21 uecSrc 20 finished at 81813.7 total messages 1 total packets 16425 RTS 0 total bytes 67112550 in_flight now 0 fair_inc 2180386 prop_inc 69862 fast_inc 0 eta_inc 4513284 multi_dec -6450490 quick_dec -632080 nack_dec -1597750
Flow Uec_5254_0 flowId 22 uecSrc 21 finished at 82117.2 total messages 1 total packets 16425 RTS 0 total bytes 67112550 in_flight now 0 fair_inc 2297628 prop_inc 61154 fast_inc 0 eta_inc 4515942 multi_dec -6312618 quick_dec -854974 nack_dec -1743000
Flow Uec_3120_0 flowId 10 uecSrc 9 finished at 83484.4 total messages 1 total packets 16425 RTS 0 total bytes 67112550 in_flight now 0 fair_inc 2602039 prop_inc 43253 fast_inc 0 eta_inc 4597011 multi_dec -7084818 quick_dec -820509 nack_dec -1689978
Flow Uec_6545_0 flowId 26 uecSrc 25 finished at 83534.6 total messages 1 total packets 16425 RTS 0 total bytes 67112550 in_flight now 0 fair_inc 2268854 prop_inc 57364 fast_inc 0 eta_inc 4598340 multi_dec -6463678 quick_dec -631673 nack_dec -1826000
Flow Uec_172_0 flowId 8 uecSrc 7 finished at 83850.3 total messages 1 total packets 16425 RTS 0 total bytes 67112550 in_flight now 0 fair_inc 3110166 prop_inc 55118 fast_inc 0 eta_inc 5523324 multi_dec -8015720 quick_dec --624856 nack_dec -4345050
Flow Uec_2053_0 flowId 27 uecSrc 26 finished at 83867.1 total messages 1 total packets 16425 RTS 0 total bytes 67112550 in_flight now 0 fair_inc 2251605 prop_inc 65096 fast_inc 0 eta_inc 4628907 multi_dec -6530358 quick_dec -781847 nack_dec -1767900
Flow Uec_5880_0 flowId 29 uecSrc 28 finished at 84222 total messages 1 total packets 16425 RTS 0 total bytes 67112550 in_flight now 0 fair_inc 2509885 prop_inc 39308 fast_inc 0 eta_inc 4630236 multi_dec -6930613 quick_dec -788374 nack_dec -1759600
Flow Uec_5707_0 flowId 4 uecSrc 3 finished at 84242.9 total messages 1 total packets 16425 RTS 0 total bytes 67112550 in_flight now 0 fair_inc 2450662 prop_inc 55761 fast_inc 0 eta_inc 4643526 multi_dec -6903209 quick_dec -718375 nack_dec -1655850
Flow Uec_1373_0 flowId 20 uecSrc 19 finished at 85063.3 total messages 1 total packets 16425 RTS 0 total bytes 67112550 in_flight now 0 fair_inc 2267978 prop_inc 69841 fast_inc 0 eta_inc 4687383 multi_dec -6982376 quick_dec -474247 nack_dec -1680750
Flow Uec_1451_0 flowId 11 uecSrc 10 finished at 85111.1 total messages 1 total packets 16425 RTS 0 total bytes 67112550 in_flight now 0 fair_inc 2397133 prop_inc 48020 fast_inc 0 eta_inc 4698015 multi_dec -6990742 quick_dec -641332 nack_dec -1552100
Flow Uec_4022_0 flowId 2 uecSrc 1 finished at 85161.1 total messages 1 total packets 16425 RTS 0 total bytes 67112550 in_flight now 0 fair_inc 2187646 prop_inc 74468 fast_inc 0 eta_inc 4686054 multi_dec -6482161 quick_dec -766723 nack_dec -1676600
Flow Uec_3194_0 flowId 9 uecSrc 8 finished at 85222.6 total messages 1 total packets 16425 RTS 0 total bytes 67112550 in_flight now 0 fair_inc 2351450 prop_inc 77892 fast_inc 0 eta_inc 4686054 multi_dec -6970900 quick_dec -595756 nack_dec -1618500
Flow Uec_3824_0 flowId 14 uecSrc 13 finished at 85441.9 total messages 1 total packets 16425 RTS 0 total bytes 67112550 in_flight now 0 fair_inc 2390092 prop_inc 71954 fast_inc 0 eta_inc 4704660 multi_dec -7034973 quick_dec -578659 nack_dec -1655850
Flow Uec_3864_0 flowId 13 uecSrc 12 finished at 85632.8 total messages 1 total packets 16425 RTS 0 total bytes 67112550 in_flight now 0 fair_inc 2061180 prop_inc 71215 fast_inc 0 eta_inc 4708647 multi_dec -6399074 quick_dec -715960 nack_dec -1610200
Flow Uec_7309_0 flowId 6 uecSrc 5 finished at 85723.3 total messages 1 total packets 16425 RTS 0 total bytes 67112550 in_flight now 0 fair_inc 2563144 prop_inc 52103 fast_inc 0 eta_inc 4723266 multi_dec -7006906 quick_dec -934178 nack_dec -1722250
Flow Uec_2340_0 flowId 3 uecSrc 2 finished at 85747.6 total messages 1 total packets 16425 RTS 0 total bytes 67112550 in_flight now 0 fair_inc 2389564 prop_inc 58018 fast_inc 0 eta_inc 4721937 multi_dec -7055736 quick_dec -506037 nack_dec -1726400
Flow Uec_655_0 flowId 18 uecSrc 17 finished at 85867.3 total messages 1 total packets 16425 RTS 0 total bytes 67112550 in_flight now 0 fair_inc 2501087 prop_inc 67848 fast_inc 0 eta_inc 4716621 multi_dec -7116064 quick_dec -816135 nack_dec -1680750
Flow Uec_4869_0 flowId 7 uecSrc 6 finished at 86173.6 total messages 1 total packets 16425 RTS 0 total bytes 67112550 in_flight now 0 fair_inc 2401451 prop_inc 57271 fast_inc 0 eta_inc 4739214 multi_dec -7056288 quick_dec -656308 nack_dec -1660000
Flow Uec_2826_0 flowId 19 uecSrc 18 finished at 86211.4 total messages 1 total packets 16425 RTS 0 total bytes 67112550 in_flight now 0 fair_inc 2514896 prop_inc 56555 fast_inc 0 eta_inc 4755162 multi_dec -6954012 quick_dec -884825 nack_dec -1834300
Flow Uec_7573_0 flowId 5 uecSrc 4 finished at 86221.7 total messages 1 total packets 16425 RTS 0 total bytes 67112550 in_flight now 0 fair_inc 2479749 prop_inc 55257 fast_inc 0 eta_inc 4747188 multi_dec -6930041 quick_dec -880561 nack_dec -1755450
Flow Uec_4555_0 flowId 17 uecSrc 16 finished at 86320.4 total messages 1 total packets 16425 RTS 0 total bytes 67112550 in_flight now 0 fair_inc 2092435 prop_inc 79869 fast_inc 0 eta_inc 4748517 multi_dec -6423791 quick_dec -678162 nack_dec -1618500
Flow Uec_6468_0 flowId 15 uecSrc 14 finished at 86377.6 total messages 1 total packets 16425 RTS 0 total bytes 67112550 in_flight now 0 fair_inc 2471138 prop_inc 60944 fast_inc 0 eta_inc 4752504 multi_dec -6903747 quick_dec -749650 nack_dec -1796950
Flow Uec_7762_0 flowId 23 uecSrc 22 finished at 86782.2 total messages 1 total packets 16425 RTS 0 total bytes 67112550 in_flight now 0 fair_inc 2214901 prop_inc 81732 fast_inc 0 eta_inc 4772439 multi_dec -6623679 quick_dec -686925 nack_dec -1680750
Flow Uec_843_0 flowId 25 uecSrc 24 finished at 86884.1 total messages 1 total packets 16425 RTS 0 total bytes 67112550 in_flight now 0 fair_inc 2419988 prop_inc 61219 fast_inc 0 eta_inc 4776426 multi_dec -6986498 quick_dec -653407 nack_dec -1796950
Flow Uec_5520_0 flowId 30 uecSrc 29 finished at 86891.8 total messages 1 total packets 16425 RTS 0 total bytes 67112550 in_flight now 0 fair_inc 2504423 prop_inc 70374 fast_inc 0 eta_inc 4775097 multi_dec -6861304 quick_dec -774004 nack_dec -1900700
Flow Uec_7548_0 flowId 12 uecSrc 11 finished at 86911.2 total messages 1 total packets 16425 RTS 0 total bytes 67112550 in_flight now 0 fair_inc 2416720 prop_inc 68881 fast_inc 0 eta_inc 4783071 multi_dec -6881916 quick_dec -762932 nack_dec -1863350
Flow Uec_7107_0 flowId 1 uecSrc 0 finished at 86977.2 total messages 1 total packets 16425 RTS 0 total bytes 67112550 in_flight now 0 fair_inc 2213026 prop_inc 102832 fast_inc 0 eta_inc 4785729 multi_dec -6863727 quick_dec -648251 nack_dec -1651700
Flow Uec_4596_0 flowId 32 uecSrc 31 finished at 87011.2 total messages 1 total packets 16425 RTS 0 total bytes 67112550 in_flight now 0 fair_inc 2411409 prop_inc 108940 fast_inc 0 eta_inc 4791045 multi_dec -6753244 quick_dec -931863 nack_dec -1668300
Flow Uec_929_0 flowId 31 uecSrc 30 finished at 87052.6 total messages 1 total packets 16425 RTS 0 total bytes 67112550 in_flight now 0 fair_inc 2227178 prop_inc 134545 fast_inc 0 eta_inc 4800348 multi_dec -6655140 quick_dec -669668 nack_dec -1776200
Flow Uec_3047_0 flowId 24 uecSrc 23 finished at 87180.1 total messages 1 total packets 16425 RTS 0 total bytes 67112550 in_flight now 0 fair_inc 2288213 prop_inc 253560 fast_inc 0 eta_inc 4800348 multi_dec -6769554 quick_dec -757578 nack_dec -1850900
Flow Uec_1760_0 flowId 16 uecSrc 15 finished at 87296.7 total messages 1 total packets 16425 RTS 0 total bytes 67112550 in_flight now 0 fair_inc 2031016 prop_inc 263836 fast_inc 1199362 eta_inc 4806993 multi_dec -6440449 quick_dec -832589 nack_dec -1676600
New: 525600 Rtx: 13900 RTS: 0 Bounced: 0 ACKs: 523959 NACKs: 13900 Pulls: 0 sleek_pkts: 0
SPURIOUS_COUNT 0
