Flow Uec_3615_0 flowId 19 uecSrc 18 finished at 1397.94 total messages 1 total packets 257 RTS 0 total bytes 1050102 in_flight now 0 fair_inc 0 prop_inc 0 fast_inc 0 eta_inc 0 multi_dec -0 quick_dec -97826 nack_dec -481400
Flow Uec_4564_0 flowId 50 uecSrc 49 finished at 1413.98 total messages 1 total packets 257 RTS 0 total bytes 1050102 in_flight now 0 fair_inc 0 prop_inc 0 fast_inc 0 eta_inc 0 multi_dec -0 quick_dec -77076 nack_dec -489700
Flow Uec_3_0 flowId 23 uecSrc 22 finished at 1558 total messages 1 total packets 257 RTS 0 total bytes 1050102 in_flight now 0 fair_inc 21289 prop_inc 19597 fast_inc 0 eta_inc 122268 multi_dec -88516 quick_dec --15983 nack_dec -257300
Flow Uec_5755_0 flowId 37 uecSrc 36 finished at 1692.26 total messages 1 total packets 257 RTS 0 total bytes 1050102 in_flight now 0 fair_inc 0 prop_inc 0 fast_inc 0 eta_inc 0 multi_dec -0 quick_dec -89526 nack_dec -489700
Flow Uec_5_0 flowId 31 uecSrc 30 finished at 1729.53 total messages 1 total packets 257 RTS 0 total bytes 1050102 in_flight now 0 fair_inc 11100 prop_inc 6085 fast_inc 0 eta_inc 126255 multi_dec -78937 quick_dec -35007 nack_dec -232400
Flow Uec_11_0 flowId 64 uecSrc 63 finished at 1912.58 total messages 1 total packets 257 RTS 0 total bytes 1050102 in_flight now 0 fair_inc 0 prop_inc 5243 fast_inc 0 eta_inc 144861 multi_dec -95248 quick_dec --12310 nack_dec -224100
Flow Uec_7965_0 flowId 12 uecSrc 11 finished at 1953.55 total messages 1 total packets 257 RTS 0 total bytes 1050102 in_flight now 0 fair_inc 48624 prop_inc 0 fast_inc 0 eta_inc 103662 multi_dec -130732 quick_dec -118505 nack_dec -493850
Flow Uec_109_0 flowId 46 uecSrc 45 finished at 2029.75 total messages 1 total packets 257 RTS 0 total bytes 1050102 in_flight now 0 fair_inc 52064 prop_inc 0 fast_inc 0 eta_inc 118281 multi_dec -119003 quick_dec -67105 nack_dec -406700
Flow Uec_4845_0 flowId 54 uecSrc 53 finished at 2089.3 total messages 1 total packets 257 RTS 0 total bytes 1050102 in_flight now 0 fair_inc 23410 prop_inc 0 fast_inc 0 eta_inc 107649 multi_dec -143594 quick_dec -179808 nack_dec -522900
Flow Uec_3083_0 flowId 9 uecSrc 8 finished at 2089.73 total messages 1 total packets 257 RTS 0 total bytes 1050102 in_flight now 0 fair_inc 12010 prop_inc 0 fast_inc 0 eta_inc 2658 multi_dec -0 quick_dec -43876 nack_dec -493850
Flow Uec_3068_0 flowId 11 uecSrc 10 finished at 2144.81 total messages 1 total packets 257 RTS 0 total bytes 1050102 in_flight now 0 fair_inc 26609 prop_inc 0 fast_inc 0 eta_inc 107649 multi_dec -141379 quick_dec -44111 nack_dec -493850
Flow Uec_4146_0 flowId 13 uecSrc 12 finished at 2157.03 total messages 1 total packets 257 RTS 0 total bytes 1050102 in_flight now 0 fair_inc 17052 prop_inc 0 fast_inc 0 eta_inc 110307 multi_dec -120437 quick_dec -102353 nack_dec -498000
Flow Uec_3927_0 flowId 36 uecSrc 35 finished at 2178.55 total messages 1 total packets 257 RTS 0 total bytes 1050102 in_flight now 0 fair_inc 0 prop_inc 0 fast_inc 0 eta_inc 0 multi_dec -0 quick_dec -48026 nack_dec -485550
Flow Uec_5129_0 flowId 25 uecSrc 24 finished at 2250.99 total messages 1 total packets 257 RTS 0 total bytes 1050102 in_flight now 0 fair_inc 32491 prop_inc 0 fast_inc 0 eta_inc 116952 multi_dec -141067 quick_dec -59703 nack_dec -506300
Flow Uec_7819_0 flowId 35 uecSrc 34 finished at 2360.4 total messages 1 total packets 257 RTS 0 total bytes 1050102 in_flight now 0 fair_inc 24877 prop_inc 0 fast_inc 0 eta_inc 122268 multi_dec -144594 quick_dec -22434 nack_dec -506300
Flow Uec_1995_0 flowId 29 uecSrc 28 finished at 2369.97 total messages 1 total packets 257 RTS 0 total bytes 1050102 in_flight now 0 fair_inc 15780 prop_inc 0 fast_inc 0 eta_inc 122268 multi_dec -164713 quick_dec -36906 nack_dec -514600
Flow Uec_1490_0 flowId 10 uecSrc 9 finished at 2431 total messages 1 total packets 257 RTS 0 total bytes 1050102 in_flight now 0 fair_inc 29180 prop_inc 0 fast_inc 0 eta_inc 127584 multi_dec -154777 quick_dec -102451 nack_dec -539500
Flow Uec_281_0 flowId 56 uecSrc 55 finished at 2443.72 total messages 1 total packets 257 RTS 0 total bytes 1050102 in_flight now 0 fair_inc 30232 prop_inc 0 fast_inc 0 eta_inc 127584 multi_dec -136733 quick_dec -91709 nack_dec -506300
Flow Uec_3182_0 flowId 32 uecSrc 31 finished at 2457.1 total messages 1 total packets 257 RTS 0 total bytes 1050102 in_flight now 0 fair_inc 26139 prop_inc 0 fast_inc 0 eta_inc 127584 multi_dec -136305 quick_dec -28577 nack_dec -506300
Flow Uec_755_0 flowId 26 uecSrc 25 finished at 2472.48 total messages 1 total packets 257 RTS 0 total bytes 1050102 in_flight now 0 fair_inc 36238 prop_inc 354 fast_inc 0 eta_inc 124926 multi_dec -138111 quick_dec -123810 nack_dec -543650
Flow Uec_7359_0 flowId 20 uecSrc 19 finished at 2474.58 total messages 1 total packets 257 RTS 0 total bytes 1050102 in_flight now 0 fair_inc 24087 prop_inc 0 fast_inc 0 eta_inc 126255 multi_dec -142345 quick_dec -70267 nack_dec -498000
Flow Uec_2447_0 flowId 16 uecSrc 15 finished at 2481.82 total messages 1 total packets 257 RTS 0 total bytes 1050102 in_flight now 0 fair_inc 19550 prop_inc 783 fast_inc 0 eta_inc 128913 multi_dec -144289 quick_dec -69338 nack_dec -493850
Flow Uec_5523_0 flowId 44 uecSrc 43 finished at 2485.91 total messages 1 total packets 257 RTS 0 total bytes 1050102 in_flight now 0 fair_inc 41858 prop_inc 0 fast_inc 0 eta_inc 124926 multi_dec -136149 quick_dec -124398 nack_dec -547800
Flow Uec_3754_0 flowId 63 uecSrc 62 finished at 2502.45 total messages 1 total packets 257 RTS 0 total bytes 1050102 in_flight now 0 fair_inc 26544 prop_inc 2814 fast_inc 0 eta_inc 131571 multi_dec -138588 quick_dec -64298 nack_dec -493850
Flow Uec_4288_0 flowId 24 uecSrc 23 finished at 2518.82 total messages 1 total packets 257 RTS 0 total bytes 1050102 in_flight now 0 fair_inc 18915 prop_inc 1094 fast_inc 0 eta_inc 128913 multi_dec -133130 quick_dec -69427 nack_dec -514600
Flow Uec_4747_0 flowId 1 uecSrc 0 finished at 2535.36 total messages 1 total packets 257 RTS 0 total bytes 1050102 in_flight now 0 fair_inc 27178 prop_inc 0 fast_inc 0 eta_inc 126255 multi_dec -124628 quick_dec -155260 nack_dec -518750
Flow Uec_1282_0 flowId 52 uecSrc 51 finished at 2539.78 total messages 1 total packets 257 RTS 0 total bytes 1050102 in_flight now 0 fair_inc 21954 prop_inc 874 fast_inc 0 eta_inc 131571 multi_dec -148679 quick_dec -52100 nack_dec -498000
Flow Uec_4861_0 flowId 6 uecSrc 5 finished at 2553.5 total messages 1 total packets 257 RTS 0 total bytes 1050102 in_flight now 0 fair_inc 6313 prop_inc 1342 fast_inc 0 eta_inc 132900 multi_dec -138378 quick_dec -58999 nack_dec -489700
Flow Uec_2855_0 flowId 43 uecSrc 42 finished at 2571.86 total messages 1 total packets 257 RTS 0 total bytes 1050102 in_flight now 0 fair_inc 19343 prop_inc 3160 fast_inc 0 eta_inc 130242 multi_dec -125156 quick_dec -53179 nack_dec -518750
Flow Uec_625_0 flowId 2 uecSrc 1 finished at 2577.11 total messages 1 total packets 257 RTS 0 total bytes 1050102 in_flight now 0 fair_inc 42485 prop_inc 1265 fast_inc 0 eta_inc 134229 multi_dec -146206 quick_dec -41091 nack_dec -510450
Flow Uec_3376_0 flowId 62 uecSrc 61 finished at 2577.88 total messages 1 total packets 257 RTS 0 total bytes 1050102 in_flight now 0 fair_inc 31296 prop_inc 727 fast_inc 0 eta_inc 134229 multi_dec -144731 quick_dec -55772 nack_dec -498000
Flow Uec_5631_0 flowId 58 uecSrc 57 finished at 2582.8 total messages 1 total packets 257 RTS 0 total bytes 1050102 in_flight now 0 fair_inc 13176 prop_inc 936 fast_inc 0 eta_inc 131571 multi_dec -136626 quick_dec -28017 nack_dec -502150
Flow Uec_6321_0 flowId 41 uecSrc 40 finished at 2586.89 total messages 1 total packets 257 RTS 0 total bytes 1050102 in_flight now 0 fair_inc 18986 prop_inc 1746 fast_inc 0 eta_inc 132900 multi_dec -135652 quick_dec -61330 nack_dec -518750
Flow Uec_3346_0 flowId 3 uecSrc 2 finished at 2602.77 total messages 1 total packets 257 RTS 0 total bytes 1050102 in_flight now 0 fair_inc 12570 prop_inc 3390 fast_inc 0 eta_inc 135558 multi_dec -126536 quick_dec -48167 nack_dec -506300
Flow Uec_7196_0 flowId 39 uecSrc 38 finished at 2609.18 total messages 1 total packets 257 RTS 0 total bytes 1050102 in_flight now 0 fair_inc 12490 prop_inc 2602 fast_inc 0 eta_inc 132900 multi_dec -135304 quick_dec -28926 nack_dec -498000
Flow Uec_628_0 flowId 51 uecSrc 50 finished at 2612.11 total messages 1 total packets 257 RTS 0 total bytes 1050102 in_flight now 0 fair_inc 18779 prop_inc 1881 fast_inc 0 eta_inc 136887 multi_dec -133947 quick_dec -59571 nack_dec -527050
Flow Uec_4521_0 flowId 59 uecSrc 58 finished at 2615.53 total messages 1 total packets 257 RTS 0 total bytes 1050102 in_flight now 0 fair_inc 23627 prop_inc 3558 fast_inc 0 eta_inc 131571 multi_dec -125621 quick_dec -63222 nack_dec -547800
Flow Uec_7997_0 flowId 60 uecSrc 59 finished at 2621.11 total messages 1 total packets 257 RTS 0 total bytes 1050102 in_flight now 0 fair_inc 6390 prop_inc 4112 fast_inc 0 eta_inc 136887 multi_dec -140540 quick_dec -60333 nack_dec -485550
Flow Uec_4223_0 flowId 34 uecSrc 33 finished at 2625.87 total messages 1 total packets 257 RTS 0 total bytes 1050102 in_flight now 0 fair_inc 13350 prop_inc 1350 fast_inc 0 eta_inc 134229 multi_dec -113034 quick_dec -51520 nack_dec -518750
Flow Uec_1279_0 flowId 53 uecSrc 52 finished at 2639.25 total messages 1 total packets 257 RTS 0 total bytes 1050102 in_flight now 0 fair_inc 18439 prop_inc 5035 fast_inc 0 eta_inc 139545 multi_dec -128520 quick_dec -72927 nack_dec -498000
Flow Uec_6653_0 flowId 49 uecSrc 48 finished at 2649.32 total messages 1 total packets 257 RTS 0 total bytes 1050102 in_flight now 0 fair_inc 6425 prop_inc 4003 fast_inc 0 eta_inc 136887 multi_dec -123530 quick_dec -65535 nack_dec -510450
Flow Uec_2662_0 flowId 21 uecSrc 20 finished at 2659.05 total messages 1 total packets 257 RTS 0 total bytes 1050102 in_flight now 0 fair_inc 3794 prop_inc 5302 fast_inc 0 eta_inc 139545 multi_dec -131963 quick_dec -48621 nack_dec -522900
Flow Uec_5174_0 flowId 14 uecSrc 13 finished at 2671.6 total messages 1 total packets 257 RTS 0 total bytes 1050102 in_flight now 0 fair_inc 28780 prop_inc 6106 fast_inc 0 eta_inc 139545 multi_dec -129606 quick_dec -105250 nack_dec -547800
Flow Uec_6531_0 flowId 45 uecSrc 44 finished at 2676.86 total messages 1 total packets 257 RTS 0 total bytes 1050102 in_flight now 0 fair_inc 6757 prop_inc 5634 fast_inc 0 eta_inc 136887 multi_dec -104239 quick_dec -48282 nack_dec -506300
Flow Uec_5986_0 flowId 7 uecSrc 6 finished at 2680.11 total messages 1 total packets 257 RTS 0 total bytes 1050102 in_flight now 0 fair_inc 13121 prop_inc 9464 fast_inc 0 eta_inc 134229 multi_dec -115249 quick_dec -33572 nack_dec -522900
Flow Uec_2404_0 flowId 30 uecSrc 29 finished at 2682.54 total messages 1 total packets 257 RTS 0 total bytes 1050102 in_flight now 0 fair_inc 13242 prop_inc 6729 fast_inc 0 eta_inc 139545 multi_dec -104915 quick_dec -46180 nack_dec -510450
Flow Uec_1506_0 flowId 22 uecSrc 21 finished at 2688.96 total messages 1 total packets 257 RTS 0 total bytes 1050102 in_flight now 0 fair_inc 6646 prop_inc 3206 fast_inc 0 eta_inc 139545 multi_dec -128656 quick_dec -53486 nack_dec -506300
Flow Uec_4231_0 flowId 27 uecSrc 26 finished at 2695.87 total messages 1 total packets 257 RTS 0 total bytes 1050102 in_flight now 0 fair_inc 12962 prop_inc 7660 fast_inc 0 eta_inc 136887 multi_dec -111913 quick_dec -27977 nack_dec -527050
Flow Uec_7370_0 flowId 8 uecSrc 7 finished at 2708.75 total messages 1 total packets 257 RTS 0 total bytes 1050102 in_flight now 0 fair_inc 3794 prop_inc 14905 fast_inc 0 eta_inc 142203 multi_dec -114945 quick_dec -104805 nack_dec -518750
Flow Uec_6678_0 flowId 61 uecSrc 60 finished at 2711.02 total messages 1 total packets 257 RTS 0 total bytes 1050102 in_flight now 0 fair_inc 0 prop_inc 17048 fast_inc 0 eta_inc 140874 multi_dec -122049 quick_dec -16870 nack_dec -493850
Flow Uec_7872_0 flowId 15 uecSrc 14 finished at 2727.72 total messages 1 total packets 257 RTS 0 total bytes 1050102 in_flight now 0 fair_inc 3794 prop_inc 18896 fast_inc 0 eta_inc 142203 multi_dec -115684 quick_dec -115232 nack_dec -510450
Flow Uec_7322_0 flowId 42 uecSrc 41 finished at 2727.83 total messages 1 total packets 257 RTS 0 total bytes 1050102 in_flight now 0 fair_inc 0 prop_inc 19820 fast_inc 0 eta_inc 143532 multi_dec -120788 quick_dec -50567 nack_dec -493850
Flow Uec_306_0 flowId 17 uecSrc 16 finished at 2729.76 total messages 1 total packets 257 RTS 0 total bytes 1050102 in_flight now 0 fair_inc 0 prop_inc 27551 fast_inc 0 eta_inc 143532 multi_dec -118723 quick_dec -52167 nack_dec -498000
Flow Uec_1637_0 flowId 47 uecSrc 46 finished at 2730.36 total messages 1 total packets 257 RTS 0 total bytes 1050102 in_flight now 0 fair_inc 4710 prop_inc 17527 fast_inc 0 eta_inc 142203 multi_dec -111007 quick_dec -50259 nack_dec -531200
Flow Uec_6872_0 flowId 55 uecSrc 54 finished at 2731.63 total messages 1 total packets 257 RTS 0 total bytes 1050102 in_flight now 0 fair_inc 6331 prop_inc 21974 fast_inc 0 eta_inc 142203 multi_dec -115896 quick_dec -57231 nack_dec -510450
Flow Uec_3172_0 flowId 5 uecSrc 4 finished at 2738.04 total messages 1 total packets 257 RTS 0 total bytes 1050102 in_flight now 0 fair_inc 0 prop_inc 27244 fast_inc 0 eta_inc 144861 multi_dec -114747 quick_dec -48492 nack_dec -502150
Flow Uec_4348_0 flowId 33 uecSrc 32 finished at 2739.47 total messages 1 total packets 257 RTS 0 total bytes 1050102 in_flight now 0 fair_inc 6764 prop_inc 21877 fast_inc 0 eta_inc 140874 multi_dec -109971 quick_dec -39091 nack_dec -510450
Flow Uec_3403_0 flowId 18 uecSrc 17 finished at 2741.9 total messages 1 total packets 257 RTS 0 total bytes 1050102 in_flight now 0 fair_inc 0 prop_inc 18852 fast_inc 0 eta_inc 144861 multi_dec -118991 quick_dec -91749 nack_dec -498000
Flow Uec_295_0 flowId 4 uecSrc 3 finished at 2750.06 total messages 1 total packets 257 RTS 0 total bytes 1050102 in_flight now 0 fair_inc 0 prop_inc 26364 fast_inc 0 eta_inc 140874 multi_dec -109037 quick_dec -45206 nack_dec -502150
Flow Uec_2504_0 flowId 38 uecSrc 37 finished at 2751.99 total messages 1 total packets 257 RTS 0 total bytes 1050102 in_flight now 0 fair_inc 0 prop_inc 31924 fast_inc 0 eta_inc 144861 multi_dec -102019 quick_dec -76709 nack_dec -510450
Flow Uec_2084_0 flowId 48 uecSrc 47 finished at 2752.59 total messages 1 total packets 257 RTS 0 total bytes 1050102 in_flight now 0 fair_inc 0 prop_inc 35040 fast_inc 0 eta_inc 144861 multi_dec -112211 quick_dec -67897 nack_dec -498000
Flow Uec_7461_0 flowId 28 uecSrc 27 finished at 2755.02 total messages 1 total packets 257 RTS 0 total bytes 1050102 in_flight now 0 fair_inc 6451 prop_inc 36654 fast_inc 0 eta_inc 144861 multi_dec -106849 quick_dec -77209 nack_dec -514600
Flow Uec_5539_0 flowId 57 uecSrc 56 finished at 2758.73 total messages 1 total packets 257 RTS 0 total bytes 1050102 in_flight now 0 fair_inc 0 prop_inc 50573 fast_inc 0 eta_inc 144861 multi_dec -113615 quick_dec -47344 nack_dec -493850
Flow Uec_2139_0 flowId 40 uecSrc 39 finished at 2774.42 total messages 1 total packets 257 RTS 0 total bytes 1050102 in_flight now 0 fair_inc 6492 prop_inc 62313 fast_inc 0 eta_inc 142203 multi_dec -102080 quick_dec -80586 nack_dec -510450
New: 16448 Rtx: 7621 RTS: 0 Bounced: 0 ACKs: 16222 NACKs: 7621 Pulls: 0 sleek_pkts: 0
SPURIOUS_COUNT 0
