Flow Uec_4596_0 flowId 20 uecSrc 19 finished at 1817.75 total messages 1 total packets 514 RTS 0 total bytes 2100204 in_flight now 0 fair_inc 102922 prop_inc 3870 fast_inc 0 eta_inc 103662 multi_dec -189775 quick_dec -57866 nack_dec -485550
Flow Uec_5055_0 flowId 23 uecSrc 22 finished at 2004.25 total messages 1 total packets 514 RTS 0 total bytes 2100204 in_flight now 0 fair_inc 107401 prop_inc 2134 fast_inc 0 eta_inc 111636 multi_dec -195478 quick_dec -39718 nack_dec -514600
Flow Uec_4180_0 flowId 27 uecSrc 26 finished at 2058.74 total messages 1 total packets 514 RTS 0 total bytes 2100204 in_flight now 0 fair_inc 58461 prop_inc 366 fast_inc 0 eta_inc 112965 multi_dec -190125 quick_dec -16377 nack_dec -477250
Flow Uec_6206_0 flowId 29 uecSrc 28 finished at 2086.01 total messages 1 total packets 514 RTS 0 total bytes 2100204 in_flight now 0 fair_inc 107984 prop_inc 258 fast_inc 0 eta_inc 114294 multi_dec -195832 quick_dec -97752 nack_dec -485550
Flow Uec_5523_0 flowId 5 uecSrc 4 finished at 2147 total messages 1 total packets 514 RTS 0 total bytes 2100204 in_flight now 0 fair_inc 74354 prop_inc 926 fast_inc 0 eta_inc 118281 multi_dec -205611 quick_dec -76924 nack_dec -481400
Flow Uec_99_0 flowId 18 uecSrc 17 finished at 2251.62 total messages 1 total packets 514 RTS 0 total bytes 2100204 in_flight now 0 fair_inc 77923 prop_inc 9753 fast_inc 0 eta_inc 150177 multi_dec -187302 quick_dec --42041 nack_dec -464800
Flow Uec_4537_0 flowId 16 uecSrc 15 finished at 2276.41 total messages 1 total packets 514 RTS 0 total bytes 2100204 in_flight now 0 fair_inc 60313 prop_inc 828 fast_inc 0 eta_inc 127584 multi_dec -189684 quick_dec -28596 nack_dec -493850
Flow Uec_1913_0 flowId 30 uecSrc 29 finished at 2328.42 total messages 1 total packets 514 RTS 0 total bytes 2100204 in_flight now 0 fair_inc 98132 prop_inc 7334 fast_inc 0 eta_inc 127584 multi_dec -199762 quick_dec -34940 nack_dec -527050
Flow Uec_673_0 flowId 24 uecSrc 23 finished at 2405.32 total messages 1 total packets 514 RTS 0 total bytes 2100204 in_flight now 0 fair_inc 98681 prop_inc 2663 fast_inc 0 eta_inc 131571 multi_dec -202553 quick_dec -40092 nack_dec -493850
Flow Uec_2164_0 flowId 11 uecSrc 10 finished at 2467.95 total messages 1 total packets 514 RTS 0 total bytes 2100204 in_flight now 0 fair_inc 84360 prop_inc 369 fast_inc 0 eta_inc 136887 multi_dec -184988 quick_dec -44060 nack_dec -539500
Flow Uec_6328_0 flowId 22 uecSrc 21 finished at 2480.78 total messages 1 total packets 514 RTS 0 total bytes 2100204 in_flight now 0 fair_inc 87003 prop_inc 4112 fast_inc 0 eta_inc 138216 multi_dec -185722 quick_dec -47412 nack_dec -502150
Flow Uec_3021_0 flowId 2 uecSrc 1 finished at 2498.75 total messages 1 total packets 514 RTS 0 total bytes 2100204 in_flight now 0 fair_inc 68817 prop_inc 941 fast_inc 0 eta_inc 138216 multi_dec -201792 quick_dec -56468 nack_dec -481400
Flow Uec_4313_0 flowId 8 uecSrc 7 finished at 2500.29 total messages 1 total packets 514 RTS 0 total bytes 2100204 in_flight now 0 fair_inc 109546 prop_inc 1912 fast_inc 0 eta_inc 138216 multi_dec -211368 quick_dec -82284 nack_dec -489700
Flow Uec_5177_0 flowId 32 uecSrc 31 finished at 2525.06 total messages 1 total packets 514 RTS 0 total bytes 2100204 in_flight now 0 fair_inc 85821 prop_inc 4542 fast_inc 0 eta_inc 140874 multi_dec -189313 quick_dec -59169 nack_dec -498000
Flow Uec_5951_0 flowId 28 uecSrc 27 finished at 2525.94 total messages 1 total packets 514 RTS 0 total bytes 2100204 in_flight now 0 fair_inc 65034 prop_inc 4612 fast_inc 0 eta_inc 139545 multi_dec -209335 quick_dec -36742 nack_dec -481400
Flow Uec_1918_0 flowId 13 uecSrc 12 finished at 2529.14 total messages 1 total packets 514 RTS 0 total bytes 2100204 in_flight now 0 fair_inc 58774 prop_inc 6031 fast_inc 0 eta_inc 140874 multi_dec -189513 quick_dec -52672 nack_dec -502150
Flow Uec_4682_0 flowId 19 uecSrc 18 finished at 2554.74 total messages 1 total packets 514 RTS 0 total bytes 2100204 in_flight now 0 fair_inc 101155 prop_inc 11519 fast_inc 0 eta_inc 143532 multi_dec -180078 quick_dec -81620 nack_dec -510450
Flow Uec_6338_0 flowId 25 uecSrc 24 finished at 2618.2 total messages 1 total packets 514 RTS 0 total bytes 2100204 in_flight now 0 fair_inc 73352 prop_inc 6186 fast_inc 0 eta_inc 144861 multi_dec -173265 quick_dec -68621 nack_dec -518750
Flow Uec_6697_0 flowId 6 uecSrc 5 finished at 2627.87 total messages 1 total packets 514 RTS 0 total bytes 2100204 in_flight now 0 fair_inc 46372 prop_inc 5617 fast_inc 0 eta_inc 142203 multi_dec -202129 quick_dec -27097 nack_dec -493850
Flow Uec_3527_0 flowId 12 uecSrc 11 finished at 2657.8 total messages 1 total packets 514 RTS 0 total bytes 2100204 in_flight now 0 fair_inc 74501 prop_inc 8141 fast_inc 0 eta_inc 148848 multi_dec -158562 quick_dec -44458 nack_dec -502150
Flow Uec_6083_0 flowId 31 uecSrc 30 finished at 2659.17 total messages 1 total packets 514 RTS 0 total bytes 2100204 in_flight now 0 fair_inc 104871 prop_inc 7298 fast_inc 0 eta_inc 146190 multi_dec -183219 quick_dec -44297 nack_dec -502150
Flow Uec_6226_0 flowId 17 uecSrc 16 finished at 2668.51 total messages 1 total packets 514 RTS 0 total bytes 2100204 in_flight now 0 fair_inc 76149 prop_inc 4680 fast_inc 0 eta_inc 148848 multi_dec -196923 quick_dec -36905 nack_dec -493850
Flow Uec_7316_0 flowId 14 uecSrc 13 finished at 2672.87 total messages 1 total packets 514 RTS 0 total bytes 2100204 in_flight now 0 fair_inc 90023 prop_inc 4325 fast_inc 0 eta_inc 150177 multi_dec -188982 quick_dec -110383 nack_dec -477250
Flow Uec_3142_0 flowId 10 uecSrc 9 finished at 2681.87 total messages 1 total packets 514 RTS 0 total bytes 2100204 in_flight now 0 fair_inc 70183 prop_inc 9138 fast_inc 0 eta_inc 147519 multi_dec -165954 quick_dec -83927 nack_dec -518750
Flow Uec_6197_0 flowId 26 uecSrc 25 finished at 2696.53 total messages 1 total packets 514 RTS 0 total bytes 2100204 in_flight now 0 fair_inc 51058 prop_inc 18277 fast_inc 0 eta_inc 150177 multi_dec -175808 quick_dec -45517 nack_dec -493850
Flow Uec_3223_0 flowId 7 uecSrc 6 finished at 2697.57 total messages 1 total packets 514 RTS 0 total bytes 2100204 in_flight now 0 fair_inc 56732 prop_inc 15572 fast_inc 0 eta_inc 150177 multi_dec -169843 quick_dec -50678 nack_dec -522900
Flow Uec_4695_0 flowId 4 uecSrc 3 finished at 2701.26 total messages 1 total packets 514 RTS 0 total bytes 2100204 in_flight now 0 fair_inc 70812 prop_inc 40674 fast_inc 0 eta_inc 150177 multi_dec -166996 quick_dec -62371 nack_dec -498000
Flow Uec_4244_0 flowId 9 uecSrc 8 finished at 2702.97 total messages 1 total packets 514 RTS 0 total bytes 2100204 in_flight now 0 fair_inc 86573 prop_inc 21297 fast_inc 0 eta_inc 151506 multi_dec -176955 quick_dec -57788 nack_dec -498000
Flow Uec_7804_0 flowId 15 uecSrc 14 finished at 2712.47 total messages 1 total packets 514 RTS 0 total bytes 2100204 in_flight now 0 fair_inc 50082 prop_inc 44318 fast_inc 0 eta_inc 152835 multi_dec -149072 quick_dec -35426 nack_dec -498000
Flow Uec_3501_0 flowId 21 uecSrc 20 finished at 2721.67 total messages 1 total packets 514 RTS 0 total bytes 2100204 in_flight now 0 fair_inc 73123 prop_inc 48730 fast_inc 0 eta_inc 150177 multi_dec -171218 quick_dec -68363 nack_dec -489700
Flow Uec_2459_0 flowId 1 uecSrc 0 finished at 2745.51 total messages 1 total packets 514 RTS 0 total bytes 2100204 in_flight now 0 fair_inc 53436 prop_inc 78721 fast_inc 6749 eta_inc 155493 multi_dec -171405 quick_dec -81977 nack_dec -477250
Flow Uec_8104_0 flowId 3 uecSrc 2 finished at 2773.53 total messages 1 total packets 514 RTS 0 total bytes 2100204 in_flight now 0 fair_inc 20052 prop_inc 83390 fast_inc 218819 eta_inc 156822 multi_dec -122171 quick_dec -33926 nack_dec -514600
New: 16448 Rtx: 3838 RTS: 0 Bounced: 0 ACKs: 16117 NACKs: 3838 Pulls: 0 sleek_pkts: 0
SPURIOUS_COUNT 0
