.Flow Uec_6298_0 flowId 50 uecSrc 49 finished at 50505 total messages 1 total packets 16425 RTS 0 total bytes 67112550 in_flight now 0 fair_inc 5695 prop_inc 0 fast_inc 0 eta_inc 1329 multi_dec -0 quick_dec -64626 nack_dec -502150
Flow Uec_6797_0 flowId 64 uecSrc 63 finished at 51555.7 total messages 1 total packets 16425 RTS 0 total bytes 67112550 in_flight now 0 fair_inc 23651 prop_inc 0 fast_inc 0 eta_inc 6645 multi_dec -0 quick_dec -60476 nack_dec -502150
Flow Uec_3757_0 flowId 32 uecSrc 31 finished at 74776.8 total messages 1 total packets 16425 RTS 0 total bytes 67112550 in_flight now 0 fair_inc 20364 prop_inc 0 fast_inc 0 eta_inc 5316 multi_dec -0 quick_dec -52176 nack_dec -489700
Flow Uec_775_0 flowId 48 uecSrc 47 finished at 77052.9 total messages 1 total packets 16425 RTS 0 total bytes 67112550 in_flight now 0 fair_inc 32375 prop_inc 0 fast_inc 0 eta_inc 7974 multi_dec -0 quick_dec -43876 nack_dec -506300
.Flow Uec_135_0 flowId 62 uecSrc 61 finished at 125827 total messages 1 total packets 16425 RTS 0 total bytes 67112550 in_flight now 0 fair_inc 412985 prop_inc 2115 fast_inc 0 eta_inc 8344791 multi_dec -8880959 quick_dec --298109 nack_dec -1145400
Flow Uec_118_0 flowId 2 uecSrc 1 finished at 144195 total messages 1 total packets 16425 RTS 0 total bytes 67112550 in_flight now 0 fair_inc 416454 prop_inc 3552 fast_inc 0 eta_inc 9507666 multi_dec -9893712 quick_dec --413132 nack_dec -1539650
.Flow Uec_7619_0 flowId 47 uecSrc 46 finished at 166853 total messages 1 total packets 16425 RTS 0 total bytes 67112550 in_flight now 0 fair_inc 697207 prop_inc 0 fast_inc 0 eta_inc 9104979 multi_dec -10199540 quick_dec -146991 nack_dec -991850
Flow Uec_5442_0 flowId 3 uecSrc 2 finished at 169228 total messages 1 total packets 16425 RTS 0 total bytes 67112550 in_flight now 0 fair_inc 735087 prop_inc 0 fast_inc 0 eta_inc 9245853 multi_dec -10361118 quick_dec -175752 nack_dec -950350
Flow Uec_5141_0 flowId 13 uecSrc 12 finished at 169238 total messages 1 total packets 16425 RTS 0 total bytes 67112550 in_flight now 0 fair_inc 777810 prop_inc 540 fast_inc 0 eta_inc 9263130 multi_dec -10410116 quick_dec -287775 nack_dec -979400
Flow Uec_2768_0 flowId 28 uecSrc 27 finished at 170112 total messages 1 total packets 16425 RTS 0 total bytes 67112550 in_flight now 0 fair_inc 762849 prop_inc 0 fast_inc 0 eta_inc 9288381 multi_dec -10355039 quick_dec -265308 nack_dec -1012600
Flow Uec_3057_0 flowId 63 uecSrc 62 finished at 171043 total messages 1 total packets 16425 RTS 0 total bytes 67112550 in_flight now 0 fair_inc 817754 prop_inc 0 fast_inc 0 eta_inc 9344199 multi_dec -10355145 quick_dec -369274 nack_dec -983550
Flow Uec_5120_0 flowId 40 uecSrc 39 finished at 171078 total messages 1 total packets 16425 RTS 0 total bytes 67112550 in_flight now 0 fair_inc 633185 prop_inc 0 fast_inc 0 eta_inc 9341541 multi_dec -10313443 quick_dec -157363 nack_dec -1012600
Flow Uec_7483_0 flowId 52 uecSrc 51 finished at 171150 total messages 1 total packets 16425 RTS 0 total bytes 67112550 in_flight now 0 fair_inc 682211 prop_inc 0 fast_inc 0 eta_inc 9344199 multi_dec -10214771 quick_dec -228508 nack_dec -983550
Flow Uec_1333_0 flowId 46 uecSrc 45 finished at 171534 total messages 1 total packets 16425 RTS 0 total bytes 67112550 in_flight now 0 fair_inc 672105 prop_inc 211 fast_inc 0 eta_inc 9361476 multi_dec -10440986 quick_dec -197386 nack_dec -908850
Flow Uec_5103_0 flowId 35 uecSrc 34 finished at 172113 total messages 1 total packets 16425 RTS 0 total bytes 67112550 in_flight now 0 fair_inc 695751 prop_inc 0 fast_inc 0 eta_inc 9390714 multi_dec -10423116 quick_dec -190235 nack_dec -896400
Flow Uec_6577_0 flowId 23 uecSrc 22 finished at 172183 total messages 1 total packets 16425 RTS 0 total bytes 67112550 in_flight now 0 fair_inc 653331 prop_inc 732 fast_inc 0 eta_inc 9404004 multi_dec -10471913 quick_dec -239328 nack_dec -967414
Flow Uec_5185_0 flowId 54 uecSrc 53 finished at 172302 total messages 1 total packets 16425 RTS 0 total bytes 67112550 in_flight now 0 fair_inc 727087 prop_inc 0 fast_inc 0 eta_inc 9404004 multi_dec -10444617 quick_dec -290375 nack_dec -966950
Flow Uec_5426_0 flowId 22 uecSrc 21 finished at 172326 total messages 1 total packets 16425 RTS 0 total bytes 67112550 in_flight now 0 fair_inc 653597 prop_inc 539 fast_inc 0 eta_inc 9389385 multi_dec -10373380 quick_dec -127914 nack_dec -975250
Flow Uec_3096_0 flowId 11 uecSrc 10 finished at 172333 total messages 1 total packets 16425 RTS 0 total bytes 67112550 in_flight now 0 fair_inc 705624 prop_inc 465 fast_inc 0 eta_inc 9409320 multi_dec -10310752 quick_dec -281591 nack_dec -1016750
Flow Uec_6841_0 flowId 59 uecSrc 58 finished at 172572 total messages 1 total packets 16425 RTS 0 total bytes 67112550 in_flight now 0 fair_inc 759456 prop_inc 1796 fast_inc 0 eta_inc 9415965 multi_dec -10376817 quick_dec -277356 nack_dec -1087300
Flow Uec_675_0 flowId 9 uecSrc 8 finished at 172630 total messages 1 total packets 16425 RTS 0 total bytes 67112550 in_flight now 0 fair_inc 698896 prop_inc 557 fast_inc 0 eta_inc 9422610 multi_dec -10420355 quick_dec -255900 nack_dec -991850
Flow Uec_8063_0 flowId 26 uecSrc 25 finished at 172785 total messages 1 total packets 16425 RTS 0 total bytes 67112550 in_flight now 0 fair_inc 717009 prop_inc 7090 fast_inc 0 eta_inc 9437229 multi_dec -10385220 quick_dec -269903 nack_dec -1070700
Flow Uec_7967_0 flowId 34 uecSrc 33 finished at 172894 total messages 1 total packets 16425 RTS 0 total bytes 67112550 in_flight now 0 fair_inc 656715 prop_inc 965 fast_inc 0 eta_inc 9434571 multi_dec -10331340 quick_dec -235180 nack_dec -1008450
Flow Uec_5690_0 flowId 36 uecSrc 35 finished at 173062 total messages 1 total packets 16425 RTS 0 total bytes 67112550 in_flight now 0 fair_inc 663926 prop_inc 919 fast_inc 0 eta_inc 9449190 multi_dec -10445603 quick_dec -260486 nack_dec -966950
Flow Uec_2929_0 flowId 29 uecSrc 28 finished at 173063 total messages 1 total packets 16425 RTS 0 total bytes 67112550 in_flight now 0 fair_inc 716180 prop_inc 40 fast_inc 0 eta_inc 9457164 multi_dec -10397006 quick_dec -272145 nack_dec -1099750
Flow Uec_6900_0 flowId 33 uecSrc 32 finished at 173116 total messages 1 total packets 16425 RTS 0 total bytes 67112550 in_flight now 0 fair_inc 747795 prop_inc 39 fast_inc 0 eta_inc 9449190 multi_dec -10342820 quick_dec -346285 nack_dec -1016750
Flow Uec_1880_0 flowId 57 uecSrc 56 finished at 173189 total messages 1 total packets 16425 RTS 0 total bytes 67112550 in_flight now 0 fair_inc 671012 prop_inc 91 fast_inc 0 eta_inc 9457164 multi_dec -10333154 quick_dec -251793 nack_dec -958650
Flow Uec_1164_0 flowId 21 uecSrc 20 finished at 173189 total messages 1 total packets 16425 RTS 0 total bytes 67112550 in_flight now 0 fair_inc 674028 prop_inc 298 fast_inc 0 eta_inc 9454506 multi_dec -10424942 quick_dec -259390 nack_dec -1000150
Flow Uec_2570_0 flowId 61 uecSrc 60 finished at 173242 total messages 1 total packets 16425 RTS 0 total bytes 67112550 in_flight now 0 fair_inc 707443 prop_inc 64 fast_inc 0 eta_inc 9455835 multi_dec -10379867 quick_dec -135777 nack_dec -996000
Flow Uec_6670_0 flowId 25 uecSrc 24 finished at 173297 total messages 1 total packets 16425 RTS 0 total bytes 67112550 in_flight now 0 fair_inc 718525 prop_inc 368 fast_inc 0 eta_inc 9465138 multi_dec -10375338 quick_dec -310941 nack_dec -975250
Flow Uec_7000_0 flowId 7 uecSrc 6 finished at 173299 total messages 1 total packets 16425 RTS 0 total bytes 67112550 in_flight now 0 fair_inc 667573 prop_inc 1911 fast_inc 0 eta_inc 9455835 multi_dec -10278557 quick_dec -367326 nack_dec -1041650
Flow Uec_4429_0 flowId 42 uecSrc 41 finished at 173301 total messages 1 total packets 16425 RTS 0 total bytes 67112550 in_flight now 0 fair_inc 625099 prop_inc 64 fast_inc 0 eta_inc 9458493 multi_dec -10241338 quick_dec -150217 nack_dec -971100
Flow Uec_2609_0 flowId 1 uecSrc 0 finished at 173329 total messages 1 total packets 16425 RTS 0 total bytes 67112550 in_flight now 0 fair_inc 691231 prop_inc 0 fast_inc 0 eta_inc 9479757 multi_dec -10439253 quick_dec -332665 nack_dec -937900
Flow Uec_605_0 flowId 44 uecSrc 43 finished at 173514 total messages 1 total packets 16425 RTS 0 total bytes 67112550 in_flight now 0 fair_inc 761685 prop_inc 893 fast_inc 0 eta_inc 9482415 multi_dec -10415188 quick_dec -391646 nack_dec -1008450
Flow Uec_3567_0 flowId 19 uecSrc 18 finished at 173605 total messages 1 total packets 16425 RTS 0 total bytes 67112550 in_flight now 0 fair_inc 717923 prop_inc 1027 fast_inc 0 eta_inc 9474441 multi_dec -10447833 quick_dec -282700 nack_dec -1058250
Flow Uec_4558_0 flowId 38 uecSrc 37 finished at 173757 total messages 1 total packets 16425 RTS 0 total bytes 67112550 in_flight now 0 fair_inc 735503 prop_inc 1109 fast_inc 0 eta_inc 9482415 multi_dec -10275534 quick_dec -322689 nack_dec -1182750
Flow Uec_2487_0 flowId 31 uecSrc 30 finished at 173852 total messages 1 total packets 16425 RTS 0 total bytes 67112550 in_flight now 0 fair_inc 735831 prop_inc 1148 fast_inc 0 eta_inc 9493047 multi_dec -10343850 quick_dec -295400 nack_dec -1079000
Flow Uec_7890_0 flowId 55 uecSrc 54 finished at 173909 total messages 1 total packets 16425 RTS 0 total bytes 67112550 in_flight now 0 fair_inc 621733 prop_inc 3701 fast_inc 0 eta_inc 9495705 multi_dec -10391152 quick_dec -191278 nack_dec -979400
Flow Uec_987_0 flowId 8 uecSrc 7 finished at 173931 total messages 1 total packets 16425 RTS 0 total bytes 67112550 in_flight now 0 fair_inc 675435 prop_inc 7311 fast_inc 0 eta_inc 9507666 multi_dec -10393342 quick_dec -282191 nack_dec -954500
Flow Uec_771_0 flowId 45 uecSrc 44 finished at 173941 total messages 1 total packets 16425 RTS 0 total bytes 67112550 in_flight now 0 fair_inc 661928 prop_inc 0 fast_inc 0 eta_inc 9490389 multi_dec -10270954 quick_dec -272629 nack_dec -1045800
Flow Uec_6290_0 flowId 51 uecSrc 50 finished at 173943 total messages 1 total packets 16425 RTS 0 total bytes 67112550 in_flight now 0 fair_inc 748853 prop_inc 3268 fast_inc 0 eta_inc 9508995 multi_dec -10427389 quick_dec -320923 nack_dec -1079000
Flow Uec_5656_0 flowId 17 uecSrc 16 finished at 173947 total messages 1 total packets 16425 RTS 0 total bytes 67112550 in_flight now 0 fair_inc 642976 prop_inc 3947 fast_inc 0 eta_inc 9501021 multi_dec -10272719 quick_dec -259001 nack_dec -958650
Flow Uec_2538_0 flowId 53 uecSrc 52 finished at 174006 total messages 1 total packets 16425 RTS 0 total bytes 67112550 in_flight now 0 fair_inc 699842 prop_inc 1048 fast_inc 0 eta_inc 9495705 multi_dec -10366857 quick_dec -285417 nack_dec -1016750
Flow Uec_4336_0 flowId 5 uecSrc 4 finished at 174009 total messages 1 total packets 16425 RTS 0 total bytes 67112550 in_flight now 0 fair_inc 728886 prop_inc 2448 fast_inc 0 eta_inc 9485073 multi_dec -10416987 quick_dec -138846 nack_dec -1037500
Flow Uec_7813_0 flowId 49 uecSrc 48 finished at 174031 total messages 1 total packets 16425 RTS 0 total bytes 67112550 in_flight now 0 fair_inc 616252 prop_inc 471 fast_inc 0 eta_inc 9507666 multi_dec -10221569 quick_dec -356127 nack_dec -958650
Flow Uec_6918_0 flowId 10 uecSrc 9 finished at 174091 total messages 1 total packets 16425 RTS 0 total bytes 67112550 in_flight now 0 fair_inc 688862 prop_inc 1882 fast_inc 0 eta_inc 9505008 multi_dec -10429412 quick_dec -246767 nack_dec -1041650
Flow Uec_4351_0 flowId 37 uecSrc 36 finished at 174113 total messages 1 total packets 16425 RTS 0 total bytes 67112550 in_flight now 0 fair_inc 637498 prop_inc 6124 fast_inc 0 eta_inc 9511653 multi_dec -10389117 quick_dec -268858 nack_dec -1012600
Flow Uec_7247_0 flowId 16 uecSrc 15 finished at 174131 total messages 1 total packets 16425 RTS 0 total bytes 67112550 in_flight now 0 fair_inc 722655 prop_inc 5626 fast_inc 0 eta_inc 9507666 multi_dec -10402108 quick_dec -239613 nack_dec -966950
Flow Uec_7943_0 flowId 6 uecSrc 5 finished at 174166 total messages 1 total packets 16425 RTS 0 total bytes 67112550 in_flight now 0 fair_inc 624728 prop_inc 1731 fast_inc 0 eta_inc 9507666 multi_dec -10347572 quick_dec -243447 nack_dec -979400
Flow Uec_6752_0 flowId 20 uecSrc 19 finished at 174188 total messages 1 total packets 16425 RTS 0 total bytes 67112550 in_flight now 0 fair_inc 737553 prop_inc 1140 fast_inc 0 eta_inc 9522285 multi_dec -10390651 quick_dec -402921 nack_dec -996000
Flow Uec_1830_0 flowId 43 uecSrc 42 finished at 174252 total messages 1 total packets 16425 RTS 0 total bytes 67112550 in_flight now 0 fair_inc 656939 prop_inc 6444 fast_inc 0 eta_inc 9510324 multi_dec -10424069 quick_dec -129167 nack_dec -1041650
Flow Uec_2393_0 flowId 14 uecSrc 13 finished at 174261 total messages 1 total packets 16425 RTS 0 total bytes 67112550 in_flight now 0 fair_inc 582667 prop_inc 2466 fast_inc 0 eta_inc 9512982 multi_dec -10438128 quick_dec -114903 nack_dec -921300
Flow Uec_6483_0 flowId 39 uecSrc 38 finished at 174270 total messages 1 total packets 16425 RTS 0 total bytes 67112550 in_flight now 0 fair_inc 694281 prop_inc 4658 fast_inc 0 eta_inc 9507666 multi_dec -10332292 quick_dec -278199 nack_dec -996000
Flow Uec_2390_0 flowId 18 uecSrc 17 finished at 174286 total messages 1 total packets 16425 RTS 0 total bytes 67112550 in_flight now 0 fair_inc 659230 prop_inc 5385 fast_inc 0 eta_inc 9523614 multi_dec -10413945 quick_dec -279402 nack_dec -1025050
Flow Uec_5875_0 flowId 41 uecSrc 40 finished at 174359 total messages 1 total packets 16425 RTS 0 total bytes 67112550 in_flight now 0 fair_inc 664037 prop_inc 6881 fast_inc 0 eta_inc 9512982 multi_dec -10202221 quick_dec -319065 nack_dec -1033350
Flow Uec_496_0 flowId 58 uecSrc 57 finished at 174370 total messages 1 total packets 16425 RTS 0 total bytes 67112550 in_flight now 0 fair_inc 699058 prop_inc 5579 fast_inc 0 eta_inc 9515640 multi_dec -10307570 quick_dec -391172 nack_dec -1058250
Flow Uec_4894_0 flowId 12 uecSrc 11 finished at 174396 total messages 1 total packets 16425 RTS 0 total bytes 67112550 in_flight now 0 fair_inc 589870 prop_inc 8495 fast_inc 0 eta_inc 9520956 multi_dec -10272564 quick_dec -186276 nack_dec -933750
Flow Uec_4253_0 flowId 27 uecSrc 26 finished at 174399 total messages 1 total packets 16425 RTS 0 total bytes 67112550 in_flight now 0 fair_inc 617924 prop_inc 12942 fast_inc 0 eta_inc 9514311 multi_dec -10226946 quick_dec -177674 nack_dec -996000
Flow Uec_6544_0 flowId 56 uecSrc 55 finished at 174403 total messages 1 total packets 16425 RTS 0 total bytes 67112550 in_flight now 0 fair_inc 619496 prop_inc 8288 fast_inc 0 eta_inc 9515640 multi_dec -10198182 quick_dec -238751 nack_dec -1004300
Flow Uec_7463_0 flowId 15 uecSrc 14 finished at 174424 total messages 1 total packets 16425 RTS 0 total bytes 67112550 in_flight now 0 fair_inc 673809 prop_inc 26473 fast_inc 0 eta_inc 9526272 multi_dec -10321798 quick_dec -298669 nack_dec -1020900
Flow Uec_6651_0 flowId 60 uecSrc 59 finished at 174506 total messages 1 total packets 16425 RTS 0 total bytes 67112550 in_flight now 0 fair_inc 643559 prop_inc 57352 fast_inc 0 eta_inc 9519627 multi_dec -10272480 quick_dec -251829 nack_dec -1029200
Flow Uec_2895_0 flowId 30 uecSrc 29 finished at 174527 total messages 1 total packets 16425 RTS 0 total bytes 67112550 in_flight now 0 fair_inc 598394 prop_inc 63103 fast_inc 33744 eta_inc 9543549 multi_dec -10275939 quick_dec -260598 nack_dec -996000
Flow Uec_7061_0 flowId 24 uecSrc 23 finished at 174539 total messages 1 total packets 16425 RTS 0 total bytes 67112550 in_flight now 0 fair_inc 576903 prop_inc 104212 fast_inc 0 eta_inc 9519627 multi_dec -10213190 quick_dec -315486 nack_dec -1012600
Flow Uec_6935_0 flowId 4 uecSrc 3 finished at 174546 total messages 1 total packets 16425 RTS 0 total bytes 67112550 in_flight now 0 fair_inc 565813 prop_inc 102087 fast_inc 15998 eta_inc 9540891 multi_dec -10155472 quick_dec -225373 nack_dec -921300
New: 1051200 Rtx: 15133 RTS: 0 Bounced: 0 ACKs: 1050884 NACKs: 15133 Pulls: 0 sleek_pkts: 0
SPURIOUS_COUNT 0
