Flow Uec_35_33 flowId 1000000003 uecSrc 1 finished at 4442.37 total messages 1 total packets 490 RTS 0 total bytes 2002140 in_flight now 0 fair_inc 11504 prop_inc 3212 fast_inc 0 eta_inc 312315 multi_dec -314659 quick_dec --12799 nack_dec -344450
Flow Uec_32_33 flowId 1000000181 uecSrc 90 finished at 5114.61 total messages 1 total packets 490 RTS 0 total bytes 2002140 in_flight now 0 fair_inc 0 prop_inc 3098 fast_inc 0 eta_inc 369462 multi_dec -319439 quick_dec --33017 nack_dec -356900
Flow Uec_34_33 flowId 1000000189 uecSrc 94 finished at 5972.78 total messages 1 total packets 490 RTS 0 total bytes 2002140 in_flight now 0 fair_inc 0 prop_inc 2991 fast_inc 0 eta_inc 442557 multi_dec -416812 quick_dec --34832 nack_dec -319550
Flow Uec_101_33 flowId 1000000083 uecSrc 41 finished at 6371.12 total messages 1 total packets 490 RTS 0 total bytes 2002140 in_flight now 0 fair_inc 5769 prop_inc 0 fast_inc 0 eta_inc 325605 multi_dec -345427 quick_dec -131026 nack_dec -485550
Flow Uec_111_33 flowId 1000000095 uecSrc 47 finished at 6460.18 total messages 1 total packets 490 RTS 0 total bytes 2002140 in_flight now 0 fair_inc 12560 prop_inc 0 fast_inc 0 eta_inc 330921 multi_dec -369344 quick_dec -149504 nack_dec -489700
Flow Uec_123_33 flowId 1000000185 uecSrc 92 finished at 6492.63 total messages 1 total packets 490 RTS 0 total bytes 2002140 in_flight now 0 fair_inc 0 prop_inc 0 fast_inc 0 eta_inc 329592 multi_dec -318997 quick_dec -174515 nack_dec -493850
Flow Uec_106_33 flowId 1000000063 uecSrc 31 finished at 6501.17 total messages 1 total packets 490 RTS 0 total bytes 2002140 in_flight now 0 fair_inc 5814 prop_inc 0 fast_inc 0 eta_inc 330921 multi_dec -349444 quick_dec -140491 nack_dec -489700
Flow Uec_20_33 flowId 1000000043 uecSrc 21 finished at 6697.8 total messages 1 total packets 490 RTS 0 total bytes 2002140 in_flight now 0 fair_inc 0 prop_inc 0 fast_inc 0 eta_inc 334908 multi_dec -325789 quick_dec -149003 nack_dec -502150
Flow Uec_50_33 flowId 1000000019 uecSrc 9 finished at 6849.27 total messages 1 total packets 490 RTS 0 total bytes 2002140 in_flight now 0 fair_inc 17912 prop_inc 0 fast_inc 0 eta_inc 342882 multi_dec -368438 quick_dec -143476 nack_dec -489700
Flow Uec_70_33 flowId 1000000133 uecSrc 66 finished at 6890.68 total messages 1 total packets 490 RTS 0 total bytes 2002140 in_flight now 0 fair_inc 18208 prop_inc 0 fast_inc 0 eta_inc 340224 multi_dec -363048 quick_dec -139883 nack_dec -506300
Flow Uec_14_33 flowId 1000000073 uecSrc 36 finished at 6973.93 total messages 1 total packets 490 RTS 0 total bytes 2002140 in_flight now 0 fair_inc 0 prop_inc 0 fast_inc 0 eta_inc 352185 multi_dec -348087 quick_dec -116133 nack_dec -489700
Flow Uec_10_33 flowId 1000000191 uecSrc 95 finished at 6994.93 total messages 1 total packets 490 RTS 0 total bytes 2002140 in_flight now 0 fair_inc 0 prop_inc 0 fast_inc 0 eta_inc 349527 multi_dec -342376 quick_dec -177296 nack_dec -493850
Flow Uec_63_33 flowId 1000000175 uecSrc 87 finished at 7004.3 total messages 1 total packets 490 RTS 0 total bytes 2002140 in_flight now 0 fair_inc 6065 prop_inc 0 fast_inc 0 eta_inc 352185 multi_dec -368317 quick_dec -259047 nack_dec -493850
Flow Uec_90_33 flowId 1000000131 uecSrc 65 finished at 7164.24 total messages 1 total packets 490 RTS 0 total bytes 2002140 in_flight now 0 fair_inc 5117 prop_inc 0 fast_inc 0 eta_inc 358830 multi_dec -359424 quick_dec -163115 nack_dec -493850
Flow Uec_93_33 flowId 1000000165 uecSrc 82 finished at 7244.17 total messages 1 total packets 490 RTS 0 total bytes 2002140 in_flight now 0 fair_inc 24687 prop_inc 0 fast_inc 0 eta_inc 358830 multi_dec -408369 quick_dec -199016 nack_dec -510450
Flow Uec_53_33 flowId 1000000101 uecSrc 50 finished at 7468.68 total messages 1 total packets 490 RTS 0 total bytes 2002140 in_flight now 0 fair_inc 4749 prop_inc 0 fast_inc 0 eta_inc 373449 multi_dec -374480 quick_dec -189621 nack_dec -498000
Flow Uec_3_33 flowId 1000000207 uecSrc 103 finished at 8083.09 total messages 1 total packets 490 RTS 0 total bytes 2002140 in_flight now 0 fair_inc 4710 prop_inc 0 fast_inc 0 eta_inc 397371 multi_dec -393163 quick_dec -271212 nack_dec -502150
Flow Uec_38_33 flowId 1000000253 uecSrc 126 finished at 8129.97 total messages 1 total packets 490 RTS 0 total bytes 2002140 in_flight now 0 fair_inc 20374 prop_inc 0 fast_inc 0 eta_inc 485085 multi_dec -608716 quick_dec -100851 nack_dec -323700
Flow Uec_43_33 flowId 1000000051 uecSrc 25 finished at 8597.19 total messages 1 total packets 490 RTS 0 total bytes 2002140 in_flight now 0 fair_inc 21555 prop_inc 0 fast_inc 0 eta_inc 507678 multi_dec -615797 quick_dec -13864 nack_dec -327850
Flow Uec_45_33 flowId 1000000157 uecSrc 78 finished at 8617.19 total messages 1 total packets 490 RTS 0 total bytes 2002140 in_flight now 0 fair_inc 17114 prop_inc 0 fast_inc 0 eta_inc 509007 multi_dec -609918 quick_dec --5221 nack_dec -319550
Flow Uec_44_33 flowId 1000000029 uecSrc 14 finished at 8708.24 total messages 1 total packets 490 RTS 0 total bytes 2002140 in_flight now 0 fair_inc 17442 prop_inc 0 fast_inc 0 eta_inc 514323 multi_dec -614048 quick_dec -14080 nack_dec -298800
Flow Uec_36_33 flowId 1000000195 uecSrc 97 finished at 8722.93 total messages 1 total packets 490 RTS 0 total bytes 2002140 in_flight now 0 fair_inc 19391 prop_inc 0 fast_inc 0 eta_inc 511665 multi_dec -627071 quick_dec -61127 nack_dec -323700
Flow Uec_16_33 flowId 1000000219 uecSrc 109 finished at 8834.57 total messages 1 total packets 490 RTS 0 total bytes 2002140 in_flight now 0 fair_inc 50486 prop_inc 0 fast_inc 0 eta_inc 433254 multi_dec -611517 quick_dec -181736 nack_dec -489700
Flow Uec_65_33 flowId 1000000039 uecSrc 19 finished at 8837.81 total messages 1 total packets 490 RTS 0 total bytes 2002140 in_flight now 0 fair_inc 19260 prop_inc 0 fast_inc 0 eta_inc 434583 multi_dec -486897 quick_dec -149974 nack_dec -493850
Flow Uec_86_33 flowId 1000000233 uecSrc 116 finished at 8882.05 total messages 1 total packets 490 RTS 0 total bytes 2002140 in_flight now 0 fair_inc 50883 prop_inc 0 fast_inc 0 eta_inc 435912 multi_dec -586296 quick_dec -226458 nack_dec -506300
Flow Uec_37_33 flowId 1000000111 uecSrc 55 finished at 9054.09 total messages 1 total packets 490 RTS 0 total bytes 2002140 in_flight now 0 fair_inc 16189 prop_inc 0 fast_inc 0 eta_inc 532929 multi_dec -648392 quick_dec -3780 nack_dec -307100
Flow Uec_46_33 flowId 1000000179 uecSrc 89 finished at 9061.31 total messages 1 total packets 490 RTS 0 total bytes 2002140 in_flight now 0 fair_inc 17391 prop_inc 0 fast_inc 0 eta_inc 534258 multi_dec -613714 quick_dec -126993 nack_dec -319550
Flow Uec_88_33 flowId 1000000251 uecSrc 125 finished at 9121.69 total messages 1 total packets 490 RTS 0 total bytes 2002140 in_flight now 0 fair_inc 66732 prop_inc 0 fast_inc 0 eta_inc 443886 multi_dec -637902 quick_dec -263912 nack_dec -489700
Flow Uec_77_33 flowId 1000000155 uecSrc 77 finished at 9174.72 total messages 1 total packets 490 RTS 0 total bytes 2002140 in_flight now 0 fair_inc 5134 prop_inc 0 fast_inc 0 eta_inc 446544 multi_dec -475666 quick_dec -195243 nack_dec -489700
Flow Uec_39_33 flowId 1000000121 uecSrc 60 finished at 9176.29 total messages 1 total packets 490 RTS 0 total bytes 2002140 in_flight now 0 fair_inc 14916 prop_inc 0 fast_inc 0 eta_inc 536916 multi_dec -626389 quick_dec -32856 nack_dec -327850
Flow Uec_97_33 flowId 1000000007 uecSrc 3 finished at 9193.64 total messages 1 total packets 490 RTS 0 total bytes 2002140 in_flight now 0 fair_inc 55450 prop_inc 0 fast_inc 0 eta_inc 449202 multi_dec -633878 quick_dec -192898 nack_dec -493850
Flow Uec_41_33 flowId 1000000161 uecSrc 80 finished at 9245.83 total messages 1 total packets 490 RTS 0 total bytes 2002140 in_flight now 0 fair_inc 14130 prop_inc 0 fast_inc 0 eta_inc 539574 multi_dec -626971 quick_dec -95995 nack_dec -327850
Flow Uec_47_33 flowId 1000000167 uecSrc 83 finished at 9253.22 total messages 1 total packets 490 RTS 0 total bytes 2002140 in_flight now 0 fair_inc 17572 prop_inc 0 fast_inc 0 eta_inc 542232 multi_dec -615280 quick_dec -56286 nack_dec -327850
Flow Uec_92_33 flowId 1000000147 uecSrc 73 finished at 9302.78 total messages 1 total packets 490 RTS 0 total bytes 2002140 in_flight now 0 fair_inc 40786 prop_inc 0 fast_inc 0 eta_inc 453189 multi_dec -633895 quick_dec -155926 nack_dec -485550
Flow Uec_25_33 flowId 1000000135 uecSrc 67 finished at 9303.86 total messages 1 total packets 490 RTS 0 total bytes 2002140 in_flight now 0 fair_inc 24451 prop_inc 0 fast_inc 0 eta_inc 450531 multi_dec -544385 quick_dec -168858 nack_dec -498000
Flow Uec_30_33 flowId 1000000057 uecSrc 28 finished at 9327.67 total messages 1 total packets 490 RTS 0 total bytes 2002140 in_flight now 0 fair_inc 21329 prop_inc 0 fast_inc 0 eta_inc 453189 multi_dec -508113 quick_dec -196059 nack_dec -535350
Flow Uec_126_33 flowId 1000000247 uecSrc 123 finished at 9368.26 total messages 1 total packets 490 RTS 0 total bytes 2002140 in_flight now 0 fair_inc 37568 prop_inc 0 fast_inc 0 eta_inc 455847 multi_dec -612447 quick_dec -284576 nack_dec -485550
Flow Uec_71_33 flowId 1000000173 uecSrc 86 finished at 9420.63 total messages 1 total packets 490 RTS 0 total bytes 2002140 in_flight now 0 fair_inc 31472 prop_inc 0 fast_inc 0 eta_inc 459834 multi_dec -608294 quick_dec -218125 nack_dec -493850
Flow Uec_52_33 flowId 1000000023 uecSrc 11 finished at 9424.2 total messages 1 total packets 490 RTS 0 total bytes 2002140 in_flight now 0 fair_inc 57950 prop_inc 0 fast_inc 0 eta_inc 459834 multi_dec -626062 quick_dec -167372 nack_dec -489700
Flow Uec_117_33 flowId 1000000249 uecSrc 124 finished at 9439.05 total messages 1 total packets 490 RTS 0 total bytes 2002140 in_flight now 0 fair_inc 50536 prop_inc 0 fast_inc 0 eta_inc 459834 multi_dec -618212 quick_dec -263826 nack_dec -485550
Flow Uec_120_33 flowId 1000000221 uecSrc 110 finished at 9459.38 total messages 1 total packets 490 RTS 0 total bytes 2002140 in_flight now 0 fair_inc 34120 prop_inc 0 fast_inc 0 eta_inc 457176 multi_dec -593144 quick_dec -272133 nack_dec -498000
Flow Uec_57_33 flowId 1000000145 uecSrc 72 finished at 9471.91 total messages 1 total packets 490 RTS 0 total bytes 2002140 in_flight now 0 fair_inc 52476 prop_inc 0 fast_inc 0 eta_inc 459834 multi_dec -657588 quick_dec -148230 nack_dec -489700
Flow Uec_64_33 flowId 1000000061 uecSrc 30 finished at 9572.26 total messages 1 total packets 490 RTS 0 total bytes 2002140 in_flight now 0 fair_inc 43247 prop_inc 0 fast_inc 0 eta_inc 465150 multi_dec -641934 quick_dec -252144 nack_dec -489700
Flow Uec_23_33 flowId 1000000239 uecSrc 119 finished at 9599.73 total messages 1 total packets 490 RTS 0 total bytes 2002140 in_flight now 0 fair_inc 35923 prop_inc 0 fast_inc 0 eta_inc 463821 multi_dec -605454 quick_dec -261370 nack_dec -502150
Flow Uec_42_33 flowId 1000000087 uecSrc 43 finished at 9608.1 total messages 1 total packets 490 RTS 0 total bytes 2002140 in_flight now 0 fair_inc 15777 prop_inc 0 fast_inc 0 eta_inc 559509 multi_dec -613796 quick_dec -74712 nack_dec -323700
Flow Uec_21_33 flowId 1000000021 uecSrc 10 finished at 9615.99 total messages 1 total packets 490 RTS 0 total bytes 2002140 in_flight now 0 fair_inc 54001 prop_inc 0 fast_inc 0 eta_inc 467808 multi_dec -649329 quick_dec -126876 nack_dec -485550
Flow Uec_54_33 flowId 1000000027 uecSrc 13 finished at 9639.15 total messages 1 total packets 490 RTS 0 total bytes 2002140 in_flight now 0 fair_inc 38376 prop_inc 0 fast_inc 0 eta_inc 469137 multi_dec -615802 quick_dec -147637 nack_dec -493850
Flow Uec_75_33 flowId 1000000011 uecSrc 5 finished at 9656.66 total messages 1 total packets 490 RTS 0 total bytes 2002140 in_flight now 0 fair_inc 60933 prop_inc 0 fast_inc 0 eta_inc 470466 multi_dec -623797 quick_dec -170300 nack_dec -485550
Flow Uec_105_33 flowId 1000000137 uecSrc 68 finished at 9688.77 total messages 1 total packets 490 RTS 0 total bytes 2002140 in_flight now 0 fair_inc 30710 prop_inc 0 fast_inc 0 eta_inc 469137 multi_dec -626506 quick_dec -272126 nack_dec -493850
Flow Uec_11_33 flowId 1000000049 uecSrc 24 finished at 9700.97 total messages 1 total packets 490 RTS 0 total bytes 2002140 in_flight now 0 fair_inc 56249 prop_inc 0 fast_inc 0 eta_inc 473124 multi_dec -636414 quick_dec -160076 nack_dec -485550
Flow Uec_67_33 flowId 1000000045 uecSrc 22 finished at 9706.03 total messages 1 total packets 490 RTS 0 total bytes 2002140 in_flight now 0 fair_inc 37211 prop_inc 0 fast_inc 0 eta_inc 473124 multi_dec -632224 quick_dec -197426 nack_dec -485550
Flow Uec_110_33 flowId 1000000203 uecSrc 101 finished at 9719.56 total messages 1 total packets 490 RTS 0 total bytes 2002140 in_flight now 0 fair_inc 14130 prop_inc 0 fast_inc 0 eta_inc 470466 multi_dec -536778 quick_dec -194662 nack_dec -498000
Flow Uec_80_33 flowId 1000000105 uecSrc 52 finished at 9720.14 total messages 1 total packets 490 RTS 0 total bytes 2002140 in_flight now 0 fair_inc 33420 prop_inc 0 fast_inc 0 eta_inc 475782 multi_dec -620370 quick_dec -151776 nack_dec -485550
Flow Uec_115_33 flowId 1000000151 uecSrc 75 finished at 9743.13 total messages 1 total packets 490 RTS 0 total bytes 2002140 in_flight now 0 fair_inc 43645 prop_inc 0 fast_inc 0 eta_inc 473124 multi_dec -639259 quick_dec -123858 nack_dec -493850
Flow Uec_58_33 flowId 1000000187 uecSrc 93 finished at 9748.19 total messages 1 total packets 490 RTS 0 total bytes 2002140 in_flight now 0 fair_inc 45451 prop_inc 0 fast_inc 0 eta_inc 471795 multi_dec -642324 quick_dec -189614 nack_dec -498000
Flow Uec_124_33 flowId 1000000201 uecSrc 100 finished at 9776.65 total messages 1 total packets 490 RTS 0 total bytes 2002140 in_flight now 0 fair_inc 27132 prop_inc 0 fast_inc 0 eta_inc 473124 multi_dec -586582 quick_dec -152708 nack_dec -498000
Flow Uec_121_33 flowId 1000000067 uecSrc 33 finished at 9813.92 total messages 1 total packets 490 RTS 0 total bytes 2002140 in_flight now 0 fair_inc 64440 prop_inc 0 fast_inc 0 eta_inc 479769 multi_dec -651004 quick_dec -131026 nack_dec -481400
Flow Uec_127_33 flowId 1000000209 uecSrc 104 finished at 9818.31 total messages 1 total packets 490 RTS 0 total bytes 2002140 in_flight now 0 fair_inc 38376 prop_inc 0 fast_inc 0 eta_inc 479769 multi_dec -642803 quick_dec -155926 nack_dec -481400
Flow Uec_99_33 flowId 1000000013 uecSrc 6 finished at 9844.29 total messages 1 total packets 490 RTS 0 total bytes 2002140 in_flight now 0 fair_inc 38260 prop_inc 0 fast_inc 0 eta_inc 478440 multi_dec -625425 quick_dec -127894 nack_dec -498000
Flow Uec_78_33 flowId 1000000199 uecSrc 99 finished at 9851.67 total messages 1 total packets 490 RTS 0 total bytes 2002140 in_flight now 0 fair_inc 20868 prop_inc 0 fast_inc 0 eta_inc 475782 multi_dec -588949 quick_dec -251380 nack_dec -498000
Flow Uec_7_33 flowId 1000000035 uecSrc 17 finished at 9857.73 total messages 1 total packets 490 RTS 0 total bytes 2002140 in_flight now 0 fair_inc 29618 prop_inc 0 fast_inc 0 eta_inc 477111 multi_dec -561035 quick_dec -162639 nack_dec -498000
Flow Uec_96_33 flowId 1000000211 uecSrc 105 finished at 9868.27 total messages 1 total packets 490 RTS 0 total bytes 2002140 in_flight now 0 fair_inc 47408 prop_inc 0 fast_inc 0 eta_inc 481098 multi_dec -628093 quick_dec -286653 nack_dec -485550
Flow Uec_114_33 flowId 1000000241 uecSrc 120 finished at 9893.25 total messages 1 total packets 490 RTS 0 total bytes 2002140 in_flight now 0 fair_inc 37437 prop_inc 0 fast_inc 0 eta_inc 479769 multi_dec -619455 quick_dec -308341 nack_dec -502150
Flow Uec_103_33 flowId 1000000245 uecSrc 122 finished at 9901.46 total messages 1 total packets 490 RTS 0 total bytes 2002140 in_flight now 0 fair_inc 37782 prop_inc 0 fast_inc 0 eta_inc 483756 multi_dec -629851 quick_dec -251376 nack_dec -481400
Flow Uec_118_33 flowId 1000000177 uecSrc 88 finished at 9901.88 total messages 1 total packets 490 RTS 0 total bytes 2002140 in_flight now 0 fair_inc 38434 prop_inc 0 fast_inc 0 eta_inc 482427 multi_dec -622767 quick_dec -178320 nack_dec -489700
Flow Uec_98_33 flowId 1000000107 uecSrc 53 finished at 9902.62 total messages 1 total packets 490 RTS 0 total bytes 2002140 in_flight now 0 fair_inc 27024 prop_inc 0 fast_inc 0 eta_inc 482427 multi_dec -628802 quick_dec -160076 nack_dec -485550
Flow Uec_13_33 flowId 1000000059 uecSrc 29 finished at 9934.57 total messages 1 total packets 490 RTS 0 total bytes 2002140 in_flight now 0 fair_inc 49387 prop_inc 0 fast_inc 0 eta_inc 485085 multi_dec -611131 quick_dec -232506 nack_dec -502150
Flow Uec_108_33 flowId 1000000141 uecSrc 70 finished at 9953.25 total messages 1 total packets 490 RTS 0 total bytes 2002140 in_flight now 0 fair_inc 32708 prop_inc 0 fast_inc 0 eta_inc 483756 multi_dec -623545 quick_dec -124680 nack_dec -489700
Flow Uec_40_33 flowId 1000000025 uecSrc 12 finished at 9966.26 total messages 1 total packets 490 RTS 0 total bytes 2002140 in_flight now 0 fair_inc 4710 prop_inc 0 fast_inc 0 eta_inc 580773 multi_dec -608364 quick_dec -32999 nack_dec -327850
Flow Uec_4_33 flowId 1000000091 uecSrc 45 finished at 9971.67 total messages 1 total packets 490 RTS 0 total bytes 2002140 in_flight now 0 fair_inc 47193 prop_inc 0 fast_inc 0 eta_inc 485085 multi_dec -610104 quick_dec -238926 nack_dec -489700
Flow Uec_48_33 flowId 1000000127 uecSrc 63 finished at 9974.9 total messages 1 total packets 490 RTS 0 total bytes 2002140 in_flight now 0 fair_inc 34638 prop_inc 0 fast_inc 0 eta_inc 482427 multi_dec -612472 quick_dec -272132 nack_dec -493850
Flow Uec_94_33 flowId 1000000223 uecSrc 111 finished at 9976.31 total messages 1 total packets 490 RTS 0 total bytes 2002140 in_flight now 0 fair_inc 40085 prop_inc 0 fast_inc 0 eta_inc 485085 multi_dec -615031 quick_dec -259138 nack_dec -498000
Flow Uec_112_33 flowId 1000000229 uecSrc 114 finished at 9982.03 total messages 1 total packets 490 RTS 0 total bytes 2002140 in_flight now 0 fair_inc 27169 prop_inc 0 fast_inc 0 eta_inc 486414 multi_dec -612689 quick_dec -168376 nack_dec -485550
Flow Uec_8_33 flowId 1000000113 uecSrc 56 finished at 9990.25 total messages 1 total packets 490 RTS 0 total bytes 2002140 in_flight now 0 fair_inc 19989 prop_inc 0 fast_inc 0 eta_inc 487743 multi_dec -601363 quick_dec -149572 nack_dec -502150
Flow Uec_82_33 flowId 1000000163 uecSrc 81 finished at 9990.33 total messages 1 total packets 490 RTS 0 total bytes 2002140 in_flight now 0 fair_inc 30789 prop_inc 0 fast_inc 0 eta_inc 486414 multi_dec -623756 quick_dec -168376 nack_dec -489700
Flow Uec_125_33 flowId 1000000143 uecSrc 71 finished at 10009.2 total messages 1 total packets 490 RTS 0 total bytes 2002140 in_flight now 0 fair_inc 27395 prop_inc 0 fast_inc 0 eta_inc 486414 multi_dec -599345 quick_dec -147626 nack_dec -493850
Flow Uec_26_33 flowId 1000000015 uecSrc 7 finished at 10015.9 total messages 1 total packets 490 RTS 0 total bytes 2002140 in_flight now 0 fair_inc 47208 prop_inc 0 fast_inc 0 eta_inc 485085 multi_dec -609728 quick_dec -168509 nack_dec -506300
Flow Uec_31_33 flowId 1000000109 uecSrc 54 finished at 10022.6 total messages 1 total packets 490 RTS 0 total bytes 2002140 in_flight now 0 fair_inc 30151 prop_inc 0 fast_inc 0 eta_inc 490401 multi_dec -648393 quick_dec -169705 nack_dec -489700
Flow Uec_69_33 flowId 1000000215 uecSrc 107 finished at 10033 total messages 1 total packets 490 RTS 0 total bytes 2002140 in_flight now 0 fair_inc 35425 prop_inc 0 fast_inc 0 eta_inc 485085 multi_dec -620861 quick_dec -234504 nack_dec -493850
Flow Uec_113_33 flowId 1000000103 uecSrc 51 finished at 10043 total messages 1 total packets 490 RTS 0 total bytes 2002140 in_flight now 0 fair_inc 19484 prop_inc 0 fast_inc 0 eta_inc 489072 multi_dec -609544 quick_dec -164226 nack_dec -485550
Flow Uec_104_33 flowId 1000000001 uecSrc 0 finished at 10045.6 total messages 1 total packets 490 RTS 0 total bytes 2002140 in_flight now 0 fair_inc 59644 prop_inc 0 fast_inc 0 eta_inc 490401 multi_dec -643404 quick_dec -131874 nack_dec -485550
Flow Uec_81_33 flowId 1000000085 uecSrc 42 finished at 10051.3 total messages 1 total packets 490 RTS 0 total bytes 2002140 in_flight now 0 fair_inc 14130 prop_inc 556 fast_inc 0 eta_inc 489072 multi_dec -569025 quick_dec -141433 nack_dec -493850
Flow Uec_0_33 flowId 1000000079 uecSrc 39 finished at 10053.6 total messages 1 total packets 490 RTS 0 total bytes 2002140 in_flight now 0 fair_inc 33000 prop_inc 0 fast_inc 0 eta_inc 487743 multi_dec -621727 quick_dec -139326 nack_dec -489700
Flow Uec_9_33 flowId 1000000217 uecSrc 108 finished at 10061.6 total messages 1 total packets 490 RTS 0 total bytes 2002140 in_flight now 0 fair_inc 33158 prop_inc 0 fast_inc 0 eta_inc 487743 multi_dec -605414 quick_dec -260469 nack_dec -493850
Flow Uec_12_33 flowId 1000000099 uecSrc 49 finished at 10068.3 total messages 1 total packets 490 RTS 0 total bytes 2002140 in_flight now 0 fair_inc 52823 prop_inc 0 fast_inc 0 eta_inc 490401 multi_dec -614844 quick_dec -184976 nack_dec -489700
Flow Uec_22_33 flowId 1000000139 uecSrc 69 finished at 10078.4 total messages 1 total packets 490 RTS 0 total bytes 2002140 in_flight now 0 fair_inc 40459 prop_inc 690 fast_inc 0 eta_inc 489072 multi_dec -640224 quick_dec -201576 nack_dec -493850
Flow Uec_19_33 flowId 1000000009 uecSrc 4 finished at 10079.6 total messages 1 total packets 490 RTS 0 total bytes 2002140 in_flight now 0 fair_inc 34152 prop_inc 765 fast_inc 0 eta_inc 491730 multi_dec -617657 quick_dec -155926 nack_dec -485550
Flow Uec_49_33 flowId 1000000077 uecSrc 38 finished at 10094.1 total messages 1 total packets 490 RTS 0 total bytes 2002140 in_flight now 0 fair_inc 34191 prop_inc 0 fast_inc 0 eta_inc 491730 multi_dec -621904 quick_dec -157848 nack_dec -493850
Flow Uec_56_33 flowId 1000000205 uecSrc 102 finished at 10105.3 total messages 1 total packets 490 RTS 0 total bytes 2002140 in_flight now 0 fair_inc 55771 prop_inc 526 fast_inc 0 eta_inc 487743 multi_dec -603226 quick_dec -295891 nack_dec -493850
Flow Uec_5_33 flowId 1000000017 uecSrc 8 finished at 10108.1 total messages 1 total packets 490 RTS 0 total bytes 2002140 in_flight now 0 fair_inc 45475 prop_inc 0 fast_inc 0 eta_inc 486414 multi_dec -596810 quick_dec -172526 nack_dec -498000
Flow Uec_27_33 flowId 1000000213 uecSrc 106 finished at 10109 total messages 1 total packets 490 RTS 0 total bytes 2002140 in_flight now 0 fair_inc 46970 prop_inc 127 fast_inc 0 eta_inc 494388 multi_dec -627369 quick_dec -255526 nack_dec -481400
Flow Uec_24_33 flowId 1000000081 uecSrc 40 finished at 10112.2 total messages 1 total packets 490 RTS 0 total bytes 2002140 in_flight now 0 fair_inc 33208 prop_inc 0 fast_inc 0 eta_inc 493059 multi_dec -607126 quick_dec -151794 nack_dec -485550
Flow Uec_59_33 flowId 1000000041 uecSrc 20 finished at 10126.4 total messages 1 total packets 490 RTS 0 total bytes 2002140 in_flight now 0 fair_inc 34393 prop_inc 0 fast_inc 0 eta_inc 491730 multi_dec -608562 quick_dec -126876 nack_dec -489700
Flow Uec_17_33 flowId 1000000183 uecSrc 91 finished at 10145.7 total messages 1 total packets 490 RTS 0 total bytes 2002140 in_flight now 0 fair_inc 45548 prop_inc 4395 fast_inc 0 eta_inc 494388 multi_dec -621826 quick_dec -155926 nack_dec -485550
Flow Uec_29_33 flowId 1000000235 uecSrc 117 finished at 10151 total messages 1 total packets 490 RTS 0 total bytes 2002140 in_flight now 0 fair_inc 25605 prop_inc 2942 fast_inc 0 eta_inc 493059 multi_dec -617650 quick_dec -267976 nack_dec -489700
Flow Uec_84_33 flowId 1000000237 uecSrc 118 finished at 10154.4 total messages 1 total packets 490 RTS 0 total bytes 2002140 in_flight now 0 fair_inc 28204 prop_inc 2559 fast_inc 0 eta_inc 494388 multi_dec -605427 quick_dec -259676 nack_dec -485550
Flow Uec_107_33 flowId 1000000089 uecSrc 44 finished at 10155.6 total messages 1 total packets 490 RTS 0 total bytes 2002140 in_flight now 0 fair_inc 69012 prop_inc 256 fast_inc 0 eta_inc 495717 multi_dec -610044 quick_dec -176676 nack_dec -485550
Flow Uec_61_33 flowId 1000000055 uecSrc 27 finished at 10165.8 total messages 1 total packets 490 RTS 0 total bytes 2002140 in_flight now 0 fair_inc 42605 prop_inc 0 fast_inc 0 eta_inc 491730 multi_dec -603777 quick_dec -126876 nack_dec -493850
Flow Uec_74_33 flowId 1000000119 uecSrc 59 finished at 10173.7 total messages 1 total packets 490 RTS 0 total bytes 2002140 in_flight now 0 fair_inc 44445 prop_inc 1452 fast_inc 0 eta_inc 490401 multi_dec -620742 quick_dec -184976 nack_dec -506300
Flow Uec_89_33 flowId 1000000125 uecSrc 62 finished at 10197 total messages 1 total packets 490 RTS 0 total bytes 2002140 in_flight now 0 fair_inc 45181 prop_inc 2291 fast_inc 0 eta_inc 499704 multi_dec -624245 quick_dec -168376 nack_dec -485550
Flow Uec_1_33 flowId 1000000197 uecSrc 98 finished at 10227.5 total messages 1 total packets 490 RTS 0 total bytes 2002140 in_flight now 0 fair_inc 20610 prop_inc 0 fast_inc 0 eta_inc 497046 multi_dec -595726 quick_dec -201576 nack_dec -489700
Flow Uec_28_33 flowId 1000000227 uecSrc 113 finished at 10229.7 total messages 1 total packets 490 RTS 0 total bytes 2002140 in_flight now 0 fair_inc 56187 prop_inc 1643 fast_inc 0 eta_inc 497046 multi_dec -605362 quick_dec -172526 nack_dec -493850
Flow Uec_68_33 flowId 1000000117 uecSrc 58 finished at 10237.1 total messages 1 total packets 490 RTS 0 total bytes 2002140 in_flight now 0 fair_inc 64512 prop_inc 454 fast_inc 0 eta_inc 499704 multi_dec -623588 quick_dec -155926 nack_dec -485550
Flow Uec_91_33 flowId 1000000129 uecSrc 64 finished at 10238.8 total messages 1 total packets 490 RTS 0 total bytes 2002140 in_flight now 0 fair_inc 36060 prop_inc 411 fast_inc 0 eta_inc 498375 multi_dec -600510 quick_dec -135214 nack_dec -489700
Flow Uec_51_33 flowId 1000000033 uecSrc 16 finished at 10263.3 total messages 1 total packets 490 RTS 0 total bytes 2002140 in_flight now 0 fair_inc 36025 prop_inc 0 fast_inc 0 eta_inc 502362 multi_dec -636514 quick_dec -151776 nack_dec -481400
Flow Uec_79_33 flowId 1000000097 uecSrc 48 finished at 10265.6 total messages 1 total packets 490 RTS 0 total bytes 2002140 in_flight now 0 fair_inc 39797 prop_inc 0 fast_inc 0 eta_inc 502362 multi_dec -609919 quick_dec -151758 nack_dec -506300
Flow Uec_60_33 flowId 1000000005 uecSrc 2 finished at 10267 total messages 1 total packets 490 RTS 0 total bytes 2002140 in_flight now 0 fair_inc 44974 prop_inc 625 fast_inc 0 eta_inc 497046 multi_dec -632549 quick_dec -166124 nack_dec -498000
Flow Uec_6_33 flowId 1000000047 uecSrc 23 finished at 10277 total messages 1 total packets 490 RTS 0 total bytes 2002140 in_flight now 0 fair_inc 44319 prop_inc 3100 fast_inc 0 eta_inc 498375 multi_dec -610378 quick_dec -158243 nack_dec -493850
Flow Uec_119_33 flowId 1000000053 uecSrc 26 finished at 10277.8 total messages 1 total packets 490 RTS 0 total bytes 2002140 in_flight now 0 fair_inc 80702 prop_inc 4530 fast_inc 0 eta_inc 497046 multi_dec -574280 quick_dec -174541 nack_dec -498000
Flow Uec_87_33 flowId 1000000149 uecSrc 74 finished at 10282.1 total messages 1 total packets 490 RTS 0 total bytes 2002140 in_flight now 0 fair_inc 34192 prop_inc 123 fast_inc 0 eta_inc 503691 multi_dec -621256 quick_dec -150760 nack_dec -502150
Flow Uec_66_33 flowId 1000000037 uecSrc 18 finished at 10284.1 total messages 1 total packets 490 RTS 0 total bytes 2002140 in_flight now 0 fair_inc 55968 prop_inc 0 fast_inc 0 eta_inc 503691 multi_dec -641832 quick_dec -155926 nack_dec -481400
Flow Uec_100_33 flowId 1000000031 uecSrc 15 finished at 10290.1 total messages 1 total packets 490 RTS 0 total bytes 2002140 in_flight now 0 fair_inc 62590 prop_inc 340 fast_inc 0 eta_inc 499704 multi_dec -601098 quick_dec -151776 nack_dec -489700
Flow Uec_109_33 flowId 1000000243 uecSrc 121 finished at 10296.8 total messages 1 total packets 490 RTS 0 total bytes 2002140 in_flight now 0 fair_inc 61345 prop_inc 6766 fast_inc 0 eta_inc 499704 multi_dec -617953 quick_dec -263826 nack_dec -489700
Flow Uec_116_33 flowId 1000000193 uecSrc 96 finished at 10304 total messages 1 total packets 490 RTS 0 total bytes 2002140 in_flight now 0 fair_inc 57987 prop_inc 4955 fast_inc 0 eta_inc 503691 multi_dec -576186 quick_dec -160076 nack_dec -485550
Flow Uec_73_33 flowId 1000000171 uecSrc 85 finished at 10304.3 total messages 1 total packets 490 RTS 0 total bytes 2002140 in_flight now 0 fair_inc 51202 prop_inc 4636 fast_inc 0 eta_inc 499704 multi_dec -589617 quick_dec -247226 nack_dec -498000
Flow Uec_76_33 flowId 1000000093 uecSrc 46 finished at 10312 total messages 1 total packets 490 RTS 0 total bytes 2002140 in_flight now 0 fair_inc 46256 prop_inc 12940 fast_inc 0 eta_inc 501033 multi_dec -558650 quick_dec -151776 nack_dec -498000
Flow Uec_95_33 flowId 1000000153 uecSrc 76 finished at 10314.1 total messages 1 total packets 490 RTS 0 total bytes 2002140 in_flight now 0 fair_inc 70802 prop_inc 9147 fast_inc 0 eta_inc 505020 multi_dec -593797 quick_dec -154791 nack_dec -493850
Flow Uec_83_33 flowId 1000000225 uecSrc 112 finished at 10317.2 total messages 1 total packets 490 RTS 0 total bytes 2002140 in_flight now 0 fair_inc 48706 prop_inc 15320 fast_inc 0 eta_inc 502362 multi_dec -577367 quick_dec -280426 nack_dec -489700
Flow Uec_55_33 flowId 1000000169 uecSrc 84 finished at 10324.9 total messages 1 total packets 490 RTS 0 total bytes 2002140 in_flight now 0 fair_inc 36005 prop_inc 25425 fast_inc 0 eta_inc 507678 multi_dec -544345 quick_dec -272126 nack_dec -485550
Flow Uec_18_33 flowId 1000000231 uecSrc 115 finished at 10325.4 total messages 1 total packets 490 RTS 0 total bytes 2002140 in_flight now 0 fair_inc 10481 prop_inc 21999 fast_inc 0 eta_inc 507678 multi_dec -566800 quick_dec -280426 nack_dec -485550
Flow Uec_2_33 flowId 1000000075 uecSrc 37 finished at 10327 total messages 1 total packets 490 RTS 0 total bytes 2002140 in_flight now 0 fair_inc 33507 prop_inc 25556 fast_inc 0 eta_inc 506349 multi_dec -589071 quick_dec -151776 nack_dec -489700
Flow Uec_15_33 flowId 1000000159 uecSrc 79 finished at 10335.6 total messages 1 total packets 490 RTS 0 total bytes 2002140 in_flight now 0 fair_inc 55278 prop_inc 42190 fast_inc 0 eta_inc 502362 multi_dec -542287 quick_dec -234776 nack_dec -493850
Flow Uec_85_33 flowId 1000000069 uecSrc 34 finished at 10341 total messages 1 total packets 490 RTS 0 total bytes 2002140 in_flight now 0 fair_inc 42436 prop_inc 40564 fast_inc 0 eta_inc 506349 multi_dec -574203 quick_dec -135176 nack_dec -489700
Flow Uec_122_33 flowId 1000000071 uecSrc 35 finished at 10345 total messages 1 total packets 490 RTS 0 total bytes 2002140 in_flight now 0 fair_inc 21881 prop_inc 36187 fast_inc 0 eta_inc 507678 multi_dec -608064 quick_dec -139326 nack_dec -485550
Flow Uec_72_33 flowId 1000000115 uecSrc 57 finished at 10355.9 total messages 1 total packets 490 RTS 0 total bytes 2002140 in_flight now 0 fair_inc 34151 prop_inc 61047 fast_inc 0 eta_inc 505020 multi_dec -562081 quick_dec -148042 nack_dec -502150
Flow Uec_62_33 flowId 1000000065 uecSrc 32 finished at 10365.2 total messages 1 total packets 490 RTS 0 total bytes 2002140 in_flight now 0 fair_inc 11916 prop_inc 74734 fast_inc 34835 eta_inc 510336 multi_dec -516175 quick_dec -162954 nack_dec -489700
Flow Uec_102_33 flowId 1000000123 uecSrc 61 finished at 10383.1 total messages 1 total packets 490 RTS 0 total bytes 2002140 in_flight now 0 fair_inc 0 prop_inc 63227 fast_inc 91078 eta_inc 512994 multi_dec -502362 quick_dec -184976 nack_dec -485550
New: 62230 Rtx: 14466 RTS: 0 Bounced: 0 ACKs: 61724 NACKs: 14466 Pulls: 0 sleek_pkts: 0
SPURIOUS_COUNT 0
