.Flow Uec_5652_0 flowId 1 uecSrc 0 finished at 77738.1 total messages 1 total packets 16425 RTS 0 total bytes 67112550 in_flight now 0 fair_inc 2624887 prop_inc 58284 fast_inc 0 eta_inc 4268748 multi_dec -6865916 quick_dec -616772 nack_dec -1697350
Flow Uec_932_0 flowId 10 uecSrc 9 finished at 78407.4 total messages 1 total packets 16425 RTS 0 total bytes 67112550 in_flight now 0 fair_inc 2578825 prop_inc 62077 fast_inc 0 eta_inc 4319250 multi_dec -6702494 quick_dec -732500 nack_dec -1805250
Flow Uec_3999_0 flowId 11 uecSrc 10 finished at 82342.9 total messages 1 total packets 16425 RTS 0 total bytes 67112550 in_flight now 0 fair_inc 2565881 prop_inc 61426 fast_inc 0 eta_inc 4531890 multi_dec -6905799 quick_dec -958909 nack_dec -1722250
Flow Uec_4516_0 flowId 12 uecSrc 11 finished at 82487.8 total messages 1 total packets 16425 RTS 0 total bytes 67112550 in_flight now 0 fair_inc 2657071 prop_inc 59871 fast_inc 0 eta_inc 4541193 multi_dec -7006595 quick_dec -938938 nack_dec -1747150
Flow Uec_4571_0 flowId 14 uecSrc 13 finished at 82867.9 total messages 1 total packets 16425 RTS 0 total bytes 67112550 in_flight now 0 fair_inc 2587261 prop_inc 58417 fast_inc 0 eta_inc 4551825 multi_dec -6850997 quick_dec -997158 nack_dec -1809400
Flow Uec_756_0 flowId 16 uecSrc 15 finished at 83064.8 total messages 1 total packets 16425 RTS 0 total bytes 67112550 in_flight now 0 fair_inc 2597433 prop_inc 59829 fast_inc 0 eta_inc 4581063 multi_dec -6840122 quick_dec -921025 nack_dec -1664150
Flow Uec_6726_0 flowId 15 uecSrc 14 finished at 83398.4 total messages 1 total packets 16425 RTS 0 total bytes 67112550 in_flight now 0 fair_inc 2472457 prop_inc 60323 fast_inc 0 eta_inc 4583721 multi_dec -7000249 quick_dec -720990 nack_dec -1709800
Flow Uec_3235_0 flowId 4 uecSrc 3 finished at 83601.4 total messages 1 total packets 16425 RTS 0 total bytes 67112550 in_flight now 0 fair_inc 2626784 prop_inc 46561 fast_inc 0 eta_inc 4604985 multi_dec -6930560 quick_dec -856006 nack_dec -1875800
Flow Uec_2796_0 flowId 5 uecSrc 4 finished at 84547.8 total messages 1 total packets 16425 RTS 0 total bytes 67112550 in_flight now 0 fair_inc 2355324 prop_inc 69104 fast_inc 0 eta_inc 4650171 multi_dec -6955193 quick_dec -861859 nack_dec -1647550
Flow Uec_2648_0 flowId 18 uecSrc 17 finished at 84704.5 total messages 1 total packets 16425 RTS 0 total bytes 67112550 in_flight now 0 fair_inc 2496003 prop_inc 78346 fast_inc 0 eta_inc 4666119 multi_dec -6724640 quick_dec -910509 nack_dec -1888250
Flow Uec_4363_0 flowId 30 uecSrc 29 finished at 85040.7 total messages 1 total packets 16425 RTS 0 total bytes 67112550 in_flight now 0 fair_inc 2523141 prop_inc 75450 fast_inc 0 eta_inc 4683396 multi_dec -6995752 quick_dec -870111 nack_dec -1730550
Flow Uec_1997_0 flowId 19 uecSrc 18 finished at 85206.8 total messages 1 total packets 16425 RTS 0 total bytes 67112550 in_flight now 0 fair_inc 2435414 prop_inc 73210 fast_inc 0 eta_inc 4686054 multi_dec -6896977 quick_dec -780416 nack_dec -1863350
Flow Uec_5742_0 flowId 27 uecSrc 26 finished at 85808.6 total messages 1 total packets 16425 RTS 0 total bytes 67112550 in_flight now 0 fair_inc 2451506 prop_inc 59187 fast_inc 0 eta_inc 4725924 multi_dec -6934533 quick_dec -803874 nack_dec -1842600
Flow Uec_7972_0 flowId 29 uecSrc 28 finished at 85859.3 total messages 1 total packets 16425 RTS 0 total bytes 67112550 in_flight now 0 fair_inc 2370531 prop_inc 62559 fast_inc 0 eta_inc 4720608 multi_dec -7035823 quick_dec -580999 nack_dec -1780350
Flow Uec_4903_0 flowId 24 uecSrc 23 finished at 85882.9 total messages 1 total packets 16425 RTS 0 total bytes 67112550 in_flight now 0 fair_inc 2298048 prop_inc 73924 fast_inc 0 eta_inc 4721937 multi_dec -6726382 quick_dec -761840 nack_dec -1767900
Flow Uec_3897_0 flowId 9 uecSrc 8 finished at 85992.8 total messages 1 total packets 16425 RTS 0 total bytes 67112550 in_flight now 0 fair_inc 2445540 prop_inc 74924 fast_inc 0 eta_inc 4721937 multi_dec -6818187 quick_dec -923359 nack_dec -1805250
Flow Uec_4790_0 flowId 23 uecSrc 22 finished at 86040.4 total messages 1 total packets 16425 RTS 0 total bytes 67112550 in_flight now 0 fair_inc 2496470 prop_inc 72689 fast_inc 0 eta_inc 4728582 multi_dec -6915036 quick_dec -926332 nack_dec -1855050
Flow Uec_2852_0 flowId 17 uecSrc 16 finished at 86443 total messages 1 total packets 16425 RTS 0 total bytes 67112550 in_flight now 0 fair_inc 2402528 prop_inc 66532 fast_inc 0 eta_inc 4765794 multi_dec -7075107 quick_dec -876603 nack_dec -1726400
Flow Uec_404_0 flowId 20 uecSrc 19 finished at 86572.8 total messages 1 total packets 16425 RTS 0 total bytes 67112550 in_flight now 0 fair_inc 2456642 prop_inc 47872 fast_inc 0 eta_inc 4768452 multi_dec -7045061 quick_dec -773343 nack_dec -1751300
Flow Uec_4250_0 flowId 28 uecSrc 27 finished at 86632.6 total messages 1 total packets 16425 RTS 0 total bytes 67112550 in_flight now 0 fair_inc 2265540 prop_inc 84933 fast_inc 0 eta_inc 4767123 multi_dec -6803149 quick_dec -701647 nack_dec -1834300
Flow Uec_721_0 flowId 31 uecSrc 30 finished at 86804 total messages 1 total packets 16425 RTS 0 total bytes 67112550 in_flight now 0 fair_inc 2357001 prop_inc 70494 fast_inc 0 eta_inc 4764465 multi_dec -6824959 quick_dec -872093 nack_dec -1701500
Flow Uec_725_0 flowId 7 uecSrc 6 finished at 86860.4 total messages 1 total packets 16425 RTS 0 total bytes 67112550 in_flight now 0 fair_inc 2401325 prop_inc 64059 fast_inc 0 eta_inc 4775097 multi_dec -6963730 quick_dec -751024 nack_dec -1718100
Flow Uec_3140_0 flowId 22 uecSrc 21 finished at 86919 total messages 1 total packets 16425 RTS 0 total bytes 67112550 in_flight now 0 fair_inc 2419314 prop_inc 75234 fast_inc 0 eta_inc 4776426 multi_dec -6796309 quick_dec -773003 nack_dec -1734700
Flow Uec_7991_0 flowId 13 uecSrc 12 finished at 87114.6 total messages 1 total packets 16425 RTS 0 total bytes 67112550 in_flight now 0 fair_inc 2426122 prop_inc 77732 fast_inc 0 eta_inc 4791045 multi_dec -6776714 quick_dec -838950 nack_dec -1759600
Flow Uec_3850_0 flowId 21 uecSrc 20 finished at 87162.8 total messages 1 total packets 16425 RTS 0 total bytes 67112550 in_flight now 0 fair_inc 2314029 prop_inc 57870 fast_inc 0 eta_inc 4792374 multi_dec -6726615 quick_dec -963932 nack_dec -1664150
Flow Uec_6673_0 flowId 32 uecSrc 31 finished at 87177.9 total messages 1 total packets 16425 RTS 0 total bytes 67112550 in_flight now 0 fair_inc 2430209 prop_inc 71379 fast_inc 0 eta_inc 4795032 multi_dec -6803310 quick_dec -838074 nack_dec -1867500
Flow Uec_6334_0 flowId 3 uecSrc 2 finished at 87187.2 total messages 1 total packets 16425 RTS 0 total bytes 67112550 in_flight now 0 fair_inc 2465045 prop_inc 96051 fast_inc 0 eta_inc 4801677 multi_dec -6761852 quick_dec -1054316 nack_dec -1850900
Flow Uec_2088_0 flowId 6 uecSrc 5 finished at 87194 total messages 1 total packets 16425 RTS 0 total bytes 67112550 in_flight now 0 fair_inc 2429475 prop_inc 83124 fast_inc 0 eta_inc 4791045 multi_dec -6768473 quick_dec -891338 nack_dec -1933900
Flow Uec_3347_0 flowId 26 uecSrc 25 finished at 87241.9 total messages 1 total packets 16425 RTS 0 total bytes 67112550 in_flight now 0 fair_inc 2369536 prop_inc 116857 fast_inc 0 eta_inc 4797690 multi_dec -6933544 quick_dec -688575 nack_dec -1755450
Flow Uec_46_0 flowId 2 uecSrc 1 finished at 87245.9 total messages 1 total packets 16425 RTS 0 total bytes 67112550 in_flight now 0 fair_inc 3022268 prop_inc 153733 fast_inc 0 eta_inc 5706726 multi_dec -7551717 quick_dec --906799 nack_dec -5465550
Flow Uec_1176_0 flowId 8 uecSrc 7 finished at 87264.6 total messages 1 total packets 16425 RTS 0 total bytes 67112550 in_flight now 0 fair_inc 2475158 prop_inc 137255 fast_inc 0 eta_inc 4804335 multi_dec -6967253 quick_dec -944013 nack_dec -1813550
Flow Uec_1570_0 flowId 25 uecSrc 24 finished at 87314.6 total messages 1 total packets 16425 RTS 0 total bytes 67112550 in_flight now 0 fair_inc 2492830 prop_inc 135516 fast_inc 423203 eta_inc 4796361 multi_dec -6790136 quick_dec -857473 nack_dec -1954650
New: 525600 Rtx: 14637 RTS: 0 Bounced: 0 ACKs: 524749 NACKs: 14637 Pulls: 0 sleek_pkts: 0
SPURIOUS_COUNT 0
