Flow Uec_6681_0 flowId 79 uecSrc 78 finished at 7417.21 total messages 1 total packets 514 RTS 0 total bytes 2100204 in_flight now 0 fair_inc 0 prop_inc 0 fast_inc 0 eta_inc 366804 multi_dec -324992 quick_dec -225191 nack_dec -551950
Flow Uec_4730_0 flowId 72 uecSrc 71 finished at 7568.48 total messages 1 total packets 514 RTS 0 total bytes 2100204 in_flight now 0 fair_inc 0 prop_inc 0 fast_inc 0 eta_inc 369462 multi_dec -321816 quick_dec -196729 nack_dec -568550
Flow Uec_4506_0 flowId 34 uecSrc 33 finished at 7569.19 total messages 1 total packets 514 RTS 0 total bytes 2100204 in_flight now 0 fair_inc 0 prop_inc 0 fast_inc 0 eta_inc 369462 multi_dec -325082 quick_dec -208221 nack_dec -576850
Flow Uec_6363_0 flowId 25 uecSrc 24 finished at 7610.25 total messages 1 total packets 514 RTS 0 total bytes 2100204 in_flight now 0 fair_inc 0 prop_inc 0 fast_inc 0 eta_inc 368133 multi_dec -328114 quick_dec -211561 nack_dec -589300
Flow Uec_5270_0 flowId 69 uecSrc 68 finished at 7615.1 total messages 1 total packets 514 RTS 0 total bytes 2100204 in_flight now 0 fair_inc 0 prop_inc 0 fast_inc 0 eta_inc 373449 multi_dec -331602 quick_dec -161328 nack_dec -564400
Flow Uec_1661_0 flowId 59 uecSrc 58 finished at 7621.95 total messages 1 total packets 514 RTS 0 total bytes 2100204 in_flight now 0 fair_inc 0 prop_inc 0 fast_inc 0 eta_inc 361488 multi_dec -317262 quick_dec -216583 nack_dec -585150
Flow Uec_2753_0 flowId 71 uecSrc 70 finished at 7657.85 total messages 1 total packets 514 RTS 0 total bytes 2100204 in_flight now 0 fair_inc 0 prop_inc 0 fast_inc 0 eta_inc 365475 multi_dec -328169 quick_dec -185790 nack_dec -610050
Flow Uec_1041_0 flowId 124 uecSrc 123 finished at 7684.02 total messages 1 total packets 514 RTS 0 total bytes 2100204 in_flight now 0 fair_inc 0 prop_inc 0 fast_inc 0 eta_inc 374778 multi_dec -324193 quick_dec -201735 nack_dec -572700
Flow Uec_5602_0 flowId 46 uecSrc 45 finished at 7690.71 total messages 1 total packets 514 RTS 0 total bytes 2100204 in_flight now 0 fair_inc 0 prop_inc 0 fast_inc 0 eta_inc 376107 multi_dec -334876 quick_dec -211275 nack_dec -572700
Flow Uec_6740_0 flowId 102 uecSrc 101 finished at 7773.96 total messages 1 total packets 514 RTS 0 total bytes 2100204 in_flight now 0 fair_inc 0 prop_inc 0 fast_inc 0 eta_inc 376107 multi_dec -330549 quick_dec -207955 nack_dec -572700
Flow Uec_803_0 flowId 90 uecSrc 89 finished at 7804.21 total messages 1 total packets 514 RTS 0 total bytes 2100204 in_flight now 0 fair_inc 0 prop_inc 0 fast_inc 0 eta_inc 380094 multi_dec -330538 quick_dec -148127 nack_dec -564400
Flow Uec_6841_0 flowId 42 uecSrc 41 finished at 7833.33 total messages 1 total packets 514 RTS 0 total bytes 2100204 in_flight now 0 fair_inc 0 prop_inc 0 fast_inc 0 eta_inc 380094 multi_dec -338105 quick_dec -177394 nack_dec -593450
Flow Uec_5399_0 flowId 70 uecSrc 69 finished at 7926.96 total messages 1 total packets 514 RTS 0 total bytes 2100204 in_flight now 0 fair_inc 0 prop_inc 0 fast_inc 0 eta_inc 382752 multi_dec -327645 quick_dec -176694 nack_dec -582098
Flow Uec_7454_0 flowId 119 uecSrc 118 finished at 7943.77 total messages 1 total packets 514 RTS 0 total bytes 2100204 in_flight now 0 fair_inc 6068 prop_inc 0 fast_inc 0 eta_inc 384081 multi_dec -347105 quick_dec -169557 nack_dec -610050
Flow Uec_7509_0 flowId 106 uecSrc 105 finished at 8028.98 total messages 1 total packets 514 RTS 0 total bytes 2100204 in_flight now 0 fair_inc 0 prop_inc 0 fast_inc 0 eta_inc 389397 multi_dec -343266 quick_dec -186028 nack_dec -581000
Flow Uec_7797_0 flowId 89 uecSrc 88 finished at 8084.63 total messages 1 total packets 514 RTS 0 total bytes 2100204 in_flight now 0 fair_inc 0 prop_inc 0 fast_inc 0 eta_inc 401358 multi_dec -365551 quick_dec -195832 nack_dec -560250
Flow Uec_7194_0 flowId 113 uecSrc 112 finished at 8503.38 total messages 1 total packets 514 RTS 0 total bytes 2100204 in_flight now 0 fair_inc 0 prop_inc 0 fast_inc 0 eta_inc 431925 multi_dec -409567 quick_dec -164238 nack_dec -531200
Flow Uec_969_0 flowId 64 uecSrc 63 finished at 8507.08 total messages 1 total packets 514 RTS 0 total bytes 2100204 in_flight now 0 fair_inc 0 prop_inc 0 fast_inc 0 eta_inc 411990 multi_dec -348029 quick_dec -175011 nack_dec -597600
Flow Uec_4404_0 flowId 108 uecSrc 107 finished at 8558.09 total messages 1 total packets 514 RTS 0 total bytes 2100204 in_flight now 0 fair_inc 0 prop_inc 0 fast_inc 0 eta_inc 431925 multi_dec -407228 quick_dec -176188 nack_dec -543650
Flow Uec_978_0 flowId 118 uecSrc 117 finished at 8594.16 total messages 1 total packets 514 RTS 0 total bytes 2100204 in_flight now 0 fair_inc 0 prop_inc 0 fast_inc 0 eta_inc 421293 multi_dec -370548 quick_dec -182639 nack_dec -560250
Flow Uec_4063_0 flowId 18 uecSrc 17 finished at 8618.98 total messages 1 total packets 514 RTS 0 total bytes 2100204 in_flight now 0 fair_inc 6092 prop_inc 0 fast_inc 0 eta_inc 435912 multi_dec -422494 quick_dec -202793 nack_dec -539500
Flow Uec_385_0 flowId 83 uecSrc 82 finished at 8861.42 total messages 1 total packets 514 RTS 0 total bytes 2100204 in_flight now 0 fair_inc 0 prop_inc 0 fast_inc 0 eta_inc 435912 multi_dec -392726 quick_dec -187967 nack_dec -565498
Flow Uec_1600_0 flowId 127 uecSrc 126 finished at 8889.52 total messages 1 total packets 514 RTS 0 total bytes 2100204 in_flight now 0 fair_inc 0 prop_inc 0 fast_inc 0 eta_inc 435912 multi_dec -376453 quick_dec -173791 nack_dec -581000
Flow Uec_5522_0 flowId 110 uecSrc 109 finished at 9387.02 total messages 1 total packets 514 RTS 0 total bytes 2100204 in_flight now 0 fair_inc 0 prop_inc 0 fast_inc 0 eta_inc 479769 multi_dec -460058 quick_dec -202535 nack_dec -522900
Flow Uec_251_0 flowId 84 uecSrc 83 finished at 9399.83 total messages 1 total packets 514 RTS 0 total bytes 2100204 in_flight now 0 fair_inc 4965 prop_inc 1704 fast_inc 0 eta_inc 501033 multi_dec -440650 quick_dec --22722 nack_dec -651550
Flow Uec_7536_0 flowId 80 uecSrc 79 finished at 9595.65 total messages 1 total packets 514 RTS 0 total bytes 2100204 in_flight now 0 fair_inc 5568 prop_inc 0 fast_inc 0 eta_inc 485085 multi_dec -477887 quick_dec -188439 nack_dec -540598
Flow Uec_2105_0 flowId 11 uecSrc 10 finished at 9659.77 total messages 1 total packets 514 RTS 0 total bytes 2100204 in_flight now 0 fair_inc 6035 prop_inc 0 fast_inc 0 eta_inc 485085 multi_dec -482028 quick_dec -146774 nack_dec -543650
Flow Uec_7888_0 flowId 26 uecSrc 25 finished at 9743.48 total messages 1 total packets 514 RTS 0 total bytes 2100204 in_flight now 0 fair_inc 0 prop_inc 0 fast_inc 0 eta_inc 485085 multi_dec -449496 quick_dec -188930 nack_dec -572700
Flow Uec_579_0 flowId 62 uecSrc 61 finished at 9836.53 total messages 1 total packets 514 RTS 0 total bytes 2100204 in_flight now 0 fair_inc 6054 prop_inc 0 fast_inc 0 eta_inc 491730 multi_dec -472537 quick_dec -194135 nack_dec -564400
Flow Uec_3013_0 flowId 33 uecSrc 32 finished at 9898.99 total messages 1 total packets 514 RTS 0 total bytes 2100204 in_flight now 0 fair_inc 6034 prop_inc 0 fast_inc 0 eta_inc 505020 multi_dec -471954 quick_dec -244162 nack_dec -527050
Flow Uec_5272_0 flowId 49 uecSrc 48 finished at 9944.35 total messages 1 total packets 514 RTS 0 total bytes 2100204 in_flight now 0 fair_inc 6015 prop_inc 0 fast_inc 0 eta_inc 495717 multi_dec -475053 quick_dec -178581 nack_dec -556100
Flow Uec_7588_0 flowId 95 uecSrc 94 finished at 9952.7 total messages 1 total packets 514 RTS 0 total bytes 2100204 in_flight now 0 fair_inc 0 prop_inc 0 fast_inc 0 eta_inc 501033 multi_dec -479692 quick_dec -165737 nack_dec -551950
Flow Uec_3231_0 flowId 96 uecSrc 95 finished at 9955.73 total messages 1 total packets 514 RTS 0 total bytes 2100204 in_flight now 0 fair_inc 0 prop_inc 0 fast_inc 0 eta_inc 497046 multi_dec -469860 quick_dec -211164 nack_dec -556100
Flow Uec_531_0 flowId 36 uecSrc 35 finished at 9959.76 total messages 1 total packets 514 RTS 0 total bytes 2100204 in_flight now 0 fair_inc 0 prop_inc 0 fast_inc 0 eta_inc 502362 multi_dec -459434 quick_dec -180825 nack_dec -543650
Flow Uec_1069_0 flowId 29 uecSrc 28 finished at 9965.78 total messages 1 total packets 514 RTS 0 total bytes 2100204 in_flight now 0 fair_inc 0 prop_inc 0 fast_inc 0 eta_inc 502362 multi_dec -463815 quick_dec -184608 nack_dec -560250
Flow Uec_6373_0 flowId 93 uecSrc 92 finished at 9971.8 total messages 1 total packets 514 RTS 0 total bytes 2100204 in_flight now 0 fair_inc 5683 prop_inc 0 fast_inc 0 eta_inc 509007 multi_dec -473367 quick_dec -212422 nack_dec -531200
Flow Uec_2271_0 flowId 63 uecSrc 62 finished at 9980.97 total messages 1 total packets 514 RTS 0 total bytes 2100204 in_flight now 0 fair_inc 0 prop_inc 0 fast_inc 0 eta_inc 501033 multi_dec -453996 quick_dec -172321 nack_dec -551950
Flow Uec_4786_0 flowId 57 uecSrc 56 finished at 9989.98 total messages 1 total packets 514 RTS 0 total bytes 2100204 in_flight now 0 fair_inc 32166 prop_inc 0 fast_inc 0 eta_inc 501033 multi_dec -467253 quick_dec -188983 nack_dec -564400
Flow Uec_3064_0 flowId 61 uecSrc 60 finished at 9994.34 total messages 1 total packets 514 RTS 0 total bytes 2100204 in_flight now 0 fair_inc 5656 prop_inc 0 fast_inc 0 eta_inc 510336 multi_dec -490898 quick_dec -187121 nack_dec -518750
Flow Uec_2906_0 flowId 39 uecSrc 38 finished at 10002.9 total messages 1 total packets 514 RTS 0 total bytes 2100204 in_flight now 0 fair_inc 0 prop_inc 0 fast_inc 0 eta_inc 505020 multi_dec -477611 quick_dec -187852 nack_dec -535350
Flow Uec_5933_0 flowId 53 uecSrc 52 finished at 10077.5 total messages 1 total packets 514 RTS 0 total bytes 2100204 in_flight now 0 fair_inc 0 prop_inc 0 fast_inc 0 eta_inc 506349 multi_dec -475543 quick_dec -159648 nack_dec -535350
Flow Uec_6828_0 flowId 60 uecSrc 59 finished at 10083.7 total messages 1 total packets 514 RTS 0 total bytes 2100204 in_flight now 0 fair_inc 0 prop_inc 0 fast_inc 0 eta_inc 503691 multi_dec -468974 quick_dec -221484 nack_dec -560250
Flow Uec_27_0 flowId 128 uecSrc 127 finished at 10098.2 total messages 1 total packets 514 RTS 0 total bytes 2100204 in_flight now 0 fair_inc 0 prop_inc 2974 fast_inc 0 eta_inc 540903 multi_dec -441023 quick_dec -15233 nack_dec -630800
Flow Uec_1119_0 flowId 21 uecSrc 20 finished at 10120.1 total messages 1 total packets 514 RTS 0 total bytes 2100204 in_flight now 0 fair_inc 12827 prop_inc 0 fast_inc 0 eta_inc 510336 multi_dec -491952 quick_dec -168825 nack_dec -551950
Flow Uec_3942_0 flowId 54 uecSrc 53 finished at 10125.5 total messages 1 total packets 514 RTS 0 total bytes 2100204 in_flight now 0 fair_inc 0 prop_inc 0 fast_inc 0 eta_inc 507678 multi_dec -465081 quick_dec -206407 nack_dec -560250
Flow Uec_1565_0 flowId 112 uecSrc 111 finished at 10144.3 total messages 1 total packets 514 RTS 0 total bytes 2100204 in_flight now 0 fair_inc 11260 prop_inc 0 fast_inc 0 eta_inc 502362 multi_dec -462215 quick_dec -204764 nack_dec -605900
Flow Uec_7838_0 flowId 56 uecSrc 55 finished at 10167.1 total messages 1 total packets 514 RTS 0 total bytes 2100204 in_flight now 0 fair_inc 6031 prop_inc 0 fast_inc 0 eta_inc 505020 multi_dec -488399 quick_dec -180657 nack_dec -572700
Flow Uec_3222_0 flowId 109 uecSrc 108 finished at 10176.6 total messages 1 total packets 514 RTS 0 total bytes 2100204 in_flight now 0 fair_inc 0 prop_inc 0 fast_inc 0 eta_inc 510336 multi_dec -476412 quick_dec -201749 nack_dec -560250
Flow Uec_2677_0 flowId 38 uecSrc 37 finished at 10184.9 total messages 1 total packets 514 RTS 0 total bytes 2100204 in_flight now 0 fair_inc 6146 prop_inc 0 fast_inc 0 eta_inc 509007 multi_dec -468808 quick_dec -167559 nack_dec -585150
Flow Uec_5276_0 flowId 15 uecSrc 14 finished at 10196.1 total messages 1 total packets 514 RTS 0 total bytes 2100204 in_flight now 0 fair_inc 0 prop_inc 0 fast_inc 0 eta_inc 498375 multi_dec -458635 quick_dec -190154 nack_dec -605900
Flow Uec_1353_0 flowId 105 uecSrc 104 finished at 10197.6 total messages 1 total packets 514 RTS 0 total bytes 2100204 in_flight now 0 fair_inc 6140 prop_inc 0 fast_inc 0 eta_inc 518310 multi_dec -495480 quick_dec -173929 nack_dec -522900
Flow Uec_3216_0 flowId 44 uecSrc 43 finished at 10205.2 total messages 1 total packets 514 RTS 0 total bytes 2100204 in_flight now 0 fair_inc 11095 prop_inc 0 fast_inc 0 eta_inc 505020 multi_dec -480591 quick_dec -215108 nack_dec -601750
Flow Uec_4033_0 flowId 116 uecSrc 115 finished at 10205.9 total messages 1 total packets 514 RTS 0 total bytes 2100204 in_flight now 0 fair_inc 0 prop_inc 0 fast_inc 0 eta_inc 506349 multi_dec -450132 quick_dec -196276 nack_dec -581000
Flow Uec_5865_0 flowId 20 uecSrc 19 finished at 10207.9 total messages 1 total packets 514 RTS 0 total bytes 2100204 in_flight now 0 fair_inc 0 prop_inc 0 fast_inc 0 eta_inc 506349 multi_dec -457809 quick_dec -180334 nack_dec -560250
Flow Uec_764_0 flowId 76 uecSrc 75 finished at 10210.4 total messages 1 total packets 514 RTS 0 total bytes 2100204 in_flight now 0 fair_inc 0 prop_inc 0 fast_inc 0 eta_inc 519639 multi_dec -483875 quick_dec -227531 nack_dec -539500
Flow Uec_2366_0 flowId 87 uecSrc 86 finished at 10211.3 total messages 1 total packets 514 RTS 0 total bytes 2100204 in_flight now 0 fair_inc 6026 prop_inc 0 fast_inc 0 eta_inc 491730 multi_dec -440795 quick_dec -200161 nack_dec -643250
Flow Uec_1129_0 flowId 14 uecSrc 13 finished at 10232.6 total messages 1 total packets 514 RTS 0 total bytes 2100204 in_flight now 0 fair_inc 11257 prop_inc 0 fast_inc 0 eta_inc 512994 multi_dec -472868 quick_dec -185639 nack_dec -568550
Flow Uec_7380_0 flowId 100 uecSrc 99 finished at 10242.3 total messages 1 total packets 514 RTS 0 total bytes 2100204 in_flight now 0 fair_inc 5765 prop_inc 0 fast_inc 0 eta_inc 507678 multi_dec -461616 quick_dec -154350 nack_dec -576850
Flow Uec_2958_0 flowId 3 uecSrc 2 finished at 10278.5 total messages 1 total packets 514 RTS 0 total bytes 2100204 in_flight now 0 fair_inc 6178 prop_inc 0 fast_inc 0 eta_inc 503691 multi_dec -465166 quick_dec -190443 nack_dec -589300
Flow Uec_4265_0 flowId 97 uecSrc 96 finished at 10326.4 total messages 1 total packets 514 RTS 0 total bytes 2100204 in_flight now 0 fair_inc 0 prop_inc 0 fast_inc 0 eta_inc 516981 multi_dec -476592 quick_dec -186467 nack_dec -564400
Flow Uec_7196_0 flowId 88 uecSrc 87 finished at 10333.9 total messages 1 total packets 514 RTS 0 total bytes 2100204 in_flight now 0 fair_inc 0 prop_inc 0 fast_inc 0 eta_inc 515652 multi_dec -472376 quick_dec -175155 nack_dec -576850
Flow Uec_5382_0 flowId 58 uecSrc 57 finished at 10335.8 total messages 1 total packets 514 RTS 0 total bytes 2100204 in_flight now 0 fair_inc 0 prop_inc 0 fast_inc 0 eta_inc 519639 multi_dec -489178 quick_dec -164561 nack_dec -543650
Flow Uec_2527_0 flowId 125 uecSrc 124 finished at 10401.9 total messages 1 total packets 514 RTS 0 total bytes 2100204 in_flight now 0 fair_inc 11505 prop_inc 0 fast_inc 0 eta_inc 527613 multi_dec -505774 quick_dec -180383 nack_dec -539500
Flow Uec_381_0 flowId 1 uecSrc 0 finished at 10416.4 total messages 1 total packets 514 RTS 0 total bytes 2100204 in_flight now 0 fair_inc 12367 prop_inc 0 fast_inc 0 eta_inc 538245 multi_dec -535809 quick_dec -193392 nack_dec -518750
Flow Uec_6391_0 flowId 6 uecSrc 5 finished at 10419.6 total messages 1 total packets 514 RTS 0 total bytes 2100204 in_flight now 0 fair_inc 21764 prop_inc 0 fast_inc 0 eta_inc 516981 multi_dec -485992 quick_dec -190918 nack_dec -597600
Flow Uec_3291_0 flowId 66 uecSrc 65 finished at 10422.8 total messages 1 total packets 514 RTS 0 total bytes 2100204 in_flight now 0 fair_inc 12576 prop_inc 0 fast_inc 0 eta_inc 519639 multi_dec -506701 quick_dec -200482 nack_dec -560250
Flow Uec_3002_0 flowId 101 uecSrc 100 finished at 10426.5 total messages 1 total packets 514 RTS 0 total bytes 2100204 in_flight now 0 fair_inc 6101 prop_inc 0 fast_inc 0 eta_inc 519639 multi_dec -477883 quick_dec -225639 nack_dec -572700
Flow Uec_2438_0 flowId 104 uecSrc 103 finished at 10435.5 total messages 1 total packets 514 RTS 0 total bytes 2100204 in_flight now 0 fair_inc 6140 prop_inc 0 fast_inc 0 eta_inc 520968 multi_dec -476334 quick_dec -193159 nack_dec -581000
Flow Uec_295_0 flowId 48 uecSrc 47 finished at 10437.5 total messages 1 total packets 514 RTS 0 total bytes 2100204 in_flight now 0 fair_inc 0 prop_inc 0 fast_inc 0 eta_inc 528942 multi_dec -483454 quick_dec -190553 nack_dec -551950
Flow Uec_5695_0 flowId 92 uecSrc 91 finished at 10461.8 total messages 1 total packets 514 RTS 0 total bytes 2100204 in_flight now 0 fair_inc 5839 prop_inc 53 fast_inc 0 eta_inc 522297 multi_dec -479741 quick_dec -210650 nack_dec -593450
Flow Uec_5163_0 flowId 50 uecSrc 49 finished at 10466.7 total messages 1 total packets 514 RTS 0 total bytes 2100204 in_flight now 0 fair_inc 6193 prop_inc 0 fast_inc 0 eta_inc 515652 multi_dec -469204 quick_dec -178748 nack_dec -605900
Flow Uec_7751_0 flowId 30 uecSrc 29 finished at 10515.6 total messages 1 total packets 514 RTS 0 total bytes 2100204 in_flight now 0 fair_inc 12779 prop_inc 0 fast_inc 0 eta_inc 534258 multi_dec -508086 quick_dec -191071 nack_dec -543650
Flow Uec_1286_0 flowId 67 uecSrc 66 finished at 10522.6 total messages 1 total packets 514 RTS 0 total bytes 2100204 in_flight now 0 fair_inc 20822 prop_inc 0 fast_inc 0 eta_inc 530271 multi_dec -520300 quick_dec -230096 nack_dec -566596
Flow Uec_8186_0 flowId 91 uecSrc 90 finished at 10555.2 total messages 1 total packets 514 RTS 0 total bytes 2100204 in_flight now 0 fair_inc 21394 prop_inc 0 fast_inc 0 eta_inc 528942 multi_dec -500234 quick_dec -153484 nack_dec -576850
Flow Uec_1203_0 flowId 51 uecSrc 50 finished at 10562.1 total messages 1 total packets 514 RTS 0 total bytes 2100204 in_flight now 0 fair_inc 17031 prop_inc 0 fast_inc 0 eta_inc 534258 multi_dec -484178 quick_dec -220934 nack_dec -556100
Flow Uec_6566_0 flowId 107 uecSrc 106 finished at 10578.7 total messages 1 total packets 514 RTS 0 total bytes 2100204 in_flight now 0 fair_inc 18494 prop_inc 0 fast_inc 0 eta_inc 536916 multi_dec -510160 quick_dec -193427 nack_dec -543650
Flow Uec_6382_0 flowId 4 uecSrc 3 finished at 10590.1 total messages 1 total packets 514 RTS 0 total bytes 2100204 in_flight now 0 fair_inc 6194 prop_inc 642 fast_inc 0 eta_inc 538245 multi_dec -518288 quick_dec -237084 nack_dec -551950
Flow Uec_2693_0 flowId 68 uecSrc 67 finished at 10626.8 total messages 1 total packets 514 RTS 0 total bytes 2100204 in_flight now 0 fair_inc 30445 prop_inc 0 fast_inc 0 eta_inc 539574 multi_dec -514077 quick_dec -165304 nack_dec -576850
Flow Uec_5108_0 flowId 77 uecSrc 76 finished at 10647.3 total messages 1 total packets 514 RTS 0 total bytes 2100204 in_flight now 0 fair_inc 6553 prop_inc 0 fast_inc 0 eta_inc 546219 multi_dec -528598 quick_dec -198516 nack_dec -522900
Flow Uec_5876_0 flowId 37 uecSrc 36 finished at 10661.1 total messages 1 total packets 514 RTS 0 total bytes 2100204 in_flight now 0 fair_inc 5943 prop_inc 708 fast_inc 0 eta_inc 538245 multi_dec -501059 quick_dec -177305 nack_dec -547800
Flow Uec_5109_0 flowId 40 uecSrc 39 finished at 10664.9 total messages 1 total packets 514 RTS 0 total bytes 2100204 in_flight now 0 fair_inc 6644 prop_inc 0 fast_inc 0 eta_inc 538245 multi_dec -495425 quick_dec -218192 nack_dec -564400
Flow Uec_1553_0 flowId 75 uecSrc 74 finished at 10674.6 total messages 1 total packets 514 RTS 0 total bytes 2100204 in_flight now 0 fair_inc 5905 prop_inc 1041 fast_inc 0 eta_inc 547548 multi_dec -519325 quick_dec -202680 nack_dec -531200
Flow Uec_4106_0 flowId 65 uecSrc 64 finished at 10686.8 total messages 1 total packets 514 RTS 0 total bytes 2100204 in_flight now 0 fair_inc 26176 prop_inc 0 fast_inc 0 eta_inc 546219 multi_dec -514353 quick_dec -138531 nack_dec -527050
Flow Uec_689_0 flowId 12 uecSrc 11 finished at 10698.4 total messages 1 total packets 514 RTS 0 total bytes 2100204 in_flight now 0 fair_inc 28456 prop_inc 410 fast_inc 0 eta_inc 544890 multi_dec -538006 quick_dec -222475 nack_dec -556100
Flow Uec_7076_0 flowId 28 uecSrc 27 finished at 10701.3 total messages 1 total packets 514 RTS 0 total bytes 2100204 in_flight now 0 fair_inc 6456 prop_inc 616 fast_inc 0 eta_inc 536916 multi_dec -499218 quick_dec -144523 nack_dec -576850
Flow Uec_1431_0 flowId 8 uecSrc 7 finished at 10701.7 total messages 1 total packets 514 RTS 0 total bytes 2100204 in_flight now 0 fair_inc 9995 prop_inc 0 fast_inc 0 eta_inc 535587 multi_dec -501537 quick_dec -160092 nack_dec -576850
Flow Uec_3202_0 flowId 114 uecSrc 113 finished at 10707 total messages 1 total packets 514 RTS 0 total bytes 2100204 in_flight now 0 fair_inc 6674 prop_inc 0 fast_inc 0 eta_inc 547548 multi_dec -501118 quick_dec -194488 nack_dec -543650
Flow Uec_4838_0 flowId 45 uecSrc 44 finished at 10713.7 total messages 1 total packets 514 RTS 0 total bytes 2100204 in_flight now 0 fair_inc 23102 prop_inc 0 fast_inc 0 eta_inc 530271 multi_dec -488096 quick_dec -181937 nack_dec -589300
Flow Uec_5102_0 flowId 86 uecSrc 85 finished at 10716.8 total messages 1 total packets 514 RTS 0 total bytes 2100204 in_flight now 0 fair_inc 0 prop_inc 0 fast_inc 0 eta_inc 544890 multi_dec -503124 quick_dec -172877 nack_dec -551950
Flow Uec_560_0 flowId 22 uecSrc 21 finished at 10720.5 total messages 1 total packets 514 RTS 0 total bytes 2100204 in_flight now 0 fair_inc 6566 prop_inc 0 fast_inc 0 eta_inc 534258 multi_dec -498367 quick_dec -183911 nack_dec -581000
Flow Uec_6546_0 flowId 99 uecSrc 98 finished at 10730.6 total messages 1 total packets 514 RTS 0 total bytes 2100204 in_flight now 0 fair_inc 0 prop_inc 0 fast_inc 0 eta_inc 536916 multi_dec -476324 quick_dec -190313 nack_dec -585150
Flow Uec_2377_0 flowId 2 uecSrc 1 finished at 10734 total messages 1 total packets 514 RTS 0 total bytes 2100204 in_flight now 0 fair_inc 12785 prop_inc 352 fast_inc 0 eta_inc 539574 multi_dec -513355 quick_dec -171430 nack_dec -551950
Flow Uec_1988_0 flowId 55 uecSrc 54 finished at 10750.1 total messages 1 total packets 514 RTS 0 total bytes 2100204 in_flight now 0 fair_inc 15692 prop_inc 0 fast_inc 0 eta_inc 538245 multi_dec -492461 quick_dec -189832 nack_dec -589300
Flow Uec_4317_0 flowId 19 uecSrc 18 finished at 10756.7 total messages 1 total packets 514 RTS 0 total bytes 2100204 in_flight now 0 fair_inc 30626 prop_inc 63 fast_inc 0 eta_inc 538245 multi_dec -498408 quick_dec -175964 nack_dec -564400
Flow Uec_6235_0 flowId 117 uecSrc 116 finished at 10763.8 total messages 1 total packets 514 RTS 0 total bytes 2100204 in_flight now 0 fair_inc 12599 prop_inc 652 fast_inc 0 eta_inc 552864 multi_dec -524333 quick_dec -201719 nack_dec -531200
Flow Uec_4841_0 flowId 10 uecSrc 9 finished at 10768.9 total messages 1 total packets 514 RTS 0 total bytes 2100204 in_flight now 0 fair_inc 12764 prop_inc 1749 fast_inc 0 eta_inc 530271 multi_dec -501115 quick_dec -176738 nack_dec -614200
Flow Uec_5791_0 flowId 74 uecSrc 73 finished at 10770.7 total messages 1 total packets 514 RTS 0 total bytes 2100204 in_flight now 0 fair_inc 12726 prop_inc 936 fast_inc 0 eta_inc 542232 multi_dec -507774 quick_dec -183537 nack_dec -593450
Flow Uec_7715_0 flowId 81 uecSrc 80 finished at 10817.6 total messages 1 total packets 514 RTS 0 total bytes 2100204 in_flight now 0 fair_inc 12430 prop_inc 5061 fast_inc 0 eta_inc 544890 multi_dec -514840 quick_dec -201342 nack_dec -556100
Flow Uec_2229_0 flowId 115 uecSrc 114 finished at 10837.9 total messages 1 total packets 514 RTS 0 total bytes 2100204 in_flight now 0 fair_inc 6456 prop_inc 3122 fast_inc 0 eta_inc 527613 multi_dec -473296 quick_dec -203158 nack_dec -651550
Flow Uec_3842_0 flowId 41 uecSrc 40 finished at 10849.5 total messages 1 total packets 514 RTS 0 total bytes 2100204 in_flight now 0 fair_inc 12856 prop_inc 4694 fast_inc 0 eta_inc 548877 multi_dec -507879 quick_dec -181437 nack_dec -551950
Flow Uec_4558_0 flowId 52 uecSrc 51 finished at 10851.1 total messages 1 total packets 514 RTS 0 total bytes 2100204 in_flight now 0 fair_inc 0 prop_inc 5549 fast_inc 0 eta_inc 547548 multi_dec -495892 quick_dec -178854 nack_dec -556100
Flow Uec_2018_0 flowId 103 uecSrc 102 finished at 10855.9 total messages 1 total packets 514 RTS 0 total bytes 2100204 in_flight now 0 fair_inc 12124 prop_inc 3180 fast_inc 0 eta_inc 550206 multi_dec -516540 quick_dec -205386 nack_dec -593450
Flow Uec_2008_0 flowId 82 uecSrc 81 finished at 10872.6 total messages 1 total packets 514 RTS 0 total bytes 2100204 in_flight now 0 fair_inc 12535 prop_inc 4058 fast_inc 0 eta_inc 551535 multi_dec -510270 quick_dec -171857 nack_dec -547800
Flow Uec_5946_0 flowId 94 uecSrc 93 finished at 10873.5 total messages 1 total packets 514 RTS 0 total bytes 2100204 in_flight now 0 fair_inc 5759 prop_inc 3228 fast_inc 0 eta_inc 552864 multi_dec -505907 quick_dec -167245 nack_dec -543650
Flow Uec_5589_0 flowId 5 uecSrc 4 finished at 10875.3 total messages 1 total packets 514 RTS 0 total bytes 2100204 in_flight now 0 fair_inc 21486 prop_inc 3570 fast_inc 0 eta_inc 552864 multi_dec -511221 quick_dec -207320 nack_dec -572700
Flow Uec_6711_0 flowId 9 uecSrc 8 finished at 10876.9 total messages 1 total packets 514 RTS 0 total bytes 2100204 in_flight now 0 fair_inc 0 prop_inc 2336 fast_inc 0 eta_inc 548877 multi_dec -498856 quick_dec -209630 nack_dec -556100
Flow Uec_1571_0 flowId 17 uecSrc 16 finished at 10877.2 total messages 1 total packets 514 RTS 0 total bytes 2100204 in_flight now 0 fair_inc 6602 prop_inc 1233 fast_inc 0 eta_inc 552864 multi_dec -508800 quick_dec -173811 nack_dec -547800
Flow Uec_5923_0 flowId 13 uecSrc 12 finished at 10883.6 total messages 1 total packets 514 RTS 0 total bytes 2100204 in_flight now 0 fair_inc 28605 prop_inc 3585 fast_inc 0 eta_inc 548877 multi_dec -514280 quick_dec -205539 nack_dec -589300
Flow Uec_4862_0 flowId 27 uecSrc 26 finished at 10890.1 total messages 1 total packets 514 RTS 0 total bytes 2100204 in_flight now 0 fair_inc 6430 prop_inc 6484 fast_inc 0 eta_inc 539574 multi_dec -485332 quick_dec -201699 nack_dec -581000
Flow Uec_4019_0 flowId 126 uecSrc 125 finished at 10890.3 total messages 1 total packets 514 RTS 0 total bytes 2100204 in_flight now 0 fair_inc 9146 prop_inc 7340 fast_inc 0 eta_inc 536916 multi_dec -468982 quick_dec -191279 nack_dec -601750
Flow Uec_6147_0 flowId 122 uecSrc 121 finished at 10898 total messages 1 total packets 514 RTS 0 total bytes 2100204 in_flight now 0 fair_inc 5842 prop_inc 10741 fast_inc 0 eta_inc 546219 multi_dec -486354 quick_dec -197179 nack_dec -568550
Flow Uec_5457_0 flowId 121 uecSrc 120 finished at 10916.5 total messages 1 total packets 514 RTS 0 total bytes 2100204 in_flight now 0 fair_inc 12528 prop_inc 18248 fast_inc 0 eta_inc 547548 multi_dec -479582 quick_dec -207370 nack_dec -614200
Flow Uec_6679_0 flowId 73 uecSrc 72 finished at 10920.5 total messages 1 total packets 514 RTS 0 total bytes 2100204 in_flight now 0 fair_inc 0 prop_inc 14256 fast_inc 0 eta_inc 551535 multi_dec -496331 quick_dec -179913 nack_dec -572700
Flow Uec_576_0 flowId 123 uecSrc 122 finished at 10921.4 total messages 1 total packets 514 RTS 0 total bytes 2100204 in_flight now 0 fair_inc 6002 prop_inc 18403 fast_inc 0 eta_inc 550206 multi_dec -501253 quick_dec -214277 nack_dec -568550
Flow Uec_1811_0 flowId 85 uecSrc 84 finished at 10924.1 total messages 1 total packets 514 RTS 0 total bytes 2100204 in_flight now 0 fair_inc 0 prop_inc 13668 fast_inc 0 eta_inc 556851 multi_dec -521307 quick_dec -187825 nack_dec -535350
Flow Uec_6699_0 flowId 78 uecSrc 77 finished at 10933.6 total messages 1 total packets 514 RTS 0 total bytes 2100204 in_flight now 0 fair_inc 12441 prop_inc 24063 fast_inc 0 eta_inc 527613 multi_dec -483149 quick_dec -210566 nack_dec -676450
Flow Uec_4524_0 flowId 32 uecSrc 31 finished at 10934.3 total messages 1 total packets 514 RTS 0 total bytes 2100204 in_flight now 0 fair_inc 0 prop_inc 22779 fast_inc 0 eta_inc 539574 multi_dec -475198 quick_dec -176921 nack_dec -605900
Flow Uec_7562_0 flowId 43 uecSrc 42 finished at 10938 total messages 1 total packets 514 RTS 0 total bytes 2100204 in_flight now 0 fair_inc 9551 prop_inc 6848 fast_inc 0 eta_inc 551535 multi_dec -485308 quick_dec -216327 nack_dec -576850
Flow Uec_3757_0 flowId 35 uecSrc 34 finished at 10944.8 total messages 1 total packets 514 RTS 0 total bytes 2100204 in_flight now 0 fair_inc 6369 prop_inc 20710 fast_inc 0 eta_inc 548877 multi_dec -488429 quick_dec -167290 nack_dec -581000
Flow Uec_3182_0 flowId 47 uecSrc 46 finished at 10945.7 total messages 1 total packets 514 RTS 0 total bytes 2100204 in_flight now 0 fair_inc 18547 prop_inc 18945 fast_inc 0 eta_inc 562167 multi_dec -537468 quick_dec -192945 nack_dec -564400
Flow Uec_2942_0 flowId 111 uecSrc 110 finished at 10948.9 total messages 1 total packets 514 RTS 0 total bytes 2100204 in_flight now 0 fair_inc 18193 prop_inc 20639 fast_inc 0 eta_inc 559509 multi_dec -508563 quick_dec -187916 nack_dec -560250
Flow Uec_6817_0 flowId 120 uecSrc 119 finished at 10952.5 total messages 1 total packets 514 RTS 0 total bytes 2100204 in_flight now 0 fair_inc 12059 prop_inc 26130 fast_inc 0 eta_inc 550206 multi_dec -490554 quick_dec -201025 nack_dec -585150
Flow Uec_500_0 flowId 16 uecSrc 15 finished at 10953.2 total messages 1 total packets 514 RTS 0 total bytes 2100204 in_flight now 0 fair_inc 0 prop_inc 18757 fast_inc 0 eta_inc 538245 multi_dec -472571 quick_dec -171993 nack_dec -605900
Flow Uec_1855_0 flowId 98 uecSrc 97 finished at 10957.8 total messages 1 total packets 514 RTS 0 total bytes 2100204 in_flight now 0 fair_inc 0 prop_inc 29837 fast_inc 0 eta_inc 550206 multi_dec -485401 quick_dec -187242 nack_dec -597600
Flow Uec_3159_0 flowId 24 uecSrc 23 finished at 10968 total messages 1 total packets 514 RTS 0 total bytes 2100204 in_flight now 0 fair_inc 0 prop_inc 42689 fast_inc 0 eta_inc 560838 multi_dec -513488 quick_dec -169241 nack_dec -531200
Flow Uec_7567_0 flowId 7 uecSrc 6 finished at 10970.7 total messages 1 total packets 514 RTS 0 total bytes 2100204 in_flight now 0 fair_inc 6132 prop_inc 37297 fast_inc 0 eta_inc 555522 multi_dec -498480 quick_dec -212653 nack_dec -576850
Flow Uec_3458_0 flowId 23 uecSrc 22 finished at 10973.3 total messages 1 total packets 514 RTS 0 total bytes 2100204 in_flight now 0 fair_inc 5634 prop_inc 46623 fast_inc 0 eta_inc 554193 multi_dec -493430 quick_dec -180237 nack_dec -585150
Flow Uec_5106_0 flowId 31 uecSrc 30 finished at 10974.3 total messages 1 total packets 514 RTS 0 total bytes 2100204 in_flight now 0 fair_inc 5281 prop_inc 47975 fast_inc 0 eta_inc 551535 multi_dec -479594 quick_dec -206569 nack_dec -589300
New: 65792 Rtx: 17566 RTS: 0 Bounced: 0 ACKs: 65552 NACKs: 17566 Pulls: 0 sleek_pkts: 0
SPURIOUS_COUNT 0
