.Flow Uec_8074_0 flowId 118 uecSrc 117 finished at 54102.3 total messages 1 total packets 4107 RTS 0 total bytes 16781202 in_flight now 0 fair_inc 0 prop_inc 0 fast_inc 0 eta_inc 2781597 multi_dec -2722493 quick_dec -83660 nack_dec -780200
Flow Uec_8140_0 flowId 52 uecSrc 51 finished at 54158.7 total messages 1 total packets 4107 RTS 0 total bytes 16781202 in_flight now 0 fair_inc 0 prop_inc 0 fast_inc 0 eta_inc 2776281 multi_dec -2699077 quick_dec -58802 nack_dec -796800
Flow Uec_8150_0 flowId 42 uecSrc 41 finished at 54580.9 total messages 1 total packets 4107 RTS 0 total bytes 16781202 in_flight now 0 fair_inc 0 prop_inc 0 fast_inc 0 eta_inc 2850705 multi_dec -2820463 quick_dec -124551 nack_dec -605900
Flow Uec_8096_0 flowId 96 uecSrc 95 finished at 54616.3 total messages 1 total packets 4107 RTS 0 total bytes 16781202 in_flight now 0 fair_inc 0 prop_inc 0 fast_inc 0 eta_inc 2825454 multi_dec -2735277 quick_dec -112297 nack_dec -701350
Flow Uec_8144_0 flowId 48 uecSrc 47 finished at 54929.6 total messages 1 total packets 4107 RTS 0 total bytes 16781202 in_flight now 0 fair_inc 0 prop_inc 0 fast_inc 0 eta_inc 2861337 multi_dec -2787323 quick_dec -127681 nack_dec -655700
Flow Uec_8115_0 flowId 77 uecSrc 76 finished at 55170.3 total messages 1 total packets 4107 RTS 0 total bytes 16781202 in_flight now 0 fair_inc 5613 prop_inc 0 fast_inc 0 eta_inc 2846718 multi_dec -2796974 quick_dec -73749 nack_dec -742850
Flow Uec_8189_0 flowId 3 uecSrc 2 finished at 55354.2 total messages 1 total packets 4107 RTS 0 total bytes 16781202 in_flight now 0 fair_inc 0 prop_inc 0 fast_inc 0 eta_inc 2871969 multi_dec -2798260 quick_dec -97501 nack_dec -676450
Flow Uec_8109_0 flowId 83 uecSrc 82 finished at 55442.9 total messages 1 total packets 4107 RTS 0 total bytes 16781202 in_flight now 0 fair_inc 0 prop_inc 0 fast_inc 0 eta_inc 2879943 multi_dec -2817230 quick_dec -65003 nack_dec -668150
Flow Uec_8094_0 flowId 98 uecSrc 97 finished at 55455.5 total messages 1 total packets 4107 RTS 0 total bytes 16781202 in_flight now 0 fair_inc 0 prop_inc 0 fast_inc 0 eta_inc 2883930 multi_dec -2819305 quick_dec -127870 nack_dec -655700
Flow Uec_8169_0 flowId 23 uecSrc 22 finished at 56503.4 total messages 1 total packets 4107 RTS 0 total bytes 16781202 in_flight now 0 fair_inc 0 prop_inc 0 fast_inc 0 eta_inc 2923800 multi_dec -2830928 quick_dec -125705 nack_dec -706156
Flow Uec_8148_0 flowId 44 uecSrc 43 finished at 56613.4 total messages 1 total packets 4107 RTS 0 total bytes 16781202 in_flight now 0 fair_inc 0 prop_inc 0 fast_inc 0 eta_inc 2917155 multi_dec -2795789 quick_dec -81578 nack_dec -767750
Flow Uec_8191_0 flowId 1 uecSrc 0 finished at 56757.8 total messages 1 total packets 4107 RTS 0 total bytes 16781202 in_flight now 0 fair_inc 0 prop_inc 14703 fast_inc 0 eta_inc 2930445 multi_dec -2828468 quick_dec -92061 nack_dec -722100
Flow Uec_8125_0 flowId 67 uecSrc 66 finished at 56804.6 total messages 1 total packets 4107 RTS 0 total bytes 16781202 in_flight now 0 fair_inc 11639 prop_inc 0 fast_inc 0 eta_inc 2933103 multi_dec -2828612 quick_dec -70463 nack_dec -722100
Flow Uec_8122_0 flowId 70 uecSrc 69 finished at 57055.9 total messages 1 total packets 4107 RTS 0 total bytes 16781202 in_flight now 0 fair_inc 0 prop_inc 0 fast_inc 0 eta_inc 2947722 multi_dec -2850196 quick_dec -86994 nack_dec -717950
Flow Uec_8132_0 flowId 60 uecSrc 59 finished at 59352.4 total messages 1 total packets 4107 RTS 0 total bytes 16781202 in_flight now 0 fair_inc 0 prop_inc 0 fast_inc 0 eta_inc 3032778 multi_dec -2895916 quick_dec -127536 nack_dec -875650
Flow Uec_8177_0 flowId 15 uecSrc 14 finished at 61008.2 total messages 1 total packets 4107 RTS 0 total bytes 16781202 in_flight now 0 fair_inc 0 prop_inc 0 fast_inc 0 eta_inc 3152388 multi_dec -3011874 quick_dec -104603 nack_dec -742850
Flow Uec_8112_0 flowId 80 uecSrc 79 finished at 61840.2 total messages 1 total packets 4107 RTS 0 total bytes 16781202 in_flight now 0 fair_inc 0 prop_inc 0 fast_inc 0 eta_inc 3169665 multi_dec -3044885 quick_dec -109609 nack_dec -921300
Flow Uec_8083_0 flowId 109 uecSrc 108 finished at 66419.7 total messages 1 total packets 4107 RTS 0 total bytes 16781202 in_flight now 0 fair_inc 5339 prop_inc 0 fast_inc 0 eta_inc 3434136 multi_dec -3340429 quick_dec -119855 nack_dec -776050
Flow Uec_8087_0 flowId 105 uecSrc 104 finished at 70551.7 total messages 1 total packets 4107 RTS 0 total bytes 16781202 in_flight now 0 fair_inc 0 prop_inc 0 fast_inc 0 eta_inc 3630828 multi_dec -3459385 quick_dec -136246 nack_dec -871500
Flow Uec_8090_0 flowId 102 uecSrc 101 finished at 74193.4 total messages 1 total packets 4107 RTS 0 total bytes 16781202 in_flight now 0 fair_inc 5614 prop_inc 0 fast_inc 0 eta_inc 3822204 multi_dec -3644308 quick_dec -127442 nack_dec -846600
Flow Uec_8172_0 flowId 20 uecSrc 19 finished at 74447.8 total messages 1 total packets 4107 RTS 0 total bytes 16781202 in_flight now 0 fair_inc 0 prop_inc 0 fast_inc 0 eta_inc 3864732 multi_dec -3715846 quick_dec -132490 nack_dec -755300
Flow Uec_8100_0 flowId 92 uecSrc 91 finished at 76392.1 total messages 1 total packets 4107 RTS 0 total bytes 16781202 in_flight now 0 fair_inc 0 prop_inc 0 fast_inc 0 eta_inc 3937827 multi_dec -3767675 quick_dec -95952 nack_dec -859050
Flow Uec_8075_0 flowId 117 uecSrc 116 finished at 76614 total messages 1 total packets 4107 RTS 0 total bytes 16781202 in_flight now 0 fair_inc 9879 prop_inc 0 fast_inc 0 eta_inc 3957762 multi_dec -3827351 quick_dec -126091 nack_dec -888100
Flow Uec_8188_0 flowId 4 uecSrc 3 finished at 77072.3 total messages 1 total packets 4107 RTS 0 total bytes 16781202 in_flight now 0 fair_inc 0 prop_inc 0 fast_inc 0 eta_inc 3987000 multi_dec -3814843 quick_dec -111674 nack_dec -830000
Flow Uec_8154_0 flowId 38 uecSrc 37 finished at 77902.2 total messages 1 total packets 4107 RTS 0 total bytes 16781202 in_flight now 0 fair_inc 5467 prop_inc 0 fast_inc 0 eta_inc 4026870 multi_dec -3871703 quick_dec -120541 nack_dec -821700
Flow Uec_8091_0 flowId 101 uecSrc 100 finished at 77971.4 total messages 1 total packets 4107 RTS 0 total bytes 16781202 in_flight now 0 fair_inc 15413 prop_inc 0 fast_inc 0 eta_inc 4045476 multi_dec -3889874 quick_dec -165717 nack_dec -788500
Flow Uec_8089_0 flowId 103 uecSrc 102 finished at 78131.8 total messages 1 total packets 4107 RTS 0 total bytes 16781202 in_flight now 0 fair_inc 0 prop_inc 0 fast_inc 0 eta_inc 4056108 multi_dec -3918334 quick_dec -123734 nack_dec -755300
Flow Uec_8187_0 flowId 5 uecSrc 4 finished at 78134.5 total messages 1 total packets 4107 RTS 0 total bytes 16781202 in_flight now 0 fair_inc 6084 prop_inc 0 fast_inc 0 eta_inc 4049463 multi_dec -3890528 quick_dec -97252 nack_dec -771900
Flow Uec_8130_0 flowId 62 uecSrc 61 finished at 78168.7 total messages 1 total packets 4107 RTS 0 total bytes 16781202 in_flight now 0 fair_inc 0 prop_inc 0 fast_inc 0 eta_inc 4040160 multi_dec -3850985 quick_dec -143721 nack_dec -825850
Flow Uec_8127_0 flowId 65 uecSrc 64 finished at 78189 total messages 1 total packets 4107 RTS 0 total bytes 16781202 in_flight now 0 fair_inc 15905 prop_inc 0 fast_inc 0 eta_inc 4066740 multi_dec -3956627 quick_dec -187302 nack_dec -796800
Flow Uec_8141_0 flowId 51 uecSrc 50 finished at 78722.4 total messages 1 total packets 4107 RTS 0 total bytes 16781202 in_flight now 0 fair_inc 9827 prop_inc 0 fast_inc 0 eta_inc 4068069 multi_dec -3901044 quick_dec -157874 nack_dec -904700
Flow Uec_8072_0 flowId 120 uecSrc 119 finished at 78789 total messages 1 total packets 4107 RTS 0 total bytes 16781202 in_flight now 0 fair_inc 0 prop_inc 0 fast_inc 0 eta_inc 4076043 multi_dec -3898755 quick_dec -135948 nack_dec -854900
Flow Uec_8066_0 flowId 126 uecSrc 125 finished at 78795.3 total messages 1 total packets 4107 RTS 0 total bytes 16781202 in_flight now 0 fair_inc 0 prop_inc 0 fast_inc 0 eta_inc 4085346 multi_dec -3928044 quick_dec -129884 nack_dec -796964
Flow Uec_8136_0 flowId 56 uecSrc 55 finished at 78972 total messages 1 total packets 4107 RTS 0 total bytes 16781202 in_flight now 0 fair_inc 0 prop_inc 0 fast_inc 0 eta_inc 4089333 multi_dec -3922035 quick_dec -80050 nack_dec -792650
Flow Uec_8079_0 flowId 113 uecSrc 112 finished at 79082.7 total messages 1 total packets 4107 RTS 0 total bytes 16781202 in_flight now 0 fair_inc 5870 prop_inc 0 fast_inc 0 eta_inc 4064082 multi_dec -3890160 quick_dec -161449 nack_dec -917150
Flow Uec_8121_0 flowId 71 uecSrc 70 finished at 79113.3 total messages 1 total packets 4107 RTS 0 total bytes 16781202 in_flight now 0 fair_inc 0 prop_inc 0 fast_inc 0 eta_inc 4069398 multi_dec -3863601 quick_dec -124478 nack_dec -937900
Flow Uec_8131_0 flowId 61 uecSrc 60 finished at 79126.4 total messages 1 total packets 4107 RTS 0 total bytes 16781202 in_flight now 0 fair_inc 6031 prop_inc 0 fast_inc 0 eta_inc 4084017 multi_dec -3925693 quick_dec -123208 nack_dec -879800
Flow Uec_8117_0 flowId 75 uecSrc 74 finished at 79383.9 total messages 1 total packets 4107 RTS 0 total bytes 16781202 in_flight now 0 fair_inc 0 prop_inc 0 fast_inc 0 eta_inc 4098636 multi_dec -3921180 quick_dec -97510 nack_dec -850750
Flow Uec_8137_0 flowId 55 uecSrc 54 finished at 79388.8 total messages 1 total packets 4107 RTS 0 total bytes 16781202 in_flight now 0 fair_inc 0 prop_inc 0 fast_inc 0 eta_inc 4088004 multi_dec -3908213 quick_dec -112900 nack_dec -946200
Flow Uec_8149_0 flowId 43 uecSrc 42 finished at 79502.3 total messages 1 total packets 4107 RTS 0 total bytes 16781202 in_flight now 0 fair_inc 0 prop_inc 0 fast_inc 0 eta_inc 4093320 multi_dec -3872529 quick_dec -95243 nack_dec -900550
Flow Uec_8106_0 flowId 86 uecSrc 85 finished at 79544.6 total messages 1 total packets 4107 RTS 0 total bytes 16781202 in_flight now 0 fair_inc 11562 prop_inc 0 fast_inc 0 eta_inc 4095978 multi_dec -3932036 quick_dec -109460 nack_dec -888100
Flow Uec_8084_0 flowId 108 uecSrc 107 finished at 79600.4 total messages 1 total packets 4107 RTS 0 total bytes 16781202 in_flight now 0 fair_inc 5617 prop_inc 0 fast_inc 0 eta_inc 4113255 multi_dec -3928037 quick_dec -116407 nack_dec -854900
Flow Uec_8081_0 flowId 111 uecSrc 110 finished at 79743.2 total messages 1 total packets 4107 RTS 0 total bytes 16781202 in_flight now 0 fair_inc 3794 prop_inc 0 fast_inc 0 eta_inc 4105281 multi_dec -3890396 quick_dec -152070 nack_dec -966950
Flow Uec_8160_0 flowId 32 uecSrc 31 finished at 79856.9 total messages 1 total packets 4107 RTS 0 total bytes 16781202 in_flight now 0 fair_inc 11624 prop_inc 0 fast_inc 0 eta_inc 4127874 multi_dec -3977542 quick_dec -151324 nack_dec -854900
Flow Uec_8101_0 flowId 91 uecSrc 90 finished at 80090.2 total messages 1 total packets 4107 RTS 0 total bytes 16781202 in_flight now 0 fair_inc 0 prop_inc 0 fast_inc 0 eta_inc 4121229 multi_dec -3889765 quick_dec -121728 nack_dec -917150
Flow Uec_8105_0 flowId 87 uecSrc 86 finished at 80322.1 total messages 1 total packets 4107 RTS 0 total bytes 16781202 in_flight now 0 fair_inc 0 prop_inc 0 fast_inc 0 eta_inc 4122558 multi_dec -3919844 quick_dec -75993 nack_dec -946200
Flow Uec_8110_0 flowId 82 uecSrc 81 finished at 80398.3 total messages 1 total packets 4107 RTS 0 total bytes 16781202 in_flight now 0 fair_inc 0 prop_inc 0 fast_inc 0 eta_inc 4142493 multi_dec -3936336 quick_dec -119114 nack_dec -913000
Flow Uec_8153_0 flowId 39 uecSrc 38 finished at 80701.4 total messages 1 total packets 4107 RTS 0 total bytes 16781202 in_flight now 0 fair_inc 0 prop_inc 0 fast_inc 0 eta_inc 4165086 multi_dec -3986525 quick_dec -130375 nack_dec -875650
Flow Uec_8076_0 flowId 116 uecSrc 115 finished at 81119.4 total messages 1 total packets 4107 RTS 0 total bytes 16781202 in_flight now 0 fair_inc 0 prop_inc 0 fast_inc 0 eta_inc 4173060 multi_dec -3989471 quick_dec -100113 nack_dec -942050
Flow Uec_8166_0 flowId 26 uecSrc 25 finished at 81435 total messages 1 total packets 4107 RTS 0 total bytes 16781202 in_flight now 0 fair_inc 6033 prop_inc 0 fast_inc 0 eta_inc 4227549 multi_dec -4100288 quick_dec -166846 nack_dec -813400
Flow Uec_8176_0 flowId 16 uecSrc 15 finished at 81816.5 total messages 1 total packets 4107 RTS 0 total bytes 16781202 in_flight now 0 fair_inc 5894 prop_inc 0 fast_inc 0 eta_inc 4210272 multi_dec -4022709 quick_dec -151622 nack_dec -900550
Flow Uec_8082_0 flowId 110 uecSrc 109 finished at 82494.4 total messages 1 total packets 4107 RTS 0 total bytes 16781202 in_flight now 0 fair_inc 12059 prop_inc 0 fast_inc 0 eta_inc 4252800 multi_dec -4048970 quick_dec -149527 nack_dec -954500
Flow Uec_8097_0 flowId 95 uecSrc 94 finished at 82826.3 total messages 1 total packets 4107 RTS 0 total bytes 16781202 in_flight now 0 fair_inc 4975 prop_inc 0 fast_inc 0 eta_inc 4296657 multi_dec -4158408 quick_dec -153861 nack_dec -817550
Flow Uec_8186_0 flowId 6 uecSrc 5 finished at 83155.8 total messages 1 total packets 4107 RTS 0 total bytes 16781202 in_flight now 0 fair_inc 12003 prop_inc 0 fast_inc 0 eta_inc 4299315 multi_dec -4144892 quick_dec -129695 nack_dec -879800
Flow Uec_8162_0 flowId 30 uecSrc 29 finished at 83888.5 total messages 1 total packets 4107 RTS 0 total bytes 16781202 in_flight now 0 fair_inc 6018 prop_inc 0 fast_inc 0 eta_inc 4324566 multi_dec -4114581 quick_dec -141701 nack_dec -937900
Flow Uec_8111_0 flowId 81 uecSrc 80 finished at 84051.5 total messages 1 total packets 4107 RTS 0 total bytes 16781202 in_flight now 0 fair_inc 0 prop_inc 0 fast_inc 0 eta_inc 4347159 multi_dec -4157472 quick_dec -151531 nack_dec -871500
Flow Uec_8145_0 flowId 47 uecSrc 46 finished at 84089.1 total messages 1 total packets 4107 RTS 0 total bytes 16781202 in_flight now 0 fair_inc 0 prop_inc 0 fast_inc 0 eta_inc 4331211 multi_dec -4112850 quick_dec -125209 nack_dec -942050
Flow Uec_8175_0 flowId 17 uecSrc 16 finished at 84189 total messages 1 total packets 4107 RTS 0 total bytes 16781202 in_flight now 0 fair_inc 0 prop_inc 240 fast_inc 0 eta_inc 4352475 multi_dec -4149960 quick_dec -173581 nack_dec -888100
Flow Uec_8182_0 flowId 10 uecSrc 9 finished at 84266 total messages 1 total packets 4107 RTS 0 total bytes 16781202 in_flight now 0 fair_inc 0 prop_inc 0 fast_inc 0 eta_inc 4353804 multi_dec -4146155 quick_dec -125575 nack_dec -867350
Flow Uec_8120_0 flowId 72 uecSrc 71 finished at 84318.7 total messages 1 total packets 4107 RTS 0 total bytes 16781202 in_flight now 0 fair_inc 9823 prop_inc 0 fast_inc 0 eta_inc 4377726 multi_dec -4204331 quick_dec -190890 nack_dec -809250
Flow Uec_8067_0 flowId 125 uecSrc 124 finished at 84418.8 total messages 1 total packets 4107 RTS 0 total bytes 16781202 in_flight now 0 fair_inc 13172 prop_inc 0 fast_inc 0 eta_inc 4372410 multi_dec -4174065 quick_dec -144419 nack_dec -850750
Flow Uec_8147_0 flowId 45 uecSrc 44 finished at 84492.8 total messages 1 total packets 4107 RTS 0 total bytes 16781202 in_flight now 0 fair_inc 12499 prop_inc 0 fast_inc 0 eta_inc 4416267 multi_dec -4323768 quick_dec -123444 nack_dec -730400
Flow Uec_8080_0 flowId 112 uecSrc 111 finished at 84544.6 total messages 1 total packets 4107 RTS 0 total bytes 16781202 in_flight now 0 fair_inc 0 prop_inc 0 fast_inc 0 eta_inc 4388358 multi_dec -4194806 quick_dec -139353 nack_dec -805100
Flow Uec_8159_0 flowId 33 uecSrc 32 finished at 84679.9 total messages 1 total packets 4107 RTS 0 total bytes 16781202 in_flight now 0 fair_inc 0 prop_inc 236 fast_inc 0 eta_inc 4410951 multi_dec -4226733 quick_dec -160106 nack_dec -755300
Flow Uec_8139_0 flowId 53 uecSrc 52 finished at 84771.6 total messages 1 total packets 4107 RTS 0 total bytes 16781202 in_flight now 0 fair_inc 0 prop_inc 0 fast_inc 0 eta_inc 4398990 multi_dec -4208225 quick_dec -156854 nack_dec -792650
Flow Uec_8143_0 flowId 49 uecSrc 48 finished at 84854 total messages 1 total packets 4107 RTS 0 total bytes 16781202 in_flight now 0 fair_inc 13067 prop_inc 0 fast_inc 0 eta_inc 4406964 multi_dec -4226263 quick_dec -177241 nack_dec -813400
Flow Uec_8184_0 flowId 8 uecSrc 7 finished at 84862.6 total messages 1 total packets 4107 RTS 0 total bytes 16781202 in_flight now 0 fair_inc 0 prop_inc 0 fast_inc 0 eta_inc 4398990 multi_dec -4163291 quick_dec -162107 nack_dec -854900
Flow Uec_8069_0 flowId 123 uecSrc 122 finished at 84863.1 total messages 1 total packets 4107 RTS 0 total bytes 16781202 in_flight now 0 fair_inc 11290 prop_inc 0 fast_inc 0 eta_inc 4404306 multi_dec -4251218 quick_dec -126947 nack_dec -846600
Flow Uec_8119_0 flowId 73 uecSrc 72 finished at 84918.7 total messages 1 total packets 4107 RTS 0 total bytes 16781202 in_flight now 0 fair_inc 11719 prop_inc 0 fast_inc 0 eta_inc 4400319 multi_dec -4254509 quick_dec -132419 nack_dec -863364
Flow Uec_8086_0 flowId 106 uecSrc 105 finished at 85053.9 total messages 1 total packets 4107 RTS 0 total bytes 16781202 in_flight now 0 fair_inc 12247 prop_inc 0 fast_inc 0 eta_inc 4393674 multi_dec -4188287 quick_dec -157071 nack_dec -883950
Flow Uec_8126_0 flowId 66 uecSrc 65 finished at 85247.6 total messages 1 total packets 4107 RTS 0 total bytes 16781202 in_flight now 0 fair_inc 17884 prop_inc 0 fast_inc 0 eta_inc 4445505 multi_dec -4309907 quick_dec -158997 nack_dec -738700
Flow Uec_8178_0 flowId 14 uecSrc 13 finished at 85313.4 total messages 1 total packets 4107 RTS 0 total bytes 16781202 in_flight now 0 fair_inc 9861 prop_inc 0 fast_inc 0 eta_inc 4421583 multi_dec -4248051 quick_dec -136155 nack_dec -850750
Flow Uec_8064_0 flowId 128 uecSrc 127 finished at 85437.6 total messages 1 total packets 4107 RTS 0 total bytes 16781202 in_flight now 0 fair_inc 23468 prop_inc 0 fast_inc 0 eta_inc 4433544 multi_dec -4315189 quick_dec -172794 nack_dec -850750
Flow Uec_8128_0 flowId 64 uecSrc 63 finished at 85605.7 total messages 1 total packets 4107 RTS 0 total bytes 16781202 in_flight now 0 fair_inc 25375 prop_inc 0 fast_inc 0 eta_inc 4437531 multi_dec -4244089 quick_dec -162067 nack_dec -892250
Flow Uec_8065_0 flowId 127 uecSrc 126 finished at 85711.9 total messages 1 total packets 4107 RTS 0 total bytes 16781202 in_flight now 0 fair_inc 24985 prop_inc 0 fast_inc 0 eta_inc 4440189 multi_dec -4298269 quick_dec -172851 nack_dec -854900
Flow Uec_8092_0 flowId 100 uecSrc 99 finished at 85901 total messages 1 total packets 4107 RTS 0 total bytes 16781202 in_flight now 0 fair_inc 6596 prop_inc 0 fast_inc 0 eta_inc 4480059 multi_dec -4320457 quick_dec -162612 nack_dec -780200
Flow Uec_8179_0 flowId 13 uecSrc 12 finished at 85991.7 total messages 1 total packets 4107 RTS 0 total bytes 16781202 in_flight now 0 fair_inc 6598 prop_inc 0 fast_inc 0 eta_inc 4458795 multi_dec -4253166 quick_dec -124623 nack_dec -842450
Flow Uec_8167_0 flowId 25 uecSrc 24 finished at 86109.6 total messages 1 total packets 4107 RTS 0 total bytes 16781202 in_flight now 0 fair_inc 45529 prop_inc 138 fast_inc 0 eta_inc 4480059 multi_dec -4342123 quick_dec -182423 nack_dec -842450
Flow Uec_8133_0 flowId 59 uecSrc 58 finished at 86195.3 total messages 1 total packets 4107 RTS 0 total bytes 16781202 in_flight now 0 fair_inc 19832 prop_inc 0 fast_inc 0 eta_inc 4485375 multi_dec -4352352 quick_dec -149556 nack_dec -800950
Flow Uec_8068_0 flowId 124 uecSrc 123 finished at 86310.3 total messages 1 total packets 4107 RTS 0 total bytes 16781202 in_flight now 0 fair_inc 67092 prop_inc 0 fast_inc 0 eta_inc 4444176 multi_dec -4260084 quick_dec -174366 nack_dec -996000
Flow Uec_8174_0 flowId 18 uecSrc 17 finished at 86318.1 total messages 1 total packets 4107 RTS 0 total bytes 16781202 in_flight now 0 fair_inc 6473 prop_inc 0 fast_inc 0 eta_inc 4456137 multi_dec -4218208 quick_dec -172634 nack_dec -933750
Flow Uec_8123_0 flowId 69 uecSrc 68 finished at 86389.4 total messages 1 total packets 4107 RTS 0 total bytes 16781202 in_flight now 0 fair_inc 19679 prop_inc 0 fast_inc 0 eta_inc 4486704 multi_dec -4339524 quick_dec -126342 nack_dec -846600
Flow Uec_8098_0 flowId 94 uecSrc 93 finished at 86442.5 total messages 1 total packets 4107 RTS 0 total bytes 16781202 in_flight now 0 fair_inc 25999 prop_inc 127 fast_inc 0 eta_inc 4505310 multi_dec -4393896 quick_dec -96253 nack_dec -767750
Flow Uec_8108_0 flowId 84 uecSrc 83 finished at 86443.3 total messages 1 total packets 4107 RTS 0 total bytes 16781202 in_flight now 0 fair_inc 37745 prop_inc 128 fast_inc 0 eta_inc 4493349 multi_dec -4341589 quick_dec -133514 nack_dec -805100
Flow Uec_8180_0 flowId 12 uecSrc 11 finished at 86528.4 total messages 1 total packets 4107 RTS 0 total bytes 16781202 in_flight now 0 fair_inc 37010 prop_inc 0 fast_inc 0 eta_inc 4448163 multi_dec -4210778 quick_dec -168592 nack_dec -996164
Flow Uec_8156_0 flowId 36 uecSrc 35 finished at 86608.4 total messages 1 total packets 4107 RTS 0 total bytes 16781202 in_flight now 0 fair_inc 78143 prop_inc 0 fast_inc 0 eta_inc 4477401 multi_dec -4264093 quick_dec -207673 nack_dec -983878
Flow Uec_8181_0 flowId 11 uecSrc 10 finished at 86641.6 total messages 1 total packets 4107 RTS 0 total bytes 16781202 in_flight now 0 fair_inc 26054 prop_inc 734 fast_inc 0 eta_inc 4503981 multi_dec -4343052 quick_dec -129553 nack_dec -825850
Flow Uec_8099_0 flowId 93 uecSrc 92 finished at 86660.6 total messages 1 total packets 4107 RTS 0 total bytes 16781202 in_flight now 0 fair_inc 37050 prop_inc 0 fast_inc 0 eta_inc 4501323 multi_dec -4316386 quick_dec -188191 nack_dec -871500
Flow Uec_8085_0 flowId 107 uecSrc 106 finished at 86703.9 total messages 1 total packets 4107 RTS 0 total bytes 16781202 in_flight now 0 fair_inc 25657 prop_inc 733 fast_inc 0 eta_inc 4499994 multi_dec -4360080 quick_dec -123884 nack_dec -871500
Flow Uec_8124_0 flowId 68 uecSrc 67 finished at 86737.4 total messages 1 total packets 4107 RTS 0 total bytes 16781202 in_flight now 0 fair_inc 27569 prop_inc 0 fast_inc 0 eta_inc 4474743 multi_dec -4244546 quick_dec -146363 nack_dec -929764
Flow Uec_8114_0 flowId 78 uecSrc 77 finished at 86754.8 total messages 1 total packets 4107 RTS 0 total bytes 16781202 in_flight now 0 fair_inc 52336 prop_inc 2368 fast_inc 0 eta_inc 4497336 multi_dec -4333585 quick_dec -159049 nack_dec -871500
Flow Uec_8146_0 flowId 46 uecSrc 45 finished at 86829.7 total messages 1 total packets 4107 RTS 0 total bytes 16781202 in_flight now 0 fair_inc 6723 prop_inc 0 fast_inc 0 eta_inc 4513284 multi_dec -4315230 quick_dec -146878 nack_dec -842450
Flow Uec_8173_0 flowId 19 uecSrc 18 finished at 86861.9 total messages 1 total packets 4107 RTS 0 total bytes 16781202 in_flight now 0 fair_inc 31627 prop_inc 1679 fast_inc 0 eta_inc 4503981 multi_dec -4327861 quick_dec -116909 nack_dec -834150
Flow Uec_8071_0 flowId 121 uecSrc 120 finished at 86880.1 total messages 1 total packets 4107 RTS 0 total bytes 16781202 in_flight now 0 fair_inc 27754 prop_inc 1155 fast_inc 0 eta_inc 4510626 multi_dec -4322598 quick_dec -144859 nack_dec -834150
Flow Uec_8095_0 flowId 97 uecSrc 96 finished at 86890.4 total messages 1 total packets 4107 RTS 0 total bytes 16781202 in_flight now 0 fair_inc 21921 prop_inc 652 fast_inc 0 eta_inc 4492020 multi_dec -4276215 quick_dec -170895 nack_dec -987700
Flow Uec_8116_0 flowId 76 uecSrc 75 finished at 86901.7 total messages 1 total packets 4107 RTS 0 total bytes 16781202 in_flight now 0 fair_inc 21868 prop_inc 1086 fast_inc 0 eta_inc 4501323 multi_dec -4274363 quick_dec -176164 nack_dec -900550
Flow Uec_8104_0 flowId 88 uecSrc 87 finished at 86929.8 total messages 1 total packets 4107 RTS 0 total bytes 16781202 in_flight now 0 fair_inc 51755 prop_inc 444 fast_inc 0 eta_inc 4493349 multi_dec -4298690 quick_dec -178465 nack_dec -913000
Flow Uec_8142_0 flowId 50 uecSrc 49 finished at 86941.6 total messages 1 total packets 4107 RTS 0 total bytes 16781202 in_flight now 0 fair_inc 58175 prop_inc 0 fast_inc 0 eta_inc 4514613 multi_dec -4341690 quick_dec -241149 nack_dec -900550
Flow Uec_8118_0 flowId 74 uecSrc 73 finished at 86959 total messages 1 total packets 4107 RTS 0 total bytes 16781202 in_flight now 0 fair_inc 59436 prop_inc 907 fast_inc 0 eta_inc 4521258 multi_dec -4386732 quick_dec -145417 nack_dec -838300
Flow Uec_8070_0 flowId 122 uecSrc 121 finished at 87020.7 total messages 1 total packets 4107 RTS 0 total bytes 16781202 in_flight now 0 fair_inc 51110 prop_inc 1658 fast_inc 0 eta_inc 4507968 multi_dec -4309631 quick_dec -215385 nack_dec -917314
Flow Uec_8134_0 flowId 58 uecSrc 57 finished at 87022 total messages 1 total packets 4107 RTS 0 total bytes 16781202 in_flight now 0 fair_inc 64922 prop_inc 0 fast_inc 0 eta_inc 4480059 multi_dec -4215460 quick_dec -216971 nack_dec -1033350
Flow Uec_8107_0 flowId 85 uecSrc 84 finished at 87026.7 total messages 1 total packets 4107 RTS 0 total bytes 16781202 in_flight now 0 fair_inc 44345 prop_inc 830 fast_inc 0 eta_inc 4530561 multi_dec -4356138 quick_dec -138630 nack_dec -817550
Flow Uec_8113_0 flowId 79 uecSrc 78 finished at 87029.5 total messages 1 total packets 4107 RTS 0 total bytes 16781202 in_flight now 0 fair_inc 59673 prop_inc 1165 fast_inc 0 eta_inc 4501323 multi_dec -4374794 quick_dec -226032 nack_dec -971100
Flow Uec_8171_0 flowId 21 uecSrc 20 finished at 87033.3 total messages 1 total packets 4107 RTS 0 total bytes 16781202 in_flight now 0 fair_inc 24840 prop_inc 1148 fast_inc 0 eta_inc 4531890 multi_dec -4339552 quick_dec -170969 nack_dec -796800
Flow Uec_8073_0 flowId 119 uecSrc 118 finished at 87038.6 total messages 1 total packets 4107 RTS 0 total bytes 16781202 in_flight now 0 fair_inc 41223 prop_inc 1626 fast_inc 0 eta_inc 4506639 multi_dec -4283896 quick_dec -135783 nack_dec -879800
Flow Uec_8158_0 flowId 34 uecSrc 33 finished at 87070.5 total messages 1 total packets 4107 RTS 0 total bytes 16781202 in_flight now 0 fair_inc 32233 prop_inc 13595 fast_inc 0 eta_inc 4530561 multi_dec -4300492 quick_dec -231012 nack_dec -846600
Flow Uec_8155_0 flowId 37 uecSrc 36 finished at 87078.8 total messages 1 total packets 4107 RTS 0 total bytes 16781202 in_flight now 0 fair_inc 44395 prop_inc 15053 fast_inc 0 eta_inc 4490691 multi_dec -4303806 quick_dec -140588 nack_dec -958650
Flow Uec_8102_0 flowId 90 uecSrc 89 finished at 87098.5 total messages 1 total packets 4107 RTS 0 total bytes 16781202 in_flight now 0 fair_inc 31475 prop_inc 12760 fast_inc 0 eta_inc 4518600 multi_dec -4347909 quick_dec -129868 nack_dec -888100
Flow Uec_8077_0 flowId 115 uecSrc 114 finished at 87106.6 total messages 1 total packets 4107 RTS 0 total bytes 16781202 in_flight now 0 fair_inc 54018 prop_inc 17602 fast_inc 0 eta_inc 4477401 multi_dec -4218698 quick_dec -254400 nack_dec -1054100
Flow Uec_8078_0 flowId 114 uecSrc 113 finished at 87109.9 total messages 1 total packets 4107 RTS 0 total bytes 16781202 in_flight now 0 fair_inc 48856 prop_inc 11543 fast_inc 0 eta_inc 4531890 multi_dec -4367531 quick_dec -226928 nack_dec -879800
Flow Uec_8190_0 flowId 2 uecSrc 1 finished at 87114.9 total messages 1 total packets 4107 RTS 0 total bytes 16781202 in_flight now 0 fair_inc 42192 prop_inc 10020 fast_inc 0 eta_inc 4519929 multi_dec -4330735 quick_dec -198197 nack_dec -913000
Flow Uec_8088_0 flowId 104 uecSrc 103 finished at 87145.3 total messages 1 total packets 4107 RTS 0 total bytes 16781202 in_flight now 0 fair_inc 26417 prop_inc 6488 fast_inc 0 eta_inc 4513284 multi_dec -4296088 quick_dec -189401 nack_dec -913000
Flow Uec_8164_0 flowId 28 uecSrc 27 finished at 87181.2 total messages 1 total packets 4107 RTS 0 total bytes 16781202 in_flight now 0 fair_inc 39805 prop_inc 15556 fast_inc 0 eta_inc 4511955 multi_dec -4346418 quick_dec -163847 nack_dec -933750
Flow Uec_8152_0 flowId 40 uecSrc 39 finished at 87195.6 total messages 1 total packets 4107 RTS 0 total bytes 16781202 in_flight now 0 fair_inc 5944 prop_inc 19194 fast_inc 0 eta_inc 4530561 multi_dec -4336989 quick_dec -111680 nack_dec -842450
Flow Uec_8135_0 flowId 57 uecSrc 56 finished at 87203.1 total messages 1 total packets 4107 RTS 0 total bytes 16781202 in_flight now 0 fair_inc 33716 prop_inc 8774 fast_inc 0 eta_inc 4492020 multi_dec -4214035 quick_dec -205182 nack_dec -1012600
Flow Uec_8163_0 flowId 29 uecSrc 28 finished at 87207.1 total messages 1 total packets 4107 RTS 0 total bytes 16781202 in_flight now 0 fair_inc 32785 prop_inc 19348 fast_inc 0 eta_inc 4545180 multi_dec -4362430 quick_dec -226754 nack_dec -838300
Flow Uec_8185_0 flowId 7 uecSrc 6 finished at 87223.7 total messages 1 total packets 4107 RTS 0 total bytes 16781202 in_flight now 0 fair_inc 56203 prop_inc 15105 fast_inc 0 eta_inc 4513284 multi_dec -4354248 quick_dec -162114 nack_dec -921300
Flow Uec_8168_0 flowId 24 uecSrc 23 finished at 87239.6 total messages 1 total packets 4107 RTS 0 total bytes 16781202 in_flight now 0 fair_inc 46501 prop_inc 17742 fast_inc 0 eta_inc 4515942 multi_dec -4289354 quick_dec -153989 nack_dec -929600
Flow Uec_8138_0 flowId 54 uecSrc 53 finished at 87241 total messages 1 total packets 4107 RTS 0 total bytes 16781202 in_flight now 0 fair_inc 38733 prop_inc 12255 fast_inc 0 eta_inc 4518600 multi_dec -4279593 quick_dec -204049 nack_dec -917150
Flow Uec_8170_0 flowId 22 uecSrc 21 finished at 87259.4 total messages 1 total packets 4107 RTS 0 total bytes 16781202 in_flight now 0 fair_inc 27694 prop_inc 30589 fast_inc 0 eta_inc 4538535 multi_dec -4328732 quick_dec -210472 nack_dec -859050
Flow Uec_8157_0 flowId 35 uecSrc 34 finished at 87287.1 total messages 1 total packets 4107 RTS 0 total bytes 16781202 in_flight now 0 fair_inc 15300 prop_inc 33729 fast_inc 0 eta_inc 4525245 multi_dec -4324784 quick_dec -172010 nack_dec -917150
Flow Uec_8129_0 flowId 63 uecSrc 62 finished at 87296.1 total messages 1 total packets 4107 RTS 0 total bytes 16781202 in_flight now 0 fair_inc 21764 prop_inc 35102 fast_inc 0 eta_inc 4531890 multi_dec -4331900 quick_dec -148162 nack_dec -900550
Flow Uec_8093_0 flowId 99 uecSrc 98 finished at 87296.6 total messages 1 total packets 4107 RTS 0 total bytes 16781202 in_flight now 0 fair_inc 37337 prop_inc 42267 fast_inc 0 eta_inc 4553154 multi_dec -4377992 quick_dec -181550 nack_dec -788500
Flow Uec_8183_0 flowId 9 uecSrc 8 finished at 87299.8 total messages 1 total packets 4107 RTS 0 total bytes 16781202 in_flight now 0 fair_inc 26050 prop_inc 36795 fast_inc 0 eta_inc 4541193 multi_dec -4340405 quick_dec -191564 nack_dec -846600
Flow Uec_8161_0 flowId 31 uecSrc 30 finished at 87302.4 total messages 1 total packets 4107 RTS 0 total bytes 16781202 in_flight now 0 fair_inc 32308 prop_inc 42392 fast_inc 0 eta_inc 4514613 multi_dec -4294760 quick_dec -162953 nack_dec -917150
Flow Uec_8103_0 flowId 89 uecSrc 88 finished at 87321.6 total messages 1 total packets 4107 RTS 0 total bytes 16781202 in_flight now 0 fair_inc 21969 prop_inc 65337 fast_inc 29334 eta_inc 4499994 multi_dec -4260794 quick_dec -151304 nack_dec -1008450
Flow Uec_8165_0 flowId 27 uecSrc 26 finished at 87328.1 total messages 1 total packets 4107 RTS 0 total bytes 16781202 in_flight now 0 fair_inc 13034 prop_inc 91341 fast_inc 0 eta_inc 4518600 multi_dec -4290349 quick_dec -185996 nack_dec -942050
Flow Uec_8151_0 flowId 41 uecSrc 40 finished at 87341.3 total messages 1 total packets 4107 RTS 0 total bytes 16781202 in_flight now 0 fair_inc 6238 prop_inc 59946 fast_inc 92326 eta_inc 4522587 multi_dec -4263205 quick_dec -164776 nack_dec -933750
New: 525696 Rtx: 26387 RTS: 0 Bounced: 0 ACKs: 525460 NACKs: 26383 Pulls: 0 sleek_pkts: 0
SPURIOUS_COUNT 4
