Flow Uec_8057_0 flowId 125 uecSrc 124 finished at 4208.49 total messages 1 total packets 257 RTS 0 total bytes 1050102 in_flight now 0 fair_inc 0 prop_inc 0 fast_inc 0 eta_inc 191376 multi_dec -143240 quick_dec -207137 nack_dec -564400
Flow Uec_3940_0 flowId 104 uecSrc 103 finished at 4214.73 total messages 1 total packets 257 RTS 0 total bytes 1050102 in_flight now 0 fair_inc 0 prop_inc 0 fast_inc 0 eta_inc 190047 multi_dec -144381 quick_dec -200883 nack_dec -560250
Flow Uec_511_0 flowId 66 uecSrc 65 finished at 4268.12 total messages 1 total packets 257 RTS 0 total bytes 1050102 in_flight now 0 fair_inc 0 prop_inc 0 fast_inc 0 eta_inc 196692 multi_dec -152963 quick_dec -193942 nack_dec -547800
Flow Uec_285_0 flowId 96 uecSrc 95 finished at 4323.18 total messages 1 total packets 257 RTS 0 total bytes 1050102 in_flight now 0 fair_inc 0 prop_inc 0 fast_inc 0 eta_inc 202008 multi_dec -154283 quick_dec -149802 nack_dec -543650
Flow Uec_5221_0 flowId 26 uecSrc 25 finished at 4390.04 total messages 1 total packets 257 RTS 0 total bytes 1050102 in_flight now 0 fair_inc 0 prop_inc 0 fast_inc 0 eta_inc 191376 multi_dec -143496 quick_dec -189328 nack_dec -601750
Flow Uec_6102_0 flowId 60 uecSrc 59 finished at 4447.1 total messages 1 total packets 257 RTS 0 total bytes 1050102 in_flight now 0 fair_inc 0 prop_inc 0 fast_inc 0 eta_inc 208653 multi_dec -154073 quick_dec -221308 nack_dec -572700
Flow Uec_4648_0 flowId 94 uecSrc 93 finished at 4529.37 total messages 1 total packets 257 RTS 0 total bytes 1050102 in_flight now 0 fair_inc 0 prop_inc 0 fast_inc 0 eta_inc 205995 multi_dec -149546 quick_dec -205668 nack_dec -593450
Flow Uec_1700_0 flowId 105 uecSrc 104 finished at 4538.61 total messages 1 total packets 257 RTS 0 total bytes 1050102 in_flight now 0 fair_inc 0 prop_inc 0 fast_inc 0 eta_inc 207324 multi_dec -147473 quick_dec -188645 nack_dec -564400
Flow Uec_2021_0 flowId 57 uecSrc 56 finished at 4548.01 total messages 1 total packets 257 RTS 0 total bytes 1050102 in_flight now 0 fair_inc 0 prop_inc 0 fast_inc 0 eta_inc 203337 multi_dec -148802 quick_dec -162334 nack_dec -589300
Flow Uec_4276_0 flowId 123 uecSrc 122 finished at 4548.78 total messages 1 total packets 257 RTS 0 total bytes 1050102 in_flight now 0 fair_inc 0 prop_inc 0 fast_inc 0 eta_inc 211311 multi_dec -153815 quick_dec -204230 nack_dec -551950
Flow Uec_2773_0 flowId 54 uecSrc 53 finished at 4575.61 total messages 1 total packets 257 RTS 0 total bytes 1050102 in_flight now 0 fair_inc 0 prop_inc 0 fast_inc 0 eta_inc 216627 multi_dec -175212 quick_dec -139705 nack_dec -527050
Flow Uec_6939_0 flowId 95 uecSrc 94 finished at 4593.97 total messages 1 total packets 257 RTS 0 total bytes 1050102 in_flight now 0 fair_inc 0 prop_inc 0 fast_inc 0 eta_inc 207324 multi_dec -161296 quick_dec -199842 nack_dec -572700
Flow Uec_2585_0 flowId 98 uecSrc 97 finished at 4598.72 total messages 1 total packets 257 RTS 0 total bytes 1050102 in_flight now 0 fair_inc 0 prop_inc 0 fast_inc 0 eta_inc 211311 multi_dec -156302 quick_dec -160678 nack_dec -593450
Flow Uec_5497_0 flowId 118 uecSrc 117 finished at 4614.93 total messages 1 total packets 257 RTS 0 total bytes 1050102 in_flight now 0 fair_inc 0 prop_inc 0 fast_inc 0 eta_inc 202008 multi_dec -157081 quick_dec -152879 nack_dec -593450
Flow Uec_1173_0 flowId 87 uecSrc 86 finished at 4642.43 total messages 1 total packets 257 RTS 0 total bytes 1050102 in_flight now 0 fair_inc 0 prop_inc 0 fast_inc 0 eta_inc 205995 multi_dec -151707 quick_dec -198516 nack_dec -618350
Flow Uec_3540_0 flowId 14 uecSrc 13 finished at 4713.75 total messages 1 total packets 257 RTS 0 total bytes 1050102 in_flight now 0 fair_inc 0 prop_inc 0 fast_inc 0 eta_inc 227259 multi_dec -190435 quick_dec -194091 nack_dec -535350
Flow Uec_4470_0 flowId 10 uecSrc 9 finished at 4736.43 total messages 1 total packets 257 RTS 0 total bytes 1050102 in_flight now 0 fair_inc 12824 prop_inc 0 fast_inc 0 eta_inc 227259 multi_dec -209915 quick_dec -152916 nack_dec -531200
Flow Uec_1149_0 flowId 58 uecSrc 57 finished at 4746.83 total messages 1 total packets 257 RTS 0 total bytes 1050102 in_flight now 0 fair_inc 0 prop_inc 0 fast_inc 0 eta_inc 227259 multi_dec -186183 quick_dec -188918 nack_dec -539500
Flow Uec_894_0 flowId 106 uecSrc 105 finished at 4751.58 total messages 1 total packets 257 RTS 0 total bytes 1050102 in_flight now 0 fair_inc 0 prop_inc 0 fast_inc 0 eta_inc 215298 multi_dec -169836 quick_dec -193964 nack_dec -581000
Flow Uec_4139_0 flowId 113 uecSrc 112 finished at 4801.46 total messages 1 total packets 257 RTS 0 total bytes 1050102 in_flight now 0 fair_inc 0 prop_inc 0 fast_inc 0 eta_inc 229917 multi_dec -192040 quick_dec -173043 nack_dec -535350
Flow Uec_4574_0 flowId 47 uecSrc 46 finished at 4824.48 total messages 1 total packets 257 RTS 0 total bytes 1050102 in_flight now 0 fair_inc 6036 prop_inc 0 fast_inc 0 eta_inc 223272 multi_dec -183928 quick_dec -195806 nack_dec -551950
Flow Uec_8008_0 flowId 27 uecSrc 26 finished at 4836.04 total messages 1 total packets 257 RTS 0 total bytes 1050102 in_flight now 0 fair_inc 0 prop_inc 0 fast_inc 0 eta_inc 223272 multi_dec -172382 quick_dec -181200 nack_dec -572700
Flow Uec_6251_0 flowId 92 uecSrc 91 finished at 4837.31 total messages 1 total packets 257 RTS 0 total bytes 1050102 in_flight now 0 fair_inc 0 prop_inc 0 fast_inc 0 eta_inc 204666 multi_dec -143461 quick_dec -180279 nack_dec -625124
Flow Uec_5215_0 flowId 111 uecSrc 110 finished at 4837.42 total messages 1 total packets 257 RTS 0 total bytes 1050102 in_flight now 0 fair_inc 0 prop_inc 0 fast_inc 0 eta_inc 212640 multi_dec -163718 quick_dec -166511 nack_dec -604374
Flow Uec_5869_0 flowId 65 uecSrc 64 finished at 4843.33 total messages 1 total packets 257 RTS 0 total bytes 1050102 in_flight now 0 fair_inc 5586 prop_inc 0 fast_inc 0 eta_inc 235233 multi_dec -213985 quick_dec -219069 nack_dec -537974
Flow Uec_3739_0 flowId 63 uecSrc 62 finished at 4876.8 total messages 1 total packets 257 RTS 0 total bytes 1050102 in_flight now 0 fair_inc 5655 prop_inc 0 fast_inc 0 eta_inc 231246 multi_dec -192015 quick_dec -236518 nack_dec -572700
Flow Uec_299_0 flowId 126 uecSrc 125 finished at 4878.07 total messages 1 total packets 257 RTS 0 total bytes 1050102 in_flight now 0 fair_inc 0 prop_inc 0 fast_inc 0 eta_inc 229917 multi_dec -193242 quick_dec -175436 nack_dec -547800
Flow Uec_3590_0 flowId 99 uecSrc 98 finished at 4907.22 total messages 1 total packets 257 RTS 0 total bytes 1050102 in_flight now 0 fair_inc 0 prop_inc 0 fast_inc 0 eta_inc 231246 multi_dec -188275 quick_dec -144896 nack_dec -581000
Flow Uec_4088_0 flowId 116 uecSrc 115 finished at 4910.15 total messages 1 total packets 257 RTS 0 total bytes 1050102 in_flight now 0 fair_inc 0 prop_inc 0 fast_inc 0 eta_inc 225930 multi_dec -187125 quick_dec -173826 nack_dec -576850
Flow Uec_1981_0 flowId 97 uecSrc 96 finished at 4960.22 total messages 1 total packets 257 RTS 0 total bytes 1050102 in_flight now 0 fair_inc 0 prop_inc 0 fast_inc 0 eta_inc 227259 multi_dec -180120 quick_dec -183730 nack_dec -581000
Flow Uec_5075_0 flowId 93 uecSrc 92 finished at 4966.97 total messages 1 total packets 257 RTS 0 total bytes 1050102 in_flight now 0 fair_inc 0 prop_inc 0 fast_inc 0 eta_inc 235233 multi_dec -206771 quick_dec -137769 nack_dec -547800
Flow Uec_5487_0 flowId 81 uecSrc 80 finished at 4987.16 total messages 1 total packets 257 RTS 0 total bytes 1050102 in_flight now 0 fair_inc 0 prop_inc 0 fast_inc 0 eta_inc 229917 multi_dec -188046 quick_dec -160653 nack_dec -572700
Flow Uec_7000_0 flowId 34 uecSrc 33 finished at 5008.01 total messages 1 total packets 257 RTS 0 total bytes 1050102 in_flight now 0 fair_inc 0 prop_inc 0 fast_inc 0 eta_inc 245865 multi_dec -215606 quick_dec -156981 nack_dec -535350
Flow Uec_1749_0 flowId 31 uecSrc 30 finished at 5018.58 total messages 1 total packets 257 RTS 0 total bytes 1050102 in_flight now 0 fair_inc 0 prop_inc 0 fast_inc 0 eta_inc 245865 multi_dec -220819 quick_dec -200882 nack_dec -543650
Flow Uec_6403_0 flowId 35 uecSrc 34 finished at 5079.93 total messages 1 total packets 257 RTS 0 total bytes 1050102 in_flight now 0 fair_inc 0 prop_inc 0 fast_inc 0 eta_inc 245865 multi_dec -207001 quick_dec -190774 nack_dec -527050
Flow Uec_1884_0 flowId 25 uecSrc 24 finished at 5107.59 total messages 1 total packets 257 RTS 0 total bytes 1050102 in_flight now 0 fair_inc 0 prop_inc 0 fast_inc 0 eta_inc 232575 multi_dec -186395 quick_dec -179409 nack_dec -564400
Flow Uec_6283_0 flowId 44 uecSrc 43 finished at 5109.36 total messages 1 total packets 257 RTS 0 total bytes 1050102 in_flight now 0 fair_inc 0 prop_inc 0 fast_inc 0 eta_inc 245865 multi_dec -199965 quick_dec -189269 nack_dec -539500
Flow Uec_3292_0 flowId 73 uecSrc 72 finished at 5117.1 total messages 1 total packets 257 RTS 0 total bytes 1050102 in_flight now 0 fair_inc 0 prop_inc 0 fast_inc 0 eta_inc 236562 multi_dec -203207 quick_dec -178359 nack_dec -568550
Flow Uec_7432_0 flowId 16 uecSrc 15 finished at 5139.78 total messages 1 total packets 257 RTS 0 total bytes 1050102 in_flight now 0 fair_inc 6046 prop_inc 0 fast_inc 0 eta_inc 235233 multi_dec -210543 quick_dec -169311 nack_dec -605900
Flow Uec_1535_0 flowId 108 uecSrc 107 finished at 5143.21 total messages 1 total packets 257 RTS 0 total bytes 1050102 in_flight now 0 fair_inc 0 prop_inc 0 fast_inc 0 eta_inc 248523 multi_dec -202351 quick_dec -182913 nack_dec -556100
Flow Uec_7362_0 flowId 88 uecSrc 87 finished at 5167.88 total messages 1 total packets 257 RTS 0 total bytes 1050102 in_flight now 0 fair_inc 0 prop_inc 0 fast_inc 0 eta_inc 253839 multi_dec -222528 quick_dec -169067 nack_dec -522900
Flow Uec_1611_0 flowId 59 uecSrc 58 finished at 5177.45 total messages 1 total packets 257 RTS 0 total bytes 1050102 in_flight now 0 fair_inc 0 prop_inc 0 fast_inc 0 eta_inc 255168 multi_dec -227510 quick_dec -186374 nack_dec -527050
Flow Uec_1072_0 flowId 110 uecSrc 109 finished at 5189.17 total messages 1 total packets 257 RTS 0 total bytes 1050102 in_flight now 0 fair_inc 0 prop_inc 0 fast_inc 0 eta_inc 255168 multi_dec -221831 quick_dec -189930 nack_dec -535350
Flow Uec_245_0 flowId 37 uecSrc 36 finished at 5189.26 total messages 1 total packets 257 RTS 0 total bytes 1050102 in_flight now 0 fair_inc 0 prop_inc 15717 fast_inc 0 eta_inc 256497 multi_dec -216974 quick_dec --3528 nack_dec -551950
Flow Uec_909_0 flowId 6 uecSrc 5 finished at 5214.12 total messages 1 total packets 257 RTS 0 total bytes 1050102 in_flight now 0 fair_inc 0 prop_inc 0 fast_inc 0 eta_inc 263142 multi_dec -250246 quick_dec -164703 nack_dec -502150
Flow Uec_1462_0 flowId 114 uecSrc 113 finished at 5222.85 total messages 1 total packets 257 RTS 0 total bytes 1050102 in_flight now 0 fair_inc 0 prop_inc 0 fast_inc 0 eta_inc 248523 multi_dec -203048 quick_dec -175730 nack_dec -560250
Flow Uec_1009_0 flowId 33 uecSrc 32 finished at 5225.95 total messages 1 total packets 257 RTS 0 total bytes 1050102 in_flight now 0 fair_inc 5555 prop_inc 0 fast_inc 0 eta_inc 253839 multi_dec -218261 quick_dec -183652 nack_dec -564400
Flow Uec_130_0 flowId 70 uecSrc 69 finished at 5258.08 total messages 1 total packets 257 RTS 0 total bytes 1050102 in_flight now 0 fair_inc 0 prop_inc 31092 fast_inc 0 eta_inc 275103 multi_dec -238102 quick_dec -28040 nack_dec -502150
Flow Uec_6302_0 flowId 91 uecSrc 90 finished at 5261.85 total messages 1 total packets 257 RTS 0 total bytes 1050102 in_flight now 0 fair_inc 0 prop_inc 0 fast_inc 0 eta_inc 257826 multi_dec -221753 quick_dec -218519 nack_dec -535350
Flow Uec_154_0 flowId 21 uecSrc 20 finished at 5263.6 total messages 1 total packets 257 RTS 0 total bytes 1050102 in_flight now 0 fair_inc 0 prop_inc 21077 fast_inc 0 eta_inc 264471 multi_dec -218282 quick_dec -27217 nack_dec -506300
Flow Uec_3400_0 flowId 29 uecSrc 28 finished at 5276.33 total messages 1 total packets 257 RTS 0 total bytes 1050102 in_flight now 0 fair_inc 0 prop_inc 0 fast_inc 0 eta_inc 259155 multi_dec -234315 quick_dec -198694 nack_dec -518750
Flow Uec_1247_0 flowId 122 uecSrc 121 finished at 5292.21 total messages 1 total packets 257 RTS 0 total bytes 1050102 in_flight now 0 fair_inc 0 prop_inc 0 fast_inc 0 eta_inc 255168 multi_dec -210361 quick_dec -171902 nack_dec -535350
Flow Uec_2424_0 flowId 72 uecSrc 71 finished at 5292.65 total messages 1 total packets 257 RTS 0 total bytes 1050102 in_flight now 0 fair_inc 0 prop_inc 0 fast_inc 0 eta_inc 257826 multi_dec -224999 quick_dec -187913 nack_dec -539500
Flow Uec_5759_0 flowId 52 uecSrc 51 finished at 5298.23 total messages 1 total packets 257 RTS 0 total bytes 1050102 in_flight now 0 fair_inc 0 prop_inc 0 fast_inc 0 eta_inc 251181 multi_dec -212118 quick_dec -170484 nack_dec -564400
Flow Uec_3591_0 flowId 5 uecSrc 4 finished at 5299.33 total messages 1 total packets 257 RTS 0 total bytes 1050102 in_flight now 0 fair_inc 0 prop_inc 0 fast_inc 0 eta_inc 256497 multi_dec -217667 quick_dec -183454 nack_dec -535350
Flow Uec_6111_0 flowId 90 uecSrc 89 finished at 5299.93 total messages 1 total packets 257 RTS 0 total bytes 1050102 in_flight now 0 fair_inc 0 prop_inc 0 fast_inc 0 eta_inc 256497 multi_dec -222256 quick_dec -193801 nack_dec -531200
Flow Uec_5896_0 flowId 32 uecSrc 31 finished at 5305.52 total messages 1 total packets 257 RTS 0 total bytes 1050102 in_flight now 0 fair_inc 5558 prop_inc 0 fast_inc 0 eta_inc 248523 multi_dec -232803 quick_dec -190351 nack_dec -585150
Flow Uec_2541_0 flowId 46 uecSrc 45 finished at 5309.27 total messages 1 total packets 257 RTS 0 total bytes 1050102 in_flight now 0 fair_inc 6056 prop_inc 0 fast_inc 0 eta_inc 252510 multi_dec -245089 quick_dec -159671 nack_dec -572700
Flow Uec_1764_0 flowId 85 uecSrc 84 finished at 5313.69 total messages 1 total packets 257 RTS 0 total bytes 1050102 in_flight now 0 fair_inc 0 prop_inc 0 fast_inc 0 eta_inc 253839 multi_dec -228673 quick_dec -165896 nack_dec -551950
Flow Uec_5891_0 flowId 71 uecSrc 70 finished at 5314.96 total messages 1 total packets 257 RTS 0 total bytes 1050102 in_flight now 0 fair_inc 0 prop_inc 0 fast_inc 0 eta_inc 245865 multi_dec -199655 quick_dec -164392 nack_dec -581000
Flow Uec_6300_0 flowId 128 uecSrc 127 finished at 5316.23 total messages 1 total packets 257 RTS 0 total bytes 1050102 in_flight now 0 fair_inc 0 prop_inc 0 fast_inc 0 eta_inc 255168 multi_dec -217730 quick_dec -210739 nack_dec -547800
Flow Uec_2071_0 flowId 82 uecSrc 81 finished at 5325.46 total messages 1 total packets 257 RTS 0 total bytes 1050102 in_flight now 0 fair_inc 0 prop_inc 0 fast_inc 0 eta_inc 261813 multi_dec -220982 quick_dec -173298 nack_dec -527050
Flow Uec_2870_0 flowId 77 uecSrc 76 finished at 5331.05 total messages 1 total packets 257 RTS 0 total bytes 1050102 in_flight now 0 fair_inc 6148 prop_inc 0 fast_inc 0 eta_inc 255168 multi_dec -216554 quick_dec -203311 nack_dec -551950
Flow Uec_1085_0 flowId 48 uecSrc 47 finished at 5334.14 total messages 1 total packets 257 RTS 0 total bytes 1050102 in_flight now 0 fair_inc 6170 prop_inc 0 fast_inc 0 eta_inc 243207 multi_dec -199355 quick_dec -204430 nack_dec -597600
Flow Uec_6808_0 flowId 119 uecSrc 118 finished at 5335.07 total messages 1 total packets 257 RTS 0 total bytes 1050102 in_flight now 0 fair_inc 0 prop_inc 0 fast_inc 0 eta_inc 260484 multi_dec -227481 quick_dec -167467 nack_dec -531200
Flow Uec_3118_0 flowId 127 uecSrc 126 finished at 5335.68 total messages 1 total packets 257 RTS 0 total bytes 1050102 in_flight now 0 fair_inc 0 prop_inc 0 fast_inc 0 eta_inc 253839 multi_dec -202422 quick_dec -167494 nack_dec -551950
Flow Uec_268_0 flowId 56 uecSrc 55 finished at 5339.43 total messages 1 total packets 257 RTS 0 total bytes 1050102 in_flight now 0 fair_inc 5800 prop_inc 0 fast_inc 0 eta_inc 249852 multi_dec -215649 quick_dec -190668 nack_dec -585150
Flow Uec_2008_0 flowId 115 uecSrc 114 finished at 5339.7 total messages 1 total packets 257 RTS 0 total bytes 1050102 in_flight now 0 fair_inc 0 prop_inc 0 fast_inc 0 eta_inc 248523 multi_dec -206299 quick_dec -189561 nack_dec -589300
Flow Uec_2568_0 flowId 20 uecSrc 19 finished at 5346.78 total messages 1 total packets 257 RTS 0 total bytes 1050102 in_flight now 0 fair_inc 6135 prop_inc 0 fast_inc 0 eta_inc 251181 multi_dec -214024 quick_dec -149104 nack_dec -547800
Flow Uec_7506_0 flowId 117 uecSrc 116 finished at 5353.86 total messages 1 total packets 257 RTS 0 total bytes 1050102 in_flight now 0 fair_inc 0 prop_inc 0 fast_inc 0 eta_inc 259155 multi_dec -234874 quick_dec -170503 nack_dec -535350
Flow Uec_3718_0 flowId 3 uecSrc 2 finished at 5356.29 total messages 1 total packets 257 RTS 0 total bytes 1050102 in_flight now 0 fair_inc 5568 prop_inc 0 fast_inc 0 eta_inc 247194 multi_dec -202178 quick_dec -216249 nack_dec -585150
Flow Uec_3516_0 flowId 103 uecSrc 102 finished at 5368.18 total messages 1 total packets 257 RTS 0 total bytes 1050102 in_flight now 0 fair_inc 0 prop_inc 0 fast_inc 0 eta_inc 253839 multi_dec -212005 quick_dec -154920 nack_dec -556100
Flow Uec_1897_0 flowId 19 uecSrc 18 finished at 5369.45 total messages 1 total packets 257 RTS 0 total bytes 1050102 in_flight now 0 fair_inc 6036 prop_inc 0 fast_inc 0 eta_inc 256497 multi_dec -229630 quick_dec -188984 nack_dec -576850
Flow Uec_1099_0 flowId 86 uecSrc 85 finished at 5370.88 total messages 1 total packets 257 RTS 0 total bytes 1050102 in_flight now 0 fair_inc 5708 prop_inc 0 fast_inc 0 eta_inc 255168 multi_dec -216261 quick_dec -200225 nack_dec -560250
Flow Uec_2948_0 flowId 7 uecSrc 6 finished at 5373.8 total messages 1 total packets 257 RTS 0 total bytes 1050102 in_flight now 0 fair_inc 0 prop_inc 0 fast_inc 0 eta_inc 259155 multi_dec -223116 quick_dec -191803 nack_dec -539500
Flow Uec_3166_0 flowId 89 uecSrc 88 finished at 5382.21 total messages 1 total packets 257 RTS 0 total bytes 1050102 in_flight now 0 fair_inc 5355 prop_inc 0 fast_inc 0 eta_inc 267129 multi_dec -249552 quick_dec -186404 nack_dec -518750
Flow Uec_1150_0 flowId 112 uecSrc 111 finished at 5385.14 total messages 1 total packets 257 RTS 0 total bytes 1050102 in_flight now 0 fair_inc 12170 prop_inc 0 fast_inc 0 eta_inc 259155 multi_dec -233723 quick_dec -191466 nack_dec -547800
Flow Uec_2658_0 flowId 62 uecSrc 61 finished at 5386.57 total messages 1 total packets 257 RTS 0 total bytes 1050102 in_flight now 0 fair_inc 14895 prop_inc 0 fast_inc 0 eta_inc 245865 multi_dec -209830 quick_dec -166580 nack_dec -605900
Flow Uec_3379_0 flowId 101 uecSrc 100 finished at 5389.5 total messages 1 total packets 257 RTS 0 total bytes 1050102 in_flight now 0 fair_inc 0 prop_inc 0 fast_inc 0 eta_inc 259155 multi_dec -218606 quick_dec -187713 nack_dec -535350
Flow Uec_6255_0 flowId 12 uecSrc 11 finished at 5389.93 total messages 1 total packets 257 RTS 0 total bytes 1050102 in_flight now 0 fair_inc 0 prop_inc 1396 fast_inc 0 eta_inc 259155 multi_dec -230565 quick_dec -181062 nack_dec -535350
Flow Uec_708_0 flowId 13 uecSrc 12 finished at 5391.53 total messages 1 total packets 257 RTS 0 total bytes 1050102 in_flight now 0 fair_inc 0 prop_inc 1853 fast_inc 0 eta_inc 272445 multi_dec -256960 quick_dec -202216 nack_dec -502150
Flow Uec_1945_0 flowId 9 uecSrc 8 finished at 5399.11 total messages 1 total packets 257 RTS 0 total bytes 1050102 in_flight now 0 fair_inc 0 prop_inc 0 fast_inc 0 eta_inc 261813 multi_dec -229787 quick_dec -178891 nack_dec -568550
Flow Uec_3903_0 flowId 40 uecSrc 39 finished at 5401.2 total messages 1 total packets 257 RTS 0 total bytes 1050102 in_flight now 0 fair_inc 11752 prop_inc 0 fast_inc 0 eta_inc 252510 multi_dec -206053 quick_dec -165197 nack_dec -593450
Flow Uec_7168_0 flowId 74 uecSrc 73 finished at 5401.97 total messages 1 total packets 257 RTS 0 total bytes 1050102 in_flight now 0 fair_inc 17470 prop_inc 0 fast_inc 0 eta_inc 267129 multi_dec -260231 quick_dec -178917 nack_dec -518750
Flow Uec_2330_0 flowId 2 uecSrc 1 finished at 5403.9 total messages 1 total packets 257 RTS 0 total bytes 1050102 in_flight now 0 fair_inc 6180 prop_inc 0 fast_inc 0 eta_inc 257826 multi_dec -225305 quick_dec -193329 nack_dec -568550
Flow Uec_2900_0 flowId 43 uecSrc 42 finished at 5405.67 total messages 1 total packets 257 RTS 0 total bytes 1050102 in_flight now 0 fair_inc 15433 prop_inc 0 fast_inc 0 eta_inc 247194 multi_dec -209293 quick_dec -205031 nack_dec -601750
Flow Uec_6363_0 flowId 23 uecSrc 22 finished at 5413.58 total messages 1 total packets 257 RTS 0 total bytes 1050102 in_flight now 0 fair_inc 0 prop_inc 4953 fast_inc 0 eta_inc 267129 multi_dec -235729 quick_dec -172492 nack_dec -531200
Flow Uec_7616_0 flowId 64 uecSrc 63 finished at 5413.68 total messages 1 total packets 257 RTS 0 total bytes 1050102 in_flight now 0 fair_inc 0 prop_inc 4341 fast_inc 0 eta_inc 257826 multi_dec -230192 quick_dec -190728 nack_dec -551950
Flow Uec_7852_0 flowId 45 uecSrc 44 finished at 5414.45 total messages 1 total packets 257 RTS 0 total bytes 1050102 in_flight now 0 fair_inc 0 prop_inc 5942 fast_inc 0 eta_inc 265800 multi_dec -232584 quick_dec -176055 nack_dec -527050
Flow Uec_7895_0 flowId 84 uecSrc 83 finished at 5414.56 total messages 1 total packets 257 RTS 0 total bytes 1050102 in_flight now 0 fair_inc 6390 prop_inc 1198 fast_inc 0 eta_inc 260484 multi_dec -226045 quick_dec -164714 nack_dec -543650
Flow Uec_2393_0 flowId 102 uecSrc 101 finished at 5417.81 total messages 1 total packets 257 RTS 0 total bytes 1050102 in_flight now 0 fair_inc 0 prop_inc 3548 fast_inc 0 eta_inc 268458 multi_dec -237929 quick_dec -148245 nack_dec -522900
Flow Uec_8134_0 flowId 107 uecSrc 106 finished at 5425.56 total messages 1 total packets 257 RTS 0 total bytes 1050102 in_flight now 0 fair_inc 5701 prop_inc 4385 fast_inc 0 eta_inc 259155 multi_dec -229203 quick_dec -190869 nack_dec -551950
Flow Uec_917_0 flowId 69 uecSrc 68 finished at 5429.98 total messages 1 total packets 257 RTS 0 total bytes 1050102 in_flight now 0 fair_inc 0 prop_inc 2860 fast_inc 0 eta_inc 269787 multi_dec -241879 quick_dec -201975 nack_dec -527050
Flow Uec_6396_0 flowId 53 uecSrc 52 finished at 5431.58 total messages 1 total packets 257 RTS 0 total bytes 1050102 in_flight now 0 fair_inc 0 prop_inc 5722 fast_inc 0 eta_inc 264471 multi_dec -226856 quick_dec -220845 nack_dec -543650
Flow Uec_5188_0 flowId 28 uecSrc 27 finished at 5432.68 total messages 1 total packets 257 RTS 0 total bytes 1050102 in_flight now 0 fair_inc 0 prop_inc 2454 fast_inc 0 eta_inc 265800 multi_dec -219238 quick_dec -187378 nack_dec -539500
Flow Uec_6558_0 flowId 75 uecSrc 74 finished at 5441.41 total messages 1 total packets 257 RTS 0 total bytes 1050102 in_flight now 0 fair_inc 0 prop_inc 1440 fast_inc 0 eta_inc 265800 multi_dec -233078 quick_dec -174420 nack_dec -535350
Flow Uec_2898_0 flowId 17 uecSrc 16 finished at 5444.34 total messages 1 total packets 257 RTS 0 total bytes 1050102 in_flight now 0 fair_inc 5610 prop_inc 1593 fast_inc 0 eta_inc 252510 multi_dec -201940 quick_dec -164713 nack_dec -581000
Flow Uec_1500_0 flowId 39 uecSrc 38 finished at 5446.6 total messages 1 total packets 257 RTS 0 total bytes 1050102 in_flight now 0 fair_inc 0 prop_inc 6925 fast_inc 0 eta_inc 263142 multi_dec -222303 quick_dec -162882 nack_dec -560250
Flow Uec_6352_0 flowId 68 uecSrc 67 finished at 5448.04 total messages 1 total packets 257 RTS 0 total bytes 1050102 in_flight now 0 fair_inc 6116 prop_inc 4114 fast_inc 0 eta_inc 261813 multi_dec -220378 quick_dec -187590 nack_dec -543650
Flow Uec_451_0 flowId 83 uecSrc 82 finished at 5449.3 total messages 1 total packets 257 RTS 0 total bytes 1050102 in_flight now 0 fair_inc 0 prop_inc 7379 fast_inc 0 eta_inc 267129 multi_dec -230942 quick_dec -179386 nack_dec -543650
Flow Uec_3143_0 flowId 100 uecSrc 99 finished at 5449.57 total messages 1 total packets 257 RTS 0 total bytes 1050102 in_flight now 0 fair_inc 0 prop_inc 4520 fast_inc 0 eta_inc 257826 multi_dec -204879 quick_dec -143680 nack_dec -585150
Flow Uec_3472_0 flowId 79 uecSrc 78 finished at 5452 total messages 1 total packets 257 RTS 0 total bytes 1050102 in_flight now 0 fair_inc 0 prop_inc 2621 fast_inc 0 eta_inc 263142 multi_dec -233408 quick_dec -176932 nack_dec -551950
Flow Uec_5403_0 flowId 120 uecSrc 119 finished at 5452.61 total messages 1 total packets 257 RTS 0 total bytes 1050102 in_flight now 0 fair_inc 0 prop_inc 2086 fast_inc 0 eta_inc 249852 multi_dec -213395 quick_dec -219268 nack_dec -585150
Flow Uec_7770_0 flowId 50 uecSrc 49 finished at 5467.65 total messages 1 total packets 257 RTS 0 total bytes 1050102 in_flight now 0 fair_inc 0 prop_inc 5310 fast_inc 0 eta_inc 251181 multi_dec -196590 quick_dec -159996 nack_dec -593450
Flow Uec_3554_0 flowId 61 uecSrc 60 finished at 5468.92 total messages 1 total packets 257 RTS 0 total bytes 1050102 in_flight now 0 fair_inc 0 prop_inc 6537 fast_inc 0 eta_inc 264471 multi_dec -207561 quick_dec -203390 nack_dec -564400
Flow Uec_1156_0 flowId 36 uecSrc 35 finished at 5472.34 total messages 1 total packets 257 RTS 0 total bytes 1050102 in_flight now 0 fair_inc 0 prop_inc 5578 fast_inc 0 eta_inc 267129 multi_dec -245367 quick_dec -163087 nack_dec -539500
Flow Uec_4991_0 flowId 67 uecSrc 66 finished at 5475.44 total messages 1 total packets 257 RTS 0 total bytes 1050102 in_flight now 0 fair_inc 0 prop_inc 7171 fast_inc 0 eta_inc 261813 multi_dec -218080 quick_dec -203456 nack_dec -585150
Flow Uec_910_0 flowId 30 uecSrc 29 finished at 5477.7 total messages 1 total packets 257 RTS 0 total bytes 1050102 in_flight now 0 fair_inc 0 prop_inc 5605 fast_inc 0 eta_inc 257826 multi_dec -201719 quick_dec -174978 nack_dec -589300
Flow Uec_4587_0 flowId 24 uecSrc 23 finished at 5480.07 total messages 1 total packets 257 RTS 0 total bytes 1050102 in_flight now 0 fair_inc 0 prop_inc 9384 fast_inc 0 eta_inc 260484 multi_dec -202795 quick_dec -177821 nack_dec -589300
Flow Uec_5664_0 flowId 124 uecSrc 123 finished at 5480.23 total messages 1 total packets 257 RTS 0 total bytes 1050102 in_flight now 0 fair_inc 5608 prop_inc 5911 fast_inc 0 eta_inc 256497 multi_dec -192219 quick_dec -175114 nack_dec -614200
Flow Uec_1732_0 flowId 22 uecSrc 21 finished at 5481 total messages 1 total packets 257 RTS 0 total bytes 1050102 in_flight now 0 fair_inc 0 prop_inc 6274 fast_inc 0 eta_inc 263142 multi_dec -206123 quick_dec -174856 nack_dec -564400
Flow Uec_7691_0 flowId 1 uecSrc 0 finished at 5483.26 total messages 1 total packets 257 RTS 0 total bytes 1050102 in_flight now 0 fair_inc 6070 prop_inc 2875 fast_inc 0 eta_inc 267129 multi_dec -231733 quick_dec -169096 nack_dec -539500
Flow Uec_4651_0 flowId 76 uecSrc 75 finished at 5483.54 total messages 1 total packets 257 RTS 0 total bytes 1050102 in_flight now 0 fair_inc 0 prop_inc 4262 fast_inc 0 eta_inc 256497 multi_dec -203005 quick_dec -157985 nack_dec -593450
Flow Uec_3910_0 flowId 18 uecSrc 17 finished at 5483.81 total messages 1 total packets 257 RTS 0 total bytes 1050102 in_flight now 0 fair_inc 0 prop_inc 11873 fast_inc 0 eta_inc 264471 multi_dec -212469 quick_dec -173452 nack_dec -543650
Flow Uec_4949_0 flowId 8 uecSrc 7 finished at 5485.07 total messages 1 total packets 257 RTS 0 total bytes 1050102 in_flight now 0 fair_inc 0 prop_inc 9011 fast_inc 0 eta_inc 252510 multi_dec -194829 quick_dec -181000 nack_dec -593450
Flow Uec_7979_0 flowId 109 uecSrc 108 finished at 5485.51 total messages 1 total packets 257 RTS 0 total bytes 1050102 in_flight now 0 fair_inc 0 prop_inc 11226 fast_inc 0 eta_inc 256497 multi_dec -202270 quick_dec -155773 nack_dec -605900
Flow Uec_2360_0 flowId 42 uecSrc 41 finished at 5490.1 total messages 1 total packets 257 RTS 0 total bytes 1050102 in_flight now 0 fair_inc 0 prop_inc 15000 fast_inc 0 eta_inc 267129 multi_dec -208391 quick_dec -173035 nack_dec -535350
Flow Uec_7968_0 flowId 51 uecSrc 50 finished at 5491.53 total messages 1 total packets 257 RTS 0 total bytes 1050102 in_flight now 0 fair_inc 0 prop_inc 15700 fast_inc 0 eta_inc 255168 multi_dec -199171 quick_dec -155987 nack_dec -576850
Flow Uec_5842_0 flowId 55 uecSrc 54 finished at 5494.34 total messages 1 total packets 257 RTS 0 total bytes 1050102 in_flight now 0 fair_inc 0 prop_inc 11371 fast_inc 0 eta_inc 269787 multi_dec -233528 quick_dec -166416 nack_dec -535350
Flow Uec_661_0 flowId 78 uecSrc 77 finished at 5497.75 total messages 1 total packets 257 RTS 0 total bytes 1050102 in_flight now 0 fair_inc 6037 prop_inc 24600 fast_inc 0 eta_inc 253839 multi_dec -197575 quick_dec -199496 nack_dec -605900
Flow Uec_2241_0 flowId 4 uecSrc 3 finished at 5500.12 total messages 1 total packets 257 RTS 0 total bytes 1050102 in_flight now 0 fair_inc 0 prop_inc 31607 fast_inc 0 eta_inc 263142 multi_dec -210318 quick_dec -203793 nack_dec -564400
Flow Uec_4332_0 flowId 38 uecSrc 37 finished at 5500.72 total messages 1 total packets 257 RTS 0 total bytes 1050102 in_flight now 0 fair_inc 0 prop_inc 30811 fast_inc 0 eta_inc 255168 multi_dec -199747 quick_dec -171940 nack_dec -605900
Flow Uec_2961_0 flowId 49 uecSrc 48 finished at 5502.99 total messages 1 total packets 257 RTS 0 total bytes 1050102 in_flight now 0 fair_inc 0 prop_inc 29634 fast_inc 0 eta_inc 256497 multi_dec -202457 quick_dec -171799 nack_dec -576850
Flow Uec_3899_0 flowId 11 uecSrc 10 finished at 5507.47 total messages 1 total packets 257 RTS 0 total bytes 1050102 in_flight now 0 fair_inc 0 prop_inc 26512 fast_inc 0 eta_inc 267129 multi_dec -224509 quick_dec -182723 nack_dec -572700
Flow Uec_1390_0 flowId 121 uecSrc 120 finished at 5508.9 total messages 1 total packets 257 RTS 0 total bytes 1050102 in_flight now 0 fair_inc 0 prop_inc 24812 fast_inc 0 eta_inc 265800 multi_dec -215950 quick_dec -161357 nack_dec -551950
Flow Uec_453_0 flowId 41 uecSrc 40 finished at 5515.17 total messages 1 total packets 257 RTS 0 total bytes 1050102 in_flight now 0 fair_inc 0 prop_inc 44332 fast_inc 0 eta_inc 251181 multi_dec -196796 quick_dec -189233 nack_dec -610050
Flow Uec_4304_0 flowId 80 uecSrc 79 finished at 5517.72 total messages 1 total packets 257 RTS 0 total bytes 1050102 in_flight now 0 fair_inc 0 prop_inc 40422 fast_inc 0 eta_inc 257826 multi_dec -198798 quick_dec -176826 nack_dec -610050
Flow Uec_3736_0 flowId 15 uecSrc 14 finished at 5520.81 total messages 1 total packets 257 RTS 0 total bytes 1050102 in_flight now 0 fair_inc 0 prop_inc 44672 fast_inc 0 eta_inc 256497 multi_dec -202293 quick_dec -179429 nack_dec -610050
New: 32896 Rtx: 17285 RTS: 0 Bounced: 0 ACKs: 32735 NACKs: 17285 Pulls: 0 sleek_pkts: 0
SPURIOUS_COUNT 0
