Flow Uec_41_33 flowId 1000000161 uecSrc 80 finished at 6620.44 total messages 1 total packets 490 RTS 0 total bytes 2002140 in_flight now 0 fair_inc 0 prop_inc 0 fast_inc 0 eta_inc 361488 multi_dec -285916 quick_dec -43689 nack_dec -522900
Flow Uec_6_33 flowId 1000000047 uecSrc 23 finished at 7091.93 total messages 1 total packets 490 RTS 0 total bytes 2002140 in_flight now 0 fair_inc 5577 prop_inc 0 fast_inc 0 eta_inc 334908 multi_dec -310668 quick_dec -154937 nack_dec -589300
Flow Uec_66_33 flowId 1000000037 uecSrc 18 finished at 7298.61 total messages 1 total packets 490 RTS 0 total bytes 2002140 in_flight now 0 fair_inc 0 prop_inc 0 fast_inc 0 eta_inc 353514 multi_dec -306198 quick_dec -163834 nack_dec -568550
Flow Uec_125_33 flowId 1000000143 uecSrc 71 finished at 7328.4 total messages 1 total packets 490 RTS 0 total bytes 2002140 in_flight now 0 fair_inc 0 prop_inc 0 fast_inc 0 eta_inc 348198 multi_dec -307130 quick_dec -167338 nack_dec -597600
Flow Uec_32_33 flowId 1000000181 uecSrc 90 finished at 7331.61 total messages 1 total packets 490 RTS 0 total bytes 2002140 in_flight now 0 fair_inc 0 prop_inc 3502 fast_inc 0 eta_inc 487743 multi_dec -417386 quick_dec --12969 nack_dec -473100
Flow Uec_101_33 flowId 1000000083 uecSrc 41 finished at 7371.91 total messages 1 total packets 490 RTS 0 total bytes 2002140 in_flight now 0 fair_inc 11500 prop_inc 0 fast_inc 0 eta_inc 356172 multi_dec -321196 quick_dec -169511 nack_dec -556100
Flow Uec_34_33 flowId 1000000189 uecSrc 94 finished at 7418 total messages 1 total packets 490 RTS 0 total bytes 2002140 in_flight now 0 fair_inc 0 prop_inc 3499 fast_inc 0 eta_inc 509007 multi_dec -430526 quick_dec --15523 nack_dec -452350
Flow Uec_91_33 flowId 1000000129 uecSrc 64 finished at 7528.67 total messages 1 total packets 490 RTS 0 total bytes 2002140 in_flight now 0 fair_inc 0 prop_inc 0 fast_inc 0 eta_inc 365475 multi_dec -316890 quick_dec -170253 nack_dec -564400
Flow Uec_62_33 flowId 1000000065 uecSrc 32 finished at 7551.83 total messages 1 total packets 490 RTS 0 total bytes 2002140 in_flight now 0 fair_inc 0 prop_inc 0 fast_inc 0 eta_inc 353514 multi_dec -304171 quick_dec -159111 nack_dec -610050
Flow Uec_35_33 flowId 1000000003 uecSrc 1 finished at 7591.66 total messages 1 total packets 490 RTS 0 total bytes 2002140 in_flight now 0 fair_inc 0 prop_inc 3398 fast_inc 0 eta_inc 511665 multi_dec -409001 quick_dec -19280 nack_dec -437760
Flow Uec_112_33 flowId 1000000229 uecSrc 114 finished at 7643.45 total messages 1 total packets 490 RTS 0 total bytes 2002140 in_flight now 0 fair_inc 0 prop_inc 0 fast_inc 0 eta_inc 373449 multi_dec -343535 quick_dec -160463 nack_dec -560250
Flow Uec_93_33 flowId 1000000165 uecSrc 82 finished at 7702.15 total messages 1 total packets 490 RTS 0 total bytes 2002140 in_flight now 0 fair_inc 0 prop_inc 0 fast_inc 0 eta_inc 377436 multi_dec -333350 quick_dec -143834 nack_dec -568550
Flow Uec_45_33 flowId 1000000157 uecSrc 78 finished at 7705.29 total messages 1 total packets 490 RTS 0 total bytes 2002140 in_flight now 0 fair_inc 6055 prop_inc 0 fast_inc 0 eta_inc 422622 multi_dec -368967 quick_dec -14170 nack_dec -537360
Flow Uec_23_33 flowId 1000000239 uecSrc 119 finished at 7715.34 total messages 1 total packets 490 RTS 0 total bytes 2002140 in_flight now 0 fair_inc 0 prop_inc 0 fast_inc 0 eta_inc 381423 multi_dec -351730 quick_dec -129825 nack_dec -556100
Flow Uec_58_33 flowId 1000000187 uecSrc 93 finished at 7725.42 total messages 1 total packets 490 RTS 0 total bytes 2002140 in_flight now 0 fair_inc 0 prop_inc 0 fast_inc 0 eta_inc 380094 multi_dec -344705 quick_dec -169552 nack_dec -551950
Flow Uec_52_33 flowId 1000000023 uecSrc 11 finished at 7893.51 total messages 1 total packets 490 RTS 0 total bytes 2002140 in_flight now 0 fair_inc 0 prop_inc 0 fast_inc 0 eta_inc 376107 multi_dec -317711 quick_dec -130034 nack_dec -601750
Flow Uec_10_33 flowId 1000000191 uecSrc 95 finished at 8239.43 total messages 1 total packets 490 RTS 0 total bytes 2002140 in_flight now 0 fair_inc 0 prop_inc 0 fast_inc 0 eta_inc 396042 multi_dec -340964 quick_dec -157400 nack_dec -597600
Flow Uec_39_33 flowId 1000000121 uecSrc 60 finished at 8322.83 total messages 1 total packets 490 RTS 0 total bytes 2002140 in_flight now 0 fair_inc 6077 prop_inc 0 fast_inc 0 eta_inc 462492 multi_dec -415793 quick_dec -30478 nack_dec -551950
Flow Uec_122_33 flowId 1000000071 uecSrc 35 finished at 8401.67 total messages 1 total packets 490 RTS 0 total bytes 2002140 in_flight now 0 fair_inc 0 prop_inc 0 fast_inc 0 eta_inc 413319 multi_dec -356600 quick_dec -185921 nack_dec -564400
Flow Uec_37_33 flowId 1000000111 uecSrc 55 finished at 8444.77 total messages 1 total packets 490 RTS 0 total bytes 2002140 in_flight now 0 fair_inc 4710 prop_inc 0 fast_inc 0 eta_inc 471795 multi_dec -444462 quick_dec -21123 nack_dec -551950
Flow Uec_42_33 flowId 1000000087 uecSrc 43 finished at 8523.37 total messages 1 total packets 490 RTS 0 total bytes 2002140 in_flight now 0 fair_inc 0 prop_inc 0 fast_inc 0 eta_inc 487743 multi_dec -427507 quick_dec -29704 nack_dec -485550
Flow Uec_64_33 flowId 1000000061 uecSrc 30 finished at 8567.14 total messages 1 total packets 490 RTS 0 total bytes 2002140 in_flight now 0 fair_inc 6076 prop_inc 0 fast_inc 0 eta_inc 430596 multi_dec -420543 quick_dec -157380 nack_dec -547800
Flow Uec_36_33 flowId 1000000195 uecSrc 97 finished at 8617.01 total messages 1 total packets 490 RTS 0 total bytes 2002140 in_flight now 0 fair_inc 5969 prop_inc 0 fast_inc 0 eta_inc 483756 multi_dec -440062 quick_dec -23042 nack_dec -531200
Flow Uec_48_33 flowId 1000000127 uecSrc 63 finished at 8750.91 total messages 1 total packets 490 RTS 0 total bytes 2002140 in_flight now 0 fair_inc 0 prop_inc 0 fast_inc 0 eta_inc 423951 multi_dec -374246 quick_dec -195310 nack_dec -589300
Flow Uec_21_33 flowId 1000000021 uecSrc 10 finished at 8768.59 total messages 1 total packets 490 RTS 0 total bytes 2002140 in_flight now 0 fair_inc 6028 prop_inc 0 fast_inc 0 eta_inc 433254 multi_dec -405472 quick_dec -154694 nack_dec -581000
Flow Uec_106_33 flowId 1000000063 uecSrc 31 finished at 8778.79 total messages 1 total packets 490 RTS 0 total bytes 2002140 in_flight now 0 fair_inc 0 prop_inc 0 fast_inc 0 eta_inc 430596 multi_dec -379206 quick_dec -175820 nack_dec -597600
Flow Uec_124_33 flowId 1000000201 uecSrc 100 finished at 8899.07 total messages 1 total packets 490 RTS 0 total bytes 2002140 in_flight now 0 fair_inc 6029 prop_inc 0 fast_inc 0 eta_inc 430596 multi_dec -404320 quick_dec -183423 nack_dec -593450
Flow Uec_127_33 flowId 1000000209 uecSrc 104 finished at 8960.27 total messages 1 total packets 490 RTS 0 total bytes 2002140 in_flight now 0 fair_inc 6034 prop_inc 0 fast_inc 0 eta_inc 441228 multi_dec -385855 quick_dec -197787 nack_dec -564400
Flow Uec_46_33 flowId 1000000179 uecSrc 89 finished at 9199.22 total messages 1 total packets 490 RTS 0 total bytes 2002140 in_flight now 0 fair_inc 5945 prop_inc 0 fast_inc 0 eta_inc 509007 multi_dec -446719 quick_dec -20179 nack_dec -581000
Flow Uec_92_33 flowId 1000000147 uecSrc 73 finished at 9267.54 total messages 1 total packets 490 RTS 0 total bytes 2002140 in_flight now 0 fair_inc 6057 prop_inc 0 fast_inc 0 eta_inc 459834 multi_dec -449053 quick_dec -138544 nack_dec -560250
Flow Uec_116_33 flowId 1000000193 uecSrc 96 finished at 9295.01 total messages 1 total packets 490 RTS 0 total bytes 2002140 in_flight now 0 fair_inc 6034 prop_inc 0 fast_inc 0 eta_inc 458505 multi_dec -442685 quick_dec -147442 nack_dec -576850
Flow Uec_60_33 flowId 1000000005 uecSrc 2 finished at 9321 total messages 1 total packets 490 RTS 0 total bytes 2002140 in_flight now 0 fair_inc 0 prop_inc 0 fast_inc 0 eta_inc 451860 multi_dec -405594 quick_dec -156903 nack_dec -601750
Flow Uec_17_33 flowId 1000000183 uecSrc 91 finished at 9347.18 total messages 1 total packets 490 RTS 0 total bytes 2002140 in_flight now 0 fair_inc 0 prop_inc 0 fast_inc 0 eta_inc 453189 multi_dec -396500 quick_dec -164725 nack_dec -589300
Flow Uec_2_33 flowId 1000000075 uecSrc 37 finished at 9442.58 total messages 1 total packets 490 RTS 0 total bytes 2002140 in_flight now 0 fair_inc 0 prop_inc 0 fast_inc 0 eta_inc 453189 multi_dec -392440 quick_dec -146868 nack_dec -597600
Flow Uec_115_33 flowId 1000000151 uecSrc 75 finished at 9474.76 total messages 1 total packets 490 RTS 0 total bytes 2002140 in_flight now 0 fair_inc 0 prop_inc 0 fast_inc 0 eta_inc 479769 multi_dec -455486 quick_dec -200884 nack_dec -522900
Flow Uec_44_33 flowId 1000000029 uecSrc 14 finished at 9507.71 total messages 1 total packets 490 RTS 0 total bytes 2002140 in_flight now 0 fair_inc 0 prop_inc 0 fast_inc 0 eta_inc 524955 multi_dec -449747 quick_dec -47180 nack_dec -605900
Flow Uec_27_33 flowId 1000000213 uecSrc 106 finished at 9545.32 total messages 1 total packets 490 RTS 0 total bytes 2002140 in_flight now 0 fair_inc 0 prop_inc 0 fast_inc 0 eta_inc 467808 multi_dec -419563 quick_dec -155200 nack_dec -576850
Flow Uec_82_33 flowId 1000000163 uecSrc 81 finished at 9570.3 total messages 1 total packets 490 RTS 0 total bytes 2002140 in_flight now 0 fair_inc 0 prop_inc 0 fast_inc 0 eta_inc 467808 multi_dec -428319 quick_dec -162275 nack_dec -576850
Flow Uec_20_33 flowId 1000000043 uecSrc 21 finished at 9611.71 total messages 1 total packets 490 RTS 0 total bytes 2002140 in_flight now 0 fair_inc 5561 prop_inc 0 fast_inc 0 eta_inc 473124 multi_dec -423355 quick_dec -169856 nack_dec -593450
Flow Uec_72_33 flowId 1000000115 uecSrc 57 finished at 9637.78 total messages 1 total packets 490 RTS 0 total bytes 2002140 in_flight now 0 fair_inc 0 prop_inc 0 fast_inc 0 eta_inc 467808 multi_dec -413304 quick_dec -178051 nack_dec -593450
Flow Uec_74_33 flowId 1000000119 uecSrc 59 finished at 9649.17 total messages 1 total packets 490 RTS 0 total bytes 2002140 in_flight now 0 fair_inc 5601 prop_inc 0 fast_inc 0 eta_inc 474453 multi_dec -432145 quick_dec -193059 nack_dec -578860
Flow Uec_57_33 flowId 1000000145 uecSrc 72 finished at 9657.38 total messages 1 total packets 490 RTS 0 total bytes 2002140 in_flight now 0 fair_inc 10955 prop_inc 0 fast_inc 0 eta_inc 486414 multi_dec -446711 quick_dec -184738 nack_dec -551950
Flow Uec_111_33 flowId 1000000095 uecSrc 47 finished at 9727.18 total messages 1 total packets 490 RTS 0 total bytes 2002140 in_flight now 0 fair_inc 6031 prop_inc 0 fast_inc 0 eta_inc 485085 multi_dec -477536 quick_dec -161603 nack_dec -560250
Flow Uec_40_33 flowId 1000000025 uecSrc 12 finished at 9771.4 total messages 1 total packets 490 RTS 0 total bytes 2002140 in_flight now 0 fair_inc 0 prop_inc 0 fast_inc 0 eta_inc 550206 multi_dec -470735 quick_dec -36863 nack_dec -527050
Flow Uec_38_33 flowId 1000000253 uecSrc 126 finished at 9778.96 total messages 1 total packets 490 RTS 0 total bytes 2002140 in_flight now 0 fair_inc 3794 prop_inc 0 fast_inc 0 eta_inc 554193 multi_dec -504025 quick_dec -40455 nack_dec -581000
Flow Uec_90_33 flowId 1000000131 uecSrc 65 finished at 9792.16 total messages 1 total packets 490 RTS 0 total bytes 2002140 in_flight now 0 fair_inc 0 prop_inc 0 fast_inc 0 eta_inc 483756 multi_dec -436170 quick_dec -158591 nack_dec -568550
Flow Uec_30_33 flowId 1000000057 uecSrc 28 finished at 9792.41 total messages 1 total packets 490 RTS 0 total bytes 2002140 in_flight now 0 fair_inc 11687 prop_inc 0 fast_inc 0 eta_inc 482427 multi_dec -422413 quick_dec -165278 nack_dec -589300
Flow Uec_85_33 flowId 1000000069 uecSrc 34 finished at 9793.65 total messages 1 total packets 490 RTS 0 total bytes 2002140 in_flight now 0 fair_inc 0 prop_inc 0 fast_inc 0 eta_inc 479769 multi_dec -434744 quick_dec -167568 nack_dec -564400
Flow Uec_104_33 flowId 1000000001 uecSrc 0 finished at 9808.34 total messages 1 total packets 490 RTS 0 total bytes 2002140 in_flight now 0 fair_inc 0 prop_inc 0 fast_inc 0 eta_inc 474453 multi_dec -426992 quick_dec -128870 nack_dec -605900
Flow Uec_79_33 flowId 1000000097 uecSrc 48 finished at 9813.07 total messages 1 total packets 490 RTS 0 total bytes 2002140 in_flight now 0 fair_inc 0 prop_inc 0 fast_inc 0 eta_inc 489072 multi_dec -450089 quick_dec -168890 nack_dec -547800
Flow Uec_9_33 flowId 1000000217 uecSrc 108 finished at 9825.27 total messages 1 total packets 490 RTS 0 total bytes 2002140 in_flight now 0 fair_inc 6035 prop_inc 0 fast_inc 0 eta_inc 495717 multi_dec -480916 quick_dec -191976 nack_dec -543650
Flow Uec_105_33 flowId 1000000137 uecSrc 68 finished at 9886.64 total messages 1 total packets 490 RTS 0 total bytes 2002140 in_flight now 0 fair_inc 0 prop_inc 0 fast_inc 0 eta_inc 493059 multi_dec -460819 quick_dec -183328 nack_dec -547800
Flow Uec_3_33 flowId 1000000207 uecSrc 103 finished at 9886.72 total messages 1 total packets 490 RTS 0 total bytes 2002140 in_flight now 0 fair_inc 0 prop_inc 0 fast_inc 0 eta_inc 499704 multi_dec -467396 quick_dec -143366 nack_dec -551950
Flow Uec_55_33 flowId 1000000169 uecSrc 84 finished at 9898.42 total messages 1 total packets 490 RTS 0 total bytes 2002140 in_flight now 0 fair_inc 6085 prop_inc 0 fast_inc 0 eta_inc 493059 multi_dec -453660 quick_dec -147802 nack_dec -585150
Flow Uec_43_33 flowId 1000000051 uecSrc 25 finished at 9898.65 total messages 1 total packets 490 RTS 0 total bytes 2002140 in_flight now 0 fair_inc 6006 prop_inc 0 fast_inc 0 eta_inc 555522 multi_dec -503704 quick_dec -59612 nack_dec -568550
Flow Uec_7_33 flowId 1000000035 uecSrc 17 finished at 9913.02 total messages 1 total packets 490 RTS 0 total bytes 2002140 in_flight now 0 fair_inc 0 prop_inc 0 fast_inc 0 eta_inc 494388 multi_dec -456477 quick_dec -157308 nack_dec -556100
Flow Uec_4_33 flowId 1000000091 uecSrc 45 finished at 9913.77 total messages 1 total packets 490 RTS 0 total bytes 2002140 in_flight now 0 fair_inc 0 prop_inc 0 fast_inc 0 eta_inc 493059 multi_dec -447729 quick_dec -167788 nack_dec -556100
Flow Uec_59_33 flowId 1000000041 uecSrc 20 finished at 9918.33 total messages 1 total packets 490 RTS 0 total bytes 2002140 in_flight now 0 fair_inc 0 prop_inc 0 fast_inc 0 eta_inc 493059 multi_dec -458271 quick_dec -181551 nack_dec -551950
Flow Uec_94_33 flowId 1000000223 uecSrc 111 finished at 9924.39 total messages 1 total packets 490 RTS 0 total bytes 2002140 in_flight now 0 fair_inc 0 prop_inc 0 fast_inc 0 eta_inc 499704 multi_dec -466017 quick_dec -158740 nack_dec -556100
Flow Uec_61_33 flowId 1000000055 uecSrc 27 finished at 9928.12 total messages 1 total packets 490 RTS 0 total bytes 2002140 in_flight now 0 fair_inc 6091 prop_inc 0 fast_inc 0 eta_inc 493059 multi_dec -451134 quick_dec -160142 nack_dec -576850
Flow Uec_100_33 flowId 1000000031 uecSrc 15 finished at 9940.82 total messages 1 total packets 490 RTS 0 total bytes 2002140 in_flight now 0 fair_inc 11810 prop_inc 0 fast_inc 0 eta_inc 491730 multi_dec -460522 quick_dec -180759 nack_dec -593450
Flow Uec_89_33 flowId 1000000125 uecSrc 62 finished at 9945.05 total messages 1 total packets 490 RTS 0 total bytes 2002140 in_flight now 0 fair_inc 0 prop_inc 0 fast_inc 0 eta_inc 498375 multi_dec -451671 quick_dec -202717 nack_dec -543650
Flow Uec_50_33 flowId 1000000019 uecSrc 9 finished at 9947.62 total messages 1 total packets 490 RTS 0 total bytes 2002140 in_flight now 0 fair_inc 0 prop_inc 0 fast_inc 0 eta_inc 501033 multi_dec -467032 quick_dec -141577 nack_dec -547800
Flow Uec_19_33 flowId 1000000009 uecSrc 4 finished at 9960.81 total messages 1 total packets 490 RTS 0 total bytes 2002140 in_flight now 0 fair_inc 5739 prop_inc 0 fast_inc 0 eta_inc 502362 multi_dec -460690 quick_dec -181270 nack_dec -560250
Flow Uec_119_33 flowId 1000000053 uecSrc 26 finished at 9983.63 total messages 1 total packets 490 RTS 0 total bytes 2002140 in_flight now 0 fair_inc 0 prop_inc 0 fast_inc 0 eta_inc 493059 multi_dec -439644 quick_dec -164986 nack_dec -605900
Flow Uec_102_33 flowId 1000000123 uecSrc 61 finished at 10007.8 total messages 1 total packets 490 RTS 0 total bytes 2002140 in_flight now 0 fair_inc 6160 prop_inc 0 fast_inc 0 eta_inc 491730 multi_dec -461619 quick_dec -167963 nack_dec -585150
Flow Uec_114_33 flowId 1000000241 uecSrc 120 finished at 10021.6 total messages 1 total packets 490 RTS 0 total bytes 2002140 in_flight now 0 fair_inc 0 prop_inc 0 fast_inc 0 eta_inc 491730 multi_dec -435055 quick_dec -171472 nack_dec -572700
Flow Uec_47_33 flowId 1000000167 uecSrc 83 finished at 10028.7 total messages 1 total packets 490 RTS 0 total bytes 2002140 in_flight now 0 fair_inc 6129 prop_inc 0 fast_inc 0 eta_inc 568812 multi_dec -472655 quick_dec -55076 nack_dec -514600
Flow Uec_11_33 flowId 1000000049 uecSrc 24 finished at 10042.1 total messages 1 total packets 490 RTS 0 total bytes 2002140 in_flight now 0 fair_inc 6036 prop_inc 0 fast_inc 0 eta_inc 481098 multi_dec -441474 quick_dec -139589 nack_dec -626650
Flow Uec_28_33 flowId 1000000227 uecSrc 113 finished at 10049.9 total messages 1 total packets 490 RTS 0 total bytes 2002140 in_flight now 0 fair_inc 5589 prop_inc 0 fast_inc 0 eta_inc 503691 multi_dec -458497 quick_dec -178103 nack_dec -556100
Flow Uec_67_33 flowId 1000000045 uecSrc 22 finished at 10051.3 total messages 1 total packets 490 RTS 0 total bytes 2002140 in_flight now 0 fair_inc 0 prop_inc 0 fast_inc 0 eta_inc 498375 multi_dec -440995 quick_dec -148965 nack_dec -572700
Flow Uec_97_33 flowId 1000000007 uecSrc 3 finished at 10055.9 total messages 1 total packets 490 RTS 0 total bytes 2002140 in_flight now 0 fair_inc 0 prop_inc 0 fast_inc 0 eta_inc 509007 multi_dec -476449 quick_dec -153273 nack_dec -539500
Flow Uec_49_33 flowId 1000000077 uecSrc 38 finished at 10056.5 total messages 1 total packets 490 RTS 0 total bytes 2002140 in_flight now 0 fair_inc 6227 prop_inc 0 fast_inc 0 eta_inc 497046 multi_dec -449672 quick_dec -183034 nack_dec -593450
Flow Uec_51_33 flowId 1000000033 uecSrc 16 finished at 10057.6 total messages 1 total packets 490 RTS 0 total bytes 2002140 in_flight now 0 fair_inc 5612 prop_inc 0 fast_inc 0 eta_inc 495717 multi_dec -446408 quick_dec -161347 nack_dec -610050
Flow Uec_69_33 flowId 1000000215 uecSrc 107 finished at 10065.9 total messages 1 total packets 490 RTS 0 total bytes 2002140 in_flight now 0 fair_inc 11853 prop_inc 0 fast_inc 0 eta_inc 501033 multi_dec -478966 quick_dec -183007 nack_dec -560250
Flow Uec_78_33 flowId 1000000199 uecSrc 99 finished at 10091.4 total messages 1 total packets 490 RTS 0 total bytes 2002140 in_flight now 0 fair_inc 6081 prop_inc 0 fast_inc 0 eta_inc 495717 multi_dec -468143 quick_dec -172936 nack_dec -585150
Flow Uec_118_33 flowId 1000000177 uecSrc 88 finished at 10105.9 total messages 1 total packets 490 RTS 0 total bytes 2002140 in_flight now 0 fair_inc 15155 prop_inc 43 fast_inc 0 eta_inc 502362 multi_dec -465123 quick_dec -175944 nack_dec -585150
Flow Uec_123_33 flowId 1000000185 uecSrc 92 finished at 10110.5 total messages 1 total packets 490 RTS 0 total bytes 2002140 in_flight now 0 fair_inc 0 prop_inc 0 fast_inc 0 eta_inc 511665 multi_dec -469642 quick_dec -168320 nack_dec -576850
Flow Uec_88_33 flowId 1000000251 uecSrc 125 finished at 10111.6 total messages 1 total packets 490 RTS 0 total bytes 2002140 in_flight now 0 fair_inc 27243 prop_inc 36 fast_inc 0 eta_inc 503691 multi_dec -476138 quick_dec -216963 nack_dec -568550
Flow Uec_54_33 flowId 1000000027 uecSrc 13 finished at 10114.3 total messages 1 total packets 490 RTS 0 total bytes 2002140 in_flight now 0 fair_inc 0 prop_inc 0 fast_inc 0 eta_inc 503691 multi_dec -466917 quick_dec -174034 nack_dec -560250
Flow Uec_16_33 flowId 1000000219 uecSrc 109 finished at 10116.9 total messages 1 total packets 490 RTS 0 total bytes 2002140 in_flight now 0 fair_inc 17139 prop_inc 0 fast_inc 0 eta_inc 498375 multi_dec -464024 quick_dec -187796 nack_dec -581000
Flow Uec_80_33 flowId 1000000105 uecSrc 52 finished at 10146.5 total messages 1 total packets 490 RTS 0 total bytes 2002140 in_flight now 0 fair_inc 12809 prop_inc 0 fast_inc 0 eta_inc 514323 multi_dec -509081 quick_dec -178358 nack_dec -547800
Flow Uec_83_33 flowId 1000000225 uecSrc 112 finished at 10149.8 total messages 1 total packets 490 RTS 0 total bytes 2002140 in_flight now 0 fair_inc 19321 prop_inc 0 fast_inc 0 eta_inc 503691 multi_dec -503480 quick_dec -139871 nack_dec -581000
Flow Uec_110_33 flowId 1000000203 uecSrc 101 finished at 10161 total messages 1 total packets 490 RTS 0 total bytes 2002140 in_flight now 0 fair_inc 0 prop_inc 0 fast_inc 0 eta_inc 497046 multi_dec -443115 quick_dec -146399 nack_dec -593450
Flow Uec_26_33 flowId 1000000015 uecSrc 7 finished at 10168.2 total messages 1 total packets 490 RTS 0 total bytes 2002140 in_flight now 0 fair_inc 6057 prop_inc 0 fast_inc 0 eta_inc 506349 multi_dec -454525 quick_dec -169031 nack_dec -576850
Flow Uec_86_33 flowId 1000000233 uecSrc 116 finished at 10178.4 total messages 1 total packets 490 RTS 0 total bytes 2002140 in_flight now 0 fair_inc 16479 prop_inc 314 fast_inc 0 eta_inc 506349 multi_dec -478815 quick_dec -185723 nack_dec -568550
Flow Uec_53_33 flowId 1000000101 uecSrc 50 finished at 10179.3 total messages 1 total packets 490 RTS 0 total bytes 2002140 in_flight now 0 fair_inc 6143 prop_inc 204 fast_inc 0 eta_inc 506349 multi_dec -469507 quick_dec -130997 nack_dec -576850
Flow Uec_71_33 flowId 1000000173 uecSrc 86 finished at 10187.4 total messages 1 total packets 490 RTS 0 total bytes 2002140 in_flight now 0 fair_inc 12454 prop_inc 0 fast_inc 0 eta_inc 509007 multi_dec -460998 quick_dec -174720 nack_dec -576850
Flow Uec_24_33 flowId 1000000081 uecSrc 40 finished at 10189.1 total messages 1 total packets 490 RTS 0 total bytes 2002140 in_flight now 0 fair_inc 26295 prop_inc 307 fast_inc 0 eta_inc 502362 multi_dec -480137 quick_dec -143655 nack_dec -576850
Flow Uec_73_33 flowId 1000000171 uecSrc 85 finished at 10202.8 total messages 1 total packets 490 RTS 0 total bytes 2002140 in_flight now 0 fair_inc 11475 prop_inc 194 fast_inc 0 eta_inc 494388 multi_dec -439026 quick_dec -189028 nack_dec -618350
Flow Uec_126_33 flowId 1000000247 uecSrc 123 finished at 10230.1 total messages 1 total packets 490 RTS 0 total bytes 2002140 in_flight now 0 fair_inc 6635 prop_inc 503 fast_inc 0 eta_inc 503691 multi_dec -450298 quick_dec -160543 nack_dec -568550
Flow Uec_103_33 flowId 1000000245 uecSrc 122 finished at 10232.7 total messages 1 total packets 490 RTS 0 total bytes 2002140 in_flight now 0 fair_inc 11771 prop_inc 40 fast_inc 0 eta_inc 505020 multi_dec -451107 quick_dec -148262 nack_dec -585150
Flow Uec_15_33 flowId 1000000159 uecSrc 79 finished at 10233.7 total messages 1 total packets 490 RTS 0 total bytes 2002140 in_flight now 0 fair_inc 12368 prop_inc 0 fast_inc 0 eta_inc 497046 multi_dec -450311 quick_dec -162955 nack_dec -589300
Flow Uec_107_33 flowId 1000000089 uecSrc 44 finished at 10234.8 total messages 1 total packets 490 RTS 0 total bytes 2002140 in_flight now 0 fair_inc 6350 prop_inc 62 fast_inc 0 eta_inc 514323 multi_dec -470550 quick_dec -222927 nack_dec -581000
Flow Uec_29_33 flowId 1000000235 uecSrc 117 finished at 10242 total messages 1 total packets 490 RTS 0 total bytes 2002140 in_flight now 0 fair_inc 23849 prop_inc 1527 fast_inc 0 eta_inc 512994 multi_dec -482322 quick_dec -146507 nack_dec -576850
Flow Uec_75_33 flowId 1000000011 uecSrc 5 finished at 10253.4 total messages 1 total packets 490 RTS 0 total bytes 2002140 in_flight now 0 fair_inc 6068 prop_inc 2037 fast_inc 0 eta_inc 518310 multi_dec -503221 quick_dec -149997 nack_dec -547800
Flow Uec_96_33 flowId 1000000211 uecSrc 105 finished at 10265.9 total messages 1 total packets 490 RTS 0 total bytes 2002140 in_flight now 0 fair_inc 25870 prop_inc 2133 fast_inc 0 eta_inc 510336 multi_dec -441029 quick_dec -182529 nack_dec -585150
Flow Uec_65_33 flowId 1000000039 uecSrc 19 finished at 10268.3 total messages 1 total packets 490 RTS 0 total bytes 2002140 in_flight now 0 fair_inc 6620 prop_inc 892 fast_inc 0 eta_inc 518310 multi_dec -475186 quick_dec -144022 nack_dec -543650
Flow Uec_120_33 flowId 1000000221 uecSrc 110 finished at 10278.1 total messages 1 total packets 490 RTS 0 total bytes 2002140 in_flight now 0 fair_inc 19122 prop_inc 5882 fast_inc 0 eta_inc 515652 multi_dec -497025 quick_dec -186944 nack_dec -568550
Flow Uec_8_33 flowId 1000000113 uecSrc 56 finished at 10278.3 total messages 1 total packets 490 RTS 0 total bytes 2002140 in_flight now 0 fair_inc 26957 prop_inc 3573 fast_inc 0 eta_inc 511665 multi_dec -456888 quick_dec -194030 nack_dec -585150
Flow Uec_99_33 flowId 1000000013 uecSrc 6 finished at 10290 total messages 1 total packets 490 RTS 0 total bytes 2002140 in_flight now 0 fair_inc 6462 prop_inc 5834 fast_inc 0 eta_inc 512994 multi_dec -456248 quick_dec -186573 nack_dec -576850
Flow Uec_14_33 flowId 1000000073 uecSrc 36 finished at 10292.7 total messages 1 total packets 490 RTS 0 total bytes 2002140 in_flight now 0 fair_inc 0 prop_inc 6800 fast_inc 0 eta_inc 511665 multi_dec -461392 quick_dec -148617 nack_dec -564400
Flow Uec_76_33 flowId 1000000093 uecSrc 46 finished at 10296.4 total messages 1 total packets 490 RTS 0 total bytes 2002140 in_flight now 0 fair_inc 5996 prop_inc 2497 fast_inc 0 eta_inc 514323 multi_dec -488902 quick_dec -160874 nack_dec -564400
Flow Uec_1_33 flowId 1000000197 uecSrc 98 finished at 10296.7 total messages 1 total packets 490 RTS 0 total bytes 2002140 in_flight now 0 fair_inc 0 prop_inc 2463 fast_inc 0 eta_inc 512994 multi_dec -456195 quick_dec -144107 nack_dec -564400
Flow Uec_63_33 flowId 1000000175 uecSrc 87 finished at 10297 total messages 1 total packets 490 RTS 0 total bytes 2002140 in_flight now 0 fair_inc 0 prop_inc 3233 fast_inc 0 eta_inc 505020 multi_dec -456710 quick_dec -154529 nack_dec -593450
Flow Uec_109_33 flowId 1000000243 uecSrc 121 finished at 10297.9 total messages 1 total packets 490 RTS 0 total bytes 2002140 in_flight now 0 fair_inc 12402 prop_inc 3098 fast_inc 0 eta_inc 511665 multi_dec -463842 quick_dec -165929 nack_dec -614200
Flow Uec_113_33 flowId 1000000103 uecSrc 51 finished at 10317.4 total messages 1 total packets 490 RTS 0 total bytes 2002140 in_flight now 0 fair_inc 6386 prop_inc 12325 fast_inc 0 eta_inc 516981 multi_dec -470024 quick_dec -173607 nack_dec -568550
Flow Uec_5_33 flowId 1000000017 uecSrc 8 finished at 10318.3 total messages 1 total packets 490 RTS 0 total bytes 2002140 in_flight now 0 fair_inc 11835 prop_inc 12264 fast_inc 0 eta_inc 503691 multi_dec -444657 quick_dec -132740 nack_dec -601750
Flow Uec_25_33 flowId 1000000135 uecSrc 67 finished at 10319.2 total messages 1 total packets 490 RTS 0 total bytes 2002140 in_flight now 0 fair_inc 11836 prop_inc 5823 fast_inc 0 eta_inc 514323 multi_dec -473401 quick_dec -166352 nack_dec -547800
Flow Uec_68_33 flowId 1000000117 uecSrc 58 finished at 10320.6 total messages 1 total packets 490 RTS 0 total bytes 2002140 in_flight now 0 fair_inc 6185 prop_inc 9833 fast_inc 0 eta_inc 507678 multi_dec -454574 quick_dec -157365 nack_dec -610050
Flow Uec_77_33 flowId 1000000155 uecSrc 77 finished at 10321.8 total messages 1 total packets 490 RTS 0 total bytes 2002140 in_flight now 0 fair_inc 5633 prop_inc 17595 fast_inc 0 eta_inc 522297 multi_dec -476456 quick_dec -209168 nack_dec -564400
Flow Uec_22_33 flowId 1000000139 uecSrc 69 finished at 10324.7 total messages 1 total packets 490 RTS 0 total bytes 2002140 in_flight now 0 fair_inc 11773 prop_inc 7575 fast_inc 0 eta_inc 507678 multi_dec -427375 quick_dec -198532 nack_dec -601750
Flow Uec_81_33 flowId 1000000085 uecSrc 42 finished at 10327.3 total messages 1 total packets 490 RTS 0 total bytes 2002140 in_flight now 0 fair_inc 6109 prop_inc 11489 fast_inc 0 eta_inc 519639 multi_dec -488309 quick_dec -170412 nack_dec -551950
Flow Uec_56_33 flowId 1000000205 uecSrc 102 finished at 10328.4 total messages 1 total packets 490 RTS 0 total bytes 2002140 in_flight now 0 fair_inc 0 prop_inc 8515 fast_inc 0 eta_inc 507678 multi_dec -455837 quick_dec -149650 nack_dec -585150
Flow Uec_84_33 flowId 1000000237 uecSrc 118 finished at 10334.3 total messages 1 total packets 490 RTS 0 total bytes 2002140 in_flight now 0 fair_inc 0 prop_inc 22147 fast_inc 0 eta_inc 512994 multi_dec -467766 quick_dec -165908 nack_dec -576850
Flow Uec_108_33 flowId 1000000141 uecSrc 70 finished at 10345 total messages 1 total packets 490 RTS 0 total bytes 2002140 in_flight now 0 fair_inc 0 prop_inc 23239 fast_inc 0 eta_inc 522297 multi_dec -471445 quick_dec -175033 nack_dec -560250
Flow Uec_0_33 flowId 1000000079 uecSrc 39 finished at 10346.6 total messages 1 total packets 490 RTS 0 total bytes 2002140 in_flight now 0 fair_inc 0 prop_inc 18428 fast_inc 0 eta_inc 515652 multi_dec -454642 quick_dec -137114 nack_dec -547800
Flow Uec_18_33 flowId 1000000231 uecSrc 115 finished at 10349.8 total messages 1 total packets 490 RTS 0 total bytes 2002140 in_flight now 0 fair_inc 0 prop_inc 25708 fast_inc 0 eta_inc 516981 multi_dec -458568 quick_dec -132108 nack_dec -597600
Flow Uec_12_33 flowId 1000000099 uecSrc 49 finished at 10359.5 total messages 1 total packets 490 RTS 0 total bytes 2002140 in_flight now 0 fair_inc 0 prop_inc 26051 fast_inc 0 eta_inc 516981 multi_dec -464875 quick_dec -143803 nack_dec -568550
Flow Uec_87_33 flowId 1000000149 uecSrc 74 finished at 10360.3 total messages 1 total packets 490 RTS 0 total bytes 2002140 in_flight now 0 fair_inc 0 prop_inc 37499 fast_inc 0 eta_inc 519639 multi_dec -474126 quick_dec -160135 nack_dec -547800
Flow Uec_98_33 flowId 1000000107 uecSrc 53 finished at 10364.6 total messages 1 total packets 490 RTS 0 total bytes 2002140 in_flight now 0 fair_inc 0 prop_inc 32387 fast_inc 0 eta_inc 515652 multi_dec -455273 quick_dec -150715 nack_dec -568550
Flow Uec_117_33 flowId 1000000249 uecSrc 124 finished at 10367.1 total messages 1 total packets 490 RTS 0 total bytes 2002140 in_flight now 0 fair_inc 6153 prop_inc 41787 fast_inc 0 eta_inc 514323 multi_dec -451687 quick_dec -202323 nack_dec -597600
Flow Uec_121_33 flowId 1000000067 uecSrc 33 finished at 10367.8 total messages 1 total packets 490 RTS 0 total bytes 2002140 in_flight now 0 fair_inc 10437 prop_inc 42767 fast_inc 0 eta_inc 511665 multi_dec -430140 quick_dec -169830 nack_dec -597600
Flow Uec_31_33 flowId 1000000109 uecSrc 54 finished at 10368.5 total messages 1 total packets 490 RTS 0 total bytes 2002140 in_flight now 0 fair_inc 0 prop_inc 44470 fast_inc 0 eta_inc 516981 multi_dec -446192 quick_dec -169490 nack_dec -585150
Flow Uec_95_33 flowId 1000000153 uecSrc 76 finished at 10373.9 total messages 1 total packets 490 RTS 0 total bytes 2002140 in_flight now 0 fair_inc 0 prop_inc 36518 fast_inc 0 eta_inc 514323 multi_dec -452034 quick_dec -171882 nack_dec -601750
Flow Uec_13_33 flowId 1000000059 uecSrc 29 finished at 10378 total messages 1 total packets 490 RTS 0 total bytes 2002140 in_flight now 0 fair_inc 0 prop_inc 47622 fast_inc 0 eta_inc 528942 multi_dec -476415 quick_dec -172958 nack_dec -547800
Flow Uec_70_33 flowId 1000000133 uecSrc 66 finished at 10382.1 total messages 1 total packets 490 RTS 0 total bytes 2002140 in_flight now 0 fair_inc 0 prop_inc 56770 fast_inc 0 eta_inc 515652 multi_dec -444406 quick_dec -185203 nack_dec -572700
New: 62230 Rtx: 17427 RTS: 0 Bounced: 0 ACKs: 61992 NACKs: 17427 Pulls: 0 sleek_pkts: 0
SPURIOUS_COUNT 0
