Flow Uec_306_0 flowId 17 uecSrc 16 finished at 1392.66 total messages 1 total packets 257 RTS 0 total bytes 1050102 in_flight now 0 fair_inc 0 prop_inc 0 fast_inc 0 eta_inc 0 multi_dec -0 quick_dec -106126 nack_dec -502150
Flow Uec_3083_0 flowId 9 uecSrc 8 finished at 1404.72 total messages 1 total packets 257 RTS 0 total bytes 1050102 in_flight now 0 fair_inc 0 prop_inc 0 fast_inc 0 eta_inc 0 multi_dec -0 quick_dec -97826 nack_dec -539500
Flow Uec_6531_0 flowId 45 uecSrc 44 finished at 1429.23 total messages 1 total packets 257 RTS 0 total bytes 1050102 in_flight now 0 fair_inc 6209 prop_inc 0 fast_inc 0 eta_inc 1329 multi_dec -0 quick_dec -110276 nack_dec -535350
Flow Uec_3615_0 flowId 19 uecSrc 18 finished at 1430 total messages 1 total packets 257 RTS 0 total bytes 1050102 in_flight now 0 fair_inc 0 prop_inc 0 fast_inc 0 eta_inc 0 multi_dec -0 quick_dec -126876 nack_dec -547800
Flow Uec_5_0 flowId 31 uecSrc 30 finished at 1508.01 total messages 1 total packets 257 RTS 0 total bytes 1050102 in_flight now 0 fair_inc 17602 prop_inc 22388 fast_inc 0 eta_inc 114294 multi_dec -96998 quick_dec --13294 nack_dec -253150
Flow Uec_4288_0 flowId 24 uecSrc 23 finished at 1689.12 total messages 1 total packets 257 RTS 0 total bytes 1050102 in_flight now 0 fair_inc 6643 prop_inc 0 fast_inc 0 eta_inc 14619 multi_dec -29243 quick_dec -130980 nack_dec -481400
Flow Uec_2447_0 flowId 16 uecSrc 15 finished at 1707.15 total messages 1 total packets 257 RTS 0 total bytes 1050102 in_flight now 0 fair_inc 0 prop_inc 0 fast_inc 0 eta_inc 0 multi_dec -0 quick_dec -118576 nack_dec -489700
Flow Uec_2662_0 flowId 21 uecSrc 20 finished at 1720.21 total messages 1 total packets 257 RTS 0 total bytes 1050102 in_flight now 0 fair_inc 0 prop_inc 0 fast_inc 0 eta_inc 0 multi_dec -0 quick_dec -101976 nack_dec -506300
Flow Uec_5523_0 flowId 44 uecSrc 43 finished at 1731.6 total messages 1 total packets 257 RTS 0 total bytes 1050102 in_flight now 0 fair_inc 4925 prop_inc 0 fast_inc 0 eta_inc 1329 multi_dec -0 quick_dec -118576 nack_dec -527050
Flow Uec_2404_0 flowId 30 uecSrc 29 finished at 1864.69 total messages 1 total packets 257 RTS 0 total bytes 1050102 in_flight now 0 fair_inc 6755 prop_inc 0 fast_inc 0 eta_inc 1329 multi_dec -0 quick_dec -101976 nack_dec -485550
Flow Uec_11_0 flowId 64 uecSrc 63 finished at 1900.46 total messages 1 total packets 257 RTS 0 total bytes 1050102 in_flight now 0 fair_inc 9651 prop_inc 18916 fast_inc 0 eta_inc 139545 multi_dec -97183 quick_dec -2822 nack_dec -240700
Flow Uec_3_0 flowId 23 uecSrc 22 finished at 2023.24 total messages 1 total packets 257 RTS 0 total bytes 1050102 in_flight now 0 fair_inc 6293 prop_inc 8924 fast_inc 0 eta_inc 146190 multi_dec -101935 quick_dec --22978 nack_dec -253150
Flow Uec_7196_0 flowId 39 uecSrc 38 finished at 2178.66 total messages 1 total packets 257 RTS 0 total bytes 1050102 in_flight now 0 fair_inc 18059 prop_inc 0 fast_inc 0 eta_inc 112965 multi_dec -153985 quick_dec -173855 nack_dec -481400
Flow Uec_1490_0 flowId 10 uecSrc 9 finished at 2342.5 total messages 1 total packets 257 RTS 0 total bytes 1050102 in_flight now 0 fair_inc 33204 prop_inc 0 fast_inc 0 eta_inc 114294 multi_dec -141987 quick_dec -97294 nack_dec -506300
Flow Uec_4223_0 flowId 34 uecSrc 33 finished at 2363.02 total messages 1 total packets 257 RTS 0 total bytes 1050102 in_flight now 0 fair_inc 25488 prop_inc 0 fast_inc 0 eta_inc 122268 multi_dec -147906 quick_dec -108883 nack_dec -506300
Flow Uec_109_0 flowId 46 uecSrc 45 finished at 2377.06 total messages 1 total packets 257 RTS 0 total bytes 1050102 in_flight now 0 fair_inc 18787 prop_inc 9971 fast_inc 0 eta_inc 138216 multi_dec -117492 quick_dec --12592 nack_dec -415000
Flow Uec_3068_0 flowId 11 uecSrc 10 finished at 2392.12 total messages 1 total packets 257 RTS 0 total bytes 1050102 in_flight now 0 fair_inc 25485 prop_inc 0 fast_inc 0 eta_inc 119610 multi_dec -141555 quick_dec -107957 nack_dec -510450
Flow Uec_4348_0 flowId 33 uecSrc 32 finished at 2394.38 total messages 1 total packets 257 RTS 0 total bytes 1050102 in_flight now 0 fair_inc 18439 prop_inc 0 fast_inc 0 eta_inc 122268 multi_dec -150662 quick_dec -106840 nack_dec -493850
Flow Uec_3927_0 flowId 36 uecSrc 35 finished at 2411.1 total messages 1 total packets 257 RTS 0 total bytes 1050102 in_flight now 0 fair_inc 19626 prop_inc 116 fast_inc 0 eta_inc 122268 multi_dec -153278 quick_dec -124492 nack_dec -498000
Flow Uec_3403_0 flowId 18 uecSrc 17 finished at 2450.87 total messages 1 total packets 257 RTS 0 total bytes 1050102 in_flight now 0 fair_inc 27719 prop_inc 0 fast_inc 0 eta_inc 126255 multi_dec -139592 quick_dec -122917 nack_dec -493850
Flow Uec_1637_0 flowId 47 uecSrc 46 finished at 2455.46 total messages 1 total packets 257 RTS 0 total bytes 1050102 in_flight now 0 fair_inc 31757 prop_inc 0 fast_inc 0 eta_inc 118281 multi_dec -142323 quick_dec -116779 nack_dec -531200
Flow Uec_6653_0 flowId 49 uecSrc 48 finished at 2468.18 total messages 1 total packets 257 RTS 0 total bytes 1050102 in_flight now 0 fair_inc 27275 prop_inc 17555 fast_inc 0 eta_inc 126255 multi_dec -140094 quick_dec -122947 nack_dec -527050
Flow Uec_281_0 flowId 56 uecSrc 55 finished at 2476.26 total messages 1 total packets 257 RTS 0 total bytes 1050102 in_flight now 0 fair_inc 28202 prop_inc 284 fast_inc 0 eta_inc 128913 multi_dec -142874 quick_dec -76367 nack_dec -518750
Flow Uec_4564_0 flowId 50 uecSrc 49 finished at 2484.16 total messages 1 total packets 257 RTS 0 total bytes 1050102 in_flight now 0 fair_inc 29954 prop_inc 22 fast_inc 0 eta_inc 122268 multi_dec -132346 quick_dec -125131 nack_dec -547800
Flow Uec_3172_0 flowId 5 uecSrc 4 finished at 2501.86 total messages 1 total packets 257 RTS 0 total bytes 1050102 in_flight now 0 fair_inc 30968 prop_inc 0 fast_inc 0 eta_inc 127584 multi_dec -124753 quick_dec -117875 nack_dec -506300
Flow Uec_7965_0 flowId 12 uecSrc 11 finished at 2527.17 total messages 1 total packets 257 RTS 0 total bytes 1050102 in_flight now 0 fair_inc 13027 prop_inc 0 fast_inc 0 eta_inc 130242 multi_dec -158416 quick_dec -93247 nack_dec -489700
Flow Uec_1995_0 flowId 29 uecSrc 28 finished at 2528.6 total messages 1 total packets 257 RTS 0 total bytes 1050102 in_flight now 0 fair_inc 24444 prop_inc 0 fast_inc 0 eta_inc 128913 multi_dec -141116 quick_dec -116858 nack_dec -531200
Flow Uec_755_0 flowId 26 uecSrc 25 finished at 2532.35 total messages 1 total packets 257 RTS 0 total bytes 1050102 in_flight now 0 fair_inc 13058 prop_inc 635 fast_inc 0 eta_inc 130242 multi_dec -150833 quick_dec -134486 nack_dec -485550
Flow Uec_5174_0 flowId 14 uecSrc 13 finished at 2532.52 total messages 1 total packets 257 RTS 0 total bytes 1050102 in_flight now 0 fair_inc 36934 prop_inc 1004 fast_inc 0 eta_inc 126255 multi_dec -142387 quick_dec -172408 nack_dec -518750
Flow Uec_7322_0 flowId 42 uecSrc 41 finished at 2541.42 total messages 1 total packets 257 RTS 0 total bytes 1050102 in_flight now 0 fair_inc 28668 prop_inc 419 fast_inc 0 eta_inc 126255 multi_dec -150401 quick_dec -127523 nack_dec -513074
Flow Uec_4845_0 flowId 54 uecSrc 53 finished at 2567.76 total messages 1 total packets 257 RTS 0 total bytes 1050102 in_flight now 0 fair_inc 32460 prop_inc 483 fast_inc 0 eta_inc 123597 multi_dec -138550 quick_dec -106968 nack_dec -514600
Flow Uec_6321_0 flowId 41 uecSrc 40 finished at 2570.85 total messages 1 total packets 257 RTS 0 total bytes 1050102 in_flight now 0 fair_inc 12717 prop_inc 0 fast_inc 0 eta_inc 130242 multi_dec -153110 quick_dec -121901 nack_dec -493850
Flow Uec_3754_0 flowId 63 uecSrc 62 finished at 2576.43 total messages 1 total packets 257 RTS 0 total bytes 1050102 in_flight now 0 fair_inc 19233 prop_inc 0 fast_inc 0 eta_inc 128913 multi_dec -147633 quick_dec -105322 nack_dec -514600
Flow Uec_5631_0 flowId 58 uecSrc 57 finished at 2578.86 total messages 1 total packets 257 RTS 0 total bytes 1050102 in_flight now 0 fair_inc 17668 prop_inc 3211 fast_inc 0 eta_inc 130242 multi_dec -135630 quick_dec -148752 nack_dec -514600
Flow Uec_2504_0 flowId 38 uecSrc 37 finished at 2581.29 total messages 1 total packets 257 RTS 0 total bytes 1050102 in_flight now 0 fair_inc 25511 prop_inc 1462 fast_inc 0 eta_inc 130242 multi_dec -133880 quick_dec -114895 nack_dec -506300
Flow Uec_5755_0 flowId 37 uecSrc 36 finished at 2601.48 total messages 1 total packets 257 RTS 0 total bytes 1050102 in_flight now 0 fair_inc 27628 prop_inc 1120 fast_inc 0 eta_inc 135558 multi_dec -148375 quick_dec -144533 nack_dec -498000
Flow Uec_2139_0 flowId 40 uecSrc 39 finished at 2620.68 total messages 1 total packets 257 RTS 0 total bytes 1050102 in_flight now 0 fair_inc 26469 prop_inc 680 fast_inc 0 eta_inc 134229 multi_dec -147594 quick_dec -105391 nack_dec -506300
Flow Uec_7997_0 flowId 60 uecSrc 59 finished at 2621.61 total messages 1 total packets 257 RTS 0 total bytes 1050102 in_flight now 0 fair_inc 32094 prop_inc 321 fast_inc 0 eta_inc 130242 multi_dec -128374 quick_dec -143619 nack_dec -514600
Flow Uec_7359_0 flowId 20 uecSrc 19 finished at 2626.86 total messages 1 total packets 257 RTS 0 total bytes 1050102 in_flight now 0 fair_inc 26247 prop_inc 14374 fast_inc 0 eta_inc 135558 multi_dec -138298 quick_dec -101110 nack_dec -514600
Flow Uec_1506_0 flowId 22 uecSrc 21 finished at 2636.76 total messages 1 total packets 257 RTS 0 total bytes 1050102 in_flight now 0 fair_inc 18063 prop_inc 776 fast_inc 0 eta_inc 138216 multi_dec -148558 quick_dec -91085 nack_dec -485550
Flow Uec_4146_0 flowId 13 uecSrc 12 finished at 2650.98 total messages 1 total packets 257 RTS 0 total bytes 1050102 in_flight now 0 fair_inc 37628 prop_inc 865 fast_inc 0 eta_inc 132900 multi_dec -133096 quick_dec -92622 nack_dec -510450
Flow Uec_7370_0 flowId 8 uecSrc 7 finished at 2655.73 total messages 1 total packets 257 RTS 0 total bytes 1050102 in_flight now 0 fair_inc 12840 prop_inc 1149 fast_inc 0 eta_inc 132900 multi_dec -123937 quick_dec -109950 nack_dec -506300
Flow Uec_5986_0 flowId 7 uecSrc 6 finished at 2657.66 total messages 1 total packets 257 RTS 0 total bytes 1050102 in_flight now 0 fair_inc 28854 prop_inc 676 fast_inc 0 eta_inc 136887 multi_dec -141359 quick_dec -111313 nack_dec -506300
Flow Uec_7819_0 flowId 35 uecSrc 34 finished at 2665.57 total messages 1 total packets 257 RTS 0 total bytes 1050102 in_flight now 0 fair_inc 19610 prop_inc 889 fast_inc 0 eta_inc 136887 multi_dec -129669 quick_dec -116465 nack_dec -510450
Flow Uec_2855_0 flowId 43 uecSrc 42 finished at 2671.32 total messages 1 total packets 257 RTS 0 total bytes 1050102 in_flight now 0 fair_inc 34274 prop_inc 9949 fast_inc 0 eta_inc 138216 multi_dec -136095 quick_dec -139682 nack_dec -506300
Flow Uec_3182_0 flowId 32 uecSrc 31 finished at 2685.2 total messages 1 total packets 257 RTS 0 total bytes 1050102 in_flight now 0 fair_inc 25830 prop_inc 5673 fast_inc 0 eta_inc 140874 multi_dec -125739 quick_dec -116392 nack_dec -485550
Flow Uec_5129_0 flowId 25 uecSrc 24 finished at 2685.3 total messages 1 total packets 257 RTS 0 total bytes 1050102 in_flight now 0 fair_inc 18861 prop_inc 3194 fast_inc 0 eta_inc 136887 multi_dec -142314 quick_dec -102283 nack_dec -502150
Flow Uec_628_0 flowId 51 uecSrc 50 finished at 2692.88 total messages 1 total packets 257 RTS 0 total bytes 1050102 in_flight now 0 fair_inc 12751 prop_inc 15514 fast_inc 0 eta_inc 136887 multi_dec -116320 quick_dec -96279 nack_dec -518750
Flow Uec_7461_0 flowId 28 uecSrc 27 finished at 2695.31 total messages 1 total packets 257 RTS 0 total bytes 1050102 in_flight now 0 fair_inc 12405 prop_inc 14957 fast_inc 0 eta_inc 138216 multi_dec -124982 quick_dec -137176 nack_dec -510450
Flow Uec_3376_0 flowId 62 uecSrc 61 finished at 2697.41 total messages 1 total packets 257 RTS 0 total bytes 1050102 in_flight now 0 fair_inc 9487 prop_inc 7160 fast_inc 0 eta_inc 136887 multi_dec -127131 quick_dec -122937 nack_dec -551950
Flow Uec_4521_0 flowId 59 uecSrc 58 finished at 2701.33 total messages 1 total packets 257 RTS 0 total bytes 1050102 in_flight now 0 fair_inc 12639 prop_inc 6621 fast_inc 0 eta_inc 140874 multi_dec -136189 quick_dec -131384 nack_dec -498000
Flow Uec_295_0 flowId 4 uecSrc 3 finished at 2704.09 total messages 1 total packets 257 RTS 0 total bytes 1050102 in_flight now 0 fair_inc 23373 prop_inc 6144 fast_inc 0 eta_inc 136887 multi_dec -122667 quick_dec -144856 nack_dec -502150
Flow Uec_1282_0 flowId 52 uecSrc 51 finished at 2705.69 total messages 1 total packets 257 RTS 0 total bytes 1050102 in_flight now 0 fair_inc 23347 prop_inc 15000 fast_inc 0 eta_inc 143532 multi_dec -171308 quick_dec -85281 nack_dec -502150
Flow Uec_5539_0 flowId 57 uecSrc 56 finished at 2706.62 total messages 1 total packets 257 RTS 0 total bytes 1050102 in_flight now 0 fair_inc 57101 prop_inc 9871 fast_inc 0 eta_inc 139545 multi_dec -116196 quick_dec -119276 nack_dec -522900
Flow Uec_6872_0 flowId 55 uecSrc 54 finished at 2719.51 total messages 1 total packets 257 RTS 0 total bytes 1050102 in_flight now 0 fair_inc 21752 prop_inc 21870 fast_inc 0 eta_inc 139545 multi_dec -130602 quick_dec -91390 nack_dec -514600
Flow Uec_4231_0 flowId 27 uecSrc 26 finished at 2728.08 total messages 1 total packets 257 RTS 0 total bytes 1050102 in_flight now 0 fair_inc 0 prop_inc 24054 fast_inc 0 eta_inc 143532 multi_dec -125996 quick_dec -140597 nack_dec -489700
Flow Uec_4861_0 flowId 6 uecSrc 5 finished at 2732 total messages 1 total packets 257 RTS 0 total bytes 1050102 in_flight now 0 fair_inc 12395 prop_inc 32843 fast_inc 0 eta_inc 140874 multi_dec -125077 quick_dec -150370 nack_dec -502150
Flow Uec_4747_0 flowId 1 uecSrc 0 finished at 2735.1 total messages 1 total packets 257 RTS 0 total bytes 1050102 in_flight now 0 fair_inc 15276 prop_inc 32974 fast_inc 0 eta_inc 143532 multi_dec -122683 quick_dec -141100 nack_dec -481400
Flow Uec_2084_0 flowId 48 uecSrc 47 finished at 2739.35 total messages 1 total packets 257 RTS 0 total bytes 1050102 in_flight now 0 fair_inc 12801 prop_inc 56069 fast_inc 0 eta_inc 136887 multi_dec -88195 quick_dec -133672 nack_dec -522900
Flow Uec_7872_0 flowId 15 uecSrc 14 finished at 2741.45 total messages 1 total packets 257 RTS 0 total bytes 1050102 in_flight now 0 fair_inc 0 prop_inc 32947 fast_inc 0 eta_inc 143532 multi_dec -134719 quick_dec -73000 nack_dec -489700
Flow Uec_3346_0 flowId 3 uecSrc 2 finished at 2743.55 total messages 1 total packets 257 RTS 0 total bytes 1050102 in_flight now 0 fair_inc 12041 prop_inc 41788 fast_inc 0 eta_inc 140874 multi_dec -102402 quick_dec -152556 nack_dec -510450
Flow Uec_625_0 flowId 2 uecSrc 1 finished at 2753.69 total messages 1 total packets 257 RTS 0 total bytes 1050102 in_flight now 0 fair_inc 6761 prop_inc 50426 fast_inc 0 eta_inc 139545 multi_dec -115378 quick_dec -116925 nack_dec -506300
Flow Uec_6678_0 flowId 61 uecSrc 60 finished at 2761.29 total messages 1 total packets 257 RTS 0 total bytes 1050102 in_flight now 0 fair_inc 16910 prop_inc 67945 fast_inc 21669 eta_inc 143532 multi_dec -130323 quick_dec -151776 nack_dec -473100
Flow Uec_1279_0 flowId 53 uecSrc 52 finished at 2764.44 total messages 1 total packets 257 RTS 0 total bytes 1050102 in_flight now 0 fair_inc 0 prop_inc 68349 fast_inc 2249 eta_inc 143532 multi_dec -106066 quick_dec -137691 nack_dec -502150
New: 16448 Rtx: 7621 RTS: 0 Bounced: 0 ACKs: 16129 NACKs: 7621 Pulls: 0 sleek_pkts: 0
SPURIOUS_COUNT 0
