Flow Uec_1944_0 flowId 2 uecSrc 1 finished at 11648.2 total messages 1 total packets 4107 RTS 0 total bytes 16781202 in_flight now 0 fair_inc 4746 prop_inc 0 fast_inc 0 eta_inc 1329 multi_dec -0 quick_dec -118576 nack_dec -468950
Flow Uec_6898_0 flowId 15 uecSrc 14 finished at 14096.3 total messages 1 total packets 4107 RTS 0 total bytes 16781202 in_flight now 0 fair_inc 22693 prop_inc 13 fast_inc 0 eta_inc 7974 multi_dec -0 quick_dec -144805 nack_dec -485550
Flow Uec_3384_0 flowId 17 uecSrc 16 finished at 18918.4 total messages 1 total packets 4107 RTS 0 total bytes 16781202 in_flight now 0 fair_inc 39435 prop_inc 0 fast_inc 0 eta_inc 11961 multi_dec -0 quick_dec -95005 nack_dec -522900
Flow Uec_42_0 flowId 5 uecSrc 4 finished at 31483.3 total messages 1 total packets 4107 RTS 0 total bytes 16781202 in_flight now 0 fair_inc 114149 prop_inc 88534 fast_inc 0 eta_inc 2073240 multi_dec -2232453 quick_dec --32355 nack_dec -522900
Flow Uec_129_0 flowId 61 uecSrc 60 finished at 31529.8 total messages 1 total packets 4107 RTS 0 total bytes 16781202 in_flight now 0 fair_inc 137186 prop_inc 13782 fast_inc 0 eta_inc 2087859 multi_dec -2237111 quick_dec --25025 nack_dec -585150
Flow Uec_1235_0 flowId 57 uecSrc 56 finished at 41012 total messages 1 total packets 4107 RTS 0 total bytes 16781202 in_flight now 0 fair_inc 203888 prop_inc 736 fast_inc 0 eta_inc 2232720 multi_dec -2605180 quick_dec -162149 nack_dec -589300
Flow Uec_3160_0 flowId 41 uecSrc 40 finished at 41742.4 total messages 1 total packets 4107 RTS 0 total bytes 16781202 in_flight now 0 fair_inc 236285 prop_inc 2398 fast_inc 0 eta_inc 2271261 multi_dec -2649575 quick_dec -156493 nack_dec -630800
Flow Uec_3653_0 flowId 22 uecSrc 21 finished at 41908.8 total messages 1 total packets 4107 RTS 0 total bytes 16781202 in_flight now 0 fair_inc 221607 prop_inc 0 fast_inc 0 eta_inc 2275248 multi_dec -2590087 quick_dec -233057 nack_dec -672300
Flow Uec_7820_0 flowId 3 uecSrc 2 finished at 42005.1 total messages 1 total packets 4107 RTS 0 total bytes 16781202 in_flight now 0 fair_inc 217199 prop_inc 0 fast_inc 0 eta_inc 2289867 multi_dec -2613659 quick_dec -184471 nack_dec -647400
Flow Uec_3672_0 flowId 53 uecSrc 52 finished at 42107 total messages 1 total packets 4107 RTS 0 total bytes 16781202 in_flight now 0 fair_inc 179915 prop_inc 0 fast_inc 0 eta_inc 2288538 multi_dec -2659795 quick_dec -89768 nack_dec -601750
Flow Uec_6161_0 flowId 9 uecSrc 8 finished at 42196.1 total messages 1 total packets 4107 RTS 0 total bytes 16781202 in_flight now 0 fair_inc 244860 prop_inc 0 fast_inc 0 eta_inc 2288538 multi_dec -2612952 quick_dec -187496 nack_dec -701350
Flow Uec_6924_0 flowId 46 uecSrc 45 finished at 42198.4 total messages 1 total packets 4107 RTS 0 total bytes 16781202 in_flight now 0 fair_inc 242905 prop_inc 0 fast_inc 0 eta_inc 2295183 multi_dec -2637123 quick_dec -184903 nack_dec -622500
Flow Uec_4177_0 flowId 11 uecSrc 10 finished at 42228.5 total messages 1 total packets 4107 RTS 0 total bytes 16781202 in_flight now 0 fair_inc 196709 prop_inc 0 fast_inc 0 eta_inc 2305815 multi_dec -2657897 quick_dec -112445 nack_dec -572700
Flow Uec_395_0 flowId 6 uecSrc 5 finished at 42238.5 total messages 1 total packets 4107 RTS 0 total bytes 16781202 in_flight now 0 fair_inc 207885 prop_inc 13163 fast_inc 0 eta_inc 2301828 multi_dec -2616689 quick_dec -218211 nack_dec -601750
Flow Uec_325_0 flowId 37 uecSrc 36 finished at 42378.3 total messages 1 total packets 4107 RTS 0 total bytes 16781202 in_flight now 0 fair_inc 217787 prop_inc 0 fast_inc 0 eta_inc 2297841 multi_dec -2617888 quick_dec -86840 nack_dec -676450
Flow Uec_2532_0 flowId 51 uecSrc 50 finished at 42504 total messages 1 total packets 4107 RTS 0 total bytes 16781202 in_flight now 0 fair_inc 183571 prop_inc 1002 fast_inc 0 eta_inc 2316447 multi_dec -2644381 quick_dec -144777 nack_dec -585150
Flow Uec_828_0 flowId 48 uecSrc 47 finished at 42523.8 total messages 1 total packets 4107 RTS 0 total bytes 16781202 in_flight now 0 fair_inc 225879 prop_inc 0 fast_inc 0 eta_inc 2313789 multi_dec -2630048 quick_dec -189032 nack_dec -626650
Flow Uec_4698_0 flowId 23 uecSrc 22 finished at 42540.9 total messages 1 total packets 4107 RTS 0 total bytes 16781202 in_flight now 0 fair_inc 219596 prop_inc 0 fast_inc 0 eta_inc 2304486 multi_dec -2652248 quick_dec -114285 nack_dec -655700
Flow Uec_7422_0 flowId 8 uecSrc 7 finished at 42551.2 total messages 1 total packets 4107 RTS 0 total bytes 16781202 in_flight now 0 fair_inc 180525 prop_inc 187 fast_inc 0 eta_inc 2309802 multi_dec -2631940 quick_dec -117105 nack_dec -626650
Flow Uec_8026_0 flowId 64 uecSrc 63 finished at 42563.8 total messages 1 total packets 4107 RTS 0 total bytes 16781202 in_flight now 0 fair_inc 167992 prop_inc 0 fast_inc 0 eta_inc 2307144 multi_dec -2619927 quick_dec -104743 nack_dec -605900
Flow Uec_5265_0 flowId 55 uecSrc 54 finished at 42694.4 total messages 1 total packets 4107 RTS 0 total bytes 16781202 in_flight now 0 fair_inc 225469 prop_inc 0 fast_inc 0 eta_inc 2324421 multi_dec -2666055 quick_dec -152687 nack_dec -601914
Flow Uec_2721_0 flowId 38 uecSrc 37 finished at 42833.2 total messages 1 total packets 4107 RTS 0 total bytes 16781202 in_flight now 0 fair_inc 215027 prop_inc 0 fast_inc 0 eta_inc 2329737 multi_dec -2593420 quick_dec -170420 nack_dec -693050
Flow Uec_315_0 flowId 35 uecSrc 34 finished at 42834 total messages 1 total packets 4107 RTS 0 total bytes 16781202 in_flight now 0 fair_inc 231136 prop_inc 0 fast_inc 0 eta_inc 2328408 multi_dec -2634698 quick_dec -174361 nack_dec -605900
Flow Uec_1300_0 flowId 4 uecSrc 3 finished at 42901.9 total messages 1 total packets 4107 RTS 0 total bytes 16781202 in_flight now 0 fair_inc 233722 prop_inc 594 fast_inc 0 eta_inc 2325750 multi_dec -2617047 quick_dec -172660 nack_dec -693050
Flow Uec_2981_0 flowId 7 uecSrc 6 finished at 42905.4 total messages 1 total packets 4107 RTS 0 total bytes 16781202 in_flight now 0 fair_inc 174822 prop_inc 1805 fast_inc 0 eta_inc 2335053 multi_dec -2588824 quick_dec -160108 nack_dec -635114
Flow Uec_1682_0 flowId 32 uecSrc 31 finished at 42973.3 total messages 1 total packets 4107 RTS 0 total bytes 16781202 in_flight now 0 fair_inc 212674 prop_inc 805 fast_inc 0 eta_inc 2335053 multi_dec -2630462 quick_dec -181202 nack_dec -676450
Flow Uec_8132_0 flowId 29 uecSrc 28 finished at 43026.3 total messages 1 total packets 4107 RTS 0 total bytes 16781202 in_flight now 0 fair_inc 228484 prop_inc 0 fast_inc 0 eta_inc 2339040 multi_dec -2647701 quick_dec -224941 nack_dec -688900
Flow Uec_3469_0 flowId 54 uecSrc 53 finished at 43099.7 total messages 1 total packets 4107 RTS 0 total bytes 16781202 in_flight now 0 fair_inc 202450 prop_inc 8701 fast_inc 0 eta_inc 2341698 multi_dec -2646569 quick_dec -210941 nack_dec -597928
Flow Uec_7921_0 flowId 19 uecSrc 18 finished at 43189.2 total messages 1 total packets 4107 RTS 0 total bytes 16781202 in_flight now 0 fair_inc 280311 prop_inc 1724 fast_inc 0 eta_inc 2352330 multi_dec -2601206 quick_dec -271308 nack_dec -630800
Flow Uec_4522_0 flowId 45 uecSrc 44 finished at 43208.8 total messages 1 total packets 4107 RTS 0 total bytes 16781202 in_flight now 0 fair_inc 169937 prop_inc 3531 fast_inc 0 eta_inc 2344356 multi_dec -2624998 quick_dec -99683 nack_dec -643250
Flow Uec_1238_0 flowId 16 uecSrc 15 finished at 43213.9 total messages 1 total packets 4107 RTS 0 total bytes 16781202 in_flight now 0 fair_inc 209487 prop_inc 1070 fast_inc 0 eta_inc 2352330 multi_dec -2632954 quick_dec -170933 nack_dec -655700
Flow Uec_5343_0 flowId 18 uecSrc 17 finished at 43238.8 total messages 1 total packets 4107 RTS 0 total bytes 16781202 in_flight now 0 fair_inc 182845 prop_inc 2658 fast_inc 0 eta_inc 2349672 multi_dec -2614464 quick_dec -134297 nack_dec -680600
Flow Uec_5521_0 flowId 12 uecSrc 11 finished at 43240 total messages 1 total packets 4107 RTS 0 total bytes 16781202 in_flight now 0 fair_inc 209901 prop_inc 220 fast_inc 0 eta_inc 2343027 multi_dec -2618639 quick_dec -183081 nack_dec -705664
Flow Uec_6535_0 flowId 20 uecSrc 19 finished at 43246.9 total messages 1 total packets 4107 RTS 0 total bytes 16781202 in_flight now 0 fair_inc 202542 prop_inc 1276 fast_inc 0 eta_inc 2347014 multi_dec -2568478 quick_dec -226174 nack_dec -676450
Flow Uec_2915_0 flowId 62 uecSrc 61 finished at 43272.4 total messages 1 total packets 4107 RTS 0 total bytes 16781202 in_flight now 0 fair_inc 172211 prop_inc 8722 fast_inc 0 eta_inc 2357646 multi_dec -2609348 quick_dec -163319 nack_dec -630800
Flow Uec_7553_0 flowId 50 uecSrc 49 finished at 43278.7 total messages 1 total packets 4107 RTS 0 total bytes 16781202 in_flight now 0 fair_inc 185591 prop_inc 6032 fast_inc 0 eta_inc 2357646 multi_dec -2646402 quick_dec -166539 nack_dec -626650
Flow Uec_5354_0 flowId 52 uecSrc 51 finished at 43303.8 total messages 1 total packets 4107 RTS 0 total bytes 16781202 in_flight now 0 fair_inc 237098 prop_inc 6765 fast_inc 0 eta_inc 2354988 multi_dec -2637510 quick_dec -181358 nack_dec -722100
Flow Uec_6256_0 flowId 58 uecSrc 57 finished at 43309.3 total messages 1 total packets 4107 RTS 0 total bytes 16781202 in_flight now 0 fair_inc 220017 prop_inc 11218 fast_inc 0 eta_inc 2361633 multi_dec -2611404 quick_dec -230815 nack_dec -659850
Flow Uec_832_0 flowId 36 uecSrc 35 finished at 43315.6 total messages 1 total packets 4107 RTS 0 total bytes 16781202 in_flight now 0 fair_inc 239426 prop_inc 5254 fast_inc 0 eta_inc 2348343 multi_dec -2594745 quick_dec -114170 nack_dec -788500
Flow Uec_6449_0 flowId 28 uecSrc 27 finished at 43319.7 total messages 1 total packets 4107 RTS 0 total bytes 16781202 in_flight now 0 fair_inc 204339 prop_inc 7066 fast_inc 0 eta_inc 2349672 multi_dec -2618314 quick_dec -122018 nack_dec -610050
Flow Uec_487_0 flowId 43 uecSrc 42 finished at 43335 total messages 1 total packets 4107 RTS 0 total bytes 16781202 in_flight now 0 fair_inc 196319 prop_inc 2662 fast_inc 0 eta_inc 2353659 multi_dec -2579231 quick_dec -150525 nack_dec -676450
Flow Uec_5541_0 flowId 47 uecSrc 46 finished at 43356.4 total messages 1 total packets 4107 RTS 0 total bytes 16781202 in_flight now 0 fair_inc 190899 prop_inc 2893 fast_inc 0 eta_inc 2360304 multi_dec -2631319 quick_dec -211835 nack_dec -655700
Flow Uec_796_0 flowId 26 uecSrc 25 finished at 43359.9 total messages 1 total packets 4107 RTS 0 total bytes 16781202 in_flight now 0 fair_inc 206045 prop_inc 3753 fast_inc 0 eta_inc 2358975 multi_dec -2609252 quick_dec -188806 nack_dec -597600
Flow Uec_5530_0 flowId 33 uecSrc 32 finished at 43360.4 total messages 1 total packets 4107 RTS 0 total bytes 16781202 in_flight now 0 fair_inc 213684 prop_inc 6431 fast_inc 0 eta_inc 2356317 multi_dec -2614466 quick_dec -129075 nack_dec -676450
Flow Uec_2910_0 flowId 31 uecSrc 30 finished at 43479.3 total messages 1 total packets 4107 RTS 0 total bytes 16781202 in_flight now 0 fair_inc 199071 prop_inc 4550 fast_inc 0 eta_inc 2360304 multi_dec -2616936 quick_dec -111240 nack_dec -634950
Flow Uec_4549_0 flowId 34 uecSrc 33 finished at 43492.6 total messages 1 total packets 4107 RTS 0 total bytes 16781202 in_flight now 0 fair_inc 177859 prop_inc 1411 fast_inc 0 eta_inc 2364291 multi_dec -2589452 quick_dec -145088 nack_dec -639100
Flow Uec_5485_0 flowId 21 uecSrc 20 finished at 43493.1 total messages 1 total packets 4107 RTS 0 total bytes 16781202 in_flight now 0 fair_inc 260969 prop_inc 2947 fast_inc 0 eta_inc 2364291 multi_dec -2582889 quick_dec -199005 nack_dec -734550
Flow Uec_3084_0 flowId 10 uecSrc 9 finished at 43498.4 total messages 1 total packets 4107 RTS 0 total bytes 16781202 in_flight now 0 fair_inc 205891 prop_inc 2215 fast_inc 0 eta_inc 2360304 multi_dec -2622423 quick_dec -154321 nack_dec -651550
Flow Uec_5925_0 flowId 42 uecSrc 41 finished at 43510.9 total messages 1 total packets 4107 RTS 0 total bytes 16781202 in_flight now 0 fair_inc 207145 prop_inc 8424 fast_inc 0 eta_inc 2352330 multi_dec -2550802 quick_dec -135461 nack_dec -717950
Flow Uec_7080_0 flowId 27 uecSrc 26 finished at 43515.7 total messages 1 total packets 4107 RTS 0 total bytes 16781202 in_flight now 0 fair_inc 282819 prop_inc 4712 fast_inc 0 eta_inc 2366949 multi_dec -2620849 quick_dec -249849 nack_dec -664000
Flow Uec_3580_0 flowId 39 uecSrc 38 finished at 43537.8 total messages 1 total packets 4107 RTS 0 total bytes 16781202 in_flight now 0 fair_inc 216760 prop_inc 22255 fast_inc 0 eta_inc 2366949 multi_dec -2584281 quick_dec -171490 nack_dec -672300
Flow Uec_3335_0 flowId 30 uecSrc 29 finished at 43544.6 total messages 1 total packets 4107 RTS 0 total bytes 16781202 in_flight now 0 fair_inc 143597 prop_inc 21892 fast_inc 0 eta_inc 2369607 multi_dec -2588445 quick_dec -167287 nack_dec -605900
Flow Uec_4830_0 flowId 25 uecSrc 24 finished at 43560.5 total messages 1 total packets 4107 RTS 0 total bytes 16781202 in_flight now 0 fair_inc 174560 prop_inc 20250 fast_inc 0 eta_inc 2372265 multi_dec -2563643 quick_dec -172478 nack_dec -589300
Flow Uec_4405_0 flowId 59 uecSrc 58 finished at 43580 total messages 1 total packets 4107 RTS 0 total bytes 16781202 in_flight now 0 fair_inc 163618 prop_inc 23308 fast_inc 0 eta_inc 2368278 multi_dec -2549448 quick_dec -200474 nack_dec -622500
Flow Uec_8154_0 flowId 49 uecSrc 48 finished at 43588.1 total messages 1 total packets 4107 RTS 0 total bytes 16781202 in_flight now 0 fair_inc 231321 prop_inc 27488 fast_inc 0 eta_inc 2365620 multi_dec -2547758 quick_dec -165433 nack_dec -672300
Flow Uec_7885_0 flowId 1 uecSrc 0 finished at 43595.1 total messages 1 total packets 4107 RTS 0 total bytes 16781202 in_flight now 0 fair_inc 171090 prop_inc 21368 fast_inc 0 eta_inc 2370936 multi_dec -2591423 quick_dec -138128 nack_dec -614200
Flow Uec_3460_0 flowId 24 uecSrc 23 finished at 43596.1 total messages 1 total packets 4107 RTS 0 total bytes 16781202 in_flight now 0 fair_inc 180920 prop_inc 13943 fast_inc 0 eta_inc 2365620 multi_dec -2474046 quick_dec -178556 nack_dec -672300
Flow Uec_5635_0 flowId 40 uecSrc 39 finished at 43619.3 total messages 1 total packets 4107 RTS 0 total bytes 16781202 in_flight now 0 fair_inc 146766 prop_inc 38441 fast_inc 0 eta_inc 2369607 multi_dec -2467832 quick_dec -185665 nack_dec -622500
Flow Uec_7737_0 flowId 56 uecSrc 55 finished at 43622.7 total messages 1 total packets 4107 RTS 0 total bytes 16781202 in_flight now 0 fair_inc 172775 prop_inc 55606 fast_inc 0 eta_inc 2364291 multi_dec -2557358 quick_dec -132358 nack_dec -655700
Flow Uec_1865_0 flowId 14 uecSrc 13 finished at 43624.7 total messages 1 total packets 4107 RTS 0 total bytes 16781202 in_flight now 0 fair_inc 191443 prop_inc 48643 fast_inc 0 eta_inc 2369607 multi_dec -2559502 quick_dec -257274 nack_dec -634950
Flow Uec_6597_0 flowId 63 uecSrc 62 finished at 43647.5 total messages 1 total packets 4107 RTS 0 total bytes 16781202 in_flight now 0 fair_inc 173390 prop_inc 82194 fast_inc 0 eta_inc 2382897 multi_dec -2539957 quick_dec -247195 nack_dec -668150
Flow Uec_6796_0 flowId 44 uecSrc 43 finished at 43648.6 total messages 1 total packets 4107 RTS 0 total bytes 16781202 in_flight now 0 fair_inc 204456 prop_inc 79227 fast_inc 0 eta_inc 2365620 multi_dec -2501664 quick_dec -149266 nack_dec -709650
Flow Uec_6293_0 flowId 60 uecSrc 59 finished at 43650.8 total messages 1 total packets 4107 RTS 0 total bytes 16781202 in_flight now 0 fair_inc 160520 prop_inc 79885 fast_inc 0 eta_inc 2382897 multi_dec -2559512 quick_dec -250250 nack_dec -630800
Flow Uec_1573_0 flowId 13 uecSrc 12 finished at 43682.2 total messages 1 total packets 4107 RTS 0 total bytes 16781202 in_flight now 0 fair_inc 159296 prop_inc 95649 fast_inc 81079 eta_inc 2385555 multi_dec -2535252 quick_dec -244191 nack_dec -647400
New: 262848 Rtx: 9858 RTS: 0 Bounced: 0 ACKs: 262423 NACKs: 9858 Pulls: 0 sleek_pkts: 0
SPURIOUS_COUNT 0
