.Flow Uec_6453_0 flowId 17 uecSrc 16 finished at 58242.9 total messages 1 total packets 16425 RTS 0 total bytes 67112550 in_flight now 0 fair_inc 0 prop_inc 0 fast_inc 0 eta_inc 0 multi_dec -0 quick_dec -77076 nack_dec -539500
Flow Uec_1531_0 flowId 18 uecSrc 17 finished at 67596.5 total messages 1 total packets 16425 RTS 0 total bytes 67112550 in_flight now 0 fair_inc 0 prop_inc 0 fast_inc 0 eta_inc 0 multi_dec -0 quick_dec -114426 nack_dec -502150
Flow Uec_2915_0 flowId 64 uecSrc 63 finished at 67607.5 total messages 1 total packets 16425 RTS 0 total bytes 67112550 in_flight now 0 fair_inc 0 prop_inc 0 fast_inc 0 eta_inc 0 multi_dec -0 quick_dec -122726 nack_dec -543650
Flow Uec_6043_0 flowId 51 uecSrc 50 finished at 77142.6 total messages 1 total packets 16425 RTS 0 total bytes 67112550 in_flight now 0 fair_inc 6209 prop_inc 0 fast_inc 0 eta_inc 2658 multi_dec -0 quick_dec -95005 nack_dec -543650
Flow Uec_3738_0 flowId 52 uecSrc 51 finished at 86401.7 total messages 1 total packets 16425 RTS 0 total bytes 67112550 in_flight now 0 fair_inc 17047 prop_inc 0 fast_inc 0 eta_inc 2658 multi_dec -0 quick_dec -60476 nack_dec -502150
Flow Uec_5127_0 flowId 56 uecSrc 55 finished at 86579.6 total messages 1 total packets 16425 RTS 0 total bytes 67112550 in_flight now 0 fair_inc 16255 prop_inc 0 fast_inc 0 eta_inc 5316 multi_dec -0 quick_dec -119905 nack_dec -506300
Flow Uec_1500_0 flowId 9 uecSrc 8 finished at 96374.3 total messages 1 total packets 16425 RTS 0 total bytes 67112550 in_flight now 0 fair_inc 71899 prop_inc 0 fast_inc 0 eta_inc 26580 multi_dec -0 quick_dec -111605 nack_dec -551950
.Flow Uec_5377_0 flowId 11 uecSrc 10 finished at 101828 total messages 1 total packets 16425 RTS 0 total bytes 67112550 in_flight now 0 fair_inc 86354 prop_inc 0 fast_inc 0 eta_inc 766833 multi_dec -862519 quick_dec -130168 nack_dec -564400
Flow Uec_95_0 flowId 49 uecSrc 48 finished at 139516 total messages 1 total packets 16425 RTS 0 total bytes 67112550 in_flight now 0 fair_inc 571830 prop_inc 18198 fast_inc 0 eta_inc 9151494 multi_dec -9959911 quick_dec --260100 nack_dec -1112200
Flow Uec_20_0 flowId 62 uecSrc 61 finished at 139984 total messages 1 total packets 16425 RTS 0 total bytes 67112550 in_flight now 0 fair_inc 493884 prop_inc 2588 fast_inc 0 eta_inc 9190035 multi_dec -9705007 quick_dec --185489 nack_dec -1195200
.Flow Uec_1439_0 flowId 22 uecSrc 21 finished at 168333 total messages 1 total packets 16425 RTS 0 total bytes 67112550 in_flight now 0 fair_inc 924715 prop_inc 17940 fast_inc 0 eta_inc 9108966 multi_dec -10525890 quick_dec -317140 nack_dec -1020900
Flow Uec_3293_0 flowId 25 uecSrc 24 finished at 168935 total messages 1 total packets 16425 RTS 0 total bytes 67112550 in_flight now 0 fair_inc 926102 prop_inc 0 fast_inc 0 eta_inc 9154152 multi_dec -10440945 quick_dec -366037 nack_dec -1079000
Flow Uec_7089_0 flowId 40 uecSrc 39 finished at 169004 total messages 1 total packets 16425 RTS 0 total bytes 67112550 in_flight now 0 fair_inc 840541 prop_inc 1811 fast_inc 0 eta_inc 9151494 multi_dec -10366414 quick_dec -305421 nack_dec -1099750
Flow Uec_5077_0 flowId 38 uecSrc 37 finished at 169250 total messages 1 total packets 16425 RTS 0 total bytes 67112550 in_flight now 0 fair_inc 947100 prop_inc 164 fast_inc 0 eta_inc 9162126 multi_dec -10475543 quick_dec -350020 nack_dec -1128800
Flow Uec_3134_0 flowId 1 uecSrc 0 finished at 170745 total messages 1 total packets 16425 RTS 0 total bytes 67112550 in_flight now 0 fair_inc 855465 prop_inc 1329 fast_inc 0 eta_inc 9253827 multi_dec -10357890 quick_dec -398532 nack_dec -1037500
Flow Uec_3308_0 flowId 27 uecSrc 26 finished at 170796 total messages 1 total packets 16425 RTS 0 total bytes 67112550 in_flight now 0 fair_inc 800807 prop_inc 2457 fast_inc 0 eta_inc 9255156 multi_dec -10352320 quick_dec -408716 nack_dec -1041650
Flow Uec_5522_0 flowId 10 uecSrc 9 finished at 170831 total messages 1 total packets 16425 RTS 0 total bytes 67112550 in_flight now 0 fair_inc 864951 prop_inc 15135 fast_inc 0 eta_inc 9252498 multi_dec -10495461 quick_dec -261476 nack_dec -1045800
Flow Uec_4031_0 flowId 30 uecSrc 29 finished at 170940 total messages 1 total packets 16425 RTS 0 total bytes 67112550 in_flight now 0 fair_inc 848726 prop_inc 719 fast_inc 0 eta_inc 9247182 multi_dec -10486409 quick_dec -291561 nack_dec -1178600
Flow Uec_4369_0 flowId 23 uecSrc 22 finished at 170996 total messages 1 total packets 16425 RTS 0 total bytes 67112550 in_flight now 0 fair_inc 860369 prop_inc 1691 fast_inc 0 eta_inc 9259143 multi_dec -10391899 quick_dec -321697 nack_dec -1095600
Flow Uec_6012_0 flowId 39 uecSrc 38 finished at 171135 total messages 1 total packets 16425 RTS 0 total bytes 67112550 in_flight now 0 fair_inc 806664 prop_inc 1146 fast_inc 0 eta_inc 9257814 multi_dec -10342054 quick_dec -409413 nack_dec -1099750
Flow Uec_7945_0 flowId 19 uecSrc 18 finished at 171176 total messages 1 total packets 16425 RTS 0 total bytes 67112550 in_flight now 0 fair_inc 882366 prop_inc 451 fast_inc 0 eta_inc 9276420 multi_dec -10595897 quick_dec -294646 nack_dec -1008450
Flow Uec_5261_0 flowId 53 uecSrc 52 finished at 171212 total messages 1 total packets 16425 RTS 0 total bytes 67112550 in_flight now 0 fair_inc 940560 prop_inc 2822 fast_inc 0 eta_inc 9277749 multi_dec -10360587 quick_dec -456179 nack_dec -1195200
Flow Uec_1847_0 flowId 57 uecSrc 56 finished at 171510 total messages 1 total packets 16425 RTS 0 total bytes 67112550 in_flight now 0 fair_inc 867314 prop_inc 54 fast_inc 0 eta_inc 9289710 multi_dec -10518245 quick_dec -274815 nack_dec -1087300
Flow Uec_7043_0 flowId 5 uecSrc 4 finished at 171521 total messages 1 total packets 16425 RTS 0 total bytes 67112550 in_flight now 0 fair_inc 837141 prop_inc 2579 fast_inc 0 eta_inc 9285723 multi_dec -10441959 quick_dec -236940 nack_dec -1103900
Flow Uec_7954_0 flowId 16 uecSrc 15 finished at 171645 total messages 1 total packets 16425 RTS 0 total bytes 67112550 in_flight now 0 fair_inc 782848 prop_inc 9182 fast_inc 0 eta_inc 9300342 multi_dec -10406162 quick_dec -326404 nack_dec -1041650
Flow Uec_3081_0 flowId 12 uecSrc 11 finished at 171742 total messages 1 total packets 16425 RTS 0 total bytes 67112550 in_flight now 0 fair_inc 863246 prop_inc 2108 fast_inc 0 eta_inc 9293697 multi_dec -10504561 quick_dec -269377 nack_dec -1095600
Flow Uec_1707_0 flowId 24 uecSrc 23 finished at 171848 total messages 1 total packets 16425 RTS 0 total bytes 67112550 in_flight now 0 fair_inc 852439 prop_inc 541 fast_inc 0 eta_inc 9295026 multi_dec -10368089 quick_dec -452665 nack_dec -1141250
Flow Uec_2989_0 flowId 13 uecSrc 12 finished at 171905 total messages 1 total packets 16425 RTS 0 total bytes 67112550 in_flight now 0 fair_inc 831489 prop_inc 254 fast_inc 0 eta_inc 9312303 multi_dec -10380226 quick_dec -449314 nack_dec -1116350
Flow Uec_653_0 flowId 20 uecSrc 19 finished at 171914 total messages 1 total packets 16425 RTS 0 total bytes 67112550 in_flight now 0 fair_inc 825812 prop_inc 2579 fast_inc 0 eta_inc 9291039 multi_dec -10249926 quick_dec -349959 nack_dec -1215950
Flow Uec_646_0 flowId 44 uecSrc 43 finished at 171978 total messages 1 total packets 16425 RTS 0 total bytes 67112550 in_flight now 0 fair_inc 868053 prop_inc 2638 fast_inc 0 eta_inc 9309645 multi_dec -10526297 quick_dec -166454 nack_dec -1049950
Flow Uec_5959_0 flowId 37 uecSrc 36 finished at 172490 total messages 1 total packets 16425 RTS 0 total bytes 67112550 in_flight now 0 fair_inc 822815 prop_inc 3366 fast_inc 0 eta_inc 9341541 multi_dec -10479741 quick_dec -346616 nack_dec -1103900
Flow Uec_6950_0 flowId 61 uecSrc 60 finished at 172719 total messages 1 total packets 16425 RTS 0 total bytes 67112550 in_flight now 0 fair_inc 910150 prop_inc 4304 fast_inc 0 eta_inc 9349515 multi_dec -10448987 quick_dec -389474 nack_dec -1108514
Flow Uec_853_0 flowId 26 uecSrc 25 finished at 172991 total messages 1 total packets 16425 RTS 0 total bytes 67112550 in_flight now 0 fair_inc 875570 prop_inc 27286 fast_inc 0 eta_inc 9361476 multi_dec -10443157 quick_dec -451198 nack_dec -1157850
Flow Uec_4912_0 flowId 50 uecSrc 49 finished at 173027 total messages 1 total packets 16425 RTS 0 total bytes 67112550 in_flight now 0 fair_inc 789870 prop_inc 2945 fast_inc 0 eta_inc 9373437 multi_dec -10483451 quick_dec -250142 nack_dec -966950
Flow Uec_3114_0 flowId 54 uecSrc 53 finished at 173082 total messages 1 total packets 16425 RTS 0 total bytes 67112550 in_flight now 0 fair_inc 782836 prop_inc 5380 fast_inc 0 eta_inc 9364134 multi_dec -10438547 quick_dec -219371 nack_dec -1195664
Flow Uec_2330_0 flowId 35 uecSrc 34 finished at 173086 total messages 1 total packets 16425 RTS 0 total bytes 67112550 in_flight now 0 fair_inc 891513 prop_inc 3702 fast_inc 0 eta_inc 9366792 multi_dec -10438086 quick_dec -417886 nack_dec -1186900
Flow Uec_7527_0 flowId 42 uecSrc 41 finished at 173121 total messages 1 total packets 16425 RTS 0 total bytes 67112550 in_flight now 0 fair_inc 745201 prop_inc 4369 fast_inc 0 eta_inc 9376095 multi_dec -10345138 quick_dec -433924 nack_dec -1012600
Flow Uec_4260_0 flowId 7 uecSrc 6 finished at 173174 total messages 1 total packets 16425 RTS 0 total bytes 67112550 in_flight now 0 fair_inc 869031 prop_inc 20433 fast_inc 0 eta_inc 9380082 multi_dec -10436632 quick_dec -461834 nack_dec -1137100
Flow Uec_5215_0 flowId 2 uecSrc 1 finished at 173174 total messages 1 total packets 16425 RTS 0 total bytes 67112550 in_flight now 0 fair_inc 687533 prop_inc 5588 fast_inc 0 eta_inc 9385398 multi_dec -10521197 quick_dec -262161 nack_dec -879800
Flow Uec_3133_0 flowId 14 uecSrc 13 finished at 173274 total messages 1 total packets 16425 RTS 0 total bytes 67112550 in_flight now 0 fair_inc 910939 prop_inc 4338 fast_inc 0 eta_inc 9394701 multi_dec -10509046 quick_dec -367875 nack_dec -1108050
Flow Uec_4328_0 flowId 4 uecSrc 3 finished at 173277 total messages 1 total packets 16425 RTS 0 total bytes 67112550 in_flight now 0 fair_inc 788233 prop_inc 3909 fast_inc 0 eta_inc 9389385 multi_dec -10459528 quick_dec -232981 nack_dec -1071164
Flow Uec_7281_0 flowId 32 uecSrc 31 finished at 173287 total messages 1 total packets 16425 RTS 0 total bytes 67112550 in_flight now 0 fair_inc 843659 prop_inc 18535 fast_inc 0 eta_inc 9384069 multi_dec -10416347 quick_dec -437450 nack_dec -1079000
Flow Uec_6160_0 flowId 63 uecSrc 62 finished at 173323 total messages 1 total packets 16425 RTS 0 total bytes 67112550 in_flight now 0 fair_inc 793257 prop_inc 33151 fast_inc 0 eta_inc 9388056 multi_dec -10455708 quick_dec -287334 nack_dec -1049950
Flow Uec_772_0 flowId 58 uecSrc 57 finished at 173326 total messages 1 total packets 16425 RTS 0 total bytes 67112550 in_flight now 0 fair_inc 797345 prop_inc 4585 fast_inc 0 eta_inc 9396030 multi_dec -10305158 quick_dec -393718 nack_dec -1037500
Flow Uec_1894_0 flowId 34 uecSrc 33 finished at 173339 total messages 1 total packets 16425 RTS 0 total bytes 67112550 in_flight now 0 fair_inc 841275 prop_inc 6312 fast_inc 0 eta_inc 9377424 multi_dec -10444560 quick_dec -389714 nack_dec -1203500
Flow Uec_2339_0 flowId 3 uecSrc 2 finished at 173359 total messages 1 total packets 16425 RTS 0 total bytes 67112550 in_flight now 0 fair_inc 763610 prop_inc 6717 fast_inc 0 eta_inc 9385398 multi_dec -10394665 quick_dec -374456 nack_dec -1079000
Flow Uec_7435_0 flowId 28 uecSrc 27 finished at 173385 total messages 1 total packets 16425 RTS 0 total bytes 67112550 in_flight now 0 fair_inc 942379 prop_inc 14062 fast_inc 0 eta_inc 9393372 multi_dec -10422058 quick_dec -561792 nack_dec -1211800
Flow Uec_8092_0 flowId 33 uecSrc 32 finished at 173400 total messages 1 total packets 16425 RTS 0 total bytes 67112550 in_flight now 0 fair_inc 775169 prop_inc 11346 fast_inc 0 eta_inc 9397359 multi_dec -10366934 quick_dec -413514 nack_dec -983550
Flow Uec_6678_0 flowId 6 uecSrc 5 finished at 173509 total messages 1 total packets 16425 RTS 0 total bytes 67112550 in_flight now 0 fair_inc 820411 prop_inc 10316 fast_inc 0 eta_inc 9394701 multi_dec -10276063 quick_dec -396295 nack_dec -1124650
Flow Uec_2707_0 flowId 48 uecSrc 47 finished at 173611 total messages 1 total packets 16425 RTS 0 total bytes 67112550 in_flight now 0 fair_inc 757165 prop_inc 8425 fast_inc 0 eta_inc 9411978 multi_dec -10335173 quick_dec -475934 nack_dec -1083150
Flow Uec_2612_0 flowId 59 uecSrc 58 finished at 173624 total messages 1 total packets 16425 RTS 0 total bytes 67112550 in_flight now 0 fair_inc 883410 prop_inc 9322 fast_inc 0 eta_inc 9386727 multi_dec -10439591 quick_dec -356448 nack_dec -1174450
Flow Uec_3384_0 flowId 46 uecSrc 45 finished at 173629 total messages 1 total packets 16425 RTS 0 total bytes 67112550 in_flight now 0 fair_inc 757308 prop_inc 7480 fast_inc 0 eta_inc 9404004 multi_dec -10529419 quick_dec -237917 nack_dec -1025050
Flow Uec_5927_0 flowId 45 uecSrc 44 finished at 173642 total messages 1 total packets 16425 RTS 0 total bytes 67112550 in_flight now 0 fair_inc 849474 prop_inc 9225 fast_inc 0 eta_inc 9390714 multi_dec -10427764 quick_dec -600105 nack_dec -1137100
Flow Uec_6375_0 flowId 15 uecSrc 14 finished at 173681 total messages 1 total packets 16425 RTS 0 total bytes 67112550 in_flight now 0 fair_inc 741532 prop_inc 10995 fast_inc 0 eta_inc 9388056 multi_dec -10270682 quick_dec -342805 nack_dec -1091450
Flow Uec_7063_0 flowId 47 uecSrc 46 finished at 173738 total messages 1 total packets 16425 RTS 0 total bytes 67112550 in_flight now 0 fair_inc 750752 prop_inc 13020 fast_inc 0 eta_inc 9409320 multi_dec -10420302 quick_dec -270721 nack_dec -1095600
Flow Uec_3264_0 flowId 29 uecSrc 28 finished at 173798 total messages 1 total packets 16425 RTS 0 total bytes 67112550 in_flight now 0 fair_inc 837598 prop_inc 11901 fast_inc 0 eta_inc 9409320 multi_dec -10342104 quick_dec -479102 nack_dec -1182750
Flow Uec_7901_0 flowId 31 uecSrc 30 finished at 173800 total messages 1 total packets 16425 RTS 0 total bytes 67112550 in_flight now 0 fair_inc 769566 prop_inc 18186 fast_inc 0 eta_inc 9405333 multi_dec -10380970 quick_dec -337759 nack_dec -1215950
Flow Uec_2875_0 flowId 36 uecSrc 35 finished at 173873 total messages 1 total packets 16425 RTS 0 total bytes 67112550 in_flight now 0 fair_inc 719097 prop_inc 26460 fast_inc 0 eta_inc 9409320 multi_dec -10322743 quick_dec -295179 nack_dec -1087300
Flow Uec_3421_0 flowId 55 uecSrc 54 finished at 173914 total messages 1 total packets 16425 RTS 0 total bytes 67112550 in_flight now 0 fair_inc 753526 prop_inc 32689 fast_inc 0 eta_inc 9423939 multi_dec -10207131 quick_dec -369687 nack_dec -1137100
Flow Uec_285_0 flowId 21 uecSrc 20 finished at 174009 total messages 1 total packets 16425 RTS 0 total bytes 67112550 in_flight now 0 fair_inc 820416 prop_inc 41580 fast_inc 0 eta_inc 9431913 multi_dec -10379042 quick_dec -398290 nack_dec -1070700
Flow Uec_1965_0 flowId 8 uecSrc 7 finished at 174067 total messages 1 total packets 16425 RTS 0 total bytes 67112550 in_flight now 0 fair_inc 740415 prop_inc 59140 fast_inc 0 eta_inc 9415965 multi_dec -10120350 quick_dec -393412 nack_dec -1191050
Flow Uec_2402_0 flowId 43 uecSrc 42 finished at 174333 total messages 1 total packets 16425 RTS 0 total bytes 67112550 in_flight now 0 fair_inc 790436 prop_inc 102008 fast_inc 0 eta_inc 9457164 multi_dec -10491130 quick_dec -398119 nack_dec -1079000
Flow Uec_3352_0 flowId 41 uecSrc 40 finished at 174357 total messages 1 total packets 16425 RTS 0 total bytes 67112550 in_flight now 0 fair_inc 800560 prop_inc 109820 fast_inc 0 eta_inc 9445203 multi_dec -10445416 quick_dec -250693 nack_dec -1153700
Flow Uec_3237_0 flowId 60 uecSrc 59 finished at 174549 total messages 1 total packets 16425 RTS 0 total bytes 67112550 in_flight now 0 fair_inc 925763 prop_inc 143821 fast_inc 2337720 eta_inc 9473112 multi_dec -10581734 quick_dec -404359 nack_dec -1091450
New: 1051200 Rtx: 15896 RTS: 0 Bounced: 0 ACKs: 1049910 NACKs: 15896 Pulls: 0 sleek_pkts: 0
SPURIOUS_COUNT 0
