Flow Uec_6900_0 flowId 25 uecSrc 24 finished at 1191.83 total messages 1 total packets 257 RTS 0 total bytes 1050102 in_flight now 0 fair_inc 0 prop_inc 0 fast_inc 0 eta_inc 0 multi_dec -0 quick_dec -85376 nack_dec -522900
Flow Uec_912_0 flowId 6 uecSrc 5 finished at 1381.01 total messages 1 total packets 257 RTS 0 total bytes 1050102 in_flight now 0 fair_inc 0 prop_inc 0 fast_inc 0 eta_inc 1329 multi_dec -0 quick_dec -128205 nack_dec -473100
Flow Uec_4544_0 flowId 35 uecSrc 34 finished at 1385.43 total messages 1 total packets 257 RTS 0 total bytes 1050102 in_flight now 0 fair_inc 0 prop_inc 0 fast_inc 0 eta_inc 1329 multi_dec -0 quick_dec -111605 nack_dec -518750
Flow Uec_1059_0 flowId 20 uecSrc 19 finished at 1673.77 total messages 1 total packets 257 RTS 0 total bytes 1050102 in_flight now 0 fair_inc 0 prop_inc 0 fast_inc 0 eta_inc 1329 multi_dec -0 quick_dec -99155 nack_dec -489700
Flow Uec_201_0 flowId 61 uecSrc 60 finished at 1854.63 total messages 1 total packets 257 RTS 0 total bytes 1050102 in_flight now 0 fair_inc 6745 prop_inc 5720 fast_inc 0 eta_inc 115623 multi_dec -95543 quick_dec --11138 nack_dec -373500
Flow Uec_2593_0 flowId 28 uecSrc 27 finished at 1967.46 total messages 1 total packets 257 RTS 0 total bytes 1050102 in_flight now 0 fair_inc 28722 prop_inc 0 fast_inc 0 eta_inc 103662 multi_dec -140467 quick_dec -88034 nack_dec -485550
Flow Uec_141_0 flowId 36 uecSrc 35 finished at 2067.39 total messages 1 total packets 257 RTS 0 total bytes 1050102 in_flight now 0 fair_inc 6644 prop_inc 4771 fast_inc 0 eta_inc 123597 multi_dec -95394 quick_dec -4189 nack_dec -377650
Flow Uec_62_0 flowId 51 uecSrc 50 finished at 2078.12 total messages 1 total packets 257 RTS 0 total bytes 1050102 in_flight now 0 fair_inc 0 prop_inc 28311 fast_inc 0 eta_inc 128913 multi_dec -104420 quick_dec --4202 nack_dec -352750
Flow Uec_5926_0 flowId 8 uecSrc 7 finished at 2083.05 total messages 1 total packets 257 RTS 0 total bytes 1050102 in_flight now 0 fair_inc 6755 prop_inc 0 fast_inc 0 eta_inc 1329 multi_dec -0 quick_dec -114426 nack_dec -485550
Flow Uec_4980_0 flowId 7 uecSrc 6 finished at 2182.67 total messages 1 total packets 257 RTS 0 total bytes 1050102 in_flight now 0 fair_inc 0 prop_inc 339 fast_inc 0 eta_inc 2658 multi_dec -0 quick_dec -111605 nack_dec -514600
Flow Uec_3106_0 flowId 53 uecSrc 52 finished at 2251 total messages 1 total packets 257 RTS 0 total bytes 1050102 in_flight now 0 fair_inc 31382 prop_inc 13506 fast_inc 0 eta_inc 115623 multi_dec -138984 quick_dec -116168 nack_dec -498000
Flow Uec_4641_0 flowId 42 uecSrc 41 finished at 2262.56 total messages 1 total packets 257 RTS 0 total bytes 1050102 in_flight now 0 fair_inc 12840 prop_inc 0 fast_inc 0 eta_inc 118281 multi_dec -149291 quick_dec -95406 nack_dec -485550
Flow Uec_5268_0 flowId 11 uecSrc 10 finished at 2278.27 total messages 1 total packets 257 RTS 0 total bytes 1050102 in_flight now 0 fair_inc 21918 prop_inc 0 fast_inc 0 eta_inc 119610 multi_dec -151273 quick_dec -134693 nack_dec -481400
Flow Uec_6638_0 flowId 43 uecSrc 42 finished at 2404.41 total messages 1 total packets 257 RTS 0 total bytes 1050102 in_flight now 0 fair_inc 12925 prop_inc 0 fast_inc 0 eta_inc 126255 multi_dec -142623 quick_dec -135649 nack_dec -493850
Flow Uec_1218_0 flowId 50 uecSrc 49 finished at 2419.28 total messages 1 total packets 257 RTS 0 total bytes 1050102 in_flight now 0 fair_inc 10095 prop_inc 0 fast_inc 0 eta_inc 124926 multi_dec -142573 quick_dec -138277 nack_dec -527050
Flow Uec_6401_0 flowId 48 uecSrc 47 finished at 2453.09 total messages 1 total packets 257 RTS 0 total bytes 1050102 in_flight now 0 fair_inc 19221 prop_inc 0 fast_inc 0 eta_inc 123597 multi_dec -145625 quick_dec -106126 nack_dec -498000
Flow Uec_7886_0 flowId 19 uecSrc 18 finished at 2458.5 total messages 1 total packets 257 RTS 0 total bytes 1050102 in_flight now 0 fair_inc 43495 prop_inc 13322 fast_inc 0 eta_inc 122268 multi_dec -142584 quick_dec -137528 nack_dec -510450
Flow Uec_2132_0 flowId 55 uecSrc 54 finished at 2469.25 total messages 1 total packets 257 RTS 0 total bytes 1050102 in_flight now 0 fair_inc 6076 prop_inc 23799 fast_inc 0 eta_inc 130242 multi_dec -144645 quick_dec -98126 nack_dec -485550
Flow Uec_693_0 flowId 9 uecSrc 8 finished at 2482.66 total messages 1 total packets 257 RTS 0 total bytes 1050102 in_flight now 0 fair_inc 19128 prop_inc 0 fast_inc 0 eta_inc 131571 multi_dec -149858 quick_dec -138224 nack_dec -493850
Flow Uec_967_0 flowId 5 uecSrc 4 finished at 2486.75 total messages 1 total packets 257 RTS 0 total bytes 1050102 in_flight now 0 fair_inc 24219 prop_inc 0 fast_inc 0 eta_inc 130242 multi_dec -143484 quick_dec -141375 nack_dec -506300
Flow Uec_3859_0 flowId 41 uecSrc 40 finished at 2507.89 total messages 1 total packets 257 RTS 0 total bytes 1050102 in_flight now 0 fair_inc 13069 prop_inc 0 fast_inc 0 eta_inc 132900 multi_dec -147913 quick_dec -99997 nack_dec -489700
Flow Uec_1698_0 flowId 38 uecSrc 37 finished at 2515.36 total messages 1 total packets 257 RTS 0 total bytes 1050102 in_flight now 0 fair_inc 31785 prop_inc 0 fast_inc 0 eta_inc 131571 multi_dec -149651 quick_dec -114831 nack_dec -498000
Flow Uec_7811_0 flowId 10 uecSrc 9 finished at 2520.44 total messages 1 total packets 257 RTS 0 total bytes 1050102 in_flight now 0 fair_inc 67920 prop_inc 166 fast_inc 0 eta_inc 131571 multi_dec -150905 quick_dec -103305 nack_dec -510450
Flow Uec_7935_0 flowId 40 uecSrc 39 finished at 2527.35 total messages 1 total packets 257 RTS 0 total bytes 1050102 in_flight now 0 fair_inc 6160 prop_inc 0 fast_inc 0 eta_inc 132900 multi_dec -152638 quick_dec -127591 nack_dec -485550
Flow Uec_6468_0 flowId 58 uecSrc 57 finished at 2547.73 total messages 1 total packets 257 RTS 0 total bytes 1050102 in_flight now 0 fair_inc 7232 prop_inc 0 fast_inc 0 eta_inc 135558 multi_dec -156934 quick_dec -125761 nack_dec -518750
Flow Uec_2422_0 flowId 56 uecSrc 55 finished at 2560.96 total messages 1 total packets 257 RTS 0 total bytes 1050102 in_flight now 0 fair_inc 25219 prop_inc 0 fast_inc 0 eta_inc 135558 multi_dec -153108 quick_dec -129517 nack_dec -481400
Flow Uec_3304_0 flowId 59 uecSrc 58 finished at 2566.71 total messages 1 total packets 257 RTS 0 total bytes 1050102 in_flight now 0 fair_inc 19069 prop_inc 926 fast_inc 0 eta_inc 131571 multi_dec -140675 quick_dec -107480 nack_dec -498000
Flow Uec_1631_0 flowId 24 uecSrc 23 finished at 2569.97 total messages 1 total packets 257 RTS 0 total bytes 1050102 in_flight now 0 fair_inc 12385 prop_inc 485 fast_inc 0 eta_inc 132900 multi_dec -142173 quick_dec -96601 nack_dec -502150
Flow Uec_4120_0 flowId 16 uecSrc 15 finished at 2571.9 total messages 1 total packets 257 RTS 0 total bytes 1050102 in_flight now 0 fair_inc 12669 prop_inc 0 fast_inc 0 eta_inc 132900 multi_dec -136340 quick_dec -134558 nack_dec -498000
Flow Uec_6711_0 flowId 1 uecSrc 0 finished at 2582.96 total messages 1 total packets 257 RTS 0 total bytes 1050102 in_flight now 0 fair_inc 22358 prop_inc 381 fast_inc 0 eta_inc 132900 multi_dec -144001 quick_dec -119183 nack_dec -498000
Flow Uec_3397_0 flowId 4 uecSrc 3 finished at 2586.55 total messages 1 total packets 257 RTS 0 total bytes 1050102 in_flight now 0 fair_inc 26258 prop_inc 0 fast_inc 0 eta_inc 135558 multi_dec -156468 quick_dec -137731 nack_dec -489700
Flow Uec_8169_0 flowId 60 uecSrc 59 finished at 2593.3 total messages 1 total packets 257 RTS 0 total bytes 1050102 in_flight now 0 fair_inc 12906 prop_inc 1241 fast_inc 0 eta_inc 131571 multi_dec -135270 quick_dec -105828 nack_dec -502150
Flow Uec_2816_0 flowId 14 uecSrc 13 finished at 2597.22 total messages 1 total packets 257 RTS 0 total bytes 1050102 in_flight now 0 fair_inc 22260 prop_inc 1388 fast_inc 0 eta_inc 134229 multi_dec -142346 quick_dec -111208 nack_dec -498000
Flow Uec_2508_0 flowId 39 uecSrc 38 finished at 2611.93 total messages 1 total packets 257 RTS 0 total bytes 1050102 in_flight now 0 fair_inc 10931 prop_inc 2021 fast_inc 0 eta_inc 6645 multi_dec -0 quick_dec -124055 nack_dec -498000
Flow Uec_6877_0 flowId 33 uecSrc 32 finished at 2621.33 total messages 1 total packets 257 RTS 0 total bytes 1050102 in_flight now 0 fair_inc 26082 prop_inc 2546 fast_inc 0 eta_inc 136887 multi_dec -133151 quick_dec -155095 nack_dec -502150
Flow Uec_2892_0 flowId 34 uecSrc 33 finished at 2630.74 total messages 1 total packets 257 RTS 0 total bytes 1050102 in_flight now 0 fair_inc 25754 prop_inc 0 fast_inc 0 eta_inc 135558 multi_dec -148326 quick_dec -94823 nack_dec -510450
Flow Uec_7301_0 flowId 13 uecSrc 12 finished at 2634.49 total messages 1 total packets 257 RTS 0 total bytes 1050102 in_flight now 0 fair_inc 24798 prop_inc 7613 fast_inc 0 eta_inc 135558 multi_dec -133165 quick_dec -116191 nack_dec -551950
Flow Uec_5473_0 flowId 32 uecSrc 31 finished at 2638.75 total messages 1 total packets 257 RTS 0 total bytes 1050102 in_flight now 0 fair_inc 12838 prop_inc 4284 fast_inc 0 eta_inc 138216 multi_dec -137937 quick_dec -115042 nack_dec -502150
Flow Uec_3534_0 flowId 64 uecSrc 63 finished at 2639.52 total messages 1 total packets 257 RTS 0 total bytes 1050102 in_flight now 0 fair_inc 13087 prop_inc 0 fast_inc 0 eta_inc 134229 multi_dec -140355 quick_dec -127294 nack_dec -498000
Flow Uec_3449_0 flowId 15 uecSrc 14 finished at 2642.78 total messages 1 total packets 257 RTS 0 total bytes 1050102 in_flight now 0 fair_inc 6565 prop_inc 3718 fast_inc 0 eta_inc 138216 multi_dec -140246 quick_dec -74703 nack_dec -485550
Flow Uec_3317_0 flowId 12 uecSrc 11 finished at 2653.84 total messages 1 total packets 257 RTS 0 total bytes 1050102 in_flight now 0 fair_inc 27611 prop_inc 1123 fast_inc 0 eta_inc 135558 multi_dec -123180 quick_dec -102045 nack_dec -518750
Flow Uec_2286_0 flowId 49 uecSrc 48 finished at 2656.43 total messages 1 total packets 257 RTS 0 total bytes 1050102 in_flight now 0 fair_inc 12913 prop_inc 151 fast_inc 0 eta_inc 136887 multi_dec -141804 quick_dec -105155 nack_dec -502150
Flow Uec_4488_0 flowId 23 uecSrc 22 finished at 2666.66 total messages 1 total packets 257 RTS 0 total bytes 1050102 in_flight now 0 fair_inc 18094 prop_inc 2421 fast_inc 0 eta_inc 139545 multi_dec -143069 quick_dec -111983 nack_dec -502150
Flow Uec_301_0 flowId 37 uecSrc 36 finished at 2677.39 total messages 1 total packets 257 RTS 0 total bytes 1050102 in_flight now 0 fair_inc 32399 prop_inc 5380 fast_inc 0 eta_inc 142203 multi_dec -177663 quick_dec -123157 nack_dec -489700
Flow Uec_5300_0 flowId 57 uecSrc 56 finished at 2680.98 total messages 1 total packets 257 RTS 0 total bytes 1050102 in_flight now 0 fair_inc 13074 prop_inc 4971 fast_inc 0 eta_inc 142203 multi_dec -131903 quick_dec -124174 nack_dec -493850
Flow Uec_5843_0 flowId 17 uecSrc 16 finished at 2682.91 total messages 1 total packets 257 RTS 0 total bytes 1050102 in_flight now 0 fair_inc 13389 prop_inc 6362 fast_inc 0 eta_inc 143532 multi_dec -147315 quick_dec -127788 nack_dec -489700
Flow Uec_4302_0 flowId 45 uecSrc 44 finished at 2687 total messages 1 total packets 257 RTS 0 total bytes 1050102 in_flight now 0 fair_inc 19537 prop_inc 3402 fast_inc 0 eta_inc 139545 multi_dec -141134 quick_dec -120329 nack_dec -502150
Flow Uec_3549_0 flowId 3 uecSrc 2 finished at 2701.38 total messages 1 total packets 257 RTS 0 total bytes 1050102 in_flight now 0 fair_inc 22694 prop_inc 10338 fast_inc 0 eta_inc 140874 multi_dec -128734 quick_dec -78268 nack_dec -510450
Flow Uec_8104_0 flowId 44 uecSrc 43 finished at 2703.31 total messages 1 total packets 257 RTS 0 total bytes 1050102 in_flight now 0 fair_inc 6725 prop_inc 14524 fast_inc 0 eta_inc 140874 multi_dec -136015 quick_dec -97155 nack_dec -493850
Flow Uec_1096_0 flowId 47 uecSrc 46 finished at 2704.08 total messages 1 total packets 257 RTS 0 total bytes 1050102 in_flight now 0 fair_inc 28183 prop_inc 12896 fast_inc 0 eta_inc 138216 multi_dec -128790 quick_dec -133029 nack_dec -506300
Flow Uec_5868_0 flowId 18 uecSrc 17 finished at 2708.67 total messages 1 total packets 257 RTS 0 total bytes 1050102 in_flight now 0 fair_inc 13245 prop_inc 14320 fast_inc 0 eta_inc 142203 multi_dec -139597 quick_dec -134461 nack_dec -489700
Flow Uec_6348_0 flowId 62 uecSrc 61 finished at 2712.43 total messages 1 total packets 257 RTS 0 total bytes 1050102 in_flight now 0 fair_inc 6644 prop_inc 14939 fast_inc 0 eta_inc 142203 multi_dec -139665 quick_dec -118576 nack_dec -489700
Flow Uec_1801_0 flowId 2 uecSrc 1 finished at 2714.03 total messages 1 total packets 257 RTS 0 total bytes 1050102 in_flight now 0 fair_inc 6315 prop_inc 18304 fast_inc 0 eta_inc 142203 multi_dec -132647 quick_dec -123008 nack_dec -493850
Flow Uec_7902_0 flowId 46 uecSrc 45 finished at 2723.1 total messages 1 total packets 257 RTS 0 total bytes 1050102 in_flight now 0 fair_inc 6699 prop_inc 26580 fast_inc 0 eta_inc 139545 multi_dec -126354 quick_dec -135229 nack_dec -498000
Flow Uec_565_0 flowId 22 uecSrc 21 finished at 2731.17 total messages 1 total packets 257 RTS 0 total bytes 1050102 in_flight now 0 fair_inc 18244 prop_inc 30235 fast_inc 0 eta_inc 142203 multi_dec -119231 quick_dec -103358 nack_dec -502150
Flow Uec_1300_0 flowId 26 uecSrc 25 finished at 2736.09 total messages 1 total packets 257 RTS 0 total bytes 1050102 in_flight now 0 fair_inc 18061 prop_inc 41738 fast_inc 0 eta_inc 143532 multi_dec -123538 quick_dec -123522 nack_dec -493850
Flow Uec_2406_0 flowId 52 uecSrc 51 finished at 2737.35 total messages 1 total packets 257 RTS 0 total bytes 1050102 in_flight now 0 fair_inc 24950 prop_inc 54429 fast_inc 0 eta_inc 140874 multi_dec -116585 quick_dec -167797 nack_dec -506300
Flow Uec_3735_0 flowId 30 uecSrc 29 finished at 2742.11 total messages 1 total packets 257 RTS 0 total bytes 1050102 in_flight now 0 fair_inc 36870 prop_inc 37071 fast_inc 0 eta_inc 144861 multi_dec -124912 quick_dec -161018 nack_dec -502150
Flow Uec_7184_0 flowId 54 uecSrc 53 finished at 2747.69 total messages 1 total packets 257 RTS 0 total bytes 1050102 in_flight now 0 fair_inc 6512 prop_inc 40440 fast_inc 0 eta_inc 142203 multi_dec -132405 quick_dec -126493 nack_dec -489700
Flow Uec_7092_0 flowId 63 uecSrc 62 finished at 2750.12 total messages 1 total packets 257 RTS 0 total bytes 1050102 in_flight now 0 fair_inc 0 prop_inc 45521 fast_inc 0 eta_inc 143532 multi_dec -122840 quick_dec -132476 nack_dec -489700
Flow Uec_3346_0 flowId 27 uecSrc 26 finished at 2754.87 total messages 1 total packets 257 RTS 0 total bytes 1050102 in_flight now 0 fair_inc 18942 prop_inc 63176 fast_inc 0 eta_inc 146190 multi_dec -126752 quick_dec -111882 nack_dec -498000
Flow Uec_1980_0 flowId 21 uecSrc 20 finished at 2756.22 total messages 1 total packets 257 RTS 0 total bytes 1050102 in_flight now 0 fair_inc 0 prop_inc 55112 fast_inc 0 eta_inc 146190 multi_dec -120663 quick_dec -114297 nack_dec -506300
Flow Uec_1159_0 flowId 31 uecSrc 30 finished at 2756.72 total messages 1 total packets 257 RTS 0 total bytes 1050102 in_flight now 0 fair_inc 0 prop_inc 36116 fast_inc 0 eta_inc 144861 multi_dec -115417 quick_dec -107401 nack_dec -506300
Flow Uec_8026_0 flowId 29 uecSrc 28 finished at 2763.43 total messages 1 total packets 257 RTS 0 total bytes 1050102 in_flight now 0 fair_inc 0 prop_inc 56361 fast_inc 0 eta_inc 143532 multi_dec -111250 quick_dec -154215 nack_dec -506300
New: 16448 Rtx: 7608 RTS: 0 Bounced: 0 ACKs: 16188 NACKs: 7608 Pulls: 0 sleek_pkts: 0
SPURIOUS_COUNT 0
