Flow Uec_7556_0 flowId 28 uecSrc 27 finished at 16644.3 total messages 1 total packets 4107 RTS 0 total bytes 16781202 in_flight now 0 fair_inc 0 prop_inc 0 fast_inc 0 eta_inc 0 multi_dec -0 quick_dec -52176 nack_dec -485550
Flow Uec_4983_0 flowId 5 uecSrc 4 finished at 19023 total messages 1 total packets 4107 RTS 0 total bytes 16781202 in_flight now 0 fair_inc 6209 prop_inc 0 fast_inc 0 eta_inc 1329 multi_dec -0 quick_dec -52176 nack_dec -493850
Flow Uec_1932_0 flowId 15 uecSrc 14 finished at 19967.3 total messages 1 total packets 4107 RTS 0 total bytes 16781202 in_flight now 0 fair_inc 0 prop_inc 0 fast_inc 0 eta_inc 0 multi_dec -0 quick_dec -60476 nack_dec -477250
Flow Uec_7662_0 flowId 11 uecSrc 10 finished at 22966.2 total messages 1 total packets 4107 RTS 0 total bytes 16781202 in_flight now 0 fair_inc 6643 prop_inc 0 fast_inc 0 eta_inc 1329 multi_dec -0 quick_dec -60476 nack_dec -485550
Flow Uec_3270_0 flowId 41 uecSrc 40 finished at 25493.5 total messages 1 total packets 4107 RTS 0 total bytes 16781202 in_flight now 0 fair_inc 15145 prop_inc 0 fast_inc 0 eta_inc 3987 multi_dec -0 quick_dec -48026 nack_dec -510450
Flow Uec_7207_0 flowId 24 uecSrc 23 finished at 25689.1 total messages 1 total packets 4107 RTS 0 total bytes 16781202 in_flight now 0 fair_inc 27416 prop_inc 0 fast_inc 0 eta_inc 6645 multi_dec -0 quick_dec -43876 nack_dec -510450
Flow Uec_4483_0 flowId 14 uecSrc 13 finished at 26033.3 total messages 1 total packets 4107 RTS 0 total bytes 16781202 in_flight now 0 fair_inc 6755 prop_inc 177 fast_inc 0 eta_inc 2658 multi_dec -0 quick_dec -48026 nack_dec -510450
Flow Uec_10_0 flowId 45 uecSrc 44 finished at 27837.2 total messages 1 total packets 4107 RTS 0 total bytes 16781202 in_flight now 0 fair_inc 19355 prop_inc 28280 fast_inc 0 eta_inc 2385555 multi_dec -2339507 quick_dec --18807 nack_dec -302950
Flow Uec_236_0 flowId 10 uecSrc 9 finished at 36246.8 total messages 1 total packets 4107 RTS 0 total bytes 16781202 in_flight now 0 fair_inc 151417 prop_inc 6848 fast_inc 0 eta_inc 2397516 multi_dec -2554362 quick_dec --55563 nack_dec -597600
Flow Uec_23_0 flowId 25 uecSrc 24 finished at 36612.4 total messages 1 total packets 4107 RTS 0 total bytes 16781202 in_flight now 0 fair_inc 139689 prop_inc 3182 fast_inc 0 eta_inc 2421438 multi_dec -2531872 quick_dec --73694 nack_dec -680600
Flow Uec_135_0 flowId 48 uecSrc 47 finished at 38190.5 total messages 1 total packets 4107 RTS 0 total bytes 16781202 in_flight now 0 fair_inc 99300 prop_inc 12824 fast_inc 0 eta_inc 2530416 multi_dec -2576313 quick_dec --11327 nack_dec -585150
Flow Uec_3715_0 flowId 63 uecSrc 62 finished at 41739.3 total messages 1 total packets 4107 RTS 0 total bytes 16781202 in_flight now 0 fair_inc 233129 prop_inc 296 fast_inc 0 eta_inc 2269932 multi_dec -2547629 quick_dec -100262 nack_dec -647400
Flow Uec_3331_0 flowId 56 uecSrc 55 finished at 41741.1 total messages 1 total packets 4107 RTS 0 total bytes 16781202 in_flight now 0 fair_inc 260019 prop_inc 669 fast_inc 0 eta_inc 2269932 multi_dec -2494968 quick_dec -265263 nack_dec -643250
Flow Uec_6489_0 flowId 40 uecSrc 39 finished at 41743.1 total messages 1 total packets 4107 RTS 0 total bytes 16781202 in_flight now 0 fair_inc 217001 prop_inc 677 fast_inc 0 eta_inc 2281893 multi_dec -2534292 quick_dec -116842 nack_dec -634950
Flow Uec_464_0 flowId 57 uecSrc 56 finished at 42053.4 total messages 1 total packets 4107 RTS 0 total bytes 16781202 in_flight now 0 fair_inc 187736 prop_inc 123 fast_inc 0 eta_inc 2289867 multi_dec -2549374 quick_dec -108298 nack_dec -626650
Flow Uec_5829_0 flowId 61 uecSrc 60 finished at 42268.3 total messages 1 total packets 4107 RTS 0 total bytes 16781202 in_flight now 0 fair_inc 210087 prop_inc 0 fast_inc 0 eta_inc 2309802 multi_dec -2551732 quick_dec -130898 nack_dec -651550
Flow Uec_848_0 flowId 22 uecSrc 21 finished at 42370.4 total messages 1 total packets 4107 RTS 0 total bytes 16781202 in_flight now 0 fair_inc 193795 prop_inc 461 fast_inc 0 eta_inc 2307144 multi_dec -2556825 quick_dec -63577 nack_dec -639100
Flow Uec_5053_0 flowId 34 uecSrc 33 finished at 42380.9 total messages 1 total packets 4107 RTS 0 total bytes 16781202 in_flight now 0 fair_inc 193302 prop_inc 100 fast_inc 0 eta_inc 2311131 multi_dec -2556273 quick_dec -71391 nack_dec -626650
Flow Uec_7947_0 flowId 52 uecSrc 51 finished at 42433.1 total messages 1 total packets 4107 RTS 0 total bytes 16781202 in_flight now 0 fair_inc 196236 prop_inc 0 fast_inc 0 eta_inc 2311131 multi_dec -2568712 quick_dec -119952 nack_dec -647400
Flow Uec_1737_0 flowId 50 uecSrc 49 finished at 42552.6 total messages 1 total packets 4107 RTS 0 total bytes 16781202 in_flight now 0 fair_inc 185634 prop_inc 0 fast_inc 0 eta_inc 2313789 multi_dec -2549052 quick_dec -79562 nack_dec -672300
Flow Uec_2989_0 flowId 7 uecSrc 6 finished at 42598.7 total messages 1 total packets 4107 RTS 0 total bytes 16781202 in_flight now 0 fair_inc 172432 prop_inc 235 fast_inc 0 eta_inc 2320434 multi_dec -2575512 quick_dec -141854 nack_dec -605900
Flow Uec_4069_0 flowId 27 uecSrc 26 finished at 42699.7 total messages 1 total packets 4107 RTS 0 total bytes 16781202 in_flight now 0 fair_inc 184818 prop_inc 3128 fast_inc 0 eta_inc 2331066 multi_dec -2536734 quick_dec -152578 nack_dec -647400
Flow Uec_5681_0 flowId 53 uecSrc 52 finished at 42705 total messages 1 total packets 4107 RTS 0 total bytes 16781202 in_flight now 0 fair_inc 216652 prop_inc 0 fast_inc 0 eta_inc 2327079 multi_dec -2519125 quick_dec -209488 nack_dec -651550
Flow Uec_1950_0 flowId 20 uecSrc 19 finished at 42722.3 total messages 1 total packets 4107 RTS 0 total bytes 16781202 in_flight now 0 fair_inc 156582 prop_inc 501 fast_inc 0 eta_inc 2331066 multi_dec -2596559 quick_dec -42811 nack_dec -630800
Flow Uec_6065_0 flowId 23 uecSrc 22 finished at 42744.2 total messages 1 total packets 4107 RTS 0 total bytes 16781202 in_flight now 0 fair_inc 209659 prop_inc 327 fast_inc 0 eta_inc 2325750 multi_dec -2545571 quick_dec -177004 nack_dec -672300
Flow Uec_5601_0 flowId 37 uecSrc 36 finished at 42786.1 total messages 1 total packets 4107 RTS 0 total bytes 16781202 in_flight now 0 fair_inc 184182 prop_inc 398 fast_inc 0 eta_inc 2321763 multi_dec -2514506 quick_dec -129739 nack_dec -643250
Flow Uec_1407_0 flowId 38 uecSrc 37 finished at 42842.1 total messages 1 total packets 4107 RTS 0 total bytes 16781202 in_flight now 0 fair_inc 217064 prop_inc 317 fast_inc 0 eta_inc 2327079 multi_dec -2548607 quick_dec -161040 nack_dec -664000
Flow Uec_4864_0 flowId 64 uecSrc 63 finished at 42846.2 total messages 1 total packets 4107 RTS 0 total bytes 16781202 in_flight now 0 fair_inc 196556 prop_inc 663 fast_inc 0 eta_inc 2333724 multi_dec -2580208 quick_dec -138055 nack_dec -668150
Flow Uec_4265_0 flowId 58 uecSrc 57 finished at 42857.7 total messages 1 total packets 4107 RTS 0 total bytes 16781202 in_flight now 0 fair_inc 188001 prop_inc 2627 fast_inc 0 eta_inc 2336382 multi_dec -2552466 quick_dec -140167 nack_dec -626650
Flow Uec_413_0 flowId 12 uecSrc 11 finished at 42917.5 total messages 1 total packets 4107 RTS 0 total bytes 16781202 in_flight now 0 fair_inc 196571 prop_inc 566 fast_inc 0 eta_inc 2340369 multi_dec -2529295 quick_dec -175061 nack_dec -643250
Flow Uec_8052_0 flowId 29 uecSrc 28 finished at 43003.7 total messages 1 total packets 4107 RTS 0 total bytes 16781202 in_flight now 0 fair_inc 207831 prop_inc 0 fast_inc 0 eta_inc 2341698 multi_dec -2566503 quick_dec -118229 nack_dec -672464
Flow Uec_5290_0 flowId 17 uecSrc 16 finished at 43023.5 total messages 1 total packets 4107 RTS 0 total bytes 16781202 in_flight now 0 fair_inc 180694 prop_inc 0 fast_inc 0 eta_inc 2349672 multi_dec -2592500 quick_dec -127225 nack_dec -634950
Flow Uec_2220_0 flowId 47 uecSrc 46 finished at 43056.2 total messages 1 total packets 4107 RTS 0 total bytes 16781202 in_flight now 0 fair_inc 246342 prop_inc 1769 fast_inc 0 eta_inc 2347014 multi_dec -2517813 quick_dec -183609 nack_dec -730400
Flow Uec_2430_0 flowId 42 uecSrc 41 finished at 43199.6 total messages 1 total packets 4107 RTS 0 total bytes 16781202 in_flight now 0 fair_inc 237765 prop_inc 154 fast_inc 0 eta_inc 2354988 multi_dec -2572883 quick_dec -171954 nack_dec -664000
Flow Uec_6653_0 flowId 55 uecSrc 54 finished at 43207.5 total messages 1 total packets 4107 RTS 0 total bytes 16781202 in_flight now 0 fair_inc 182375 prop_inc 670 fast_inc 0 eta_inc 2356317 multi_dec -2546997 quick_dec -115566 nack_dec -659850
Flow Uec_6557_0 flowId 9 uecSrc 8 finished at 43223.4 total messages 1 total packets 4107 RTS 0 total bytes 16781202 in_flight now 0 fair_inc 202613 prop_inc 119 fast_inc 0 eta_inc 2358975 multi_dec -2580324 quick_dec -122605 nack_dec -622500
Flow Uec_3438_0 flowId 18 uecSrc 17 finished at 43236.8 total messages 1 total packets 4107 RTS 0 total bytes 16781202 in_flight now 0 fair_inc 241624 prop_inc 0 fast_inc 0 eta_inc 2353659 multi_dec -2547111 quick_dec -85814 nack_dec -655700
Flow Uec_3568_0 flowId 32 uecSrc 31 finished at 43249 total messages 1 total packets 4107 RTS 0 total bytes 16781202 in_flight now 0 fair_inc 228397 prop_inc 1562 fast_inc 0 eta_inc 2356317 multi_dec -2558829 quick_dec -120780 nack_dec -651550
Flow Uec_7728_0 flowId 49 uecSrc 48 finished at 43257.1 total messages 1 total packets 4107 RTS 0 total bytes 16781202 in_flight now 0 fair_inc 176235 prop_inc 986 fast_inc 0 eta_inc 2340369 multi_dec -2554891 quick_dec -89743 nack_dec -651550
Flow Uec_773_0 flowId 60 uecSrc 59 finished at 43260.8 total messages 1 total packets 4107 RTS 0 total bytes 16781202 in_flight now 0 fair_inc 154597 prop_inc 106 fast_inc 0 eta_inc 2357646 multi_dec -2557585 quick_dec -123820 nack_dec -630800
Flow Uec_7286_0 flowId 62 uecSrc 61 finished at 43283.7 total messages 1 total packets 4107 RTS 0 total bytes 16781202 in_flight now 0 fair_inc 227758 prop_inc 1359 fast_inc 0 eta_inc 2360304 multi_dec -2540271 quick_dec -115219 nack_dec -672300
Flow Uec_6047_0 flowId 35 uecSrc 34 finished at 43311.4 total messages 1 total packets 4107 RTS 0 total bytes 16781202 in_flight now 0 fair_inc 245311 prop_inc 2348 fast_inc 0 eta_inc 2360304 multi_dec -2511149 quick_dec -149941 nack_dec -697200
Flow Uec_1679_0 flowId 44 uecSrc 43 finished at 43364.7 total messages 1 total packets 4107 RTS 0 total bytes 16781202 in_flight now 0 fair_inc 173597 prop_inc 2910 fast_inc 0 eta_inc 2356317 multi_dec -2544168 quick_dec -156972 nack_dec -676450
Flow Uec_5490_0 flowId 43 uecSrc 42 finished at 43439.7 total messages 1 total packets 4107 RTS 0 total bytes 16781202 in_flight now 0 fair_inc 183051 prop_inc 1687 fast_inc 0 eta_inc 2360304 multi_dec -2514149 quick_dec -70723 nack_dec -676450
Flow Uec_1051_0 flowId 39 uecSrc 38 finished at 43441.6 total messages 1 total packets 4107 RTS 0 total bytes 16781202 in_flight now 0 fair_inc 205557 prop_inc 3492 fast_inc 0 eta_inc 2362962 multi_dec -2576427 quick_dec -134471 nack_dec -709650
Flow Uec_3398_0 flowId 8 uecSrc 7 finished at 43455.7 total messages 1 total packets 4107 RTS 0 total bytes 16781202 in_flight now 0 fair_inc 226347 prop_inc 0 fast_inc 0 eta_inc 2364291 multi_dec -2540948 quick_dec -181247 nack_dec -701350
Flow Uec_524_0 flowId 4 uecSrc 3 finished at 43469.6 total messages 1 total packets 4107 RTS 0 total bytes 16781202 in_flight now 0 fair_inc 205734 prop_inc 2782 fast_inc 0 eta_inc 2365620 multi_dec -2523310 quick_dec -89238 nack_dec -659850
Flow Uec_7779_0 flowId 31 uecSrc 30 finished at 43507.8 total messages 1 total packets 4107 RTS 0 total bytes 16781202 in_flight now 0 fair_inc 222169 prop_inc 1979 fast_inc 0 eta_inc 2369607 multi_dec -2566641 quick_dec -165480 nack_dec -726250
Flow Uec_7902_0 flowId 26 uecSrc 25 finished at 43529.1 total messages 1 total packets 4107 RTS 0 total bytes 16781202 in_flight now 0 fair_inc 229914 prop_inc 1053 fast_inc 0 eta_inc 2364291 multi_dec -2502439 quick_dec -108151 nack_dec -668150
Flow Uec_1397_0 flowId 6 uecSrc 5 finished at 43540.9 total messages 1 total packets 4107 RTS 0 total bytes 16781202 in_flight now 0 fair_inc 202986 prop_inc 5049 fast_inc 0 eta_inc 2370936 multi_dec -2518413 quick_dec -123990 nack_dec -614200
Flow Uec_6151_0 flowId 46 uecSrc 45 finished at 43548.2 total messages 1 total packets 4107 RTS 0 total bytes 16781202 in_flight now 0 fair_inc 188197 prop_inc 2916 fast_inc 0 eta_inc 2376252 multi_dec -2554973 quick_dec -131152 nack_dec -659850
Flow Uec_1024_0 flowId 3 uecSrc 2 finished at 43548.7 total messages 1 total packets 4107 RTS 0 total bytes 16781202 in_flight now 0 fair_inc 190981 prop_inc 2848 fast_inc 0 eta_inc 2368278 multi_dec -2553086 quick_dec -128006 nack_dec -668150
Flow Uec_4202_0 flowId 36 uecSrc 35 finished at 43553.4 total messages 1 total packets 4107 RTS 0 total bytes 16781202 in_flight now 0 fair_inc 163394 prop_inc 4368 fast_inc 0 eta_inc 2366949 multi_dec -2509784 quick_dec -60038 nack_dec -680600
Flow Uec_2462_0 flowId 16 uecSrc 15 finished at 43562.3 total messages 1 total packets 4107 RTS 0 total bytes 16781202 in_flight now 0 fair_inc 168487 prop_inc 2797 fast_inc 0 eta_inc 2372265 multi_dec -2559412 quick_dec -88597 nack_dec -647400
Flow Uec_2128_0 flowId 33 uecSrc 32 finished at 43564.5 total messages 1 total packets 4107 RTS 0 total bytes 16781202 in_flight now 0 fair_inc 164868 prop_inc 4920 fast_inc 0 eta_inc 2362962 multi_dec -2500257 quick_dec -38549 nack_dec -618350
Flow Uec_7464_0 flowId 30 uecSrc 29 finished at 43570.5 total messages 1 total packets 4107 RTS 0 total bytes 16781202 in_flight now 0 fair_inc 189223 prop_inc 20467 fast_inc 0 eta_inc 2373594 multi_dec -2503497 quick_dec -128444 nack_dec -664000
Flow Uec_3051_0 flowId 13 uecSrc 12 finished at 43571.5 total messages 1 total packets 4107 RTS 0 total bytes 16781202 in_flight now 0 fair_inc 222948 prop_inc 19910 fast_inc 0 eta_inc 2377581 multi_dec -2529014 quick_dec -145982 nack_dec -651550
Flow Uec_1853_0 flowId 59 uecSrc 58 finished at 43580 total messages 1 total packets 4107 RTS 0 total bytes 16781202 in_flight now 0 fair_inc 177947 prop_inc 28212 fast_inc 0 eta_inc 2372265 multi_dec -2514882 quick_dec -170364 nack_dec -655700
Flow Uec_5171_0 flowId 54 uecSrc 53 finished at 43587.6 total messages 1 total packets 4107 RTS 0 total bytes 16781202 in_flight now 0 fair_inc 152159 prop_inc 32660 fast_inc 0 eta_inc 2377581 multi_dec -2508314 quick_dec -159860 nack_dec -610050
Flow Uec_1165_0 flowId 51 uecSrc 50 finished at 43643.8 total messages 1 total packets 4107 RTS 0 total bytes 16781202 in_flight now 0 fair_inc 165529 prop_inc 55945 fast_inc 0 eta_inc 2374923 multi_dec -2487010 quick_dec -151127 nack_dec -680600
Flow Uec_1307_0 flowId 2 uecSrc 1 finished at 43647 total messages 1 total packets 4107 RTS 0 total bytes 16781202 in_flight now 0 fair_inc 145294 prop_inc 53846 fast_inc 0 eta_inc 2378910 multi_dec -2531764 quick_dec -68773 nack_dec -634950
Flow Uec_6618_0 flowId 1 uecSrc 0 finished at 43647.8 total messages 1 total packets 4107 RTS 0 total bytes 16781202 in_flight now 0 fair_inc 173506 prop_inc 46285 fast_inc 13498 eta_inc 2384226 multi_dec -2518254 quick_dec -159094 nack_dec -668150
Flow Uec_5665_0 flowId 21 uecSrc 20 finished at 43655.3 total messages 1 total packets 4107 RTS 0 total bytes 16781202 in_flight now 0 fair_inc 130223 prop_inc 76963 fast_inc 17998 eta_inc 2376252 multi_dec -2491076 quick_dec -107841 nack_dec -610050
Flow Uec_4663_0 flowId 19 uecSrc 18 finished at 43672.2 total messages 1 total packets 4107 RTS 0 total bytes 16781202 in_flight now 0 fair_inc 135701 prop_inc 86818 fast_inc 76580 eta_inc 2374923 multi_dec -2428558 quick_dec -81159 nack_dec -643250
New: 262848 Rtx: 9724 RTS: 0 Bounced: 0 ACKs: 262468 NACKs: 9724 Pulls: 0 sleek_pkts: 0
SPURIOUS_COUNT 0
