.Flow Uec_6622_0 flowId 83 uecSrc 82 finished at 52529 total messages 1 total packets 4107 RTS 0 total bytes 16781202 in_flight now 0 fair_inc 0 prop_inc 0 fast_inc 0 eta_inc 2752359 multi_dec -2706063 quick_dec -183386 nack_dec -593450
Flow Uec_2924_0 flowId 60 uecSrc 59 finished at 52607.2 total messages 1 total packets 4107 RTS 0 total bytes 16781202 in_flight now 0 fair_inc 0 prop_inc 0 fast_inc 0 eta_inc 2760333 multi_dec -2720777 quick_dec -152991 nack_dec -556100
Flow Uec_6616_0 flowId 88 uecSrc 87 finished at 52743 total messages 1 total packets 4107 RTS 0 total bytes 16781202 in_flight now 0 fair_inc 0 prop_inc 0 fast_inc 0 eta_inc 2765649 multi_dec -2726039 quick_dec -180982 nack_dec -556100
Flow Uec_7929_0 flowId 108 uecSrc 107 finished at 52759.4 total messages 1 total packets 4107 RTS 0 total bytes 16781202 in_flight now 0 fair_inc 0 prop_inc 0 fast_inc 0 eta_inc 2756346 multi_dec -2711338 quick_dec -218837 nack_dec -614200
Flow Uec_6349_0 flowId 29 uecSrc 28 finished at 52770.7 total messages 1 total packets 4107 RTS 0 total bytes 16781202 in_flight now 0 fair_inc 0 prop_inc 0 fast_inc 0 eta_inc 2766978 multi_dec -2729040 quick_dec -177659 nack_dec -568550
Flow Uec_6810_0 flowId 114 uecSrc 113 finished at 52971.9 total messages 1 total packets 4107 RTS 0 total bytes 16781202 in_flight now 0 fair_inc 0 prop_inc 0 fast_inc 0 eta_inc 2777610 multi_dec -2744603 quick_dec -203824 nack_dec -551950
Flow Uec_1777_0 flowId 70 uecSrc 69 finished at 53019.7 total messages 1 total packets 4107 RTS 0 total bytes 16781202 in_flight now 0 fair_inc 0 prop_inc 0 fast_inc 0 eta_inc 2773623 multi_dec -2732922 quick_dec -190114 nack_dec -585150
Flow Uec_4246_0 flowId 59 uecSrc 58 finished at 53042.1 total messages 1 total packets 4107 RTS 0 total bytes 16781202 in_flight now 0 fair_inc 0 prop_inc 0 fast_inc 0 eta_inc 2786913 multi_dec -2760678 quick_dec -204201 nack_dec -535350
Flow Uec_5119_0 flowId 44 uecSrc 43 finished at 53149.6 total messages 1 total packets 4107 RTS 0 total bytes 16781202 in_flight now 0 fair_inc 0 prop_inc 0 fast_inc 0 eta_inc 2788242 multi_dec -2748189 quick_dec -223395 nack_dec -564564
Flow Uec_2234_0 flowId 74 uecSrc 73 finished at 53316.9 total messages 1 total packets 4107 RTS 0 total bytes 16781202 in_flight now 0 fair_inc 0 prop_inc 0 fast_inc 0 eta_inc 2781597 multi_dec -2717151 quick_dec -171037 nack_dec -626650
Flow Uec_1946_0 flowId 8 uecSrc 7 finished at 53394.2 total messages 1 total packets 4107 RTS 0 total bytes 16781202 in_flight now 0 fair_inc 0 prop_inc 0 fast_inc 0 eta_inc 2804190 multi_dec -2777346 quick_dec -185454 nack_dec -543650
Flow Uec_4130_0 flowId 33 uecSrc 32 finished at 53415.3 total messages 1 total packets 4107 RTS 0 total bytes 16781202 in_flight now 0 fair_inc 0 prop_inc 0 fast_inc 0 eta_inc 2800203 multi_dec -2779643 quick_dec -161386 nack_dec -572700
Flow Uec_2366_0 flowId 21 uecSrc 20 finished at 53581.7 total messages 1 total packets 4107 RTS 0 total bytes 16781202 in_flight now 0 fair_inc 0 prop_inc 0 fast_inc 0 eta_inc 2817480 multi_dec -2789501 quick_dec -146416 nack_dec -527214
Flow Uec_2986_0 flowId 63 uecSrc 62 finished at 53586.5 total messages 1 total packets 4107 RTS 0 total bytes 16781202 in_flight now 0 fair_inc 0 prop_inc 0 fast_inc 0 eta_inc 2822796 multi_dec -2804220 quick_dec -212140 nack_dec -510450
Flow Uec_5584_0 flowId 56 uecSrc 55 finished at 53682.3 total messages 1 total packets 4107 RTS 0 total bytes 16781202 in_flight now 0 fair_inc 5624 prop_inc 0 fast_inc 0 eta_inc 2834757 multi_dec -2824933 quick_dec -186627 nack_dec -506300
Flow Uec_2992_0 flowId 95 uecSrc 94 finished at 53689.8 total messages 1 total packets 4107 RTS 0 total bytes 16781202 in_flight now 0 fair_inc 0 prop_inc 0 fast_inc 0 eta_inc 2820138 multi_dec -2788778 quick_dec -171797 nack_dec -543650
Flow Uec_6351_0 flowId 27 uecSrc 26 finished at 53795.3 total messages 1 total packets 4107 RTS 0 total bytes 16781202 in_flight now 0 fair_inc 0 prop_inc 0 fast_inc 0 eta_inc 2829441 multi_dec -2806071 quick_dec -199718 nack_dec -515256
Flow Uec_4945_0 flowId 5 uecSrc 4 finished at 53972.4 total messages 1 total packets 4107 RTS 0 total bytes 16781202 in_flight now 0 fair_inc 0 prop_inc 0 fast_inc 0 eta_inc 2826783 multi_dec -2788944 quick_dec -186290 nack_dec -560250
Flow Uec_6802_0 flowId 26 uecSrc 25 finished at 54203.4 total messages 1 total packets 4107 RTS 0 total bytes 16781202 in_flight now 0 fair_inc 0 prop_inc 0 fast_inc 0 eta_inc 2836086 multi_dec -2804992 quick_dec -198357 nack_dec -593450
Flow Uec_7766_0 flowId 32 uecSrc 31 finished at 54454.2 total messages 1 total packets 4107 RTS 0 total bytes 16781202 in_flight now 0 fair_inc 0 prop_inc 0 fast_inc 0 eta_inc 2853363 multi_dec -2821436 quick_dec -169173 nack_dec -573028
Flow Uec_6588_0 flowId 14 uecSrc 13 finished at 55318.2 total messages 1 total packets 4107 RTS 0 total bytes 16781202 in_flight now 0 fair_inc 0 prop_inc 0 fast_inc 0 eta_inc 2903865 multi_dec -2863398 quick_dec -167352 nack_dec -560250
Flow Uec_670_0 flowId 87 uecSrc 86 finished at 59325.9 total messages 1 total packets 4107 RTS 0 total bytes 16781202 in_flight now 0 fair_inc 0 prop_inc 0 fast_inc 0 eta_inc 3111189 multi_dec -3067482 quick_dec -144894 nack_dec -556100
Flow Uec_244_0 flowId 25 uecSrc 24 finished at 75042 total messages 1 total packets 4107 RTS 0 total bytes 16781202 in_flight now 0 fair_inc 5196 prop_inc 419 fast_inc 0 eta_inc 4716621 multi_dec -4611326 quick_dec --25382 nack_dec -655700
Flow Uec_2852_0 flowId 55 uecSrc 54 finished at 75386.9 total messages 1 total packets 4107 RTS 0 total bytes 16781202 in_flight now 0 fair_inc 0 prop_inc 0 fast_inc 0 eta_inc 3952446 multi_dec -3900447 quick_dec -203800 nack_dec -614200
Flow Uec_5709_0 flowId 13 uecSrc 12 finished at 75762.1 total messages 1 total packets 4107 RTS 0 total bytes 16781202 in_flight now 0 fair_inc 0 prop_inc 0 fast_inc 0 eta_inc 3988329 multi_dec -3956973 quick_dec -140546 nack_dec -564400
Flow Uec_5403_0 flowId 72 uecSrc 71 finished at 75869.9 total messages 1 total packets 4107 RTS 0 total bytes 16781202 in_flight now 0 fair_inc 6078 prop_inc 0 fast_inc 0 eta_inc 3994974 multi_dec -3968129 quick_dec -158979 nack_dec -576850
Flow Uec_5593_0 flowId 111 uecSrc 110 finished at 76988.4 total messages 1 total packets 4107 RTS 0 total bytes 16781202 in_flight now 0 fair_inc 0 prop_inc 0 fast_inc 0 eta_inc 4036173 multi_dec -3980646 quick_dec -201310 nack_dec -618350
Flow Uec_4904_0 flowId 45 uecSrc 44 finished at 77053.5 total messages 1 total packets 4107 RTS 0 total bytes 16781202 in_flight now 0 fair_inc 0 prop_inc 0 fast_inc 0 eta_inc 4041489 multi_dec -3989767 quick_dec -168562 nack_dec -622500
Flow Uec_7817_0 flowId 17 uecSrc 16 finished at 77239.6 total messages 1 total packets 4107 RTS 0 total bytes 16781202 in_flight now 0 fair_inc 0 prop_inc 0 fast_inc 0 eta_inc 4057437 multi_dec -4002777 quick_dec -189432 nack_dec -605900
Flow Uec_949_0 flowId 69 uecSrc 68 finished at 77290.4 total messages 1 total packets 4107 RTS 0 total bytes 16781202 in_flight now 0 fair_inc 0 prop_inc 0 fast_inc 0 eta_inc 4060095 multi_dec -4006356 quick_dec -165867 nack_dec -589300
Flow Uec_6738_0 flowId 51 uecSrc 50 finished at 77419.5 total messages 1 total packets 4107 RTS 0 total bytes 16781202 in_flight now 0 fair_inc 0 prop_inc 0 fast_inc 0 eta_inc 4064082 multi_dec -4010379 quick_dec -179797 nack_dec -597600
Flow Uec_7818_0 flowId 82 uecSrc 81 finished at 77481.2 total messages 1 total packets 4107 RTS 0 total bytes 16781202 in_flight now 0 fair_inc 0 prop_inc 0 fast_inc 0 eta_inc 4069398 multi_dec -4009341 quick_dec -196398 nack_dec -589300
Flow Uec_4014_0 flowId 124 uecSrc 123 finished at 77590.1 total messages 1 total packets 4107 RTS 0 total bytes 16781202 in_flight now 0 fair_inc 0 prop_inc 0 fast_inc 0 eta_inc 4077372 multi_dec -4026596 quick_dec -148198 nack_dec -593450
Flow Uec_1772_0 flowId 85 uecSrc 84 finished at 77610.2 total messages 1 total packets 4107 RTS 0 total bytes 16781202 in_flight now 0 fair_inc 0 prop_inc 0 fast_inc 0 eta_inc 4056108 multi_dec -3994879 quick_dec -145736 nack_dec -643250
Flow Uec_6632_0 flowId 97 uecSrc 96 finished at 77626.5 total messages 1 total packets 4107 RTS 0 total bytes 16781202 in_flight now 0 fair_inc 0 prop_inc 0 fast_inc 0 eta_inc 4074714 multi_dec -4018090 quick_dec -197397 nack_dec -601750
Flow Uec_4241_0 flowId 109 uecSrc 108 finished at 77653.1 total messages 1 total packets 4107 RTS 0 total bytes 16781202 in_flight now 0 fair_inc 0 prop_inc 0 fast_inc 0 eta_inc 4084017 multi_dec -4039303 quick_dec -162777 nack_dec -572700
Flow Uec_5279_0 flowId 3 uecSrc 2 finished at 77655.1 total messages 1 total packets 4107 RTS 0 total bytes 16781202 in_flight now 0 fair_inc 6125 prop_inc 0 fast_inc 0 eta_inc 4077372 multi_dec -4061355 quick_dec -118963 nack_dec -593450
Flow Uec_2250_0 flowId 105 uecSrc 104 finished at 77794.8 total messages 1 total packets 4107 RTS 0 total bytes 16781202 in_flight now 0 fair_inc 0 prop_inc 0 fast_inc 0 eta_inc 4074714 multi_dec -4010799 quick_dec -152511 nack_dec -614200
Flow Uec_6085_0 flowId 91 uecSrc 90 finished at 77797.4 total messages 1 total packets 4107 RTS 0 total bytes 16781202 in_flight now 0 fair_inc 0 prop_inc 0 fast_inc 0 eta_inc 4097307 multi_dec -4047119 quick_dec -163593 nack_dec -568550
Flow Uec_2402_0 flowId 35 uecSrc 34 finished at 77806.7 total messages 1 total packets 4107 RTS 0 total bytes 16781202 in_flight now 0 fair_inc 0 prop_inc 0 fast_inc 0 eta_inc 4090662 multi_dec -4054353 quick_dec -186318 nack_dec -576850
Flow Uec_533_0 flowId 78 uecSrc 77 finished at 77895.4 total messages 1 total packets 4107 RTS 0 total bytes 16781202 in_flight now 0 fair_inc 6071 prop_inc 0 fast_inc 0 eta_inc 4097307 multi_dec -4073532 quick_dec -172244 nack_dec -568550
Flow Uec_1275_0 flowId 1 uecSrc 0 finished at 77912.6 total messages 1 total packets 4107 RTS 0 total bytes 16781202 in_flight now 0 fair_inc 0 prop_inc 0 fast_inc 0 eta_inc 4099965 multi_dec -4060854 quick_dec -173554 nack_dec -560250
Flow Uec_1788_0 flowId 119 uecSrc 118 finished at 77959.6 total messages 1 total packets 4107 RTS 0 total bytes 16781202 in_flight now 0 fair_inc 0 prop_inc 0 fast_inc 0 eta_inc 4088004 multi_dec -4024851 quick_dec -191699 nack_dec -630800
Flow Uec_6254_0 flowId 73 uecSrc 72 finished at 77960 total messages 1 total packets 4107 RTS 0 total bytes 16781202 in_flight now 0 fair_inc 0 prop_inc 0 fast_inc 0 eta_inc 4093320 multi_dec -4042602 quick_dec -155655 nack_dec -601750
Flow Uec_7057_0 flowId 48 uecSrc 47 finished at 77974.6 total messages 1 total packets 4107 RTS 0 total bytes 16781202 in_flight now 0 fair_inc 6033 prop_inc 0 fast_inc 0 eta_inc 4101294 multi_dec -4073232 quick_dec -161024 nack_dec -581000
Flow Uec_1189_0 flowId 2 uecSrc 1 finished at 77977.7 total messages 1 total packets 4107 RTS 0 total bytes 16781202 in_flight now 0 fair_inc 0 prop_inc 0 fast_inc 0 eta_inc 4102623 multi_dec -4064350 quick_dec -184166 nack_dec -564400
Flow Uec_5000_0 flowId 76 uecSrc 75 finished at 78048.1 total messages 1 total packets 4107 RTS 0 total bytes 16781202 in_flight now 0 fair_inc 6180 prop_inc 0 fast_inc 0 eta_inc 4101294 multi_dec -4051692 quick_dec -207997 nack_dec -610050
Flow Uec_5998_0 flowId 128 uecSrc 127 finished at 78151.7 total messages 1 total packets 4107 RTS 0 total bytes 16781202 in_flight now 0 fair_inc 0 prop_inc 0 fast_inc 0 eta_inc 4101294 multi_dec -4055960 quick_dec -179814 nack_dec -614200
Flow Uec_3639_0 flowId 118 uecSrc 117 finished at 78226.1 total messages 1 total packets 4107 RTS 0 total bytes 16781202 in_flight now 0 fair_inc 5689 prop_inc 0 fast_inc 0 eta_inc 4105281 multi_dec -4061285 quick_dec -169385 nack_dec -647400
Flow Uec_2821_0 flowId 18 uecSrc 17 finished at 78243.2 total messages 1 total packets 4107 RTS 0 total bytes 16781202 in_flight now 0 fair_inc 0 prop_inc 0 fast_inc 0 eta_inc 4090662 multi_dec -4033623 quick_dec -185963 nack_dec -639100
Flow Uec_4248_0 flowId 89 uecSrc 88 finished at 78266.4 total messages 1 total packets 4107 RTS 0 total bytes 16781202 in_flight now 0 fair_inc 0 prop_inc 0 fast_inc 0 eta_inc 4109268 multi_dec -4052812 quick_dec -179867 nack_dec -593450
Flow Uec_3850_0 flowId 49 uecSrc 48 finished at 78337.5 total messages 1 total packets 4107 RTS 0 total bytes 16781202 in_flight now 0 fair_inc 0 prop_inc 0 fast_inc 0 eta_inc 4105281 multi_dec -4056131 quick_dec -195550 nack_dec -618350
Flow Uec_4473_0 flowId 125 uecSrc 124 finished at 78376.2 total messages 1 total packets 4107 RTS 0 total bytes 16781202 in_flight now 0 fair_inc 6110 prop_inc 0 fast_inc 0 eta_inc 4110597 multi_dec -4080803 quick_dec -180436 nack_dec -630800
Flow Uec_7114_0 flowId 102 uecSrc 101 finished at 78433.6 total messages 1 total packets 4107 RTS 0 total bytes 16781202 in_flight now 0 fair_inc 0 prop_inc 0 fast_inc 0 eta_inc 4113255 multi_dec -4060018 quick_dec -170387 nack_dec -597600
Flow Uec_3696_0 flowId 113 uecSrc 112 finished at 78447.7 total messages 1 total packets 4107 RTS 0 total bytes 16781202 in_flight now 0 fair_inc 0 prop_inc 0 fast_inc 0 eta_inc 4115913 multi_dec -4060513 quick_dec -165961 nack_dec -597600
Flow Uec_7720_0 flowId 19 uecSrc 18 finished at 78449.6 total messages 1 total packets 4107 RTS 0 total bytes 16781202 in_flight now 0 fair_inc 0 prop_inc 0 fast_inc 0 eta_inc 4131861 multi_dec -4086535 quick_dec -219676 nack_dec -572700
Flow Uec_1179_0 flowId 122 uecSrc 121 finished at 78489.6 total messages 1 total packets 4107 RTS 0 total bytes 16781202 in_flight now 0 fair_inc 0 prop_inc 0 fast_inc 0 eta_inc 4123887 multi_dec -4069722 quick_dec -175233 nack_dec -605900
Flow Uec_1591_0 flowId 98 uecSrc 97 finished at 78729.8 total messages 1 total packets 4107 RTS 0 total bytes 16781202 in_flight now 0 fair_inc 0 prop_inc 0 fast_inc 0 eta_inc 4134519 multi_dec -4083710 quick_dec -130905 nack_dec -614200
Flow Uec_7622_0 flowId 34 uecSrc 33 finished at 78733 total messages 1 total packets 4107 RTS 0 total bytes 16781202 in_flight now 0 fair_inc 0 prop_inc 0 fast_inc 0 eta_inc 4134519 multi_dec -4078730 quick_dec -180658 nack_dec -597600
Flow Uec_4437_0 flowId 47 uecSrc 46 finished at 79988.5 total messages 1 total packets 4107 RTS 0 total bytes 16781202 in_flight now 0 fair_inc 0 prop_inc 0 fast_inc 0 eta_inc 4191666 multi_dec -4118460 quick_dec -183500 nack_dec -626650
Flow Uec_5428_0 flowId 46 uecSrc 45 finished at 80115.6 total messages 1 total packets 4107 RTS 0 total bytes 16781202 in_flight now 0 fair_inc 0 prop_inc 0 fast_inc 0 eta_inc 4212930 multi_dec -4177778 quick_dec -187380 nack_dec -614200
Flow Uec_1198_0 flowId 79 uecSrc 78 finished at 80171.4 total messages 1 total packets 4107 RTS 0 total bytes 16781202 in_flight now 0 fair_inc 0 prop_inc 0 fast_inc 0 eta_inc 4226220 multi_dec -4182470 quick_dec -164197 nack_dec -564400
Flow Uec_4874_0 flowId 43 uecSrc 42 finished at 80661.9 total messages 1 total packets 4107 RTS 0 total bytes 16781202 in_flight now 0 fair_inc 0 prop_inc 0 fast_inc 0 eta_inc 4248813 multi_dec -4194656 quick_dec -228072 nack_dec -576850
Flow Uec_173_0 flowId 6 uecSrc 5 finished at 80951.9 total messages 1 total packets 4107 RTS 0 total bytes 16781202 in_flight now 0 fair_inc 5852 prop_inc 387 fast_inc 0 eta_inc 5113992 multi_dec -5039869 quick_dec -50753 nack_dec -589300
Flow Uec_209_0 flowId 30 uecSrc 29 finished at 81128.7 total messages 1 total packets 4107 RTS 0 total bytes 16781202 in_flight now 0 fair_inc 18699 prop_inc 18788 fast_inc 0 eta_inc 5117979 multi_dec -5035685 quick_dec -69410 nack_dec -639100
Flow Uec_156_0 flowId 62 uecSrc 61 finished at 81357.4 total messages 1 total packets 4107 RTS 0 total bytes 16781202 in_flight now 0 fair_inc 0 prop_inc 407 fast_inc 0 eta_inc 5113992 multi_dec -4998098 quick_dec -47433 nack_dec -680600
Flow Uec_7589_0 flowId 41 uecSrc 40 finished at 81531 total messages 1 total packets 4107 RTS 0 total bytes 16781202 in_flight now 0 fair_inc 12140 prop_inc 0 fast_inc 0 eta_inc 4288683 multi_dec -4235140 quick_dec -166158 nack_dec -593450
Flow Uec_2261_0 flowId 112 uecSrc 111 finished at 81943.7 total messages 1 total packets 4107 RTS 0 total bytes 16781202 in_flight now 0 fair_inc 12783 prop_inc 0 fast_inc 0 eta_inc 4324566 multi_dec -4296359 quick_dec -166818 nack_dec -576850
Flow Uec_5251_0 flowId 103 uecSrc 102 finished at 81968.1 total messages 1 total packets 4107 RTS 0 total bytes 16781202 in_flight now 0 fair_inc 6437 prop_inc 0 fast_inc 0 eta_inc 4327224 multi_dec -4308772 quick_dec -158965 nack_dec -551950
Flow Uec_4459_0 flowId 100 uecSrc 99 finished at 82845.3 total messages 1 total packets 4107 RTS 0 total bytes 16781202 in_flight now 0 fair_inc 25750 prop_inc 0 fast_inc 0 eta_inc 4355133 multi_dec -4328267 quick_dec -162905 nack_dec -614364
Flow Uec_613_0 flowId 4 uecSrc 3 finished at 84843 total messages 1 total packets 4107 RTS 0 total bytes 16781202 in_flight now 0 fair_inc 54430 prop_inc 0 fast_inc 0 eta_inc 4469427 multi_dec -4468211 quick_dec -211927 nack_dec -643250
Flow Uec_2775_0 flowId 38 uecSrc 37 finished at 84845.6 total messages 1 total packets 4107 RTS 0 total bytes 16781202 in_flight now 0 fair_inc 68838 prop_inc 0 fast_inc 0 eta_inc 4460124 multi_dec -4466270 quick_dec -159784 nack_dec -684750
Flow Uec_5146_0 flowId 92 uecSrc 91 finished at 85376.3 total messages 1 total packets 4107 RTS 0 total bytes 16781202 in_flight now 0 fair_inc 81472 prop_inc 0 fast_inc 0 eta_inc 4488033 multi_dec -4547112 quick_dec -181331 nack_dec -676450
Flow Uec_3391_0 flowId 71 uecSrc 70 finished at 85692.6 total messages 1 total packets 4107 RTS 0 total bytes 16781202 in_flight now 0 fair_inc 74752 prop_inc 0 fast_inc 0 eta_inc 4522587 multi_dec -4591005 quick_dec -186279 nack_dec -614200
Flow Uec_1064_0 flowId 86 uecSrc 85 finished at 85767.3 total messages 1 total packets 4107 RTS 0 total bytes 16781202 in_flight now 0 fair_inc 13042 prop_inc 39 fast_inc 0 eta_inc 4519929 multi_dec -4448928 quick_dec -216372 nack_dec -622500
Flow Uec_4840_0 flowId 7 uecSrc 6 finished at 85782.6 total messages 1 total packets 4107 RTS 0 total bytes 16781202 in_flight now 0 fair_inc 31577 prop_inc 0 fast_inc 0 eta_inc 4523916 multi_dec -4502156 quick_dec -195193 nack_dec -605900
Flow Uec_3594_0 flowId 96 uecSrc 95 finished at 85882.9 total messages 1 total packets 4107 RTS 0 total bytes 16781202 in_flight now 0 fair_inc 46344 prop_inc 0 fast_inc 0 eta_inc 4522587 multi_dec -4509310 quick_dec -208121 nack_dec -618514
Flow Uec_1987_0 flowId 104 uecSrc 103 finished at 85912.8 total messages 1 total packets 4107 RTS 0 total bytes 16781202 in_flight now 0 fair_inc 52255 prop_inc 0 fast_inc 0 eta_inc 4523916 multi_dec -4506758 quick_dec -160124 nack_dec -659850
Flow Uec_5256_0 flowId 110 uecSrc 109 finished at 86014.3 total messages 1 total packets 4107 RTS 0 total bytes 16781202 in_flight now 0 fair_inc 51371 prop_inc 0 fast_inc 0 eta_inc 4531890 multi_dec -4579415 quick_dec -202150 nack_dec -614200
Flow Uec_6344_0 flowId 52 uecSrc 51 finished at 86039 total messages 1 total packets 4107 RTS 0 total bytes 16781202 in_flight now 0 fair_inc 50056 prop_inc 0 fast_inc 0 eta_inc 4545180 multi_dec -4590425 quick_dec -211403 nack_dec -585150
Flow Uec_1848_0 flowId 94 uecSrc 93 finished at 86177.5 total messages 1 total packets 4107 RTS 0 total bytes 16781202 in_flight now 0 fair_inc 52363 prop_inc 0 fast_inc 0 eta_inc 4537206 multi_dec -4571015 quick_dec -213671 nack_dec -647400
Flow Uec_4309_0 flowId 37 uecSrc 36 finished at 86210.4 total messages 1 total packets 4107 RTS 0 total bytes 16781202 in_flight now 0 fair_inc 34832 prop_inc 0 fast_inc 0 eta_inc 4569102 multi_dec -4604330 quick_dec -200089 nack_dec -539500
Flow Uec_6276_0 flowId 67 uecSrc 66 finished at 86249.3 total messages 1 total packets 4107 RTS 0 total bytes 16781202 in_flight now 0 fair_inc 39152 prop_inc 0 fast_inc 0 eta_inc 4531890 multi_dec -4515018 quick_dec -185226 nack_dec -651550
Flow Uec_2643_0 flowId 77 uecSrc 76 finished at 86267.2 total messages 1 total packets 4107 RTS 0 total bytes 16781202 in_flight now 0 fair_inc 58991 prop_inc 15 fast_inc 0 eta_inc 4566444 multi_dec -4601813 quick_dec -158141 nack_dec -589300
Flow Uec_3252_0 flowId 50 uecSrc 49 finished at 86409.7 total messages 1 total packets 4107 RTS 0 total bytes 16781202 in_flight now 0 fair_inc 60536 prop_inc 463 fast_inc 0 eta_inc 4554483 multi_dec -4567427 quick_dec -215691 nack_dec -630800
Flow Uec_683_0 flowId 106 uecSrc 105 finished at 86419.2 total messages 1 total packets 4107 RTS 0 total bytes 16781202 in_flight now 0 fair_inc 74638 prop_inc 318 fast_inc 0 eta_inc 4553154 multi_dec -4627289 quick_dec -186427 nack_dec -614364
Flow Uec_4327_0 flowId 39 uecSrc 38 finished at 86434.3 total messages 1 total packets 4107 RTS 0 total bytes 16781202 in_flight now 0 fair_inc 92177 prop_inc 267 fast_inc 0 eta_inc 4562457 multi_dec -4653939 quick_dec -188151 nack_dec -605900
Flow Uec_2316_0 flowId 90 uecSrc 89 finished at 86444.9 total messages 1 total packets 4107 RTS 0 total bytes 16781202 in_flight now 0 fair_inc 57447 prop_inc 0 fast_inc 0 eta_inc 4559799 multi_dec -4520473 quick_dec -241619 nack_dec -643250
Flow Uec_4236_0 flowId 65 uecSrc 64 finished at 86452.9 total messages 1 total packets 4107 RTS 0 total bytes 16781202 in_flight now 0 fair_inc 67751 prop_inc 245 fast_inc 0 eta_inc 4557141 multi_dec -4541762 quick_dec -237882 nack_dec -643250
Flow Uec_3918_0 flowId 36 uecSrc 35 finished at 86454.4 total messages 1 total packets 4107 RTS 0 total bytes 16781202 in_flight now 0 fair_inc 89508 prop_inc 2462 fast_inc 0 eta_inc 4561128 multi_dec -4612610 quick_dec -227473 nack_dec -634950
Flow Uec_5360_0 flowId 75 uecSrc 74 finished at 86544.9 total messages 1 total packets 4107 RTS 0 total bytes 16781202 in_flight now 0 fair_inc 81829 prop_inc 415 fast_inc 0 eta_inc 4569102 multi_dec -4631998 quick_dec -234738 nack_dec -593450
Flow Uec_2562_0 flowId 126 uecSrc 125 finished at 86551.7 total messages 1 total packets 4107 RTS 0 total bytes 16781202 in_flight now 0 fair_inc 52836 prop_inc 207 fast_inc 0 eta_inc 4557141 multi_dec -4526326 quick_dec -214252 nack_dec -672300
Flow Uec_1899_0 flowId 31 uecSrc 30 finished at 86593.7 total messages 1 total packets 4107 RTS 0 total bytes 16781202 in_flight now 0 fair_inc 77184 prop_inc 2354 fast_inc 0 eta_inc 4581063 multi_dec -4642307 quick_dec -188213 nack_dec -576850
Flow Uec_1866_0 flowId 115 uecSrc 114 finished at 86710.5 total messages 1 total packets 4107 RTS 0 total bytes 16781202 in_flight now 0 fair_inc 58145 prop_inc 2171 fast_inc 0 eta_inc 4582392 multi_dec -4594208 quick_dec -223921 nack_dec -597600
Flow Uec_6710_0 flowId 9 uecSrc 8 finished at 86764.5 total messages 1 total packets 4107 RTS 0 total bytes 16781202 in_flight now 0 fair_inc 85260 prop_inc 1972 fast_inc 0 eta_inc 4587708 multi_dec -4635426 quick_dec -221546 nack_dec -593450
Flow Uec_7434_0 flowId 11 uecSrc 10 finished at 86791.4 total messages 1 total packets 4107 RTS 0 total bytes 16781202 in_flight now 0 fair_inc 56974 prop_inc 4222 fast_inc 0 eta_inc 4575747 multi_dec -4588349 quick_dec -179766 nack_dec -668150
Flow Uec_7292_0 flowId 64 uecSrc 63 finished at 86827.5 total messages 1 total packets 4107 RTS 0 total bytes 16781202 in_flight now 0 fair_inc 32491 prop_inc 1921 fast_inc 0 eta_inc 4574418 multi_dec -4519218 quick_dec -164619 nack_dec -622500
Flow Uec_4899_0 flowId 99 uecSrc 98 finished at 86869.5 total messages 1 total packets 4107 RTS 0 total bytes 16781202 in_flight now 0 fair_inc 37745 prop_inc 2790 fast_inc 0 eta_inc 4582392 multi_dec -4562627 quick_dec -169918 nack_dec -605900
Flow Uec_4647_0 flowId 101 uecSrc 100 finished at 86874.8 total messages 1 total packets 4107 RTS 0 total bytes 16781202 in_flight now 0 fair_inc 85224 prop_inc 314 fast_inc 0 eta_inc 4589037 multi_dec -4629150 quick_dec -228456 nack_dec -626650
Flow Uec_3496_0 flowId 42 uecSrc 41 finished at 86899 total messages 1 total packets 4107 RTS 0 total bytes 16781202 in_flight now 0 fair_inc 42034 prop_inc 1343 fast_inc 0 eta_inc 4602327 multi_dec -4657074 quick_dec -191052 nack_dec -539500
Flow Uec_7308_0 flowId 80 uecSrc 79 finished at 86919.8 total messages 1 total packets 4107 RTS 0 total bytes 16781202 in_flight now 0 fair_inc 109296 prop_inc 896 fast_inc 0 eta_inc 4585050 multi_dec -4678195 quick_dec -197987 nack_dec -664000
Flow Uec_8156_0 flowId 12 uecSrc 11 finished at 86920 total messages 1 total packets 4107 RTS 0 total bytes 16781202 in_flight now 0 fair_inc 44839 prop_inc 2001 fast_inc 0 eta_inc 4577076 multi_dec -4536650 quick_dec -220061 nack_dec -647400
Flow Uec_1249_0 flowId 117 uecSrc 116 finished at 86925.9 total messages 1 total packets 4107 RTS 0 total bytes 16781202 in_flight now 0 fair_inc 25891 prop_inc 2348 fast_inc 0 eta_inc 4587708 multi_dec -4544570 quick_dec -190912 nack_dec -614200
Flow Uec_3236_0 flowId 121 uecSrc 120 finished at 86960.5 total messages 1 total packets 4107 RTS 0 total bytes 16781202 in_flight now 0 fair_inc 101356 prop_inc 2530 fast_inc 0 eta_inc 4598340 multi_dec -4645201 quick_dec -204793 nack_dec -581000
Flow Uec_6055_0 flowId 120 uecSrc 119 finished at 86969.6 total messages 1 total packets 4107 RTS 0 total bytes 16781202 in_flight now 0 fair_inc 86316 prop_inc 1904 fast_inc 0 eta_inc 4586379 multi_dec -4627701 quick_dec -224802 nack_dec -647400
Flow Uec_4964_0 flowId 53 uecSrc 52 finished at 86993.5 total messages 1 total packets 4107 RTS 0 total bytes 16781202 in_flight now 0 fair_inc 81660 prop_inc 1511 fast_inc 0 eta_inc 4598340 multi_dec -4646855 quick_dec -221529 nack_dec -601750
Flow Uec_1739_0 flowId 61 uecSrc 60 finished at 87014.9 total messages 1 total packets 4107 RTS 0 total bytes 16781202 in_flight now 0 fair_inc 52269 prop_inc 3150 fast_inc 0 eta_inc 4600998 multi_dec -4653720 quick_dec -198316 nack_dec -581000
Flow Uec_3483_0 flowId 40 uecSrc 39 finished at 87030.9 total messages 1 total packets 4107 RTS 0 total bytes 16781202 in_flight now 0 fair_inc 58617 prop_inc 2705 fast_inc 0 eta_inc 4603656 multi_dec -4642884 quick_dec -158126 nack_dec -576850
Flow Uec_422_0 flowId 58 uecSrc 57 finished at 87042 total messages 1 total packets 4107 RTS 0 total bytes 16781202 in_flight now 0 fair_inc 51899 prop_inc 3959 fast_inc 0 eta_inc 4600998 multi_dec -4620060 quick_dec -165466 nack_dec -601750
Flow Uec_6707_0 flowId 16 uecSrc 15 finished at 87049 total messages 1 total packets 4107 RTS 0 total bytes 16781202 in_flight now 0 fair_inc 92974 prop_inc 2374 fast_inc 0 eta_inc 4604985 multi_dec -4638044 quick_dec -193203 nack_dec -618350
Flow Uec_789_0 flowId 15 uecSrc 14 finished at 87068.1 total messages 1 total packets 4107 RTS 0 total bytes 16781202 in_flight now 0 fair_inc 90205 prop_inc 4316 fast_inc 0 eta_inc 4597011 multi_dec -4650865 quick_dec -174348 nack_dec -626650
Flow Uec_1196_0 flowId 10 uecSrc 9 finished at 87093.3 total messages 1 total packets 4107 RTS 0 total bytes 16781202 in_flight now 0 fair_inc 77850 prop_inc 6836 fast_inc 0 eta_inc 4595682 multi_dec -4647028 quick_dec -219355 nack_dec -634950
Flow Uec_6557_0 flowId 84 uecSrc 83 finished at 87113.9 total messages 1 total packets 4107 RTS 0 total bytes 16781202 in_flight now 0 fair_inc 64040 prop_inc 5821 fast_inc 0 eta_inc 4591695 multi_dec -4595227 quick_dec -222467 nack_dec -651550
Flow Uec_3602_0 flowId 20 uecSrc 19 finished at 87171.2 total messages 1 total packets 4107 RTS 0 total bytes 16781202 in_flight now 0 fair_inc 68503 prop_inc 5191 fast_inc 0 eta_inc 4615617 multi_dec -4633931 quick_dec -224384 nack_dec -593450
Flow Uec_4830_0 flowId 107 uecSrc 106 finished at 87200.4 total messages 1 total packets 4107 RTS 0 total bytes 16781202 in_flight now 0 fair_inc 57432 prop_inc 7871 fast_inc 0 eta_inc 4607643 multi_dec -4597538 quick_dec -177869 nack_dec -618350
Flow Uec_7961_0 flowId 23 uecSrc 22 finished at 87208.1 total messages 1 total packets 4107 RTS 0 total bytes 16781202 in_flight now 0 fair_inc 88986 prop_inc 9310 fast_inc 0 eta_inc 4615617 multi_dec -4619454 quick_dec -235103 nack_dec -581000
Flow Uec_3064_0 flowId 66 uecSrc 65 finished at 87209.7 total messages 1 total packets 4107 RTS 0 total bytes 16781202 in_flight now 0 fair_inc 65383 prop_inc 5305 fast_inc 0 eta_inc 4591695 multi_dec -4531251 quick_dec -248259 nack_dec -651550
Flow Uec_1492_0 flowId 123 uecSrc 122 finished at 87213.2 total messages 1 total packets 4107 RTS 0 total bytes 16781202 in_flight now 0 fair_inc 83033 prop_inc 5205 fast_inc 0 eta_inc 4607643 multi_dec -4605891 quick_dec -204084 nack_dec -622500
Flow Uec_7715_0 flowId 127 uecSrc 126 finished at 87224.8 total messages 1 total packets 4107 RTS 0 total bytes 16781202 in_flight now 0 fair_inc 83500 prop_inc 13039 fast_inc 0 eta_inc 4599669 multi_dec -4605837 quick_dec -242095 nack_dec -659850
Flow Uec_2523_0 flowId 57 uecSrc 56 finished at 87226.8 total messages 1 total packets 4107 RTS 0 total bytes 16781202 in_flight now 0 fair_inc 104265 prop_inc 10434 fast_inc 0 eta_inc 4595682 multi_dec -4604301 quick_dec -217135 nack_dec -655700
Flow Uec_7724_0 flowId 24 uecSrc 23 finished at 87237.9 total messages 1 total packets 4107 RTS 0 total bytes 16781202 in_flight now 0 fair_inc 134915 prop_inc 11746 fast_inc 0 eta_inc 4607643 multi_dec -4622744 quick_dec -278306 nack_dec -659850
Flow Uec_4957_0 flowId 54 uecSrc 53 finished at 87260.7 total messages 1 total packets 4107 RTS 0 total bytes 16781202 in_flight now 0 fair_inc 38288 prop_inc 30268 fast_inc 17998 eta_inc 4607643 multi_dec -4604662 quick_dec -228877 nack_dec -610050
Flow Uec_6313_0 flowId 28 uecSrc 27 finished at 87264.2 total messages 1 total packets 4107 RTS 0 total bytes 16781202 in_flight now 0 fair_inc 31135 prop_inc 38621 fast_inc 0 eta_inc 4615617 multi_dec -4598328 quick_dec -184981 nack_dec -581000
Flow Uec_7823_0 flowId 22 uecSrc 21 finished at 87274.9 total messages 1 total packets 4107 RTS 0 total bytes 16781202 in_flight now 0 fair_inc 54540 prop_inc 43237 fast_inc 0 eta_inc 4612959 multi_dec -4616122 quick_dec -227917 nack_dec -643250
Flow Uec_3044_0 flowId 93 uecSrc 92 finished at 87279.3 total messages 1 total packets 4107 RTS 0 total bytes 16781202 in_flight now 0 fair_inc 44336 prop_inc 47938 fast_inc 0 eta_inc 4612959 multi_dec -4632012 quick_dec -217767 nack_dec -585150
Flow Uec_1280_0 flowId 68 uecSrc 67 finished at 87301 total messages 1 total packets 4107 RTS 0 total bytes 16781202 in_flight now 0 fair_inc 58714 prop_inc 95028 fast_inc 0 eta_inc 4622262 multi_dec -4597831 quick_dec -207463 nack_dec -585150
Flow Uec_6761_0 flowId 81 uecSrc 80 finished at 87303.1 total messages 1 total packets 4107 RTS 0 total bytes 16781202 in_flight now 0 fair_inc 40560 prop_inc 86284 fast_inc 0 eta_inc 4604985 multi_dec -4557214 quick_dec -219266 nack_dec -639100
Flow Uec_3536_0 flowId 116 uecSrc 115 finished at 87307.3 total messages 1 total packets 4107 RTS 0 total bytes 16781202 in_flight now 0 fair_inc 25607 prop_inc 86927 fast_inc 20247 eta_inc 4615617 multi_dec -4546460 quick_dec -225869 nack_dec -597600
New: 525696 Rtx: 18598 RTS: 0 Bounced: 0 ACKs: 525352 NACKs: 18598 Pulls: 0 sleek_pkts: 0
SPURIOUS_COUNT 0
