.Flow Uec_8166_0 flowId 26 uecSrc 25 finished at 81215 total messages 1 total packets 16425 RTS 0 total bytes 67112550 in_flight now 0 fair_inc 3826365 prop_inc 102912 fast_inc 0 eta_inc 4476072 multi_dec -8108155 quick_dec -937954 nack_dec -2859350
Flow Uec_8189_0 flowId 3 uecSrc 2 finished at 82207.6 total messages 1 total packets 16425 RTS 0 total bytes 67112550 in_flight now 0 fair_inc 4086726 prop_inc 119000 fast_inc 0 eta_inc 4529232 multi_dec -8093323 quick_dec -1096059 nack_dec -3054400
Flow Uec_8179_0 flowId 13 uecSrc 12 finished at 82966.6 total messages 1 total packets 16425 RTS 0 total bytes 67112550 in_flight now 0 fair_inc 3904974 prop_inc 84675 fast_inc 0 eta_inc 4570431 multi_dec -8275972 quick_dec -962985 nack_dec -2813700
Flow Uec_8186_0 flowId 6 uecSrc 5 finished at 83320.8 total messages 1 total packets 16425 RTS 0 total bytes 67112550 in_flight now 0 fair_inc 3910774 prop_inc 85556 fast_inc 0 eta_inc 4577076 multi_dec -7981230 quick_dec -1222978 nack_dec -2967250
Flow Uec_8176_0 flowId 16 uecSrc 15 finished at 83504.2 total messages 1 total packets 16425 RTS 0 total bytes 67112550 in_flight now 0 fair_inc 3882256 prop_inc 77695 fast_inc 0 eta_inc 4573089 multi_dec -8178577 quick_dec -1082291 nack_dec -2892550
Flow Uec_8174_0 flowId 18 uecSrc 17 finished at 83864 total messages 1 total packets 16425 RTS 0 total bytes 67112550 in_flight now 0 fair_inc 3841180 prop_inc 87494 fast_inc 0 eta_inc 4615617 multi_dec -8041757 quick_dec -1062761 nack_dec -2983850
Flow Uec_8184_0 flowId 8 uecSrc 7 finished at 83954.6 total messages 1 total packets 16425 RTS 0 total bytes 67112550 in_flight now 0 fair_inc 4136086 prop_inc 94439 fast_inc 0 eta_inc 4597011 multi_dec -8109602 quick_dec -1393454 nack_dec -3071000
Flow Uec_8178_0 flowId 14 uecSrc 13 finished at 84220.4 total messages 1 total packets 16425 RTS 0 total bytes 67112550 in_flight now 0 fair_inc 4014534 prop_inc 92681 fast_inc 0 eta_inc 4628907 multi_dec -8132786 quick_dec -1365935 nack_dec -2884714
Flow Uec_8187_0 flowId 5 uecSrc 4 finished at 84575.2 total messages 1 total packets 16425 RTS 0 total bytes 67112550 in_flight now 0 fair_inc 4140619 prop_inc 92936 fast_inc 0 eta_inc 4652829 multi_dec -8115082 quick_dec -1339936 nack_dec -3187200
Flow Uec_8183_0 flowId 9 uecSrc 8 finished at 84635 total messages 1 total packets 16425 RTS 0 total bytes 67112550 in_flight now 0 fair_inc 4159361 prop_inc 95474 fast_inc 0 eta_inc 4652829 multi_dec -8038066 quick_dec -1547124 nack_dec -3058550
Flow Uec_8172_0 flowId 20 uecSrc 19 finished at 84816 total messages 1 total packets 16425 RTS 0 total bytes 67112550 in_flight now 0 fair_inc 4201515 prop_inc 102566 fast_inc 0 eta_inc 4660803 multi_dec -8146855 quick_dec -1437167 nack_dec -3241150
Flow Uec_8180_0 flowId 12 uecSrc 11 finished at 85107.6 total messages 1 total packets 16425 RTS 0 total bytes 67112550 in_flight now 0 fair_inc 3980299 prop_inc 116555 fast_inc 0 eta_inc 4679409 multi_dec -8137300 quick_dec -984161 nack_dec -3054400
Flow Uec_8181_0 flowId 11 uecSrc 10 finished at 85623.1 total messages 1 total packets 16425 RTS 0 total bytes 67112550 in_flight now 0 fair_inc 3996790 prop_inc 104549 fast_inc 0 eta_inc 4712634 multi_dec -8142724 quick_dec -1461625 nack_dec -3004600
Flow Uec_8182_0 flowId 10 uecSrc 9 finished at 85820.7 total messages 1 total packets 16425 RTS 0 total bytes 67112550 in_flight now 0 fair_inc 3943771 prop_inc 92490 fast_inc 0 eta_inc 4725924 multi_dec -8017675 quick_dec -1468047 nack_dec -2888400
Flow Uec_8177_0 flowId 15 uecSrc 14 finished at 85936.4 total messages 1 total packets 16425 RTS 0 total bytes 67112550 in_flight now 0 fair_inc 3969509 prop_inc 84168 fast_inc 0 eta_inc 4713963 multi_dec -8323691 quick_dec -1175328 nack_dec -2988000
Flow Uec_8190_0 flowId 2 uecSrc 1 finished at 86001.8 total messages 1 total packets 16425 RTS 0 total bytes 67112550 in_flight now 0 fair_inc 4019742 prop_inc 95083 fast_inc 0 eta_inc 4720608 multi_dec -8001991 quick_dec -1492623 nack_dec -3025350
Flow Uec_8161_0 flowId 31 uecSrc 30 finished at 86089.1 total messages 1 total packets 16425 RTS 0 total bytes 67112550 in_flight now 0 fair_inc 3976478 prop_inc 104719 fast_inc 0 eta_inc 4735227 multi_dec -8197393 quick_dec -1257756 nack_dec -2755600
Flow Uec_8188_0 flowId 4 uecSrc 3 finished at 86091.3 total messages 1 total packets 16425 RTS 0 total bytes 67112550 in_flight now 0 fair_inc 3905139 prop_inc 101153 fast_inc 0 eta_inc 4719279 multi_dec -8177306 quick_dec -1311479 nack_dec -2975550
Flow Uec_8175_0 flowId 17 uecSrc 16 finished at 86100.1 total messages 1 total packets 16425 RTS 0 total bytes 67112550 in_flight now 0 fair_inc 4100514 prop_inc 115974 fast_inc 0 eta_inc 4720608 multi_dec -8175751 quick_dec -1276305 nack_dec -3237000
Flow Uec_8185_0 flowId 7 uecSrc 6 finished at 86327.7 total messages 1 total packets 16425 RTS 0 total bytes 67112550 in_flight now 0 fair_inc 4165463 prop_inc 107763 fast_inc 0 eta_inc 4740543 multi_dec -7993616 quick_dec -1125733 nack_dec -3183050
Flow Uec_8162_0 flowId 30 uecSrc 29 finished at 86380.9 total messages 1 total packets 16425 RTS 0 total bytes 67112550 in_flight now 0 fair_inc 3983762 prop_inc 129111 fast_inc 0 eta_inc 4752504 multi_dec -8083459 quick_dec -1360493 nack_dec -2934050
Flow Uec_8165_0 flowId 27 uecSrc 26 finished at 86472.9 total messages 1 total packets 16425 RTS 0 total bytes 67112550 in_flight now 0 fair_inc 3784170 prop_inc 98706 fast_inc 0 eta_inc 4756491 multi_dec -8176670 quick_dec -1122685 nack_dec -2888400
Flow Uec_8168_0 flowId 24 uecSrc 23 finished at 86578.6 total messages 1 total packets 16425 RTS 0 total bytes 67112550 in_flight now 0 fair_inc 4026418 prop_inc 108504 fast_inc 0 eta_inc 4749846 multi_dec -7999974 quick_dec -1496188 nack_dec -2979700
Flow Uec_8171_0 flowId 21 uecSrc 20 finished at 86615.8 total messages 1 total packets 16425 RTS 0 total bytes 67112550 in_flight now 0 fair_inc 4136770 prop_inc 106149 fast_inc 0 eta_inc 4763136 multi_dec -8008214 quick_dec -1516830 nack_dec -3029500
Flow Uec_8173_0 flowId 19 uecSrc 18 finished at 86673.9 total messages 1 total packets 16425 RTS 0 total bytes 67112550 in_flight now 0 fair_inc 3876743 prop_inc 85226 fast_inc 0 eta_inc 4759149 multi_dec -8065907 quick_dec -1186627 nack_dec -2863500
Flow Uec_8169_0 flowId 23 uecSrc 22 finished at 86913.3 total messages 1 total packets 16425 RTS 0 total bytes 67112550 in_flight now 0 fair_inc 3886988 prop_inc 118266 fast_inc 0 eta_inc 4787058 multi_dec -7897829 quick_dec -1344298 nack_dec -2925750
Flow Uec_8167_0 flowId 25 uecSrc 24 finished at 86990.2 total messages 1 total packets 16425 RTS 0 total bytes 67112550 in_flight now 0 fair_inc 3769861 prop_inc 124044 fast_inc 0 eta_inc 4764465 multi_dec -7864864 quick_dec -1176844 nack_dec -2958950
Flow Uec_8170_0 flowId 22 uecSrc 21 finished at 87042.2 total messages 1 total packets 16425 RTS 0 total bytes 67112550 in_flight now 0 fair_inc 3717906 prop_inc 96781 fast_inc 0 eta_inc 4768452 multi_dec -8002218 quick_dec -1366888 nack_dec -2880100
Flow Uec_8191_0 flowId 1 uecSrc 0 finished at 87143.1 total messages 1 total packets 16425 RTS 0 total bytes 67112550 in_flight now 0 fair_inc 3759008 prop_inc 116994 fast_inc 0 eta_inc 4788387 multi_dec -7914162 quick_dec -1396169 nack_dec -2871800
Flow Uec_8160_0 flowId 32 uecSrc 31 finished at 87170.4 total messages 1 total packets 16425 RTS 0 total bytes 67112550 in_flight now 0 fair_inc 3707279 prop_inc 133130 fast_inc 0 eta_inc 4787058 multi_dec -7731130 quick_dec -1404525 nack_dec -2776350
Flow Uec_8163_0 flowId 29 uecSrc 28 finished at 87244.7 total messages 1 total packets 16425 RTS 0 total bytes 67112550 in_flight now 0 fair_inc 3777628 prop_inc 241653 fast_inc 0 eta_inc 4795032 multi_dec -7947917 quick_dec -1385882 nack_dec -2867650
Flow Uec_8164_0 flowId 28 uecSrc 27 finished at 87329.6 total messages 1 total packets 16425 RTS 0 total bytes 67112550 in_flight now 0 fair_inc 3469772 prop_inc 268736 fast_inc 846155 eta_inc 4800348 multi_dec -7669018 quick_dec -1257277 nack_dec -2900850
New: 525600 Rtx: 22893 RTS: 0 Bounced: 0 ACKs: 523794 NACKs: 22893 Pulls: 0 sleek_pkts: 0
SPURIOUS_COUNT 0
