....Flow Uec_1237_0 flowId 31 uecSrc 30 finished at 207127 total messages 1 total packets 16425 RTS 0 total bytes 67112550 in_flight now 0 fair_inc 0 prop_inc 0 fast_inc 0 eta_inc 10940328 multi_dec -10901481 quick_dec -136690 nack_dec -630800
Flow Uec_3355_0 flowId 81 uecSrc 80 finished at 207635 total messages 1 total packets 16425 RTS 0 total bytes 67112550 in_flight now 0 fair_inc 0 prop_inc 0 fast_inc 0 eta_inc 10957605 multi_dec -10902875 quick_dec -166636 nack_dec -680600
Flow Uec_6466_0 flowId 32 uecSrc 31 finished at 207972 total messages 1 total packets 16425 RTS 0 total bytes 67112550 in_flight now 0 fair_inc 0 prop_inc 0 fast_inc 0 eta_inc 10978869 multi_dec -10919581 quick_dec -94762 nack_dec -680600
Flow Uec_2477_0 flowId 67 uecSrc 66 finished at 208279 total messages 1 total packets 16425 RTS 0 total bytes 67112550 in_flight now 0 fair_inc 0 prop_inc 0 fast_inc 0 eta_inc 11000133 multi_dec -10950897 quick_dec -126824 nack_dec -639100
Flow Uec_3779_0 flowId 82 uecSrc 81 finished at 208332 total messages 1 total packets 16425 RTS 0 total bytes 67112550 in_flight now 0 fair_inc 0 prop_inc 0 fast_inc 0 eta_inc 10986843 multi_dec -10916671 quick_dec -161055 nack_dec -697200
Flow Uec_2643_0 flowId 20 uecSrc 19 finished at 208386 total messages 1 total packets 16425 RTS 0 total bytes 67112550 in_flight now 0 fair_inc 0 prop_inc 0 fast_inc 0 eta_inc 11012094 multi_dec -10963180 quick_dec -110110 nack_dec -626650
Flow Uec_4541_0 flowId 121 uecSrc 120 finished at 208553 total messages 1 total packets 16425 RTS 0 total bytes 67112550 in_flight now 0 fair_inc 0 prop_inc 0 fast_inc 0 eta_inc 11004120 multi_dec -10949010 quick_dec -68361 nack_dec -660778
Flow Uec_5358_0 flowId 28 uecSrc 27 finished at 208621 total messages 1 total packets 16425 RTS 0 total bytes 67112550 in_flight now 0 fair_inc 0 prop_inc 0 fast_inc 0 eta_inc 11000133 multi_dec -10917409 quick_dec -55442 nack_dec -709650
Flow Uec_8145_0 flowId 56 uecSrc 55 finished at 208731 total messages 1 total packets 16425 RTS 0 total bytes 67112550 in_flight now 0 fair_inc 0 prop_inc 0 fast_inc 0 eta_inc 11009436 multi_dec -10937218 quick_dec -75815 nack_dec -684750
Flow Uec_2574_0 flowId 16 uecSrc 15 finished at 208806 total messages 1 total packets 16425 RTS 0 total bytes 67112550 in_flight now 0 fair_inc 0 prop_inc 0 fast_inc 0 eta_inc 11020068 multi_dec -10934536 quick_dec -146090 nack_dec -668150
Flow Uec_4421_0 flowId 23 uecSrc 22 finished at 208913 total messages 1 total packets 16425 RTS 0 total bytes 67112550 in_flight now 0 fair_inc 0 prop_inc 0 fast_inc 0 eta_inc 11034687 multi_dec -10982013 quick_dec -74005 nack_dec -634950
Flow Uec_5481_0 flowId 27 uecSrc 26 finished at 208987 total messages 1 total packets 16425 RTS 0 total bytes 67112550 in_flight now 0 fair_inc 0 prop_inc 0 fast_inc 0 eta_inc 11030700 multi_dec -10974066 quick_dec -83656 nack_dec -668150
Flow Uec_6563_0 flowId 29 uecSrc 28 finished at 210026 total messages 1 total packets 16425 RTS 0 total bytes 67112550 in_flight now 0 fair_inc 0 prop_inc 0 fast_inc 0 eta_inc 11085189 multi_dec -11027776 quick_dec -108740 nack_dec -681064
Flow Uec_4026_0 flowId 8 uecSrc 7 finished at 211319 total messages 1 total packets 16425 RTS 0 total bytes 67112550 in_flight now 0 fair_inc 0 prop_inc 0 fast_inc 0 eta_inc 11155626 multi_dec -11093854 quick_dec -73929 nack_dec -664000
Flow Uec_2050_0 flowId 106 uecSrc 105 finished at 211529 total messages 1 total packets 16425 RTS 0 total bytes 67112550 in_flight now 0 fair_inc 0 prop_inc 0 fast_inc 0 eta_inc 11159613 multi_dec -11091902 quick_dec -81579 nack_dec -693050
Flow Uec_6209_0 flowId 120 uecSrc 119 finished at 212273 total messages 1 total packets 16425 RTS 0 total bytes 67112550 in_flight now 0 fair_inc 0 prop_inc 0 fast_inc 0 eta_inc 11192838 multi_dec -11124345 quick_dec -128410 nack_dec -726250
Flow Uec_7927_0 flowId 58 uecSrc 57 finished at 212408 total messages 1 total packets 16425 RTS 0 total bytes 67112550 in_flight now 0 fair_inc 0 prop_inc 0 fast_inc 0 eta_inc 11195496 multi_dec -11130745 quick_dec -127547 nack_dec -742850
Flow Uec_5095_0 flowId 127 uecSrc 126 finished at 214633 total messages 1 total packets 16425 RTS 0 total bytes 67112550 in_flight now 0 fair_inc 0 prop_inc 0 fast_inc 0 eta_inc 11335041 multi_dec -11277236 quick_dec -52979 nack_dec -651550
Flow Uec_5449_0 flowId 47 uecSrc 46 finished at 224611 total messages 1 total packets 16425 RTS 0 total bytes 67112550 in_flight now 0 fair_inc 0 prop_inc 0 fast_inc 0 eta_inc 11862654 multi_dec -11799641 quick_dec -163099 nack_dec -668150
Flow Uec_7207_0 flowId 57 uecSrc 56 finished at 237543 total messages 1 total packets 16425 RTS 0 total bytes 67112550 in_flight now 0 fair_inc 0 prop_inc 0 fast_inc 0 eta_inc 12545760 multi_dec -12446882 quick_dec -106410 nack_dec -659850
Flow Uec_2687_0 flowId 36 uecSrc 35 finished at 241906 total messages 1 total packets 16425 RTS 0 total bytes 67112550 in_flight now 0 fair_inc 0 prop_inc 0 fast_inc 0 eta_inc 12771690 multi_dec -12668053 quick_dec -181622 nack_dec -688900
.Flow Uec_2096_0 flowId 103 uecSrc 102 finished at 282788 total messages 1 total packets 16425 RTS 0 total bytes 67112550 in_flight now 0 fair_inc 0 prop_inc 0 fast_inc 0 eta_inc 14948592 multi_dec -14859187 quick_dec -127480 nack_dec -684750
Flow Uec_2319_0 flowId 12 uecSrc 11 finished at 285141 total messages 1 total packets 16425 RTS 0 total bytes 67112550 in_flight now 0 fair_inc 0 prop_inc 0 fast_inc 0 eta_inc 15046938 multi_dec -14910660 quick_dec -101491 nack_dec -738700
Flow Uec_2885_0 flowId 124 uecSrc 123 finished at 293449 total messages 1 total packets 16425 RTS 0 total bytes 67112550 in_flight now 0 fair_inc 0 prop_inc 0 fast_inc 0 eta_inc 15494811 multi_dec -15345033 quick_dec -154118 nack_dec -788500
Flow Uec_7402_0 flowId 41 uecSrc 40 finished at 296940 total messages 1 total packets 16425 RTS 0 total bytes 67112550 in_flight now 0 fair_inc 0 prop_inc 0 fast_inc 0 eta_inc 15686187 multi_dec -15552663 quick_dec -138588 nack_dec -738700
Flow Uec_6884_0 flowId 14 uecSrc 13 finished at 298434 total messages 1 total packets 16425 RTS 0 total bytes 67112550 in_flight now 0 fair_inc 0 prop_inc 0 fast_inc 0 eta_inc 15752637 multi_dec -15600488 quick_dec -160765 nack_dec -792650
.Flow Uec_700_0 flowId 119 uecSrc 118 finished at 300085 total messages 1 total packets 16425 RTS 0 total bytes 67112550 in_flight now 0 fair_inc 0 prop_inc 0 fast_inc 0 eta_inc 15836364 multi_dec -15657723 quick_dec -162563 nack_dec -780200
Flow Uec_4524_0 flowId 7 uecSrc 6 finished at 302260 total messages 1 total packets 16425 RTS 0 total bytes 67112550 in_flight now 0 fair_inc 0 prop_inc 0 fast_inc 0 eta_inc 15974580 multi_dec -15840943 quick_dec -150296 nack_dec -713800
Flow Uec_2423_0 flowId 74 uecSrc 73 finished at 302699 total messages 1 total packets 16425 RTS 0 total bytes 67112550 in_flight now 0 fair_inc 0 prop_inc 0 fast_inc 0 eta_inc 15977238 multi_dec -15799353 quick_dec -162747 nack_dec -792650
Flow Uec_1989_0 flowId 1 uecSrc 0 finished at 303023 total messages 1 total packets 16425 RTS 0 total bytes 67112550 in_flight now 0 fair_inc 0 prop_inc 0 fast_inc 0 eta_inc 16005147 multi_dec -15851321 quick_dec -112523 nack_dec -755300
Flow Uec_2554_0 flowId 50 uecSrc 49 finished at 303216 total messages 1 total packets 16425 RTS 0 total bytes 67112550 in_flight now 0 fair_inc 0 prop_inc 0 fast_inc 0 eta_inc 16025082 multi_dec -15910834 quick_dec -108707 nack_dec -730400
Flow Uec_7024_0 flowId 110 uecSrc 109 finished at 303466 total messages 1 total packets 16425 RTS 0 total bytes 67112550 in_flight now 0 fair_inc 0 prop_inc 0 fast_inc 0 eta_inc 16033056 multi_dec -15884695 quick_dec -145509 nack_dec -755300
Flow Uec_6098_0 flowId 35 uecSrc 34 finished at 303872 total messages 1 total packets 16425 RTS 0 total bytes 67112550 in_flight now 0 fair_inc 0 prop_inc 0 fast_inc 0 eta_inc 16050333 multi_dec -15895275 quick_dec -192794 nack_dec -730400
Flow Uec_6319_0 flowId 99 uecSrc 98 finished at 304674 total messages 1 total packets 16425 RTS 0 total bytes 67112550 in_flight now 0 fair_inc 6171 prop_inc 0 fast_inc 0 eta_inc 16099506 multi_dec -15985542 quick_dec -186930 nack_dec -713800
Flow Uec_1285_0 flowId 38 uecSrc 37 finished at 304703 total messages 1 total packets 16425 RTS 0 total bytes 67112550 in_flight now 0 fair_inc 0 prop_inc 0 fast_inc 0 eta_inc 16102164 multi_dec -15956592 quick_dec -168694 nack_dec -738700
Flow Uec_3722_0 flowId 78 uecSrc 77 finished at 304830 total messages 1 total packets 16425 RTS 0 total bytes 67112550 in_flight now 0 fair_inc 0 prop_inc 0 fast_inc 0 eta_inc 16106151 multi_dec -15962869 quick_dec -171050 nack_dec -738700
Flow Uec_4158_0 flowId 22 uecSrc 21 finished at 305461 total messages 1 total packets 16425 RTS 0 total bytes 67112550 in_flight now 0 fair_inc 0 prop_inc 0 fast_inc 0 eta_inc 16146021 multi_dec -16024145 quick_dec -141944 nack_dec -742850
Flow Uec_4778_0 flowId 48 uecSrc 47 finished at 305473 total messages 1 total packets 16425 RTS 0 total bytes 67112550 in_flight now 0 fair_inc 0 prop_inc 0 fast_inc 0 eta_inc 16144692 multi_dec -16018519 quick_dec -163142 nack_dec -709650
Flow Uec_1947_0 flowId 100 uecSrc 99 finished at 305526 total messages 1 total packets 16425 RTS 0 total bytes 67112550 in_flight now 0 fair_inc 0 prop_inc 0 fast_inc 0 eta_inc 16140705 multi_dec -15976405 quick_dec -208242 nack_dec -734550
Flow Uec_5662_0 flowId 84 uecSrc 83 finished at 305590 total messages 1 total packets 16425 RTS 0 total bytes 67112550 in_flight now 0 fair_inc 0 prop_inc 0 fast_inc 0 eta_inc 16139376 multi_dec -15983731 quick_dec -155976 nack_dec -771900
Flow Uec_7336_0 flowId 19 uecSrc 18 finished at 305659 total messages 1 total packets 16425 RTS 0 total bytes 67112550 in_flight now 0 fair_inc 0 prop_inc 0 fast_inc 0 eta_inc 16151337 multi_dec -16019887 quick_dec -81541 nack_dec -734550
Flow Uec_4040_0 flowId 90 uecSrc 89 finished at 305735 total messages 1 total packets 16425 RTS 0 total bytes 67112550 in_flight now 0 fair_inc 0 prop_inc 0 fast_inc 0 eta_inc 16152666 multi_dec -15988766 quick_dec -150922 nack_dec -730400
Flow Uec_5372_0 flowId 128 uecSrc 127 finished at 306216 total messages 1 total packets 16425 RTS 0 total bytes 67112550 in_flight now 0 fair_inc 0 prop_inc 0 fast_inc 0 eta_inc 16191207 multi_dec -16057143 quick_dec -173036 nack_dec -693050
Flow Uec_2745_0 flowId 55 uecSrc 54 finished at 306519 total messages 1 total packets 16425 RTS 0 total bytes 67112550 in_flight now 0 fair_inc 0 prop_inc 0 fast_inc 0 eta_inc 16209813 multi_dec -16097844 quick_dec -113913 nack_dec -680600
Flow Uec_3907_0 flowId 10 uecSrc 9 finished at 306738 total messages 1 total packets 16425 RTS 0 total bytes 67112550 in_flight now 0 fair_inc 0 prop_inc 0 fast_inc 0 eta_inc 16231077 multi_dec -16130998 quick_dec -154577 nack_dec -647400
Flow Uec_7568_0 flowId 25 uecSrc 24 finished at 306898 total messages 1 total packets 16425 RTS 0 total bytes 67112550 in_flight now 0 fair_inc 0 prop_inc 0 fast_inc 0 eta_inc 16191207 multi_dec -15998448 quick_dec -168197 nack_dec -809250
Flow Uec_5232_0 flowId 64 uecSrc 63 finished at 307287 total messages 1 total packets 16425 RTS 0 total bytes 67112550 in_flight now 0 fair_inc 0 prop_inc 0 fast_inc 0 eta_inc 16211142 multi_dec -16048744 quick_dec -122565 nack_dec -854900
Flow Uec_5461_0 flowId 92 uecSrc 91 finished at 307403 total messages 1 total packets 16425 RTS 0 total bytes 67112550 in_flight now 0 fair_inc 0 prop_inc 0 fast_inc 0 eta_inc 16253670 multi_dec -16138110 quick_dec -185237 nack_dec -693050
Flow Uec_5562_0 flowId 111 uecSrc 110 finished at 307625 total messages 1 total packets 16425 RTS 0 total bytes 67112550 in_flight now 0 fair_inc 6038 prop_inc 0 fast_inc 0 eta_inc 16276263 multi_dec -16178081 quick_dec -118202 nack_dec -680600
Flow Uec_2088_0 flowId 91 uecSrc 90 finished at 308106 total messages 1 total packets 16425 RTS 0 total bytes 67112550 in_flight now 0 fair_inc 0 prop_inc 0 fast_inc 0 eta_inc 16274934 multi_dec -16116124 quick_dec -158008 nack_dec -759450
Flow Uec_7380_0 flowId 73 uecSrc 72 finished at 308365 total messages 1 total packets 16425 RTS 0 total bytes 67112550 in_flight now 0 fair_inc 0 prop_inc 0 fast_inc 0 eta_inc 16304172 multi_dec -16177615 quick_dec -162897 nack_dec -693050
Flow Uec_4163_0 flowId 52 uecSrc 51 finished at 308372 total messages 1 total packets 16425 RTS 0 total bytes 67112550 in_flight now 0 fair_inc 11373 prop_inc 0 fast_inc 0 eta_inc 16321449 multi_dec -16256884 quick_dec -133259 nack_dec -672300
Flow Uec_5881_0 flowId 123 uecSrc 122 finished at 308443 total messages 1 total packets 16425 RTS 0 total bytes 67112550 in_flight now 0 fair_inc 0 prop_inc 0 fast_inc 0 eta_inc 16302843 multi_dec -16176475 quick_dec -144008 nack_dec -697200
Flow Uec_6489_0 flowId 54 uecSrc 53 finished at 309189 total messages 1 total packets 16425 RTS 0 total bytes 67112550 in_flight now 0 fair_inc 0 prop_inc 0 fast_inc 0 eta_inc 16338726 multi_dec -16183922 quick_dec -135423 nack_dec -747000
Flow Uec_3239_0 flowId 15 uecSrc 14 finished at 309363 total messages 1 total packets 16425 RTS 0 total bytes 67112550 in_flight now 0 fair_inc 0 prop_inc 0 fast_inc 0 eta_inc 16359990 multi_dec -16255710 quick_dec -114851 nack_dec -693050
Flow Uec_1866_0 flowId 98 uecSrc 97 finished at 309600 total messages 1 total packets 16425 RTS 0 total bytes 67112550 in_flight now 0 fair_inc 0 prop_inc 0 fast_inc 0 eta_inc 16371951 multi_dec -16227658 quick_dec -140162 nack_dec -684750
Flow Uec_5367_0 flowId 51 uecSrc 50 finished at 311473 total messages 1 total packets 16425 RTS 0 total bytes 67112550 in_flight now 0 fair_inc 0 prop_inc 0 fast_inc 0 eta_inc 16480929 multi_dec -16344222 quick_dec -159252 nack_dec -688900
Flow Uec_1906_0 flowId 39 uecSrc 38 finished at 312120 total messages 1 total packets 16425 RTS 0 total bytes 67112550 in_flight now 0 fair_inc 0 prop_inc 0 fast_inc 0 eta_inc 16483587 multi_dec -16307589 quick_dec -117584 nack_dec -792650
Flow Uec_2671_0 flowId 3 uecSrc 2 finished at 312272 total messages 1 total packets 16425 RTS 0 total bytes 67112550 in_flight now 0 fair_inc 0 prop_inc 0 fast_inc 0 eta_inc 16511496 multi_dec -16384731 quick_dec -91582 nack_dec -747000
Flow Uec_190_0 flowId 65 uecSrc 64 finished at 315034 total messages 1 total packets 16425 RTS 0 total bytes 67112550 in_flight now 0 fair_inc 0 prop_inc 1804 fast_inc 0 eta_inc 19851273 multi_dec -19195165 quick_dec --113785 nack_dec -1510600
Flow Uec_2504_0 flowId 102 uecSrc 101 finished at 318684 total messages 1 total packets 16425 RTS 0 total bytes 67112550 in_flight now 0 fair_inc 6746 prop_inc 0 fast_inc 0 eta_inc 16857036 multi_dec -16717404 quick_dec -167865 nack_dec -738700
Flow Uec_215_0 flowId 117 uecSrc 116 finished at 319633 total messages 1 total packets 16425 RTS 0 total bytes 67112550 in_flight now 0 fair_inc 5491 prop_inc 377 fast_inc 0 eta_inc 20219406 multi_dec -19624586 quick_dec --13504 nack_dec -1423450
Flow Uec_124_0 flowId 86 uecSrc 85 finished at 320905 total messages 1 total packets 16425 RTS 0 total bytes 67112550 in_flight now 0 fair_inc 13360 prop_inc 1748 fast_inc 0 eta_inc 20320410 multi_dec -19801611 quick_dec -7556 nack_dec -1381950
Flow Uec_4631_0 flowId 76 uecSrc 75 finished at 321469 total messages 1 total packets 16425 RTS 0 total bytes 67112550 in_flight now 0 fair_inc 19876 prop_inc 0 fast_inc 0 eta_inc 17016516 multi_dec -16911460 quick_dec -156559 nack_dec -709650
Flow Uec_7006_0 flowId 87 uecSrc 86 finished at 322433 total messages 1 total packets 16425 RTS 0 total bytes 67112550 in_flight now 0 fair_inc 6644 prop_inc 0 fast_inc 0 eta_inc 17064360 multi_dec -16942197 quick_dec -120913 nack_dec -722100
Flow Uec_5992_0 flowId 108 uecSrc 107 finished at 328824 total messages 1 total packets 16425 RTS 0 total bytes 67112550 in_flight now 0 fair_inc 53077 prop_inc 0 fast_inc 0 eta_inc 17423190 multi_dec -17362215 quick_dec -212664 nack_dec -726250
Flow Uec_2732_0 flowId 94 uecSrc 93 finished at 336363 total messages 1 total packets 16425 RTS 0 total bytes 67112550 in_flight now 0 fair_inc 91595 prop_inc 0 fast_inc 0 eta_inc 17832522 multi_dec -17864255 quick_dec -122894 nack_dec -734550
Flow Uec_7051_0 flowId 18 uecSrc 17 finished at 336499 total messages 1 total packets 16425 RTS 0 total bytes 67112550 in_flight now 0 fair_inc 66760 prop_inc 0 fast_inc 0 eta_inc 17865747 multi_dec -17860687 quick_dec -161246 nack_dec -659850
Flow Uec_6139_0 flowId 69 uecSrc 68 finished at 337170 total messages 1 total packets 16425 RTS 0 total bytes 67112550 in_flight now 0 fair_inc 110767 prop_inc 0 fast_inc 0 eta_inc 17894985 multi_dec -17994575 quick_dec -245982 nack_dec -676450
Flow Uec_3634_0 flowId 9 uecSrc 8 finished at 339203 total messages 1 total packets 16425 RTS 0 total bytes 67112550 in_flight now 0 fair_inc 72161 prop_inc 0 fast_inc 0 eta_inc 18003963 multi_dec -18021014 quick_dec -218266 nack_dec -659850
Flow Uec_7781_0 flowId 59 uecSrc 58 finished at 339939 total messages 1 total packets 16425 RTS 0 total bytes 67112550 in_flight now 0 fair_inc 138863 prop_inc 0 fast_inc 0 eta_inc 18038517 multi_dec -18143768 quick_dec -196863 nack_dec -709650
Flow Uec_7811_0 flowId 11 uecSrc 10 finished at 340091 total messages 1 total packets 16425 RTS 0 total bytes 67112550 in_flight now 0 fair_inc 39382 prop_inc 0 fast_inc 0 eta_inc 18035859 multi_dec -17954543 quick_dec -174268 nack_dec -722100
Flow Uec_4389_0 flowId 37 uecSrc 36 finished at 340835 total messages 1 total packets 16425 RTS 0 total bytes 67112550 in_flight now 0 fair_inc 91449 prop_inc 0 fast_inc 0 eta_inc 18082374 multi_dec -18097412 quick_dec -150914 nack_dec -755300
Flow Uec_7885_0 flowId 105 uecSrc 104 finished at 343542 total messages 1 total packets 16425 RTS 0 total bytes 67112550 in_flight now 0 fair_inc 129383 prop_inc 0 fast_inc 0 eta_inc 18229893 multi_dec -18318674 quick_dec -152264 nack_dec -730400
Flow Uec_1463_0 flowId 96 uecSrc 95 finished at 343844 total messages 1 total packets 16425 RTS 0 total bytes 67112550 in_flight now 0 fair_inc 146597 prop_inc 0 fast_inc 0 eta_inc 18248499 multi_dec -18350515 quick_dec -163413 nack_dec -771900
Flow Uec_8076_0 flowId 104 uecSrc 103 finished at 344636 total messages 1 total packets 16425 RTS 0 total bytes 67112550 in_flight now 0 fair_inc 151364 prop_inc 0 fast_inc 0 eta_inc 18295014 multi_dec -18424560 quick_dec -207425 nack_dec -747000
Flow Uec_6595_0 flowId 70 uecSrc 69 finished at 346103 total messages 1 total packets 16425 RTS 0 total bytes 67112550 in_flight now 0 fair_inc 203527 prop_inc 0 fast_inc 0 eta_inc 18374754 multi_dec -18589827 quick_dec -247768 nack_dec -730400
Flow Uec_4509_0 flowId 83 uecSrc 82 finished at 346454 total messages 1 total packets 16425 RTS 0 total bytes 67112550 in_flight now 0 fair_inc 226987 prop_inc 78 fast_inc 0 eta_inc 18402663 multi_dec -18633166 quick_dec -231578 nack_dec -759450
Flow Uec_523_0 flowId 43 uecSrc 42 finished at 346490 total messages 1 total packets 16425 RTS 0 total bytes 67112550 in_flight now 0 fair_inc 191094 prop_inc 0 fast_inc 0 eta_inc 18380070 multi_dec -18503418 quick_dec -219727 nack_dec -863200
Flow Uec_6850_0 flowId 125 uecSrc 124 finished at 346784 total messages 1 total packets 16425 RTS 0 total bytes 67112550 in_flight now 0 fair_inc 157134 prop_inc 0 fast_inc 0 eta_inc 18409308 multi_dec -18415000 quick_dec -209190 nack_dec -780200
Flow Uec_3130_0 flowId 2 uecSrc 1 finished at 346909 total messages 1 total packets 16425 RTS 0 total bytes 67112550 in_flight now 0 fair_inc 182462 prop_inc 0 fast_inc 0 eta_inc 18419940 multi_dec -18532437 quick_dec -215621 nack_dec -784350
Flow Uec_334_0 flowId 4 uecSrc 3 finished at 346988 total messages 1 total packets 16425 RTS 0 total bytes 67112550 in_flight now 0 fair_inc 235556 prop_inc 0 fast_inc 0 eta_inc 18446520 multi_dec -18700050 quick_dec -216080 nack_dec -763600
Flow Uec_3375_0 flowId 114 uecSrc 113 finished at 347046 total messages 1 total packets 16425 RTS 0 total bytes 67112550 in_flight now 0 fair_inc 173636 prop_inc 0 fast_inc 0 eta_inc 18455823 multi_dec -18657809 quick_dec -214833 nack_dec -701350
Flow Uec_1785_0 flowId 5 uecSrc 4 finished at 347110 total messages 1 total packets 16425 RTS 0 total bytes 67112550 in_flight now 0 fair_inc 97598 prop_inc 0 fast_inc 0 eta_inc 18423927 multi_dec -18455050 quick_dec -148614 nack_dec -726250
Flow Uec_4097_0 flowId 53 uecSrc 52 finished at 347149 total messages 1 total packets 16425 RTS 0 total bytes 67112550 in_flight now 0 fair_inc 229811 prop_inc 0 fast_inc 0 eta_inc 18415953 multi_dec -18497806 quick_dec -209005 nack_dec -863200
Flow Uec_7252_0 flowId 62 uecSrc 61 finished at 347162 total messages 1 total packets 16425 RTS 0 total bytes 67112550 in_flight now 0 fair_inc 199509 prop_inc 0 fast_inc 0 eta_inc 18425256 multi_dec -18520346 quick_dec -235876 nack_dec -821700
Flow Uec_4126_0 flowId 46 uecSrc 45 finished at 347618 total messages 1 total packets 16425 RTS 0 total bytes 67112550 in_flight now 0 fair_inc 241182 prop_inc 249 fast_inc 0 eta_inc 18463797 multi_dec -18710921 quick_dec -264197 nack_dec -767750
Flow Uec_4500_0 flowId 112 uecSrc 111 finished at 347652 total messages 1 total packets 16425 RTS 0 total bytes 67112550 in_flight now 0 fair_inc 208460 prop_inc 743 fast_inc 0 eta_inc 18453165 multi_dec -18561961 quick_dec -276059 nack_dec -830000
Flow Uec_1197_0 flowId 77 uecSrc 76 finished at 347708 total messages 1 total packets 16425 RTS 0 total bytes 67112550 in_flight now 0 fair_inc 199753 prop_inc 314 fast_inc 0 eta_inc 18475758 multi_dec -18612004 quick_dec -303657 nack_dec -784350
Flow Uec_6562_0 flowId 33 uecSrc 32 finished at 347730 total messages 1 total packets 16425 RTS 0 total bytes 67112550 in_flight now 0 fair_inc 175004 prop_inc 469 fast_inc 0 eta_inc 18470442 multi_dec -18581130 quick_dec -224280 nack_dec -800950
Flow Uec_6202_0 flowId 95 uecSrc 94 finished at 347774 total messages 1 total packets 16425 RTS 0 total bytes 67112550 in_flight now 0 fair_inc 240183 prop_inc 491 fast_inc 0 eta_inc 18459810 multi_dec -18655751 quick_dec -274036 nack_dec -784350
Flow Uec_6432_0 flowId 116 uecSrc 115 finished at 347833 total messages 1 total packets 16425 RTS 0 total bytes 67112550 in_flight now 0 fair_inc 202291 prop_inc 318 fast_inc 0 eta_inc 18486390 multi_dec -18736798 quick_dec -233774 nack_dec -705500
Flow Uec_904_0 flowId 49 uecSrc 48 finished at 347868 total messages 1 total packets 16425 RTS 0 total bytes 67112550 in_flight now 0 fair_inc 157495 prop_inc 423 fast_inc 0 eta_inc 18473100 multi_dec -18620828 quick_dec -207857 nack_dec -751150
Flow Uec_4479_0 flowId 60 uecSrc 59 finished at 347870 total messages 1 total packets 16425 RTS 0 total bytes 67112550 in_flight now 0 fair_inc 242814 prop_inc 465 fast_inc 0 eta_inc 18454494 multi_dec -18675744 quick_dec -205754 nack_dec -854900
Flow Uec_801_0 flowId 17 uecSrc 16 finished at 347886 total messages 1 total packets 16425 RTS 0 total bytes 67112550 in_flight now 0 fair_inc 186620 prop_inc 1074 fast_inc 0 eta_inc 18487719 multi_dec -18568648 quick_dec -205742 nack_dec -755300
Flow Uec_5964_0 flowId 79 uecSrc 78 finished at 347950 total messages 1 total packets 16425 RTS 0 total bytes 67112550 in_flight now 0 fair_inc 173289 prop_inc 1882 fast_inc 0 eta_inc 18459810 multi_dec -18557261 quick_dec -277324 nack_dec -809250
Flow Uec_6700_0 flowId 61 uecSrc 60 finished at 348030 total messages 1 total packets 16425 RTS 0 total bytes 67112550 in_flight now 0 fair_inc 246486 prop_inc 502 fast_inc 0 eta_inc 18497022 multi_dec -18771028 quick_dec -210615 nack_dec -726250
Flow Uec_3054_0 flowId 126 uecSrc 125 finished at 348039 total messages 1 total packets 16425 RTS 0 total bytes 67112550 in_flight now 0 fair_inc 193010 prop_inc 1404 fast_inc 0 eta_inc 18493035 multi_dec -18691934 quick_dec -201407 nack_dec -722100
Flow Uec_1831_0 flowId 122 uecSrc 121 finished at 348224 total messages 1 total packets 16425 RTS 0 total bytes 67112550 in_flight now 0 fair_inc 273345 prop_inc 1493 fast_inc 0 eta_inc 18485061 multi_dec -18706753 quick_dec -258294 nack_dec -838300
Flow Uec_1899_0 flowId 80 uecSrc 79 finished at 348332 total messages 1 total packets 16425 RTS 0 total bytes 67112550 in_flight now 0 fair_inc 196778 prop_inc 863 fast_inc 0 eta_inc 18503667 multi_dec -18600303 quick_dec -199376 nack_dec -751150
Flow Uec_1760_0 flowId 71 uecSrc 70 finished at 348359 total messages 1 total packets 16425 RTS 0 total bytes 67112550 in_flight now 0 fair_inc 225764 prop_inc 1532 fast_inc 0 eta_inc 18504996 multi_dec -18700110 quick_dec -205591 nack_dec -838300
Flow Uec_7378_0 flowId 75 uecSrc 74 finished at 348365 total messages 1 total packets 16425 RTS 0 total bytes 67112550 in_flight now 0 fair_inc 201972 prop_inc 1976 fast_inc 0 eta_inc 18503667 multi_dec -18681319 quick_dec -218443 nack_dec -780200
Flow Uec_448_0 flowId 13 uecSrc 12 finished at 348435 total messages 1 total packets 16425 RTS 0 total bytes 67112550 in_flight now 0 fair_inc 238540 prop_inc 753 fast_inc 0 eta_inc 18504996 multi_dec -18709749 quick_dec -322724 nack_dec -817550
Flow Uec_5023_0 flowId 85 uecSrc 84 finished at 348443 total messages 1 total packets 16425 RTS 0 total bytes 67112550 in_flight now 0 fair_inc 287575 prop_inc 4436 fast_inc 0 eta_inc 18523602 multi_dec -18730543 quick_dec -289089 nack_dec -751150
Flow Uec_7122_0 flowId 118 uecSrc 117 finished at 348468 total messages 1 total packets 16425 RTS 0 total bytes 67112550 in_flight now 0 fair_inc 158179 prop_inc 2470 fast_inc 0 eta_inc 18503667 multi_dec -18570486 quick_dec -186752 nack_dec -738700
Flow Uec_4270_0 flowId 115 uecSrc 114 finished at 348512 total messages 1 total packets 16425 RTS 0 total bytes 67112550 in_flight now 0 fair_inc 205915 prop_inc 4604 fast_inc 0 eta_inc 18508983 multi_dec -18711386 quick_dec -295665 nack_dec -759450
Flow Uec_6670_0 flowId 113 uecSrc 112 finished at 348521 total messages 1 total packets 16425 RTS 0 total bytes 67112550 in_flight now 0 fair_inc 256065 prop_inc 5591 fast_inc 0 eta_inc 18546195 multi_dec -18781341 quick_dec -310530 nack_dec -684750
Flow Uec_3105_0 flowId 45 uecSrc 44 finished at 348548 total messages 1 total packets 16425 RTS 0 total bytes 67112550 in_flight now 0 fair_inc 246082 prop_inc 2897 fast_inc 0 eta_inc 18511641 multi_dec -18695628 quick_dec -328328 nack_dec -834150
Flow Uec_2456_0 flowId 44 uecSrc 43 finished at 348552 total messages 1 total packets 16425 RTS 0 total bytes 67112550 in_flight now 0 fair_inc 181562 prop_inc 1842 fast_inc 0 eta_inc 18522273 multi_dec -18659072 quick_dec -280277 nack_dec -722100
Flow Uec_5617_0 flowId 88 uecSrc 87 finished at 348571 total messages 1 total packets 16425 RTS 0 total bytes 67112550 in_flight now 0 fair_inc 198111 prop_inc 6946 fast_inc 0 eta_inc 18523602 multi_dec -18656960 quick_dec -189677 nack_dec -738700
Flow Uec_7509_0 flowId 21 uecSrc 20 finished at 348631 total messages 1 total packets 16425 RTS 0 total bytes 67112550 in_flight now 0 fair_inc 188390 prop_inc 5594 fast_inc 0 eta_inc 18515628 multi_dec -18556579 quick_dec -194640 nack_dec -813400
Flow Uec_1748_0 flowId 6 uecSrc 5 finished at 348650 total messages 1 total packets 16425 RTS 0 total bytes 67112550 in_flight now 0 fair_inc 184316 prop_inc 4187 fast_inc 0 eta_inc 18526260 multi_dec -18558571 quick_dec -234598 nack_dec -800950
Flow Uec_5572_0 flowId 24 uecSrc 23 finished at 348732 total messages 1 total packets 16425 RTS 0 total bytes 67112550 in_flight now 0 fair_inc 228447 prop_inc 9196 fast_inc 0 eta_inc 18520944 multi_dec -18615892 quick_dec -231719 nack_dec -842914
Flow Uec_6756_0 flowId 63 uecSrc 62 finished at 348757 total messages 1 total packets 16425 RTS 0 total bytes 67112550 in_flight now 0 fair_inc 140819 prop_inc 8884 fast_inc 0 eta_inc 18532905 multi_dec -18630062 quick_dec -188175 nack_dec -730400
Flow Uec_4703_0 flowId 68 uecSrc 67 finished at 348849 total messages 1 total packets 16425 RTS 0 total bytes 67112550 in_flight now 0 fair_inc 237880 prop_inc 8403 fast_inc 0 eta_inc 18543537 multi_dec -18672003 quick_dec -252624 nack_dec -767750
Flow Uec_477_0 flowId 40 uecSrc 39 finished at 348871 total messages 1 total packets 16425 RTS 0 total bytes 67112550 in_flight now 0 fair_inc 225281 prop_inc 9330 fast_inc 0 eta_inc 18540879 multi_dec -18690691 quick_dec -293070 nack_dec -809250
Flow Uec_4025_0 flowId 93 uecSrc 92 finished at 348874 total messages 1 total packets 16425 RTS 0 total bytes 67112550 in_flight now 0 fair_inc 230710 prop_inc 9762 fast_inc 0 eta_inc 18522273 multi_dec -18702187 quick_dec -189110 nack_dec -842450
Flow Uec_6597_0 flowId 89 uecSrc 88 finished at 348876 total messages 1 total packets 16425 RTS 0 total bytes 67112550 in_flight now 0 fair_inc 211166 prop_inc 9903 fast_inc 0 eta_inc 18538221 multi_dec -18688313 quick_dec -252739 nack_dec -734550
Flow Uec_4190_0 flowId 30 uecSrc 29 finished at 348934 total messages 1 total packets 16425 RTS 0 total bytes 67112550 in_flight now 0 fair_inc 187711 prop_inc 17730 fast_inc 0 eta_inc 18538221 multi_dec -18630610 quick_dec -195963 nack_dec -755300
Flow Uec_4471_0 flowId 72 uecSrc 71 finished at 348949 total messages 1 total packets 16425 RTS 0 total bytes 67112550 in_flight now 0 fair_inc 165883 prop_inc 13853 fast_inc 0 eta_inc 18524931 multi_dec -18552155 quick_dec -228972 nack_dec -830000
Flow Uec_4722_0 flowId 109 uecSrc 108 finished at 348951 total messages 1 total packets 16425 RTS 0 total bytes 67112550 in_flight now 0 fair_inc 278657 prop_inc 11847 fast_inc 0 eta_inc 18538221 multi_dec -18674551 quick_dec -293399 nack_dec -800950
Flow Uec_4969_0 flowId 26 uecSrc 25 finished at 348955 total messages 1 total packets 16425 RTS 0 total bytes 67112550 in_flight now 0 fair_inc 192826 prop_inc 16750 fast_inc 0 eta_inc 18528918 multi_dec -18674529 quick_dec -193845 nack_dec -838300
Flow Uec_1960_0 flowId 66 uecSrc 65 finished at 348961 total messages 1 total packets 16425 RTS 0 total bytes 67112550 in_flight now 0 fair_inc 207109 prop_inc 16425 fast_inc 0 eta_inc 18535563 multi_dec -18632110 quick_dec -257038 nack_dec -805100
Flow Uec_2663_0 flowId 34 uecSrc 33 finished at 348961 total messages 1 total packets 16425 RTS 0 total bytes 67112550 in_flight now 0 fair_inc 214123 prop_inc 21958 fast_inc 0 eta_inc 18532905 multi_dec -18636914 quick_dec -239160 nack_dec -825850
Flow Uec_3459_0 flowId 107 uecSrc 106 finished at 348978 total messages 1 total packets 16425 RTS 0 total bytes 67112550 in_flight now 0 fair_inc 243317 prop_inc 46148 fast_inc 0 eta_inc 18534234 multi_dec -18667489 quick_dec -243253 nack_dec -817550
Flow Uec_3792_0 flowId 101 uecSrc 100 finished at 348999 total messages 1 total packets 16425 RTS 0 total bytes 67112550 in_flight now 0 fair_inc 214531 prop_inc 71632 fast_inc 17998 eta_inc 18542208 multi_dec -18626430 quick_dec -297314 nack_dec -788500
Flow Uec_5065_0 flowId 97 uecSrc 96 finished at 349045 total messages 1 total packets 16425 RTS 0 total bytes 67112550 in_flight now 0 fair_inc 218205 prop_inc 132733 fast_inc 0 eta_inc 18542208 multi_dec -18542079 quick_dec -282330 nack_dec -838300
Flow Uec_2332_0 flowId 42 uecSrc 41 finished at 349056 total messages 1 total packets 16425 RTS 0 total bytes 67112550 in_flight now 0 fair_inc 152878 prop_inc 106767 fast_inc 195728 eta_inc 18527589 multi_dec -18534612 quick_dec -201572 nack_dec -821700
New: 2102400 Rtx: 23423 RTS: 0 Bounced: 0 ACKs: 2101930 NACKs: 23423 Pulls: 0 sleek_pkts: 0
SPURIOUS_COUNT 0
