Flow Uec_8126_0 flowId 66 uecSrc 65 finished at 25976.5 total messages 1 total packets 4107 RTS 0 total bytes 16781202 in_flight now 0 fair_inc 0 prop_inc 0 fast_inc 0 eta_inc 0 multi_dec -0 quick_dec -247226 nack_dec -713800
Flow Uec_8144_0 flowId 48 uecSrc 47 finished at 34491.5 total messages 1 total packets 4107 RTS 0 total bytes 16781202 in_flight now 0 fair_inc 0 prop_inc 0 fast_inc 0 eta_inc 0 multi_dec -0 quick_dec -259676 nack_dec -676450
.Flow Uec_8097_0 flowId 95 uecSrc 94 finished at 52220.8 total messages 1 total packets 4107 RTS 0 total bytes 16781202 in_flight now 0 fair_inc 0 prop_inc 0 fast_inc 0 eta_inc 2748372 multi_dec -2707611 quick_dec -213410 nack_dec -564400
Flow Uec_8169_0 flowId 23 uecSrc 22 finished at 52278.7 total messages 1 total packets 4107 RTS 0 total bytes 16781202 in_flight now 0 fair_inc 0 prop_inc 0 fast_inc 0 eta_inc 2761662 multi_dec -2727991 quick_dec -248289 nack_dec -531200
Flow Uec_8090_0 flowId 102 uecSrc 101 finished at 52356.9 total messages 1 total packets 4107 RTS 0 total bytes 16781202 in_flight now 0 fair_inc 0 prop_inc 232 fast_inc 0 eta_inc 2753688 multi_dec -2710134 quick_dec -196843 nack_dec -581000
Flow Uec_8116_0 flowId 76 uecSrc 75 finished at 52393.6 total messages 1 total packets 4107 RTS 0 total bytes 16781202 in_flight now 0 fair_inc 0 prop_inc 207 fast_inc 0 eta_inc 2760333 multi_dec -2712724 quick_dec -199023 nack_dec -585150
Flow Uec_8106_0 flowId 86 uecSrc 85 finished at 52443.9 total messages 1 total packets 4107 RTS 0 total bytes 16781202 in_flight now 0 fair_inc 0 prop_inc 0 fast_inc 0 eta_inc 2778939 multi_dec -2760363 quick_dec -240063 nack_dec -506300
Flow Uec_8107_0 flowId 85 uecSrc 84 finished at 52499.7 total messages 1 total packets 4107 RTS 0 total bytes 16781202 in_flight now 0 fair_inc 0 prop_inc 0 fast_inc 0 eta_inc 2768307 multi_dec -2733498 quick_dec -168358 nack_dec -551950
Flow Uec_8134_0 flowId 58 uecSrc 57 finished at 52504.2 total messages 1 total packets 4107 RTS 0 total bytes 16781202 in_flight now 0 fair_inc 0 prop_inc 0 fast_inc 0 eta_inc 2760333 multi_dec -2711625 quick_dec -144309 nack_dec -589300
Flow Uec_8074_0 flowId 118 uecSrc 117 finished at 52505.4 total messages 1 total packets 4107 RTS 0 total bytes 16781202 in_flight now 0 fair_inc 0 prop_inc 0 fast_inc 0 eta_inc 2769636 multi_dec -2735740 quick_dec -195064 nack_dec -539500
Flow Uec_8140_0 flowId 52 uecSrc 51 finished at 52549.7 total messages 1 total packets 4107 RTS 0 total bytes 16781202 in_flight now 0 fair_inc 0 prop_inc 0 fast_inc 0 eta_inc 2776281 multi_dec -2751718 quick_dec -218144 nack_dec -527050
Flow Uec_8117_0 flowId 75 uecSrc 74 finished at 52550 total messages 1 total packets 4107 RTS 0 total bytes 16781202 in_flight now 0 fair_inc 0 prop_inc 0 fast_inc 0 eta_inc 2770965 multi_dec -2729529 quick_dec -236505 nack_dec -539500
Flow Uec_8143_0 flowId 49 uecSrc 48 finished at 52573.6 total messages 1 total packets 4107 RTS 0 total bytes 16781202 in_flight now 0 fair_inc 0 prop_inc 0 fast_inc 0 eta_inc 2772294 multi_dec -2740233 quick_dec -152206 nack_dec -551950
Flow Uec_8183_0 flowId 9 uecSrc 8 finished at 52816.3 total messages 1 total packets 4107 RTS 0 total bytes 16781202 in_flight now 0 fair_inc 0 prop_inc 0 fast_inc 0 eta_inc 2766978 multi_dec -2737759 quick_dec -181126 nack_dec -626650
Flow Uec_8077_0 flowId 115 uecSrc 114 finished at 52982.3 total messages 1 total packets 4107 RTS 0 total bytes 16781202 in_flight now 0 fair_inc 0 prop_inc 199 fast_inc 0 eta_inc 2796216 multi_dec -2764205 quick_dec -163617 nack_dec -535350
Flow Uec_8152_0 flowId 40 uecSrc 39 finished at 53005.2 total messages 1 total packets 4107 RTS 0 total bytes 16781202 in_flight now 0 fair_inc 0 prop_inc 0 fast_inc 0 eta_inc 2805519 multi_dec -2776673 quick_dec -155084 nack_dec -510450
Flow Uec_8071_0 flowId 121 uecSrc 120 finished at 53028.5 total messages 1 total packets 4107 RTS 0 total bytes 16781202 in_flight now 0 fair_inc 0 prop_inc 0 fast_inc 0 eta_inc 2798874 multi_dec -2767080 quick_dec -193543 nack_dec -535350
Flow Uec_8160_0 flowId 32 uecSrc 31 finished at 53513.4 total messages 1 total packets 4107 RTS 0 total bytes 16781202 in_flight now 0 fair_inc 0 prop_inc 0 fast_inc 0 eta_inc 2824125 multi_dec -2802388 quick_dec -174000 nack_dec -568550
Flow Uec_8114_0 flowId 78 uecSrc 77 finished at 53645.4 total messages 1 total packets 4107 RTS 0 total bytes 16781202 in_flight now 0 fair_inc 0 prop_inc 0 fast_inc 0 eta_inc 2828112 multi_dec -2799520 quick_dec -200987 nack_dec -543650
Flow Uec_8087_0 flowId 105 uecSrc 104 finished at 63203.7 total messages 1 total packets 4107 RTS 0 total bytes 16781202 in_flight now 0 fair_inc 0 prop_inc 0 fast_inc 0 eta_inc 3346422 multi_dec -3325190 quick_dec -158607 nack_dec -527050
Flow Uec_8113_0 flowId 79 uecSrc 78 finished at 63256.5 total messages 1 total packets 4107 RTS 0 total bytes 16781202 in_flight now 0 fair_inc 0 prop_inc 0 fast_inc 0 eta_inc 3351738 multi_dec -3328847 quick_dec -205928 nack_dec -527050
Flow Uec_8190_0 flowId 2 uecSrc 1 finished at 63334.9 total messages 1 total packets 4107 RTS 0 total bytes 16781202 in_flight now 0 fair_inc 0 prop_inc 0 fast_inc 0 eta_inc 3350409 multi_dec -3309078 quick_dec -248633 nack_dec -560250
Flow Uec_8083_0 flowId 109 uecSrc 108 finished at 63457.2 total messages 1 total packets 4107 RTS 0 total bytes 16781202 in_flight now 0 fair_inc 0 prop_inc 0 fast_inc 0 eta_inc 3365028 multi_dec -3329390 quick_dec -226337 nack_dec -535350
Flow Uec_8094_0 flowId 98 uecSrc 97 finished at 65232.1 total messages 1 total packets 4107 RTS 0 total bytes 16781202 in_flight now 0 fair_inc 0 prop_inc 0 fast_inc 0 eta_inc 3446097 multi_dec -3407689 quick_dec -194174 nack_dec -564400
Flow Uec_8171_0 flowId 21 uecSrc 20 finished at 67371.2 total messages 1 total packets 4107 RTS 0 total bytes 16781202 in_flight now 0 fair_inc 0 prop_inc 0 fast_inc 0 eta_inc 3560391 multi_dec -3517752 quick_dec -231224 nack_dec -572700
Flow Uec_8098_0 flowId 94 uecSrc 93 finished at 67541.4 total messages 1 total packets 4107 RTS 0 total bytes 16781202 in_flight now 0 fair_inc 0 prop_inc 0 fast_inc 0 eta_inc 3578997 multi_dec -3544941 quick_dec -179346 nack_dec -543650
Flow Uec_8108_0 flowId 84 uecSrc 83 finished at 73396 total messages 1 total packets 4107 RTS 0 total bytes 16781202 in_flight now 0 fair_inc 0 prop_inc 0 fast_inc 0 eta_inc 3883338 multi_dec -3837532 quick_dec -158731 nack_dec -597764
Flow Uec_8177_0 flowId 15 uecSrc 14 finished at 75567 total messages 1 total packets 4107 RTS 0 total bytes 16781202 in_flight now 0 fair_inc 0 prop_inc 215 fast_inc 0 eta_inc 4008264 multi_dec -3963113 quick_dec -177469 nack_dec -564400
Flow Uec_8068_0 flowId 124 uecSrc 123 finished at 76425.2 total messages 1 total packets 4107 RTS 0 total bytes 16781202 in_flight now 0 fair_inc 0 prop_inc 0 fast_inc 0 eta_inc 4046805 multi_dec -3996007 quick_dec -270948 nack_dec -585314
Flow Uec_8185_0 flowId 7 uecSrc 6 finished at 76645.6 total messages 1 total packets 4107 RTS 0 total bytes 16781202 in_flight now 0 fair_inc 0 prop_inc 0 fast_inc 0 eta_inc 4061424 multi_dec -4016389 quick_dec -218899 nack_dec -564564
Flow Uec_8141_0 flowId 51 uecSrc 50 finished at 76697.4 total messages 1 total packets 4107 RTS 0 total bytes 16781202 in_flight now 0 fair_inc 0 prop_inc 0 fast_inc 0 eta_inc 4057437 multi_dec -4002559 quick_dec -202579 nack_dec -589300
Flow Uec_8158_0 flowId 34 uecSrc 33 finished at 76751.2 total messages 1 total packets 4107 RTS 0 total bytes 16781202 in_flight now 0 fair_inc 0 prop_inc 0 fast_inc 0 eta_inc 4065411 multi_dec -4020374 quick_dec -170445 nack_dec -560250
Flow Uec_8162_0 flowId 30 uecSrc 29 finished at 76823.8 total messages 1 total packets 4107 RTS 0 total bytes 16781202 in_flight now 0 fair_inc 0 prop_inc 0 fast_inc 0 eta_inc 4078701 multi_dec -4050420 quick_dec -151177 nack_dec -551950
Flow Uec_8079_0 flowId 113 uecSrc 112 finished at 76987 total messages 1 total packets 4107 RTS 0 total bytes 16781202 in_flight now 0 fair_inc 0 prop_inc 0 fast_inc 0 eta_inc 4088004 multi_dec -4061283 quick_dec -169810 nack_dec -556100
Flow Uec_8131_0 flowId 61 uecSrc 60 finished at 76996.3 total messages 1 total packets 4107 RTS 0 total bytes 16781202 in_flight now 0 fair_inc 0 prop_inc 0 fast_inc 0 eta_inc 4072056 multi_dec -4031778 quick_dec -205830 nack_dec -630800
Flow Uec_8070_0 flowId 122 uecSrc 121 finished at 77072.3 total messages 1 total packets 4107 RTS 0 total bytes 16781202 in_flight now 0 fair_inc 0 prop_inc 0 fast_inc 0 eta_inc 4086675 multi_dec -4041473 quick_dec -202628 nack_dec -556100
Flow Uec_8091_0 flowId 101 uecSrc 100 finished at 77081 total messages 1 total packets 4107 RTS 0 total bytes 16781202 in_flight now 0 fair_inc 0 prop_inc 0 fast_inc 0 eta_inc 4082688 multi_dec -4043337 quick_dec -162387 nack_dec -597600
Flow Uec_8122_0 flowId 70 uecSrc 69 finished at 77087.8 total messages 1 total packets 4107 RTS 0 total bytes 16781202 in_flight now 0 fair_inc 5796 prop_inc 228 fast_inc 0 eta_inc 4088004 multi_dec -4052271 quick_dec -173260 nack_dec -551950
Flow Uec_8153_0 flowId 39 uecSrc 38 finished at 77091.6 total messages 1 total packets 4107 RTS 0 total bytes 16781202 in_flight now 0 fair_inc 6137 prop_inc 0 fast_inc 0 eta_inc 4085346 multi_dec -4065323 quick_dec -194095 nack_dec -572700
Flow Uec_8138_0 flowId 54 uecSrc 53 finished at 77094.1 total messages 1 total packets 4107 RTS 0 total bytes 16781202 in_flight now 0 fair_inc 0 prop_inc 0 fast_inc 0 eta_inc 4090662 multi_dec -4067943 quick_dec -179452 nack_dec -556100
Flow Uec_8175_0 flowId 17 uecSrc 16 finished at 77095.4 total messages 1 total packets 4107 RTS 0 total bytes 16781202 in_flight now 0 fair_inc 11845 prop_inc 0 fast_inc 0 eta_inc 4089333 multi_dec -4066448 quick_dec -196177 nack_dec -564400
Flow Uec_8076_0 flowId 116 uecSrc 115 finished at 77097.8 total messages 1 total packets 4107 RTS 0 total bytes 16781202 in_flight now 0 fair_inc 0 prop_inc 0 fast_inc 0 eta_inc 4090662 multi_dec -4051264 quick_dec -156588 nack_dec -572700
Flow Uec_8142_0 flowId 50 uecSrc 49 finished at 77166.2 total messages 1 total packets 4107 RTS 0 total bytes 16781202 in_flight now 0 fair_inc 5870 prop_inc 0 fast_inc 0 eta_inc 4091991 multi_dec -4059549 quick_dec -191493 nack_dec -572700
Flow Uec_8137_0 flowId 55 uecSrc 54 finished at 77171.7 total messages 1 total packets 4107 RTS 0 total bytes 16781202 in_flight now 0 fair_inc 11739 prop_inc 0 fast_inc 0 eta_inc 4098636 multi_dec -4071598 quick_dec -173480 nack_dec -535514
Flow Uec_8136_0 flowId 56 uecSrc 55 finished at 77195.6 total messages 1 total packets 4107 RTS 0 total bytes 16781202 in_flight now 0 fair_inc 0 prop_inc 0 fast_inc 0 eta_inc 4091991 multi_dec -4057107 quick_dec -199624 nack_dec -572700
Flow Uec_8139_0 flowId 53 uecSrc 52 finished at 77199.3 total messages 1 total packets 4107 RTS 0 total bytes 16781202 in_flight now 0 fair_inc 0 prop_inc 0 fast_inc 0 eta_inc 4091991 multi_dec -4054081 quick_dec -170027 nack_dec -585150
Flow Uec_8159_0 flowId 33 uecSrc 32 finished at 77206.4 total messages 1 total packets 4107 RTS 0 total bytes 16781202 in_flight now 0 fair_inc 0 prop_inc 0 fast_inc 0 eta_inc 4101294 multi_dec -4074480 quick_dec -156594 nack_dec -539500
Flow Uec_8130_0 flowId 62 uecSrc 61 finished at 77241.1 total messages 1 total packets 4107 RTS 0 total bytes 16781202 in_flight now 0 fair_inc 5794 prop_inc 0 fast_inc 0 eta_inc 4095978 multi_dec -4054715 quick_dec -164071 nack_dec -581000
Flow Uec_8069_0 flowId 123 uecSrc 122 finished at 77306.4 total messages 1 total packets 4107 RTS 0 total bytes 16781202 in_flight now 0 fair_inc 0 prop_inc 0 fast_inc 0 eta_inc 4101294 multi_dec -4051493 quick_dec -172681 nack_dec -572700
Flow Uec_8084_0 flowId 108 uecSrc 107 finished at 77315.6 total messages 1 total packets 4107 RTS 0 total bytes 16781202 in_flight now 0 fair_inc 0 prop_inc 0 fast_inc 0 eta_inc 4103952 multi_dec -4068142 quick_dec -240308 nack_dec -543650
Flow Uec_8149_0 flowId 43 uecSrc 42 finished at 77353.6 total messages 1 total packets 4107 RTS 0 total bytes 16781202 in_flight now 0 fair_inc 0 prop_inc 0 fast_inc 0 eta_inc 4093320 multi_dec -4060968 quick_dec -204114 nack_dec -605900
Flow Uec_8132_0 flowId 60 uecSrc 59 finished at 77362.7 total messages 1 total packets 4107 RTS 0 total bytes 16781202 in_flight now 0 fair_inc 0 prop_inc 0 fast_inc 0 eta_inc 4089333 multi_dec -4053187 quick_dec -170283 nack_dec -593450
Flow Uec_8168_0 flowId 24 uecSrc 23 finished at 77543.9 total messages 1 total packets 4107 RTS 0 total bytes 16781202 in_flight now 0 fair_inc 0 prop_inc 0 fast_inc 0 eta_inc 4113255 multi_dec -4081315 quick_dec -145820 nack_dec -560250
Flow Uec_8154_0 flowId 38 uecSrc 37 finished at 77571.8 total messages 1 total packets 4107 RTS 0 total bytes 16781202 in_flight now 0 fair_inc 6283 prop_inc 0 fast_inc 0 eta_inc 4098636 multi_dec -4061059 quick_dec -224813 nack_dec -630800
Flow Uec_8078_0 flowId 114 uecSrc 113 finished at 77791.6 total messages 1 total packets 4107 RTS 0 total bytes 16781202 in_flight now 0 fair_inc 5822 prop_inc 0 fast_inc 0 eta_inc 4131861 multi_dec -4107636 quick_dec -157820 nack_dec -551950
Flow Uec_8188_0 flowId 4 uecSrc 3 finished at 78080 total messages 1 total packets 4107 RTS 0 total bytes 16781202 in_flight now 0 fair_inc 6248 prop_inc 0 fast_inc 0 eta_inc 4143822 multi_dec -4099040 quick_dec -278917 nack_dec -585150
Flow Uec_8127_0 flowId 65 uecSrc 64 finished at 78196.2 total messages 1 total packets 4107 RTS 0 total bytes 16781202 in_flight now 0 fair_inc 6214 prop_inc 0 fast_inc 0 eta_inc 4143822 multi_dec -4101056 quick_dec -197964 nack_dec -576850
Flow Uec_8065_0 flowId 127 uecSrc 126 finished at 78418.1 total messages 1 total packets 4107 RTS 0 total bytes 16781202 in_flight now 0 fair_inc 0 prop_inc 0 fast_inc 0 eta_inc 4153125 multi_dec -4106190 quick_dec -181319 nack_dec -572700
Flow Uec_8163_0 flowId 29 uecSrc 28 finished at 78536.4 total messages 1 total packets 4107 RTS 0 total bytes 16781202 in_flight now 0 fair_inc 6234 prop_inc 0 fast_inc 0 eta_inc 4166415 multi_dec -4138986 quick_dec -158318 nack_dec -585150
Flow Uec_8085_0 flowId 107 uecSrc 106 finished at 81235.7 total messages 1 total packets 4107 RTS 0 total bytes 16781202 in_flight now 0 fair_inc 18697 prop_inc 0 fast_inc 0 eta_inc 4321908 multi_dec -4309860 quick_dec -238743 nack_dec -543650
Flow Uec_8125_0 flowId 67 uecSrc 66 finished at 81283.3 total messages 1 total packets 4107 RTS 0 total bytes 16781202 in_flight now 0 fair_inc 14814 prop_inc 0 fast_inc 0 eta_inc 4319250 multi_dec -4287632 quick_dec -252839 nack_dec -551950
Flow Uec_8119_0 flowId 73 uecSrc 72 finished at 81608.4 total messages 1 total packets 4107 RTS 0 total bytes 16781202 in_flight now 0 fair_inc 12599 prop_inc 0 fast_inc 0 eta_inc 4331211 multi_dec -4316808 quick_dec -180786 nack_dec -568550
Flow Uec_8112_0 flowId 80 uecSrc 79 finished at 81814.9 total messages 1 total packets 4107 RTS 0 total bytes 16781202 in_flight now 0 fair_inc 12996 prop_inc 0 fast_inc 0 eta_inc 4347159 multi_dec -4308318 quick_dec -187267 nack_dec -551950
Flow Uec_8080_0 flowId 112 uecSrc 111 finished at 82041.4 total messages 1 total packets 4107 RTS 0 total bytes 16781202 in_flight now 0 fair_inc 6535 prop_inc 0 fast_inc 0 eta_inc 4353804 multi_dec -4329676 quick_dec -230409 nack_dec -568550
Flow Uec_8150_0 flowId 42 uecSrc 41 finished at 82199.6 total messages 1 total packets 4107 RTS 0 total bytes 16781202 in_flight now 0 fair_inc 6127 prop_inc 0 fast_inc 0 eta_inc 4363107 multi_dec -4342630 quick_dec -251272 nack_dec -581000
Flow Uec_8121_0 flowId 71 uecSrc 70 finished at 82367.5 total messages 1 total packets 4107 RTS 0 total bytes 16781202 in_flight now 0 fair_inc 31152 prop_inc 0 fast_inc 0 eta_inc 4381713 multi_dec -4416675 quick_dec -179541 nack_dec -551950
Flow Uec_8180_0 flowId 12 uecSrc 11 finished at 83326.3 total messages 1 total packets 4107 RTS 0 total bytes 16781202 in_flight now 0 fair_inc 24919 prop_inc 0 fast_inc 0 eta_inc 4426899 multi_dec -4455665 quick_dec -215131 nack_dec -585150
Flow Uec_8128_0 flowId 64 uecSrc 63 finished at 83704.3 total messages 1 total packets 4107 RTS 0 total bytes 16781202 in_flight now 0 fair_inc 26073 prop_inc 0 fast_inc 0 eta_inc 4442847 multi_dec -4438904 quick_dec -218977 nack_dec -568550
Flow Uec_8101_0 flowId 91 uecSrc 90 finished at 83752.9 total messages 1 total packets 4107 RTS 0 total bytes 16781202 in_flight now 0 fair_inc 48748 prop_inc 0 fast_inc 0 eta_inc 4445505 multi_dec -4405942 quick_dec -223449 nack_dec -614200
Flow Uec_8181_0 flowId 11 uecSrc 10 finished at 83889.7 total messages 1 total packets 4107 RTS 0 total bytes 16781202 in_flight now 0 fair_inc 6508 prop_inc 0 fast_inc 0 eta_inc 4461453 multi_dec -4439550 quick_dec -202975 nack_dec -547800
Flow Uec_8115_0 flowId 77 uecSrc 76 finished at 85152.4 total messages 1 total packets 4107 RTS 0 total bytes 16781202 in_flight now 0 fair_inc 26332 prop_inc 0 fast_inc 0 eta_inc 4515942 multi_dec -4526994 quick_dec -136141 nack_dec -618350
Flow Uec_8066_0 flowId 126 uecSrc 125 finished at 85404.3 total messages 1 total packets 4107 RTS 0 total bytes 16781202 in_flight now 0 fair_inc 18435 prop_inc 0 fast_inc 0 eta_inc 4537206 multi_dec -4553717 quick_dec -193361 nack_dec -568550
Flow Uec_8095_0 flowId 97 uecSrc 96 finished at 85896.6 total messages 1 total packets 4107 RTS 0 total bytes 16781202 in_flight now 0 fair_inc 62376 prop_inc 0 fast_inc 0 eta_inc 4571760 multi_dec -4681171 quick_dec -167192 nack_dec -560250
Flow Uec_8073_0 flowId 119 uecSrc 118 finished at 86093.9 total messages 1 total packets 4107 RTS 0 total bytes 16781202 in_flight now 0 fair_inc 57197 prop_inc 0 fast_inc 0 eta_inc 4581063 multi_dec -4632112 quick_dec -169656 nack_dec -597600
Flow Uec_8176_0 flowId 16 uecSrc 15 finished at 86100.7 total messages 1 total packets 4107 RTS 0 total bytes 16781202 in_flight now 0 fair_inc 83132 prop_inc 0 fast_inc 0 eta_inc 4579734 multi_dec -4693464 quick_dec -183398 nack_dec -572700
Flow Uec_8151_0 flowId 41 uecSrc 40 finished at 86123.3 total messages 1 total packets 4107 RTS 0 total bytes 16781202 in_flight now 0 fair_inc 104199 prop_inc 0 fast_inc 0 eta_inc 4583721 multi_dec -4716028 quick_dec -235592 nack_dec -572700
Flow Uec_8081_0 flowId 111 uecSrc 110 finished at 86164.4 total messages 1 total packets 4107 RTS 0 total bytes 16781202 in_flight now 0 fair_inc 95557 prop_inc 0 fast_inc 0 eta_inc 4589037 multi_dec -4671906 quick_dec -221097 nack_dec -589300
Flow Uec_8067_0 flowId 125 uecSrc 124 finished at 86185.1 total messages 1 total packets 4107 RTS 0 total bytes 16781202 in_flight now 0 fair_inc 65658 prop_inc 0 fast_inc 0 eta_inc 4575747 multi_dec -4645708 quick_dec -198567 nack_dec -639100
Flow Uec_8156_0 flowId 36 uecSrc 35 finished at 86192.7 total messages 1 total packets 4107 RTS 0 total bytes 16781202 in_flight now 0 fair_inc 31155 prop_inc 0 fast_inc 0 eta_inc 4594353 multi_dec -4636932 quick_dec -192935 nack_dec -556100
Flow Uec_8161_0 flowId 31 uecSrc 30 finished at 86208.2 total messages 1 total packets 4107 RTS 0 total bytes 16781202 in_flight now 0 fair_inc 82767 prop_inc 0 fast_inc 0 eta_inc 4586379 multi_dec -4719342 quick_dec -267313 nack_dec -576850
Flow Uec_8089_0 flowId 103 uecSrc 102 finished at 86224.6 total messages 1 total packets 4107 RTS 0 total bytes 16781202 in_flight now 0 fair_inc 63335 prop_inc 0 fast_inc 0 eta_inc 4581063 multi_dec -4616200 quick_dec -194823 nack_dec -610050
Flow Uec_8099_0 flowId 93 uecSrc 92 finished at 86269 total messages 1 total packets 4107 RTS 0 total bytes 16781202 in_flight now 0 fair_inc 73129 prop_inc 0 fast_inc 0 eta_inc 4582392 multi_dec -4669351 quick_dec -158528 nack_dec -614200
Flow Uec_8129_0 flowId 63 uecSrc 62 finished at 86270.7 total messages 1 total packets 4107 RTS 0 total bytes 16781202 in_flight now 0 fair_inc 83144 prop_inc 0 fast_inc 0 eta_inc 4593024 multi_dec -4665271 quick_dec -245910 nack_dec -610050
Flow Uec_8082_0 flowId 110 uecSrc 109 finished at 86279 total messages 1 total packets 4107 RTS 0 total bytes 16781202 in_flight now 0 fair_inc 57237 prop_inc 0 fast_inc 0 eta_inc 4585050 multi_dec -4659741 quick_dec -155777 nack_dec -601750
Flow Uec_8179_0 flowId 13 uecSrc 12 finished at 86495.4 total messages 1 total packets 4107 RTS 0 total bytes 16781202 in_flight now 0 fair_inc 80451 prop_inc 29800 fast_inc 0 eta_inc 4607643 multi_dec -4709282 quick_dec -194784 nack_dec -568550
Flow Uec_8146_0 flowId 46 uecSrc 45 finished at 86506 total messages 1 total packets 4107 RTS 0 total bytes 16781202 in_flight now 0 fair_inc 109622 prop_inc 880 fast_inc 0 eta_inc 4604985 multi_dec -4686280 quick_dec -207650 nack_dec -651550
Flow Uec_8187_0 flowId 5 uecSrc 4 finished at 86506.5 total messages 1 total packets 4107 RTS 0 total bytes 16781202 in_flight now 0 fair_inc 111391 prop_inc 661 fast_inc 0 eta_inc 4598340 multi_dec -4711439 quick_dec -179235 nack_dec -614200
Flow Uec_8105_0 flowId 87 uecSrc 86 finished at 86586.8 total messages 1 total packets 4107 RTS 0 total bytes 16781202 in_flight now 0 fair_inc 57906 prop_inc 925 fast_inc 0 eta_inc 4602327 multi_dec -4621783 quick_dec -166934 nack_dec -630800
Flow Uec_8166_0 flowId 26 uecSrc 25 finished at 86608 total messages 1 total packets 4107 RTS 0 total bytes 16781202 in_flight now 0 fair_inc 59506 prop_inc 569 fast_inc 0 eta_inc 4607643 multi_dec -4635566 quick_dec -173564 nack_dec -585150
Flow Uec_8172_0 flowId 20 uecSrc 19 finished at 86712.2 total messages 1 total packets 4107 RTS 0 total bytes 16781202 in_flight now 0 fair_inc 79944 prop_inc 415 fast_inc 0 eta_inc 4612959 multi_dec -4658792 quick_dec -231503 nack_dec -643250
Flow Uec_8088_0 flowId 104 uecSrc 103 finished at 86735.3 total messages 1 total packets 4107 RTS 0 total bytes 16781202 in_flight now 0 fair_inc 86859 prop_inc 2914 fast_inc 0 eta_inc 4604985 multi_dec -4696209 quick_dec -224467 nack_dec -643250
Flow Uec_8118_0 flowId 74 uecSrc 73 finished at 86805.8 total messages 1 total packets 4107 RTS 0 total bytes 16781202 in_flight now 0 fair_inc 56028 prop_inc 781 fast_inc 0 eta_inc 4616946 multi_dec -4622818 quick_dec -224058 nack_dec -622500
Flow Uec_8189_0 flowId 3 uecSrc 2 finished at 86815.3 total messages 1 total packets 4107 RTS 0 total bytes 16781202 in_flight now 0 fair_inc 94090 prop_inc 1793 fast_inc 0 eta_inc 4619604 multi_dec -4672457 quick_dec -225713 nack_dec -605900
Flow Uec_8191_0 flowId 1 uecSrc 0 finished at 86859.7 total messages 1 total packets 4107 RTS 0 total bytes 16781202 in_flight now 0 fair_inc 73060 prop_inc 839 fast_inc 0 eta_inc 4630236 multi_dec -4711880 quick_dec -184081 nack_dec -572700
Flow Uec_8086_0 flowId 106 uecSrc 105 finished at 86860.8 total messages 1 total packets 4107 RTS 0 total bytes 16781202 in_flight now 0 fair_inc 85373 prop_inc 1350 fast_inc 0 eta_inc 4628907 multi_dec -4650366 quick_dec -168117 nack_dec -581000
Flow Uec_8133_0 flowId 59 uecSrc 58 finished at 86932.9 total messages 1 total packets 4107 RTS 0 total bytes 16781202 in_flight now 0 fair_inc 43833 prop_inc 1672 fast_inc 0 eta_inc 4631565 multi_dec -4662658 quick_dec -222632 nack_dec -581164
Flow Uec_8155_0 flowId 37 uecSrc 36 finished at 86934.2 total messages 1 total packets 4107 RTS 0 total bytes 16781202 in_flight now 0 fair_inc 37907 prop_inc 973 fast_inc 0 eta_inc 4626249 multi_dec -4613869 quick_dec -213055 nack_dec -589300
Flow Uec_8103_0 flowId 89 uecSrc 88 finished at 86954.3 total messages 1 total packets 4107 RTS 0 total bytes 16781202 in_flight now 0 fair_inc 68375 prop_inc 1186 fast_inc 0 eta_inc 4624920 multi_dec -4690038 quick_dec -221562 nack_dec -589300
Flow Uec_8178_0 flowId 14 uecSrc 13 finished at 86957.2 total messages 1 total packets 4107 RTS 0 total bytes 16781202 in_flight now 0 fair_inc 76524 prop_inc 5006 fast_inc 0 eta_inc 4619604 multi_dec -4704383 quick_dec -189281 nack_dec -626650
Flow Uec_8096_0 flowId 96 uecSrc 95 finished at 86998.5 total messages 1 total packets 4107 RTS 0 total bytes 16781202 in_flight now 0 fair_inc 71189 prop_inc 1490 fast_inc 0 eta_inc 4620933 multi_dec -4668624 quick_dec -188772 nack_dec -634950
Flow Uec_8145_0 flowId 47 uecSrc 46 finished at 87005.5 total messages 1 total packets 4107 RTS 0 total bytes 16781202 in_flight now 0 fair_inc 61787 prop_inc 1275 fast_inc 0 eta_inc 4638210 multi_dec -4702333 quick_dec -183818 nack_dec -576850
Flow Uec_8102_0 flowId 90 uecSrc 89 finished at 87009.3 total messages 1 total packets 4107 RTS 0 total bytes 16781202 in_flight now 0 fair_inc 80628 prop_inc 1550 fast_inc 0 eta_inc 4627578 multi_dec -4668875 quick_dec -142578 nack_dec -572700
Flow Uec_8148_0 flowId 44 uecSrc 43 finished at 87039.1 total messages 1 total packets 4107 RTS 0 total bytes 16781202 in_flight now 0 fair_inc 78722 prop_inc 4340 fast_inc 0 eta_inc 4632894 multi_dec -4671151 quick_dec -273851 nack_dec -639100
Flow Uec_8135_0 flowId 57 uecSrc 56 finished at 87084.4 total messages 1 total packets 4107 RTS 0 total bytes 16781202 in_flight now 0 fair_inc 48090 prop_inc 3399 fast_inc 0 eta_inc 4646184 multi_dec -4697544 quick_dec -197791 nack_dec -572700
Flow Uec_8092_0 flowId 100 uecSrc 99 finished at 87086.1 total messages 1 total packets 4107 RTS 0 total bytes 16781202 in_flight now 0 fair_inc 82407 prop_inc 2131 fast_inc 0 eta_inc 4628907 multi_dec -4661056 quick_dec -198786 nack_dec -597600
Flow Uec_8111_0 flowId 81 uecSrc 80 finished at 87087.8 total messages 1 total packets 4107 RTS 0 total bytes 16781202 in_flight now 0 fair_inc 88761 prop_inc 7929 fast_inc 0 eta_inc 4620933 multi_dec -4675627 quick_dec -185263 nack_dec -668150
Flow Uec_8123_0 flowId 69 uecSrc 68 finished at 87116 total messages 1 total packets 4107 RTS 0 total bytes 16781202 in_flight now 0 fair_inc 96660 prop_inc 6203 fast_inc 0 eta_inc 4635552 multi_dec -4642207 quick_dec -257559 nack_dec -622500
Flow Uec_8093_0 flowId 99 uecSrc 98 finished at 87136.4 total messages 1 total packets 4107 RTS 0 total bytes 16781202 in_flight now 0 fair_inc 70306 prop_inc 6938 fast_inc 0 eta_inc 4639539 multi_dec -4632434 quick_dec -227397 nack_dec -601750
Flow Uec_8157_0 flowId 35 uecSrc 34 finished at 87140.4 total messages 1 total packets 4107 RTS 0 total bytes 16781202 in_flight now 0 fair_inc 75070 prop_inc 6120 fast_inc 0 eta_inc 4636881 multi_dec -4662740 quick_dec -184131 nack_dec -610050
Flow Uec_8100_0 flowId 92 uecSrc 91 finished at 87141.1 total messages 1 total packets 4107 RTS 0 total bytes 16781202 in_flight now 0 fair_inc 66633 prop_inc 11147 fast_inc 0 eta_inc 4642197 multi_dec -4641563 quick_dec -282515 nack_dec -597600
Flow Uec_8124_0 flowId 68 uecSrc 67 finished at 87152.2 total messages 1 total packets 4107 RTS 0 total bytes 16781202 in_flight now 0 fair_inc 53068 prop_inc 3953 fast_inc 0 eta_inc 4634223 multi_dec -4630671 quick_dec -216127 nack_dec -597600
Flow Uec_8164_0 flowId 28 uecSrc 27 finished at 87161.5 total messages 1 total packets 4107 RTS 0 total bytes 16781202 in_flight now 0 fair_inc 58889 prop_inc 4558 fast_inc 0 eta_inc 4635552 multi_dec -4658196 quick_dec -141092 nack_dec -576850
Flow Uec_8075_0 flowId 117 uecSrc 116 finished at 87184.1 total messages 1 total packets 4107 RTS 0 total bytes 16781202 in_flight now 0 fair_inc 54635 prop_inc 10878 fast_inc 0 eta_inc 4643526 multi_dec -4684563 quick_dec -271696 nack_dec -568550
Flow Uec_8170_0 flowId 22 uecSrc 21 finished at 87184.9 total messages 1 total packets 4107 RTS 0 total bytes 16781202 in_flight now 0 fair_inc 59630 prop_inc 10382 fast_inc 0 eta_inc 4634223 multi_dec -4657780 quick_dec -161563 nack_dec -605900
Flow Uec_8184_0 flowId 8 uecSrc 7 finished at 87205.5 total messages 1 total packets 4107 RTS 0 total bytes 16781202 in_flight now 0 fair_inc 62459 prop_inc 18149 fast_inc 0 eta_inc 4648842 multi_dec -4636683 quick_dec -254641 nack_dec -551950
Flow Uec_8173_0 flowId 19 uecSrc 18 finished at 87211.3 total messages 1 total packets 4107 RTS 0 total bytes 16781202 in_flight now 0 fair_inc 59264 prop_inc 11094 fast_inc 0 eta_inc 4643526 multi_dec -4663461 quick_dec -207818 nack_dec -585150
Flow Uec_8147_0 flowId 45 uecSrc 44 finished at 87211.8 total messages 1 total packets 4107 RTS 0 total bytes 16781202 in_flight now 0 fair_inc 79178 prop_inc 5250 fast_inc 0 eta_inc 4640868 multi_dec -4641100 quick_dec -274397 nack_dec -605900
Flow Uec_8064_0 flowId 128 uecSrc 127 finished at 87220.1 total messages 1 total packets 4107 RTS 0 total bytes 16781202 in_flight now 0 fair_inc 93024 prop_inc 6313 fast_inc 0 eta_inc 4643526 multi_dec -4683137 quick_dec -212403 nack_dec -647400
Flow Uec_8165_0 flowId 27 uecSrc 26 finished at 87229 total messages 1 total packets 4107 RTS 0 total bytes 16781202 in_flight now 0 fair_inc 62363 prop_inc 16097 fast_inc 0 eta_inc 4646184 multi_dec -4659639 quick_dec -255631 nack_dec -601750
Flow Uec_8182_0 flowId 10 uecSrc 9 finished at 87238.6 total messages 1 total packets 4107 RTS 0 total bytes 16781202 in_flight now 0 fair_inc 54299 prop_inc 13486 fast_inc 0 eta_inc 4650171 multi_dec -4686492 quick_dec -218757 nack_dec -576850
Flow Uec_8104_0 flowId 88 uecSrc 87 finished at 87252 total messages 1 total packets 4107 RTS 0 total bytes 16781202 in_flight now 0 fair_inc 91703 prop_inc 24475 fast_inc 0 eta_inc 4643526 multi_dec -4639952 quick_dec -237561 nack_dec -655700
Flow Uec_8072_0 flowId 120 uecSrc 119 finished at 87252.4 total messages 1 total packets 4107 RTS 0 total bytes 16781202 in_flight now 0 fair_inc 74281 prop_inc 23113 fast_inc 0 eta_inc 4646184 multi_dec -4659460 quick_dec -243373 nack_dec -614200
Flow Uec_8120_0 flowId 72 uecSrc 71 finished at 87264.9 total messages 1 total packets 4107 RTS 0 total bytes 16781202 in_flight now 0 fair_inc 56576 prop_inc 39631 fast_inc 0 eta_inc 4647513 multi_dec -4645255 quick_dec -123278 nack_dec -564400
Flow Uec_8174_0 flowId 18 uecSrc 17 finished at 87272.9 total messages 1 total packets 4107 RTS 0 total bytes 16781202 in_flight now 0 fair_inc 84113 prop_inc 57118 fast_inc 0 eta_inc 4654158 multi_dec -4661953 quick_dec -304122 nack_dec -601750
Flow Uec_8167_0 flowId 25 uecSrc 24 finished at 87291.7 total messages 1 total packets 4107 RTS 0 total bytes 16781202 in_flight now 0 fair_inc 54658 prop_inc 68016 fast_inc 0 eta_inc 4651500 multi_dec -4605982 quick_dec -233852 nack_dec -568550
Flow Uec_8186_0 flowId 6 uecSrc 5 finished at 87299.3 total messages 1 total packets 4107 RTS 0 total bytes 16781202 in_flight now 0 fair_inc 37061 prop_inc 88121 fast_inc 0 eta_inc 4652829 multi_dec -4648138 quick_dec -194451 nack_dec -576850
Flow Uec_8109_0 flowId 83 uecSrc 82 finished at 87315.4 total messages 1 total packets 4107 RTS 0 total bytes 16781202 in_flight now 0 fair_inc 63219 prop_inc 91642 fast_inc 0 eta_inc 4639539 multi_dec -4605058 quick_dec -241321 nack_dec -709650
Flow Uec_8110_0 flowId 82 uecSrc 81 finished at 87325 total messages 1 total packets 4107 RTS 0 total bytes 16781202 in_flight now 0 fair_inc 38824 prop_inc 108017 fast_inc 0 eta_inc 4651500 multi_dec -4651485 quick_dec -309214 nack_dec -593450
New: 525696 Rtx: 17997 RTS: 0 Bounced: 0 ACKs: 525361 NACKs: 17997 Pulls: 0 sleek_pkts: 0
SPURIOUS_COUNT 0
