Flow Uec_1072_0 flowId 14 uecSrc 13 finished at 19640.4 total messages 1 total packets 4107 RTS 0 total bytes 16781202 in_flight now 0 fair_inc 688537 prop_inc 18966 fast_inc 0 eta_inc 1083135 multi_dec -1704887 quick_dec -258031 nack_dec -751150
Flow Uec_1500_0 flowId 21 uecSrc 20 finished at 19647.2 total messages 1 total packets 4107 RTS 0 total bytes 16781202 in_flight now 0 fair_inc 615341 prop_inc 16635 fast_inc 0 eta_inc 1076490 multi_dec -1722452 quick_dec -271240 nack_dec -705664
Flow Uec_3822_0 flowId 27 uecSrc 26 finished at 19668.3 total messages 1 total packets 4107 RTS 0 total bytes 16781202 in_flight now 0 fair_inc 597064 prop_inc 12348 fast_inc 0 eta_inc 1080477 multi_dec -1767721 quick_dec -148292 nack_dec -717950
Flow Uec_983_0 flowId 5 uecSrc 4 finished at 19803.7 total messages 1 total packets 4107 RTS 0 total bytes 16781202 in_flight now 0 fair_inc 562224 prop_inc 16763 fast_inc 0 eta_inc 1092438 multi_dec -1742786 quick_dec -162628 nack_dec -639100
Flow Uec_1129_0 flowId 18 uecSrc 17 finished at 19892.4 total messages 1 total packets 4107 RTS 0 total bytes 16781202 in_flight now 0 fair_inc 632218 prop_inc 9164 fast_inc 0 eta_inc 1089780 multi_dec -1730438 quick_dec -223017 nack_dec -722100
Flow Uec_7350_0 flowId 8 uecSrc 7 finished at 19919.6 total messages 1 total packets 4107 RTS 0 total bytes 16781202 in_flight now 0 fair_inc 672502 prop_inc 15392 fast_inc 0 eta_inc 1093767 multi_dec -1708633 quick_dec -241489 nack_dec -763600
Flow Uec_6029_0 flowId 16 uecSrc 15 finished at 19955 total messages 1 total packets 4107 RTS 0 total bytes 16781202 in_flight now 0 fair_inc 624430 prop_inc 12471 fast_inc 0 eta_inc 1104399 multi_dec -1705694 quick_dec -215263 nack_dec -751150
Flow Uec_6248_0 flowId 22 uecSrc 21 finished at 20558.1 total messages 1 total packets 4107 RTS 0 total bytes 16781202 in_flight now 0 fair_inc 632494 prop_inc 14574 fast_inc 0 eta_inc 1126992 multi_dec -1719122 quick_dec -301003 nack_dec -747000
Flow Uec_2198_0 flowId 1 uecSrc 0 finished at 20603.6 total messages 1 total packets 4107 RTS 0 total bytes 16781202 in_flight now 0 fair_inc 702002 prop_inc 17087 fast_inc 0 eta_inc 1132308 multi_dec -1726432 quick_dec -293962 nack_dec -813400
Flow Uec_8014_0 flowId 30 uecSrc 29 finished at 20618.4 total messages 1 total packets 4107 RTS 0 total bytes 16781202 in_flight now 0 fair_inc 669697 prop_inc 13690 fast_inc 0 eta_inc 1137624 multi_dec -1706688 quick_dec -245979 nack_dec -834150
Flow Uec_7031_0 flowId 4 uecSrc 3 finished at 20774.6 total messages 1 total packets 4107 RTS 0 total bytes 16781202 in_flight now 0 fair_inc 630266 prop_inc 17036 fast_inc 0 eta_inc 1142940 multi_dec -1683640 quick_dec -278580 nack_dec -771900
Flow Uec_6654_0 flowId 11 uecSrc 10 finished at 20786.6 total messages 1 total packets 4107 RTS 0 total bytes 16781202 in_flight now 0 fair_inc 529353 prop_inc 9710 fast_inc 0 eta_inc 1149585 multi_dec -1776580 quick_dec -167488 nack_dec -634950
Flow Uec_953_0 flowId 15 uecSrc 14 finished at 20789.3 total messages 1 total packets 4107 RTS 0 total bytes 16781202 in_flight now 0 fair_inc 605161 prop_inc 14523 fast_inc 0 eta_inc 1144269 multi_dec -1724064 quick_dec -237764 nack_dec -747000
Flow Uec_7916_0 flowId 3 uecSrc 2 finished at 21127.7 total messages 1 total packets 4107 RTS 0 total bytes 16781202 in_flight now 0 fair_inc 584882 prop_inc 16002 fast_inc 0 eta_inc 1169520 multi_dec -1771038 quick_dec -239303 nack_dec -751150
Flow Uec_3241_0 flowId 24 uecSrc 23 finished at 21198.6 total messages 1 total packets 4107 RTS 0 total bytes 16781202 in_flight now 0 fair_inc 613934 prop_inc 14761 fast_inc 0 eta_inc 1168191 multi_dec -1720952 quick_dec -233918 nack_dec -738700
Flow Uec_3165_0 flowId 12 uecSrc 11 finished at 21213.1 total messages 1 total packets 4107 RTS 0 total bytes 16781202 in_flight now 0 fair_inc 626196 prop_inc 10715 fast_inc 0 eta_inc 1164204 multi_dec -1726639 quick_dec -373552 nack_dec -776050
Flow Uec_8163_0 flowId 25 uecSrc 24 finished at 21259.9 total messages 1 total packets 4107 RTS 0 total bytes 16781202 in_flight now 0 fair_inc 550136 prop_inc 18605 fast_inc 0 eta_inc 1173507 multi_dec -1686635 quick_dec -282358 nack_dec -709650
Flow Uec_243_0 flowId 26 uecSrc 25 finished at 21283.3 total messages 1 total packets 4107 RTS 0 total bytes 16781202 in_flight now 0 fair_inc 602664 prop_inc 23106 fast_inc 0 eta_inc 1404753 multi_dec -1850866 quick_dec --283344 nack_dec -1261600
Flow Uec_6134_0 flowId 7 uecSrc 6 finished at 21290.1 total messages 1 total packets 4107 RTS 0 total bytes 16781202 in_flight now 0 fair_inc 545491 prop_inc 12503 fast_inc 0 eta_inc 1180152 multi_dec -1731717 quick_dec -204503 nack_dec -717950
Flow Uec_2472_0 flowId 32 uecSrc 31 finished at 21317.5 total messages 1 total packets 4107 RTS 0 total bytes 16781202 in_flight now 0 fair_inc 597808 prop_inc 11623 fast_inc 0 eta_inc 1181481 multi_dec -1746859 quick_dec -250118 nack_dec -751150
Flow Uec_4881_0 flowId 31 uecSrc 30 finished at 21441 total messages 1 total packets 4107 RTS 0 total bytes 16781202 in_flight now 0 fair_inc 602016 prop_inc 24425 fast_inc 0 eta_inc 1176165 multi_dec -1659650 quick_dec -303862 nack_dec -747000
Flow Uec_4929_0 flowId 23 uecSrc 22 finished at 21539.3 total messages 1 total packets 4107 RTS 0 total bytes 16781202 in_flight now 0 fair_inc 554467 prop_inc 17049 fast_inc 0 eta_inc 1189455 multi_dec -1621654 quick_dec -261588 nack_dec -755300
Flow Uec_3873_0 flowId 2 uecSrc 1 finished at 21651.9 total messages 1 total packets 4107 RTS 0 total bytes 16781202 in_flight now 0 fair_inc 497735 prop_inc 30663 fast_inc 0 eta_inc 1193442 multi_dec -1635539 quick_dec -304625 nack_dec -672300
Flow Uec_3452_0 flowId 6 uecSrc 5 finished at 21674.1 total messages 1 total packets 4107 RTS 0 total bytes 16781202 in_flight now 0 fair_inc 554740 prop_inc 23063 fast_inc 0 eta_inc 1193442 multi_dec -1656784 quick_dec -251970 nack_dec -796800
Flow Uec_3589_0 flowId 29 uecSrc 28 finished at 21686.7 total messages 1 total packets 4107 RTS 0 total bytes 16781202 in_flight now 0 fair_inc 558223 prop_inc 16170 fast_inc 0 eta_inc 1193442 multi_dec -1700763 quick_dec -233662 nack_dec -726250
Flow Uec_6988_0 flowId 13 uecSrc 12 finished at 21742.3 total messages 1 total packets 4107 RTS 0 total bytes 16781202 in_flight now 0 fair_inc 514019 prop_inc 20140 fast_inc 0 eta_inc 1202745 multi_dec -1650076 quick_dec -295438 nack_dec -676450
Flow Uec_3448_0 flowId 9 uecSrc 8 finished at 21769.6 total messages 1 total packets 4107 RTS 0 total bytes 16781202 in_flight now 0 fair_inc 508605 prop_inc 30099 fast_inc 0 eta_inc 1196100 multi_dec -1573976 quick_dec -248470 nack_dec -763600
Flow Uec_7603_0 flowId 20 uecSrc 19 finished at 21785.7 total messages 1 total packets 4107 RTS 0 total bytes 16781202 in_flight now 0 fair_inc 502603 prop_inc 41537 fast_inc 0 eta_inc 1209390 multi_dec -1703271 quick_dec -226828 nack_dec -701350
Flow Uec_4644_0 flowId 10 uecSrc 9 finished at 21786.2 total messages 1 total packets 4107 RTS 0 total bytes 16781202 in_flight now 0 fair_inc 601514 prop_inc 32708 fast_inc 0 eta_inc 1200087 multi_dec -1681120 quick_dec -333304 nack_dec -780200
Flow Uec_1877_0 flowId 17 uecSrc 16 finished at 21806.7 total messages 1 total packets 4107 RTS 0 total bytes 16781202 in_flight now 0 fair_inc 462487 prop_inc 68092 fast_inc 0 eta_inc 1204074 multi_dec -1606522 quick_dec -209750 nack_dec -730400
Flow Uec_6720_0 flowId 28 uecSrc 27 finished at 21827.9 total messages 1 total packets 4107 RTS 0 total bytes 16781202 in_flight now 0 fair_inc 547436 prop_inc 112123 fast_inc 0 eta_inc 1212048 multi_dec -1593625 quick_dec -356974 nack_dec -742850
Flow Uec_446_0 flowId 19 uecSrc 18 finished at 21855.2 total messages 1 total packets 4107 RTS 0 total bytes 16781202 in_flight now 0 fair_inc 475688 prop_inc 108620 fast_inc 198065 eta_inc 1209390 multi_dec -1530149 quick_dec -297460 nack_dec -717950
New: 131424 Rtx: 5812 RTS: 0 Bounced: 0 ACKs: 131049 NACKs: 5812 Pulls: 0 sleek_pkts: 0
SPURIOUS_COUNT 0
