....Flow Uec_8144_0 flowId 48 uecSrc 47 finished at 206466 total messages 1 total packets 16425 RTS 0 total bytes 67112550 in_flight now 0 fair_inc 0 prop_inc 0 fast_inc 0 eta_inc 10932354 multi_dec -10898895 quick_dec -252330 nack_dec -564400
Flow Uec_8093_0 flowId 99 uecSrc 98 finished at 206648 total messages 1 total packets 16425 RTS 0 total bytes 67112550 in_flight now 0 fair_inc 0 prop_inc 199 fast_inc 0 eta_inc 10944315 multi_dec -10904853 quick_dec -163997 nack_dec -548264
Flow Uec_8089_0 flowId 103 uecSrc 102 finished at 206691 total messages 1 total packets 16425 RTS 0 total bytes 67112550 in_flight now 0 fair_inc 0 prop_inc 0 fast_inc 0 eta_inc 10938999 multi_dec -10904083 quick_dec -174692 nack_dec -560250
Flow Uec_8077_0 flowId 115 uecSrc 114 finished at 206691 total messages 1 total packets 16425 RTS 0 total bytes 67112550 in_flight now 0 fair_inc 0 prop_inc 0 fast_inc 0 eta_inc 10942986 multi_dec -10905357 quick_dec -156856 nack_dec -568550
Flow Uec_8114_0 flowId 78 uecSrc 77 finished at 206713 total messages 1 total packets 16425 RTS 0 total bytes 67112550 in_flight now 0 fair_inc 0 prop_inc 0 fast_inc 0 eta_inc 10948302 multi_dec -10919765 quick_dec -235262 nack_dec -539500
Flow Uec_8135_0 flowId 57 uecSrc 56 finished at 206759 total messages 1 total packets 16425 RTS 0 total bytes 67112550 in_flight now 0 fair_inc 5571 prop_inc 0 fast_inc 0 eta_inc 10948302 multi_dec -10906967 quick_dec -164980 nack_dec -551950
Flow Uec_8189_0 flowId 3 uecSrc 2 finished at 206760 total messages 1 total packets 16425 RTS 0 total bytes 67112550 in_flight now 0 fair_inc 0 prop_inc 0 fast_inc 0 eta_inc 10954947 multi_dec -10925551 quick_dec -150033 nack_dec -531200
Flow Uec_8074_0 flowId 118 uecSrc 117 finished at 206859 total messages 1 total packets 16425 RTS 0 total bytes 67112550 in_flight now 0 fair_inc 0 prop_inc 0 fast_inc 0 eta_inc 10945644 multi_dec -10905774 quick_dec -154294 nack_dec -585150
Flow Uec_8080_0 flowId 112 uecSrc 111 finished at 206868 total messages 1 total packets 16425 RTS 0 total bytes 67112550 in_flight now 0 fair_inc 0 prop_inc 0 fast_inc 0 eta_inc 10962921 multi_dec -10938089 quick_dec -264697 nack_dec -543650
Flow Uec_8118_0 flowId 74 uecSrc 73 finished at 206928 total messages 1 total packets 16425 RTS 0 total bytes 67112550 in_flight now 0 fair_inc 0 prop_inc 0 fast_inc 0 eta_inc 10958934 multi_dec -10918320 quick_dec -185566 nack_dec -556100
Flow Uec_8147_0 flowId 45 uecSrc 44 finished at 207019 total messages 1 total packets 16425 RTS 0 total bytes 67112550 in_flight now 0 fair_inc 0 prop_inc 0 fast_inc 0 eta_inc 10956276 multi_dec -10921408 quick_dec -191722 nack_dec -568550
Flow Uec_8165_0 flowId 27 uecSrc 26 finished at 207073 total messages 1 total packets 16425 RTS 0 total bytes 67112550 in_flight now 0 fair_inc 0 prop_inc 0 fast_inc 0 eta_inc 10968237 multi_dec -10932340 quick_dec -186986 nack_dec -572700
Flow Uec_8146_0 flowId 46 uecSrc 45 finished at 207272 total messages 1 total packets 16425 RTS 0 total bytes 67112550 in_flight now 0 fair_inc 0 prop_inc 0 fast_inc 0 eta_inc 10978869 multi_dec -10955871 quick_dec -182665 nack_dec -539500
Flow Uec_8123_0 flowId 69 uecSrc 68 finished at 207475 total messages 1 total packets 16425 RTS 0 total bytes 67112550 in_flight now 0 fair_inc 0 prop_inc 0 fast_inc 0 eta_inc 10978869 multi_dec -10940651 quick_dec -128756 nack_dec -565328
Flow Uec_8182_0 flowId 10 uecSrc 9 finished at 207483 total messages 1 total packets 16425 RTS 0 total bytes 67112550 in_flight now 0 fair_inc 0 prop_inc 0 fast_inc 0 eta_inc 10988172 multi_dec -10955249 quick_dec -188339 nack_dec -548264
Flow Uec_8068_0 flowId 124 uecSrc 123 finished at 207626 total messages 1 total packets 16425 RTS 0 total bytes 67112550 in_flight now 0 fair_inc 0 prop_inc 0 fast_inc 0 eta_inc 10988172 multi_dec -10951046 quick_dec -169475 nack_dec -585150
Flow Uec_8075_0 flowId 117 uecSrc 116 finished at 208262 total messages 1 total packets 16425 RTS 0 total bytes 67112550 in_flight now 0 fair_inc 0 prop_inc 0 fast_inc 0 eta_inc 11036016 multi_dec -11016023 quick_dec -174027 nack_dec -519214
Flow Uec_8184_0 flowId 8 uecSrc 7 finished at 212195 total messages 1 total packets 16425 RTS 0 total bytes 67112550 in_flight now 0 fair_inc 0 prop_inc 0 fast_inc 0 eta_inc 11234037 multi_dec -11189805 quick_dec -141608 nack_dec -560250
Flow Uec_8072_0 flowId 120 uecSrc 119 finished at 212360 total messages 1 total packets 16425 RTS 0 total bytes 67112550 in_flight now 0 fair_inc 0 prop_inc 0 fast_inc 0 eta_inc 11247327 multi_dec -11207746 quick_dec -192828 nack_dec -560250
Flow Uec_8103_0 flowId 89 uecSrc 88 finished at 215513 total messages 1 total packets 16425 RTS 0 total bytes 67112550 in_flight now 0 fair_inc 0 prop_inc 0 fast_inc 0 eta_inc 11416110 multi_dec -11378573 quick_dec -188564 nack_dec -543650
Flow Uec_8171_0 flowId 21 uecSrc 20 finished at 219586 total messages 1 total packets 16425 RTS 0 total bytes 67112550 in_flight now 0 fair_inc 0 prop_inc 0 fast_inc 0 eta_inc 11643369 multi_dec -11624996 quick_dec -178078 nack_dec -522900
Flow Uec_8088_0 flowId 104 uecSrc 103 finished at 246724 total messages 1 total packets 16425 RTS 0 total bytes 67112550 in_flight now 0 fair_inc 0 prop_inc 0 fast_inc 0 eta_inc 13077360 multi_dec -13031635 quick_dec -166764 nack_dec -556100
.Flow Uec_8084_0 flowId 108 uecSrc 107 finished at 261437 total messages 1 total packets 16425 RTS 0 total bytes 67112550 in_flight now 0 fair_inc 0 prop_inc 0 fast_inc 0 eta_inc 13857483 multi_dec -13821566 quick_dec -186213 nack_dec -576850
Flow Uec_8066_0 flowId 126 uecSrc 125 finished at 288342 total messages 1 total packets 16425 RTS 0 total bytes 67112550 in_flight now 0 fair_inc 0 prop_inc 0 fast_inc 0 eta_inc 15291474 multi_dec -15249314 quick_dec -239971 nack_dec -572700
Flow Uec_8067_0 flowId 125 uecSrc 124 finished at 294966 total messages 1 total packets 16425 RTS 0 total bytes 67112550 in_flight now 0 fair_inc 5983 prop_inc 0 fast_inc 0 eta_inc 15638343 multi_dec -15610494 quick_dec -187570 nack_dec -614200
Flow Uec_8130_0 flowId 62 uecSrc 61 finished at 296485 total messages 1 total packets 16425 RTS 0 total bytes 67112550 in_flight now 0 fair_inc 0 prop_inc 0 fast_inc 0 eta_inc 15732702 multi_dec -15684889 quick_dec -204214 nack_dec -560250
Flow Uec_8122_0 flowId 70 uecSrc 69 finished at 297692 total messages 1 total packets 16425 RTS 0 total bytes 67112550 in_flight now 0 fair_inc 0 prop_inc 0 fast_inc 0 eta_inc 15797823 multi_dec -15774889 quick_dec -143667 nack_dec -556100
.Flow Uec_8129_0 flowId 63 uecSrc 62 finished at 300683 total messages 1 total packets 16425 RTS 0 total bytes 67112550 in_flight now 0 fair_inc 0 prop_inc 0 fast_inc 0 eta_inc 15949329 multi_dec -15910919 quick_dec -241714 nack_dec -572700
Flow Uec_8096_0 flowId 96 uecSrc 95 finished at 301909 total messages 1 total packets 16425 RTS 0 total bytes 67112550 in_flight now 0 fair_inc 0 prop_inc 0 fast_inc 0 eta_inc 16011792 multi_dec -15962859 quick_dec -216886 nack_dec -568550
Flow Uec_8177_0 flowId 15 uecSrc 14 finished at 301924 total messages 1 total packets 16425 RTS 0 total bytes 67112550 in_flight now 0 fair_inc 0 prop_inc 0 fast_inc 0 eta_inc 16017108 multi_dec -15983371 quick_dec -242079 nack_dec -564400
Flow Uec_8164_0 flowId 28 uecSrc 27 finished at 302033 total messages 1 total packets 16425 RTS 0 total bytes 67112550 in_flight now 0 fair_inc 0 prop_inc 0 fast_inc 0 eta_inc 16026411 multi_dec -15987024 quick_dec -206504 nack_dec -543650
Flow Uec_8101_0 flowId 91 uecSrc 90 finished at 302416 total messages 1 total packets 16425 RTS 0 total bytes 67112550 in_flight now 0 fair_inc 0 prop_inc 0 fast_inc 0 eta_inc 16049004 multi_dec -16006218 quick_dec -230445 nack_dec -564400
Flow Uec_8132_0 flowId 60 uecSrc 59 finished at 302690 total messages 1 total packets 16425 RTS 0 total bytes 67112550 in_flight now 0 fair_inc 0 prop_inc 0 fast_inc 0 eta_inc 16058307 multi_dec -16014498 quick_dec -189446 nack_dec -560250
Flow Uec_8087_0 flowId 105 uecSrc 104 finished at 303223 total messages 1 total packets 16425 RTS 0 total bytes 67112550 in_flight now 0 fair_inc 0 prop_inc 0 fast_inc 0 eta_inc 16095519 multi_dec -16067800 quick_dec -158592 nack_dec -527050
Flow Uec_8119_0 flowId 73 uecSrc 72 finished at 305342 total messages 1 total packets 16425 RTS 0 total bytes 67112550 in_flight now 0 fair_inc 0 prop_inc 0 fast_inc 0 eta_inc 16209813 multi_dec -16166348 quick_dec -202646 nack_dec -539500
Flow Uec_8076_0 flowId 116 uecSrc 115 finished at 306053 total messages 1 total packets 16425 RTS 0 total bytes 67112550 in_flight now 0 fair_inc 0 prop_inc 0 fast_inc 0 eta_inc 16243038 multi_dec -16207697 quick_dec -144811 nack_dec -551950
Flow Uec_8100_0 flowId 92 uecSrc 91 finished at 307070 total messages 1 total packets 16425 RTS 0 total bytes 67112550 in_flight now 0 fair_inc 0 prop_inc 0 fast_inc 0 eta_inc 16292211 multi_dec -16236465 quick_dec -200852 nack_dec -589300
Flow Uec_8160_0 flowId 32 uecSrc 31 finished at 307382 total messages 1 total packets 16425 RTS 0 total bytes 67112550 in_flight now 0 fair_inc 0 prop_inc 0 fast_inc 0 eta_inc 16318791 multi_dec -16283193 quick_dec -236496 nack_dec -535350
Flow Uec_8081_0 flowId 111 uecSrc 110 finished at 307562 total messages 1 total packets 16425 RTS 0 total bytes 67112550 in_flight now 0 fair_inc 0 prop_inc 0 fast_inc 0 eta_inc 16316133 multi_dec -16271741 quick_dec -248958 nack_dec -610050
Flow Uec_8125_0 flowId 67 uecSrc 66 finished at 307663 total messages 1 total packets 16425 RTS 0 total bytes 67112550 in_flight now 0 fair_inc 0 prop_inc 0 fast_inc 0 eta_inc 16329423 multi_dec -16283995 quick_dec -151825 nack_dec -551950
Flow Uec_8169_0 flowId 23 uecSrc 22 finished at 307702 total messages 1 total packets 16425 RTS 0 total bytes 67112550 in_flight now 0 fair_inc 6195 prop_inc 0 fast_inc 0 eta_inc 16325436 multi_dec -16306505 quick_dec -148588 nack_dec -585150
Flow Uec_8069_0 flowId 123 uecSrc 122 finished at 307947 total messages 1 total packets 16425 RTS 0 total bytes 67112550 in_flight now 0 fair_inc 0 prop_inc 0 fast_inc 0 eta_inc 16348029 multi_dec -16321063 quick_dec -173948 nack_dec -535350
Flow Uec_8136_0 flowId 56 uecSrc 55 finished at 308065 total messages 1 total packets 16425 RTS 0 total bytes 67112550 in_flight now 0 fair_inc 0 prop_inc 0 fast_inc 0 eta_inc 16340055 multi_dec -16290948 quick_dec -186358 nack_dec -593914
Flow Uec_8183_0 flowId 9 uecSrc 8 finished at 308282 total messages 1 total packets 16425 RTS 0 total bytes 67112550 in_flight now 0 fair_inc 0 prop_inc 0 fast_inc 0 eta_inc 16357332 multi_dec -16310157 quick_dec -149638 nack_dec -568550
Flow Uec_8115_0 flowId 77 uecSrc 76 finished at 308393 total messages 1 total packets 16425 RTS 0 total bytes 67112550 in_flight now 0 fair_inc 0 prop_inc 0 fast_inc 0 eta_inc 16377267 multi_dec -16355334 quick_dec -172994 nack_dec -522900
Flow Uec_8108_0 flowId 84 uecSrc 83 finished at 308483 total messages 1 total packets 16425 RTS 0 total bytes 67112550 in_flight now 0 fair_inc 0 prop_inc 0 fast_inc 0 eta_inc 16378596 multi_dec -16356642 quick_dec -129609 nack_dec -543650
Flow Uec_8079_0 flowId 113 uecSrc 112 finished at 308510 total messages 1 total packets 16425 RTS 0 total bytes 67112550 in_flight now 0 fair_inc 6247 prop_inc 0 fast_inc 0 eta_inc 16382583 multi_dec -16372592 quick_dec -160302 nack_dec -522900
Flow Uec_8149_0 flowId 43 uecSrc 42 finished at 308549 total messages 1 total packets 16425 RTS 0 total bytes 67112550 in_flight now 0 fair_inc 0 prop_inc 0 fast_inc 0 eta_inc 16378596 multi_dec -16332319 quick_dec -218906 nack_dec -556100
Flow Uec_8113_0 flowId 79 uecSrc 78 finished at 308756 total messages 1 total packets 16425 RTS 0 total bytes 67112550 in_flight now 0 fair_inc 0 prop_inc 0 fast_inc 0 eta_inc 16394544 multi_dec -16352605 quick_dec -228734 nack_dec -535350
Flow Uec_8095_0 flowId 97 uecSrc 96 finished at 308800 total messages 1 total packets 16425 RTS 0 total bytes 67112550 in_flight now 0 fair_inc 0 prop_inc 220 fast_inc 0 eta_inc 16386570 multi_dec -16341783 quick_dec -170957 nack_dec -576850
Flow Uec_8120_0 flowId 72 uecSrc 71 finished at 308834 total messages 1 total packets 16425 RTS 0 total bytes 67112550 in_flight now 0 fair_inc 0 prop_inc 0 fast_inc 0 eta_inc 16391886 multi_dec -16359914 quick_dec -120276 nack_dec -556100
Flow Uec_8179_0 flowId 13 uecSrc 12 finished at 308916 total messages 1 total packets 16425 RTS 0 total bytes 67112550 in_flight now 0 fair_inc 0 prop_inc 0 fast_inc 0 eta_inc 16398531 multi_dec -16367229 quick_dec -190407 nack_dec -547800
Flow Uec_8191_0 flowId 1 uecSrc 0 finished at 309032 total messages 1 total packets 16425 RTS 0 total bytes 67112550 in_flight now 0 fair_inc 0 prop_inc 28822 fast_inc 0 eta_inc 16394544 multi_dec -16359474 quick_dec -167496 nack_dec -568550
Flow Uec_8185_0 flowId 7 uecSrc 6 finished at 310762 total messages 1 total packets 16425 RTS 0 total bytes 67112550 in_flight now 0 fair_inc 0 prop_inc 0 fast_inc 0 eta_inc 16508838 multi_dec -16489134 quick_dec -166530 nack_dec -514600
Flow Uec_8140_0 flowId 52 uecSrc 51 finished at 310886 total messages 1 total packets 16425 RTS 0 total bytes 67112550 in_flight now 0 fair_inc 0 prop_inc 0 fast_inc 0 eta_inc 16495548 multi_dec -16455303 quick_dec -158325 nack_dec -585150
Flow Uec_8188_0 flowId 4 uecSrc 3 finished at 310929 total messages 1 total packets 16425 RTS 0 total bytes 67112550 in_flight now 0 fair_inc 6205 prop_inc 0 fast_inc 0 eta_inc 16503522 multi_dec -16477517 quick_dec -136688 nack_dec -556100
Flow Uec_8181_0 flowId 11 uecSrc 10 finished at 310989 total messages 1 total packets 16425 RTS 0 total bytes 67112550 in_flight now 0 fair_inc 6232 prop_inc 0 fast_inc 0 eta_inc 16495548 multi_dec -16478801 quick_dec -225100 nack_dec -622500
Flow Uec_8097_0 flowId 95 uecSrc 94 finished at 311473 total messages 1 total packets 16425 RTS 0 total bytes 67112550 in_flight now 0 fair_inc 0 prop_inc 0 fast_inc 0 eta_inc 16539405 multi_dec -16502892 quick_dec -194447 nack_dec -547800
Flow Uec_8176_0 flowId 16 uecSrc 15 finished at 312344 total messages 1 total packets 16425 RTS 0 total bytes 67112550 in_flight now 0 fair_inc 6725 prop_inc 0 fast_inc 0 eta_inc 16587249 multi_dec -16559768 quick_dec -225892 nack_dec -568550
Flow Uec_8112_0 flowId 80 uecSrc 79 finished at 312377 total messages 1 total packets 16425 RTS 0 total bytes 67112550 in_flight now 0 fair_inc 6714 prop_inc 0 fast_inc 0 eta_inc 16581933 multi_dec -16548866 quick_dec -248428 nack_dec -568550
Flow Uec_8126_0 flowId 66 uecSrc 65 finished at 313807 total messages 1 total packets 16425 RTS 0 total bytes 67112550 in_flight now 0 fair_inc 25914 prop_inc 215 fast_inc 0 eta_inc 16653699 multi_dec -16599241 quick_dec -179905 nack_dec -593450
Flow Uec_8091_0 flowId 101 uecSrc 100 finished at 313824 total messages 1 total packets 16425 RTS 0 total bytes 67112550 in_flight now 0 fair_inc 0 prop_inc 0 fast_inc 0 eta_inc 16657686 multi_dec -16619917 quick_dec -193154 nack_dec -593450
Flow Uec_8121_0 flowId 71 uecSrc 70 finished at 316884 total messages 1 total packets 16425 RTS 0 total bytes 67112550 in_flight now 0 fair_inc 13066 prop_inc 0 fast_inc 0 eta_inc 16838430 multi_dec -16835990 quick_dec -156592 nack_dec -543650
Flow Uec_8116_0 flowId 76 uecSrc 75 finished at 319955 total messages 1 total packets 16425 RTS 0 total bytes 67112550 in_flight now 0 fair_inc 0 prop_inc 0 fast_inc 0 eta_inc 17000568 multi_dec -16959845 quick_dec -187860 nack_dec -551950
Flow Uec_8161_0 flowId 31 uecSrc 30 finished at 321527 total messages 1 total packets 16425 RTS 0 total bytes 67112550 in_flight now 0 fair_inc 25842 prop_inc 0 fast_inc 0 eta_inc 17081637 multi_dec -17117959 quick_dec -215826 nack_dec -564400
Flow Uec_8180_0 flowId 12 uecSrc 11 finished at 323308 total messages 1 total packets 16425 RTS 0 total bytes 67112550 in_flight now 0 fair_inc 32496 prop_inc 0 fast_inc 0 eta_inc 17183970 multi_dec -17163846 quick_dec -206855 nack_dec -597600
Flow Uec_8105_0 flowId 87 uecSrc 86 finished at 330807 total messages 1 total packets 16425 RTS 0 total bytes 67112550 in_flight now 0 fair_inc 86167 prop_inc 0 fast_inc 0 eta_inc 17581341 multi_dec -17683543 quick_dec -190409 nack_dec -647400
Flow Uec_8090_0 flowId 102 uecSrc 101 finished at 339735 total messages 1 total packets 16425 RTS 0 total bytes 67112550 in_flight now 0 fair_inc 164329 prop_inc 0 fast_inc 0 eta_inc 18058452 multi_dec -18258218 quick_dec -212693 nack_dec -713800
Flow Uec_8170_0 flowId 22 uecSrc 21 finished at 341571 total messages 1 total packets 16425 RTS 0 total bytes 67112550 in_flight now 0 fair_inc 148958 prop_inc 0 fast_inc 0 eta_inc 18171417 multi_dec -18385709 quick_dec -184302 nack_dec -605900
Flow Uec_8127_0 flowId 65 uecSrc 64 finished at 341706 total messages 1 total packets 16425 RTS 0 total bytes 67112550 in_flight now 0 fair_inc 163792 prop_inc 228 fast_inc 0 eta_inc 18176733 multi_dec -18435372 quick_dec -194684 nack_dec -630800
Flow Uec_8110_0 flowId 82 uecSrc 81 finished at 342161 total messages 1 total packets 16425 RTS 0 total bytes 67112550 in_flight now 0 fair_inc 148550 prop_inc 211 fast_inc 0 eta_inc 18201984 multi_dec -18409490 quick_dec -177551 nack_dec -659850
Flow Uec_8186_0 flowId 6 uecSrc 5 finished at 342510 total messages 1 total packets 16425 RTS 0 total bytes 67112550 in_flight now 0 fair_inc 102652 prop_inc 0 fast_inc 0 eta_inc 18219261 multi_dec -18351122 quick_dec -179367 nack_dec -668150
Flow Uec_8102_0 flowId 90 uecSrc 89 finished at 342617 total messages 1 total packets 16425 RTS 0 total bytes 67112550 in_flight now 0 fair_inc 134894 prop_inc 0 fast_inc 0 eta_inc 18232551 multi_dec -18386838 quick_dec -201325 nack_dec -618350
Flow Uec_8139_0 flowId 53 uecSrc 52 finished at 343211 total messages 1 total packets 16425 RTS 0 total bytes 67112550 in_flight now 0 fair_inc 84827 prop_inc 0 fast_inc 0 eta_inc 18257802 multi_dec -18347618 quick_dec -146556 nack_dec -618350
Flow Uec_8124_0 flowId 68 uecSrc 67 finished at 343994 total messages 1 total packets 16425 RTS 0 total bytes 67112550 in_flight now 0 fair_inc 123952 prop_inc 292 fast_inc 0 eta_inc 18309633 multi_dec -18477525 quick_dec -205644 nack_dec -626650
Flow Uec_8173_0 flowId 19 uecSrc 18 finished at 344356 total messages 1 total packets 16425 RTS 0 total bytes 67112550 in_flight now 0 fair_inc 179250 prop_inc 0 fast_inc 0 eta_inc 18324252 multi_dec -18560136 quick_dec -126682 nack_dec -680600
Flow Uec_8111_0 flowId 81 uecSrc 80 finished at 344917 total messages 1 total packets 16425 RTS 0 total bytes 67112550 in_flight now 0 fair_inc 168408 prop_inc 285 fast_inc 0 eta_inc 18368109 multi_dec -18578278 quick_dec -226701 nack_dec -684750
Flow Uec_8065_0 flowId 127 uecSrc 126 finished at 345172 total messages 1 total packets 16425 RTS 0 total bytes 67112550 in_flight now 0 fair_inc 193746 prop_inc 0 fast_inc 0 eta_inc 18366780 multi_dec -18601511 quick_dec -353506 nack_dec -664000
Flow Uec_8109_0 flowId 83 uecSrc 82 finished at 345284 total messages 1 total packets 16425 RTS 0 total bytes 67112550 in_flight now 0 fair_inc 250764 prop_inc 375 fast_inc 0 eta_inc 18376083 multi_dec -18759168 quick_dec -180993 nack_dec -668150
Flow Uec_8128_0 flowId 64 uecSrc 63 finished at 345511 total messages 1 total packets 16425 RTS 0 total bytes 67112550 in_flight now 0 fair_inc 197968 prop_inc 0 fast_inc 0 eta_inc 18382728 multi_dec -18675752 quick_dec -299908 nack_dec -709650
Flow Uec_8106_0 flowId 86 uecSrc 85 finished at 345941 total messages 1 total packets 16425 RTS 0 total bytes 67112550 in_flight now 0 fair_inc 144833 prop_inc 1223 fast_inc 0 eta_inc 18388044 multi_dec -18518595 quick_dec -205945 nack_dec -763600
Flow Uec_8167_0 flowId 25 uecSrc 24 finished at 346732 total messages 1 total packets 16425 RTS 0 total bytes 67112550 in_flight now 0 fair_inc 164640 prop_inc 788 fast_inc 0 eta_inc 18441204 multi_dec -18651260 quick_dec -157457 nack_dec -722100
Flow Uec_8153_0 flowId 39 uecSrc 38 finished at 346783 total messages 1 total packets 16425 RTS 0 total bytes 67112550 in_flight now 0 fair_inc 227852 prop_inc 108 fast_inc 0 eta_inc 18457152 multi_dec -18701976 quick_dec -280499 nack_dec -688900
Flow Uec_8117_0 flowId 75 uecSrc 74 finished at 346921 total messages 1 total packets 16425 RTS 0 total bytes 67112550 in_flight now 0 fair_inc 188727 prop_inc 704 fast_inc 0 eta_inc 18478416 multi_dec -18710585 quick_dec -263379 nack_dec -680600
Flow Uec_8107_0 flowId 85 uecSrc 84 finished at 346989 total messages 1 total packets 16425 RTS 0 total bytes 67112550 in_flight now 0 fair_inc 267318 prop_inc 137 fast_inc 0 eta_inc 18462468 multi_dec -18987891 quick_dec -122814 nack_dec -684750
Flow Uec_8158_0 flowId 34 uecSrc 33 finished at 347280 total messages 1 total packets 16425 RTS 0 total bytes 67112550 in_flight now 0 fair_inc 245330 prop_inc 222 fast_inc 0 eta_inc 18473100 multi_dec -18827459 quick_dec -231901 nack_dec -752078
Flow Uec_8151_0 flowId 41 uecSrc 40 finished at 347455 total messages 1 total packets 16425 RTS 0 total bytes 67112550 in_flight now 0 fair_inc 186793 prop_inc 193 fast_inc 0 eta_inc 18489048 multi_dec -18653522 quick_dec -230511 nack_dec -797264
Flow Uec_8083_0 flowId 109 uecSrc 108 finished at 347483 total messages 1 total packets 16425 RTS 0 total bytes 67112550 in_flight now 0 fair_inc 184426 prop_inc 1630 fast_inc 0 eta_inc 18481074 multi_dec -18730053 quick_dec -177364 nack_dec -776050
Flow Uec_8175_0 flowId 17 uecSrc 16 finished at 347654 total messages 1 total packets 16425 RTS 0 total bytes 67112550 in_flight now 0 fair_inc 265466 prop_inc 871 fast_inc 0 eta_inc 18504996 multi_dec -18762975 quick_dec -352462 nack_dec -747000
Flow Uec_8098_0 flowId 94 uecSrc 93 finished at 347789 total messages 1 total packets 16425 RTS 0 total bytes 67112550 in_flight now 0 fair_inc 251696 prop_inc 119 fast_inc 0 eta_inc 18502338 multi_dec -18806920 quick_dec -267227 nack_dec -726250
Flow Uec_8086_0 flowId 106 uecSrc 105 finished at 347872 total messages 1 total packets 16425 RTS 0 total bytes 67112550 in_flight now 0 fair_inc 316267 prop_inc 0 fast_inc 0 eta_inc 18532905 multi_dec -18894272 quick_dec -335570 nack_dec -664464
Flow Uec_8071_0 flowId 121 uecSrc 120 finished at 347896 total messages 1 total packets 16425 RTS 0 total bytes 67112550 in_flight now 0 fair_inc 283703 prop_inc 196 fast_inc 0 eta_inc 18507654 multi_dec -18886718 quick_dec -230258 nack_dec -676450
Flow Uec_8150_0 flowId 42 uecSrc 41 finished at 347934 total messages 1 total packets 16425 RTS 0 total bytes 67112550 in_flight now 0 fair_inc 230683 prop_inc 2238 fast_inc 0 eta_inc 18532905 multi_dec -18758138 quick_dec -235401 nack_dec -684750
Flow Uec_8152_0 flowId 40 uecSrc 39 finished at 347955 total messages 1 total packets 16425 RTS 0 total bytes 67112550 in_flight now 0 fair_inc 217736 prop_inc 9 fast_inc 0 eta_inc 18508983 multi_dec -18803910 quick_dec -252172 nack_dec -726250
Flow Uec_8190_0 flowId 2 uecSrc 1 finished at 347989 total messages 1 total packets 16425 RTS 0 total bytes 67112550 in_flight now 0 fair_inc 181397 prop_inc 1586 fast_inc 0 eta_inc 18502338 multi_dec -18688406 quick_dec -201306 nack_dec -776050
Flow Uec_8159_0 flowId 33 uecSrc 32 finished at 348000 total messages 1 total packets 16425 RTS 0 total bytes 67112550 in_flight now 0 fair_inc 222824 prop_inc 561 fast_inc 0 eta_inc 18511641 multi_dec -18824564 quick_dec -212970 nack_dec -792650
Flow Uec_8156_0 flowId 36 uecSrc 35 finished at 348069 total messages 1 total packets 16425 RTS 0 total bytes 67112550 in_flight now 0 fair_inc 286461 prop_inc 45 fast_inc 0 eta_inc 18536892 multi_dec -18875888 quick_dec -256935 nack_dec -722100
Flow Uec_8187_0 flowId 5 uecSrc 4 finished at 348089 total messages 1 total packets 16425 RTS 0 total bytes 67112550 in_flight now 0 fair_inc 182566 prop_inc 71 fast_inc 0 eta_inc 18515628 multi_dec -18671016 quick_dec -221585 nack_dec -742850
Flow Uec_8131_0 flowId 61 uecSrc 60 finished at 348113 total messages 1 total packets 16425 RTS 0 total bytes 67112550 in_flight now 0 fair_inc 318415 prop_inc 140 fast_inc 0 eta_inc 18524931 multi_dec -18970839 quick_dec -352996 nack_dec -805100
Flow Uec_8082_0 flowId 110 uecSrc 109 finished at 348184 total messages 1 total packets 16425 RTS 0 total bytes 67112550 in_flight now 0 fair_inc 160489 prop_inc 87 fast_inc 0 eta_inc 18526260 multi_dec -18695831 quick_dec -244141 nack_dec -759450
Flow Uec_8154_0 flowId 38 uecSrc 37 finished at 348255 total messages 1 total packets 16425 RTS 0 total bytes 67112550 in_flight now 0 fair_inc 215461 prop_inc 1866 fast_inc 0 eta_inc 18536892 multi_dec -18797800 quick_dec -204239 nack_dec -701350
Flow Uec_8137_0 flowId 55 uecSrc 54 finished at 348255 total messages 1 total packets 16425 RTS 0 total bytes 67112550 in_flight now 0 fair_inc 269522 prop_inc 2031 fast_inc 0 eta_inc 18538221 multi_dec -18831847 quick_dec -290498 nack_dec -710114
Flow Uec_8141_0 flowId 51 uecSrc 50 finished at 348274 total messages 1 total packets 16425 RTS 0 total bytes 67112550 in_flight now 0 fair_inc 327387 prop_inc 776 fast_inc 0 eta_inc 18554169 multi_dec -18997877 quick_dec -305431 nack_dec -705500
Flow Uec_8134_0 flowId 58 uecSrc 57 finished at 348323 total messages 1 total packets 16425 RTS 0 total bytes 67112550 in_flight now 0 fair_inc 242483 prop_inc 470 fast_inc 0 eta_inc 18544866 multi_dec -18835541 quick_dec -274331 nack_dec -693050
Flow Uec_8094_0 flowId 98 uecSrc 97 finished at 348403 total messages 1 total packets 16425 RTS 0 total bytes 67112550 in_flight now 0 fair_inc 242305 prop_inc 1416 fast_inc 0 eta_inc 18552840 multi_dec -18904150 quick_dec -195087 nack_dec -664000
Flow Uec_8064_0 flowId 128 uecSrc 127 finished at 348462 total messages 1 total packets 16425 RTS 0 total bytes 67112550 in_flight now 0 fair_inc 225696 prop_inc 9531 fast_inc 0 eta_inc 18539550 multi_dec -18725804 quick_dec -356055 nack_dec -784350
Flow Uec_8073_0 flowId 119 uecSrc 118 finished at 348476 total messages 1 total packets 16425 RTS 0 total bytes 67112550 in_flight now 0 fair_inc 278600 prop_inc 5383 fast_inc 0 eta_inc 18554169 multi_dec -18909062 quick_dec -237708 nack_dec -705500
Flow Uec_8143_0 flowId 49 uecSrc 48 finished at 348490 total messages 1 total packets 16425 RTS 0 total bytes 67112550 in_flight now 0 fair_inc 253466 prop_inc 6895 fast_inc 0 eta_inc 18558156 multi_dec -18808848 quick_dec -290697 nack_dec -734550
Flow Uec_8104_0 flowId 88 uecSrc 87 finished at 348656 total messages 1 total packets 16425 RTS 0 total bytes 67112550 in_flight now 0 fair_inc 272766 prop_inc 6067 fast_inc 0 eta_inc 18555498 multi_dec -18862387 quick_dec -207952 nack_dec -738700
Flow Uec_8157_0 flowId 35 uecSrc 34 finished at 348715 total messages 1 total packets 16425 RTS 0 total bytes 67112550 in_flight now 0 fair_inc 156894 prop_inc 10418 fast_inc 0 eta_inc 18572775 multi_dec -18816626 quick_dec -173281 nack_dec -605900
Flow Uec_8142_0 flowId 50 uecSrc 49 finished at 348750 total messages 1 total packets 16425 RTS 0 total bytes 67112550 in_flight now 0 fair_inc 230072 prop_inc 7868 fast_inc 0 eta_inc 18558156 multi_dec -18803012 quick_dec -271792 nack_dec -771900
Flow Uec_8166_0 flowId 26 uecSrc 25 finished at 348760 total messages 1 total packets 16425 RTS 0 total bytes 67112550 in_flight now 0 fair_inc 279281 prop_inc 8372 fast_inc 0 eta_inc 18564801 multi_dec -18768353 quick_dec -294519 nack_dec -776050
Flow Uec_8078_0 flowId 114 uecSrc 113 finished at 348805 total messages 1 total packets 16425 RTS 0 total bytes 67112550 in_flight now 0 fair_inc 245258 prop_inc 10835 fast_inc 0 eta_inc 18574104 multi_dec -18837111 quick_dec -231541 nack_dec -705500
Flow Uec_8085_0 flowId 107 uecSrc 106 finished at 348812 total messages 1 total packets 16425 RTS 0 total bytes 67112550 in_flight now 0 fair_inc 285009 prop_inc 13036 fast_inc 0 eta_inc 18574104 multi_dec -18826015 quick_dec -320318 nack_dec -738700
Flow Uec_8172_0 flowId 20 uecSrc 19 finished at 348814 total messages 1 total packets 16425 RTS 0 total bytes 67112550 in_flight now 0 fair_inc 299230 prop_inc 12697 fast_inc 0 eta_inc 18576762 multi_dec -18998907 quick_dec -243807 nack_dec -697200
Flow Uec_8099_0 flowId 93 uecSrc 92 finished at 348835 total messages 1 total packets 16425 RTS 0 total bytes 67112550 in_flight now 0 fair_inc 276332 prop_inc 11677 fast_inc 0 eta_inc 18559485 multi_dec -18846468 quick_dec -324179 nack_dec -809250
Flow Uec_8174_0 flowId 18 uecSrc 17 finished at 348869 total messages 1 total packets 16425 RTS 0 total bytes 67112550 in_flight now 0 fair_inc 166010 prop_inc 10856 fast_inc 0 eta_inc 18568788 multi_dec -18664249 quick_dec -271559 nack_dec -717950
Flow Uec_8168_0 flowId 24 uecSrc 23 finished at 348901 total messages 1 total packets 16425 RTS 0 total bytes 67112550 in_flight now 0 fair_inc 229492 prop_inc 19216 fast_inc 0 eta_inc 18567459 multi_dec -18689221 quick_dec -330206 nack_dec -784350
Flow Uec_8178_0 flowId 14 uecSrc 13 finished at 348901 total messages 1 total packets 16425 RTS 0 total bytes 67112550 in_flight now 0 fair_inc 225585 prop_inc 19965 fast_inc 0 eta_inc 18567459 multi_dec -18744177 quick_dec -280583 nack_dec -742850
Flow Uec_8070_0 flowId 122 uecSrc 121 finished at 348903 total messages 1 total packets 16425 RTS 0 total bytes 67112550 in_flight now 0 fair_inc 177353 prop_inc 16369 fast_inc 0 eta_inc 18566130 multi_dec -18745020 quick_dec -196103 nack_dec -734550
Flow Uec_8145_0 flowId 47 uecSrc 46 finished at 348904 total messages 1 total packets 16425 RTS 0 total bytes 67112550 in_flight now 0 fair_inc 276136 prop_inc 13263 fast_inc 0 eta_inc 18579420 multi_dec -18876565 quick_dec -355895 nack_dec -701350
Flow Uec_8092_0 flowId 100 uecSrc 99 finished at 348907 total messages 1 total packets 16425 RTS 0 total bytes 67112550 in_flight now 0 fair_inc 346896 prop_inc 11400 fast_inc 0 eta_inc 18576762 multi_dec -18992410 quick_dec -238267 nack_dec -676450
Flow Uec_8162_0 flowId 30 uecSrc 29 finished at 348976 total messages 1 total packets 16425 RTS 0 total bytes 67112550 in_flight now 0 fair_inc 235159 prop_inc 67351 fast_inc 0 eta_inc 18583407 multi_dec -18841970 quick_dec -317429 nack_dec -680600
Flow Uec_8163_0 flowId 29 uecSrc 28 finished at 348981 total messages 1 total packets 16425 RTS 0 total bytes 67112550 in_flight now 0 fair_inc 327040 prop_inc 38171 fast_inc 0 eta_inc 18574104 multi_dec -18890920 quick_dec -379268 nack_dec -763600
Flow Uec_8133_0 flowId 59 uecSrc 58 finished at 348993 total messages 1 total packets 16425 RTS 0 total bytes 67112550 in_flight now 0 fair_inc 224984 prop_inc 63758 fast_inc 26997 eta_inc 18576762 multi_dec -18634917 quick_dec -337231 nack_dec -805100
Flow Uec_8155_0 flowId 37 uecSrc 36 finished at 349010 total messages 1 total packets 16425 RTS 0 total bytes 67112550 in_flight now 0 fair_inc 194498 prop_inc 97052 fast_inc 0 eta_inc 18582078 multi_dec -18719403 quick_dec -218719 nack_dec -713800
Flow Uec_8138_0 flowId 54 uecSrc 53 finished at 349032 total messages 1 total packets 16425 RTS 0 total bytes 67112550 in_flight now 0 fair_inc 236054 prop_inc 91840 fast_inc 0 eta_inc 18583407 multi_dec -18690649 quick_dec -346675 nack_dec -738700
Flow Uec_8148_0 flowId 44 uecSrc 43 finished at 349081 total messages 1 total packets 16425 RTS 0 total bytes 67112550 in_flight now 0 fair_inc 213191 prop_inc 128721 fast_inc 245473 eta_inc 18580749 multi_dec -18698971 quick_dec -422502 nack_dec -784350
New: 2102400 Rtx: 19586 RTS: 0 Bounced: 0 ACKs: 2101923 NACKs: 19586 Pulls: 0 sleek_pkts: 0
SPURIOUS_COUNT 0
