.Flow Uec_8078_0 flowId 121 uecSrc 120 finished at 52644.7 total messages 1 total packets 4107 RTS 0 total bytes 16781202 in_flight now 0 fair_inc 0 prop_inc 0 fast_inc 0 eta_inc 2749701 multi_dec -2703042 quick_dec -162163 nack_dec -568550
Flow Uec_3632_0 flowId 90 uecSrc 89 finished at 52663.9 total messages 1 total packets 4107 RTS 0 total bytes 16781202 in_flight now 0 fair_inc 0 prop_inc 0 fast_inc 0 eta_inc 2757675 multi_dec -2705482 quick_dec -141660 nack_dec -556100
Flow Uec_7876_0 flowId 44 uecSrc 43 finished at 52709.1 total messages 1 total packets 4107 RTS 0 total bytes 16781202 in_flight now 0 fair_inc 0 prop_inc 0 fast_inc 0 eta_inc 2753688 multi_dec -2705327 quick_dec -218224 nack_dec -593450
Flow Uec_594_0 flowId 17 uecSrc 16 finished at 52874 total messages 1 total packets 4107 RTS 0 total bytes 16781202 in_flight now 0 fair_inc 0 prop_inc 0 fast_inc 0 eta_inc 2774952 multi_dec -2730860 quick_dec -182414 nack_dec -539500
Flow Uec_1207_0 flowId 91 uecSrc 90 finished at 52884.4 total messages 1 total packets 4107 RTS 0 total bytes 16781202 in_flight now 0 fair_inc 0 prop_inc 0 fast_inc 0 eta_inc 2761662 multi_dec -2704428 quick_dec -171791 nack_dec -564400
Flow Uec_3314_0 flowId 86 uecSrc 85 finished at 52894.2 total messages 1 total packets 4107 RTS 0 total bytes 16781202 in_flight now 0 fair_inc 0 prop_inc 0 fast_inc 0 eta_inc 2765649 multi_dec -2725033 quick_dec -156046 nack_dec -556100
Flow Uec_2385_0 flowId 3 uecSrc 2 finished at 53081.9 total messages 1 total packets 4107 RTS 0 total bytes 16781202 in_flight now 0 fair_inc 0 prop_inc 0 fast_inc 0 eta_inc 2768307 multi_dec -2731179 quick_dec -178755 nack_dec -589300
Flow Uec_1496_0 flowId 82 uecSrc 81 finished at 53171.5 total messages 1 total packets 4107 RTS 0 total bytes 16781202 in_flight now 0 fair_inc 0 prop_inc 0 fast_inc 0 eta_inc 2770965 multi_dec -2716988 quick_dec -173096 nack_dec -597600
Flow Uec_2062_0 flowId 83 uecSrc 82 finished at 53305.1 total messages 1 total packets 4107 RTS 0 total bytes 16781202 in_flight now 0 fair_inc 0 prop_inc 0 fast_inc 0 eta_inc 2793558 multi_dec -2755353 quick_dec -185689 nack_dec -556100
Flow Uec_1973_0 flowId 120 uecSrc 119 finished at 53422.2 total messages 1 total packets 4107 RTS 0 total bytes 16781202 in_flight now 0 fair_inc 0 prop_inc 0 fast_inc 0 eta_inc 2796216 multi_dec -2756158 quick_dec -197073 nack_dec -556264
Flow Uec_2506_0 flowId 84 uecSrc 83 finished at 53427.8 total messages 1 total packets 4107 RTS 0 total bytes 16781202 in_flight now 0 fair_inc 0 prop_inc 0 fast_inc 0 eta_inc 2798874 multi_dec -2760535 quick_dec -178111 nack_dec -543650
Flow Uec_6556_0 flowId 56 uecSrc 55 finished at 53477.3 total messages 1 total packets 4107 RTS 0 total bytes 16781202 in_flight now 0 fair_inc 0 prop_inc 0 fast_inc 0 eta_inc 2798874 multi_dec -2754304 quick_dec -206383 nack_dec -589300
Flow Uec_7665_0 flowId 63 uecSrc 62 finished at 53501 total messages 1 total packets 4107 RTS 0 total bytes 16781202 in_flight now 0 fair_inc 0 prop_inc 0 fast_inc 0 eta_inc 2808177 multi_dec -2780257 quick_dec -158823 nack_dec -535350
Flow Uec_5573_0 flowId 64 uecSrc 63 finished at 53502.5 total messages 1 total packets 4107 RTS 0 total bytes 16781202 in_flight now 0 fair_inc 0 prop_inc 0 fast_inc 0 eta_inc 2800203 multi_dec -2762144 quick_dec -190941 nack_dec -560250
Flow Uec_2583_0 flowId 31 uecSrc 30 finished at 53916.1 total messages 1 total packets 4107 RTS 0 total bytes 16781202 in_flight now 0 fair_inc 0 prop_inc 0 fast_inc 0 eta_inc 2809506 multi_dec -2765879 quick_dec -149004 nack_dec -601750
Flow Uec_6254_0 flowId 4 uecSrc 3 finished at 54112 total messages 1 total packets 4107 RTS 0 total bytes 16781202 in_flight now 0 fair_inc 0 prop_inc 0 fast_inc 0 eta_inc 2846718 multi_dec -2824749 quick_dec -181967 nack_dec -514600
Flow Uec_5814_0 flowId 7 uecSrc 6 finished at 54124.1 total messages 1 total packets 4107 RTS 0 total bytes 16781202 in_flight now 0 fair_inc 0 prop_inc 0 fast_inc 0 eta_inc 2828112 multi_dec -2779394 quick_dec -150781 nack_dec -597600
Flow Uec_3264_0 flowId 126 uecSrc 125 finished at 54138.4 total messages 1 total packets 4107 RTS 0 total bytes 16781202 in_flight now 0 fair_inc 0 prop_inc 0 fast_inc 0 eta_inc 2836086 multi_dec -2788768 quick_dec -191850 nack_dec -576850
Flow Uec_6178_0 flowId 36 uecSrc 35 finished at 54444.1 total messages 1 total packets 4107 RTS 0 total bytes 16781202 in_flight now 0 fair_inc 0 prop_inc 0 fast_inc 0 eta_inc 2845389 multi_dec -2801491 quick_dec -166582 nack_dec -568550
Flow Uec_4735_0 flowId 46 uecSrc 45 finished at 54890.5 total messages 1 total packets 4107 RTS 0 total bytes 16781202 in_flight now 0 fair_inc 6195 prop_inc 0 fast_inc 0 eta_inc 2883930 multi_dec -2869385 quick_dec -138713 nack_dec -547964
Flow Uec_4840_0 flowId 88 uecSrc 87 finished at 55039.9 total messages 1 total packets 4107 RTS 0 total bytes 16781202 in_flight now 0 fair_inc 12509 prop_inc 0 fast_inc 0 eta_inc 2891904 multi_dec -2904043 quick_dec -191673 nack_dec -535350
Flow Uec_6461_0 flowId 102 uecSrc 101 finished at 57065.4 total messages 1 total packets 4107 RTS 0 total bytes 16781202 in_flight now 0 fair_inc 0 prop_inc 0 fast_inc 0 eta_inc 2994237 multi_dec -2944010 quick_dec -206590 nack_dec -547800
Flow Uec_6413_0 flowId 124 uecSrc 123 finished at 73264.3 total messages 1 total packets 4107 RTS 0 total bytes 16781202 in_flight now 0 fair_inc 6148 prop_inc 0 fast_inc 0 eta_inc 3834165 multi_dec -3780140 quick_dec -162398 nack_dec -610050
Flow Uec_1566_0 flowId 75 uecSrc 74 finished at 73379.8 total messages 1 total packets 4107 RTS 0 total bytes 16781202 in_flight now 0 fair_inc 0 prop_inc 0 fast_inc 0 eta_inc 3847455 multi_dec -3795572 quick_dec -145016 nack_dec -585150
Flow Uec_2634_0 flowId 71 uecSrc 70 finished at 74451.2 total messages 1 total packets 4107 RTS 0 total bytes 16781202 in_flight now 0 fair_inc 0 prop_inc 0 fast_inc 0 eta_inc 3875364 multi_dec -3803676 quick_dec -115568 nack_dec -697200
Flow Uec_3313_0 flowId 42 uecSrc 41 finished at 75461.9 total messages 1 total packets 4107 RTS 0 total bytes 16781202 in_flight now 0 fair_inc 0 prop_inc 0 fast_inc 0 eta_inc 3949788 multi_dec -3894099 quick_dec -172161 nack_dec -597600
Flow Uec_4273_0 flowId 20 uecSrc 19 finished at 75711.8 total messages 1 total packets 4107 RTS 0 total bytes 16781202 in_flight now 0 fair_inc 9519 prop_inc 0 fast_inc 0 eta_inc 3953775 multi_dec -3874244 quick_dec -167514 nack_dec -697200
Flow Uec_231_0 flowId 2 uecSrc 1 finished at 75856.8 total messages 1 total packets 4107 RTS 0 total bytes 16781202 in_flight now 0 fair_inc 0 prop_inc 11337 fast_inc 0 eta_inc 4704660 multi_dec -4575377 quick_dec --26324 nack_dec -688900
Flow Uec_4209_0 flowId 51 uecSrc 50 finished at 76512.1 total messages 1 total packets 4107 RTS 0 total bytes 16781202 in_flight now 0 fair_inc 0 prop_inc 0 fast_inc 0 eta_inc 4000290 multi_dec -3937440 quick_dec -122113 nack_dec -610050
Flow Uec_3801_0 flowId 125 uecSrc 124 finished at 77153.3 total messages 1 total packets 4107 RTS 0 total bytes 16781202 in_flight now 0 fair_inc 5598 prop_inc 0 fast_inc 0 eta_inc 4025541 multi_dec -3978470 quick_dec -136536 nack_dec -647400
Flow Uec_191_0 flowId 19 uecSrc 18 finished at 77781.2 total messages 1 total packets 4107 RTS 0 total bytes 16781202 in_flight now 0 fair_inc 12765 prop_inc 8382 fast_inc 0 eta_inc 4820283 multi_dec -4706794 quick_dec --53665 nack_dec -738700
Flow Uec_1430_0 flowId 81 uecSrc 80 finished at 77939.5 total messages 1 total packets 4107 RTS 0 total bytes 16781202 in_flight now 0 fair_inc 6033 prop_inc 0 fast_inc 0 eta_inc 4082688 multi_dec -4060368 quick_dec -134004 nack_dec -618350
Flow Uec_3181_0 flowId 95 uecSrc 94 finished at 78006.6 total messages 1 total packets 4107 RTS 0 total bytes 16781202 in_flight now 0 fair_inc 6030 prop_inc 0 fast_inc 0 eta_inc 4074714 multi_dec -4022792 quick_dec -123187 nack_dec -643250
Flow Uec_4996_0 flowId 14 uecSrc 13 finished at 78214.6 total messages 1 total packets 4107 RTS 0 total bytes 16781202 in_flight now 0 fair_inc 0 prop_inc 0 fast_inc 0 eta_inc 4088004 multi_dec -4043581 quick_dec -146559 nack_dec -634950
Flow Uec_7284_0 flowId 39 uecSrc 38 finished at 78222.6 total messages 1 total packets 4107 RTS 0 total bytes 16781202 in_flight now 0 fair_inc 6027 prop_inc 0 fast_inc 0 eta_inc 4082688 multi_dec -4004469 quick_dec -186055 nack_dec -684750
Flow Uec_1040_0 flowId 43 uecSrc 42 finished at 78229.4 total messages 1 total packets 4107 RTS 0 total bytes 16781202 in_flight now 0 fair_inc 6097 prop_inc 0 fast_inc 0 eta_inc 4089333 multi_dec -4042902 quick_dec -127522 nack_dec -622500
Flow Uec_669_0 flowId 105 uecSrc 104 finished at 78266.9 total messages 1 total packets 4107 RTS 0 total bytes 16781202 in_flight now 0 fair_inc 5567 prop_inc 0 fast_inc 0 eta_inc 4095978 multi_dec -4060978 quick_dec -146810 nack_dec -630800
Flow Uec_5438_0 flowId 37 uecSrc 36 finished at 78391.1 total messages 1 total packets 4107 RTS 0 total bytes 16781202 in_flight now 0 fair_inc 5591 prop_inc 0 fast_inc 0 eta_inc 4114584 multi_dec -4061692 quick_dec -209803 nack_dec -597600
Flow Uec_2857_0 flowId 23 uecSrc 22 finished at 78412 total messages 1 total packets 4107 RTS 0 total bytes 16781202 in_flight now 0 fair_inc 5607 prop_inc 0 fast_inc 0 eta_inc 4109268 multi_dec -4078089 quick_dec -134590 nack_dec -601750
Flow Uec_159_0 flowId 12 uecSrc 11 finished at 78443.4 total messages 1 total packets 4107 RTS 0 total bytes 16781202 in_flight now 0 fair_inc 23034 prop_inc 11248 fast_inc 0 eta_inc 4846863 multi_dec -4686865 quick_dec --75837 nack_dec -800950
Flow Uec_2207_0 flowId 49 uecSrc 48 finished at 78554.7 total messages 1 total packets 4107 RTS 0 total bytes 16781202 in_flight now 0 fair_inc 11532 prop_inc 0 fast_inc 0 eta_inc 4097307 multi_dec -4073945 quick_dec -122773 nack_dec -643250
Flow Uec_1654_0 flowId 128 uecSrc 127 finished at 78607.3 total messages 1 total packets 4107 RTS 0 total bytes 16781202 in_flight now 0 fair_inc 0 prop_inc 0 fast_inc 0 eta_inc 4105281 multi_dec -4050102 quick_dec -98164 nack_dec -630800
Flow Uec_2087_0 flowId 107 uecSrc 106 finished at 78660.1 total messages 1 total packets 4107 RTS 0 total bytes 16781202 in_flight now 0 fair_inc 0 prop_inc 0 fast_inc 0 eta_inc 4119900 multi_dec -4075562 quick_dec -122113 nack_dec -630800
Flow Uec_6330_0 flowId 110 uecSrc 109 finished at 78841.7 total messages 1 total packets 4107 RTS 0 total bytes 16781202 in_flight now 0 fair_inc 0 prop_inc 0 fast_inc 0 eta_inc 4134519 multi_dec -4101890 quick_dec -138635 nack_dec -593450
Flow Uec_175_0 flowId 89 uecSrc 88 finished at 78848.3 total messages 1 total packets 4107 RTS 0 total bytes 16781202 in_flight now 0 fair_inc 0 prop_inc 28822 fast_inc 0 eta_inc 4874772 multi_dec -4694836 quick_dec --5337 nack_dec -751150
Flow Uec_6094_0 flowId 41 uecSrc 40 finished at 78910.6 total messages 1 total packets 4107 RTS 0 total bytes 16781202 in_flight now 0 fair_inc 0 prop_inc 0 fast_inc 0 eta_inc 4129203 multi_dec -4072177 quick_dec -133780 nack_dec -643250
Flow Uec_1133_0 flowId 113 uecSrc 112 finished at 79010.4 total messages 1 total packets 4107 RTS 0 total bytes 16781202 in_flight now 0 fair_inc 6029 prop_inc 0 fast_inc 0 eta_inc 4138506 multi_dec -4109046 quick_dec -99606 nack_dec -601750
Flow Uec_163_0 flowId 32 uecSrc 31 finished at 79044.4 total messages 1 total packets 4107 RTS 0 total bytes 16781202 in_flight now 0 fair_inc 0 prop_inc 11411 fast_inc 0 eta_inc 4892049 multi_dec -4754414 quick_dec --58924 nack_dec -771900
Flow Uec_1996_0 flowId 127 uecSrc 126 finished at 79081.3 total messages 1 total packets 4107 RTS 0 total bytes 16781202 in_flight now 0 fair_inc 6033 prop_inc 0 fast_inc 0 eta_inc 4141164 multi_dec -4120322 quick_dec -137833 nack_dec -630800
Flow Uec_6392_0 flowId 122 uecSrc 121 finished at 79281.5 total messages 1 total packets 4107 RTS 0 total bytes 16781202 in_flight now 0 fair_inc 0 prop_inc 0 fast_inc 0 eta_inc 4142493 multi_dec -4061338 quick_dec -130804 nack_dec -659850
Flow Uec_1351_0 flowId 22 uecSrc 21 finished at 79365.5 total messages 1 total packets 4107 RTS 0 total bytes 16781202 in_flight now 0 fair_inc 5604 prop_inc 0 fast_inc 0 eta_inc 4142493 multi_dec -4080549 quick_dec -184015 nack_dec -668150
Flow Uec_3449_0 flowId 123 uecSrc 122 finished at 79520.7 total messages 1 total packets 4107 RTS 0 total bytes 16781202 in_flight now 0 fair_inc 12118 prop_inc 0 fast_inc 0 eta_inc 4163757 multi_dec -4147359 quick_dec -106408 nack_dec -622500
Flow Uec_2271_0 flowId 15 uecSrc 14 finished at 79810.2 total messages 1 total packets 4107 RTS 0 total bytes 16781202 in_flight now 0 fair_inc 0 prop_inc 0 fast_inc 0 eta_inc 4173060 multi_dec -4107934 quick_dec -85093 nack_dec -630800
Flow Uec_662_0 flowId 59 uecSrc 58 finished at 79938.2 total messages 1 total packets 4107 RTS 0 total bytes 16781202 in_flight now 0 fair_inc 0 prop_inc 0 fast_inc 0 eta_inc 4186350 multi_dec -4120608 quick_dec -136434 nack_dec -610050
Flow Uec_3354_0 flowId 28 uecSrc 27 finished at 79965.4 total messages 1 total packets 4107 RTS 0 total bytes 16781202 in_flight now 0 fair_inc 6025 prop_inc 0 fast_inc 0 eta_inc 4182363 multi_dec -4147426 quick_dec -130358 nack_dec -643250
Flow Uec_4039_0 flowId 21 uecSrc 20 finished at 80301.3 total messages 1 total packets 4107 RTS 0 total bytes 16781202 in_flight now 0 fair_inc 0 prop_inc 0 fast_inc 0 eta_inc 4192995 multi_dec -4115119 quick_dec -142362 nack_dec -664000
Flow Uec_3391_0 flowId 47 uecSrc 46 finished at 80438.7 total messages 1 total packets 4107 RTS 0 total bytes 16781202 in_flight now 0 fair_inc 0 prop_inc 0 fast_inc 0 eta_inc 4222233 multi_dec -4172589 quick_dec -121925 nack_dec -589300
Flow Uec_6994_0 flowId 52 uecSrc 51 finished at 80521.7 total messages 1 total packets 4107 RTS 0 total bytes 16781202 in_flight now 0 fair_inc 6044 prop_inc 0 fast_inc 0 eta_inc 4204956 multi_dec -4137573 quick_dec -123555 nack_dec -672300
Flow Uec_1269_0 flowId 100 uecSrc 99 finished at 81131.8 total messages 1 total packets 4107 RTS 0 total bytes 16781202 in_flight now 0 fair_inc 5533 prop_inc 0 fast_inc 0 eta_inc 4254129 multi_dec -4188017 quick_dec -147163 nack_dec -634950
Flow Uec_337_0 flowId 24 uecSrc 23 finished at 81650.9 total messages 1 total packets 4107 RTS 0 total bytes 16781202 in_flight now 0 fair_inc 6124 prop_inc 0 fast_inc 0 eta_inc 4272735 multi_dec -4242755 quick_dec -106792 nack_dec -651550
Flow Uec_7491_0 flowId 112 uecSrc 111 finished at 81957.4 total messages 1 total packets 4107 RTS 0 total bytes 16781202 in_flight now 0 fair_inc 6014 prop_inc 0 fast_inc 0 eta_inc 4290012 multi_dec -4247647 quick_dec -151200 nack_dec -634950
Flow Uec_7196_0 flowId 98 uecSrc 97 finished at 82070.3 total messages 1 total packets 4107 RTS 0 total bytes 16781202 in_flight now 0 fair_inc 12848 prop_inc 0 fast_inc 0 eta_inc 4319250 multi_dec -4290530 quick_dec -184128 nack_dec -564400
Flow Uec_2402_0 flowId 118 uecSrc 117 finished at 82385.9 total messages 1 total packets 4107 RTS 0 total bytes 16781202 in_flight now 0 fair_inc 18643 prop_inc 0 fast_inc 0 eta_inc 4316592 multi_dec -4259291 quick_dec -138014 nack_dec -639100
Flow Uec_7931_0 flowId 48 uecSrc 47 finished at 82446.5 total messages 1 total packets 4107 RTS 0 total bytes 16781202 in_flight now 0 fair_inc 8769 prop_inc 0 fast_inc 0 eta_inc 4332540 multi_dec -4304149 quick_dec -147486 nack_dec -610050
Flow Uec_2803_0 flowId 57 uecSrc 56 finished at 82819.7 total messages 1 total packets 4107 RTS 0 total bytes 16781202 in_flight now 0 fair_inc 6253 prop_inc 0 fast_inc 0 eta_inc 4341843 multi_dec -4262120 quick_dec -157531 nack_dec -630800
Flow Uec_1770_0 flowId 16 uecSrc 15 finished at 83335.3 total messages 1 total packets 4107 RTS 0 total bytes 16781202 in_flight now 0 fair_inc 12489 prop_inc 0 fast_inc 0 eta_inc 4368423 multi_dec -4330059 quick_dec -132366 nack_dec -651550
Flow Uec_1988_0 flowId 114 uecSrc 113 finished at 83928.8 total messages 1 total packets 4107 RTS 0 total bytes 16781202 in_flight now 0 fair_inc 12705 prop_inc 0 fast_inc 0 eta_inc 4402977 multi_dec -4341699 quick_dec -145352 nack_dec -639100
Flow Uec_2098_0 flowId 77 uecSrc 76 finished at 83978.5 total messages 1 total packets 4107 RTS 0 total bytes 16781202 in_flight now 0 fair_inc 19037 prop_inc 0 fast_inc 0 eta_inc 4393674 multi_dec -4382966 quick_dec -149231 nack_dec -668150
Flow Uec_822_0 flowId 92 uecSrc 91 finished at 84134.9 total messages 1 total packets 4107 RTS 0 total bytes 16781202 in_flight now 0 fair_inc 37406 prop_inc 0 fast_inc 0 eta_inc 4410951 multi_dec -4395462 quick_dec -152272 nack_dec -664000
Flow Uec_6282_0 flowId 96 uecSrc 95 finished at 84302.4 total messages 1 total packets 4107 RTS 0 total bytes 16781202 in_flight now 0 fair_inc 13332 prop_inc 0 fast_inc 0 eta_inc 4418925 multi_dec -4365725 quick_dec -140512 nack_dec -643250
Flow Uec_4688_0 flowId 45 uecSrc 44 finished at 84412.9 total messages 1 total packets 4107 RTS 0 total bytes 16781202 in_flight now 0 fair_inc 12227 prop_inc 0 fast_inc 0 eta_inc 4433544 multi_dec -4396300 quick_dec -171377 nack_dec -610050
Flow Uec_1001_0 flowId 10 uecSrc 9 finished at 84674 total messages 1 total packets 4107 RTS 0 total bytes 16781202 in_flight now 0 fair_inc 5868 prop_inc 0 fast_inc 0 eta_inc 4429557 multi_dec -4362872 quick_dec -147381 nack_dec -668150
Flow Uec_3934_0 flowId 111 uecSrc 110 finished at 85204.2 total messages 1 total packets 4107 RTS 0 total bytes 16781202 in_flight now 0 fair_inc 6388 prop_inc 0 fast_inc 0 eta_inc 4486704 multi_dec -4440833 quick_dec -170838 nack_dec -593450
Flow Uec_1417_0 flowId 73 uecSrc 72 finished at 85268.3 total messages 1 total packets 4107 RTS 0 total bytes 16781202 in_flight now 0 fair_inc 59125 prop_inc 0 fast_inc 0 eta_inc 4472085 multi_dec -4506280 quick_dec -195235 nack_dec -659850
Flow Uec_982_0 flowId 85 uecSrc 84 finished at 85518.1 total messages 1 total packets 4107 RTS 0 total bytes 16781202 in_flight now 0 fair_inc 28401 prop_inc 0 fast_inc 0 eta_inc 4481388 multi_dec -4437073 quick_dec -166694 nack_dec -630800
Flow Uec_5224_0 flowId 109 uecSrc 108 finished at 85519.9 total messages 1 total packets 4107 RTS 0 total bytes 16781202 in_flight now 0 fair_inc 13421 prop_inc 0 fast_inc 0 eta_inc 4489362 multi_dec -4433801 quick_dec -153709 nack_dec -605900
Flow Uec_2968_0 flowId 70 uecSrc 69 finished at 85864.1 total messages 1 total packets 4107 RTS 0 total bytes 16781202 in_flight now 0 fair_inc 24412 prop_inc 0 fast_inc 0 eta_inc 4490691 multi_dec -4455523 quick_dec -190101 nack_dec -717950
Flow Uec_2644_0 flowId 38 uecSrc 37 finished at 86080.7 total messages 1 total packets 4107 RTS 0 total bytes 16781202 in_flight now 0 fair_inc 48507 prop_inc 867 fast_inc 0 eta_inc 4519929 multi_dec -4505171 quick_dec -197709 nack_dec -655700
Flow Uec_4987_0 flowId 93 uecSrc 92 finished at 86146.1 total messages 1 total packets 4107 RTS 0 total bytes 16781202 in_flight now 0 fair_inc 39708 prop_inc 0 fast_inc 0 eta_inc 4519929 multi_dec -4480270 quick_dec -177727 nack_dec -643250
Flow Uec_6543_0 flowId 11 uecSrc 10 finished at 86152.3 total messages 1 total packets 4107 RTS 0 total bytes 16781202 in_flight now 0 fair_inc 77789 prop_inc 741 fast_inc 0 eta_inc 4523916 multi_dec -4529383 quick_dec -174388 nack_dec -651550
Flow Uec_4207_0 flowId 87 uecSrc 86 finished at 86317.6 total messages 1 total packets 4107 RTS 0 total bytes 16781202 in_flight now 0 fair_inc 30785 prop_inc 0 fast_inc 0 eta_inc 4541193 multi_dec -4541672 quick_dec -165756 nack_dec -614200
Flow Uec_7944_0 flowId 61 uecSrc 60 finished at 86328.9 total messages 1 total packets 4107 RTS 0 total bytes 16781202 in_flight now 0 fair_inc 43408 prop_inc 138 fast_inc 0 eta_inc 4522587 multi_dec -4461305 quick_dec -204237 nack_dec -655700
Flow Uec_4592_0 flowId 106 uecSrc 105 finished at 86357.4 total messages 1 total packets 4107 RTS 0 total bytes 16781202 in_flight now 0 fair_inc 32910 prop_inc 0 fast_inc 0 eta_inc 4517271 multi_dec -4473718 quick_dec -194486 nack_dec -680600
Flow Uec_5674_0 flowId 117 uecSrc 116 finished at 86371.7 total messages 1 total packets 4107 RTS 0 total bytes 16781202 in_flight now 0 fair_inc 44277 prop_inc 1368 fast_inc 0 eta_inc 4517271 multi_dec -4506336 quick_dec -193536 nack_dec -697200
Flow Uec_5226_0 flowId 6 uecSrc 5 finished at 86404.4 total messages 1 total packets 4107 RTS 0 total bytes 16781202 in_flight now 0 fair_inc 38380 prop_inc 0 fast_inc 0 eta_inc 4529232 multi_dec -4505012 quick_dec -180165 nack_dec -688900
Flow Uec_7404_0 flowId 62 uecSrc 61 finished at 86528.5 total messages 1 total packets 4107 RTS 0 total bytes 16781202 in_flight now 0 fair_inc 39562 prop_inc 229 fast_inc 0 eta_inc 4529232 multi_dec -4538610 quick_dec -160260 nack_dec -676450
Flow Uec_2997_0 flowId 94 uecSrc 93 finished at 86578.4 total messages 1 total packets 4107 RTS 0 total bytes 16781202 in_flight now 0 fair_inc 75024 prop_inc 0 fast_inc 0 eta_inc 4542522 multi_dec -4533223 quick_dec -214949 nack_dec -680600
Flow Uec_6327_0 flowId 76 uecSrc 75 finished at 86608.5 total messages 1 total packets 4107 RTS 0 total bytes 16781202 in_flight now 0 fair_inc 44137 prop_inc 0 fast_inc 0 eta_inc 4546509 multi_dec -4556543 quick_dec -178180 nack_dec -680600
Flow Uec_5191_0 flowId 67 uecSrc 66 finished at 86651.2 total messages 1 total packets 4107 RTS 0 total bytes 16781202 in_flight now 0 fair_inc 38776 prop_inc 0 fast_inc 0 eta_inc 4522587 multi_dec -4489716 quick_dec -170682 nack_dec -713800
Flow Uec_7167_0 flowId 33 uecSrc 32 finished at 86659.7 total messages 1 total packets 4107 RTS 0 total bytes 16781202 in_flight now 0 fair_inc 51296 prop_inc 474 fast_inc 0 eta_inc 4550496 multi_dec -4539984 quick_dec -190440 nack_dec -647400
Flow Uec_5476_0 flowId 80 uecSrc 79 finished at 86660.9 total messages 1 total packets 4107 RTS 0 total bytes 16781202 in_flight now 0 fair_inc 58973 prop_inc 28 fast_inc 0 eta_inc 4531890 multi_dec -4524826 quick_dec -222057 nack_dec -697200
Flow Uec_3808_0 flowId 78 uecSrc 77 finished at 86661.9 total messages 1 total packets 4107 RTS 0 total bytes 16781202 in_flight now 0 fair_inc 25124 prop_inc 624 fast_inc 0 eta_inc 4558470 multi_dec -4526840 quick_dec -132230 nack_dec -647400
Flow Uec_913_0 flowId 58 uecSrc 57 finished at 86688.3 total messages 1 total packets 4107 RTS 0 total bytes 16781202 in_flight now 0 fair_inc 37278 prop_inc 964 fast_inc 0 eta_inc 4551825 multi_dec -4489563 quick_dec -180571 nack_dec -672300
Flow Uec_1175_0 flowId 50 uecSrc 49 finished at 86748.2 total messages 1 total packets 4107 RTS 0 total bytes 16781202 in_flight now 0 fair_inc 42885 prop_inc 1396 fast_inc 0 eta_inc 4538535 multi_dec -4471042 quick_dec -159093 nack_dec -705664
Flow Uec_930_0 flowId 101 uecSrc 100 finished at 86772.3 total messages 1 total packets 4107 RTS 0 total bytes 16781202 in_flight now 0 fair_inc 43786 prop_inc 488 fast_inc 0 eta_inc 4541193 multi_dec -4485217 quick_dec -180532 nack_dec -734550
Flow Uec_6920_0 flowId 69 uecSrc 68 finished at 86773.5 total messages 1 total packets 4107 RTS 0 total bytes 16781202 in_flight now 0 fair_inc 58149 prop_inc 1755 fast_inc 0 eta_inc 4558470 multi_dec -4525784 quick_dec -212285 nack_dec -672300
Flow Uec_6822_0 flowId 66 uecSrc 65 finished at 86837.1 total messages 1 total packets 4107 RTS 0 total bytes 16781202 in_flight now 0 fair_inc 33141 prop_inc 4544 fast_inc 0 eta_inc 4573089 multi_dec -4567043 quick_dec -145263 nack_dec -618514
Flow Uec_3150_0 flowId 5 uecSrc 4 finished at 86871.6 total messages 1 total packets 4107 RTS 0 total bytes 16781202 in_flight now 0 fair_inc 36915 prop_inc 3120 fast_inc 0 eta_inc 4570431 multi_dec -4531848 quick_dec -171006 nack_dec -630800
Flow Uec_5189_0 flowId 108 uecSrc 107 finished at 86874.3 total messages 1 total packets 4107 RTS 0 total bytes 16781202 in_flight now 0 fair_inc 76146 prop_inc 223 fast_inc 0 eta_inc 4549167 multi_dec -4511415 quick_dec -157532 nack_dec -709650
Flow Uec_774_0 flowId 1 uecSrc 0 finished at 86921 total messages 1 total packets 4107 RTS 0 total bytes 16781202 in_flight now 0 fair_inc 51324 prop_inc 2090 fast_inc 0 eta_inc 4579734 multi_dec -4557304 quick_dec -256091 nack_dec -601750
Flow Uec_3512_0 flowId 74 uecSrc 73 finished at 86923 total messages 1 total packets 4107 RTS 0 total bytes 16781202 in_flight now 0 fair_inc 25137 prop_inc 0 fast_inc 0 eta_inc 4578405 multi_dec -4527723 quick_dec -193074 nack_dec -610050
Flow Uec_5849_0 flowId 25 uecSrc 24 finished at 86929.1 total messages 1 total packets 4107 RTS 0 total bytes 16781202 in_flight now 0 fair_inc 37804 prop_inc 3010 fast_inc 0 eta_inc 4575747 multi_dec -4550718 quick_dec -172243 nack_dec -618350
Flow Uec_3081_0 flowId 35 uecSrc 34 finished at 86938.6 total messages 1 total packets 4107 RTS 0 total bytes 16781202 in_flight now 0 fair_inc 38655 prop_inc 3408 fast_inc 0 eta_inc 4565115 multi_dec -4538604 quick_dec -171694 nack_dec -647400
Flow Uec_7089_0 flowId 65 uecSrc 64 finished at 86970.9 total messages 1 total packets 4107 RTS 0 total bytes 16781202 in_flight now 0 fair_inc 36982 prop_inc 1683 fast_inc 0 eta_inc 4565115 multi_dec -4497368 quick_dec -155020 nack_dec -655700
Flow Uec_6203_0 flowId 68 uecSrc 67 finished at 86972.4 total messages 1 total packets 4107 RTS 0 total bytes 16781202 in_flight now 0 fair_inc 42350 prop_inc 3076 fast_inc 0 eta_inc 4549167 multi_dec -4478535 quick_dec -180767 nack_dec -730400
Flow Uec_359_0 flowId 60 uecSrc 59 finished at 87042.7 total messages 1 total packets 4107 RTS 0 total bytes 16781202 in_flight now 0 fair_inc 45116 prop_inc 3605 fast_inc 0 eta_inc 4569102 multi_dec -4554020 quick_dec -164686 nack_dec -676450
Flow Uec_6218_0 flowId 72 uecSrc 71 finished at 87053.2 total messages 1 total packets 4107 RTS 0 total bytes 16781202 in_flight now 0 fair_inc 24845 prop_inc 5357 fast_inc 0 eta_inc 4570431 multi_dec -4468953 quick_dec -185847 nack_dec -672464
Flow Uec_2045_0 flowId 13 uecSrc 12 finished at 87083.7 total messages 1 total packets 4107 RTS 0 total bytes 16781202 in_flight now 0 fair_inc 78607 prop_inc 5206 fast_inc 0 eta_inc 4559799 multi_dec -4457244 quick_dec -259460 nack_dec -709650
Flow Uec_4151_0 flowId 97 uecSrc 96 finished at 87113.1 total messages 1 total packets 4107 RTS 0 total bytes 16781202 in_flight now 0 fair_inc 84071 prop_inc 3401 fast_inc 0 eta_inc 4558470 multi_dec -4503727 quick_dec -208317 nack_dec -742850
Flow Uec_7232_0 flowId 18 uecSrc 17 finished at 87118.6 total messages 1 total packets 4107 RTS 0 total bytes 16781202 in_flight now 0 fair_inc 57722 prop_inc 4060 fast_inc 0 eta_inc 4583721 multi_dec -4573105 quick_dec -166049 nack_dec -651550
Flow Uec_2688_0 flowId 9 uecSrc 8 finished at 87126.4 total messages 1 total packets 4107 RTS 0 total bytes 16781202 in_flight now 0 fair_inc 68482 prop_inc 6834 fast_inc 0 eta_inc 4566444 multi_dec -4515000 quick_dec -205942 nack_dec -668150
Flow Uec_5967_0 flowId 104 uecSrc 103 finished at 87127.9 total messages 1 total packets 4107 RTS 0 total bytes 16781202 in_flight now 0 fair_inc 61559 prop_inc 4149 fast_inc 0 eta_inc 4579734 multi_dec -4514983 quick_dec -164879 nack_dec -622500
Flow Uec_6555_0 flowId 79 uecSrc 78 finished at 87146 total messages 1 total packets 4107 RTS 0 total bytes 16781202 in_flight now 0 fair_inc 59091 prop_inc 6650 fast_inc 0 eta_inc 4574418 multi_dec -4497388 quick_dec -122119 nack_dec -643250
Flow Uec_6913_0 flowId 26 uecSrc 25 finished at 87168.8 total messages 1 total packets 4107 RTS 0 total bytes 16781202 in_flight now 0 fair_inc 68055 prop_inc 8914 fast_inc 0 eta_inc 4561128 multi_dec -4504972 quick_dec -194374 nack_dec -717950
Flow Uec_8048_0 flowId 8 uecSrc 7 finished at 87176.1 total messages 1 total packets 4107 RTS 0 total bytes 16781202 in_flight now 0 fair_inc 95486 prop_inc 7014 fast_inc 0 eta_inc 4569102 multi_dec -4550381 quick_dec -215203 nack_dec -722100
Flow Uec_3500_0 flowId 119 uecSrc 118 finished at 87222.4 total messages 1 total packets 4107 RTS 0 total bytes 16781202 in_flight now 0 fair_inc 47049 prop_inc 11787 fast_inc 0 eta_inc 4587708 multi_dec -4534597 quick_dec -142170 nack_dec -647400
Flow Uec_7498_0 flowId 40 uecSrc 39 finished at 87230 total messages 1 total packets 4107 RTS 0 total bytes 16781202 in_flight now 0 fair_inc 92096 prop_inc 14200 fast_inc 0 eta_inc 4565115 multi_dec -4475973 quick_dec -206362 nack_dec -800950
Flow Uec_7029_0 flowId 116 uecSrc 115 finished at 87238.8 total messages 1 total packets 4107 RTS 0 total bytes 16781202 in_flight now 0 fair_inc 42127 prop_inc 9381 fast_inc 0 eta_inc 4582392 multi_dec -4495764 quick_dec -206411 nack_dec -688900
Flow Uec_4554_0 flowId 115 uecSrc 114 finished at 87242.5 total messages 1 total packets 4107 RTS 0 total bytes 16781202 in_flight now 0 fair_inc 47413 prop_inc 17214 fast_inc 0 eta_inc 4577076 multi_dec -4494015 quick_dec -173464 nack_dec -651550
Flow Uec_3864_0 flowId 29 uecSrc 28 finished at 87251.3 total messages 1 total packets 4107 RTS 0 total bytes 16781202 in_flight now 0 fair_inc 29595 prop_inc 17143 fast_inc 0 eta_inc 4571760 multi_dec -4478986 quick_dec -157018 nack_dec -705500
Flow Uec_7595_0 flowId 55 uecSrc 54 finished at 87257.6 total messages 1 total packets 4107 RTS 0 total bytes 16781202 in_flight now 0 fair_inc 30676 prop_inc 30654 fast_inc 0 eta_inc 4574418 multi_dec -4500857 quick_dec -189892 nack_dec -676450
Flow Uec_6826_0 flowId 54 uecSrc 53 finished at 87262.1 total messages 1 total packets 4107 RTS 0 total bytes 16781202 in_flight now 0 fair_inc 55327 prop_inc 31472 fast_inc 0 eta_inc 4577076 multi_dec -4482818 quick_dec -173253 nack_dec -726250
Flow Uec_7741_0 flowId 27 uecSrc 26 finished at 87274.9 total messages 1 total packets 4107 RTS 0 total bytes 16781202 in_flight now 0 fair_inc 37343 prop_inc 54768 fast_inc 0 eta_inc 4593024 multi_dec -4471150 quick_dec -227061 nack_dec -676450
Flow Uec_4347_0 flowId 53 uecSrc 52 finished at 87281.1 total messages 1 total packets 4107 RTS 0 total bytes 16781202 in_flight now 0 fair_inc 38224 prop_inc 58152 fast_inc 0 eta_inc 4567773 multi_dec -4448454 quick_dec -181943 nack_dec -693050
Flow Uec_3212_0 flowId 34 uecSrc 33 finished at 87295.6 total messages 1 total packets 4107 RTS 0 total bytes 16781202 in_flight now 0 fair_inc 47156 prop_inc 62110 fast_inc 0 eta_inc 4587708 multi_dec -4510778 quick_dec -192208 nack_dec -668150
Flow Uec_1822_0 flowId 99 uecSrc 98 finished at 87297.3 total messages 1 total packets 4107 RTS 0 total bytes 16781202 in_flight now 0 fair_inc 72873 prop_inc 65275 fast_inc 0 eta_inc 4559799 multi_dec -4461356 quick_dec -257218 nack_dec -792650
Flow Uec_2540_0 flowId 103 uecSrc 102 finished at 87304.8 total messages 1 total packets 4107 RTS 0 total bytes 16781202 in_flight now 0 fair_inc 19217 prop_inc 95636 fast_inc 15836 eta_inc 4595682 multi_dec -4506900 quick_dec -196325 nack_dec -622500
Flow Uec_2403_0 flowId 30 uecSrc 29 finished at 87320 total messages 1 total packets 4107 RTS 0 total bytes 16781202 in_flight now 0 fair_inc 32251 prop_inc 64914 fast_inc 128323 eta_inc 4587708 multi_dec -4520609 quick_dec -215738 nack_dec -672300
New: 525696 Rtx: 19852 RTS: 0 Bounced: 0 ACKs: 525393 NACKs: 19852 Pulls: 0 sleek_pkts: 0
SPURIOUS_COUNT 0
