Flow Uec_5_0 flowId 31 uecSrc 30 finished at 1681.46 total messages 1 total packets 257 RTS 0 total bytes 1050102 in_flight now 0 fair_inc 0 prop_inc 17266 fast_inc 0 eta_inc 124926 multi_dec -90916 quick_dec --19084 nack_dec -236550
Flow Uec_11_0 flowId 64 uecSrc 63 finished at 1811.21 total messages 1 total packets 257 RTS 0 total bytes 1050102 in_flight now 0 fair_inc 6523 prop_inc 8613 fast_inc 0 eta_inc 136887 multi_dec -96414 quick_dec --2768 nack_dec -232400
Flow Uec_3_0 flowId 23 uecSrc 22 finished at 1834.22 total messages 1 total packets 257 RTS 0 total bytes 1050102 in_flight now 0 fair_inc 0 prop_inc 7418 fast_inc 0 eta_inc 135558 multi_dec -90173 quick_dec --15946 nack_dec -215800
Flow Uec_4861_0 flowId 6 uecSrc 5 finished at 2153.43 total messages 1 total packets 257 RTS 0 total bytes 1050102 in_flight now 0 fair_inc 17304 prop_inc 1720 fast_inc 0 eta_inc 112965 multi_dec -141702 quick_dec -23383 nack_dec -498000
Flow Uec_7196_0 flowId 39 uecSrc 38 finished at 2243.34 total messages 1 total packets 257 RTS 0 total bytes 1050102 in_flight now 0 fair_inc 12662 prop_inc 0 fast_inc 0 eta_inc 110307 multi_dec -109339 quick_dec -20520 nack_dec -498000
Flow Uec_7322_0 flowId 42 uecSrc 41 finished at 2273.82 total messages 1 total packets 257 RTS 0 total bytes 1050102 in_flight now 0 fair_inc 13184 prop_inc 0 fast_inc 0 eta_inc 118281 multi_dec -137497 quick_dec --763 nack_dec -493850
Flow Uec_3172_0 flowId 5 uecSrc 4 finished at 2301.02 total messages 1 total packets 257 RTS 0 total bytes 1050102 in_flight now 0 fair_inc 13346 prop_inc 0 fast_inc 0 eta_inc 118281 multi_dec -138308 quick_dec -9279 nack_dec -489700
Flow Uec_5986_0 flowId 7 uecSrc 6 finished at 2313.41 total messages 1 total packets 257 RTS 0 total bytes 1050102 in_flight now 0 fair_inc 4710 prop_inc 0 fast_inc 0 eta_inc 120939 multi_dec -143800 quick_dec -6204 nack_dec -493850
Flow Uec_6678_0 flowId 61 uecSrc 60 finished at 2324.8 total messages 1 total packets 257 RTS 0 total bytes 1050102 in_flight now 0 fair_inc 10549 prop_inc 2880 fast_inc 0 eta_inc 123597 multi_dec -130885 quick_dec -54264 nack_dec -489700
Flow Uec_2855_0 flowId 43 uecSrc 42 finished at 2331.05 total messages 1 total packets 257 RTS 0 total bytes 1050102 in_flight now 0 fair_inc 13465 prop_inc 0 fast_inc 0 eta_inc 118281 multi_dec -124000 quick_dec -6872 nack_dec -514600
Flow Uec_109_0 flowId 46 uecSrc 45 finished at 2396.14 total messages 1 total packets 257 RTS 0 total bytes 1050102 in_flight now 0 fair_inc 11308 prop_inc 0 fast_inc 0 eta_inc 132900 multi_dec -121886 quick_dec -71013 nack_dec -338774
Flow Uec_3376_0 flowId 62 uecSrc 61 finished at 2407.22 total messages 1 total packets 257 RTS 0 total bytes 1050102 in_flight now 0 fair_inc 6600 prop_inc 0 fast_inc 0 eta_inc 126255 multi_dec -132557 quick_dec -13248 nack_dec -485550
Flow Uec_7872_0 flowId 15 uecSrc 14 finished at 2470.81 total messages 1 total packets 257 RTS 0 total bytes 1050102 in_flight now 0 fair_inc 13169 prop_inc 0 fast_inc 0 eta_inc 126255 multi_dec -137808 quick_dec -17873 nack_dec -489700
Flow Uec_6653_0 flowId 49 uecSrc 48 finished at 2477.72 total messages 1 total packets 257 RTS 0 total bytes 1050102 in_flight now 0 fair_inc 29440 prop_inc 0 fast_inc 0 eta_inc 127584 multi_dec -133917 quick_dec -31930 nack_dec -510450
Flow Uec_3182_0 flowId 32 uecSrc 31 finished at 2488.28 total messages 1 total packets 257 RTS 0 total bytes 1050102 in_flight now 0 fair_inc 13363 prop_inc 0 fast_inc 0 eta_inc 130242 multi_dec -132086 quick_dec -18234 nack_dec -502150
Flow Uec_7997_0 flowId 60 uecSrc 59 finished at 2503 total messages 1 total packets 257 RTS 0 total bytes 1050102 in_flight now 0 fair_inc 13164 prop_inc 0 fast_inc 0 eta_inc 131571 multi_dec -131990 quick_dec -29932 nack_dec -498000
Flow Uec_3615_0 flowId 19 uecSrc 18 finished at 2531.47 total messages 1 total packets 257 RTS 0 total bytes 1050102 in_flight now 0 fair_inc 11986 prop_inc 0 fast_inc 0 eta_inc 130242 multi_dec -144276 quick_dec -28660 nack_dec -510450
Flow Uec_1506_0 flowId 22 uecSrc 21 finished at 2537.44 total messages 1 total packets 257 RTS 0 total bytes 1050102 in_flight now 0 fair_inc 34854 prop_inc 0 fast_inc 0 eta_inc 127584 multi_dec -135235 quick_dec -40875 nack_dec -498000
Flow Uec_4521_0 flowId 59 uecSrc 58 finished at 2548 total messages 1 total packets 257 RTS 0 total bytes 1050102 in_flight now 0 fair_inc 12575 prop_inc 544 fast_inc 0 eta_inc 127584 multi_dec -107516 quick_dec -19002 nack_dec -510450
Flow Uec_3403_0 flowId 18 uecSrc 17 finished at 2560.39 total messages 1 total packets 257 RTS 0 total bytes 1050102 in_flight now 0 fair_inc 9587 prop_inc 0 fast_inc 0 eta_inc 126255 multi_dec -138003 quick_dec --951 nack_dec -510450
Flow Uec_3754_0 flowId 63 uecSrc 62 finished at 2564.48 total messages 1 total packets 257 RTS 0 total bytes 1050102 in_flight now 0 fair_inc 15979 prop_inc 0 fast_inc 0 eta_inc 132900 multi_dec -130145 quick_dec -6786 nack_dec -510450
Flow Uec_3068_0 flowId 11 uecSrc 10 finished at 2577.87 total messages 1 total packets 257 RTS 0 total bytes 1050102 in_flight now 0 fair_inc 11376 prop_inc 1311 fast_inc 0 eta_inc 134229 multi_dec -122437 quick_dec -41972 nack_dec -502150
Flow Uec_2404_0 flowId 30 uecSrc 29 finished at 2579.13 total messages 1 total packets 257 RTS 0 total bytes 1050102 in_flight now 0 fair_inc 10305 prop_inc 0 fast_inc 0 eta_inc 135558 multi_dec -142755 quick_dec -50503 nack_dec -514600
Flow Uec_295_0 flowId 4 uecSrc 3 finished at 2581.4 total messages 1 total packets 257 RTS 0 total bytes 1050102 in_flight now 0 fair_inc 13355 prop_inc 0 fast_inc 0 eta_inc 132900 multi_dec -137725 quick_dec --2890 nack_dec -510450
Flow Uec_1279_0 flowId 53 uecSrc 52 finished at 2587.48 total messages 1 total packets 257 RTS 0 total bytes 1050102 in_flight now 0 fair_inc 20284 prop_inc 440 fast_inc 0 eta_inc 130242 multi_dec -127519 quick_dec -5242 nack_dec -510450
Flow Uec_6872_0 flowId 55 uecSrc 54 finished at 2601.86 total messages 1 total packets 257 RTS 0 total bytes 1050102 in_flight now 0 fair_inc 19865 prop_inc 0 fast_inc 0 eta_inc 127584 multi_dec -111418 quick_dec -16431 nack_dec -527050
Flow Uec_628_0 flowId 51 uecSrc 50 finished at 2602.79 total messages 1 total packets 257 RTS 0 total bytes 1050102 in_flight now 0 fair_inc 13344 prop_inc 873 fast_inc 0 eta_inc 131571 multi_dec -122630 quick_dec -13456 nack_dec -510450
Flow Uec_6321_0 flowId 41 uecSrc 40 finished at 2611.7 total messages 1 total packets 257 RTS 0 total bytes 1050102 in_flight now 0 fair_inc 23221 prop_inc 773 fast_inc 0 eta_inc 131571 multi_dec -106802 quick_dec -69417 nack_dec -518750
Flow Uec_2662_0 flowId 21 uecSrc 20 finished at 2619.94 total messages 1 total packets 257 RTS 0 total bytes 1050102 in_flight now 0 fair_inc 18980 prop_inc 0 fast_inc 0 eta_inc 132900 multi_dec -130003 quick_dec -36549 nack_dec -506300
Flow Uec_1490_0 flowId 10 uecSrc 9 finished at 2631.33 total messages 1 total packets 257 RTS 0 total bytes 1050102 in_flight now 0 fair_inc 28357 prop_inc 346 fast_inc 0 eta_inc 127584 multi_dec -103093 quick_dec -26687 nack_dec -518750
Flow Uec_4845_0 flowId 54 uecSrc 53 finished at 2640.4 total messages 1 total packets 257 RTS 0 total bytes 1050102 in_flight now 0 fair_inc 13103 prop_inc 1062 fast_inc 0 eta_inc 138216 multi_dec -129466 quick_dec -33597 nack_dec -481400
Flow Uec_281_0 flowId 56 uecSrc 55 finished at 2646.64 total messages 1 total packets 257 RTS 0 total bytes 1050102 in_flight now 0 fair_inc 19608 prop_inc 1032 fast_inc 0 eta_inc 139545 multi_dec -126740 quick_dec -16396 nack_dec -527050
Flow Uec_4564_0 flowId 50 uecSrc 49 finished at 2653.06 total messages 1 total packets 257 RTS 0 total bytes 1050102 in_flight now 0 fair_inc 19029 prop_inc 400 fast_inc 0 eta_inc 138216 multi_dec -123237 quick_dec -28720 nack_dec -498000
Flow Uec_2084_0 flowId 48 uecSrc 47 finished at 2660.3 total messages 1 total packets 257 RTS 0 total bytes 1050102 in_flight now 0 fair_inc 6400 prop_inc 446 fast_inc 0 eta_inc 136887 multi_dec -119454 quick_dec -27606 nack_dec -498000
Flow Uec_4288_0 flowId 24 uecSrc 23 finished at 2661.4 total messages 1 total packets 257 RTS 0 total bytes 1050102 in_flight now 0 fair_inc 6454 prop_inc 2558 fast_inc 0 eta_inc 134229 multi_dec -110485 quick_dec -8743 nack_dec -506300
Flow Uec_4223_0 flowId 34 uecSrc 33 finished at 2665.32 total messages 1 total packets 257 RTS 0 total bytes 1050102 in_flight now 0 fair_inc 6722 prop_inc 2824 fast_inc 0 eta_inc 135558 multi_dec -113556 quick_dec -9506 nack_dec -502150
Flow Uec_3083_0 flowId 9 uecSrc 8 finished at 2667.09 total messages 1 total packets 257 RTS 0 total bytes 1050102 in_flight now 0 fair_inc 13221 prop_inc 2212 fast_inc 0 eta_inc 136887 multi_dec -126875 quick_dec -14004 nack_dec -502150
Flow Uec_1282_0 flowId 52 uecSrc 51 finished at 2672.17 total messages 1 total packets 257 RTS 0 total bytes 1050102 in_flight now 0 fair_inc 6618 prop_inc 2810 fast_inc 0 eta_inc 140874 multi_dec -138891 quick_dec -23835 nack_dec -489700
Flow Uec_7965_0 flowId 12 uecSrc 11 finished at 2672.94 total messages 1 total packets 257 RTS 0 total bytes 1050102 in_flight now 0 fair_inc 16226 prop_inc 5410 fast_inc 0 eta_inc 143532 multi_dec -139117 quick_dec -18234 nack_dec -493850
Flow Uec_5174_0 flowId 14 uecSrc 13 finished at 2681.35 total messages 1 total packets 257 RTS 0 total bytes 1050102 in_flight now 0 fair_inc 6371 prop_inc 2716 fast_inc 0 eta_inc 142203 multi_dec -131381 quick_dec -36711 nack_dec -485550
Flow Uec_1995_0 flowId 29 uecSrc 28 finished at 2686.27 total messages 1 total packets 257 RTS 0 total bytes 1050102 in_flight now 0 fair_inc 19229 prop_inc 6904 fast_inc 0 eta_inc 142203 multi_dec -128678 quick_dec -32184 nack_dec -506300
Flow Uec_7370_0 flowId 8 uecSrc 7 finished at 2687.7 total messages 1 total packets 257 RTS 0 total bytes 1050102 in_flight now 0 fair_inc 29821 prop_inc 8911 fast_inc 0 eta_inc 134229 multi_dec -122215 quick_dec --2749 nack_dec -514600
Flow Uec_2447_0 flowId 16 uecSrc 15 finished at 2688.14 total messages 1 total packets 257 RTS 0 total bytes 1050102 in_flight now 0 fair_inc 6739 prop_inc 10267 fast_inc 0 eta_inc 142203 multi_dec -133825 quick_dec -24380 nack_dec -485550
Flow Uec_3346_0 flowId 3 uecSrc 2 finished at 2690.9 total messages 1 total packets 257 RTS 0 total bytes 1050102 in_flight now 0 fair_inc 18828 prop_inc 11954 fast_inc 0 eta_inc 138216 multi_dec -125876 quick_dec -31757 nack_dec -485550
Flow Uec_7461_0 flowId 28 uecSrc 27 finished at 2692.83 total messages 1 total packets 257 RTS 0 total bytes 1050102 in_flight now 0 fair_inc 12771 prop_inc 11336 fast_inc 0 eta_inc 143532 multi_dec -135849 quick_dec -30387 nack_dec -485550
Flow Uec_755_0 flowId 26 uecSrc 25 finished at 2699.08 total messages 1 total packets 257 RTS 0 total bytes 1050102 in_flight now 0 fair_inc 6762 prop_inc 13197 fast_inc 0 eta_inc 138216 multi_dec -120231 quick_dec -2164 nack_dec -502150
Flow Uec_6531_0 flowId 45 uecSrc 44 finished at 2704.49 total messages 1 total packets 257 RTS 0 total bytes 1050102 in_flight now 0 fair_inc 23163 prop_inc 12692 fast_inc 0 eta_inc 140874 multi_dec -130421 quick_dec -14240 nack_dec -506300
Flow Uec_4231_0 flowId 27 uecSrc 26 finished at 2707.75 total messages 1 total packets 257 RTS 0 total bytes 1050102 in_flight now 0 fair_inc 13195 prop_inc 13211 fast_inc 0 eta_inc 143532 multi_dec -143465 quick_dec -48164 nack_dec -481400
Flow Uec_5755_0 flowId 37 uecSrc 36 finished at 2708.69 total messages 1 total packets 257 RTS 0 total bytes 1050102 in_flight now 0 fair_inc 0 prop_inc 15689 fast_inc 0 eta_inc 138216 multi_dec -118160 quick_dec -10676 nack_dec -498000
Flow Uec_5631_0 flowId 58 uecSrc 57 finished at 2711.78 total messages 1 total packets 257 RTS 0 total bytes 1050102 in_flight now 0 fair_inc 24940 prop_inc 13361 fast_inc 0 eta_inc 138216 multi_dec -109521 quick_dec -7534 nack_dec -502150
Flow Uec_4146_0 flowId 13 uecSrc 12 finished at 2717.2 total messages 1 total packets 257 RTS 0 total bytes 1050102 in_flight now 0 fair_inc 6656 prop_inc 18661 fast_inc 0 eta_inc 142203 multi_dec -125818 quick_dec -26546 nack_dec -502150
Flow Uec_7359_0 flowId 20 uecSrc 19 finished at 2719.79 total messages 1 total packets 257 RTS 0 total bytes 1050102 in_flight now 0 fair_inc 12382 prop_inc 13943 fast_inc 0 eta_inc 142203 multi_dec -122977 quick_dec -16051 nack_dec -510450
Flow Uec_625_0 flowId 2 uecSrc 1 finished at 2720.06 total messages 1 total packets 257 RTS 0 total bytes 1050102 in_flight now 0 fair_inc 0 prop_inc 12804 fast_inc 0 eta_inc 143532 multi_dec -126823 quick_dec -19645 nack_dec -485550
Flow Uec_4747_0 flowId 1 uecSrc 0 finished at 2721.16 total messages 1 total packets 257 RTS 0 total bytes 1050102 in_flight now 0 fair_inc 0 prop_inc 18162 fast_inc 0 eta_inc 139545 multi_dec -99364 quick_dec -12089 nack_dec -510450
Flow Uec_4348_0 flowId 33 uecSrc 32 finished at 2724.75 total messages 1 total packets 257 RTS 0 total bytes 1050102 in_flight now 0 fair_inc 16612 prop_inc 15109 fast_inc 0 eta_inc 139545 multi_dec -117036 quick_dec -36994 nack_dec -547800
Flow Uec_5523_0 flowId 44 uecSrc 43 finished at 2729.01 total messages 1 total packets 257 RTS 0 total bytes 1050102 in_flight now 0 fair_inc 31695 prop_inc 27747 fast_inc 0 eta_inc 140874 multi_dec -112901 quick_dec -19873 nack_dec -518750
Flow Uec_306_0 flowId 17 uecSrc 16 finished at 2730.77 total messages 1 total packets 257 RTS 0 total bytes 1050102 in_flight now 0 fair_inc 6486 prop_inc 23524 fast_inc 0 eta_inc 142203 multi_dec -110781 quick_dec -35266 nack_dec -514600
Flow Uec_2139_0 flowId 40 uecSrc 39 finished at 2737.6 total messages 1 total packets 257 RTS 0 total bytes 1050102 in_flight now 0 fair_inc 10496 prop_inc 29011 fast_inc 0 eta_inc 144861 multi_dec -113233 quick_dec -58844 nack_dec -527050
Flow Uec_3927_0 flowId 36 uecSrc 35 finished at 2738.04 total messages 1 total packets 257 RTS 0 total bytes 1050102 in_flight now 0 fair_inc 6627 prop_inc 22552 fast_inc 0 eta_inc 147519 multi_dec -123237 quick_dec -16457 nack_dec -493850
Flow Uec_7819_0 flowId 35 uecSrc 34 finished at 2739.53 total messages 1 total packets 257 RTS 0 total bytes 1050102 in_flight now 0 fair_inc 0 prop_inc 21370 fast_inc 0 eta_inc 140874 multi_dec -131502 quick_dec -6170 nack_dec -489700
Flow Uec_5539_0 flowId 57 uecSrc 56 finished at 2742.52 total messages 1 total packets 257 RTS 0 total bytes 1050102 in_flight now 0 fair_inc 0 prop_inc 34541 fast_inc 0 eta_inc 139545 multi_dec -106070 quick_dec -6639 nack_dec -514600
Flow Uec_2504_0 flowId 38 uecSrc 37 finished at 2758.06 total messages 1 total packets 257 RTS 0 total bytes 1050102 in_flight now 0 fair_inc 0 prop_inc 60831 fast_inc 0 eta_inc 142203 multi_dec -101833 quick_dec -15445 nack_dec -514600
Flow Uec_1637_0 flowId 47 uecSrc 46 finished at 2763.21 total messages 1 total packets 257 RTS 0 total bytes 1050102 in_flight now 0 fair_inc 44303 prop_inc 46756 fast_inc 26168 eta_inc 143532 multi_dec -105179 quick_dec -10657 nack_dec -510450
Flow Uec_5129_0 flowId 25 uecSrc 24 finished at 2776.39 total messages 1 total packets 257 RTS 0 total bytes 1050102 in_flight now 0 fair_inc 0 prop_inc 73222 fast_inc 26169 eta_inc 142203 multi_dec -107487 quick_dec -10947 nack_dec -510450
New: 16448 Rtx: 7530 RTS: 0 Bounced: 0 ACKs: 16190 NACKs: 7530 Pulls: 0 sleek_pkts: 0
SPURIOUS_COUNT 0
