Flow Uec_38_34 flowId 1000000253 uecSrc 126 finished at 917.937 total messages 1 total packets 490 RTS 0 total bytes 2002140 in_flight now 0 fair_inc 11055 prop_inc 99521 fast_inc 0 eta_inc 65121 multi_dec -34405 quick_dec -140526 nack_dec -406700
Flow Uec_35_33 flowId 1000000003 uecSrc 1 finished at 2113.17 total messages 1 total packets 490 RTS 0 total bytes 2002140 in_flight now 0 fair_inc 22732 prop_inc 7120 fast_inc 0 eta_inc 180744 multi_dec -245617 quick_dec --11932 nack_dec -149400
Flow Uec_32_33 flowId 1000000181 uecSrc 90 finished at 2482.1 total messages 1 total packets 490 RTS 0 total bytes 2002140 in_flight now 0 fair_inc 37276 prop_inc 3304 fast_inc 0 eta_inc 209982 multi_dec -277494 quick_dec -3404 nack_dec -145250
Flow Uec_34_33 flowId 1000000189 uecSrc 94 finished at 3239.14 total messages 1 total packets 490 RTS 0 total bytes 2002140 in_flight now 0 fair_inc 12108 prop_inc 6780 fast_inc 0 eta_inc 269787 multi_dec -300685 quick_dec -2591 nack_dec -166000
Flow Uec_72_33 flowId 1000000115 uecSrc 57 finished at 6287.67 total messages 1 total packets 490 RTS 0 total bytes 2002140 in_flight now 0 fair_inc 11929 prop_inc 0 fast_inc 0 eta_inc 318960 multi_dec -358949 quick_dec -155926 nack_dec -481400
Flow Uec_84_33 flowId 1000000237 uecSrc 118 finished at 6485.29 total messages 1 total packets 490 RTS 0 total bytes 2002140 in_flight now 0 fair_inc 4819 prop_inc 0 fast_inc 0 eta_inc 329592 multi_dec -357222 quick_dec -247226 nack_dec -481400
Flow Uec_26_33 flowId 1000000015 uecSrc 7 finished at 6495.83 total messages 1 total packets 490 RTS 0 total bytes 2002140 in_flight now 0 fair_inc 5392 prop_inc 0 fast_inc 0 eta_inc 330921 multi_dec -353712 quick_dec -151776 nack_dec -485550
Flow Uec_123_33 flowId 1000000185 uecSrc 92 finished at 6716.19 total messages 1 total packets 490 RTS 0 total bytes 2002140 in_flight now 0 fair_inc 5422 prop_inc 0 fast_inc 0 eta_inc 341553 multi_dec -364594 quick_dec -193276 nack_dec -485550
Flow Uec_86_33 flowId 1000000233 uecSrc 116 finished at 7108.36 total messages 1 total packets 490 RTS 0 total bytes 2002140 in_flight now 0 fair_inc 11498 prop_inc 0 fast_inc 0 eta_inc 357501 multi_dec -396015 quick_dec -172526 nack_dec -485550
Flow Uec_127_33 flowId 1000000209 uecSrc 104 finished at 7136.17 total messages 1 total packets 490 RTS 0 total bytes 2002140 in_flight now 0 fair_inc 16212 prop_inc 0 fast_inc 0 eta_inc 358830 multi_dec -398169 quick_dec -160076 nack_dec -485550
Flow Uec_62_33 flowId 1000000065 uecSrc 32 finished at 7158.82 total messages 1 total packets 490 RTS 0 total bytes 2002140 in_flight now 0 fair_inc 15476 prop_inc 0 fast_inc 0 eta_inc 356172 multi_dec -436592 quick_dec -126876 nack_dec -489700
Flow Uec_124_33 flowId 1000000201 uecSrc 100 finished at 7248.38 total messages 1 total packets 490 RTS 0 total bytes 2002140 in_flight now 0 fair_inc 5295 prop_inc 0 fast_inc 0 eta_inc 362817 multi_dec -380896 quick_dec -154876 nack_dec -489700
Flow Uec_71_33 flowId 1000000173 uecSrc 86 finished at 7256.59 total messages 1 total packets 490 RTS 0 total bytes 2002140 in_flight now 0 fair_inc 24308 prop_inc 0 fast_inc 0 eta_inc 360159 multi_dec -431349 quick_dec -172526 nack_dec -489700
Flow Uec_22_33 flowId 1000000139 uecSrc 69 finished at 7357.1 total messages 1 total packets 490 RTS 0 total bytes 2002140 in_flight now 0 fair_inc 11154 prop_inc 0 fast_inc 0 eta_inc 368133 multi_dec -401060 quick_dec -176676 nack_dec -485550
Flow Uec_90_33 flowId 1000000131 uecSrc 65 finished at 7445.33 total messages 1 total packets 490 RTS 0 total bytes 2002140 in_flight now 0 fair_inc 32810 prop_inc 0 fast_inc 0 eta_inc 369462 multi_dec -442096 quick_dec -197426 nack_dec -489700
Flow Uec_21_33 flowId 1000000021 uecSrc 10 finished at 7658.12 total messages 1 total packets 490 RTS 0 total bytes 2002140 in_flight now 0 fair_inc 10683 prop_inc 0 fast_inc 0 eta_inc 376107 multi_dec -400926 quick_dec -139331 nack_dec -493850
Flow Uec_20_33 flowId 1000000043 uecSrc 21 finished at 7754.48 total messages 1 total packets 490 RTS 0 total bytes 2002140 in_flight now 0 fair_inc 0 prop_inc 0 fast_inc 0 eta_inc 385410 multi_dec -376809 quick_dec -146598 nack_dec -493850
Flow Uec_112_33 flowId 1000000229 uecSrc 114 finished at 7822.79 total messages 1 total packets 490 RTS 0 total bytes 2002140 in_flight now 0 fair_inc 10594 prop_inc 0 fast_inc 0 eta_inc 385410 multi_dec -425506 quick_dec -184976 nack_dec -493850
Flow Uec_11_33 flowId 1000000049 uecSrc 24 finished at 7978.74 total messages 1 total packets 490 RTS 0 total bytes 2002140 in_flight now 0 fair_inc 0 prop_inc 0 fast_inc 0 eta_inc 393384 multi_dec -388520 quick_dec -151776 nack_dec -489700
Flow Uec_0_33 flowId 1000000079 uecSrc 39 finished at 8181.39 total messages 1 total packets 490 RTS 0 total bytes 2002140 in_flight now 0 fair_inc 4710 prop_inc 0 fast_inc 0 eta_inc 404016 multi_dec -408602 quick_dec -154307 nack_dec -493850
Flow Uec_28_33 flowId 1000000227 uecSrc 113 finished at 8267.32 total messages 1 total packets 490 RTS 0 total bytes 2002140 in_flight now 0 fair_inc 10553 prop_inc 0 fast_inc 0 eta_inc 405345 multi_dec -459837 quick_dec -181437 nack_dec -489700
Flow Uec_125_33 flowId 1000000143 uecSrc 71 finished at 8296.62 total messages 1 total packets 490 RTS 0 total bytes 2002140 in_flight now 0 fair_inc 0 prop_inc 0 fast_inc 0 eta_inc 409332 multi_dec -406674 quick_dec -140655 nack_dec -489700
Flow Uec_37_33 flowId 1000000111 uecSrc 55 finished at 8402.43 total messages 1 total packets 490 RTS 0 total bytes 2002140 in_flight now 0 fair_inc 14130 prop_inc 0 fast_inc 0 eta_inc 495717 multi_dec -634297 quick_dec --12847 nack_dec -319550
Flow Uec_116_33 flowId 1000000193 uecSrc 96 finished at 8420.78 total messages 1 total packets 490 RTS 0 total bytes 2002140 in_flight now 0 fair_inc 0 prop_inc 0 fast_inc 0 eta_inc 410661 multi_dec -409332 quick_dec -164226 nack_dec -489700
Flow Uec_70_33 flowId 1000000133 uecSrc 66 finished at 8489.09 total messages 1 total packets 490 RTS 0 total bytes 2002140 in_flight now 0 fair_inc 10182 prop_inc 0 fast_inc 0 eta_inc 418635 multi_dec -441364 quick_dec -158941 nack_dec -498000
Flow Uec_16_33 flowId 1000000219 uecSrc 109 finished at 8533.82 total messages 1 total packets 490 RTS 0 total bytes 2002140 in_flight now 0 fair_inc 20282 prop_inc 0 fast_inc 0 eta_inc 417306 multi_dec -480014 quick_dec -169519 nack_dec -493850
Flow Uec_45_33 flowId 1000000157 uecSrc 78 finished at 8543.19 total messages 1 total packets 490 RTS 0 total bytes 2002140 in_flight now 0 fair_inc 16400 prop_inc 0 fast_inc 0 eta_inc 505020 multi_dec -605946 quick_dec -25699 nack_dec -315400
Flow Uec_88_33 flowId 1000000251 uecSrc 125 finished at 8578.14 total messages 1 total packets 490 RTS 0 total bytes 2002140 in_flight now 0 fair_inc 53211 prop_inc 0 fast_inc 0 eta_inc 419964 multi_dec -626715 quick_dec -251376 nack_dec -485550
Flow Uec_51_33 flowId 1000000033 uecSrc 16 finished at 8820.58 total messages 1 total packets 490 RTS 0 total bytes 2002140 in_flight now 0 fair_inc 16874 prop_inc 0 fast_inc 0 eta_inc 427938 multi_dec -493425 quick_dec -137682 nack_dec -506300
Flow Uec_73_33 flowId 1000000171 uecSrc 85 finished at 8890.21 total messages 1 total packets 490 RTS 0 total bytes 2002140 in_flight now 0 fair_inc 25663 prop_inc 0 fast_inc 0 eta_inc 430596 multi_dec -503156 quick_dec -247617 nack_dec -493850
Flow Uec_46_33 flowId 1000000179 uecSrc 89 finished at 9056.45 total messages 1 total packets 490 RTS 0 total bytes 2002140 in_flight now 0 fair_inc 27021 prop_inc 0 fast_inc 0 eta_inc 530271 multi_dec -622230 quick_dec -102085 nack_dec -336150
Flow Uec_119_33 flowId 1000000053 uecSrc 26 finished at 9138.71 total messages 1 total packets 490 RTS 0 total bytes 2002140 in_flight now 0 fair_inc 54880 prop_inc 0 fast_inc 0 eta_inc 443886 multi_dec -633959 quick_dec -133378 nack_dec -493850
Flow Uec_41_33 flowId 1000000161 uecSrc 80 finished at 9165.5 total messages 1 total packets 490 RTS 0 total bytes 2002140 in_flight now 0 fair_inc 19563 prop_inc 0 fast_inc 0 eta_inc 535587 multi_dec -628157 quick_dec -146555 nack_dec -323700
Flow Uec_87_33 flowId 1000000149 uecSrc 74 finished at 9266.91 total messages 1 total packets 490 RTS 0 total bytes 2002140 in_flight now 0 fair_inc 34139 prop_inc 0 fast_inc 0 eta_inc 447873 multi_dec -566046 quick_dec -156025 nack_dec -493850
Flow Uec_60_33 flowId 1000000005 uecSrc 2 finished at 9281.93 total messages 1 total packets 490 RTS 0 total bytes 2002140 in_flight now 0 fair_inc 39992 prop_inc 0 fast_inc 0 eta_inc 453189 multi_dec -619570 quick_dec -184976 nack_dec -481400
Flow Uec_25_33 flowId 1000000135 uecSrc 67 finished at 9323.01 total messages 1 total packets 490 RTS 0 total bytes 2002140 in_flight now 0 fair_inc 45939 prop_inc 0 fast_inc 0 eta_inc 455847 multi_dec -625336 quick_dec -176198 nack_dec -493850
Flow Uec_102_33 flowId 1000000123 uecSrc 61 finished at 9326.75 total messages 1 total packets 490 RTS 0 total bytes 2002140 in_flight now 0 fair_inc 61305 prop_inc 0 fast_inc 0 eta_inc 451860 multi_dec -618684 quick_dec -205275 nack_dec -502150
Flow Uec_27_33 flowId 1000000213 uecSrc 106 finished at 9353.72 total messages 1 total packets 490 RTS 0 total bytes 2002140 in_flight now 0 fair_inc 43926 prop_inc 0 fast_inc 0 eta_inc 455847 multi_dec -626158 quick_dec -273857 nack_dec -502150
Flow Uec_36_33 flowId 1000000195 uecSrc 97 finished at 9354.12 total messages 1 total packets 490 RTS 0 total bytes 2002140 in_flight now 0 fair_inc 23364 prop_inc 0 fast_inc 0 eta_inc 546219 multi_dec -632156 quick_dec -36867 nack_dec -332000
Flow Uec_18_33 flowId 1000000231 uecSrc 115 finished at 9360.02 total messages 1 total packets 490 RTS 0 total bytes 2002140 in_flight now 0 fair_inc 38927 prop_inc 0 fast_inc 0 eta_inc 453189 multi_dec -602452 quick_dec -269294 nack_dec -502150
Flow Uec_55_33 flowId 1000000169 uecSrc 84 finished at 9375.87 total messages 1 total packets 490 RTS 0 total bytes 2002140 in_flight now 0 fair_inc 36743 prop_inc 0 fast_inc 0 eta_inc 455847 multi_dec -608171 quick_dec -243568 nack_dec -506300
Flow Uec_47_33 flowId 1000000167 uecSrc 83 finished at 9391.38 total messages 1 total packets 490 RTS 0 total bytes 2002140 in_flight now 0 fair_inc 9420 prop_inc 0 fast_inc 0 eta_inc 544890 multi_dec -621451 quick_dec -73064 nack_dec -315400
Flow Uec_44_33 flowId 1000000029 uecSrc 14 finished at 9408.22 total messages 1 total packets 490 RTS 0 total bytes 2002140 in_flight now 0 fair_inc 22172 prop_inc 0 fast_inc 0 eta_inc 548877 multi_dec -637322 quick_dec -21761 nack_dec -311250
Flow Uec_39_33 flowId 1000000121 uecSrc 60 finished at 9534.21 total messages 1 total packets 490 RTS 0 total bytes 2002140 in_flight now 0 fair_inc 20880 prop_inc 0 fast_inc 0 eta_inc 556851 multi_dec -627594 quick_dec -25876 nack_dec -315400
Flow Uec_9_33 flowId 1000000217 uecSrc 108 finished at 9534.31 total messages 1 total packets 490 RTS 0 total bytes 2002140 in_flight now 0 fair_inc 53428 prop_inc 0 fast_inc 0 eta_inc 461163 multi_dec -607302 quick_dec -248925 nack_dec -498000
Flow Uec_24_33 flowId 1000000081 uecSrc 40 finished at 9559.87 total messages 1 total packets 490 RTS 0 total bytes 2002140 in_flight now 0 fair_inc 43235 prop_inc 0 fast_inc 0 eta_inc 467808 multi_dec -617755 quick_dec -151776 nack_dec -489700
Flow Uec_99_33 flowId 1000000013 uecSrc 6 finished at 9574.72 total messages 1 total packets 490 RTS 0 total bytes 2002140 in_flight now 0 fair_inc 30460 prop_inc 0 fast_inc 0 eta_inc 467808 multi_dec -621476 quick_dec -151776 nack_dec -485550
Flow Uec_103_33 flowId 1000000245 uecSrc 122 finished at 9586.26 total messages 1 total packets 490 RTS 0 total bytes 2002140 in_flight now 0 fair_inc 32944 prop_inc 0 fast_inc 0 eta_inc 466479 multi_dec -617910 quick_dec -267976 nack_dec -489700
Flow Uec_79_33 flowId 1000000097 uecSrc 48 finished at 9595.97 total messages 1 total packets 490 RTS 0 total bytes 2002140 in_flight now 0 fair_inc 31963 prop_inc 0 fast_inc 0 eta_inc 467808 multi_dec -632321 quick_dec -139326 nack_dec -481400
Flow Uec_113_33 flowId 1000000103 uecSrc 51 finished at 9599.53 total messages 1 total packets 490 RTS 0 total bytes 2002140 in_flight now 0 fair_inc 38953 prop_inc 0 fast_inc 0 eta_inc 469137 multi_dec -627027 quick_dec -172526 nack_dec -485550
Flow Uec_74_33 flowId 1000000119 uecSrc 59 finished at 9639.47 total messages 1 total packets 490 RTS 0 total bytes 2002140 in_flight now 0 fair_inc 38438 prop_inc 0 fast_inc 0 eta_inc 467808 multi_dec -633612 quick_dec -193798 nack_dec -493850
Flow Uec_110_33 flowId 1000000203 uecSrc 101 finished at 9648.19 total messages 1 total packets 490 RTS 0 total bytes 2002140 in_flight now 0 fair_inc 33667 prop_inc 0 fast_inc 0 eta_inc 467808 multi_dec -602245 quick_dec -193276 nack_dec -489700
Flow Uec_101_33 flowId 1000000083 uecSrc 41 finished at 9701.72 total messages 1 total packets 490 RTS 0 total bytes 2002140 in_flight now 0 fair_inc 51117 prop_inc 0 fast_inc 0 eta_inc 470466 multi_dec -638457 quick_dec -118576 nack_dec -485550
Flow Uec_76_33 flowId 1000000093 uecSrc 46 finished at 9716.91 total messages 1 total packets 490 RTS 0 total bytes 2002140 in_flight now 0 fair_inc 51558 prop_inc 0 fast_inc 0 eta_inc 471795 multi_dec -633133 quick_dec -134877 nack_dec -489700
Flow Uec_65_33 flowId 1000000039 uecSrc 19 finished at 9725.63 total messages 1 total packets 490 RTS 0 total bytes 2002140 in_flight now 0 fair_inc 40625 prop_inc 0 fast_inc 0 eta_inc 474453 multi_dec -597836 quick_dec -186084 nack_dec -493850
Flow Uec_118_33 flowId 1000000177 uecSrc 88 finished at 9744.96 total messages 1 total packets 490 RTS 0 total bytes 2002140 in_flight now 0 fair_inc 45372 prop_inc 0 fast_inc 0 eta_inc 474453 multi_dec -656232 quick_dec -160076 nack_dec -481400
Flow Uec_23_33 flowId 1000000239 uecSrc 119 finished at 9762.14 total messages 1 total packets 490 RTS 0 total bytes 2002140 in_flight now 0 fair_inc 31626 prop_inc 0 fast_inc 0 eta_inc 471795 multi_dec -625651 quick_dec -292876 nack_dec -489700
Flow Uec_49_33 flowId 1000000077 uecSrc 38 finished at 9763.88 total messages 1 total packets 490 RTS 0 total bytes 2002140 in_flight now 0 fair_inc 41633 prop_inc 0 fast_inc 0 eta_inc 473124 multi_dec -626047 quick_dec -193276 nack_dec -485550
Flow Uec_98_33 flowId 1000000107 uecSrc 53 finished at 9767.12 total messages 1 total packets 490 RTS 0 total bytes 2002140 in_flight now 0 fair_inc 38524 prop_inc 0 fast_inc 0 eta_inc 471795 multi_dec -639608 quick_dec -168376 nack_dec -493850
Flow Uec_53_33 flowId 1000000101 uecSrc 50 finished at 9768.03 total messages 1 total packets 490 RTS 0 total bytes 2002140 in_flight now 0 fair_inc 40034 prop_inc 0 fast_inc 0 eta_inc 477111 multi_dec -604855 quick_dec -189126 nack_dec -489700
Flow Uec_43_33 flowId 1000000051 uecSrc 25 finished at 9784.69 total messages 1 total packets 490 RTS 0 total bytes 2002140 in_flight now 0 fair_inc 13758 prop_inc 0 fast_inc 0 eta_inc 564825 multi_dec -604144 quick_dec -46334 nack_dec -344450
Flow Uec_40_33 flowId 1000000025 uecSrc 12 finished at 9787.26 total messages 1 total packets 490 RTS 0 total bytes 2002140 in_flight now 0 fair_inc 14637 prop_inc 0 fast_inc 0 eta_inc 566154 multi_dec -612971 quick_dec -27365 nack_dec -340300
Flow Uec_42_33 flowId 1000000087 uecSrc 43 finished at 9825.36 total messages 1 total packets 490 RTS 0 total bytes 2002140 in_flight now 0 fair_inc 9420 prop_inc 685 fast_inc 0 eta_inc 572799 multi_dec -614776 quick_dec -60529 nack_dec -336150
Flow Uec_57_33 flowId 1000000145 uecSrc 72 finished at 9831.11 total messages 1 total packets 490 RTS 0 total bytes 2002140 in_flight now 0 fair_inc 30505 prop_inc 3483 fast_inc 0 eta_inc 478440 multi_dec -576521 quick_dec -156693 nack_dec -518750
Flow Uec_59_33 flowId 1000000041 uecSrc 20 finished at 9833.51 total messages 1 total packets 490 RTS 0 total bytes 2002140 in_flight now 0 fair_inc 49811 prop_inc 671 fast_inc 0 eta_inc 475782 multi_dec -629999 quick_dec -156017 nack_dec -489700
Flow Uec_104_33 flowId 1000000001 uecSrc 0 finished at 9835.25 total messages 1 total packets 490 RTS 0 total bytes 2002140 in_flight now 0 fair_inc 19536 prop_inc 3635 fast_inc 0 eta_inc 479769 multi_dec -608422 quick_dec -139723 nack_dec -485550
Flow Uec_48_33 flowId 1000000127 uecSrc 63 finished at 9839.65 total messages 1 total packets 490 RTS 0 total bytes 2002140 in_flight now 0 fair_inc 37449 prop_inc 303 fast_inc 0 eta_inc 475782 multi_dec -632357 quick_dec -255526 nack_dec -493850
Flow Uec_50_33 flowId 1000000019 uecSrc 9 finished at 9849.52 total messages 1 total packets 490 RTS 0 total bytes 2002140 in_flight now 0 fair_inc 38486 prop_inc 0 fast_inc 0 eta_inc 479769 multi_dec -639169 quick_dec -131026 nack_dec -481400
Flow Uec_93_33 flowId 1000000165 uecSrc 82 finished at 9854.58 total messages 1 total packets 490 RTS 0 total bytes 2002140 in_flight now 0 fair_inc 47898 prop_inc 557 fast_inc 0 eta_inc 479769 multi_dec -652507 quick_dec -187257 nack_dec -510450
Flow Uec_12_33 flowId 1000000099 uecSrc 49 finished at 9876.08 total messages 1 total packets 490 RTS 0 total bytes 2002140 in_flight now 0 fair_inc 40810 prop_inc 0 fast_inc 0 eta_inc 475782 multi_dec -645627 quick_dec -160076 nack_dec -493850
Flow Uec_52_33 flowId 1000000023 uecSrc 11 finished at 9943.48 total messages 1 total packets 490 RTS 0 total bytes 2002140 in_flight now 0 fair_inc 30673 prop_inc 0 fast_inc 0 eta_inc 485085 multi_dec -646006 quick_dec -164226 nack_dec -489700
Flow Uec_82_33 flowId 1000000163 uecSrc 81 finished at 9952.36 total messages 1 total packets 490 RTS 0 total bytes 2002140 in_flight now 0 fair_inc 49200 prop_inc 1869 fast_inc 0 eta_inc 482427 multi_dec -589441 quick_dec -204731 nack_dec -514600
Flow Uec_108_33 flowId 1000000141 uecSrc 70 finished at 9954.93 total messages 1 total packets 490 RTS 0 total bytes 2002140 in_flight now 0 fair_inc 90648 prop_inc 0 fast_inc 0 eta_inc 485085 multi_dec -594941 quick_dec -159280 nack_dec -500010
Flow Uec_13_33 flowId 1000000059 uecSrc 29 finished at 9957.67 total messages 1 total packets 490 RTS 0 total bytes 2002140 in_flight now 0 fair_inc 17297 prop_inc 0 fast_inc 0 eta_inc 481098 multi_dec -532106 quick_dec -164831 nack_dec -498000
Flow Uec_8_33 flowId 1000000113 uecSrc 56 finished at 9966.38 total messages 1 total packets 490 RTS 0 total bytes 2002140 in_flight now 0 fair_inc 57560 prop_inc 3805 fast_inc 0 eta_inc 482427 multi_dec -634223 quick_dec -166828 nack_dec -498000
Flow Uec_107_33 flowId 1000000089 uecSrc 44 finished at 10014.9 total messages 1 total packets 490 RTS 0 total bytes 2002140 in_flight now 0 fair_inc 52480 prop_inc 0 fast_inc 0 eta_inc 486414 multi_dec -654601 quick_dec -201576 nack_dec -493850
Flow Uec_54_33 flowId 1000000027 uecSrc 13 finished at 10020.1 total messages 1 total packets 490 RTS 0 total bytes 2002140 in_flight now 0 fair_inc 45406 prop_inc 0 fast_inc 0 eta_inc 483756 multi_dec -649349 quick_dec -136084 nack_dec -502150
Flow Uec_31_33 flowId 1000000109 uecSrc 54 finished at 10029.3 total messages 1 total packets 490 RTS 0 total bytes 2002140 in_flight now 0 fair_inc 35338 prop_inc 0 fast_inc 0 eta_inc 485085 multi_dec -659005 quick_dec -125731 nack_dec -493850
Flow Uec_91_33 flowId 1000000129 uecSrc 64 finished at 10034.7 total messages 1 total packets 490 RTS 0 total bytes 2002140 in_flight now 0 fair_inc 60820 prop_inc 2375 fast_inc 0 eta_inc 487743 multi_dec -631618 quick_dec -137875 nack_dec -498000
Flow Uec_105_33 flowId 1000000137 uecSrc 68 finished at 10035.6 total messages 1 total packets 490 RTS 0 total bytes 2002140 in_flight now 0 fair_inc 32556 prop_inc 6890 fast_inc 0 eta_inc 487743 multi_dec -607524 quick_dec -273628 nack_dec -498000
Flow Uec_111_33 flowId 1000000095 uecSrc 47 finished at 10059.6 total messages 1 total packets 490 RTS 0 total bytes 2002140 in_flight now 0 fair_inc 42891 prop_inc 1121 fast_inc 0 eta_inc 487743 multi_dec -627451 quick_dec -190664 nack_dec -498000
Flow Uec_1_33 flowId 1000000197 uecSrc 98 finished at 10064.2 total messages 1 total packets 490 RTS 0 total bytes 2002140 in_flight now 0 fair_inc 36011 prop_inc 10950 fast_inc 0 eta_inc 487743 multi_dec -572991 quick_dec -231154 nack_dec -514600
Flow Uec_58_33 flowId 1000000187 uecSrc 93 finished at 10073 total messages 1 total packets 490 RTS 0 total bytes 2002140 in_flight now 0 fair_inc 55886 prop_inc 0 fast_inc 0 eta_inc 486414 multi_dec -618194 quick_dec -184560 nack_dec -498000
Flow Uec_3_33 flowId 1000000207 uecSrc 103 finished at 10073.3 total messages 1 total packets 490 RTS 0 total bytes 2002140 in_flight now 0 fair_inc 48306 prop_inc 623 fast_inc 0 eta_inc 489072 multi_dec -649715 quick_dec -202238 nack_dec -506300
Flow Uec_29_33 flowId 1000000235 uecSrc 117 finished at 10076 total messages 1 total packets 490 RTS 0 total bytes 2002140 in_flight now 0 fair_inc 47003 prop_inc 2027 fast_inc 0 eta_inc 489072 multi_dec -590228 quick_dec -296370 nack_dec -531200
Flow Uec_126_33 flowId 1000000247 uecSrc 123 finished at 10079.3 total messages 1 total packets 490 RTS 0 total bytes 2002140 in_flight now 0 fair_inc 53035 prop_inc 1841 fast_inc 0 eta_inc 487743 multi_dec -626751 quick_dec -286781 nack_dec -522900
Flow Uec_92_33 flowId 1000000147 uecSrc 73 finished at 10080.3 total messages 1 total packets 490 RTS 0 total bytes 2002140 in_flight now 0 fair_inc 41112 prop_inc 1138 fast_inc 0 eta_inc 486414 multi_dec -617108 quick_dec -147626 nack_dec -498000
Flow Uec_75_33 flowId 1000000011 uecSrc 5 finished at 10084.4 total messages 1 total packets 490 RTS 0 total bytes 2002140 in_flight now 0 fair_inc 40859 prop_inc 3762 fast_inc 0 eta_inc 487743 multi_dec -612103 quick_dec -225987 nack_dec -510450
Flow Uec_114_33 flowId 1000000241 uecSrc 120 finished at 10088.6 total messages 1 total packets 490 RTS 0 total bytes 2002140 in_flight now 0 fair_inc 26322 prop_inc 4568 fast_inc 0 eta_inc 486414 multi_dec -609479 quick_dec -247178 nack_dec -510450
Flow Uec_14_33 flowId 1000000073 uecSrc 36 finished at 10089.9 total messages 1 total packets 490 RTS 0 total bytes 2002140 in_flight now 0 fair_inc 44703 prop_inc 1319 fast_inc 0 eta_inc 489072 multi_dec -639631 quick_dec -157508 nack_dec -502150
Flow Uec_61_33 flowId 1000000055 uecSrc 27 finished at 10092.9 total messages 1 total packets 490 RTS 0 total bytes 2002140 in_flight now 0 fair_inc 39961 prop_inc 991 fast_inc 0 eta_inc 491730 multi_dec -637541 quick_dec -118364 nack_dec -502150
Flow Uec_7_33 flowId 1000000035 uecSrc 17 finished at 10096.7 total messages 1 total packets 490 RTS 0 total bytes 2002140 in_flight now 0 fair_inc 35030 prop_inc 555 fast_inc 0 eta_inc 490401 multi_dec -579153 quick_dec -223071 nack_dec -518750
Flow Uec_63_33 flowId 1000000175 uecSrc 87 finished at 10103.2 total messages 1 total packets 490 RTS 0 total bytes 2002140 in_flight now 0 fair_inc 43315 prop_inc 1162 fast_inc 0 eta_inc 491730 multi_dec -627189 quick_dec -324910 nack_dec -502150
Flow Uec_89_33 flowId 1000000125 uecSrc 62 finished at 10107.8 total messages 1 total packets 490 RTS 0 total bytes 2002140 in_flight now 0 fair_inc 41006 prop_inc 1194 fast_inc 0 eta_inc 487743 multi_dec -614322 quick_dec -146264 nack_dec -498000
Flow Uec_2_33 flowId 1000000075 uecSrc 37 finished at 10107.9 total messages 1 total packets 490 RTS 0 total bytes 2002140 in_flight now 0 fair_inc 45093 prop_inc 1787 fast_inc 0 eta_inc 490401 multi_dec -616585 quick_dec -175541 nack_dec -510450
Flow Uec_15_33 flowId 1000000159 uecSrc 79 finished at 10113.9 total messages 1 total packets 490 RTS 0 total bytes 2002140 in_flight now 0 fair_inc 38618 prop_inc 0 fast_inc 0 eta_inc 487743 multi_dec -619318 quick_dec -272126 nack_dec -498000
Flow Uec_96_33 flowId 1000000211 uecSrc 105 finished at 10117.5 total messages 1 total packets 490 RTS 0 total bytes 2002140 in_flight now 0 fair_inc 38260 prop_inc 2138 fast_inc 0 eta_inc 489072 multi_dec -618198 quick_dec -274977 nack_dec -535350
Flow Uec_4_33 flowId 1000000091 uecSrc 45 finished at 10122.4 total messages 1 total packets 490 RTS 0 total bytes 2002140 in_flight now 0 fair_inc 21904 prop_inc 0 fast_inc 0 eta_inc 493059 multi_dec -588569 quick_dec -257980 nack_dec -489700
Flow Uec_95_33 flowId 1000000153 uecSrc 76 finished at 10127.6 total messages 1 total packets 490 RTS 0 total bytes 2002140 in_flight now 0 fair_inc 71417 prop_inc 0 fast_inc 0 eta_inc 493059 multi_dec -654141 quick_dec -141272 nack_dec -493850
Flow Uec_78_33 flowId 1000000199 uecSrc 99 finished at 10130.5 total messages 1 total packets 490 RTS 0 total bytes 2002140 in_flight now 0 fair_inc 59489 prop_inc 3 fast_inc 0 eta_inc 490401 multi_dec -637977 quick_dec -255526 nack_dec -498000
Flow Uec_69_33 flowId 1000000215 uecSrc 107 finished at 10133.1 total messages 1 total packets 490 RTS 0 total bytes 2002140 in_flight now 0 fair_inc 36850 prop_inc 1977 fast_inc 0 eta_inc 493059 multi_dec -610515 quick_dec -284576 nack_dec -481400
Flow Uec_56_33 flowId 1000000205 uecSrc 102 finished at 10137.5 total messages 1 total packets 490 RTS 0 total bytes 2002140 in_flight now 0 fair_inc 34915 prop_inc 1824 fast_inc 0 eta_inc 486414 multi_dec -619577 quick_dec -292902 nack_dec -514600
Flow Uec_81_33 flowId 1000000085 uecSrc 42 finished at 10140.7 total messages 1 total packets 490 RTS 0 total bytes 2002140 in_flight now 0 fair_inc 37853 prop_inc 3209 fast_inc 0 eta_inc 487743 multi_dec -606027 quick_dec -175352 nack_dec -498000
Flow Uec_80_33 flowId 1000000105 uecSrc 52 finished at 10145.5 total messages 1 total packets 490 RTS 0 total bytes 2002140 in_flight now 0 fair_inc 33606 prop_inc 1674 fast_inc 0 eta_inc 494388 multi_dec -625860 quick_dec -123411 nack_dec -493850
Flow Uec_66_33 flowId 1000000037 uecSrc 18 finished at 10147.2 total messages 1 total packets 490 RTS 0 total bytes 2002140 in_flight now 0 fair_inc 54596 prop_inc 2240 fast_inc 0 eta_inc 494388 multi_dec -617366 quick_dec -166224 nack_dec -493850
Flow Uec_115_33 flowId 1000000151 uecSrc 75 finished at 10147.9 total messages 1 total packets 490 RTS 0 total bytes 2002140 in_flight now 0 fair_inc 35605 prop_inc 2410 fast_inc 0 eta_inc 491730 multi_dec -628604 quick_dec -139326 nack_dec -493850
Flow Uec_68_33 flowId 1000000117 uecSrc 58 finished at 10148.7 total messages 1 total packets 490 RTS 0 total bytes 2002140 in_flight now 0 fair_inc 46113 prop_inc 4943 fast_inc 0 eta_inc 490401 multi_dec -620797 quick_dec -160979 nack_dec -506300
Flow Uec_77_33 flowId 1000000155 uecSrc 77 finished at 10157.1 total messages 1 total packets 490 RTS 0 total bytes 2002140 in_flight now 0 fair_inc 58814 prop_inc 8410 fast_inc 0 eta_inc 497046 multi_dec -602686 quick_dec -196281 nack_dec -506300
Flow Uec_121_33 flowId 1000000067 uecSrc 33 finished at 10167.4 total messages 1 total packets 490 RTS 0 total bytes 2002140 in_flight now 0 fair_inc 57125 prop_inc 13744 fast_inc 0 eta_inc 494388 multi_dec -611972 quick_dec -143476 nack_dec -485550
Flow Uec_30_33 flowId 1000000057 uecSrc 28 finished at 10199.6 total messages 1 total packets 490 RTS 0 total bytes 2002140 in_flight now 0 fair_inc 33698 prop_inc 18265 fast_inc 0 eta_inc 494388 multi_dec -630188 quick_dec -147626 nack_dec -489700
Flow Uec_117_33 flowId 1000000249 uecSrc 124 finished at 10207.3 total messages 1 total packets 490 RTS 0 total bytes 2002140 in_flight now 0 fair_inc 35548 prop_inc 20906 fast_inc 0 eta_inc 494388 multi_dec -587065 quick_dec -289459 nack_dec -510450
Flow Uec_5_33 flowId 1000000017 uecSrc 8 finished at 10223.6 total messages 1 total packets 490 RTS 0 total bytes 2002140 in_flight now 0 fair_inc 22581 prop_inc 17212 fast_inc 0 eta_inc 499704 multi_dec -591701 quick_dec -131351 nack_dec -498000
Flow Uec_106_33 flowId 1000000063 uecSrc 31 finished at 10230.2 total messages 1 total packets 490 RTS 0 total bytes 2002140 in_flight now 0 fair_inc 35168 prop_inc 13002 fast_inc 0 eta_inc 495717 multi_dec -625473 quick_dec -125316 nack_dec -498000
Flow Uec_6_33 flowId 1000000047 uecSrc 23 finished at 10238.2 total messages 1 total packets 490 RTS 0 total bytes 2002140 in_flight now 0 fair_inc 18995 prop_inc 33811 fast_inc 0 eta_inc 499704 multi_dec -552636 quick_dec -174906 nack_dec -518750
Flow Uec_83_33 flowId 1000000225 uecSrc 112 finished at 10239 total messages 1 total packets 490 RTS 0 total bytes 2002140 in_flight now 0 fair_inc 19802 prop_inc 27496 fast_inc 0 eta_inc 495717 multi_dec -542135 quick_dec -256096 nack_dec -493850
Flow Uec_17_33 flowId 1000000183 uecSrc 91 finished at 10241.9 total messages 1 total packets 490 RTS 0 total bytes 2002140 in_flight now 0 fair_inc 43782 prop_inc 26749 fast_inc 0 eta_inc 499704 multi_dec -544482 quick_dec -137299 nack_dec -522900
Flow Uec_97_33 flowId 1000000007 uecSrc 3 finished at 10245.5 total messages 1 total packets 490 RTS 0 total bytes 2002140 in_flight now 0 fair_inc 48185 prop_inc 17042 fast_inc 0 eta_inc 499704 multi_dec -633611 quick_dec -163664 nack_dec -498000
Flow Uec_94_33 flowId 1000000223 uecSrc 111 finished at 10250.8 total messages 1 total packets 490 RTS 0 total bytes 2002140 in_flight now 0 fair_inc 31213 prop_inc 22681 fast_inc 0 eta_inc 495717 multi_dec -590804 quick_dec -299928 nack_dec -502150
Flow Uec_64_33 flowId 1000000061 uecSrc 30 finished at 10253.1 total messages 1 total packets 490 RTS 0 total bytes 2002140 in_flight now 0 fair_inc 38555 prop_inc 39095 fast_inc 0 eta_inc 497046 multi_dec -561750 quick_dec -243901 nack_dec -510450
Flow Uec_120_33 flowId 1000000221 uecSrc 110 finished at 10253.8 total messages 1 total packets 490 RTS 0 total bytes 2002140 in_flight now 0 fair_inc 63620 prop_inc 27128 fast_inc 0 eta_inc 497046 multi_dec -591324 quick_dec -243711 nack_dec -522900
Flow Uec_109_33 flowId 1000000243 uecSrc 121 finished at 10257.1 total messages 1 total packets 490 RTS 0 total bytes 2002140 in_flight now 0 fair_inc 21928 prop_inc 39963 fast_inc 0 eta_inc 498375 multi_dec -552911 quick_dec -293565 nack_dec -514600
Flow Uec_85_33 flowId 1000000069 uecSrc 34 finished at 10266 total messages 1 total packets 490 RTS 0 total bytes 2002140 in_flight now 0 fair_inc 39028 prop_inc 50423 fast_inc 0 eta_inc 502362 multi_dec -558431 quick_dec -212405 nack_dec -489700
Flow Uec_19_33 flowId 1000000009 uecSrc 4 finished at 10267.2 total messages 1 total packets 490 RTS 0 total bytes 2002140 in_flight now 0 fair_inc 32257 prop_inc 18944 fast_inc 0 eta_inc 499704 multi_dec -587669 quick_dec -172347 nack_dec -518750
Flow Uec_10_33 flowId 1000000191 uecSrc 95 finished at 10273.5 total messages 1 total packets 490 RTS 0 total bytes 2002140 in_flight now 0 fair_inc 18520 prop_inc 50366 fast_inc 0 eta_inc 498375 multi_dec -571578 quick_dec -187132 nack_dec -493850
Flow Uec_122_33 flowId 1000000071 uecSrc 35 finished at 10274.5 total messages 1 total packets 490 RTS 0 total bytes 2002140 in_flight now 0 fair_inc 26191 prop_inc 48922 fast_inc 0 eta_inc 502362 multi_dec -590446 quick_dec -135592 nack_dec -502150
Flow Uec_67_33 flowId 1000000045 uecSrc 22 finished at 10288 total messages 1 total packets 490 RTS 0 total bytes 2002140 in_flight now 0 fair_inc 16679 prop_inc 60558 fast_inc 35996 eta_inc 501033 multi_dec -510055 quick_dec -184109 nack_dec -514600
Flow Uec_100_33 flowId 1000000031 uecSrc 15 finished at 10309.8 total messages 1 total packets 490 RTS 0 total bytes 2002140 in_flight now 0 fair_inc 11274 prop_inc 69715 fast_inc 47244 eta_inc 507678 multi_dec -500565 quick_dec -171391 nack_dec -493850
New: 62230 Rtx: 14502 RTS: 0 Bounced: 0 ACKs: 61775 NACKs: 14502 Pulls: 0 sleek_pkts: 0
SPURIOUS_COUNT 0
