Flow Uec_917_0 flowId 69 uecSrc 68 finished at 4093.11 total messages 1 total packets 257 RTS 0 total bytes 1050102 in_flight now 0 fair_inc 0 prop_inc 0 fast_inc 0 eta_inc 192705 multi_dec -149224 quick_dec -199663 nack_dec -547800
Flow Uec_1173_0 flowId 87 uecSrc 86 finished at 4278.8 total messages 1 total packets 257 RTS 0 total bytes 1050102 in_flight now 0 fair_inc 0 prop_inc 0 fast_inc 0 eta_inc 195363 multi_dec -153367 quick_dec -243871 nack_dec -568550
Flow Uec_3472_0 flowId 79 uecSrc 78 finished at 4292.35 total messages 1 total packets 257 RTS 0 total bytes 1050102 in_flight now 0 fair_inc 0 prop_inc 0 fast_inc 0 eta_inc 202008 multi_dec -164174 quick_dec -187528 nack_dec -535350
Flow Uec_6558_0 flowId 75 uecSrc 74 finished at 4328.15 total messages 1 total packets 257 RTS 0 total bytes 1050102 in_flight now 0 fair_inc 0 prop_inc 0 fast_inc 0 eta_inc 202008 multi_dec -164154 quick_dec -183036 nack_dec -543650
Flow Uec_5759_0 flowId 52 uecSrc 51 finished at 4373.74 total messages 1 total packets 257 RTS 0 total bytes 1050102 in_flight now 0 fair_inc 0 prop_inc 0 fast_inc 0 eta_inc 202008 multi_dec -158436 quick_dec -166025 nack_dec -572700
Flow Uec_2541_0 flowId 46 uecSrc 45 finished at 4384.63 total messages 1 total packets 257 RTS 0 total bytes 1050102 in_flight now 0 fair_inc 0 prop_inc 0 fast_inc 0 eta_inc 195363 multi_dec -145988 quick_dec -221925 nack_dec -593450
Flow Uec_1700_0 flowId 105 uecSrc 104 finished at 4400.17 total messages 1 total packets 257 RTS 0 total bytes 1050102 in_flight now 0 fair_inc 0 prop_inc 0 fast_inc 0 eta_inc 211311 multi_dec -159395 quick_dec -190108 nack_dec -547800
Flow Uec_5215_0 flowId 111 uecSrc 110 finished at 4409.24 total messages 1 total packets 257 RTS 0 total bytes 1050102 in_flight now 0 fair_inc 0 prop_inc 0 fast_inc 0 eta_inc 196692 multi_dec -153259 quick_dec -177705 nack_dec -601750
Flow Uec_2424_0 flowId 72 uecSrc 71 finished at 4433.92 total messages 1 total packets 257 RTS 0 total bytes 1050102 in_flight now 0 fair_inc 0 prop_inc 0 fast_inc 0 eta_inc 202008 multi_dec -158648 quick_dec -193230 nack_dec -589300
Flow Uec_1764_0 flowId 85 uecSrc 84 finished at 4457.93 total messages 1 total packets 257 RTS 0 total bytes 1050102 in_flight now 0 fair_inc 0 prop_inc 0 fast_inc 0 eta_inc 200679 multi_dec -152904 quick_dec -203303 nack_dec -593450
Flow Uec_6111_0 flowId 90 uecSrc 89 finished at 4479.3 total messages 1 total packets 257 RTS 0 total bytes 1050102 in_flight now 0 fair_inc 0 prop_inc 0 fast_inc 0 eta_inc 212640 multi_dec -176089 quick_dec -207800 nack_dec -539500
Flow Uec_4574_0 flowId 47 uecSrc 46 finished at 4502.32 total messages 1 total packets 257 RTS 0 total bytes 1050102 in_flight now 0 fair_inc 0 prop_inc 0 fast_inc 0 eta_inc 203337 multi_dec -152341 quick_dec -179354 nack_dec -581000
Flow Uec_1981_0 flowId 97 uecSrc 96 finished at 4510.06 total messages 1 total packets 257 RTS 0 total bytes 1050102 in_flight now 0 fair_inc 0 prop_inc 0 fast_inc 0 eta_inc 204666 multi_dec -154424 quick_dec -212640 nack_dec -589300
Flow Uec_285_0 flowId 96 uecSrc 95 finished at 4515.64 total messages 1 total packets 257 RTS 0 total bytes 1050102 in_flight now 0 fair_inc 0 prop_inc 0 fast_inc 0 eta_inc 216627 multi_dec -184341 quick_dec -199744 nack_dec -533824
Flow Uec_6396_0 flowId 53 uecSrc 52 finished at 4518.07 total messages 1 total packets 257 RTS 0 total bytes 1050102 in_flight now 0 fair_inc 0 prop_inc 0 fast_inc 0 eta_inc 204666 multi_dec -157609 quick_dec -197026 nack_dec -558724
Flow Uec_8134_0 flowId 107 uecSrc 106 finished at 4519.84 total messages 1 total packets 257 RTS 0 total bytes 1050102 in_flight now 0 fair_inc 0 prop_inc 0 fast_inc 0 eta_inc 200679 multi_dec -150764 quick_dec -200195 nack_dec -593450
Flow Uec_3292_0 flowId 73 uecSrc 72 finished at 4533.06 total messages 1 total packets 257 RTS 0 total bytes 1050102 in_flight now 0 fair_inc 0 prop_inc 0 fast_inc 0 eta_inc 204666 multi_dec -162079 quick_dec -199501 nack_dec -581000
Flow Uec_6939_0 flowId 95 uecSrc 94 finished at 4580.49 total messages 1 total packets 257 RTS 0 total bytes 1050102 in_flight now 0 fair_inc 0 prop_inc 0 fast_inc 0 eta_inc 212640 multi_dec -169511 quick_dec -162392 nack_dec -568550
Flow Uec_909_0 flowId 6 uecSrc 5 finished at 4623.09 total messages 1 total packets 257 RTS 0 total bytes 1050102 in_flight now 0 fair_inc 0 prop_inc 0 fast_inc 0 eta_inc 209982 multi_dec -174312 quick_dec -157718 nack_dec -551950
Flow Uec_5403_0 flowId 120 uecSrc 119 finished at 4641.29 total messages 1 total packets 257 RTS 0 total bytes 1050102 in_flight now 0 fair_inc 0 prop_inc 0 fast_inc 0 eta_inc 231246 multi_dec -207941 quick_dec -155350 nack_dec -522900
Flow Uec_6352_0 flowId 68 uecSrc 67 finished at 4714.77 total messages 1 total packets 257 RTS 0 total bytes 1050102 in_flight now 0 fair_inc 0 prop_inc 0 fast_inc 0 eta_inc 225930 multi_dec -198938 quick_dec -213408 nack_dec -531200
Flow Uec_7506_0 flowId 117 uecSrc 116 finished at 4724.83 total messages 1 total packets 257 RTS 0 total bytes 1050102 in_flight now 0 fair_inc 0 prop_inc 0 fast_inc 0 eta_inc 233904 multi_dec -209220 quick_dec -203635 nack_dec -539500
Flow Uec_6300_0 flowId 128 uecSrc 127 finished at 4744.86 total messages 1 total packets 257 RTS 0 total bytes 1050102 in_flight now 0 fair_inc 0 prop_inc 0 fast_inc 0 eta_inc 236562 multi_dec -222719 quick_dec -228446 nack_dec -502150
Flow Uec_2393_0 flowId 102 uecSrc 101 finished at 4809.2 total messages 1 total packets 257 RTS 0 total bytes 1050102 in_flight now 0 fair_inc 6024 prop_inc 0 fast_inc 0 eta_inc 233904 multi_dec -216216 quick_dec -214518 nack_dec -543650
Flow Uec_245_0 flowId 37 uecSrc 36 finished at 4871.55 total messages 1 total packets 257 RTS 0 total bytes 1050102 in_flight now 0 fair_inc 0 prop_inc 1649 fast_inc 0 eta_inc 245865 multi_dec -199363 quick_dec --19277 nack_dec -531200
Flow Uec_4139_0 flowId 113 uecSrc 112 finished at 4875.32 total messages 1 total packets 257 RTS 0 total bytes 1050102 in_flight now 0 fair_inc 0 prop_inc 0 fast_inc 0 eta_inc 228588 multi_dec -184148 quick_dec -193530 nack_dec -543650
Flow Uec_268_0 flowId 56 uecSrc 55 finished at 4880.24 total messages 1 total packets 257 RTS 0 total bytes 1050102 in_flight now 0 fair_inc 5565 prop_inc 0 fast_inc 0 eta_inc 219285 multi_dec -194732 quick_dec -208379 nack_dec -576850
Flow Uec_1149_0 flowId 58 uecSrc 57 finished at 4902.42 total messages 1 total packets 257 RTS 0 total bytes 1050102 in_flight now 0 fair_inc 0 prop_inc 0 fast_inc 0 eta_inc 227259 multi_dec -180258 quick_dec -209403 nack_dec -547800
Flow Uec_6363_0 flowId 23 uecSrc 22 finished at 4909.5 total messages 1 total packets 257 RTS 0 total bytes 1050102 in_flight now 0 fair_inc 5941 prop_inc 0 fast_inc 0 eta_inc 239220 multi_dec -241010 quick_dec -179414 nack_dec -522900
Flow Uec_7432_0 flowId 16 uecSrc 15 finished at 4974.51 total messages 1 total packets 257 RTS 0 total bytes 1050102 in_flight now 0 fair_inc 6027 prop_inc 0 fast_inc 0 eta_inc 228588 multi_dec -219520 quick_dec -194297 nack_dec -568550
Flow Uec_1611_0 flowId 59 uecSrc 58 finished at 4975.94 total messages 1 total packets 257 RTS 0 total bytes 1050102 in_flight now 0 fair_inc 6030 prop_inc 0 fast_inc 0 eta_inc 233904 multi_dec -216628 quick_dec -168765 nack_dec -564400
Flow Uec_130_0 flowId 70 uecSrc 69 finished at 4978.52 total messages 1 total packets 257 RTS 0 total bytes 1050102 in_flight now 0 fair_inc 0 prop_inc 1690 fast_inc 0 eta_inc 255168 multi_dec -203764 quick_dec -61755 nack_dec -518750
Flow Uec_154_0 flowId 21 uecSrc 20 finished at 5012.66 total messages 1 total packets 257 RTS 0 total bytes 1050102 in_flight now 0 fair_inc 0 prop_inc 20727 fast_inc 0 eta_inc 265800 multi_dec -222796 quick_dec -39774 nack_dec -477250
Flow Uec_7770_0 flowId 50 uecSrc 49 finished at 5024.06 total messages 1 total packets 257 RTS 0 total bytes 1050102 in_flight now 0 fair_inc 0 prop_inc 0 fast_inc 0 eta_inc 241878 multi_dec -196461 quick_dec -192578 nack_dec -539500
Flow Uec_1945_0 flowId 9 uecSrc 8 finished at 5050.7 total messages 1 total packets 257 RTS 0 total bytes 1050102 in_flight now 0 fair_inc 0 prop_inc 0 fast_inc 0 eta_inc 237891 multi_dec -200523 quick_dec -140825 nack_dec -556100
Flow Uec_5075_0 flowId 93 uecSrc 92 finished at 5055.52 total messages 1 total packets 257 RTS 0 total bytes 1050102 in_flight now 0 fair_inc 5714 prop_inc 0 fast_inc 0 eta_inc 247194 multi_dec -206333 quick_dec -191097 nack_dec -539500
Flow Uec_6102_0 flowId 60 uecSrc 59 finished at 5078.71 total messages 1 total packets 257 RTS 0 total bytes 1050102 in_flight now 0 fair_inc 26250 prop_inc 0 fast_inc 0 eta_inc 243207 multi_dec -204744 quick_dec -189492 nack_dec -543650
Flow Uec_3910_0 flowId 18 uecSrc 17 finished at 5167.66 total messages 1 total packets 257 RTS 0 total bytes 1050102 in_flight now 0 fair_inc 0 prop_inc 0 fast_inc 0 eta_inc 251181 multi_dec -221330 quick_dec -149478 nack_dec -531200
Flow Uec_4470_0 flowId 10 uecSrc 9 finished at 5170.25 total messages 1 total packets 257 RTS 0 total bytes 1050102 in_flight now 0 fair_inc 0 prop_inc 0 fast_inc 0 eta_inc 244536 multi_dec -217014 quick_dec -175303 nack_dec -554574
Flow Uec_6283_0 flowId 44 uecSrc 43 finished at 5178.66 total messages 1 total packets 257 RTS 0 total bytes 1050102 in_flight now 0 fair_inc 6132 prop_inc 0 fast_inc 0 eta_inc 239220 multi_dec -220060 quick_dec -186822 nack_dec -576850
Flow Uec_6808_0 flowId 119 uecSrc 118 finished at 5213.95 total messages 1 total packets 257 RTS 0 total bytes 1050102 in_flight now 0 fair_inc 4710 prop_inc 0 fast_inc 0 eta_inc 256497 multi_dec -221546 quick_dec -186913 nack_dec -547800
Flow Uec_4276_0 flowId 123 uecSrc 122 finished at 5219.87 total messages 1 total packets 257 RTS 0 total bytes 1050102 in_flight now 0 fair_inc 0 prop_inc 0 fast_inc 0 eta_inc 252510 multi_dec -211964 quick_dec -171404 nack_dec -543650
Flow Uec_661_0 flowId 78 uecSrc 77 finished at 5222.8 total messages 1 total packets 257 RTS 0 total bytes 1050102 in_flight now 0 fair_inc 0 prop_inc 0 fast_inc 0 eta_inc 240549 multi_dec -201163 quick_dec -171144 nack_dec -585150
Flow Uec_3118_0 flowId 127 uecSrc 126 finished at 5226.39 total messages 1 total packets 257 RTS 0 total bytes 1050102 in_flight now 0 fair_inc 0 prop_inc 0 fast_inc 0 eta_inc 237891 multi_dec -191194 quick_dec -170918 nack_dec -597600
Flow Uec_1085_0 flowId 48 uecSrc 47 finished at 5235.12 total messages 1 total packets 257 RTS 0 total bytes 1050102 in_flight now 0 fair_inc 0 prop_inc 0 fast_inc 0 eta_inc 253839 multi_dec -218276 quick_dec -192692 nack_dec -547800
Flow Uec_453_0 flowId 41 uecSrc 40 finished at 5254.65 total messages 1 total packets 257 RTS 0 total bytes 1050102 in_flight now 0 fair_inc 0 prop_inc 0 fast_inc 0 eta_inc 255168 multi_dec -225622 quick_dec -200723 nack_dec -547800
Flow Uec_4332_0 flowId 38 uecSrc 37 finished at 5256.58 total messages 1 total packets 257 RTS 0 total bytes 1050102 in_flight now 0 fair_inc 6044 prop_inc 0 fast_inc 0 eta_inc 248523 multi_dec -212012 quick_dec -201813 nack_dec -572700
Flow Uec_894_0 flowId 106 uecSrc 105 finished at 5263 total messages 1 total packets 257 RTS 0 total bytes 1050102 in_flight now 0 fair_inc 6165 prop_inc 0 fast_inc 0 eta_inc 251181 multi_dec -227372 quick_dec -187248 nack_dec -543650
Flow Uec_5497_0 flowId 118 uecSrc 117 finished at 5274.9 total messages 1 total packets 257 RTS 0 total bytes 1050102 in_flight now 0 fair_inc 6178 prop_inc 0 fast_inc 0 eta_inc 249852 multi_dec -219341 quick_dec -180977 nack_dec -564400
Flow Uec_1072_0 flowId 110 uecSrc 109 finished at 5275.84 total messages 1 total packets 257 RTS 0 total bytes 1050102 in_flight now 0 fair_inc 0 prop_inc 0 fast_inc 0 eta_inc 260484 multi_dec -231133 quick_dec -220713 nack_dec -527050
Flow Uec_3903_0 flowId 40 uecSrc 39 finished at 5278.94 total messages 1 total packets 257 RTS 0 total bytes 1050102 in_flight now 0 fair_inc 0 prop_inc 0 fast_inc 0 eta_inc 252510 multi_dec -216870 quick_dec -195646 nack_dec -551950
Flow Uec_7000_0 flowId 34 uecSrc 33 finished at 5279.21 total messages 1 total packets 257 RTS 0 total bytes 1050102 in_flight now 0 fair_inc 0 prop_inc 0 fast_inc 0 eta_inc 265800 multi_dec -254931 quick_dec -163278 nack_dec -514600
Flow Uec_1749_0 flowId 31 uecSrc 30 finished at 5279.49 total messages 1 total packets 257 RTS 0 total bytes 1050102 in_flight now 0 fair_inc 0 prop_inc 0 fast_inc 0 eta_inc 253839 multi_dec -215203 quick_dec -174313 nack_dec -572700
Flow Uec_1099_0 flowId 86 uecSrc 85 finished at 5291.05 total messages 1 total packets 257 RTS 0 total bytes 1050102 in_flight now 0 fair_inc 0 prop_inc 0 fast_inc 0 eta_inc 257826 multi_dec -225605 quick_dec -211548 nack_dec -531200
Flow Uec_6255_0 flowId 12 uecSrc 11 finished at 5292.15 total messages 1 total packets 257 RTS 0 total bytes 1050102 in_flight now 0 fair_inc 0 prop_inc 0 fast_inc 0 eta_inc 244536 multi_dec -207378 quick_dec -214578 nack_dec -585150
Flow Uec_7616_0 flowId 64 uecSrc 63 finished at 5295.24 total messages 1 total packets 257 RTS 0 total bytes 1050102 in_flight now 0 fair_inc 0 prop_inc 0 fast_inc 0 eta_inc 259155 multi_dec -231964 quick_dec -191647 nack_dec -535350
Flow Uec_3940_0 flowId 104 uecSrc 103 finished at 5295.51 total messages 1 total packets 257 RTS 0 total bytes 1050102 in_flight now 0 fair_inc 0 prop_inc 0 fast_inc 0 eta_inc 256497 multi_dec -229016 quick_dec -207857 nack_dec -535350
Flow Uec_8057_0 flowId 125 uecSrc 124 finished at 5297.28 total messages 1 total packets 257 RTS 0 total bytes 1050102 in_flight now 0 fair_inc 0 prop_inc 0 fast_inc 0 eta_inc 240549 multi_dec -202743 quick_dec -198363 nack_dec -601750
Flow Uec_1535_0 flowId 108 uecSrc 107 finished at 5301.04 total messages 1 total packets 257 RTS 0 total bytes 1050102 in_flight now 0 fair_inc 5983 prop_inc 0 fast_inc 0 eta_inc 249852 multi_dec -216556 quick_dec -216539 nack_dec -583624
Flow Uec_299_0 flowId 126 uecSrc 125 finished at 5301.64 total messages 1 total packets 257 RTS 0 total bytes 1050102 in_flight now 0 fair_inc 5587 prop_inc 0 fast_inc 0 eta_inc 253839 multi_dec -207699 quick_dec -250894 nack_dec -562874
Flow Uec_1390_0 flowId 121 uecSrc 120 finished at 5309.05 total messages 1 total packets 257 RTS 0 total bytes 1050102 in_flight now 0 fair_inc 0 prop_inc 0 fast_inc 0 eta_inc 252510 multi_dec -206882 quick_dec -170975 nack_dec -560250
Flow Uec_1500_0 flowId 39 uecSrc 38 finished at 5311.31 total messages 1 total packets 257 RTS 0 total bytes 1050102 in_flight now 0 fair_inc 0 prop_inc 436 fast_inc 0 eta_inc 263142 multi_dec -241425 quick_dec -190237 nack_dec -522900
Flow Uec_3540_0 flowId 14 uecSrc 13 finished at 5316.4 total messages 1 total packets 257 RTS 0 total bytes 1050102 in_flight now 0 fair_inc 0 prop_inc 0 fast_inc 0 eta_inc 251181 multi_dec -211654 quick_dec -196459 nack_dec -556100
Flow Uec_4949_0 flowId 8 uecSrc 7 finished at 5321.15 total messages 1 total packets 257 RTS 0 total bytes 1050102 in_flight now 0 fair_inc 0 prop_inc 0 fast_inc 0 eta_inc 257826 multi_dec -225573 quick_dec -181323 nack_dec -547800
Flow Uec_1009_0 flowId 33 uecSrc 32 finished at 5326.57 total messages 1 total packets 257 RTS 0 total bytes 1050102 in_flight now 0 fair_inc 12143 prop_inc 0 fast_inc 0 eta_inc 256497 multi_dec -216635 quick_dec -203985 nack_dec -576850
Flow Uec_511_0 flowId 66 uecSrc 65 finished at 5349.27 total messages 1 total packets 257 RTS 0 total bytes 1050102 in_flight now 0 fair_inc 0 prop_inc 4037 fast_inc 0 eta_inc 257826 multi_dec -221904 quick_dec -216139 nack_dec -543650
Flow Uec_1156_0 flowId 36 uecSrc 35 finished at 5350.82 total messages 1 total packets 257 RTS 0 total bytes 1050102 in_flight now 0 fair_inc 0 prop_inc 2066 fast_inc 0 eta_inc 263142 multi_dec -230602 quick_dec -248931 nack_dec -531200
Flow Uec_1732_0 flowId 22 uecSrc 21 finished at 5352.09 total messages 1 total packets 257 RTS 0 total bytes 1050102 in_flight now 0 fair_inc 12138 prop_inc 0 fast_inc 0 eta_inc 251181 multi_dec -210409 quick_dec -218029 nack_dec -593450
Flow Uec_4648_0 flowId 94 uecSrc 93 finished at 5352.69 total messages 1 total packets 257 RTS 0 total bytes 1050102 in_flight now 0 fair_inc 0 prop_inc 0 fast_inc 0 eta_inc 257826 multi_dec -216341 quick_dec -145861 nack_dec -568550
Flow Uec_5188_0 flowId 28 uecSrc 27 finished at 5355.62 total messages 1 total packets 257 RTS 0 total bytes 1050102 in_flight now 0 fair_inc 5585 prop_inc 0 fast_inc 0 eta_inc 251181 multi_dec -204216 quick_dec -194496 nack_dec -589300
Flow Uec_2773_0 flowId 54 uecSrc 53 finished at 5358.15 total messages 1 total packets 257 RTS 0 total bytes 1050102 in_flight now 0 fair_inc 5576 prop_inc 0 fast_inc 0 eta_inc 256497 multi_dec -218420 quick_dec -225173 nack_dec -568550
Flow Uec_5664_0 flowId 124 uecSrc 123 finished at 5361.08 total messages 1 total packets 257 RTS 0 total bytes 1050102 in_flight now 0 fair_inc 0 prop_inc 222 fast_inc 0 eta_inc 261813 multi_dec -234642 quick_dec -204624 nack_dec -527050
Flow Uec_3591_0 flowId 5 uecSrc 4 finished at 5362.68 total messages 1 total packets 257 RTS 0 total bytes 1050102 in_flight now 0 fair_inc 6432 prop_inc 0 fast_inc 0 eta_inc 263142 multi_dec -245680 quick_dec -209794 nack_dec -527050
Flow Uec_451_0 flowId 83 uecSrc 82 finished at 5363.12 total messages 1 total packets 257 RTS 0 total bytes 1050102 in_flight now 0 fair_inc 6005 prop_inc 0 fast_inc 0 eta_inc 267129 multi_dec -250200 quick_dec -182074 nack_dec -510450
Flow Uec_1897_0 flowId 19 uecSrc 18 finished at 5365.71 total messages 1 total packets 257 RTS 0 total bytes 1050102 in_flight now 0 fair_inc 5767 prop_inc 1363 fast_inc 0 eta_inc 245865 multi_dec -213396 quick_dec -208596 nack_dec -605900
Flow Uec_7691_0 flowId 1 uecSrc 0 finished at 5371.79 total messages 1 total packets 257 RTS 0 total bytes 1050102 in_flight now 0 fair_inc 6596 prop_inc 2383 fast_inc 0 eta_inc 263142 multi_dec -240776 quick_dec -211976 nack_dec -543650
Flow Uec_5896_0 flowId 32 uecSrc 31 finished at 5373.78 total messages 1 total packets 257 RTS 0 total bytes 1050102 in_flight now 0 fair_inc 18484 prop_inc 812 fast_inc 0 eta_inc 264471 multi_dec -242497 quick_dec -214858 nack_dec -568550
Flow Uec_5869_0 flowId 65 uecSrc 64 finished at 5375.38 total messages 1 total packets 257 RTS 0 total bytes 1050102 in_flight now 0 fair_inc 0 prop_inc 0 fast_inc 0 eta_inc 252510 multi_dec -204610 quick_dec -199172 nack_dec -564400
Flow Uec_3718_0 flowId 3 uecSrc 2 finished at 5378.04 total messages 1 total packets 257 RTS 0 total bytes 1050102 in_flight now 0 fair_inc 27111 prop_inc 0 fast_inc 0 eta_inc 245865 multi_dec -218538 quick_dec -204442 nack_dec -601750
Flow Uec_1884_0 flowId 25 uecSrc 24 finished at 5386.78 total messages 1 total packets 257 RTS 0 total bytes 1050102 in_flight now 0 fair_inc 0 prop_inc 4276 fast_inc 0 eta_inc 268458 multi_dec -244844 quick_dec -186500 nack_dec -510450
Flow Uec_2870_0 flowId 77 uecSrc 76 finished at 5391.86 total messages 1 total packets 257 RTS 0 total bytes 1050102 in_flight now 0 fair_inc 14734 prop_inc 565 fast_inc 0 eta_inc 253839 multi_dec -227245 quick_dec -185938 nack_dec -581000
Flow Uec_6302_0 flowId 91 uecSrc 90 finished at 5397.28 total messages 1 total packets 257 RTS 0 total bytes 1050102 in_flight now 0 fair_inc 11804 prop_inc 0 fast_inc 0 eta_inc 260484 multi_dec -220296 quick_dec -215947 nack_dec -539500
Flow Uec_1150_0 flowId 112 uecSrc 111 finished at 5397.72 total messages 1 total packets 257 RTS 0 total bytes 1050102 in_flight now 0 fair_inc 5006 prop_inc 0 fast_inc 0 eta_inc 265800 multi_dec -238698 quick_dec -226926 nack_dec -539500
Flow Uec_3166_0 flowId 89 uecSrc 88 finished at 5399.65 total messages 1 total packets 257 RTS 0 total bytes 1050102 in_flight now 0 fair_inc 6153 prop_inc 395 fast_inc 0 eta_inc 257826 multi_dec -221573 quick_dec -169030 nack_dec -564400
Flow Uec_910_0 flowId 30 uecSrc 29 finished at 5408.91 total messages 1 total packets 257 RTS 0 total bytes 1050102 in_flight now 0 fair_inc 0 prop_inc 2817 fast_inc 0 eta_inc 261813 multi_dec -216373 quick_dec -221584 nack_dec -535350
Flow Uec_5487_0 flowId 81 uecSrc 80 finished at 5411.51 total messages 1 total packets 257 RTS 0 total bytes 1050102 in_flight now 0 fair_inc 6433 prop_inc 0 fast_inc 0 eta_inc 248523 multi_dec -218489 quick_dec -154217 nack_dec -597600
Flow Uec_2330_0 flowId 2 uecSrc 1 finished at 5416.92 total messages 1 total packets 257 RTS 0 total bytes 1050102 in_flight now 0 fair_inc 6691 prop_inc 2838 fast_inc 0 eta_inc 260484 multi_dec -225835 quick_dec -199230 nack_dec -551950
Flow Uec_4587_0 flowId 24 uecSrc 23 finished at 5421.52 total messages 1 total packets 257 RTS 0 total bytes 1050102 in_flight now 0 fair_inc 6368 prop_inc 0 fast_inc 0 eta_inc 261813 multi_dec -240698 quick_dec -164878 nack_dec -560250
Flow Uec_8008_0 flowId 27 uecSrc 26 finished at 5422.95 total messages 1 total packets 257 RTS 0 total bytes 1050102 in_flight now 0 fair_inc 0 prop_inc 260 fast_inc 0 eta_inc 256497 multi_dec -220165 quick_dec -177899 nack_dec -556100
Flow Uec_2241_0 flowId 4 uecSrc 3 finished at 5426.05 total messages 1 total packets 257 RTS 0 total bytes 1050102 in_flight now 0 fair_inc 5821 prop_inc 1470 fast_inc 0 eta_inc 256497 multi_dec -217102 quick_dec -173482 nack_dec -589300
Flow Uec_5221_0 flowId 26 uecSrc 25 finished at 5433.95 total messages 1 total packets 257 RTS 0 total bytes 1050102 in_flight now 0 fair_inc 11404 prop_inc 1614 fast_inc 0 eta_inc 259155 multi_dec -233223 quick_dec -169402 nack_dec -551950
Flow Uec_2021_0 flowId 57 uecSrc 56 finished at 5434.23 total messages 1 total packets 257 RTS 0 total bytes 1050102 in_flight now 0 fair_inc 6030 prop_inc 2913 fast_inc 0 eta_inc 255168 multi_dec -221853 quick_dec -224746 nack_dec -585150
Flow Uec_2585_0 flowId 98 uecSrc 97 finished at 5436.65 total messages 1 total packets 257 RTS 0 total bytes 1050102 in_flight now 0 fair_inc 5740 prop_inc 1074 fast_inc 0 eta_inc 265800 multi_dec -227212 quick_dec -195899 nack_dec -535350
Flow Uec_5891_0 flowId 71 uecSrc 70 finished at 5437.26 total messages 1 total packets 257 RTS 0 total bytes 1050102 in_flight now 0 fair_inc 0 prop_inc 1877 fast_inc 0 eta_inc 259155 multi_dec -216205 quick_dec -193347 nack_dec -564400
Flow Uec_2658_0 flowId 62 uecSrc 61 finished at 5437.86 total messages 1 total packets 257 RTS 0 total bytes 1050102 in_flight now 0 fair_inc 5760 prop_inc 2854 fast_inc 0 eta_inc 251181 multi_dec -197305 quick_dec -190502 nack_dec -589300
Flow Uec_2071_0 flowId 82 uecSrc 81 finished at 5438.46 total messages 1 total packets 257 RTS 0 total bytes 1050102 in_flight now 0 fair_inc 11257 prop_inc 0 fast_inc 0 eta_inc 260484 multi_dec -217634 quick_dec -191508 nack_dec -572700
Flow Uec_2900_0 flowId 43 uecSrc 42 finished at 5439.73 total messages 1 total packets 257 RTS 0 total bytes 1050102 in_flight now 0 fair_inc 0 prop_inc 2750 fast_inc 0 eta_inc 257826 multi_dec -223147 quick_dec -184794 nack_dec -550424
Flow Uec_2360_0 flowId 42 uecSrc 41 finished at 5442.82 total messages 1 total packets 257 RTS 0 total bytes 1050102 in_flight now 0 fair_inc 12044 prop_inc 2637 fast_inc 0 eta_inc 252510 multi_dec -209985 quick_dec -205702 nack_dec -610050
Flow Uec_3899_0 flowId 11 uecSrc 10 finished at 5450.9 total messages 1 total packets 257 RTS 0 total bytes 1050102 in_flight now 0 fair_inc 14386 prop_inc 6786 fast_inc 0 eta_inc 259155 multi_dec -223515 quick_dec -182426 nack_dec -547800
Flow Uec_7895_0 flowId 84 uecSrc 83 finished at 5452 total messages 1 total packets 257 RTS 0 total bytes 1050102 in_flight now 0 fair_inc 6359 prop_inc 5012 fast_inc 0 eta_inc 265800 multi_dec -242521 quick_dec -155998 nack_dec -543650
Flow Uec_7362_0 flowId 88 uecSrc 87 finished at 5454.09 total messages 1 total packets 257 RTS 0 total bytes 1050102 in_flight now 0 fair_inc 0 prop_inc 9462 fast_inc 0 eta_inc 265800 multi_dec -221131 quick_dec -161360 nack_dec -551950
Flow Uec_3379_0 flowId 101 uecSrc 100 finished at 5454.36 total messages 1 total packets 257 RTS 0 total bytes 1050102 in_flight now 0 fair_inc 0 prop_inc 8319 fast_inc 0 eta_inc 248523 multi_dec -202477 quick_dec -191194 nack_dec -589300
Flow Uec_708_0 flowId 13 uecSrc 12 finished at 5457.62 total messages 1 total packets 257 RTS 0 total bytes 1050102 in_flight now 0 fair_inc 0 prop_inc 11390 fast_inc 0 eta_inc 257826 multi_dec -221049 quick_dec -148418 nack_dec -560250
Flow Uec_2008_0 flowId 115 uecSrc 114 finished at 5458.23 total messages 1 total packets 257 RTS 0 total bytes 1050102 in_flight now 0 fair_inc 0 prop_inc 12434 fast_inc 0 eta_inc 252510 multi_dec -202491 quick_dec -189315 nack_dec -593450
Flow Uec_2948_0 flowId 7 uecSrc 6 finished at 5459.33 total messages 1 total packets 257 RTS 0 total bytes 1050102 in_flight now 0 fair_inc 5003 prop_inc 10684 fast_inc 0 eta_inc 256497 multi_dec -212590 quick_dec -182097 nack_dec -560250
Flow Uec_3739_0 flowId 63 uecSrc 62 finished at 5461.7 total messages 1 total packets 257 RTS 0 total bytes 1050102 in_flight now 0 fair_inc 0 prop_inc 7663 fast_inc 0 eta_inc 265800 multi_dec -238827 quick_dec -175114 nack_dec -547800
Flow Uec_3590_0 flowId 99 uecSrc 98 finished at 5461.86 total messages 1 total packets 257 RTS 0 total bytes 1050102 in_flight now 0 fair_inc 5633 prop_inc 10084 fast_inc 0 eta_inc 256497 multi_dec -200857 quick_dec -186522 nack_dec -601750
Flow Uec_6251_0 flowId 92 uecSrc 91 finished at 5467.11 total messages 1 total packets 257 RTS 0 total bytes 1050102 in_flight now 0 fair_inc 0 prop_inc 12485 fast_inc 0 eta_inc 265800 multi_dec -216012 quick_dec -209106 nack_dec -539500
Flow Uec_2568_0 flowId 20 uecSrc 19 finished at 5472.86 total messages 1 total packets 257 RTS 0 total bytes 1050102 in_flight now 0 fair_inc 6037 prop_inc 12825 fast_inc 0 eta_inc 259155 multi_dec -215541 quick_dec -191216 nack_dec -572700
Flow Uec_5842_0 flowId 55 uecSrc 54 finished at 5474.63 total messages 1 total packets 257 RTS 0 total bytes 1050102 in_flight now 0 fair_inc 0 prop_inc 8321 fast_inc 0 eta_inc 244536 multi_dec -189719 quick_dec -181836 nack_dec -610050
Flow Uec_4304_0 flowId 80 uecSrc 79 finished at 5476.06 total messages 1 total packets 257 RTS 0 total bytes 1050102 in_flight now 0 fair_inc 6695 prop_inc 16258 fast_inc 0 eta_inc 265800 multi_dec -214945 quick_dec -161612 nack_dec -547800
Flow Uec_3516_0 flowId 103 uecSrc 102 finished at 5476.5 total messages 1 total packets 257 RTS 0 total bytes 1050102 in_flight now 0 fair_inc 6043 prop_inc 11100 fast_inc 0 eta_inc 261813 multi_dec -222615 quick_dec -203213 nack_dec -572700
Flow Uec_7979_0 flowId 109 uecSrc 108 finished at 5482.74 total messages 1 total packets 257 RTS 0 total bytes 1050102 in_flight now 0 fair_inc 0 prop_inc 13041 fast_inc 0 eta_inc 271116 multi_dec -227816 quick_dec -199642 nack_dec -522900
Flow Uec_3143_0 flowId 100 uecSrc 99 finished at 5485.67 total messages 1 total packets 257 RTS 0 total bytes 1050102 in_flight now 0 fair_inc 7628 prop_inc 4904 fast_inc 0 eta_inc 255168 multi_dec -210547 quick_dec -183967 nack_dec -568550
Flow Uec_4088_0 flowId 116 uecSrc 115 finished at 5491.42 total messages 1 total packets 257 RTS 0 total bytes 1050102 in_flight now 0 fair_inc 0 prop_inc 4260 fast_inc 0 eta_inc 264471 multi_dec -221892 quick_dec -175181 nack_dec -556100
Flow Uec_3554_0 flowId 61 uecSrc 60 finished at 5494.01 total messages 1 total packets 257 RTS 0 total bytes 1050102 in_flight now 0 fair_inc 5161 prop_inc 4046 fast_inc 0 eta_inc 265800 multi_dec -221667 quick_dec -220708 nack_dec -564400
Flow Uec_4991_0 flowId 67 uecSrc 66 finished at 5494.62 total messages 1 total packets 257 RTS 0 total bytes 1050102 in_flight now 0 fair_inc 0 prop_inc 13571 fast_inc 0 eta_inc 265800 multi_dec -219541 quick_dec -163690 nack_dec -551950
Flow Uec_1247_0 flowId 122 uecSrc 121 finished at 5495.55 total messages 1 total packets 257 RTS 0 total bytes 1050102 in_flight now 0 fair_inc 13512 prop_inc 12944 fast_inc 0 eta_inc 264471 multi_dec -223752 quick_dec -209876 nack_dec -556100
Flow Uec_7968_0 flowId 51 uecSrc 50 finished at 5497.32 total messages 1 total packets 257 RTS 0 total bytes 1050102 in_flight now 0 fair_inc 0 prop_inc 16081 fast_inc 0 eta_inc 257826 multi_dec -217178 quick_dec -166206 nack_dec -572700
Flow Uec_7168_0 flowId 74 uecSrc 73 finished at 5498.92 total messages 1 total packets 257 RTS 0 total bytes 1050102 in_flight now 0 fair_inc 0 prop_inc 14962 fast_inc 0 eta_inc 265800 multi_dec -220263 quick_dec -168645 nack_dec -556100
Flow Uec_3400_0 flowId 29 uecSrc 28 finished at 5501.68 total messages 1 total packets 257 RTS 0 total bytes 1050102 in_flight now 0 fair_inc 5491 prop_inc 13203 fast_inc 0 eta_inc 264471 multi_dec -217082 quick_dec -172975 nack_dec -556100
Flow Uec_2961_0 flowId 49 uecSrc 48 finished at 5502.28 total messages 1 total packets 257 RTS 0 total bytes 1050102 in_flight now 0 fair_inc 10863 prop_inc 16348 fast_inc 0 eta_inc 268458 multi_dec -239312 quick_dec -189187 nack_dec -535350
Flow Uec_2898_0 flowId 17 uecSrc 16 finished at 5502.72 total messages 1 total packets 257 RTS 0 total bytes 1050102 in_flight now 0 fair_inc 4669 prop_inc 12737 fast_inc 0 eta_inc 268458 multi_dec -217777 quick_dec -204520 nack_dec -543650
Flow Uec_6403_0 flowId 35 uecSrc 34 finished at 5504.76 total messages 1 total packets 257 RTS 0 total bytes 1050102 in_flight now 0 fair_inc 0 prop_inc 10532 fast_inc 0 eta_inc 269787 multi_dec -232719 quick_dec -153777 nack_dec -556100
Flow Uec_4651_0 flowId 76 uecSrc 75 finished at 5508.9 total messages 1 total packets 257 RTS 0 total bytes 1050102 in_flight now 0 fair_inc 0 prop_inc 20764 fast_inc 0 eta_inc 255168 multi_dec -215224 quick_dec -141104 nack_dec -597600
Flow Uec_3736_0 flowId 15 uecSrc 14 finished at 5509.33 total messages 1 total packets 257 RTS 0 total bytes 1050102 in_flight now 0 fair_inc 0 prop_inc 16236 fast_inc 0 eta_inc 263142 multi_dec -219287 quick_dec -199317 nack_dec -560250
Flow Uec_7852_0 flowId 45 uecSrc 44 finished at 5526.31 total messages 1 total packets 257 RTS 0 total bytes 1050102 in_flight now 0 fair_inc 0 prop_inc 20598 fast_inc 0 eta_inc 257826 multi_dec -206474 quick_dec -198573 nack_dec -585150
Flow Uec_1462_0 flowId 114 uecSrc 113 finished at 5526.48 total messages 1 total packets 257 RTS 0 total bytes 1050102 in_flight now 0 fair_inc 0 prop_inc 37160 fast_inc 0 eta_inc 256497 multi_dec -200506 quick_dec -151401 nack_dec -626650
New: 32896 Rtx: 17235 RTS: 0 Bounced: 0 ACKs: 32770 NACKs: 17235 Pulls: 0 sleek_pkts: 0
SPURIOUS_COUNT 0
