.Flow Uec_8162_0 flowId 30 uecSrc 29 finished at 80363.9 total messages 1 total packets 16425 RTS 0 total bytes 67112550 in_flight now 0 fair_inc 2214450 prop_inc 67340 fast_inc 0 eta_inc 4422912 multi_dec -6186152 quick_dec -973475 nack_dec -1626800
Flow Uec_8163_0 flowId 29 uecSrc 28 finished at 81715.5 total messages 1 total packets 16425 RTS 0 total bytes 67112550 in_flight now 0 fair_inc 2301582 prop_inc 56060 fast_inc 0 eta_inc 4505310 multi_dec -6372377 quick_dec -1002166 nack_dec -1585300
Flow Uec_8176_0 flowId 16 uecSrc 15 finished at 83593.2 total messages 1 total packets 16425 RTS 0 total bytes 67112550 in_flight now 0 fair_inc 2122801 prop_inc 69391 fast_inc 0 eta_inc 4604985 multi_dec -6423011 quick_dec -883847 nack_dec -1560400
Flow Uec_8167_0 flowId 25 uecSrc 24 finished at 83770.9 total messages 1 total packets 16425 RTS 0 total bytes 67112550 in_flight now 0 fair_inc 2248141 prop_inc 58280 fast_inc 0 eta_inc 4598340 multi_dec -6431454 quick_dec -973120 nack_dec -1801100
Flow Uec_8174_0 flowId 18 uecSrc 17 finished at 84223.7 total messages 1 total packets 16425 RTS 0 total bytes 67112550 in_flight now 0 fair_inc 2157339 prop_inc 72339 fast_inc 0 eta_inc 4632894 multi_dec -6372929 quick_dec -948564 nack_dec -1606050
Flow Uec_8166_0 flowId 26 uecSrc 25 finished at 84776.8 total messages 1 total packets 16425 RTS 0 total bytes 67112550 in_flight now 0 fair_inc 2187202 prop_inc 60485 fast_inc 0 eta_inc 4670106 multi_dec -6410919 quick_dec -971409 nack_dec -1664150
Flow Uec_8172_0 flowId 20 uecSrc 19 finished at 84860.8 total messages 1 total packets 16425 RTS 0 total bytes 67112550 in_flight now 0 fair_inc 2180474 prop_inc 58976 fast_inc 0 eta_inc 4664790 multi_dec -6349149 quick_dec -904221 nack_dec -1850900
Flow Uec_8164_0 flowId 28 uecSrc 27 finished at 84980.4 total messages 1 total packets 16425 RTS 0 total bytes 67112550 in_flight now 0 fair_inc 2110790 prop_inc 70577 fast_inc 0 eta_inc 4676751 multi_dec -6405619 quick_dec -798154 nack_dec -1689050
Flow Uec_8180_0 flowId 12 uecSrc 11 finished at 85026.1 total messages 1 total packets 16425 RTS 0 total bytes 67112550 in_flight now 0 fair_inc 2233202 prop_inc 56989 fast_inc 0 eta_inc 4664790 multi_dec -6505751 quick_dec -982847 nack_dec -1863350
Flow Uec_8160_0 flowId 32 uecSrc 31 finished at 85151.1 total messages 1 total packets 16425 RTS 0 total bytes 67112550 in_flight now 0 fair_inc 2057112 prop_inc 73426 fast_inc 0 eta_inc 4678080 multi_dec -6406960 quick_dec -788242 nack_dec -1647550
Flow Uec_8169_0 flowId 23 uecSrc 22 finished at 85170.7 total messages 1 total packets 16425 RTS 0 total bytes 67112550 in_flight now 0 fair_inc 2185699 prop_inc 65013 fast_inc 0 eta_inc 4692699 multi_dec -6414602 quick_dec -1038775 nack_dec -1568700
Flow Uec_8178_0 flowId 14 uecSrc 13 finished at 85350.8 total messages 1 total packets 16425 RTS 0 total bytes 67112550 in_flight now 0 fair_inc 2111960 prop_inc 58344 fast_inc 0 eta_inc 4698015 multi_dec -6440864 quick_dec -908401 nack_dec -1664150
Flow Uec_8175_0 flowId 17 uecSrc 16 finished at 85586.9 total messages 1 total packets 16425 RTS 0 total bytes 67112550 in_flight now 0 fair_inc 2064763 prop_inc 74795 fast_inc 0 eta_inc 4708647 multi_dec -6371589 quick_dec -890382 nack_dec -1639250
Flow Uec_8165_0 flowId 27 uecSrc 26 finished at 85671.3 total messages 1 total packets 16425 RTS 0 total bytes 67112550 in_flight now 0 fair_inc 2200110 prop_inc 70013 fast_inc 0 eta_inc 4716621 multi_dec -6425565 quick_dec -912422 nack_dec -1776200
Flow Uec_8181_0 flowId 11 uecSrc 10 finished at 85918.3 total messages 1 total packets 16425 RTS 0 total bytes 67112550 in_flight now 0 fair_inc 2213441 prop_inc 68648 fast_inc 0 eta_inc 4731240 multi_dec -6520709 quick_dec -1086947 nack_dec -1693200
Flow Uec_8161_0 flowId 31 uecSrc 30 finished at 85980.8 total messages 1 total packets 16425 RTS 0 total bytes 67112550 in_flight now 0 fair_inc 2039478 prop_inc 56249 fast_inc 0 eta_inc 4721937 multi_dec -6440843 quick_dec -791821 nack_dec -1660000
Flow Uec_8177_0 flowId 15 uecSrc 14 finished at 86188.3 total messages 1 total packets 16425 RTS 0 total bytes 67112550 in_flight now 0 fair_inc 2130309 prop_inc 65646 fast_inc 0 eta_inc 4736556 multi_dec -6428464 quick_dec -898898 nack_dec -1601900
Flow Uec_8173_0 flowId 19 uecSrc 18 finished at 86233.9 total messages 1 total packets 16425 RTS 0 total bytes 67112550 in_flight now 0 fair_inc 2240141 prop_inc 61860 fast_inc 0 eta_inc 4741872 multi_dec -6430198 quick_dec -1105523 nack_dec -1743000
Flow Uec_8190_0 flowId 2 uecSrc 1 finished at 86307.5 total messages 1 total packets 16425 RTS 0 total bytes 67112550 in_flight now 0 fair_inc 2026985 prop_inc 73516 fast_inc 0 eta_inc 4741872 multi_dec -6386738 quick_dec -772527 nack_dec -1531350
Flow Uec_8185_0 flowId 7 uecSrc 6 finished at 86367.6 total messages 1 total packets 16425 RTS 0 total bytes 67112550 in_flight now 0 fair_inc 2178110 prop_inc 58825 fast_inc 0 eta_inc 4763136 multi_dec -6425384 quick_dec -1040413 nack_dec -1718100
Flow Uec_8182_0 flowId 10 uecSrc 9 finished at 86500.9 total messages 1 total packets 16425 RTS 0 total bytes 67112550 in_flight now 0 fair_inc 2484644 prop_inc 42311 fast_inc 0 eta_inc 4760478 multi_dec -6822710 quick_dec -1020748 nack_dec -1938050
Flow Uec_8184_0 flowId 8 uecSrc 7 finished at 86532 total messages 1 total packets 16425 RTS 0 total bytes 67112550 in_flight now 0 fair_inc 2078828 prop_inc 67370 fast_inc 0 eta_inc 4759149 multi_dec -6422902 quick_dec -863387 nack_dec -1655850
Flow Uec_8187_0 flowId 5 uecSrc 4 finished at 86534.2 total messages 1 total packets 16425 RTS 0 total bytes 67112550 in_flight now 0 fair_inc 2036513 prop_inc 60322 fast_inc 0 eta_inc 4760478 multi_dec -6384235 quick_dec -796664 nack_dec -1585300
Flow Uec_8189_0 flowId 3 uecSrc 2 finished at 86607.9 total messages 1 total packets 16425 RTS 0 total bytes 67112550 in_flight now 0 fair_inc 2211033 prop_inc 67375 fast_inc 0 eta_inc 4763136 multi_dec -6476338 quick_dec -943311 nack_dec -1664150
Flow Uec_8188_0 flowId 4 uecSrc 3 finished at 86639.8 total messages 1 total packets 16425 RTS 0 total bytes 67112550 in_flight now 0 fair_inc 2561947 prop_inc 59977 fast_inc 0 eta_inc 4780413 multi_dec -6866107 quick_dec -1111517 nack_dec -1730550
Flow Uec_8170_0 flowId 22 uecSrc 21 finished at 86808.4 total messages 1 total packets 16425 RTS 0 total bytes 67112550 in_flight now 0 fair_inc 2105042 prop_inc 78733 fast_inc 0 eta_inc 4773768 multi_dec -6300965 quick_dec -1051610 nack_dec -1780350
Flow Uec_8168_0 flowId 24 uecSrc 23 finished at 86827.9 total messages 1 total packets 16425 RTS 0 total bytes 67112550 in_flight now 0 fair_inc 2122974 prop_inc 78340 fast_inc 0 eta_inc 4787058 multi_dec -6376667 quick_dec -946393 nack_dec -1610200
Flow Uec_8191_0 flowId 1 uecSrc 0 finished at 87027.1 total messages 1 total packets 16425 RTS 0 total bytes 67112550 in_flight now 0 fair_inc 1931748 prop_inc 92854 fast_inc 0 eta_inc 4787058 multi_dec -6277895 quick_dec -801932 nack_dec -1668300
Flow Uec_8179_0 flowId 13 uecSrc 12 finished at 87109.1 total messages 1 total packets 16425 RTS 0 total bytes 67112550 in_flight now 0 fair_inc 2059731 prop_inc 92968 fast_inc 0 eta_inc 4787058 multi_dec -6300778 quick_dec -923261 nack_dec -1693200
Flow Uec_8186_0 flowId 6 uecSrc 5 finished at 87124.9 total messages 1 total packets 16425 RTS 0 total bytes 67112550 in_flight now 0 fair_inc 2264137 prop_inc 94146 fast_inc 0 eta_inc 4796361 multi_dec -6713632 quick_dec -878006 nack_dec -1743000
Flow Uec_8183_0 flowId 9 uecSrc 8 finished at 87226.7 total messages 1 total packets 16425 RTS 0 total bytes 67112550 in_flight now 0 fair_inc 2274906 prop_inc 180384 fast_inc 0 eta_inc 4800348 multi_dec -6772563 quick_dec -876289 nack_dec -1734700
Flow Uec_8171_0 flowId 21 uecSrc 20 finished at 87299.8 total messages 1 total packets 16425 RTS 0 total bytes 67112550 in_flight now 0 fair_inc 2240425 prop_inc 213143 fast_inc 751663 eta_inc 4814967 multi_dec -6631777 quick_dec -1046341 nack_dec -1842600
New: 525600 Rtx: 13045 RTS: 0 Bounced: 0 ACKs: 524508 NACKs: 13045 Pulls: 0 sleek_pkts: 0
SPURIOUS_COUNT 0
