.Flow Uec_8185_0 flowId 7 uecSrc 6 finished at 50341.5 total messages 1 total packets 16425 RTS 0 total bytes 67112550 in_flight now 0 fair_inc 0 prop_inc 0 fast_inc 0 eta_inc 0 multi_dec -0 quick_dec -97012 nack_dec -514600
Flow Uec_8164_0 flowId 28 uecSrc 27 finished at 66557 total messages 1 total packets 16425 RTS 0 total bytes 67112550 in_flight now 0 fair_inc 0 prop_inc 0 fast_inc 0 eta_inc 1329 multi_dec -0 quick_dec -54463 nack_dec -460650
Flow Uec_8143_0 flowId 49 uecSrc 48 finished at 66581.5 total messages 1 total packets 16425 RTS 0 total bytes 67112550 in_flight now 0 fair_inc 0 prop_inc 0 fast_inc 0 eta_inc 1329 multi_dec -0 quick_dec -84584 nack_dec -535350
Flow Uec_8189_0 flowId 3 uecSrc 2 finished at 74569.3 total messages 1 total packets 16425 RTS 0 total bytes 67112550 in_flight now 0 fair_inc 11194 prop_inc 0 fast_inc 0 eta_inc 3987 multi_dec -0 quick_dec -31158 nack_dec -485550
Flow Uec_8130_0 flowId 62 uecSrc 61 finished at 79955.9 total messages 1 total packets 16425 RTS 0 total bytes 67112550 in_flight now 0 fair_inc 30646 prop_inc 0 fast_inc 0 eta_inc 7974 multi_dec -0 quick_dec -87693 nack_dec -535350
Flow Uec_8137_0 flowId 55 uecSrc 54 finished at 80798.8 total messages 1 total packets 16425 RTS 0 total bytes 67112550 in_flight now 0 fair_inc 39445 prop_inc 0 fast_inc 0 eta_inc 14619 multi_dec -0 quick_dec -66463 nack_dec -548264
..Flow Uec_8158_0 flowId 34 uecSrc 33 finished at 170344 total messages 1 total packets 16425 RTS 0 total bytes 67112550 in_flight now 0 fair_inc 1277116 prop_inc 1462 fast_inc 0 eta_inc 9261801 multi_dec -11036317 quick_dec -559684 nack_dec -1431750
Flow Uec_8180_0 flowId 12 uecSrc 11 finished at 170446 total messages 1 total packets 16425 RTS 0 total bytes 67112550 in_flight now 0 fair_inc 1230851 prop_inc 3980 fast_inc 0 eta_inc 9255156 multi_dec -10940671 quick_dec -548197 nack_dec -1444200
Flow Uec_8187_0 flowId 5 uecSrc 4 finished at 170595 total messages 1 total packets 16425 RTS 0 total bytes 67112550 in_flight now 0 fair_inc 1101003 prop_inc 9333 fast_inc 0 eta_inc 9264459 multi_dec -10924968 quick_dec -487003 nack_dec -1298950
Flow Uec_8128_0 flowId 64 uecSrc 63 finished at 170783 total messages 1 total packets 16425 RTS 0 total bytes 67112550 in_flight now 0 fair_inc 1043699 prop_inc 5115 fast_inc 0 eta_inc 9275091 multi_dec -10916686 quick_dec -404316 nack_dec -1298950
Flow Uec_8183_0 flowId 9 uecSrc 8 finished at 170785 total messages 1 total packets 16425 RTS 0 total bytes 67112550 in_flight now 0 fair_inc 1108698 prop_inc 190 fast_inc 0 eta_inc 9273762 multi_dec -11172394 quick_dec -383605 nack_dec -1377800
Flow Uec_8155_0 flowId 37 uecSrc 36 finished at 170948 total messages 1 total packets 16425 RTS 0 total bytes 67112550 in_flight now 0 fair_inc 1119537 prop_inc 0 fast_inc 0 eta_inc 9259143 multi_dec -11013074 quick_dec -182993 nack_dec -1427600
Flow Uec_8131_0 flowId 61 uecSrc 60 finished at 171365 total messages 1 total packets 16425 RTS 0 total bytes 67112550 in_flight now 0 fair_inc 998180 prop_inc 240 fast_inc 0 eta_inc 9300342 multi_dec -11079917 quick_dec -238509 nack_dec -1203500
Flow Uec_8172_0 flowId 20 uecSrc 19 finished at 171495 total messages 1 total packets 16425 RTS 0 total bytes 67112550 in_flight now 0 fair_inc 1044334 prop_inc 0 fast_inc 0 eta_inc 9303000 multi_dec -11054203 quick_dec -362205 nack_dec -1357050
Flow Uec_8166_0 flowId 26 uecSrc 25 finished at 171881 total messages 1 total packets 16425 RTS 0 total bytes 67112550 in_flight now 0 fair_inc 1050995 prop_inc 280 fast_inc 0 eta_inc 9325593 multi_dec -11041581 quick_dec -278183 nack_dec -1311400
Flow Uec_8141_0 flowId 51 uecSrc 50 finished at 172144 total messages 1 total packets 16425 RTS 0 total bytes 67112550 in_flight now 0 fair_inc 1135754 prop_inc 0 fast_inc 0 eta_inc 9340212 multi_dec -11074809 quick_dec -307014 nack_dec -1411000
Flow Uec_8174_0 flowId 18 uecSrc 17 finished at 172212 total messages 1 total packets 16425 RTS 0 total bytes 67112550 in_flight now 0 fair_inc 943393 prop_inc 0 fast_inc 0 eta_inc 9354831 multi_dec -11035428 quick_dec -250614 nack_dec -1211800
Flow Uec_8144_0 flowId 48 uecSrc 47 finished at 172213 total messages 1 total packets 16425 RTS 0 total bytes 67112550 in_flight now 0 fair_inc 994562 prop_inc 212 fast_inc 0 eta_inc 9353502 multi_dec -11038331 quick_dec -484430 nack_dec -1240850
Flow Uec_8176_0 flowId 16 uecSrc 15 finished at 172317 total messages 1 total packets 16425 RTS 0 total bytes 67112550 in_flight now 0 fair_inc 1075727 prop_inc 647 fast_inc 0 eta_inc 9342870 multi_dec -11044308 quick_dec -242176 nack_dec -1435900
Flow Uec_8161_0 flowId 31 uecSrc 30 finished at 172324 total messages 1 total packets 16425 RTS 0 total bytes 67112550 in_flight now 0 fair_inc 1067108 prop_inc 0 fast_inc 0 eta_inc 9354831 multi_dec -11023041 quick_dec -283642 nack_dec -1315550
Flow Uec_8184_0 flowId 8 uecSrc 7 finished at 172358 total messages 1 total packets 16425 RTS 0 total bytes 67112550 in_flight now 0 fair_inc 1010499 prop_inc 0 fast_inc 0 eta_inc 9345528 multi_dec -11184907 quick_dec -155029 nack_dec -1249614
Flow Uec_8160_0 flowId 32 uecSrc 31 finished at 172405 total messages 1 total packets 16425 RTS 0 total bytes 67112550 in_flight now 0 fair_inc 1032701 prop_inc 67 fast_inc 0 eta_inc 9365463 multi_dec -10976468 quick_dec -399249 nack_dec -1390250
Flow Uec_8145_0 flowId 47 uecSrc 46 finished at 172428 total messages 1 total packets 16425 RTS 0 total bytes 67112550 in_flight now 0 fair_inc 1017306 prop_inc 24 fast_inc 0 eta_inc 9370779 multi_dec -10953939 quick_dec -386117 nack_dec -1145400
Flow Uec_8179_0 flowId 13 uecSrc 12 finished at 172455 total messages 1 total packets 16425 RTS 0 total bytes 67112550 in_flight now 0 fair_inc 990735 prop_inc 199 fast_inc 0 eta_inc 9356160 multi_dec -10986044 quick_dec -169705 nack_dec -1265750
Flow Uec_8142_0 flowId 50 uecSrc 49 finished at 172667 total messages 1 total packets 16425 RTS 0 total bytes 67112550 in_flight now 0 fair_inc 1057353 prop_inc 427 fast_inc 0 eta_inc 9362805 multi_dec -10992289 quick_dec -337197 nack_dec -1431750
Flow Uec_8165_0 flowId 27 uecSrc 26 finished at 172717 total messages 1 total packets 16425 RTS 0 total bytes 67112550 in_flight now 0 fair_inc 1135296 prop_inc 11177 fast_inc 0 eta_inc 9380082 multi_dec -10974589 quick_dec -443895 nack_dec -1448350
Flow Uec_8186_0 flowId 6 uecSrc 5 finished at 173055 total messages 1 total packets 16425 RTS 0 total bytes 67112550 in_flight now 0 fair_inc 1027368 prop_inc 153 fast_inc 0 eta_inc 9401346 multi_dec -11076065 quick_dec -463256 nack_dec -1381950
Flow Uec_8175_0 flowId 17 uecSrc 16 finished at 173154 total messages 1 total packets 16425 RTS 0 total bytes 67112550 in_flight now 0 fair_inc 1093325 prop_inc 78 fast_inc 0 eta_inc 9393372 multi_dec -10963831 quick_dec -496671 nack_dec -1506450
Flow Uec_8132_0 flowId 60 uecSrc 59 finished at 173210 total messages 1 total packets 16425 RTS 0 total bytes 67112550 in_flight now 0 fair_inc 1078176 prop_inc 2720 fast_inc 0 eta_inc 9393372 multi_dec -11017617 quick_dec -454082 nack_dec -1444200
Flow Uec_8168_0 flowId 24 uecSrc 23 finished at 173228 total messages 1 total packets 16425 RTS 0 total bytes 67112550 in_flight now 0 fair_inc 1147916 prop_inc 876 fast_inc 0 eta_inc 9382740 multi_dec -10996788 quick_dec -491662 nack_dec -1568700
Flow Uec_8136_0 flowId 56 uecSrc 55 finished at 173294 total messages 1 total packets 16425 RTS 0 total bytes 67112550 in_flight now 0 fair_inc 1030441 prop_inc 5988 fast_inc 0 eta_inc 9404004 multi_dec -10974819 quick_dec -320968 nack_dec -1357050
Flow Uec_8140_0 flowId 52 uecSrc 51 finished at 173356 total messages 1 total packets 16425 RTS 0 total bytes 67112550 in_flight now 0 fair_inc 1088607 prop_inc 419 fast_inc 0 eta_inc 9411978 multi_dec -10907029 quick_dec -509618 nack_dec -1411000
Flow Uec_8149_0 flowId 43 uecSrc 42 finished at 173401 total messages 1 total packets 16425 RTS 0 total bytes 67112550 in_flight now 0 fair_inc 1029814 prop_inc 583 fast_inc 0 eta_inc 9409320 multi_dec -10957180 quick_dec -395013 nack_dec -1328000
Flow Uec_8138_0 flowId 54 uecSrc 53 finished at 173415 total messages 1 total packets 16425 RTS 0 total bytes 67112550 in_flight now 0 fair_inc 1115118 prop_inc 5520 fast_inc 0 eta_inc 9431913 multi_dec -10852902 quick_dec -652595 nack_dec -1494000
Flow Uec_8163_0 flowId 29 uecSrc 28 finished at 173508 total messages 1 total packets 16425 RTS 0 total bytes 67112550 in_flight now 0 fair_inc 1076481 prop_inc 6089 fast_inc 0 eta_inc 9426597 multi_dec -11040462 quick_dec -487197 nack_dec -1365350
Flow Uec_8152_0 flowId 40 uecSrc 39 finished at 173523 total messages 1 total packets 16425 RTS 0 total bytes 67112550 in_flight now 0 fair_inc 1012555 prop_inc 3253 fast_inc 0 eta_inc 9422610 multi_dec -10962357 quick_dec -314556 nack_dec -1290650
Flow Uec_8134_0 flowId 58 uecSrc 57 finished at 173556 total messages 1 total packets 16425 RTS 0 total bytes 67112550 in_flight now 0 fair_inc 925086 prop_inc 11702 fast_inc 0 eta_inc 9438558 multi_dec -11016979 quick_dec -337423 nack_dec -1249150
Flow Uec_8177_0 flowId 15 uecSrc 14 finished at 173559 total messages 1 total packets 16425 RTS 0 total bytes 67112550 in_flight now 0 fair_inc 975778 prop_inc 3267 fast_inc 0 eta_inc 9426597 multi_dec -11031778 quick_dec -376998 nack_dec -1298950
Flow Uec_8154_0 flowId 38 uecSrc 37 finished at 173604 total messages 1 total packets 16425 RTS 0 total bytes 67112550 in_flight now 0 fair_inc 1112428 prop_inc 5960 fast_inc 0 eta_inc 9425268 multi_dec -10948330 quick_dec -492123 nack_dec -1361200
Flow Uec_8190_0 flowId 2 uecSrc 1 finished at 173647 total messages 1 total packets 16425 RTS 0 total bytes 67112550 in_flight now 0 fair_inc 956713 prop_inc 5219 fast_inc 0 eta_inc 9425268 multi_dec -11021438 quick_dec -270422 nack_dec -1369500
Flow Uec_8139_0 flowId 53 uecSrc 52 finished at 173663 total messages 1 total packets 16425 RTS 0 total bytes 67112550 in_flight now 0 fair_inc 986627 prop_inc 3617 fast_inc 0 eta_inc 9435900 multi_dec -10934712 quick_dec -438763 nack_dec -1319700
Flow Uec_8151_0 flowId 41 uecSrc 40 finished at 173719 total messages 1 total packets 16425 RTS 0 total bytes 67112550 in_flight now 0 fair_inc 1057403 prop_inc 5875 fast_inc 0 eta_inc 9431913 multi_dec -11000711 quick_dec -409084 nack_dec -1373650
Flow Uec_8171_0 flowId 21 uecSrc 20 finished at 173788 total messages 1 total packets 16425 RTS 0 total bytes 67112550 in_flight now 0 fair_inc 974770 prop_inc 2100 fast_inc 0 eta_inc 9421281 multi_dec -11003935 quick_dec -322426 nack_dec -1435900
Flow Uec_8181_0 flowId 11 uecSrc 10 finished at 173798 total messages 1 total packets 16425 RTS 0 total bytes 67112550 in_flight now 0 fair_inc 1139292 prop_inc 3988 fast_inc 0 eta_inc 9431913 multi_dec -10990040 quick_dec -456408 nack_dec -1527200
Flow Uec_8162_0 flowId 30 uecSrc 29 finished at 173806 total messages 1 total packets 16425 RTS 0 total bytes 67112550 in_flight now 0 fair_inc 945750 prop_inc 10592 fast_inc 0 eta_inc 9439887 multi_dec -10864942 quick_dec -484555 nack_dec -1349214
Flow Uec_8169_0 flowId 23 uecSrc 22 finished at 173809 total messages 1 total packets 16425 RTS 0 total bytes 67112550 in_flight now 0 fair_inc 1067770 prop_inc 4336 fast_inc 0 eta_inc 9445203 multi_dec -10896452 quick_dec -415750 nack_dec -1352900
Flow Uec_8167_0 flowId 25 uecSrc 24 finished at 173847 total messages 1 total packets 16425 RTS 0 total bytes 67112550 in_flight now 0 fair_inc 962217 prop_inc 4830 fast_inc 0 eta_inc 9443874 multi_dec -10931970 quick_dec -526668 nack_dec -1269900
Flow Uec_8150_0 flowId 42 uecSrc 41 finished at 173861 total messages 1 total packets 16425 RTS 0 total bytes 67112550 in_flight now 0 fair_inc 1083348 prop_inc 4843 fast_inc 0 eta_inc 9421281 multi_dec -10934981 quick_dec -355569 nack_dec -1494000
Flow Uec_8178_0 flowId 14 uecSrc 13 finished at 173900 total messages 1 total packets 16425 RTS 0 total bytes 67112550 in_flight now 0 fair_inc 955003 prop_inc 14356 fast_inc 0 eta_inc 9429255 multi_dec -10973524 quick_dec -361386 nack_dec -1307250
Flow Uec_8173_0 flowId 19 uecSrc 18 finished at 173910 total messages 1 total packets 16425 RTS 0 total bytes 67112550 in_flight now 0 fair_inc 914524 prop_inc 9345 fast_inc 0 eta_inc 9425268 multi_dec -11018797 quick_dec -232087 nack_dec -1294800
Flow Uec_8156_0 flowId 36 uecSrc 35 finished at 173929 total messages 1 total packets 16425 RTS 0 total bytes 67112550 in_flight now 0 fair_inc 1050508 prop_inc 2021 fast_inc 0 eta_inc 9450519 multi_dec -10958924 quick_dec -420572 nack_dec -1523050
Flow Uec_8129_0 flowId 63 uecSrc 62 finished at 173981 total messages 1 total packets 16425 RTS 0 total bytes 67112550 in_flight now 0 fair_inc 1090386 prop_inc 16799 fast_inc 0 eta_inc 9457164 multi_dec -11016696 quick_dec -503738 nack_dec -1365350
Flow Uec_8182_0 flowId 10 uecSrc 9 finished at 174010 total messages 1 total packets 16425 RTS 0 total bytes 67112550 in_flight now 0 fair_inc 1057059 prop_inc 10011 fast_inc 0 eta_inc 9433242 multi_dec -10944833 quick_dec -330198 nack_dec -1411000
Flow Uec_8157_0 flowId 35 uecSrc 34 finished at 174017 total messages 1 total packets 16425 RTS 0 total bytes 67112550 in_flight now 0 fair_inc 963019 prop_inc 7557 fast_inc 0 eta_inc 9442545 multi_dec -10762270 quick_dec -381253 nack_dec -1390250
Flow Uec_8170_0 flowId 22 uecSrc 21 finished at 174018 total messages 1 total packets 16425 RTS 0 total bytes 67112550 in_flight now 0 fair_inc 1031151 prop_inc 6522 fast_inc 0 eta_inc 9445203 multi_dec -10943805 quick_dec -360735 nack_dec -1294800
Flow Uec_8146_0 flowId 46 uecSrc 45 finished at 174076 total messages 1 total packets 16425 RTS 0 total bytes 67112550 in_flight now 0 fair_inc 954477 prop_inc 16333 fast_inc 0 eta_inc 9447861 multi_dec -10802075 quick_dec -428269 nack_dec -1319700
Flow Uec_8153_0 flowId 39 uecSrc 38 finished at 174084 total messages 1 total packets 16425 RTS 0 total bytes 67112550 in_flight now 0 fair_inc 976332 prop_inc 5860 fast_inc 0 eta_inc 9451848 multi_dec -11011796 quick_dec -226427 nack_dec -1303100
Flow Uec_8133_0 flowId 59 uecSrc 58 finished at 174128 total messages 1 total packets 16425 RTS 0 total bytes 67112550 in_flight now 0 fair_inc 960870 prop_inc 21710 fast_inc 0 eta_inc 9453177 multi_dec -10813495 quick_dec -451217 nack_dec -1373650
Flow Uec_8135_0 flowId 57 uecSrc 56 finished at 174150 total messages 1 total packets 16425 RTS 0 total bytes 67112550 in_flight now 0 fair_inc 1031719 prop_inc 26009 fast_inc 0 eta_inc 9445203 multi_dec -10841864 quick_dec -224435 nack_dec -1332150
Flow Uec_8191_0 flowId 1 uecSrc 0 finished at 174166 total messages 1 total packets 16425 RTS 0 total bytes 67112550 in_flight now 0 fair_inc 1035236 prop_inc 22721 fast_inc 0 eta_inc 9467796 multi_dec -10798254 quick_dec -518462 nack_dec -1361200
Flow Uec_8147_0 flowId 45 uecSrc 44 finished at 174285 total messages 1 total packets 16425 RTS 0 total bytes 67112550 in_flight now 0 fair_inc 889857 prop_inc 67742 fast_inc 0 eta_inc 9459822 multi_dec -10751702 quick_dec -411142 nack_dec -1332150
Flow Uec_8159_0 flowId 33 uecSrc 32 finished at 174285 total messages 1 total packets 16425 RTS 0 total bytes 67112550 in_flight now 0 fair_inc 929553 prop_inc 57048 fast_inc 0 eta_inc 9466467 multi_dec -10631216 quick_dec -566020 nack_dec -1514750
Flow Uec_8148_0 flowId 44 uecSrc 43 finished at 174360 total messages 1 total packets 16425 RTS 0 total bytes 67112550 in_flight now 0 fair_inc 913188 prop_inc 177615 fast_inc 0 eta_inc 9458493 multi_dec -10497114 quick_dec -563228 nack_dec -1435900
Flow Uec_8188_0 flowId 4 uecSrc 3 finished at 174567 total messages 1 total packets 16425 RTS 0 total bytes 67112550 in_flight now 0 fair_inc 897186 prop_inc 177644 fast_inc 2519969 eta_inc 9481086 multi_dec -10741016 quick_dec -400493 nack_dec -1361200
New: 1051200 Rtx: 19821 RTS: 0 Bounced: 0 ACKs: 1049838 NACKs: 19821 Pulls: 0 sleek_pkts: 0
SPURIOUS_COUNT 0
