....Flow Uec_4194_0 flowId 44 uecSrc 43 finished at 217736 total messages 1 total packets 16425 RTS 0 total bytes 67112550 in_flight now 0 fair_inc 6052 prop_inc 0 fast_inc 0 eta_inc 11288526 multi_dec -11045252 quick_dec --338116 nack_dec -1365814
.Flow Uec_58_0 flowId 65 uecSrc 64 finished at 257453 total messages 1 total packets 16425 RTS 0 total bytes 67112550 in_flight now 0 fair_inc 36363 prop_inc 15976 fast_inc 0 eta_inc 15080163 multi_dec -13384638 quick_dec --1247175 nack_dec -5162600
Flow Uec_44_0 flowId 30 uecSrc 29 finished at 260179 total messages 1 total packets 16425 RTS 0 total bytes 67112550 in_flight now 0 fair_inc 11333 prop_inc 4117 fast_inc 0 eta_inc 15209076 multi_dec -13435398 quick_dec --1184579 nack_dec -5158450
Flow Uec_130_0 flowId 71 uecSrc 70 finished at 262845 total messages 1 total packets 16425 RTS 0 total bytes 67112550 in_flight now 0 fair_inc 13623 prop_inc 1234 fast_inc 0 eta_inc 15352608 multi_dec -13519482 quick_dec --1029701 nack_dec -5100350
Flow Uec_90_0 flowId 94 uecSrc 93 finished at 266698 total messages 1 total packets 16425 RTS 0 total bytes 67112550 in_flight now 0 fair_inc 11100 prop_inc 0 fast_inc 0 eta_inc 15670239 multi_dec -13873528 quick_dec --1146466 nack_dec -4996600
Flow Uec_86_0 flowId 39 uecSrc 38 finished at 273572 total messages 1 total packets 16425 RTS 0 total bytes 67112550 in_flight now 0 fair_inc 9694 prop_inc 3225 fast_inc 0 eta_inc 15959961 multi_dec -14054731 quick_dec --1201726 nack_dec -5399150
Flow Uec_192_0 flowId 104 uecSrc 103 finished at 274364 total messages 1 total packets 16425 RTS 0 total bytes 67112550 in_flight now 0 fair_inc 30775 prop_inc 28822 fast_inc 0 eta_inc 16146021 multi_dec -14365280 quick_dec --974122 nack_dec -5158914
Flow Uec_7257_0 flowId 18 uecSrc 17 finished at 277876 total messages 1 total packets 16425 RTS 0 total bytes 67112550 in_flight now 0 fair_inc 23219 prop_inc 0 fast_inc 0 eta_inc 14415663 multi_dec -14025871 quick_dec --256100 nack_dec -1577000
Flow Uec_5065_0 flowId 61 uecSrc 60 finished at 280634 total messages 1 total packets 16425 RTS 0 total bytes 67112550 in_flight now 0 fair_inc 17629 prop_inc 0 fast_inc 0 eta_inc 14568498 multi_dec -14117681 quick_dec --173141 nack_dec -1572850
Flow Uec_7018_0 flowId 46 uecSrc 45 finished at 281066 total messages 1 total packets 16425 RTS 0 total bytes 67112550 in_flight now 0 fair_inc 6033 prop_inc 0 fast_inc 0 eta_inc 14613684 multi_dec -14222745 quick_dec --226750 nack_dec -1460800
Flow Uec_7497_0 flowId 40 uecSrc 39 finished at 284612 total messages 1 total packets 16425 RTS 0 total bytes 67112550 in_flight now 0 fair_inc 38082 prop_inc 0 fast_inc 0 eta_inc 14751900 multi_dec -14349263 quick_dec --159658 nack_dec -1648014
Flow Uec_6216_0 flowId 113 uecSrc 112 finished at 287914 total messages 1 total packets 16425 RTS 0 total bytes 67112550 in_flight now 0 fair_inc 24975 prop_inc 0 fast_inc 0 eta_inc 14960553 multi_dec -14498241 quick_dec --108383 nack_dec -1485700
Flow Uec_1154_0 flowId 116 uecSrc 115 finished at 287970 total messages 1 total packets 16425 RTS 0 total bytes 67112550 in_flight now 0 fair_inc 4977 prop_inc 0 fast_inc 0 eta_inc 14912709 multi_dec -14415984 quick_dec --203083 nack_dec -1647550
Flow Uec_2647_0 flowId 15 uecSrc 14 finished at 288169 total messages 1 total packets 16425 RTS 0 total bytes 67112550 in_flight now 0 fair_inc 22611 prop_inc 0 fast_inc 0 eta_inc 14953908 multi_dec -14465735 quick_dec --168203 nack_dec -1606050
Flow Uec_35_0 flowId 117 uecSrc 116 finished at 288588 total messages 1 total packets 16425 RTS 0 total bytes 67112550 in_flight now 0 fair_inc 37921 prop_inc 0 fast_inc 0 eta_inc 16857036 multi_dec -14892440 quick_dec --1038903 nack_dec -5801700
Flow Uec_5569_0 flowId 93 uecSrc 92 finished at 289352 total messages 1 total packets 16425 RTS 0 total bytes 67112550 in_flight now 0 fair_inc 0 prop_inc 0 fast_inc 0 eta_inc 14983146 multi_dec -14436338 quick_dec --294196 nack_dec -1755450
.Flow Uec_4882_0 flowId 102 uecSrc 101 finished at 302994 total messages 1 total packets 16425 RTS 0 total bytes 67112550 in_flight now 0 fair_inc 23078 prop_inc 0 fast_inc 0 eta_inc 15765927 multi_dec -15353671 quick_dec --141877 nack_dec -1514750
Flow Uec_4690_0 flowId 29 uecSrc 28 finished at 304702 total messages 1 total packets 16425 RTS 0 total bytes 67112550 in_flight now 0 fair_inc 29597 prop_inc 0 fast_inc 0 eta_inc 15823074 multi_dec -15355060 quick_dec --109560 nack_dec -1594064
Flow Uec_7323_0 flowId 19 uecSrc 18 finished at 311175 total messages 1 total packets 16425 RTS 0 total bytes 67112550 in_flight now 0 fair_inc 28914 prop_inc 0 fast_inc 0 eta_inc 16115454 multi_dec -15563834 quick_dec --123362 nack_dec -1772050
Flow Uec_5194_0 flowId 21 uecSrc 20 finished at 313575 total messages 1 total packets 16425 RTS 0 total bytes 67112550 in_flight now 0 fair_inc 22565 prop_inc 0 fast_inc 0 eta_inc 16276263 multi_dec -15697528 quick_dec --76361 nack_dec -1684900
Flow Uec_4709_0 flowId 76 uecSrc 75 finished at 316072 total messages 1 total packets 16425 RTS 0 total bytes 67112550 in_flight now 0 fair_inc 22369 prop_inc 0 fast_inc 0 eta_inc 16429098 multi_dec -15985201 quick_dec --94516 nack_dec -1639250
Flow Uec_7264_0 flowId 32 uecSrc 31 finished at 319333 total messages 1 total packets 16425 RTS 0 total bytes 67112550 in_flight now 0 fair_inc 20592 prop_inc 0 fast_inc 0 eta_inc 16546050 multi_dec -15930217 quick_dec --146494 nack_dec -1788650
Flow Uec_3488_0 flowId 80 uecSrc 79 finished at 319422 total messages 1 total packets 16425 RTS 0 total bytes 67112550 in_flight now 0 fair_inc 17715 prop_inc 0 fast_inc 0 eta_inc 16552695 multi_dec -15939658 quick_dec --171623 nack_dec -1798342
Flow Uec_6518_0 flowId 37 uecSrc 36 finished at 321083 total messages 1 total packets 16425 RTS 0 total bytes 67112550 in_flight now 0 fair_inc 12048 prop_inc 0 fast_inc 0 eta_inc 16632435 multi_dec -16000251 quick_dec --152252 nack_dec -1738850
Flow Uec_3713_0 flowId 55 uecSrc 54 finished at 322213 total messages 1 total packets 16425 RTS 0 total bytes 67112550 in_flight now 0 fair_inc 56297 prop_inc 0 fast_inc 0 eta_inc 16690911 multi_dec -16086180 quick_dec --171628 nack_dec -1764214
Flow Uec_5071_0 flowId 38 uecSrc 37 finished at 322562 total messages 1 total packets 16425 RTS 0 total bytes 67112550 in_flight now 0 fair_inc 78714 prop_inc 0 fast_inc 0 eta_inc 16706859 multi_dec -16181376 quick_dec --148246 nack_dec -1834300
Flow Uec_7489_0 flowId 111 uecSrc 110 finished at 324921 total messages 1 total packets 16425 RTS 0 total bytes 67112550 in_flight now 0 fair_inc 19726 prop_inc 0 fast_inc 0 eta_inc 16827798 multi_dec -16103178 quick_dec -6457 nack_dec -1863350
Flow Uec_4725_0 flowId 78 uecSrc 77 finished at 325639 total messages 1 total packets 16425 RTS 0 total bytes 67112550 in_flight now 0 fair_inc 6020 prop_inc 0 fast_inc 0 eta_inc 16927473 multi_dec -16339448 quick_dec --91915 nack_dec -1639250
Flow Uec_4842_0 flowId 121 uecSrc 120 finished at 325938 total messages 1 total packets 16425 RTS 0 total bytes 67112550 in_flight now 0 fair_inc 45180 prop_inc 0 fast_inc 0 eta_inc 16934118 multi_dec -16394884 quick_dec --19266 nack_dec -1693664
Flow Uec_343_0 flowId 5 uecSrc 4 finished at 326020 total messages 1 total packets 16425 RTS 0 total bytes 67112550 in_flight now 0 fair_inc 17752 prop_inc 0 fast_inc 0 eta_inc 16896906 multi_dec -16225587 quick_dec --99909 nack_dec -1809400
Flow Uec_4263_0 flowId 34 uecSrc 33 finished at 326297 total messages 1 total packets 16425 RTS 0 total bytes 67112550 in_flight now 0 fair_inc 23940 prop_inc 0 fast_inc 0 eta_inc 16934118 multi_dec -16245054 quick_dec --21198 nack_dec -1710264
Flow Uec_4058_0 flowId 83 uecSrc 82 finished at 327254 total messages 1 total packets 16425 RTS 0 total bytes 67112550 in_flight now 0 fair_inc 12052 prop_inc 0 fast_inc 0 eta_inc 17048412 multi_dec -16421666 quick_dec -23794 nack_dec -1518900
Flow Uec_7875_0 flowId 59 uecSrc 58 finished at 328084 total messages 1 total packets 16425 RTS 0 total bytes 67112550 in_flight now 0 fair_inc 29176 prop_inc 0 fast_inc 0 eta_inc 16951395 multi_dec -16219984 quick_dec --99265 nack_dec -1933900
Flow Uec_473_0 flowId 75 uecSrc 74 finished at 329573 total messages 1 total packets 16425 RTS 0 total bytes 67112550 in_flight now 0 fair_inc 16341 prop_inc 0 fast_inc 0 eta_inc 17106888 multi_dec -16502190 quick_dec --143797 nack_dec -1751300
Flow Uec_892_0 flowId 47 uecSrc 46 finished at 329726 total messages 1 total packets 16425 RTS 0 total bytes 67112550 in_flight now 0 fair_inc 17207 prop_inc 0 fast_inc 0 eta_inc 17140113 multi_dec -16448942 quick_dec --46288 nack_dec -1697350
Flow Uec_1859_0 flowId 63 uecSrc 62 finished at 329878 total messages 1 total packets 16425 RTS 0 total bytes 67112550 in_flight now 0 fair_inc 22915 prop_inc 0 fast_inc 0 eta_inc 17106888 multi_dec -16436798 quick_dec --88886 nack_dec -1805250
Flow Uec_465_0 flowId 68 uecSrc 67 finished at 330047 total messages 1 total packets 16425 RTS 0 total bytes 67112550 in_flight now 0 fair_inc 23656 prop_inc 0 fast_inc 0 eta_inc 17142771 multi_dec -16559698 quick_dec --57691 nack_dec -1751300
Flow Uec_1760_0 flowId 106 uecSrc 105 finished at 330851 total messages 1 total packets 16425 RTS 0 total bytes 67112550 in_flight now 0 fair_inc 34224 prop_inc 0 fast_inc 0 eta_inc 17150745 multi_dec -16501856 quick_dec --26921 nack_dec -1789578
Flow Uec_5016_0 flowId 36 uecSrc 35 finished at 330865 total messages 1 total packets 16425 RTS 0 total bytes 67112550 in_flight now 0 fair_inc 25733 prop_inc 0 fast_inc 0 eta_inc 17134797 multi_dec -16482879 quick_dec --89175 nack_dec -1892400
Flow Uec_5482_0 flowId 17 uecSrc 16 finished at 331441 total messages 1 total packets 16425 RTS 0 total bytes 67112550 in_flight now 0 fair_inc 23440 prop_inc 0 fast_inc 0 eta_inc 17179983 multi_dec -16570648 quick_dec --91264 nack_dec -1834764
Flow Uec_3105_0 flowId 95 uecSrc 94 finished at 331600 total messages 1 total packets 16425 RTS 0 total bytes 67112550 in_flight now 0 fair_inc 17656 prop_inc 0 fast_inc 0 eta_inc 17278329 multi_dec -16744984 quick_dec --63491 nack_dec -1539650
Flow Uec_7079_0 flowId 114 uecSrc 113 finished at 331683 total messages 1 total packets 16425 RTS 0 total bytes 67112550 in_flight now 0 fair_inc 24242 prop_inc 0 fast_inc 0 eta_inc 17206563 multi_dec -16604122 quick_dec --75221 nack_dec -1789578
Flow Uec_4537_0 flowId 89 uecSrc 88 finished at 332259 total messages 1 total packets 16425 RTS 0 total bytes 67112550 in_flight now 0 fair_inc 41292 prop_inc 0 fast_inc 0 eta_inc 17241117 multi_dec -16628582 quick_dec --61333 nack_dec -1722250
Flow Uec_636_0 flowId 90 uecSrc 89 finished at 332276 total messages 1 total packets 16425 RTS 0 total bytes 67112550 in_flight now 0 fair_inc 28593 prop_inc 0 fast_inc 0 eta_inc 17304909 multi_dec -16773698 quick_dec --54505 nack_dec -1606050
Flow Uec_3111_0 flowId 56 uecSrc 55 finished at 332684 total messages 1 total packets 16425 RTS 0 total bytes 67112550 in_flight now 0 fair_inc 20875 prop_inc 0 fast_inc 0 eta_inc 17262381 multi_dec -16622602 quick_dec --85342 nack_dec -1767900
Flow Uec_8165_0 flowId 41 uecSrc 40 finished at 333619 total messages 1 total packets 16425 RTS 0 total bytes 67112550 in_flight now 0 fair_inc 17129 prop_inc 0 fast_inc 0 eta_inc 17339463 multi_dec -16794436 quick_dec --137469 nack_dec -1689050
Flow Uec_3529_0 flowId 108 uecSrc 107 finished at 334731 total messages 1 total packets 16425 RTS 0 total bytes 67112550 in_flight now 0 fair_inc 16350 prop_inc 0 fast_inc 0 eta_inc 17421861 multi_dec -16827274 quick_dec --82850 nack_dec -1639250
Flow Uec_307_0 flowId 43 uecSrc 42 finished at 335049 total messages 1 total packets 16425 RTS 0 total bytes 67112550 in_flight now 0 fair_inc 9827 prop_inc 0 fast_inc 0 eta_inc 17401926 multi_dec -16751169 quick_dec --120733 nack_dec -1718100
Flow Uec_5259_0 flowId 110 uecSrc 109 finished at 335421 total messages 1 total packets 16425 RTS 0 total bytes 67112550 in_flight now 0 fair_inc 29039 prop_inc 0 fast_inc 0 eta_inc 17404584 multi_dec -16789651 quick_dec --69311 nack_dec -1763750
Flow Uec_4251_0 flowId 52 uecSrc 51 finished at 336881 total messages 1 total packets 16425 RTS 0 total bytes 67112550 in_flight now 0 fair_inc 12061 prop_inc 0 fast_inc 0 eta_inc 17514891 multi_dec -16894719 quick_dec --71364 nack_dec -1668300
Flow Uec_8180_0 flowId 69 uecSrc 68 finished at 337675 total messages 1 total packets 16425 RTS 0 total bytes 67112550 in_flight now 0 fair_inc 22683 prop_inc 0 fast_inc 0 eta_inc 17505588 multi_dec -16851793 quick_dec --136004 nack_dec -1884100
Flow Uec_4673_0 flowId 115 uecSrc 114 finished at 337733 total messages 1 total packets 16425 RTS 0 total bytes 67112550 in_flight now 0 fair_inc 5179 prop_inc 0 fast_inc 0 eta_inc 17580012 multi_dec -16922970 quick_dec --57113 nack_dec -1601900
Flow Uec_2903_0 flowId 109 uecSrc 108 finished at 337877 total messages 1 total packets 16425 RTS 0 total bytes 67112550 in_flight now 0 fair_inc 26730 prop_inc 0 fast_inc 0 eta_inc 17561406 multi_dec -16882971 quick_dec -2728 nack_dec -1751300
Flow Uec_2097_0 flowId 42 uecSrc 41 finished at 338666 total messages 1 total packets 16425 RTS 0 total bytes 67112550 in_flight now 0 fair_inc 18044 prop_inc 0 fast_inc 0 eta_inc 17614566 multi_dec -16996787 quick_dec --24186 nack_dec -1639250
Flow Uec_3808_0 flowId 11 uecSrc 10 finished at 339094 total messages 1 total packets 16425 RTS 0 total bytes 67112550 in_flight now 0 fair_inc 12130 prop_inc 0 fast_inc 0 eta_inc 17614566 multi_dec -16952124 quick_dec --65407 nack_dec -1680750
Flow Uec_7476_0 flowId 25 uecSrc 24 finished at 339684 total messages 1 total packets 16425 RTS 0 total bytes 67112550 in_flight now 0 fair_inc 11370 prop_inc 0 fast_inc 0 eta_inc 17603934 multi_dec -16858823 quick_dec --121882 nack_dec -1821850
Flow Uec_4204_0 flowId 8 uecSrc 7 finished at 339907 total messages 1 total packets 16425 RTS 0 total bytes 67112550 in_flight now 0 fair_inc 22615 prop_inc 0 fast_inc 0 eta_inc 17674371 multi_dec -17033382 quick_dec -37140 nack_dec -1672450
Flow Uec_5316_0 flowId 92 uecSrc 91 finished at 340246 total messages 1 total packets 16425 RTS 0 total bytes 67112550 in_flight now 0 fair_inc 33521 prop_inc 0 fast_inc 0 eta_inc 17651778 multi_dec -17025050 quick_dec -8356 nack_dec -1859200
Flow Uec_1123_0 flowId 24 uecSrc 23 finished at 340285 total messages 1 total packets 16425 RTS 0 total bytes 67112550 in_flight now 0 fair_inc 22545 prop_inc 0 fast_inc 0 eta_inc 17679687 multi_dec -17013594 quick_dec --71853 nack_dec -1772050
Flow Uec_6887_0 flowId 103 uecSrc 102 finished at 340562 total messages 1 total packets 16425 RTS 0 total bytes 67112550 in_flight now 0 fair_inc 22882 prop_inc 0 fast_inc 0 eta_inc 17704938 multi_dec -17129669 quick_dec --79284 nack_dec -1713950
Flow Uec_3496_0 flowId 45 uecSrc 44 finished at 340812 total messages 1 total packets 16425 RTS 0 total bytes 67112550 in_flight now 0 fair_inc 41223 prop_inc 0 fast_inc 0 eta_inc 17739492 multi_dec -17180031 quick_dec --35984 nack_dec -1622650
Flow Uec_7425_0 flowId 96 uecSrc 95 finished at 341310 total messages 1 total packets 16425 RTS 0 total bytes 67112550 in_flight now 0 fair_inc 21267 prop_inc 0 fast_inc 0 eta_inc 17723544 multi_dec -17056924 quick_dec --62984 nack_dec -1751300
Flow Uec_7575_0 flowId 51 uecSrc 50 finished at 341519 total messages 1 total packets 16425 RTS 0 total bytes 67112550 in_flight now 0 fair_inc 23199 prop_inc 0 fast_inc 0 eta_inc 17710254 multi_dec -17062040 quick_dec --71191 nack_dec -1834300
Flow Uec_3671_0 flowId 58 uecSrc 57 finished at 341685 total messages 1 total packets 16425 RTS 0 total bytes 67112550 in_flight now 0 fair_inc 27365 prop_inc 0 fast_inc 0 eta_inc 17774046 multi_dec -17169918 quick_dec --43188 nack_dec -1726400
Flow Uec_1770_0 flowId 74 uecSrc 73 finished at 341740 total messages 1 total packets 16425 RTS 0 total bytes 67112550 in_flight now 0 fair_inc 8971 prop_inc 0 fast_inc 0 eta_inc 17771388 multi_dec -17096881 quick_dec --12320 nack_dec -1709800
Flow Uec_1012_0 flowId 7 uecSrc 6 finished at 341750 total messages 1 total packets 16425 RTS 0 total bytes 67112550 in_flight now 0 fair_inc 35383 prop_inc 0 fast_inc 0 eta_inc 17734176 multi_dec -17021269 quick_dec -17791 nack_dec -1842600
Flow Uec_7561_0 flowId 3 uecSrc 2 finished at 341949 total messages 1 total packets 16425 RTS 0 total bytes 67112550 in_flight now 0 fair_inc 34100 prop_inc 0 fast_inc 0 eta_inc 17782020 multi_dec -17108473 quick_dec -70906 nack_dec -1788650
Flow Uec_3907_0 flowId 64 uecSrc 63 finished at 342320 total messages 1 total packets 16425 RTS 0 total bytes 67112550 in_flight now 0 fair_inc 43348 prop_inc 0 fast_inc 0 eta_inc 17774046 multi_dec -17182196 quick_dec --95315 nack_dec -1818164
Flow Uec_5199_0 flowId 81 uecSrc 80 finished at 342369 total messages 1 total packets 16425 RTS 0 total bytes 67112550 in_flight now 0 fair_inc 47812 prop_inc 0 fast_inc 0 eta_inc 17819232 multi_dec -17251940 quick_dec --23023 nack_dec -1664150
Flow Uec_7016_0 flowId 12 uecSrc 11 finished at 342808 total messages 1 total packets 16425 RTS 0 total bytes 67112550 in_flight now 0 fair_inc 40961 prop_inc 0 fast_inc 0 eta_inc 17763414 multi_dec -16965869 quick_dec --3552 nack_dec -1979550
Flow Uec_6660_0 flowId 79 uecSrc 78 finished at 343293 total messages 1 total packets 16425 RTS 0 total bytes 67112550 in_flight now 0 fair_inc 47138 prop_inc 0 fast_inc 0 eta_inc 17819232 multi_dec -17178372 quick_dec --67782 nack_dec -1821850
Flow Uec_7825_0 flowId 99 uecSrc 98 finished at 343364 total messages 1 total packets 16425 RTS 0 total bytes 67112550 in_flight now 0 fair_inc 28055 prop_inc 0 fast_inc 0 eta_inc 17841825 multi_dec -17212804 quick_dec -15420 nack_dec -1776664
Flow Uec_1895_0 flowId 2 uecSrc 1 finished at 343369 total messages 1 total packets 16425 RTS 0 total bytes 67112550 in_flight now 0 fair_inc 56133 prop_inc 0 fast_inc 0 eta_inc 17884353 multi_dec -17350175 quick_dec -11608 nack_dec -1572850
Flow Uec_2512_0 flowId 72 uecSrc 71 finished at 343620 total messages 1 total packets 16425 RTS 0 total bytes 67112550 in_flight now 0 fair_inc 11475 prop_inc 0 fast_inc 0 eta_inc 17869734 multi_dec -17225440 quick_dec --29448 nack_dec -1660000
Flow Uec_2092_0 flowId 23 uecSrc 22 finished at 343666 total messages 1 total packets 16425 RTS 0 total bytes 67112550 in_flight now 0 fair_inc 43210 prop_inc 0 fast_inc 0 eta_inc 17880366 multi_dec -17278663 quick_dec --413 nack_dec -1738850
Flow Uec_1177_0 flowId 125 uecSrc 124 finished at 343734 total messages 1 total packets 16425 RTS 0 total bytes 67112550 in_flight now 0 fair_inc 18894 prop_inc 0 fast_inc 0 eta_inc 17864418 multi_dec -17164362 quick_dec -21424 nack_dec -1730550
Flow Uec_8032_0 flowId 4 uecSrc 3 finished at 343738 total messages 1 total packets 16425 RTS 0 total bytes 67112550 in_flight now 0 fair_inc 43437 prop_inc 0 fast_inc 0 eta_inc 17853786 multi_dec -17187584 quick_dec -65440 nack_dec -1780350
Flow Uec_6819_0 flowId 101 uecSrc 100 finished at 343951 total messages 1 total packets 16425 RTS 0 total bytes 67112550 in_flight now 0 fair_inc 37659 prop_inc 0 fast_inc 0 eta_inc 17881695 multi_dec -17216067 quick_dec --54475 nack_dec -1713950
Flow Uec_2133_0 flowId 126 uecSrc 125 finished at 343962 total messages 1 total packets 16425 RTS 0 total bytes 67112550 in_flight now 0 fair_inc 30360 prop_inc 0 fast_inc 0 eta_inc 17909604 multi_dec -17306331 quick_dec --35279 nack_dec -1577000
Flow Uec_6991_0 flowId 112 uecSrc 111 finished at 344047 total messages 1 total packets 16425 RTS 0 total bytes 67112550 in_flight now 0 fair_inc 62086 prop_inc 225 fast_inc 0 eta_inc 17897643 multi_dec -17268796 quick_dec -36122 nack_dec -1660000
Flow Uec_7920_0 flowId 62 uecSrc 61 finished at 344073 total messages 1 total packets 16425 RTS 0 total bytes 67112550 in_flight now 0 fair_inc 67936 prop_inc 0 fast_inc 0 eta_inc 17897643 multi_dec -17267567 quick_dec --36001 nack_dec -1672450
Flow Uec_5741_0 flowId 84 uecSrc 83 finished at 344113 total messages 1 total packets 16425 RTS 0 total bytes 67112550 in_flight now 0 fair_inc 54067 prop_inc 0 fast_inc 0 eta_inc 17861760 multi_dec -17189210 quick_dec --17360 nack_dec -1813550
Flow Uec_2350_0 flowId 14 uecSrc 13 finished at 344168 total messages 1 total packets 16425 RTS 0 total bytes 67112550 in_flight now 0 fair_inc 64432 prop_inc 604 fast_inc 0 eta_inc 17879037 multi_dec -17237837 quick_dec -9762 nack_dec -1788650
Flow Uec_6700_0 flowId 28 uecSrc 27 finished at 344235 total messages 1 total packets 16425 RTS 0 total bytes 67112550 in_flight now 0 fair_inc 22948 prop_inc 0 fast_inc 0 eta_inc 17889669 multi_dec -17181964 quick_dec -17022 nack_dec -1813550
Flow Uec_7932_0 flowId 20 uecSrc 19 finished at 344415 total messages 1 total packets 16425 RTS 0 total bytes 67112550 in_flight now 0 fair_inc 106292 prop_inc 0 fast_inc 0 eta_inc 17888340 multi_dec -17180904 quick_dec -43800 nack_dec -1872114
Flow Uec_5501_0 flowId 82 uecSrc 81 finished at 344498 total messages 1 total packets 16425 RTS 0 total bytes 67112550 in_flight now 0 fair_inc 42293 prop_inc 427 fast_inc 0 eta_inc 17925552 multi_dec -17287031 quick_dec --13943 nack_dec -1755450
Flow Uec_4889_0 flowId 66 uecSrc 65 finished at 344737 total messages 1 total packets 16425 RTS 0 total bytes 67112550 in_flight now 0 fair_inc 45957 prop_inc 368 fast_inc 0 eta_inc 17917578 multi_dec -17204309 quick_dec -42837 nack_dec -1796950
Flow Uec_4334_0 flowId 122 uecSrc 121 finished at 344901 total messages 1 total packets 16425 RTS 0 total bytes 67112550 in_flight now 0 fair_inc 47708 prop_inc 1876 fast_inc 0 eta_inc 17956119 multi_dec -17316866 quick_dec -60315 nack_dec -1651700
Flow Uec_2513_0 flowId 1 uecSrc 0 finished at 344909 total messages 1 total packets 16425 RTS 0 total bytes 67112550 in_flight now 0 fair_inc 41586 prop_inc 385 fast_inc 0 eta_inc 17908275 multi_dec -17212036 quick_dec --6959 nack_dec -1904850
Flow Uec_432_0 flowId 100 uecSrc 99 finished at 344943 total messages 1 total packets 16425 RTS 0 total bytes 67112550 in_flight now 0 fair_inc 23193 prop_inc 0 fast_inc 0 eta_inc 17898972 multi_dec -17203976 quick_dec --71643 nack_dec -1871650
Flow Uec_7437_0 flowId 6 uecSrc 5 finished at 345144 total messages 1 total packets 16425 RTS 0 total bytes 67112550 in_flight now 0 fair_inc 69447 prop_inc 25 fast_inc 0 eta_inc 17966751 multi_dec -17350232 quick_dec -48496 nack_dec -1689050
Flow Uec_3504_0 flowId 85 uecSrc 84 finished at 345249 total messages 1 total packets 16425 RTS 0 total bytes 67112550 in_flight now 0 fair_inc 75043 prop_inc 13 fast_inc 0 eta_inc 17958777 multi_dec -17396100 quick_dec --19378 nack_dec -1705650
Flow Uec_3462_0 flowId 9 uecSrc 8 finished at 345297 total messages 1 total packets 16425 RTS 0 total bytes 67112550 in_flight now 0 fair_inc 66468 prop_inc 0 fast_inc 0 eta_inc 17936184 multi_dec -17253416 quick_dec -54197 nack_dec -1859664
Flow Uec_3877_0 flowId 54 uecSrc 53 finished at 345448 total messages 1 total packets 16425 RTS 0 total bytes 67112550 in_flight now 0 fair_inc 67921 prop_inc 172 fast_inc 0 eta_inc 18031872 multi_dec -17542982 quick_dec -45868 nack_dec -1556250
Flow Uec_6670_0 flowId 98 uecSrc 97 finished at 346226 total messages 1 total packets 16425 RTS 0 total bytes 67112550 in_flight now 0 fair_inc 97264 prop_inc 1519 fast_inc 0 eta_inc 17954790 multi_dec -17187473 quick_dec -73548 nack_dec -1876264
Flow Uec_4643_0 flowId 88 uecSrc 87 finished at 346250 total messages 1 total packets 16425 RTS 0 total bytes 67112550 in_flight now 0 fair_inc 89964 prop_inc 1911 fast_inc 0 eta_inc 18001305 multi_dec -17342508 quick_dec --3343 nack_dec -1801100
Flow Uec_2983_0 flowId 26 uecSrc 25 finished at 346313 total messages 1 total packets 16425 RTS 0 total bytes 67112550 in_flight now 0 fair_inc 122558 prop_inc 1450 fast_inc 0 eta_inc 17995989 multi_dec -17338598 quick_dec -8231 nack_dec -1855050
Flow Uec_1843_0 flowId 31 uecSrc 30 finished at 346378 total messages 1 total packets 16425 RTS 0 total bytes 67112550 in_flight now 0 fair_inc 102180 prop_inc 4107 fast_inc 0 eta_inc 18025227 multi_dec -17376384 quick_dec -66152 nack_dec -1718100
Flow Uec_7286_0 flowId 49 uecSrc 48 finished at 346562 total messages 1 total packets 16425 RTS 0 total bytes 67112550 in_flight now 0 fair_inc 122098 prop_inc 2929 fast_inc 0 eta_inc 18025227 multi_dec -17361515 quick_dec -129997 nack_dec -1718100
Flow Uec_2622_0 flowId 107 uecSrc 106 finished at 346614 total messages 1 total packets 16425 RTS 0 total bytes 67112550 in_flight now 0 fair_inc 55546 prop_inc 5743 fast_inc 0 eta_inc 18017253 multi_dec -17367660 quick_dec --59958 nack_dec -1738850
Flow Uec_4224_0 flowId 128 uecSrc 127 finished at 346671 total messages 1 total packets 16425 RTS 0 total bytes 67112550 in_flight now 0 fair_inc 110962 prop_inc 2927 fast_inc 0 eta_inc 18019911 multi_dec -17323675 quick_dec -105835 nack_dec -1809400
Flow Uec_4786_0 flowId 70 uecSrc 69 finished at 346728 total messages 1 total packets 16425 RTS 0 total bytes 67112550 in_flight now 0 fair_inc 75455 prop_inc 3001 fast_inc 0 eta_inc 18005292 multi_dec -17372877 quick_dec --49585 nack_dec -1917300
Flow Uec_4893_0 flowId 124 uecSrc 123 finished at 346807 total messages 1 total packets 16425 RTS 0 total bytes 67112550 in_flight now 0 fair_inc 68406 prop_inc 4892 fast_inc 0 eta_inc 18022569 multi_dec -17309162 quick_dec --11286 nack_dec -1900700
Flow Uec_2604_0 flowId 22 uecSrc 21 finished at 347075 total messages 1 total packets 16425 RTS 0 total bytes 67112550 in_flight now 0 fair_inc 166079 prop_inc 3465 fast_inc 0 eta_inc 18051807 multi_dec -17475719 quick_dec -112827 nack_dec -1784500
Flow Uec_1175_0 flowId 77 uecSrc 76 finished at 347152 total messages 1 total packets 16425 RTS 0 total bytes 67112550 in_flight now 0 fair_inc 52645 prop_inc 2588 fast_inc 0 eta_inc 18049149 multi_dec -17376400 quick_dec --8356 nack_dec -1738850
Flow Uec_7050_0 flowId 87 uecSrc 86 finished at 347179 total messages 1 total packets 16425 RTS 0 total bytes 67112550 in_flight now 0 fair_inc 127448 prop_inc 915 fast_inc 0 eta_inc 18038517 multi_dec -17415491 quick_dec -12340 nack_dec -1809400
Flow Uec_4046_0 flowId 67 uecSrc 66 finished at 347211 total messages 1 total packets 16425 RTS 0 total bytes 67112550 in_flight now 0 fair_inc 117245 prop_inc 2290 fast_inc 0 eta_inc 18019911 multi_dec -17357586 quick_dec -42122 nack_dec -1938050
Flow Uec_3697_0 flowId 35 uecSrc 34 finished at 347276 total messages 1 total packets 16425 RTS 0 total bytes 67112550 in_flight now 0 fair_inc 90306 prop_inc 2881 fast_inc 0 eta_inc 18061110 multi_dec -17382659 quick_dec -56810 nack_dec -1772050
Flow Uec_6897_0 flowId 119 uecSrc 118 finished at 347359 total messages 1 total packets 16425 RTS 0 total bytes 67112550 in_flight now 0 fair_inc 120738 prop_inc 4363 fast_inc 0 eta_inc 18038517 multi_dec -17424160 quick_dec --89614 nack_dec -1867500
Flow Uec_1569_0 flowId 118 uecSrc 117 finished at 347515 total messages 1 total packets 16425 RTS 0 total bytes 67112550 in_flight now 0 fair_inc 170948 prop_inc 2668 fast_inc 0 eta_inc 18098322 multi_dec -17517290 quick_dec -57833 nack_dec -1772050
Flow Uec_3623_0 flowId 57 uecSrc 56 finished at 347663 total messages 1 total packets 16425 RTS 0 total bytes 67112550 in_flight now 0 fair_inc 99124 prop_inc 4312 fast_inc 0 eta_inc 18099651 multi_dec -17433107 quick_dec -58879 nack_dec -1780350
Flow Uec_6169_0 flowId 91 uecSrc 90 finished at 347674 total messages 1 total packets 16425 RTS 0 total bytes 67112550 in_flight now 0 fair_inc 107532 prop_inc 9508 fast_inc 0 eta_inc 18106296 multi_dec -17523437 quick_dec --27170 nack_dec -1693200
Flow Uec_5527_0 flowId 53 uecSrc 52 finished at 347848 total messages 1 total packets 16425 RTS 0 total bytes 67112550 in_flight now 0 fair_inc 109605 prop_inc 13209 fast_inc 0 eta_inc 18070413 multi_dec -17341731 quick_dec -148120 nack_dec -1805250
Flow Uec_994_0 flowId 13 uecSrc 12 finished at 348121 total messages 1 total packets 16425 RTS 0 total bytes 67112550 in_flight now 0 fair_inc 150685 prop_inc 5314 fast_inc 0 eta_inc 18054465 multi_dec -17322019 quick_dec -78552 nack_dec -2021050
Flow Uec_6201_0 flowId 97 uecSrc 96 finished at 348188 total messages 1 total packets 16425 RTS 0 total bytes 67112550 in_flight now 0 fair_inc 172934 prop_inc 10017 fast_inc 0 eta_inc 18115599 multi_dec -17445677 quick_dec -156224 nack_dec -1763750
Flow Uec_2395_0 flowId 10 uecSrc 9 finished at 348374 total messages 1 total packets 16425 RTS 0 total bytes 67112550 in_flight now 0 fair_inc 205193 prop_inc 7311 fast_inc 0 eta_inc 18126231 multi_dec -17528109 quick_dec -80220 nack_dec -1763750
Flow Uec_2750_0 flowId 127 uecSrc 126 finished at 348572 total messages 1 total packets 16425 RTS 0 total bytes 67112550 in_flight now 0 fair_inc 252559 prop_inc 10464 fast_inc 0 eta_inc 18176733 multi_dec -17772404 quick_dec -82359 nack_dec -1639250
Flow Uec_364_0 flowId 16 uecSrc 15 finished at 348631 total messages 1 total packets 16425 RTS 0 total bytes 67112550 in_flight now 0 fair_inc 151415 prop_inc 12115 fast_inc 0 eta_inc 18152811 multi_dec -17455145 quick_dec -110446 nack_dec -1697350
Flow Uec_7080_0 flowId 73 uecSrc 72 finished at 348741 total messages 1 total packets 16425 RTS 0 total bytes 67112550 in_flight now 0 fair_inc 165888 prop_inc 10487 fast_inc 0 eta_inc 18167430 multi_dec -17596035 quick_dec -29153 nack_dec -1755450
Flow Uec_747_0 flowId 120 uecSrc 119 finished at 348776 total messages 1 total packets 16425 RTS 0 total bytes 67112550 in_flight now 0 fair_inc 175183 prop_inc 11165 fast_inc 0 eta_inc 18139521 multi_dec -17503764 quick_dec -53262 nack_dec -1846750
Flow Uec_6104_0 flowId 27 uecSrc 26 finished at 348907 total messages 1 total packets 16425 RTS 0 total bytes 67112550 in_flight now 0 fair_inc 126437 prop_inc 13916 fast_inc 0 eta_inc 18115599 multi_dec -17395863 quick_dec -50587 nack_dec -1863350
Flow Uec_2422_0 flowId 33 uecSrc 32 finished at 348975 total messages 1 total packets 16425 RTS 0 total bytes 67112550 in_flight now 0 fair_inc 127743 prop_inc 22054 fast_inc 0 eta_inc 18205971 multi_dec -17664626 quick_dec -52494 nack_dec -1635100
Flow Uec_4897_0 flowId 86 uecSrc 85 finished at 348996 total messages 1 total packets 16425 RTS 0 total bytes 67112550 in_flight now 0 fair_inc 137615 prop_inc 16161 fast_inc 0 eta_inc 18152811 multi_dec -17523952 quick_dec -166281 nack_dec -1813550
Flow Uec_4755_0 flowId 105 uecSrc 104 finished at 349003 total messages 1 total packets 16425 RTS 0 total bytes 67112550 in_flight now 0 fair_inc 209198 prop_inc 16921 fast_inc 0 eta_inc 18168759 multi_dec -17489515 quick_dec -192107 nack_dec -1867500
Flow Uec_1887_0 flowId 123 uecSrc 122 finished at 349069 total messages 1 total packets 16425 RTS 0 total bytes 67112550 in_flight now 0 fair_inc 188659 prop_inc 32056 fast_inc 0 eta_inc 18140850 multi_dec -17388359 quick_dec -101506 nack_dec -1871650
Flow Uec_3858_0 flowId 60 uecSrc 59 finished at 349077 total messages 1 total packets 16425 RTS 0 total bytes 67112550 in_flight now 0 fair_inc 170639 prop_inc 45067 fast_inc 0 eta_inc 18201984 multi_dec -17572015 quick_dec -105661 nack_dec -1630950
Flow Uec_6678_0 flowId 48 uecSrc 47 finished at 349134 total messages 1 total packets 16425 RTS 0 total bytes 67112550 in_flight now 0 fair_inc 190089 prop_inc 78199 fast_inc 114737 eta_inc 18237867 multi_dec -17629452 quick_dec -222901 nack_dec -1589450
Flow Uec_4081_0 flowId 50 uecSrc 49 finished at 349147 total messages 1 total packets 16425 RTS 0 total bytes 67112550 in_flight now 0 fair_inc 179908 prop_inc 96552 fast_inc 92239 eta_inc 18186036 multi_dec -17616711 quick_dec -142846 nack_dec -1780350
New: 2102400 Rtx: 59628 RTS: 0 Bounced: 0 ACKs: 2101940 NACKs: 59626 Pulls: 0 sleek_pkts: 0
SPURIOUS_COUNT 2
