.Flow Uec_8179_0 flowId 13 uecSrc 12 finished at 55872.7 total messages 1 total packets 16425 RTS 0 total bytes 67112550 in_flight now 0 fair_inc 0 prop_inc 0 fast_inc 0 eta_inc 1329 multi_dec -0 quick_dec -39556 nack_dec -510450
Flow Uec_8144_0 flowId 48 uecSrc 47 finished at 71721.9 total messages 1 total packets 16425 RTS 0 total bytes 67112550 in_flight now 0 fair_inc 11194 prop_inc 0 fast_inc 0 eta_inc 3987 multi_dec -0 quick_dec -95574 nack_dec -473100
Flow Uec_8148_0 flowId 44 uecSrc 43 finished at 71746.2 total messages 1 total packets 16425 RTS 0 total bytes 67112550 in_flight now 0 fair_inc 11194 prop_inc 0 fast_inc 0 eta_inc 2658 multi_dec -0 quick_dec -72712 nack_dec -547800
Flow Uec_8138_0 flowId 54 uecSrc 53 finished at 77529 total messages 1 total packets 16425 RTS 0 total bytes 67112550 in_flight now 0 fair_inc 37771 prop_inc 0 fast_inc 0 eta_inc 10632 multi_dec -0 quick_dec -29676 nack_dec -502150
Flow Uec_8191_0 flowId 1 uecSrc 0 finished at 80782.8 total messages 1 total packets 16425 RTS 0 total bytes 67112550 in_flight now 0 fair_inc 57779 prop_inc 4425 fast_inc 0 eta_inc 21264 multi_dec -0 quick_dec -46099 nack_dec -551950
..Flow Uec_8159_0 flowId 33 uecSrc 32 finished at 168530 total messages 1 total packets 16425 RTS 0 total bytes 67112550 in_flight now 0 fair_inc 1041498 prop_inc 236 fast_inc 0 eta_inc 9249840 multi_dec -11021780 quick_dec -340857 nack_dec -1249150
Flow Uec_8151_0 flowId 41 uecSrc 40 finished at 170210 total messages 1 total packets 16425 RTS 0 total bytes 67112550 in_flight now 0 fair_inc 944555 prop_inc 0 fast_inc 0 eta_inc 9333567 multi_dec -11136319 quick_dec -233319 nack_dec -1103900
Flow Uec_8174_0 flowId 18 uecSrc 17 finished at 170566 total messages 1 total packets 16425 RTS 0 total bytes 67112550 in_flight now 0 fair_inc 1028254 prop_inc 400 fast_inc 0 eta_inc 9324264 multi_dec -10985471 quick_dec -395184 nack_dec -1411000
Flow Uec_8190_0 flowId 2 uecSrc 1 finished at 170913 total messages 1 total packets 16425 RTS 0 total bytes 67112550 in_flight now 0 fair_inc 1022819 prop_inc 207 fast_inc 0 eta_inc 9357489 multi_dec -10992231 quick_dec -311387 nack_dec -1174450
Flow Uec_8153_0 flowId 39 uecSrc 38 finished at 171604 total messages 1 total packets 16425 RTS 0 total bytes 67112550 in_flight now 0 fair_inc 1052563 prop_inc 0 fast_inc 0 eta_inc 9392043 multi_dec -10975064 quick_dec -455325 nack_dec -1411464
Flow Uec_8165_0 flowId 27 uecSrc 26 finished at 171837 total messages 1 total packets 16425 RTS 0 total bytes 67112550 in_flight now 0 fair_inc 984119 prop_inc 13029 fast_inc 0 eta_inc 9394701 multi_dec -10927686 quick_dec -367649 nack_dec -1298950
Flow Uec_8129_0 flowId 63 uecSrc 62 finished at 171897 total messages 1 total packets 16425 RTS 0 total bytes 67112550 in_flight now 0 fair_inc 907218 prop_inc 0 fast_inc 0 eta_inc 9409320 multi_dec -10943295 quick_dec -294889 nack_dec -1286500
Flow Uec_8133_0 flowId 59 uecSrc 58 finished at 172103 total messages 1 total packets 16425 RTS 0 total bytes 67112550 in_flight now 0 fair_inc 1028580 prop_inc 14 fast_inc 0 eta_inc 9426597 multi_dec -10944415 quick_dec -494295 nack_dec -1245000
Flow Uec_8128_0 flowId 64 uecSrc 63 finished at 172155 total messages 1 total packets 16425 RTS 0 total bytes 67112550 in_flight now 0 fair_inc 1070594 prop_inc 5197 fast_inc 0 eta_inc 9437229 multi_dec -11035426 quick_dec -504849 nack_dec -1220100
Flow Uec_8189_0 flowId 3 uecSrc 2 finished at 172211 total messages 1 total packets 16425 RTS 0 total bytes 67112550 in_flight now 0 fair_inc 887636 prop_inc 220 fast_inc 0 eta_inc 9407991 multi_dec -11106956 quick_dec -142761 nack_dec -1240850
Flow Uec_8141_0 flowId 51 uecSrc 50 finished at 172512 total messages 1 total packets 16425 RTS 0 total bytes 67112550 in_flight now 0 fair_inc 993671 prop_inc 34 fast_inc 0 eta_inc 9451848 multi_dec -11001563 quick_dec -374492 nack_dec -1282814
Flow Uec_8146_0 flowId 46 uecSrc 45 finished at 172553 total messages 1 total packets 16425 RTS 0 total bytes 67112550 in_flight now 0 fair_inc 978305 prop_inc 0 fast_inc 0 eta_inc 9455835 multi_dec -11032420 quick_dec -435657 nack_dec -1211800
Flow Uec_8169_0 flowId 23 uecSrc 22 finished at 172707 total messages 1 total packets 16425 RTS 0 total bytes 67112550 in_flight now 0 fair_inc 986343 prop_inc 105 fast_inc 0 eta_inc 9459822 multi_dec -11011524 quick_dec -271313 nack_dec -1265750
Flow Uec_8158_0 flowId 34 uecSrc 33 finished at 172721 total messages 1 total packets 16425 RTS 0 total bytes 67112550 in_flight now 0 fair_inc 953567 prop_inc 271 fast_inc 0 eta_inc 9467796 multi_dec -11030770 quick_dec -427334 nack_dec -1290650
Flow Uec_8149_0 flowId 43 uecSrc 42 finished at 172724 total messages 1 total packets 16425 RTS 0 total bytes 67112550 in_flight now 0 fair_inc 1004498 prop_inc 210 fast_inc 0 eta_inc 9454506 multi_dec -10959349 quick_dec -216549 nack_dec -1182750
Flow Uec_8180_0 flowId 12 uecSrc 11 finished at 172732 total messages 1 total packets 16425 RTS 0 total bytes 67112550 in_flight now 0 fair_inc 887289 prop_inc 0 fast_inc 0 eta_inc 9455835 multi_dec -10998825 quick_dec -242596 nack_dec -1170300
Flow Uec_8132_0 flowId 60 uecSrc 59 finished at 172784 total messages 1 total packets 16425 RTS 0 total bytes 67112550 in_flight now 0 fair_inc 937761 prop_inc 5986 fast_inc 0 eta_inc 9457164 multi_dec -11001596 quick_dec -237574 nack_dec -1228400
Flow Uec_8177_0 flowId 15 uecSrc 14 finished at 172896 total messages 1 total packets 16425 RTS 0 total bytes 67112550 in_flight now 0 fair_inc 945885 prop_inc 29656 fast_inc 0 eta_inc 9471783 multi_dec -10972981 quick_dec -572520 nack_dec -1303100
Flow Uec_8143_0 flowId 49 uecSrc 48 finished at 172929 total messages 1 total packets 16425 RTS 0 total bytes 67112550 in_flight now 0 fair_inc 972691 prop_inc 787 fast_inc 0 eta_inc 9487731 multi_dec -11029464 quick_dec -294000 nack_dec -1153700
Flow Uec_8160_0 flowId 32 uecSrc 31 finished at 173067 total messages 1 total packets 16425 RTS 0 total bytes 67112550 in_flight now 0 fair_inc 913430 prop_inc 3483 fast_inc 0 eta_inc 9485073 multi_dec -10984295 quick_dec -404560 nack_dec -1290650
Flow Uec_8181_0 flowId 11 uecSrc 10 finished at 173115 total messages 1 total packets 16425 RTS 0 total bytes 67112550 in_flight now 0 fair_inc 995358 prop_inc 217 fast_inc 0 eta_inc 9465138 multi_dec -10926105 quick_dec -426350 nack_dec -1369500
Flow Uec_8182_0 flowId 10 uecSrc 9 finished at 173129 total messages 1 total packets 16425 RTS 0 total bytes 67112550 in_flight now 0 fair_inc 989558 prop_inc 5418 fast_inc 0 eta_inc 9499692 multi_dec -10884784 quick_dec -477691 nack_dec -1294800
Flow Uec_8164_0 flowId 28 uecSrc 27 finished at 173160 total messages 1 total packets 16425 RTS 0 total bytes 67112550 in_flight now 0 fair_inc 963354 prop_inc 0 fast_inc 0 eta_inc 9493047 multi_dec -11019242 quick_dec -453774 nack_dec -1278200
Flow Uec_8176_0 flowId 16 uecSrc 15 finished at 173239 total messages 1 total packets 16425 RTS 0 total bytes 67112550 in_flight now 0 fair_inc 909683 prop_inc 3596 fast_inc 0 eta_inc 9498363 multi_dec -10934525 quick_dec -418851 nack_dec -1207650
Flow Uec_8163_0 flowId 29 uecSrc 28 finished at 173260 total messages 1 total packets 16425 RTS 0 total bytes 67112550 in_flight now 0 fair_inc 996528 prop_inc 240 fast_inc 0 eta_inc 9486402 multi_dec -10971883 quick_dec -263558 nack_dec -1373650
Flow Uec_8150_0 flowId 42 uecSrc 41 finished at 173261 total messages 1 total packets 16425 RTS 0 total bytes 67112550 in_flight now 0 fair_inc 830764 prop_inc 15 fast_inc 0 eta_inc 9490389 multi_dec -11049237 quick_dec -150427 nack_dec -1116350
Flow Uec_8175_0 flowId 17 uecSrc 16 finished at 173309 total messages 1 total packets 16425 RTS 0 total bytes 67112550 in_flight now 0 fair_inc 991008 prop_inc 1805 fast_inc 0 eta_inc 9483744 multi_dec -11104884 quick_dec -424531 nack_dec -1307250
Flow Uec_8130_0 flowId 62 uecSrc 61 finished at 173370 total messages 1 total packets 16425 RTS 0 total bytes 67112550 in_flight now 0 fair_inc 940029 prop_inc 930 fast_inc 0 eta_inc 9505008 multi_dec -11010164 quick_dec -501012 nack_dec -1294800
Flow Uec_8152_0 flowId 40 uecSrc 39 finished at 173373 total messages 1 total packets 16425 RTS 0 total bytes 67112550 in_flight now 0 fair_inc 991698 prop_inc 474 fast_inc 0 eta_inc 9485073 multi_dec -11033585 quick_dec -69657 nack_dec -1369500
Flow Uec_8140_0 flowId 52 uecSrc 51 finished at 173422 total messages 1 total packets 16425 RTS 0 total bytes 67112550 in_flight now 0 fair_inc 990598 prop_inc 704 fast_inc 0 eta_inc 9498363 multi_dec -10944427 quick_dec -463540 nack_dec -1282350
Flow Uec_8187_0 flowId 5 uecSrc 4 finished at 173484 total messages 1 total packets 16425 RTS 0 total bytes 67112550 in_flight now 0 fair_inc 953752 prop_inc 1234 fast_inc 0 eta_inc 9505008 multi_dec -11070808 quick_dec -218976 nack_dec -1245000
Flow Uec_8131_0 flowId 61 uecSrc 60 finished at 173604 total messages 1 total packets 16425 RTS 0 total bytes 67112550 in_flight now 0 fair_inc 919437 prop_inc 1528 fast_inc 0 eta_inc 9505008 multi_dec -10974175 quick_dec -459840 nack_dec -1423450
Flow Uec_8166_0 flowId 26 uecSrc 25 finished at 173659 total messages 1 total packets 16425 RTS 0 total bytes 67112550 in_flight now 0 fair_inc 881693 prop_inc 629 fast_inc 0 eta_inc 9512982 multi_dec -10940441 quick_dec -380095 nack_dec -1207650
Flow Uec_8155_0 flowId 37 uecSrc 36 finished at 173700 total messages 1 total packets 16425 RTS 0 total bytes 67112550 in_flight now 0 fair_inc 917334 prop_inc 16227 fast_inc 0 eta_inc 9512982 multi_dec -11044609 quick_dec -195004 nack_dec -1186900
Flow Uec_8142_0 flowId 50 uecSrc 49 finished at 173722 total messages 1 total packets 16425 RTS 0 total bytes 67112550 in_flight now 0 fair_inc 935048 prop_inc 5947 fast_inc 0 eta_inc 9519627 multi_dec -10950151 quick_dec -381260 nack_dec -1249150
Flow Uec_8154_0 flowId 38 uecSrc 37 finished at 173821 total messages 1 total packets 16425 RTS 0 total bytes 67112550 in_flight now 0 fair_inc 939242 prop_inc 3836 fast_inc 0 eta_inc 9502350 multi_dec -10961479 quick_dec -300814 nack_dec -1324314
Flow Uec_8184_0 flowId 8 uecSrc 7 finished at 173859 total messages 1 total packets 16425 RTS 0 total bytes 67112550 in_flight now 0 fair_inc 961137 prop_inc 3608 fast_inc 0 eta_inc 9523614 multi_dec -10881206 quick_dec -444151 nack_dec -1323850
Flow Uec_8167_0 flowId 25 uecSrc 24 finished at 173869 total messages 1 total packets 16425 RTS 0 total bytes 67112550 in_flight now 0 fair_inc 1069932 prop_inc 1571 fast_inc 0 eta_inc 9526272 multi_dec -11069593 quick_dec -434231 nack_dec -1303100
Flow Uec_8185_0 flowId 7 uecSrc 6 finished at 173878 total messages 1 total packets 16425 RTS 0 total bytes 67112550 in_flight now 0 fair_inc 936504 prop_inc 2693 fast_inc 0 eta_inc 9528930 multi_dec -10899005 quick_dec -385333 nack_dec -1211800
Flow Uec_8136_0 flowId 56 uecSrc 55 finished at 173919 total messages 1 total packets 16425 RTS 0 total bytes 67112550 in_flight now 0 fair_inc 994803 prop_inc 2607 fast_inc 0 eta_inc 9520956 multi_dec -11012697 quick_dec -426247 nack_dec -1344600
Flow Uec_8188_0 flowId 4 uecSrc 3 finished at 173957 total messages 1 total packets 16425 RTS 0 total bytes 67112550 in_flight now 0 fair_inc 1070821 prop_inc 3132 fast_inc 0 eta_inc 9516969 multi_dec -10954455 quick_dec -469116 nack_dec -1344600
Flow Uec_8183_0 flowId 9 uecSrc 8 finished at 173976 total messages 1 total packets 16425 RTS 0 total bytes 67112550 in_flight now 0 fair_inc 917482 prop_inc 3331 fast_inc 0 eta_inc 9532917 multi_dec -10840186 quick_dec -366789 nack_dec -1286500
Flow Uec_8134_0 flowId 58 uecSrc 57 finished at 174032 total messages 1 total packets 16425 RTS 0 total bytes 67112550 in_flight now 0 fair_inc 933765 prop_inc 14 fast_inc 0 eta_inc 9534246 multi_dec -10945599 quick_dec -425303 nack_dec -1207650
Flow Uec_8135_0 flowId 57 uecSrc 56 finished at 174120 total messages 1 total packets 16425 RTS 0 total bytes 67112550 in_flight now 0 fair_inc 893181 prop_inc 6363 fast_inc 0 eta_inc 9546207 multi_dec -11050060 quick_dec -230886 nack_dec -1178600
Flow Uec_8162_0 flowId 30 uecSrc 29 finished at 174219 total messages 1 total packets 16425 RTS 0 total bytes 67112550 in_flight now 0 fair_inc 860697 prop_inc 11757 fast_inc 0 eta_inc 9524943 multi_dec -10859883 quick_dec -260712 nack_dec -1245000
Flow Uec_8178_0 flowId 14 uecSrc 13 finished at 174302 total messages 1 total packets 16425 RTS 0 total bytes 67112550 in_flight now 0 fair_inc 913658 prop_inc 3271 fast_inc 0 eta_inc 9554181 multi_dec -10949823 quick_dec -462043 nack_dec -1298950
Flow Uec_8168_0 flowId 24 uecSrc 23 finished at 174309 total messages 1 total packets 16425 RTS 0 total bytes 67112550 in_flight now 0 fair_inc 898727 prop_inc 5570 fast_inc 0 eta_inc 9535575 multi_dec -10998185 quick_dec -234696 nack_dec -1390714
Flow Uec_8161_0 flowId 31 uecSrc 30 finished at 174361 total messages 1 total packets 16425 RTS 0 total bytes 67112550 in_flight now 0 fair_inc 1015595 prop_inc 7735 fast_inc 0 eta_inc 9548865 multi_dec -10877548 quick_dec -553892 nack_dec -1307250
Flow Uec_8139_0 flowId 53 uecSrc 52 finished at 174400 total messages 1 total packets 16425 RTS 0 total bytes 67112550 in_flight now 0 fair_inc 930629 prop_inc 4452 fast_inc 0 eta_inc 9546207 multi_dec -10905430 quick_dec -361339 nack_dec -1215950
Flow Uec_8186_0 flowId 6 uecSrc 5 finished at 174426 total messages 1 total packets 16425 RTS 0 total bytes 67112550 in_flight now 0 fair_inc 827571 prop_inc 6922 fast_inc 0 eta_inc 9535575 multi_dec -10759687 quick_dec -265883 nack_dec -1215950
Flow Uec_8173_0 flowId 19 uecSrc 18 finished at 174427 total messages 1 total packets 16425 RTS 0 total bytes 67112550 in_flight now 0 fair_inc 912314 prop_inc 6012 fast_inc 0 eta_inc 9550194 multi_dec -10847577 quick_dec -393565 nack_dec -1228400
Flow Uec_8145_0 flowId 47 uecSrc 46 finished at 174455 total messages 1 total packets 16425 RTS 0 total bytes 67112550 in_flight now 0 fair_inc 942602 prop_inc 6883 fast_inc 0 eta_inc 9550194 multi_dec -10837916 quick_dec -339751 nack_dec -1298950
Flow Uec_8157_0 flowId 35 uecSrc 34 finished at 174455 total messages 1 total packets 16425 RTS 0 total bytes 67112550 in_flight now 0 fair_inc 885891 prop_inc 2796 fast_inc 0 eta_inc 9562155 multi_dec -10806500 quick_dec -454512 nack_dec -1174450
Flow Uec_8171_0 flowId 21 uecSrc 20 finished at 174506 total messages 1 total packets 16425 RTS 0 total bytes 67112550 in_flight now 0 fair_inc 766703 prop_inc 33323 fast_inc 0 eta_inc 9552852 multi_dec -10899569 quick_dec -193350 nack_dec -1141250
Flow Uec_8147_0 flowId 45 uecSrc 44 finished at 174522 total messages 1 total packets 16425 RTS 0 total bytes 67112550 in_flight now 0 fair_inc 830336 prop_inc 31281 fast_inc 0 eta_inc 9546207 multi_dec -10777852 quick_dec -299285 nack_dec -1332150
Flow Uec_8170_0 flowId 22 uecSrc 21 finished at 174531 total messages 1 total packets 16425 RTS 0 total bytes 67112550 in_flight now 0 fair_inc 933419 prop_inc 37810 fast_inc 0 eta_inc 9568800 multi_dec -10774885 quick_dec -490389 nack_dec -1282350
Flow Uec_8137_0 flowId 55 uecSrc 54 finished at 174543 total messages 1 total packets 16425 RTS 0 total bytes 67112550 in_flight now 0 fair_inc 840528 prop_inc 51768 fast_inc 0 eta_inc 9550194 multi_dec -10802481 quick_dec -296225 nack_dec -1203500
Flow Uec_8172_0 flowId 20 uecSrc 19 finished at 174550 total messages 1 total packets 16425 RTS 0 total bytes 67112550 in_flight now 0 fair_inc 784414 prop_inc 58566 fast_inc 0 eta_inc 9567471 multi_dec -10773673 quick_dec -286045 nack_dec -1174450
Flow Uec_8156_0 flowId 36 uecSrc 35 finished at 174569 total messages 1 total packets 16425 RTS 0 total bytes 67112550 in_flight now 0 fair_inc 769959 prop_inc 90598 fast_inc 42994 eta_inc 9572787 multi_dec -10929445 quick_dec -188775 nack_dec -1191050
New: 1051200 Rtx: 18567 RTS: 0 Bounced: 0 ACKs: 1050907 NACKs: 18567 Pulls: 0 sleek_pkts: 0
SPURIOUS_COUNT 0
