.Flow Uec_8180_0 flowId 12 uecSrc 11 finished at 81371.7 total messages 1 total packets 16425 RTS 0 total bytes 67112550 in_flight now 0 fair_inc 2150463 prop_inc 63214 fast_inc 0 eta_inc 4485375 multi_dec -6347390 quick_dec -770248 nack_dec -1664150
Flow Uec_8185_0 flowId 7 uecSrc 6 finished at 81882.6 total messages 1 total packets 16425 RTS 0 total bytes 67112550 in_flight now 0 fair_inc 2202682 prop_inc 70630 fast_inc 0 eta_inc 4503981 multi_dec -6328589 quick_dec -825501 nack_dec -1792800
Flow Uec_8189_0 flowId 3 uecSrc 2 finished at 83277.2 total messages 1 total packets 16425 RTS 0 total bytes 67112550 in_flight now 0 fair_inc 2251166 prop_inc 61005 fast_inc 0 eta_inc 4583721 multi_dec -6432351 quick_dec -907494 nack_dec -1738850
Flow Uec_8170_0 flowId 22 uecSrc 21 finished at 83494.6 total messages 1 total packets 16425 RTS 0 total bytes 67112550 in_flight now 0 fair_inc 2155235 prop_inc 67187 fast_inc 0 eta_inc 4585050 multi_dec -6394138 quick_dec -841551 nack_dec -1689050
Flow Uec_8177_0 flowId 15 uecSrc 14 finished at 83606.8 total messages 1 total packets 16425 RTS 0 total bytes 67112550 in_flight now 0 fair_inc 2024037 prop_inc 88245 fast_inc 0 eta_inc 4593024 multi_dec -6254621 quick_dec -935036 nack_dec -1560864
Flow Uec_8167_0 flowId 25 uecSrc 24 finished at 83818.7 total messages 1 total packets 16425 RTS 0 total bytes 67112550 in_flight now 0 fair_inc 2114563 prop_inc 75758 fast_inc 0 eta_inc 4608972 multi_dec -6412729 quick_dec -856592 nack_dec -1610200
Flow Uec_8182_0 flowId 10 uecSrc 9 finished at 83979.1 total messages 1 total packets 16425 RTS 0 total bytes 67112550 in_flight now 0 fair_inc 2129141 prop_inc 74872 fast_inc 0 eta_inc 4622262 multi_dec -6352483 quick_dec -906849 nack_dec -1701500
Flow Uec_8169_0 flowId 23 uecSrc 22 finished at 84493.4 total messages 1 total packets 16425 RTS 0 total bytes 67112550 in_flight now 0 fair_inc 2328881 prop_inc 61093 fast_inc 0 eta_inc 4631565 multi_dec -6412423 quick_dec -1203433 nack_dec -1817700
Flow Uec_8179_0 flowId 13 uecSrc 12 finished at 84545.6 total messages 1 total packets 16425 RTS 0 total bytes 67112550 in_flight now 0 fair_inc 2137568 prop_inc 78341 fast_inc 0 eta_inc 4664790 multi_dec -6368818 quick_dec -890092 nack_dec -1689050
Flow Uec_8183_0 flowId 9 uecSrc 8 finished at 84785.3 total messages 1 total packets 16425 RTS 0 total bytes 67112550 in_flight now 0 fair_inc 2263137 prop_inc 80056 fast_inc 0 eta_inc 4654158 multi_dec -6404460 quick_dec -999546 nack_dec -1747150
Flow Uec_8166_0 flowId 26 uecSrc 25 finished at 85062.6 total messages 1 total packets 16425 RTS 0 total bytes 67112550 in_flight now 0 fair_inc 2484895 prop_inc 63664 fast_inc 0 eta_inc 4674093 multi_dec -6962075 quick_dec -758749 nack_dec -1809400
Flow Uec_8168_0 flowId 24 uecSrc 23 finished at 85063.1 total messages 1 total packets 16425 RTS 0 total bytes 67112550 in_flight now 0 fair_inc 2226983 prop_inc 64750 fast_inc 0 eta_inc 4688712 multi_dec -6389499 quick_dec -1006305 nack_dec -1747150
Flow Uec_8190_0 flowId 2 uecSrc 1 finished at 85153.9 total messages 1 total packets 16425 RTS 0 total bytes 67112550 in_flight now 0 fair_inc 2085244 prop_inc 83155 fast_inc 0 eta_inc 4694028 multi_dec -6428999 quick_dec -728522 nack_dec -1722714
Flow Uec_8175_0 flowId 17 uecSrc 16 finished at 85188.2 total messages 1 total packets 16425 RTS 0 total bytes 67112550 in_flight now 0 fair_inc 2578104 prop_inc 76271 fast_inc 0 eta_inc 4683396 multi_dec -6799481 quick_dec -1071681 nack_dec -1817700
Flow Uec_8178_0 flowId 14 uecSrc 13 finished at 85721.8 total messages 1 total packets 16425 RTS 0 total bytes 67112550 in_flight now 0 fair_inc 2498270 prop_inc 57428 fast_inc 0 eta_inc 4717950 multi_dec -6922237 quick_dec -852122 nack_dec -1751300
Flow Uec_8173_0 flowId 19 uecSrc 18 finished at 85759 total messages 1 total packets 16425 RTS 0 total bytes 67112550 in_flight now 0 fair_inc 2093680 prop_inc 78217 fast_inc 0 eta_inc 4716621 multi_dec -6377892 quick_dec -808646 nack_dec -1751300
Flow Uec_8188_0 flowId 4 uecSrc 3 finished at 85877.2 total messages 1 total packets 16425 RTS 0 total bytes 67112550 in_flight now 0 fair_inc 2170223 prop_inc 69786 fast_inc 0 eta_inc 4720608 multi_dec -6357148 quick_dec -1132550 nack_dec -1801100
Flow Uec_8186_0 flowId 6 uecSrc 5 finished at 85976.7 total messages 1 total packets 16425 RTS 0 total bytes 67112550 in_flight now 0 fair_inc 2013023 prop_inc 68495 fast_inc 0 eta_inc 4715292 multi_dec -6372769 quick_dec -850797 nack_dec -1734700
Flow Uec_8165_0 flowId 27 uecSrc 26 finished at 86266.7 total messages 1 total packets 16425 RTS 0 total bytes 67112550 in_flight now 0 fair_inc 2043542 prop_inc 69638 fast_inc 0 eta_inc 4739214 multi_dec -6374978 quick_dec -853753 nack_dec -1693200
Flow Uec_8184_0 flowId 8 uecSrc 7 finished at 86424.2 total messages 1 total packets 16425 RTS 0 total bytes 67112550 in_flight now 0 fair_inc 2470118 prop_inc 63182 fast_inc 0 eta_inc 4739214 multi_dec -6933706 quick_dec -922484 nack_dec -1821850
Flow Uec_8160_0 flowId 32 uecSrc 31 finished at 86455.8 total messages 1 total packets 16425 RTS 0 total bytes 67112550 in_flight now 0 fair_inc 2371884 prop_inc 58917 fast_inc 0 eta_inc 4755162 multi_dec -7101443 quick_dec -632506 nack_dec -1713950
Flow Uec_8187_0 flowId 5 uecSrc 4 finished at 86492.5 total messages 1 total packets 16425 RTS 0 total bytes 67112550 in_flight now 0 fair_inc 2527235 prop_inc 58887 fast_inc 0 eta_inc 4751175 multi_dec -6983538 quick_dec -829179 nack_dec -1759600
Flow Uec_8191_0 flowId 1 uecSrc 0 finished at 86597.3 total messages 1 total packets 16425 RTS 0 total bytes 67112550 in_flight now 0 fair_inc 2366399 prop_inc 73408 fast_inc 0 eta_inc 4764465 multi_dec -6712508 quick_dec -937725 nack_dec -1826000
Flow Uec_8163_0 flowId 29 uecSrc 28 finished at 86791.2 total messages 1 total packets 16425 RTS 0 total bytes 67112550 in_flight now 0 fair_inc 2503536 prop_inc 66305 fast_inc 0 eta_inc 4780413 multi_dec -6739143 quick_dec -1098686 nack_dec -1817700
Flow Uec_8181_0 flowId 11 uecSrc 10 finished at 86965 total messages 1 total packets 16425 RTS 0 total bytes 67112550 in_flight now 0 fair_inc 2537868 prop_inc 67384 fast_inc 0 eta_inc 4785729 multi_dec -6685142 quick_dec -1126374 nack_dec -1929750
Flow Uec_8176_0 flowId 16 uecSrc 15 finished at 87013.8 total messages 1 total packets 16425 RTS 0 total bytes 67112550 in_flight now 0 fair_inc 2558043 prop_inc 61970 fast_inc 0 eta_inc 4793703 multi_dec -6907078 quick_dec -1006733 nack_dec -1834300
Flow Uec_8171_0 flowId 21 uecSrc 20 finished at 87078.9 total messages 1 total packets 16425 RTS 0 total bytes 67112550 in_flight now 0 fair_inc 2434131 prop_inc 41672 fast_inc 0 eta_inc 4808322 multi_dec -7002133 quick_dec -872890 nack_dec -1697350
Flow Uec_8162_0 flowId 30 uecSrc 29 finished at 87136.9 total messages 1 total packets 16425 RTS 0 total bytes 67112550 in_flight now 0 fair_inc 2429274 prop_inc 67940 fast_inc 0 eta_inc 4789716 multi_dec -6788369 quick_dec -954666 nack_dec -1788650
Flow Uec_8172_0 flowId 20 uecSrc 19 finished at 87230.3 total messages 1 total packets 16425 RTS 0 total bytes 67112550 in_flight now 0 fair_inc 2499434 prop_inc 62737 fast_inc 0 eta_inc 4813638 multi_dec -7024770 quick_dec -993727 nack_dec -1643400
Flow Uec_8174_0 flowId 18 uecSrc 17 finished at 87240.8 total messages 1 total packets 16425 RTS 0 total bytes 67112550 in_flight now 0 fair_inc 2391020 prop_inc 84722 fast_inc 0 eta_inc 4785729 multi_dec -6648982 quick_dec -927191 nack_dec -1867500
Flow Uec_8161_0 flowId 31 uecSrc 30 finished at 87249.5 total messages 1 total packets 16425 RTS 0 total bytes 67112550 in_flight now 0 fair_inc 2350747 prop_inc 95719 fast_inc 0 eta_inc 4796361 multi_dec -6895981 quick_dec -891779 nack_dec -1697350
Flow Uec_8164_0 flowId 28 uecSrc 27 finished at 87314.9 total messages 1 total packets 16425 RTS 0 total bytes 67112550 in_flight now 0 fair_inc 2402582 prop_inc 110385 fast_inc 492943 eta_inc 4804335 multi_dec -6838688 quick_dec -1050538 nack_dec -1813550
New: 525600 Rtx: 13508 RTS: 0 Bounced: 0 ACKs: 524881 NACKs: 13508 Pulls: 0 sleek_pkts: 0
SPURIOUS_COUNT 0
