===== [sweep] starting min_rto=100us -> ../experiments/runs/moe8x8b_ft64_rto100.out =====
  [rto=100] finished=3007 sim_now_us=64723.7 stable=0
  [rto=100] finished=3007 sim_now_us=64723.7 stable=0
  [rto=100] finished=3007 sim_now_us=64723.7 stable=1
  [rto=100] finished=3007 sim_now_us=64723.7 stable=2
  [rto=100] workload complete (finished=3007). killing 199393
===== [sweep] done min_rto=100us =====
===== [sweep] starting min_rto=200us -> ../experiments/runs/moe8x8b_ft64_rto200.out =====
  [rto=200] finished=3007 sim_now_us=64723.7 stable=0
  [rto=200] finished=3007 sim_now_us=64723.7 stable=0
  [rto=200] finished=3007 sim_now_us=64723.7 stable=1
  [rto=200] finished=3007 sim_now_us=64723.7 stable=2
  [rto=200] workload complete (finished=3007). killing 199466
===== [sweep] done min_rto=200us =====
===== [sweep] starting min_rto=400us -> ../experiments/runs/moe8x8b_ft64_rto400.out =====
  [rto=400] finished=3007 sim_now_us=64723.7 stable=0
  [rto=400] finished=3007 sim_now_us=64723.7 stable=0
  [rto=400] finished=3007 sim_now_us=64723.7 stable=1
  [rto=400] finished=3007 sim_now_us=64723.7 stable=2
  [rto=400] workload complete (finished=3007). killing 199534
===== [sweep] done min_rto=400us =====
===== [sweep] starting min_rto=800us -> ../experiments/runs/moe8x8b_ft64_rto800.out =====
  [rto=800] finished=3007 sim_now_us=64723.7 stable=0
  [rto=800] finished=3007 sim_now_us=64723.7 stable=0
  [rto=800] finished=3007 sim_now_us=64723.7 stable=1
  [rto=800] finished=3007 sim_now_us=64723.7 stable=2
  [rto=800] workload complete (finished=3007). killing 199605
===== [sweep] done min_rto=800us =====
ALL DONE -> ../experiments/rto_sweep_moe_results.txt
