Flow Uec_7080_0 flowId 27 uecSrc 26 finished at 9248.14 total messages 1 total packets 4107 RTS 0 total bytes 16781202 in_flight now 0 fair_inc 20210 prop_inc 0 fast_inc 0 eta_inc 6645 multi_dec -0 quick_dec -52176 nack_dec -506300
Flow Uec_129_0 flowId 61 uecSrc 60 finished at 32837 total messages 1 total packets 4107 RTS 0 total bytes 16781202 in_flight now 0 fair_inc 149001 prop_inc 5388 fast_inc 0 eta_inc 2135703 multi_dec -2323526 quick_dec --87789 nack_dec -664000
Flow Uec_42_0 flowId 5 uecSrc 4 finished at 34244.3 total messages 1 total packets 4107 RTS 0 total bytes 16781202 in_flight now 0 fair_inc 166714 prop_inc 9355 fast_inc 0 eta_inc 2232720 multi_dec -2434845 quick_dec --148893 nack_dec -763764
Flow Uec_2721_0 flowId 38 uecSrc 37 finished at 39436.8 total messages 1 total packets 4107 RTS 0 total bytes 16781202 in_flight now 0 fair_inc 194076 prop_inc 12952 fast_inc 0 eta_inc 2139690 multi_dec -2395352 quick_dec -149197 nack_dec -626650
Flow Uec_5343_0 flowId 18 uecSrc 17 finished at 39569 total messages 1 total packets 4107 RTS 0 total bytes 16781202 in_flight now 0 fair_inc 256383 prop_inc 0 fast_inc 0 eta_inc 2148993 multi_dec -2478960 quick_dec -183271 nack_dec -647400
Flow Uec_3160_0 flowId 41 uecSrc 40 finished at 41416.3 total messages 1 total packets 4107 RTS 0 total bytes 16781202 in_flight now 0 fair_inc 148402 prop_inc 0 fast_inc 0 eta_inc 2243352 multi_dec -2504608 quick_dec -31317 nack_dec -610050
Flow Uec_8026_0 flowId 64 uecSrc 63 finished at 41494.8 total messages 1 total packets 4107 RTS 0 total bytes 16781202 in_flight now 0 fair_inc 190350 prop_inc 0 fast_inc 0 eta_inc 2247339 multi_dec -2571728 quick_dec -65028 nack_dec -655700
Flow Uec_395_0 flowId 6 uecSrc 5 finished at 41608 total messages 1 total packets 4107 RTS 0 total bytes 16781202 in_flight now 0 fair_inc 187728 prop_inc 0 fast_inc 0 eta_inc 2248668 multi_dec -2533345 quick_dec -59333 nack_dec -655700
Flow Uec_5485_0 flowId 21 uecSrc 20 finished at 41685.6 total messages 1 total packets 4107 RTS 0 total bytes 16781202 in_flight now 0 fair_inc 276567 prop_inc 0 fast_inc 0 eta_inc 2264616 multi_dec -2597382 quick_dec -170590 nack_dec -697200
Flow Uec_4522_0 flowId 45 uecSrc 44 finished at 41932 total messages 1 total packets 4107 RTS 0 total bytes 16781202 in_flight now 0 fair_inc 165687 prop_inc 0 fast_inc 0 eta_inc 2279235 multi_dec -2520890 quick_dec -135748 nack_dec -622500
Flow Uec_2532_0 flowId 51 uecSrc 50 finished at 42058.7 total messages 1 total packets 4107 RTS 0 total bytes 16781202 in_flight now 0 fair_inc 201412 prop_inc 0 fast_inc 0 eta_inc 2276577 multi_dec -2546370 quick_dec -123013 nack_dec -659850
Flow Uec_3653_0 flowId 22 uecSrc 21 finished at 42103.2 total messages 1 total packets 4107 RTS 0 total bytes 16781202 in_flight now 0 fair_inc 160211 prop_inc 308 fast_inc 0 eta_inc 2283222 multi_dec -2525699 quick_dec -44868 nack_dec -634950
Flow Uec_7820_0 flowId 3 uecSrc 2 finished at 42137.3 total messages 1 total packets 4107 RTS 0 total bytes 16781202 in_flight now 0 fair_inc 173969 prop_inc 0 fast_inc 0 eta_inc 2289867 multi_dec -2566607 quick_dec -96395 nack_dec -622664
Flow Uec_4698_0 flowId 23 uecSrc 22 finished at 42248.2 total messages 1 total packets 4107 RTS 0 total bytes 16781202 in_flight now 0 fair_inc 175794 prop_inc 0 fast_inc 0 eta_inc 2296512 multi_dec -2592537 quick_dec -66350 nack_dec -622500
Flow Uec_5530_0 flowId 33 uecSrc 32 finished at 42258.7 total messages 1 total packets 4107 RTS 0 total bytes 16781202 in_flight now 0 fair_inc 187775 prop_inc 0 fast_inc 0 eta_inc 2295183 multi_dec -2579476 quick_dec -121316 nack_dec -664000
Flow Uec_7921_0 flowId 19 uecSrc 18 finished at 42508.2 total messages 1 total packets 4107 RTS 0 total bytes 16781202 in_flight now 0 fair_inc 207835 prop_inc 0 fast_inc 0 eta_inc 2311131 multi_dec -2607756 quick_dec -100646 nack_dec -680600
Flow Uec_1682_0 flowId 32 uecSrc 31 finished at 42721.9 total messages 1 total packets 4107 RTS 0 total bytes 16781202 in_flight now 0 fair_inc 225437 prop_inc 544 fast_inc 0 eta_inc 2319105 multi_dec -2574452 quick_dec -178696 nack_dec -659850
Flow Uec_325_0 flowId 37 uecSrc 36 finished at 42775.7 total messages 1 total packets 4107 RTS 0 total bytes 16781202 in_flight now 0 fair_inc 200007 prop_inc 1091 fast_inc 0 eta_inc 2323092 multi_dec -2578053 quick_dec -72918 nack_dec -605900
Flow Uec_4177_0 flowId 11 uecSrc 10 finished at 42851.3 total messages 1 total packets 4107 RTS 0 total bytes 16781202 in_flight now 0 fair_inc 169146 prop_inc 288 fast_inc 0 eta_inc 2332395 multi_dec -2613337 quick_dec -68270 nack_dec -605900
Flow Uec_2915_0 flowId 62 uecSrc 61 finished at 42899 total messages 1 total packets 4107 RTS 0 total bytes 16781202 in_flight now 0 fair_inc 163221 prop_inc 0 fast_inc 0 eta_inc 2324421 multi_dec -2569265 quick_dec -119632 nack_dec -643250
Flow Uec_5541_0 flowId 47 uecSrc 46 finished at 42932 total messages 1 total packets 4107 RTS 0 total bytes 16781202 in_flight now 0 fair_inc 194063 prop_inc 0 fast_inc 0 eta_inc 2332395 multi_dec -2566828 quick_dec -122874 nack_dec -576850
Flow Uec_6449_0 flowId 28 uecSrc 27 finished at 42953.6 total messages 1 total packets 4107 RTS 0 total bytes 16781202 in_flight now 0 fair_inc 189897 prop_inc 0 fast_inc 0 eta_inc 2331066 multi_dec -2589953 quick_dec -154940 nack_dec -693050
Flow Uec_5635_0 flowId 40 uecSrc 39 finished at 43008 total messages 1 total packets 4107 RTS 0 total bytes 16781202 in_flight now 0 fair_inc 190889 prop_inc 0 fast_inc 0 eta_inc 2341698 multi_dec -2574699 quick_dec -124466 nack_dec -630800
Flow Uec_6161_0 flowId 9 uecSrc 8 finished at 43009 total messages 1 total packets 4107 RTS 0 total bytes 16781202 in_flight now 0 fair_inc 212171 prop_inc 0 fast_inc 0 eta_inc 2331066 multi_dec -2529156 quick_dec -117961 nack_dec -676450
Flow Uec_3672_0 flowId 53 uecSrc 52 finished at 43011.5 total messages 1 total packets 4107 RTS 0 total bytes 16781202 in_flight now 0 fair_inc 176812 prop_inc 0 fast_inc 0 eta_inc 2339040 multi_dec -2597305 quick_dec -175977 nack_dec -622500
Flow Uec_2910_0 flowId 31 uecSrc 30 finished at 43040.9 total messages 1 total packets 4107 RTS 0 total bytes 16781202 in_flight now 0 fair_inc 171737 prop_inc 0 fast_inc 0 eta_inc 2337711 multi_dec -2573148 quick_dec -72249 nack_dec -643250
Flow Uec_1235_0 flowId 57 uecSrc 56 finished at 43083.5 total messages 1 total packets 4107 RTS 0 total bytes 16781202 in_flight now 0 fair_inc 236781 prop_inc 2081 fast_inc 0 eta_inc 2339040 multi_dec -2547357 quick_dec -254203 nack_dec -668150
Flow Uec_832_0 flowId 36 uecSrc 35 finished at 43089.3 total messages 1 total packets 4107 RTS 0 total bytes 16781202 in_flight now 0 fair_inc 175804 prop_inc 0 fast_inc 0 eta_inc 2336382 multi_dec -2542401 quick_dec -65825 nack_dec -630800
Flow Uec_3469_0 flowId 54 uecSrc 53 finished at 43097.4 total messages 1 total packets 4107 RTS 0 total bytes 16781202 in_flight now 0 fair_inc 180289 prop_inc 1483 fast_inc 0 eta_inc 2341698 multi_dec -2573614 quick_dec -77586 nack_dec -626650
Flow Uec_8132_0 flowId 29 uecSrc 28 finished at 43114.7 total messages 1 total packets 4107 RTS 0 total bytes 16781202 in_flight now 0 fair_inc 163849 prop_inc 38 fast_inc 0 eta_inc 2340369 multi_dec -2585244 quick_dec -83265 nack_dec -647400
Flow Uec_4549_0 flowId 34 uecSrc 33 finished at 43119.4 total messages 1 total packets 4107 RTS 0 total bytes 16781202 in_flight now 0 fair_inc 178161 prop_inc 2981 fast_inc 0 eta_inc 2333724 multi_dec -2536377 quick_dec -108608 nack_dec -668150
Flow Uec_828_0 flowId 48 uecSrc 47 finished at 43143.3 total messages 1 total packets 4107 RTS 0 total bytes 16781202 in_flight now 0 fair_inc 136174 prop_inc 1043 fast_inc 0 eta_inc 2345685 multi_dec -2541776 quick_dec -84120 nack_dec -589300
Flow Uec_6898_0 flowId 15 uecSrc 14 finished at 43145.1 total messages 1 total packets 4107 RTS 0 total bytes 16781202 in_flight now 0 fair_inc 212522 prop_inc 520 fast_inc 0 eta_inc 2341698 multi_dec -2564331 quick_dec -142809 nack_dec -647400
Flow Uec_1300_0 flowId 4 uecSrc 3 finished at 43156.6 total messages 1 total packets 4107 RTS 0 total bytes 16781202 in_flight now 0 fair_inc 186999 prop_inc 41 fast_inc 0 eta_inc 2345685 multi_dec -2527764 quick_dec -231017 nack_dec -655700
Flow Uec_6924_0 flowId 46 uecSrc 45 finished at 43180 total messages 1 total packets 4107 RTS 0 total bytes 16781202 in_flight now 0 fair_inc 227179 prop_inc 0 fast_inc 0 eta_inc 2341698 multi_dec -2589043 quick_dec -134825 nack_dec -622500
Flow Uec_3460_0 flowId 24 uecSrc 23 finished at 43240.6 total messages 1 total packets 4107 RTS 0 total bytes 16781202 in_flight now 0 fair_inc 178176 prop_inc 1772 fast_inc 0 eta_inc 2352330 multi_dec -2591574 quick_dec -93714 nack_dec -597600
Flow Uec_3335_0 flowId 30 uecSrc 29 finished at 43274.6 total messages 1 total packets 4107 RTS 0 total bytes 16781202 in_flight now 0 fair_inc 170696 prop_inc 628 fast_inc 0 eta_inc 2352330 multi_dec -2616412 quick_dec -48408 nack_dec -622500
Flow Uec_7553_0 flowId 50 uecSrc 49 finished at 43307.6 total messages 1 total packets 4107 RTS 0 total bytes 16781202 in_flight now 0 fair_inc 176034 prop_inc 1768 fast_inc 0 eta_inc 2352330 multi_dec -2552082 quick_dec -75062 nack_dec -668150
Flow Uec_5265_0 flowId 55 uecSrc 54 finished at 43326.6 total messages 1 total packets 4107 RTS 0 total bytes 16781202 in_flight now 0 fair_inc 193888 prop_inc 1065 fast_inc 0 eta_inc 2343027 multi_dec -2489680 quick_dec -166765 nack_dec -709650
Flow Uec_5354_0 flowId 52 uecSrc 51 finished at 43330.6 total messages 1 total packets 4107 RTS 0 total bytes 16781202 in_flight now 0 fair_inc 195698 prop_inc 314 fast_inc 0 eta_inc 2356317 multi_dec -2579902 quick_dec -86798 nack_dec -643250
Flow Uec_7885_0 flowId 1 uecSrc 0 finished at 43344.5 total messages 1 total packets 4107 RTS 0 total bytes 16781202 in_flight now 0 fair_inc 184682 prop_inc 4111 fast_inc 0 eta_inc 2360304 multi_dec -2557871 quick_dec -179159 nack_dec -601750
Flow Uec_8154_0 flowId 49 uecSrc 48 finished at 43358.5 total messages 1 total packets 4107 RTS 0 total bytes 16781202 in_flight now 0 fair_inc 174223 prop_inc 1420 fast_inc 0 eta_inc 2343027 multi_dec -2582237 quick_dec -60026 nack_dec -684750
Flow Uec_487_0 flowId 43 uecSrc 42 finished at 43386.2 total messages 1 total packets 4107 RTS 0 total bytes 16781202 in_flight now 0 fair_inc 221544 prop_inc 815 fast_inc 0 eta_inc 2353659 multi_dec -2550842 quick_dec -142113 nack_dec -664000
Flow Uec_6256_0 flowId 58 uecSrc 57 finished at 43398.5 total messages 1 total packets 4107 RTS 0 total bytes 16781202 in_flight now 0 fair_inc 173054 prop_inc 489 fast_inc 0 eta_inc 2357646 multi_dec -2556117 quick_dec -94878 nack_dec -597600
Flow Uec_315_0 flowId 35 uecSrc 34 finished at 43413.1 total messages 1 total packets 4107 RTS 0 total bytes 16781202 in_flight now 0 fair_inc 234528 prop_inc 124 fast_inc 0 eta_inc 2354988 multi_dec -2567734 quick_dec -196879 nack_dec -726250
Flow Uec_7737_0 flowId 56 uecSrc 55 finished at 43415.6 total messages 1 total packets 4107 RTS 0 total bytes 16781202 in_flight now 0 fair_inc 159975 prop_inc 738 fast_inc 0 eta_inc 2352330 multi_dec -2531539 quick_dec -86265 nack_dec -630800
Flow Uec_6796_0 flowId 44 uecSrc 43 finished at 43429.1 total messages 1 total packets 4107 RTS 0 total bytes 16781202 in_flight now 0 fair_inc 221868 prop_inc 1450 fast_inc 0 eta_inc 2358975 multi_dec -2580193 quick_dec -138278 nack_dec -651550
Flow Uec_2981_0 flowId 7 uecSrc 6 finished at 43454.8 total messages 1 total packets 4107 RTS 0 total bytes 16781202 in_flight now 0 fair_inc 231487 prop_inc 2176 fast_inc 0 eta_inc 2362962 multi_dec -2578850 quick_dec -139603 nack_dec -722100
Flow Uec_6597_0 flowId 63 uecSrc 62 finished at 43488.3 total messages 1 total packets 4107 RTS 0 total bytes 16781202 in_flight now 0 fair_inc 185410 prop_inc 8428 fast_inc 0 eta_inc 2348343 multi_dec -2531632 quick_dec -98505 nack_dec -713800
Flow Uec_3084_0 flowId 10 uecSrc 9 finished at 43492.3 total messages 1 total packets 4107 RTS 0 total bytes 16781202 in_flight now 0 fair_inc 135085 prop_inc 5094 fast_inc 0 eta_inc 2358975 multi_dec -2541867 quick_dec -61807 nack_dec -597600
Flow Uec_5521_0 flowId 12 uecSrc 11 finished at 43494.3 total messages 1 total packets 4107 RTS 0 total bytes 16781202 in_flight now 0 fair_inc 261182 prop_inc 5934 fast_inc 0 eta_inc 2370936 multi_dec -2542020 quick_dec -277420 nack_dec -684750
Flow Uec_7422_0 flowId 8 uecSrc 7 finished at 43514.9 total messages 1 total packets 4107 RTS 0 total bytes 16781202 in_flight now 0 fair_inc 173345 prop_inc 2426 fast_inc 0 eta_inc 2369607 multi_dec -2511164 quick_dec -165402 nack_dec -626650
Flow Uec_1865_0 flowId 14 uecSrc 13 finished at 43522.7 total messages 1 total packets 4107 RTS 0 total bytes 16781202 in_flight now 0 fair_inc 199835 prop_inc 3444 fast_inc 0 eta_inc 2361633 multi_dec -2515083 quick_dec -133193 nack_dec -626650
Flow Uec_1573_0 flowId 13 uecSrc 12 finished at 43529.2 total messages 1 total packets 4107 RTS 0 total bytes 16781202 in_flight now 0 fair_inc 167368 prop_inc 12234 fast_inc 0 eta_inc 2362962 multi_dec -2517281 quick_dec -110225 nack_dec -630800
Flow Uec_6535_0 flowId 20 uecSrc 19 finished at 43531.9 total messages 1 total packets 4107 RTS 0 total bytes 16781202 in_flight now 0 fair_inc 165110 prop_inc 10054 fast_inc 0 eta_inc 2366949 multi_dec -2533849 quick_dec -101536 nack_dec -651550
Flow Uec_1238_0 flowId 16 uecSrc 15 finished at 43563.4 total messages 1 total packets 4107 RTS 0 total bytes 16781202 in_flight now 0 fair_inc 174430 prop_inc 19585 fast_inc 0 eta_inc 2366949 multi_dec -2519291 quick_dec -88045 nack_dec -630800
Flow Uec_796_0 flowId 26 uecSrc 25 finished at 43575.9 total messages 1 total packets 4107 RTS 0 total bytes 16781202 in_flight now 0 fair_inc 159805 prop_inc 24922 fast_inc 0 eta_inc 2360304 multi_dec -2504613 quick_dec -80311 nack_dec -659850
Flow Uec_3580_0 flowId 39 uecSrc 38 finished at 43598.8 total messages 1 total packets 4107 RTS 0 total bytes 16781202 in_flight now 0 fair_inc 159455 prop_inc 33203 fast_inc 0 eta_inc 2368278 multi_dec -2509453 quick_dec -57617 nack_dec -630800
Flow Uec_4405_0 flowId 59 uecSrc 58 finished at 43602.3 total messages 1 total packets 4107 RTS 0 total bytes 16781202 in_flight now 0 fair_inc 140038 prop_inc 28114 fast_inc 0 eta_inc 2368278 multi_dec -2552765 quick_dec -126166 nack_dec -634950
Flow Uec_4830_0 flowId 25 uecSrc 24 finished at 43616.9 total messages 1 total packets 4107 RTS 0 total bytes 16781202 in_flight now 0 fair_inc 122501 prop_inc 54387 fast_inc 0 eta_inc 2369607 multi_dec -2499599 quick_dec -169868 nack_dec -630800
Flow Uec_5925_0 flowId 42 uecSrc 41 finished at 43631.5 total messages 1 total packets 4107 RTS 0 total bytes 16781202 in_flight now 0 fair_inc 143895 prop_inc 64922 fast_inc 0 eta_inc 2364291 multi_dec -2508916 quick_dec -116064 nack_dec -655700
Flow Uec_3384_0 flowId 17 uecSrc 16 finished at 43643.5 total messages 1 total packets 4107 RTS 0 total bytes 16781202 in_flight now 0 fair_inc 139790 prop_inc 65865 fast_inc 0 eta_inc 2374923 multi_dec -2504458 quick_dec -144549 nack_dec -622500
Flow Uec_1944_0 flowId 2 uecSrc 1 finished at 43659.9 total messages 1 total packets 4107 RTS 0 total bytes 16781202 in_flight now 0 fair_inc 127778 prop_inc 121918 fast_inc 0 eta_inc 2377581 multi_dec -2487988 quick_dec -100851 nack_dec -630800
Flow Uec_6293_0 flowId 60 uecSrc 59 finished at 43667.5 total messages 1 total packets 4107 RTS 0 total bytes 16781202 in_flight now 0 fair_inc 115483 prop_inc 108817 fast_inc 0 eta_inc 2372265 multi_dec -2454357 quick_dec -116628 nack_dec -634950
New: 262848 Rtx: 9937 RTS: 0 Bounced: 0 ACKs: 262389 NACKs: 9937 Pulls: 0 sleek_pkts: 0
SPURIOUS_COUNT 0
