.Flow Uec_8151_0 flowId 41 uecSrc 40 finished at 52282.2 total messages 1 total packets 4107 RTS 0 total bytes 16781202 in_flight now 0 fair_inc 0 prop_inc 0 fast_inc 0 eta_inc 2751030 multi_dec -2711666 quick_dec -221047 nack_dec -556100
Flow Uec_8169_0 flowId 23 uecSrc 22 finished at 52333.6 total messages 1 total packets 4107 RTS 0 total bytes 16781202 in_flight now 0 fair_inc 0 prop_inc 0 fast_inc 0 eta_inc 2749701 multi_dec -2711169 quick_dec -267442 nack_dec -556100
Flow Uec_8179_0 flowId 13 uecSrc 12 finished at 52369.1 total messages 1 total packets 4107 RTS 0 total bytes 16781202 in_flight now 0 fair_inc 0 prop_inc 28822 fast_inc 0 eta_inc 2755017 multi_dec -2715204 quick_dec -171020 nack_dec -547800
Flow Uec_8088_0 flowId 104 uecSrc 103 finished at 52373.6 total messages 1 total packets 4107 RTS 0 total bytes 16781202 in_flight now 0 fair_inc 0 prop_inc 0 fast_inc 0 eta_inc 2745714 multi_dec -2715300 quick_dec -161318 nack_dec -564400
Flow Uec_8171_0 flowId 21 uecSrc 20 finished at 52406.2 total messages 1 total packets 4107 RTS 0 total bytes 16781202 in_flight now 0 fair_inc 0 prop_inc 0 fast_inc 0 eta_inc 2755017 multi_dec -2710520 quick_dec -206163 nack_dec -560250
Flow Uec_8172_0 flowId 20 uecSrc 19 finished at 52410.2 total messages 1 total packets 4107 RTS 0 total bytes 16781202 in_flight now 0 fair_inc 0 prop_inc 0 fast_inc 0 eta_inc 2753688 multi_dec -2719415 quick_dec -164761 nack_dec -547800
Flow Uec_8163_0 flowId 29 uecSrc 28 finished at 52446.9 total messages 1 total packets 4107 RTS 0 total bytes 16781202 in_flight now 0 fair_inc 0 prop_inc 0 fast_inc 0 eta_inc 2759004 multi_dec -2717316 quick_dec -179097 nack_dec -547800
Flow Uec_8075_0 flowId 117 uecSrc 116 finished at 52464.6 total messages 1 total packets 4107 RTS 0 total bytes 16781202 in_flight now 0 fair_inc 0 prop_inc 0 fast_inc 0 eta_inc 2753688 multi_dec -2719970 quick_dec -219713 nack_dec -556100
Flow Uec_8184_0 flowId 8 uecSrc 7 finished at 52471.4 total messages 1 total packets 4107 RTS 0 total bytes 16781202 in_flight now 0 fair_inc 0 prop_inc 0 fast_inc 0 eta_inc 2756346 multi_dec -2719283 quick_dec -163571 nack_dec -551950
Flow Uec_8084_0 flowId 108 uecSrc 107 finished at 52476.4 total messages 1 total packets 4107 RTS 0 total bytes 16781202 in_flight now 0 fair_inc 0 prop_inc 0 fast_inc 0 eta_inc 2766978 multi_dec -2744900 quick_dec -221850 nack_dec -518750
Flow Uec_8079_0 flowId 113 uecSrc 112 finished at 52514.1 total messages 1 total packets 4107 RTS 0 total bytes 16781202 in_flight now 0 fair_inc 0 prop_inc 0 fast_inc 0 eta_inc 2761662 multi_dec -2710651 quick_dec -184268 nack_dec -568550
Flow Uec_8074_0 flowId 118 uecSrc 117 finished at 52533.5 total messages 1 total packets 4107 RTS 0 total bytes 16781202 in_flight now 0 fair_inc 0 prop_inc 0 fast_inc 0 eta_inc 2770965 multi_dec -2747411 quick_dec -158247 nack_dec -531200
Flow Uec_8117_0 flowId 75 uecSrc 74 finished at 52636.5 total messages 1 total packets 4107 RTS 0 total bytes 16781202 in_flight now 0 fair_inc 0 prop_inc 0 fast_inc 0 eta_inc 2766978 multi_dec -2734047 quick_dec -252979 nack_dec -547800
Flow Uec_8182_0 flowId 10 uecSrc 9 finished at 52661.5 total messages 1 total packets 4107 RTS 0 total bytes 16781202 in_flight now 0 fair_inc 0 prop_inc 0 fast_inc 0 eta_inc 2772294 multi_dec -2744008 quick_dec -225801 nack_dec -543650
Flow Uec_8173_0 flowId 19 uecSrc 18 finished at 52768.5 total messages 1 total packets 4107 RTS 0 total bytes 16781202 in_flight now 0 fair_inc 0 prop_inc 0 fast_inc 0 eta_inc 2769636 multi_dec -2739004 quick_dec -179076 nack_dec -572700
Flow Uec_8175_0 flowId 17 uecSrc 16 finished at 52820.6 total messages 1 total packets 4107 RTS 0 total bytes 16781202 in_flight now 0 fair_inc 0 prop_inc 0 fast_inc 0 eta_inc 2778939 multi_dec -2746515 quick_dec -179307 nack_dec -551950
Flow Uec_8069_0 flowId 123 uecSrc 122 finished at 52852.8 total messages 1 total packets 4107 RTS 0 total bytes 16781202 in_flight now 0 fair_inc 0 prop_inc 0 fast_inc 0 eta_inc 2780268 multi_dec -2748971 quick_dec -164991 nack_dec -535350
Flow Uec_8130_0 flowId 62 uecSrc 61 finished at 53000.5 total messages 1 total packets 4107 RTS 0 total bytes 16781202 in_flight now 0 fair_inc 0 prop_inc 232 fast_inc 0 eta_inc 2788242 multi_dec -2759651 quick_dec -180439 nack_dec -568550
Flow Uec_8106_0 flowId 86 uecSrc 85 finished at 53086 total messages 1 total packets 4107 RTS 0 total bytes 16781202 in_flight now 0 fair_inc 0 prop_inc 0 fast_inc 0 eta_inc 2796216 multi_dec -2770865 quick_dec -261557 nack_dec -531200
Flow Uec_8087_0 flowId 105 uecSrc 104 finished at 53446.5 total messages 1 total packets 4107 RTS 0 total bytes 16781202 in_flight now 0 fair_inc 0 prop_inc 190 fast_inc 0 eta_inc 2802861 multi_dec -2775100 quick_dec -172526 nack_dec -593450
Flow Uec_8144_0 flowId 48 uecSrc 47 finished at 54329.8 total messages 1 total packets 4107 RTS 0 total bytes 16781202 in_flight now 0 fair_inc 0 prop_inc 0 fast_inc 0 eta_inc 2860008 multi_dec -2828118 quick_dec -289694 nack_dec -539500
Flow Uec_8086_0 flowId 106 uecSrc 105 finished at 54703.5 total messages 1 total packets 4107 RTS 0 total bytes 16781202 in_flight now 0 fair_inc 0 prop_inc 0 fast_inc 0 eta_inc 2887917 multi_dec -2861982 quick_dec -158265 nack_dec -514600
Flow Uec_8191_0 flowId 1 uecSrc 0 finished at 72996.8 total messages 1 total packets 4107 RTS 0 total bytes 16781202 in_flight now 0 fair_inc 0 prop_inc 0 fast_inc 0 eta_inc 3855429 multi_dec -3821327 quick_dec -163340 nack_dec -547800
Flow Uec_8187_0 flowId 5 uecSrc 4 finished at 74055.1 total messages 1 total packets 4107 RTS 0 total bytes 16781202 in_flight now 0 fair_inc 0 prop_inc 0 fast_inc 0 eta_inc 3907260 multi_dec -3870996 quick_dec -137625 nack_dec -560250
Flow Uec_8190_0 flowId 2 uecSrc 1 finished at 74262.4 total messages 1 total packets 4107 RTS 0 total bytes 16781202 in_flight now 0 fair_inc 0 prop_inc 0 fast_inc 0 eta_inc 3921879 multi_dec -3889250 quick_dec -199110 nack_dec -543650
Flow Uec_8134_0 flowId 58 uecSrc 57 finished at 74786.7 total messages 1 total packets 4107 RTS 0 total bytes 16781202 in_flight now 0 fair_inc 0 prop_inc 0 fast_inc 0 eta_inc 3953775 multi_dec -3928921 quick_dec -130891 nack_dec -535350
Flow Uec_8073_0 flowId 119 uecSrc 118 finished at 74893.1 total messages 1 total packets 4107 RTS 0 total bytes 16781202 in_flight now 0 fair_inc 0 prop_inc 0 fast_inc 0 eta_inc 3959091 multi_dec -3928480 quick_dec -143496 nack_dec -539500
Flow Uec_8082_0 flowId 110 uecSrc 109 finished at 75188.2 total messages 1 total packets 4107 RTS 0 total bytes 16781202 in_flight now 0 fair_inc 0 prop_inc 0 fast_inc 0 eta_inc 3981684 multi_dec -3960345 quick_dec -162236 nack_dec -514600
Flow Uec_8092_0 flowId 100 uecSrc 99 finished at 75195.7 total messages 1 total packets 4107 RTS 0 total bytes 16781202 in_flight now 0 fair_inc 0 prop_inc 0 fast_inc 0 eta_inc 3976368 multi_dec -3948401 quick_dec -171748 nack_dec -531200
Flow Uec_8149_0 flowId 43 uecSrc 42 finished at 75336.8 total messages 1 total packets 4107 RTS 0 total bytes 16781202 in_flight now 0 fair_inc 0 prop_inc 0 fast_inc 0 eta_inc 3981684 multi_dec -3956979 quick_dec -180746 nack_dec -535350
Flow Uec_8165_0 flowId 27 uecSrc 26 finished at 75880 total messages 1 total packets 4107 RTS 0 total bytes 16781202 in_flight now 0 fair_inc 0 prop_inc 0 fast_inc 0 eta_inc 4010922 multi_dec -3968411 quick_dec -214377 nack_dec -535350
Flow Uec_8113_0 flowId 79 uecSrc 78 finished at 76431.5 total messages 1 total packets 4107 RTS 0 total bytes 16781202 in_flight now 0 fair_inc 0 prop_inc 0 fast_inc 0 eta_inc 4036173 multi_dec -4001999 quick_dec -240754 nack_dec -568550
Flow Uec_8089_0 flowId 103 uecSrc 102 finished at 76446.3 total messages 1 total packets 4107 RTS 0 total bytes 16781202 in_flight now 0 fair_inc 0 prop_inc 0 fast_inc 0 eta_inc 4038831 multi_dec -4005719 quick_dec -150543 nack_dec -547800
Flow Uec_8135_0 flowId 57 uecSrc 56 finished at 76837.3 total messages 1 total packets 4107 RTS 0 total bytes 16781202 in_flight now 0 fair_inc 6046 prop_inc 236 fast_inc 0 eta_inc 4068069 multi_dec -4064971 quick_dec -199724 nack_dec -522900
Flow Uec_8161_0 flowId 31 uecSrc 30 finished at 76880.1 total messages 1 total packets 4107 RTS 0 total bytes 16781202 in_flight now 0 fair_inc 6194 prop_inc 0 fast_inc 0 eta_inc 4070727 multi_dec -4071485 quick_dec -183490 nack_dec -514600
Flow Uec_8154_0 flowId 38 uecSrc 37 finished at 76992.7 total messages 1 total packets 4107 RTS 0 total bytes 16781202 in_flight now 0 fair_inc 0 prop_inc 0 fast_inc 0 eta_inc 4076043 multi_dec -4050707 quick_dec -242209 nack_dec -527214
Flow Uec_8095_0 flowId 97 uecSrc 96 finished at 77013.8 total messages 1 total packets 4107 RTS 0 total bytes 16781202 in_flight now 0 fair_inc 0 prop_inc 0 fast_inc 0 eta_inc 4070727 multi_dec -4033786 quick_dec -152929 nack_dec -543650
Flow Uec_8142_0 flowId 50 uecSrc 49 finished at 77081.3 total messages 1 total packets 4107 RTS 0 total bytes 16781202 in_flight now 0 fair_inc 0 prop_inc 0 fast_inc 0 eta_inc 4076043 multi_dec -4042659 quick_dec -177895 nack_dec -543650
Flow Uec_8101_0 flowId 91 uecSrc 90 finished at 77130.8 total messages 1 total packets 4107 RTS 0 total bytes 16781202 in_flight now 0 fair_inc 0 prop_inc 0 fast_inc 0 eta_inc 4081359 multi_dec -4059869 quick_dec -195697 nack_dec -531200
Flow Uec_8129_0 flowId 63 uecSrc 62 finished at 77161.7 total messages 1 total packets 4107 RTS 0 total bytes 16781202 in_flight now 0 fair_inc 6014 prop_inc 0 fast_inc 0 eta_inc 4076043 multi_dec -4066106 quick_dec -253284 nack_dec -551950
Flow Uec_8186_0 flowId 6 uecSrc 5 finished at 77180.6 total messages 1 total packets 4107 RTS 0 total bytes 16781202 in_flight now 0 fair_inc 0 prop_inc 0 fast_inc 0 eta_inc 4088004 multi_dec -4067927 quick_dec -170614 nack_dec -518750
Flow Uec_8097_0 flowId 95 uecSrc 94 finished at 77198.4 total messages 1 total packets 4107 RTS 0 total bytes 16781202 in_flight now 0 fair_inc 6174 prop_inc 0 fast_inc 0 eta_inc 4081359 multi_dec -4072629 quick_dec -216629 nack_dec -551950
Flow Uec_8166_0 flowId 26 uecSrc 25 finished at 77219.2 total messages 1 total packets 4107 RTS 0 total bytes 16781202 in_flight now 0 fair_inc 0 prop_inc 0 fast_inc 0 eta_inc 4081359 multi_dec -4055928 quick_dec -174222 nack_dec -543650
Flow Uec_8100_0 flowId 92 uecSrc 91 finished at 77245.7 total messages 1 total packets 4107 RTS 0 total bytes 16781202 in_flight now 0 fair_inc 0 prop_inc 0 fast_inc 0 eta_inc 4080030 multi_dec -4048134 quick_dec -210628 nack_dec -560250
Flow Uec_8068_0 flowId 124 uecSrc 123 finished at 77302.5 total messages 1 total packets 4107 RTS 0 total bytes 16781202 in_flight now 0 fair_inc 0 prop_inc 0 fast_inc 0 eta_inc 4089333 multi_dec -4063847 quick_dec -199220 nack_dec -522900
Flow Uec_8083_0 flowId 109 uecSrc 108 finished at 77369.1 total messages 1 total packets 4107 RTS 0 total bytes 16781202 in_flight now 0 fair_inc 0 prop_inc 0 fast_inc 0 eta_inc 4089333 multi_dec -4061507 quick_dec -256210 nack_dec -543650
Flow Uec_8110_0 flowId 82 uecSrc 81 finished at 77465.1 total messages 1 total packets 4107 RTS 0 total bytes 16781202 in_flight now 0 fair_inc 0 prop_inc 0 fast_inc 0 eta_inc 4093320 multi_dec -4051060 quick_dec -232556 nack_dec -547800
Flow Uec_8091_0 flowId 101 uecSrc 100 finished at 77471.2 total messages 1 total packets 4107 RTS 0 total bytes 16781202 in_flight now 0 fair_inc 0 prop_inc 0 fast_inc 0 eta_inc 4093320 multi_dec -4063478 quick_dec -163809 nack_dec -551950
Flow Uec_8174_0 flowId 18 uecSrc 17 finished at 77482.7 total messages 1 total packets 4107 RTS 0 total bytes 16781202 in_flight now 0 fair_inc 0 prop_inc 0 fast_inc 0 eta_inc 4094649 multi_dec -4060786 quick_dec -173244 nack_dec -551950
Flow Uec_8188_0 flowId 4 uecSrc 3 finished at 77534.1 total messages 1 total packets 4107 RTS 0 total bytes 16781202 in_flight now 0 fair_inc 6248 prop_inc 0 fast_inc 0 eta_inc 4099965 multi_dec -4074399 quick_dec -264687 nack_dec -547800
Flow Uec_8147_0 flowId 45 uecSrc 44 finished at 77535.5 total messages 1 total packets 4107 RTS 0 total bytes 16781202 in_flight now 0 fair_inc 0 prop_inc 240 fast_inc 0 eta_inc 4091991 multi_dec -4056254 quick_dec -218243 nack_dec -572700
Flow Uec_8168_0 flowId 24 uecSrc 23 finished at 77594.2 total messages 1 total packets 4107 RTS 0 total bytes 16781202 in_flight now 0 fair_inc 6134 prop_inc 0 fast_inc 0 eta_inc 4094649 multi_dec -4075870 quick_dec -165972 nack_dec -560250
Flow Uec_8133_0 flowId 59 uecSrc 58 finished at 77606.9 total messages 1 total packets 4107 RTS 0 total bytes 16781202 in_flight now 0 fair_inc 0 prop_inc 0 fast_inc 0 eta_inc 4098636 multi_dec -4049778 quick_dec -177085 nack_dec -560250
Flow Uec_8105_0 flowId 87 uecSrc 86 finished at 77613.8 total messages 1 total packets 4107 RTS 0 total bytes 16781202 in_flight now 0 fair_inc 6230 prop_inc 0 fast_inc 0 eta_inc 4105281 multi_dec -4084556 quick_dec -160014 nack_dec -539500
Flow Uec_8070_0 flowId 122 uecSrc 121 finished at 77731.9 total messages 1 total packets 4107 RTS 0 total bytes 16781202 in_flight now 0 fair_inc 6234 prop_inc 0 fast_inc 0 eta_inc 4110597 multi_dec -4098190 quick_dec -202172 nack_dec -556100
Flow Uec_8181_0 flowId 11 uecSrc 10 finished at 77739.9 total messages 1 total packets 4107 RTS 0 total bytes 16781202 in_flight now 0 fair_inc 0 prop_inc 0 fast_inc 0 eta_inc 4107939 multi_dec -4064623 quick_dec -185984 nack_dec -551950
Flow Uec_8131_0 flowId 61 uecSrc 60 finished at 77742.5 total messages 1 total packets 4107 RTS 0 total bytes 16781202 in_flight now 0 fair_inc 0 prop_inc 0 fast_inc 0 eta_inc 4106610 multi_dec -4081875 quick_dec -172948 nack_dec -556100
Flow Uec_8120_0 flowId 72 uecSrc 71 finished at 77817.7 total messages 1 total packets 4107 RTS 0 total bytes 16781202 in_flight now 0 fair_inc 0 prop_inc 0 fast_inc 0 eta_inc 4115913 multi_dec -4088046 quick_dec -147180 nack_dec -547800
Flow Uec_8155_0 flowId 37 uecSrc 36 finished at 77836 total messages 1 total packets 4107 RTS 0 total bytes 16781202 in_flight now 0 fair_inc 6029 prop_inc 0 fast_inc 0 eta_inc 4113255 multi_dec -4066329 quick_dec -160425 nack_dec -556100
Flow Uec_8159_0 flowId 33 uecSrc 32 finished at 77855.8 total messages 1 total packets 4107 RTS 0 total bytes 16781202 in_flight now 0 fair_inc 0 prop_inc 0 fast_inc 0 eta_inc 4113255 multi_dec -4081131 quick_dec -156715 nack_dec -560250
Flow Uec_8093_0 flowId 99 uecSrc 98 finished at 77868.6 total messages 1 total packets 4107 RTS 0 total bytes 16781202 in_flight now 0 fair_inc 5866 prop_inc 0 fast_inc 0 eta_inc 4123887 multi_dec -4097901 quick_dec -229676 nack_dec -527050
Flow Uec_8099_0 flowId 93 uecSrc 92 finished at 79003.2 total messages 1 total packets 4107 RTS 0 total bytes 16781202 in_flight now 0 fair_inc 0 prop_inc 0 fast_inc 0 eta_inc 4183692 multi_dec -4146808 quick_dec -143214 nack_dec -539500
Flow Uec_8125_0 flowId 67 uecSrc 66 finished at 80214.1 total messages 1 total packets 4107 RTS 0 total bytes 16781202 in_flight now 0 fair_inc 5942 prop_inc 0 fast_inc 0 eta_inc 4236852 multi_dec -4200720 quick_dec -241498 nack_dec -589300
Flow Uec_8132_0 flowId 60 uecSrc 59 finished at 80523.5 total messages 1 total packets 4107 RTS 0 total bytes 16781202 in_flight now 0 fair_inc 0 prop_inc 0 fast_inc 0 eta_inc 4250142 multi_dec -4205506 quick_dec -182495 nack_dec -605900
Flow Uec_8185_0 flowId 7 uecSrc 6 finished at 80831.8 total messages 1 total packets 4107 RTS 0 total bytes 16781202 in_flight now 0 fair_inc 5968 prop_inc 0 fast_inc 0 eta_inc 4276722 multi_dec -4227433 quick_dec -222154 nack_dec -572700
Flow Uec_8136_0 flowId 56 uecSrc 55 finished at 83152.6 total messages 1 total packets 4107 RTS 0 total bytes 16781202 in_flight now 0 fair_inc 38165 prop_inc 0 fast_inc 0 eta_inc 4398990 multi_dec -4426894 quick_dec -233931 nack_dec -572700
Flow Uec_8077_0 flowId 115 uecSrc 114 finished at 84459.4 total messages 1 total packets 4107 RTS 0 total bytes 16781202 in_flight now 0 fair_inc 39033 prop_inc 0 fast_inc 0 eta_inc 4474743 multi_dec -4535879 quick_dec -145948 nack_dec -539500
Flow Uec_8094_0 flowId 98 uecSrc 97 finished at 84653.7 total messages 1 total packets 4107 RTS 0 total bytes 16781202 in_flight now 0 fair_inc 45431 prop_inc 0 fast_inc 0 eta_inc 4485375 multi_dec -4548225 quick_dec -178638 nack_dec -551950
Flow Uec_8081_0 flowId 111 uecSrc 110 finished at 84733.8 total messages 1 total packets 4107 RTS 0 total bytes 16781202 in_flight now 0 fair_inc 45205 prop_inc 0 fast_inc 0 eta_inc 4488033 multi_dec -4527326 quick_dec -165403 nack_dec -589300
Flow Uec_8183_0 flowId 9 uecSrc 8 finished at 84919.6 total messages 1 total packets 4107 RTS 0 total bytes 16781202 in_flight now 0 fair_inc 32313 prop_inc 0 fast_inc 0 eta_inc 4499994 multi_dec -4520568 quick_dec -204897 nack_dec -568550
Flow Uec_8176_0 flowId 16 uecSrc 15 finished at 85255.3 total messages 1 total packets 4107 RTS 0 total bytes 16781202 in_flight now 0 fair_inc 25404 prop_inc 0 fast_inc 0 eta_inc 4522587 multi_dec -4533583 quick_dec -197568 nack_dec -551950
Flow Uec_8108_0 flowId 84 uecSrc 83 finished at 85607.2 total messages 1 total packets 4107 RTS 0 total bytes 16781202 in_flight now 0 fair_inc 49489 prop_inc 179 fast_inc 0 eta_inc 4533219 multi_dec -4474186 quick_dec -218048 nack_dec -643250
Flow Uec_8107_0 flowId 85 uecSrc 84 finished at 85761.1 total messages 1 total packets 4107 RTS 0 total bytes 16781202 in_flight now 0 fair_inc 19087 prop_inc 0 fast_inc 0 eta_inc 4553154 multi_dec -4552019 quick_dec -237230 nack_dec -551950
Flow Uec_8152_0 flowId 40 uecSrc 39 finished at 85882.6 total messages 1 total packets 4107 RTS 0 total bytes 16781202 in_flight now 0 fair_inc 47965 prop_inc 199 fast_inc 0 eta_inc 4554483 multi_dec -4609397 quick_dec -184724 nack_dec -556100
Flow Uec_8167_0 flowId 25 uecSrc 24 finished at 85906.1 total messages 1 total packets 4107 RTS 0 total bytes 16781202 in_flight now 0 fair_inc 52470 prop_inc 0 fast_inc 0 eta_inc 4557141 multi_dec -4632008 quick_dec -151602 nack_dec -556100
Flow Uec_8177_0 flowId 15 uecSrc 14 finished at 86189.5 total messages 1 total packets 4107 RTS 0 total bytes 16781202 in_flight now 0 fair_inc 38372 prop_inc 224 fast_inc 0 eta_inc 4577076 multi_dec -4587119 quick_dec -200143 nack_dec -581000
Flow Uec_8158_0 flowId 34 uecSrc 33 finished at 86228.6 total messages 1 total packets 4107 RTS 0 total bytes 16781202 in_flight now 0 fair_inc 76648 prop_inc 0 fast_inc 0 eta_inc 4570431 multi_dec -4666828 quick_dec -193417 nack_dec -593450
Flow Uec_8114_0 flowId 78 uecSrc 77 finished at 86260.6 total messages 1 total packets 4107 RTS 0 total bytes 16781202 in_flight now 0 fair_inc 57790 prop_inc 0 fast_inc 0 eta_inc 4578405 multi_dec -4601614 quick_dec -272187 nack_dec -568550
Flow Uec_8145_0 flowId 47 uecSrc 46 finished at 86313.2 total messages 1 total packets 4107 RTS 0 total bytes 16781202 in_flight now 0 fair_inc 117781 prop_inc 0 fast_inc 0 eta_inc 4569102 multi_dec -4677116 quick_dec -180699 nack_dec -622500
Flow Uec_8146_0 flowId 46 uecSrc 45 finished at 86459.2 total messages 1 total packets 4107 RTS 0 total bytes 16781202 in_flight now 0 fair_inc 77099 prop_inc 0 fast_inc 0 eta_inc 4581063 multi_dec -4673728 quick_dec -203922 nack_dec -597600
Flow Uec_8138_0 flowId 54 uecSrc 53 finished at 86597 total messages 1 total packets 4107 RTS 0 total bytes 16781202 in_flight now 0 fair_inc 57326 prop_inc 0 fast_inc 0 eta_inc 4593024 multi_dec -4594208 quick_dec -185867 nack_dec -581000
Flow Uec_8160_0 flowId 32 uecSrc 31 finished at 86652.5 total messages 1 total packets 4107 RTS 0 total bytes 16781202 in_flight now 0 fair_inc 56453 prop_inc 204 fast_inc 0 eta_inc 4600998 multi_dec -4655783 quick_dec -173181 nack_dec -551950
Flow Uec_8116_0 flowId 76 uecSrc 75 finished at 86653.2 total messages 1 total packets 4107 RTS 0 total bytes 16781202 in_flight now 0 fair_inc 26650 prop_inc 367 fast_inc 0 eta_inc 4589037 multi_dec -4605333 quick_dec -151330 nack_dec -585150
Flow Uec_8139_0 flowId 53 uecSrc 52 finished at 86679.4 total messages 1 total packets 4107 RTS 0 total bytes 16781202 in_flight now 0 fair_inc 65505 prop_inc 702 fast_inc 0 eta_inc 4590366 multi_dec -4663116 quick_dec -177871 nack_dec -593450
Flow Uec_8064_0 flowId 128 uecSrc 127 finished at 86714.3 total messages 1 total packets 4107 RTS 0 total bytes 16781202 in_flight now 0 fair_inc 50086 prop_inc 0 fast_inc 0 eta_inc 4598340 multi_dec -4613577 quick_dec -218595 nack_dec -576850
Flow Uec_8104_0 flowId 88 uecSrc 87 finished at 86721.6 total messages 1 total packets 4107 RTS 0 total bytes 16781202 in_flight now 0 fair_inc 45006 prop_inc 0 fast_inc 0 eta_inc 4600998 multi_dec -4631158 quick_dec -184618 nack_dec -585150
Flow Uec_8127_0 flowId 65 uecSrc 64 finished at 86728.1 total messages 1 total packets 4107 RTS 0 total bytes 16781202 in_flight now 0 fair_inc 80979 prop_inc 747 fast_inc 0 eta_inc 4603656 multi_dec -4662533 quick_dec -239459 nack_dec -581000
Flow Uec_8109_0 flowId 83 uecSrc 82 finished at 86799.8 total messages 1 total packets 4107 RTS 0 total bytes 16781202 in_flight now 0 fair_inc 107264 prop_inc 568 fast_inc 0 eta_inc 4600998 multi_dec -4682871 quick_dec -183032 nack_dec -593614
Flow Uec_8180_0 flowId 12 uecSrc 11 finished at 86831.6 total messages 1 total packets 4107 RTS 0 total bytes 16781202 in_flight now 0 fair_inc 85204 prop_inc 610 fast_inc 0 eta_inc 4606314 multi_dec -4691769 quick_dec -241289 nack_dec -568550
Flow Uec_8122_0 flowId 70 uecSrc 69 finished at 86836.8 total messages 1 total packets 4107 RTS 0 total bytes 16781202 in_flight now 0 fair_inc 66628 prop_inc 1350 fast_inc 0 eta_inc 4611630 multi_dec -4669180 quick_dec -177452 nack_dec -597600
Flow Uec_8153_0 flowId 39 uecSrc 38 finished at 86843.1 total messages 1 total packets 4107 RTS 0 total bytes 16781202 in_flight now 0 fair_inc 71939 prop_inc 369 fast_inc 0 eta_inc 4607643 multi_dec -4648636 quick_dec -255022 nack_dec -585150
Flow Uec_8072_0 flowId 120 uecSrc 119 finished at 86868.9 total messages 1 total packets 4107 RTS 0 total bytes 16781202 in_flight now 0 fair_inc 51237 prop_inc 195 fast_inc 0 eta_inc 4598340 multi_dec -4652363 quick_dec -196210 nack_dec -610050
Flow Uec_8123_0 flowId 69 uecSrc 68 finished at 86895.4 total messages 1 total packets 4107 RTS 0 total bytes 16781202 in_flight now 0 fair_inc 39060 prop_inc 1150 fast_inc 0 eta_inc 4600998 multi_dec -4605505 quick_dec -171243 nack_dec -585150
Flow Uec_8085_0 flowId 107 uecSrc 106 finished at 86910.4 total messages 1 total packets 4107 RTS 0 total bytes 16781202 in_flight now 0 fair_inc 104811 prop_inc 1660 fast_inc 0 eta_inc 4602327 multi_dec -4633493 quick_dec -260971 nack_dec -614200
Flow Uec_8156_0 flowId 36 uecSrc 35 finished at 86919 total messages 1 total packets 4107 RTS 0 total bytes 16781202 in_flight now 0 fair_inc 44672 prop_inc 378 fast_inc 0 eta_inc 4619604 multi_dec -4666657 quick_dec -207947 nack_dec -531200
Flow Uec_8067_0 flowId 125 uecSrc 124 finished at 86923.9 total messages 1 total packets 4107 RTS 0 total bytes 16781202 in_flight now 0 fair_inc 75671 prop_inc 241 fast_inc 0 eta_inc 4603656 multi_dec -4636799 quick_dec -226973 nack_dec -634950
Flow Uec_8096_0 flowId 96 uecSrc 95 finished at 86969 total messages 1 total packets 4107 RTS 0 total bytes 16781202 in_flight now 0 fair_inc 42989 prop_inc 282 fast_inc 0 eta_inc 4614288 multi_dec -4602902 quick_dec -209508 nack_dec -568550
Flow Uec_8189_0 flowId 3 uecSrc 2 finished at 86976.3 total messages 1 total packets 4107 RTS 0 total bytes 16781202 in_flight now 0 fair_inc 84836 prop_inc 326 fast_inc 0 eta_inc 4614288 multi_dec -4700476 quick_dec -225239 nack_dec -605900
Flow Uec_8066_0 flowId 126 uecSrc 125 finished at 86977.5 total messages 1 total packets 4107 RTS 0 total bytes 16781202 in_flight now 0 fair_inc 85498 prop_inc 761 fast_inc 0 eta_inc 4604985 multi_dec -4647516 quick_dec -323954 nack_dec -643250
Flow Uec_8119_0 flowId 73 uecSrc 72 finished at 86981.8 total messages 1 total packets 4107 RTS 0 total bytes 16781202 in_flight now 0 fair_inc 71463 prop_inc 184 fast_inc 0 eta_inc 4610301 multi_dec -4657869 quick_dec -187209 nack_dec -626650
Flow Uec_8164_0 flowId 28 uecSrc 27 finished at 86995.6 total messages 1 total packets 4107 RTS 0 total bytes 16781202 in_flight now 0 fair_inc 69489 prop_inc 871 fast_inc 0 eta_inc 4604985 multi_dec -4681239 quick_dec -203335 nack_dec -622500
Flow Uec_8128_0 flowId 64 uecSrc 63 finished at 87021.8 total messages 1 total packets 4107 RTS 0 total bytes 16781202 in_flight now 0 fair_inc 75677 prop_inc 1503 fast_inc 0 eta_inc 4611630 multi_dec -4681923 quick_dec -170802 nack_dec -572700
Flow Uec_8162_0 flowId 30 uecSrc 29 finished at 87053.9 total messages 1 total packets 4107 RTS 0 total bytes 16781202 in_flight now 0 fair_inc 87077 prop_inc 1183 fast_inc 0 eta_inc 4615617 multi_dec -4649241 quick_dec -224588 nack_dec -626650
Flow Uec_8118_0 flowId 74 uecSrc 73 finished at 87075.1 total messages 1 total packets 4107 RTS 0 total bytes 16781202 in_flight now 0 fair_inc 31360 prop_inc 689 fast_inc 0 eta_inc 4607643 multi_dec -4580607 quick_dec -192114 nack_dec -651550
Flow Uec_8098_0 flowId 94 uecSrc 93 finished at 87111.3 total messages 1 total packets 4107 RTS 0 total bytes 16781202 in_flight now 0 fair_inc 64210 prop_inc 922 fast_inc 0 eta_inc 4623591 multi_dec -4675526 quick_dec -205976 nack_dec -589300
Flow Uec_8080_0 flowId 112 uecSrc 111 finished at 87115.8 total messages 1 total packets 4107 RTS 0 total bytes 16781202 in_flight now 0 fair_inc 116467 prop_inc 302 fast_inc 0 eta_inc 4607643 multi_dec -4669496 quick_dec -230552 nack_dec -647400
Flow Uec_8140_0 flowId 52 uecSrc 51 finished at 87120.8 total messages 1 total packets 4107 RTS 0 total bytes 16781202 in_flight now 0 fair_inc 82339 prop_inc 766 fast_inc 0 eta_inc 4610301 multi_dec -4667112 quick_dec -275182 nack_dec -647400
Flow Uec_8071_0 flowId 121 uecSrc 120 finished at 87133.9 total messages 1 total packets 4107 RTS 0 total bytes 16781202 in_flight now 0 fair_inc 84374 prop_inc 160 fast_inc 0 eta_inc 4624920 multi_dec -4714534 quick_dec -153720 nack_dec -568550
Flow Uec_8115_0 flowId 77 uecSrc 76 finished at 87152.4 total messages 1 total packets 4107 RTS 0 total bytes 16781202 in_flight now 0 fair_inc 96198 prop_inc 388 fast_inc 0 eta_inc 4622262 multi_dec -4652585 quick_dec -230317 nack_dec -647400
Flow Uec_8137_0 flowId 55 uecSrc 54 finished at 87170 total messages 1 total packets 4107 RTS 0 total bytes 16781202 in_flight now 0 fair_inc 53790 prop_inc 2083 fast_inc 0 eta_inc 4614288 multi_dec -4664953 quick_dec -170394 nack_dec -639100
Flow Uec_8111_0 flowId 81 uecSrc 80 finished at 87180.3 total messages 1 total packets 4107 RTS 0 total bytes 16781202 in_flight now 0 fair_inc 44573 prop_inc 4557 fast_inc 0 eta_inc 4616946 multi_dec -4656552 quick_dec -133156 nack_dec -601750
Flow Uec_8065_0 flowId 127 uecSrc 126 finished at 87181.1 total messages 1 total packets 4107 RTS 0 total bytes 16781202 in_flight now 0 fair_inc 69670 prop_inc 4122 fast_inc 0 eta_inc 4624920 multi_dec -4649748 quick_dec -239808 nack_dec -618350
Flow Uec_8150_0 flowId 42 uecSrc 41 finished at 87212.8 total messages 1 total packets 4107 RTS 0 total bytes 16781202 in_flight now 0 fair_inc 60589 prop_inc 2896 fast_inc 0 eta_inc 4624920 multi_dec -4630697 quick_dec -236466 nack_dec -597600
Flow Uec_8170_0 flowId 22 uecSrc 21 finished at 87214.3 total messages 1 total packets 4107 RTS 0 total bytes 16781202 in_flight now 0 fair_inc 83525 prop_inc 3503 fast_inc 0 eta_inc 4631565 multi_dec -4626906 quick_dec -234237 nack_dec -572700
Flow Uec_8102_0 flowId 90 uecSrc 89 finished at 87224.9 total messages 1 total packets 4107 RTS 0 total bytes 16781202 in_flight now 0 fair_inc 51336 prop_inc 6881 fast_inc 0 eta_inc 4626249 multi_dec -4635170 quick_dec -186254 nack_dec -581000
Flow Uec_8178_0 flowId 14 uecSrc 13 finished at 87233.9 total messages 1 total packets 4107 RTS 0 total bytes 16781202 in_flight now 0 fair_inc 44045 prop_inc 2693 fast_inc 0 eta_inc 4636881 multi_dec -4649736 quick_dec -161065 nack_dec -568550
Flow Uec_8143_0 flowId 49 uecSrc 48 finished at 87247.2 total messages 1 total packets 4107 RTS 0 total bytes 16781202 in_flight now 0 fair_inc 40525 prop_inc 13335 fast_inc 0 eta_inc 4624920 multi_dec -4620941 quick_dec -164147 nack_dec -581000
Flow Uec_8141_0 flowId 51 uecSrc 50 finished at 87248.4 total messages 1 total packets 4107 RTS 0 total bytes 16781202 in_flight now 0 fair_inc 52666 prop_inc 10002 fast_inc 0 eta_inc 4626249 multi_dec -4606938 quick_dec -236983 nack_dec -605900
Flow Uec_8078_0 flowId 114 uecSrc 113 finished at 87249.4 total messages 1 total packets 4107 RTS 0 total bytes 16781202 in_flight now 0 fair_inc 56834 prop_inc 17382 fast_inc 0 eta_inc 4624920 multi_dec -4650469 quick_dec -192104 nack_dec -614200
Flow Uec_8121_0 flowId 71 uecSrc 70 finished at 87252.7 total messages 1 total packets 4107 RTS 0 total bytes 16781202 in_flight now 0 fair_inc 78992 prop_inc 16637 fast_inc 0 eta_inc 4639539 multi_dec -4699308 quick_dec -223912 nack_dec -560250
Flow Uec_8157_0 flowId 35 uecSrc 34 finished at 87259.5 total messages 1 total packets 4107 RTS 0 total bytes 16781202 in_flight now 0 fair_inc 85826 prop_inc 16145 fast_inc 0 eta_inc 4628907 multi_dec -4764357 quick_dec -177039 nack_dec -564400
Flow Uec_8112_0 flowId 80 uecSrc 79 finished at 87262.8 total messages 1 total packets 4107 RTS 0 total bytes 16781202 in_flight now 0 fair_inc 59456 prop_inc 24785 fast_inc 0 eta_inc 4624920 multi_dec -4673861 quick_dec -162230 nack_dec -618350
Flow Uec_8148_0 flowId 44 uecSrc 43 finished at 87271.4 total messages 1 total packets 4107 RTS 0 total bytes 16781202 in_flight now 0 fair_inc 56681 prop_inc 26559 fast_inc 0 eta_inc 4631565 multi_dec -4692455 quick_dec -166685 nack_dec -568550
Flow Uec_8090_0 flowId 102 uecSrc 101 finished at 87281.7 total messages 1 total packets 4107 RTS 0 total bytes 16781202 in_flight now 0 fair_inc 49142 prop_inc 51529 fast_inc 0 eta_inc 4631565 multi_dec -4675651 quick_dec -215201 nack_dec -572700
Flow Uec_8076_0 flowId 116 uecSrc 115 finished at 87286.5 total messages 1 total packets 4107 RTS 0 total bytes 16781202 in_flight now 0 fair_inc 38487 prop_inc 42650 fast_inc 0 eta_inc 4634223 multi_dec -4631895 quick_dec -190925 nack_dec -564400
Flow Uec_8124_0 flowId 68 uecSrc 67 finished at 87296.9 total messages 1 total packets 4107 RTS 0 total bytes 16781202 in_flight now 0 fair_inc 51205 prop_inc 59967 fast_inc 0 eta_inc 4646184 multi_dec -4662871 quick_dec -186169 nack_dec -539500
Flow Uec_8126_0 flowId 66 uecSrc 65 finished at 87308 total messages 1 total packets 4107 RTS 0 total bytes 16781202 in_flight now 0 fair_inc 42965 prop_inc 49900 fast_inc 105737 eta_inc 4630236 multi_dec -4588187 quick_dec -306514 nack_dec -593450
Flow Uec_8103_0 flowId 89 uecSrc 88 finished at 87315 total messages 1 total packets 4107 RTS 0 total bytes 16781202 in_flight now 0 fair_inc 17521 prop_inc 57400 fast_inc 83240 eta_inc 4638210 multi_dec -4595687 quick_dec -225799 nack_dec -564400
New: 525696 Rtx: 17544 RTS: 0 Bounced: 0 ACKs: 525420 NACKs: 17544 Pulls: 0 sleek_pkts: 0
SPURIOUS_COUNT 0
