.Flow Uec_6707_0 flowId 16 uecSrc 15 finished at 52820.2 total messages 1 total packets 4107 RTS 0 total bytes 16781202 in_flight now 0 fair_inc 0 prop_inc 0 fast_inc 0 eta_inc 2752359 multi_dec -2700624 quick_dec -169802 nack_dec -614200
Flow Uec_4874_0 flowId 43 uecSrc 42 finished at 52968 total messages 1 total packets 4107 RTS 0 total bytes 16781202 in_flight now 0 fair_inc 0 prop_inc 0 fast_inc 0 eta_inc 2752359 multi_dec -2700772 quick_dec -132311 nack_dec -651550
Flow Uec_422_0 flowId 58 uecSrc 57 finished at 53375.8 total messages 1 total packets 4107 RTS 0 total bytes 16781202 in_flight now 0 fair_inc 0 prop_inc 0 fast_inc 0 eta_inc 2776281 multi_dec -2722805 quick_dec -122103 nack_dec -659850
Flow Uec_6344_0 flowId 52 uecSrc 51 finished at 53500.5 total messages 1 total packets 4107 RTS 0 total bytes 16781202 in_flight now 0 fair_inc 0 prop_inc 0 fast_inc 0 eta_inc 2794887 multi_dec -2744592 quick_dec -129152 nack_dec -605900
Flow Uec_7057_0 flowId 48 uecSrc 47 finished at 53516.1 total messages 1 total packets 4107 RTS 0 total bytes 16781202 in_flight now 0 fair_inc 0 prop_inc 0 fast_inc 0 eta_inc 2782926 multi_dec -2714356 quick_dec -133193 nack_dec -630800
Flow Uec_8156_0 flowId 12 uecSrc 11 finished at 53547.5 total messages 1 total packets 4107 RTS 0 total bytes 16781202 in_flight now 0 fair_inc 0 prop_inc 0 fast_inc 0 eta_inc 2797545 multi_dec -2720482 quick_dec -142927 nack_dec -601750
Flow Uec_4830_0 flowId 107 uecSrc 106 finished at 53716.3 total messages 1 total packets 4107 RTS 0 total bytes 16781202 in_flight now 0 fair_inc 0 prop_inc 0 fast_inc 0 eta_inc 2816151 multi_dec -2771992 quick_dec -138008 nack_dec -576850
Flow Uec_3496_0 flowId 42 uecSrc 41 finished at 53824.1 total messages 1 total packets 4107 RTS 0 total bytes 16781202 in_flight now 0 fair_inc 0 prop_inc 0 fast_inc 0 eta_inc 2798874 multi_dec -2722806 quick_dec -170109 nack_dec -651550
Flow Uec_1591_0 flowId 98 uecSrc 97 finished at 53855.6 total messages 1 total packets 4107 RTS 0 total bytes 16781202 in_flight now 0 fair_inc 0 prop_inc 0 fast_inc 0 eta_inc 2797545 multi_dec -2734563 quick_dec -117661 nack_dec -676450
Flow Uec_6616_0 flowId 88 uecSrc 87 finished at 53889.5 total messages 1 total packets 4107 RTS 0 total bytes 16781202 in_flight now 0 fair_inc 0 prop_inc 0 fast_inc 0 eta_inc 2812164 multi_dec -2750827 quick_dec -132425 nack_dec -610050
Flow Uec_7961_0 flowId 23 uecSrc 22 finished at 53914.7 total messages 1 total packets 4107 RTS 0 total bytes 16781202 in_flight now 0 fair_inc 0 prop_inc 0 fast_inc 0 eta_inc 2814822 multi_dec -2768903 quick_dec -142856 nack_dec -610050
Flow Uec_2250_0 flowId 105 uecSrc 104 finished at 54178.8 total messages 1 total packets 4107 RTS 0 total bytes 16781202 in_flight now 0 fair_inc 0 prop_inc 0 fast_inc 0 eta_inc 2826783 multi_dec -2767216 quick_dec -152623 nack_dec -605900
Flow Uec_6802_0 flowId 26 uecSrc 25 finished at 54205.8 total messages 1 total packets 4107 RTS 0 total bytes 16781202 in_flight now 0 fair_inc 0 prop_inc 0 fast_inc 0 eta_inc 2825454 multi_dec -2785272 quick_dec -140926 nack_dec -610050
Flow Uec_1946_0 flowId 8 uecSrc 7 finished at 54219.6 total messages 1 total packets 4107 RTS 0 total bytes 16781202 in_flight now 0 fair_inc 0 prop_inc 0 fast_inc 0 eta_inc 2816151 multi_dec -2749842 quick_dec -129241 nack_dec -639100
Flow Uec_6351_0 flowId 27 uecSrc 26 finished at 54233.2 total messages 1 total packets 4107 RTS 0 total bytes 16781202 in_flight now 0 fair_inc 0 prop_inc 0 fast_inc 0 eta_inc 2837415 multi_dec -2803149 quick_dec -123859 nack_dec -597600
Flow Uec_3252_0 flowId 50 uecSrc 49 finished at 54631.8 total messages 1 total packets 4107 RTS 0 total bytes 16781202 in_flight now 0 fair_inc 0 prop_inc 0 fast_inc 0 eta_inc 2837415 multi_dec -2786602 quick_dec -112458 nack_dec -647400
Flow Uec_613_0 flowId 4 uecSrc 3 finished at 55399.8 total messages 1 total packets 4107 RTS 0 total bytes 16781202 in_flight now 0 fair_inc 0 prop_inc 0 fast_inc 0 eta_inc 2883930 multi_dec -2830252 quick_dec -96098 nack_dec -626650
Flow Uec_7817_0 flowId 17 uecSrc 16 finished at 55637.8 total messages 1 total packets 4107 RTS 0 total bytes 16781202 in_flight now 0 fair_inc 0 prop_inc 0 fast_inc 0 eta_inc 2902536 multi_dec -2842126 quick_dec -117262 nack_dec -610050
Flow Uec_533_0 flowId 78 uecSrc 77 finished at 55924.1 total messages 1 total packets 4107 RTS 0 total bytes 16781202 in_flight now 0 fair_inc 6114 prop_inc 0 fast_inc 0 eta_inc 2910510 multi_dec -2855600 quick_dec -88236 nack_dec -655700
Flow Uec_6761_0 flowId 81 uecSrc 80 finished at 56440.4 total messages 1 total packets 4107 RTS 0 total bytes 16781202 in_flight now 0 fair_inc 0 prop_inc 0 fast_inc 0 eta_inc 2934432 multi_dec -2859986 quick_dec -133414 nack_dec -655700
Flow Uec_209_0 flowId 30 uecSrc 29 finished at 68710 total messages 1 total packets 4107 RTS 0 total bytes 16781202 in_flight now 0 fair_inc 3794 prop_inc 5764 fast_inc 0 eta_inc 4162428 multi_dec -3926602 quick_dec --110388 nack_dec -1070700
Flow Uec_173_0 flowId 6 uecSrc 5 finished at 71737.1 total messages 1 total packets 4107 RTS 0 total bytes 16781202 in_flight now 0 fair_inc 18716 prop_inc 8304 fast_inc 0 eta_inc 4339185 multi_dec -4050009 quick_dec --110212 nack_dec -1091450
Flow Uec_4327_0 flowId 39 uecSrc 38 finished at 72300.5 total messages 1 total packets 4107 RTS 0 total bytes 16781202 in_flight now 0 fair_inc 5645 prop_inc 0 fast_inc 0 eta_inc 3767715 multi_dec -3656359 quick_dec -188146 nack_dec -697200
Flow Uec_156_0 flowId 62 uecSrc 61 finished at 74241.7 total messages 1 total packets 4107 RTS 0 total bytes 16781202 in_flight now 0 fair_inc 0 prop_inc 11291 fast_inc 0 eta_inc 4497336 multi_dec -4201948 quick_dec --78855 nack_dec -1124650
Flow Uec_244_0 flowId 25 uecSrc 24 finished at 74361.4 total messages 1 total packets 4107 RTS 0 total bytes 16781202 in_flight now 0 fair_inc 0 prop_inc 8278 fast_inc 0 eta_inc 4551825 multi_dec -4277179 quick_dec --52513 nack_dec -929600
Flow Uec_1848_0 flowId 94 uecSrc 93 finished at 76410.4 total messages 1 total packets 4107 RTS 0 total bytes 16781202 in_flight now 0 fair_inc 5605 prop_inc 0 fast_inc 0 eta_inc 3987000 multi_dec -3907591 quick_dec -149914 nack_dec -655700
Flow Uec_4964_0 flowId 53 uecSrc 52 finished at 76818.4 total messages 1 total packets 4107 RTS 0 total bytes 16781202 in_flight now 0 fair_inc 0 prop_inc 0 fast_inc 0 eta_inc 3994974 multi_dec -3877706 quick_dec -146534 nack_dec -705500
Flow Uec_4236_0 flowId 65 uecSrc 64 finished at 76998.3 total messages 1 total packets 4107 RTS 0 total bytes 16781202 in_flight now 0 fair_inc 0 prop_inc 0 fast_inc 0 eta_inc 4012251 multi_dec -3942704 quick_dec -129626 nack_dec -693050
Flow Uec_4014_0 flowId 124 uecSrc 123 finished at 77190.4 total messages 1 total packets 4107 RTS 0 total bytes 16781202 in_flight now 0 fair_inc 5582 prop_inc 0 fast_inc 0 eta_inc 4041489 multi_dec -3990117 quick_dec -124996 nack_dec -639100
Flow Uec_2562_0 flowId 126 uecSrc 125 finished at 77607.8 total messages 1 total packets 4107 RTS 0 total bytes 16781202 in_flight now 0 fair_inc 0 prop_inc 0 fast_inc 0 eta_inc 4042818 multi_dec -3942724 quick_dec -131104 nack_dec -718114
Flow Uec_1189_0 flowId 2 uecSrc 1 finished at 77756.4 total messages 1 total packets 4107 RTS 0 total bytes 16781202 in_flight now 0 fair_inc 11652 prop_inc 0 fast_inc 0 eta_inc 4072056 multi_dec -4030903 quick_dec -146968 nack_dec -634950
Flow Uec_3236_0 flowId 121 uecSrc 120 finished at 77911.9 total messages 1 total packets 4107 RTS 0 total bytes 16781202 in_flight now 0 fair_inc 0 prop_inc 0 fast_inc 0 eta_inc 4066740 multi_dec -3973468 quick_dec -138158 nack_dec -664164
Flow Uec_5256_0 flowId 110 uecSrc 109 finished at 78048.8 total messages 1 total packets 4107 RTS 0 total bytes 16781202 in_flight now 0 fair_inc 9826 prop_inc 0 fast_inc 0 eta_inc 4076043 multi_dec -3986382 quick_dec -185140 nack_dec -688900
Flow Uec_5428_0 flowId 46 uecSrc 45 finished at 78073.4 total messages 1 total packets 4107 RTS 0 total bytes 16781202 in_flight now 0 fair_inc 11521 prop_inc 0 fast_inc 0 eta_inc 4076043 multi_dec -4028621 quick_dec -130715 nack_dec -668150
Flow Uec_2643_0 flowId 77 uecSrc 76 finished at 78078.7 total messages 1 total packets 4107 RTS 0 total bytes 16781202 in_flight now 0 fair_inc 6089 prop_inc 0 fast_inc 0 eta_inc 4073385 multi_dec -3981928 quick_dec -129673 nack_dec -705500
Flow Uec_3850_0 flowId 49 uecSrc 48 finished at 78269.5 total messages 1 total packets 4107 RTS 0 total bytes 16781202 in_flight now 0 fair_inc 0 prop_inc 0 fast_inc 0 eta_inc 4082688 multi_dec -3991690 quick_dec -98094 nack_dec -676450
Flow Uec_1788_0 flowId 119 uecSrc 118 finished at 78350.2 total messages 1 total packets 4107 RTS 0 total bytes 16781202 in_flight now 0 fair_inc 3794 prop_inc 0 fast_inc 0 eta_inc 4095978 multi_dec -3998355 quick_dec -125114 nack_dec -705500
Flow Uec_6349_0 flowId 29 uecSrc 28 finished at 78688.4 total messages 1 total packets 4107 RTS 0 total bytes 16781202 in_flight now 0 fair_inc 0 prop_inc 0 fast_inc 0 eta_inc 4093320 multi_dec -3993591 quick_dec -111242 nack_dec -755300
Flow Uec_4647_0 flowId 101 uecSrc 100 finished at 78697.9 total messages 1 total packets 4107 RTS 0 total bytes 16781202 in_flight now 0 fair_inc 0 prop_inc 0 fast_inc 0 eta_inc 4106610 multi_dec -4004775 quick_dec -143812 nack_dec -680600
Flow Uec_1777_0 flowId 70 uecSrc 69 finished at 78995.7 total messages 1 total packets 4107 RTS 0 total bytes 16781202 in_flight now 0 fair_inc 0 prop_inc 0 fast_inc 0 eta_inc 4111926 multi_dec -3994890 quick_dec -112984 nack_dec -738700
Flow Uec_3064_0 flowId 66 uecSrc 65 finished at 79023.5 total messages 1 total packets 4107 RTS 0 total bytes 16781202 in_flight now 0 fair_inc 0 prop_inc 0 fast_inc 0 eta_inc 4118571 multi_dec -4023656 quick_dec -148332 nack_dec -697200
Flow Uec_4241_0 flowId 109 uecSrc 108 finished at 79125.6 total messages 1 total packets 4107 RTS 0 total bytes 16781202 in_flight now 0 fair_inc 0 prop_inc 0 fast_inc 0 eta_inc 4134519 multi_dec -4025315 quick_dec -162421 nack_dec -672300
Flow Uec_1249_0 flowId 117 uecSrc 116 finished at 79209.4 total messages 1 total packets 4107 RTS 0 total bytes 16781202 in_flight now 0 fair_inc 0 prop_inc 0 fast_inc 0 eta_inc 4135848 multi_dec -4019180 quick_dec -130742 nack_dec -713800
Flow Uec_7622_0 flowId 34 uecSrc 33 finished at 79321 total messages 1 total packets 4107 RTS 0 total bytes 16781202 in_flight now 0 fair_inc 0 prop_inc 0 fast_inc 0 eta_inc 4142493 multi_dec -4045723 quick_dec -113631 nack_dec -676450
Flow Uec_670_0 flowId 87 uecSrc 86 finished at 79421.1 total messages 1 total packets 4107 RTS 0 total bytes 16781202 in_flight now 0 fair_inc 5616 prop_inc 0 fast_inc 0 eta_inc 4163757 multi_dec -4089578 quick_dec -153026 nack_dec -643250
Flow Uec_6588_0 flowId 14 uecSrc 13 finished at 79519.4 total messages 1 total packets 4107 RTS 0 total bytes 16781202 in_flight now 0 fair_inc 0 prop_inc 0 fast_inc 0 eta_inc 4159770 multi_dec -4068451 quick_dec -166719 nack_dec -630800
Flow Uec_4459_0 flowId 100 uecSrc 99 finished at 79605.4 total messages 1 total packets 4107 RTS 0 total bytes 16781202 in_flight now 0 fair_inc 5344 prop_inc 0 fast_inc 0 eta_inc 4167744 multi_dec -4111417 quick_dec -112991 nack_dec -647728
Flow Uec_2316_0 flowId 90 uecSrc 89 finished at 79640.2 total messages 1 total packets 4107 RTS 0 total bytes 16781202 in_flight now 0 fair_inc 0 prop_inc 0 fast_inc 0 eta_inc 4167744 multi_dec -4073611 quick_dec -121769 nack_dec -655700
Flow Uec_2775_0 flowId 38 uecSrc 37 finished at 79749.1 total messages 1 total packets 4107 RTS 0 total bytes 16781202 in_flight now 0 fair_inc 5383 prop_inc 0 fast_inc 0 eta_inc 4158441 multi_dec -4068664 quick_dec -121625 nack_dec -722100
Flow Uec_4840_0 flowId 7 uecSrc 6 finished at 79815.4 total messages 1 total packets 4107 RTS 0 total bytes 16781202 in_flight now 0 fair_inc 17658 prop_inc 0 fast_inc 0 eta_inc 4165086 multi_dec -4128938 quick_dec -99308 nack_dec -697200
Flow Uec_7715_0 flowId 127 uecSrc 126 finished at 79929.6 total messages 1 total packets 4107 RTS 0 total bytes 16781202 in_flight now 0 fair_inc 0 prop_inc 0 fast_inc 0 eta_inc 4170402 multi_dec -4050490 quick_dec -139082 nack_dec -701350
Flow Uec_4246_0 flowId 59 uecSrc 58 finished at 80908.2 total messages 1 total packets 4107 RTS 0 total bytes 16781202 in_flight now 0 fair_inc 0 prop_inc 0 fast_inc 0 eta_inc 4212930 multi_dec -4104554 quick_dec -129905 nack_dec -705500
Flow Uec_3696_0 flowId 113 uecSrc 112 finished at 81347.4 total messages 1 total packets 4107 RTS 0 total bytes 16781202 in_flight now 0 fair_inc 5343 prop_inc 0 fast_inc 0 eta_inc 4260774 multi_dec -4187413 quick_dec -133491 nack_dec -664000
Flow Uec_6055_0 flowId 120 uecSrc 119 finished at 81836.1 total messages 1 total packets 4107 RTS 0 total bytes 16781202 in_flight now 0 fair_inc 12143 prop_inc 0 fast_inc 0 eta_inc 4280709 multi_dec -4225366 quick_dec -142235 nack_dec -664000
Flow Uec_5251_0 flowId 103 uecSrc 102 finished at 81948.5 total messages 1 total packets 4107 RTS 0 total bytes 16781202 in_flight now 0 fair_inc 6090 prop_inc 0 fast_inc 0 eta_inc 4283367 multi_dec -4196072 quick_dec -162520 nack_dec -693050
Flow Uec_4248_0 flowId 89 uecSrc 88 finished at 82047.8 total messages 1 total packets 4107 RTS 0 total bytes 16781202 in_flight now 0 fair_inc 0 prop_inc 0 fast_inc 0 eta_inc 4293999 multi_dec -4198809 quick_dec -134546 nack_dec -659850
Flow Uec_3594_0 flowId 96 uecSrc 95 finished at 82213.3 total messages 1 total packets 4107 RTS 0 total bytes 16781202 in_flight now 0 fair_inc 0 prop_inc 0 fast_inc 0 eta_inc 4288683 multi_dec -4179914 quick_dec -135967 nack_dec -693050
Flow Uec_2261_0 flowId 112 uecSrc 111 finished at 82539.3 total messages 1 total packets 4107 RTS 0 total bytes 16781202 in_flight now 0 fair_inc 9821 prop_inc 0 fast_inc 0 eta_inc 4313934 multi_dec -4220370 quick_dec -125399 nack_dec -709650
Flow Uec_6557_0 flowId 84 uecSrc 83 finished at 82914.2 total messages 1 total packets 4107 RTS 0 total bytes 16781202 in_flight now 0 fair_inc 6050 prop_inc 0 fast_inc 0 eta_inc 4328553 multi_dec -4228485 quick_dec -151967 nack_dec -713800
Flow Uec_3639_0 flowId 118 uecSrc 117 finished at 82914.4 total messages 1 total packets 4107 RTS 0 total bytes 16781202 in_flight now 0 fair_inc 0 prop_inc 0 fast_inc 0 eta_inc 4309947 multi_dec -4171194 quick_dec -116045 nack_dec -771900
Flow Uec_4899_0 flowId 99 uecSrc 98 finished at 83022.3 total messages 1 total packets 4107 RTS 0 total bytes 16781202 in_flight now 0 fair_inc 6032 prop_inc 0 fast_inc 0 eta_inc 4345830 multi_dec -4267886 quick_dec -150732 nack_dec -672300
Flow Uec_6276_0 flowId 67 uecSrc 66 finished at 83038.7 total messages 1 total packets 4107 RTS 0 total bytes 16781202 in_flight now 0 fair_inc 13042 prop_inc 0 fast_inc 0 eta_inc 4351146 multi_dec -4282204 quick_dec -154802 nack_dec -655700
Flow Uec_5593_0 flowId 111 uecSrc 110 finished at 83132.2 total messages 1 total packets 4107 RTS 0 total bytes 16781202 in_flight now 0 fair_inc 0 prop_inc 0 fast_inc 0 eta_inc 4332540 multi_dec -4191912 quick_dec -155905 nack_dec -747000
Flow Uec_7818_0 flowId 82 uecSrc 81 finished at 83188.5 total messages 1 total packets 4107 RTS 0 total bytes 16781202 in_flight now 0 fair_inc 6377 prop_inc 0 fast_inc 0 eta_inc 4348488 multi_dec -4240970 quick_dec -166108 nack_dec -693050
Flow Uec_6810_0 flowId 114 uecSrc 113 finished at 83395.7 total messages 1 total packets 4107 RTS 0 total bytes 16781202 in_flight now 0 fair_inc 12520 prop_inc 0 fast_inc 0 eta_inc 4365765 multi_dec -4288493 quick_dec -120592 nack_dec -668150
Flow Uec_1987_0 flowId 104 uecSrc 103 finished at 84170.2 total messages 1 total packets 4107 RTS 0 total bytes 16781202 in_flight now 0 fair_inc 6031 prop_inc 0 fast_inc 0 eta_inc 4425570 multi_dec -4375275 quick_dec -110985 nack_dec -610050
Flow Uec_1198_0 flowId 79 uecSrc 78 finished at 84188.9 total messages 1 total packets 4107 RTS 0 total bytes 16781202 in_flight now 0 fair_inc 0 prop_inc 0 fast_inc 0 eta_inc 4405635 multi_dec -4265936 quick_dec -172288 nack_dec -688900
Flow Uec_2402_0 flowId 35 uecSrc 34 finished at 84250.5 total messages 1 total packets 4107 RTS 0 total bytes 16781202 in_flight now 0 fair_inc 19058 prop_inc 0 fast_inc 0 eta_inc 4393674 multi_dec -4261263 quick_dec -194840 nack_dec -738700
Flow Uec_3483_0 flowId 40 uecSrc 39 finished at 84456.9 total messages 1 total packets 4107 RTS 0 total bytes 16781202 in_flight now 0 fair_inc 6606 prop_inc 0 fast_inc 0 eta_inc 4409622 multi_dec -4278304 quick_dec -151903 nack_dec -722100
Flow Uec_3602_0 flowId 20 uecSrc 19 finished at 84514.4 total messages 1 total packets 4107 RTS 0 total bytes 16781202 in_flight now 0 fair_inc 12715 prop_inc 0 fast_inc 0 eta_inc 4425570 multi_dec -4312211 quick_dec -152317 nack_dec -701350
Flow Uec_5146_0 flowId 92 uecSrc 91 finished at 84591.8 total messages 1 total packets 4107 RTS 0 total bytes 16781202 in_flight now 0 fair_inc 12627 prop_inc 0 fast_inc 0 eta_inc 4416267 multi_dec -4328552 quick_dec -143124 nack_dec -709650
Flow Uec_5709_0 flowId 13 uecSrc 12 finished at 84654.4 total messages 1 total packets 4107 RTS 0 total bytes 16781202 in_flight now 0 fair_inc 18575 prop_inc 0 fast_inc 0 eta_inc 4449492 multi_dec -4370595 quick_dec -164367 nack_dec -651550
Flow Uec_2366_0 flowId 21 uecSrc 20 finished at 84776.1 total messages 1 total packets 4107 RTS 0 total bytes 16781202 in_flight now 0 fair_inc 6061 prop_inc 0 fast_inc 0 eta_inc 4433544 multi_dec -4340121 quick_dec -126130 nack_dec -680600
Flow Uec_1772_0 flowId 85 uecSrc 84 finished at 84953.6 total messages 1 total packets 4107 RTS 0 total bytes 16781202 in_flight now 0 fair_inc 38601 prop_inc 12 fast_inc 0 eta_inc 4438860 multi_dec -4355833 quick_dec -172727 nack_dec -730400
Flow Uec_1492_0 flowId 123 uecSrc 122 finished at 85170.3 total messages 1 total packets 4107 RTS 0 total bytes 16781202 in_flight now 0 fair_inc 19469 prop_inc 0 fast_inc 0 eta_inc 4450821 multi_dec -4347439 quick_dec -145804 nack_dec -722100
Flow Uec_7308_0 flowId 80 uecSrc 79 finished at 85395.2 total messages 1 total packets 4107 RTS 0 total bytes 16781202 in_flight now 0 fair_inc 6543 prop_inc 0 fast_inc 0 eta_inc 4452150 multi_dec -4338427 quick_dec -185350 nack_dec -751150
Flow Uec_2852_0 flowId 55 uecSrc 54 finished at 85433.6 total messages 1 total packets 4107 RTS 0 total bytes 16781202 in_flight now 0 fair_inc 0 prop_inc 0 fast_inc 0 eta_inc 4464111 multi_dec -4344448 quick_dec -118258 nack_dec -688900
Flow Uec_6632_0 flowId 97 uecSrc 96 finished at 85617.2 total messages 1 total packets 4107 RTS 0 total bytes 16781202 in_flight now 0 fair_inc 12865 prop_inc 0 fast_inc 0 eta_inc 4482717 multi_dec -4369628 quick_dec -149899 nack_dec -688900
Flow Uec_5403_0 flowId 72 uecSrc 71 finished at 85675.8 total messages 1 total packets 4107 RTS 0 total bytes 16781202 in_flight now 0 fair_inc 18745 prop_inc 0 fast_inc 0 eta_inc 4488033 multi_dec -4386169 quick_dec -147713 nack_dec -713800
Flow Uec_7114_0 flowId 102 uecSrc 101 finished at 85819 total messages 1 total packets 4107 RTS 0 total bytes 16781202 in_flight now 0 fair_inc 47566 prop_inc 0 fast_inc 0 eta_inc 4488033 multi_dec -4407398 quick_dec -157390 nack_dec -713800
Flow Uec_5998_0 flowId 128 uecSrc 127 finished at 85855.4 total messages 1 total packets 4107 RTS 0 total bytes 16781202 in_flight now 0 fair_inc 46717 prop_inc 0 fast_inc 0 eta_inc 4481388 multi_dec -4386013 quick_dec -218027 nack_dec -747000
Flow Uec_2992_0 flowId 95 uecSrc 94 finished at 85881.6 total messages 1 total packets 4107 RTS 0 total bytes 16781202 in_flight now 0 fair_inc 51891 prop_inc 0 fast_inc 0 eta_inc 4480059 multi_dec -4430792 quick_dec -187798 nack_dec -800950
Flow Uec_5000_0 flowId 76 uecSrc 75 finished at 86080 total messages 1 total packets 4107 RTS 0 total bytes 16781202 in_flight now 0 fair_inc 30400 prop_inc 0 fast_inc 0 eta_inc 4502652 multi_dec -4393170 quick_dec -173780 nack_dec -738700
Flow Uec_683_0 flowId 106 uecSrc 105 finished at 86184 total messages 1 total packets 4107 RTS 0 total bytes 16781202 in_flight now 0 fair_inc 25256 prop_inc 0 fast_inc 0 eta_inc 4515942 multi_dec -4404780 quick_dec -195257 nack_dec -709650
Flow Uec_7724_0 flowId 24 uecSrc 23 finished at 86265.3 total messages 1 total packets 4107 RTS 0 total bytes 16781202 in_flight now 0 fair_inc 19535 prop_inc 0 fast_inc 0 eta_inc 4505310 multi_dec -4363228 quick_dec -190596 nack_dec -747164
Flow Uec_6622_0 flowId 83 uecSrc 82 finished at 86360 total messages 1 total packets 4107 RTS 0 total bytes 16781202 in_flight now 0 fair_inc 60641 prop_inc 0 fast_inc 0 eta_inc 4502652 multi_dec -4421045 quick_dec -209909 nack_dec -780200
Flow Uec_6738_0 flowId 51 uecSrc 50 finished at 86482.7 total messages 1 total packets 4107 RTS 0 total bytes 16781202 in_flight now 0 fair_inc 52185 prop_inc 0 fast_inc 0 eta_inc 4534548 multi_dec -4509943 quick_dec -147751 nack_dec -684750
Flow Uec_4437_0 flowId 47 uecSrc 46 finished at 86552.3 total messages 1 total packets 4107 RTS 0 total bytes 16781202 in_flight now 0 fair_inc 39389 prop_inc 302 fast_inc 0 eta_inc 4535877 multi_dec -4481792 quick_dec -138435 nack_dec -684750
Flow Uec_2821_0 flowId 18 uecSrc 17 finished at 86601.4 total messages 1 total packets 4107 RTS 0 total bytes 16781202 in_flight now 0 fair_inc 37600 prop_inc 1082 fast_inc 0 eta_inc 4545180 multi_dec -4488375 quick_dec -162185 nack_dec -680600
Flow Uec_2523_0 flowId 57 uecSrc 56 finished at 86628.5 total messages 1 total packets 4107 RTS 0 total bytes 16781202 in_flight now 0 fair_inc 38732 prop_inc 12 fast_inc 0 eta_inc 4522587 multi_dec -4426143 quick_dec -157328 nack_dec -742850
Flow Uec_6254_0 flowId 73 uecSrc 72 finished at 86654.9 total messages 1 total packets 4107 RTS 0 total bytes 16781202 in_flight now 0 fair_inc 35090 prop_inc 1628 fast_inc 0 eta_inc 4527903 multi_dec -4424987 quick_dec -194200 nack_dec -713800
Flow Uec_3918_0 flowId 36 uecSrc 35 finished at 86669.7 total messages 1 total packets 4107 RTS 0 total bytes 16781202 in_flight now 0 fair_inc 36192 prop_inc 950 fast_inc 0 eta_inc 4550496 multi_dec -4486595 quick_dec -194036 nack_dec -684750
Flow Uec_5119_0 flowId 44 uecSrc 43 finished at 86742.9 total messages 1 total packets 4107 RTS 0 total bytes 16781202 in_flight now 0 fair_inc 58471 prop_inc 2944 fast_inc 0 eta_inc 4545180 multi_dec -4508183 quick_dec -129560 nack_dec -709650
Flow Uec_2234_0 flowId 74 uecSrc 73 finished at 86816.9 total messages 1 total packets 4107 RTS 0 total bytes 16781202 in_flight now 0 fair_inc 58423 prop_inc 1846 fast_inc 0 eta_inc 4543851 multi_dec -4469855 quick_dec -151158 nack_dec -688900
Flow Uec_1179_0 flowId 122 uecSrc 121 finished at 86879.9 total messages 1 total packets 4107 RTS 0 total bytes 16781202 in_flight now 0 fair_inc 41071 prop_inc 986 fast_inc 0 eta_inc 4547838 multi_dec -4475290 quick_dec -154193 nack_dec -697200
Flow Uec_3391_0 flowId 71 uecSrc 70 finished at 86884.9 total messages 1 total packets 4107 RTS 0 total bytes 16781202 in_flight now 0 fair_inc 25862 prop_inc 1600 fast_inc 0 eta_inc 4549167 multi_dec -4436586 quick_dec -171095 nack_dec -701350
Flow Uec_1275_0 flowId 1 uecSrc 0 finished at 86892.4 total messages 1 total packets 4107 RTS 0 total bytes 16781202 in_flight now 0 fair_inc 59596 prop_inc 884 fast_inc 0 eta_inc 4558470 multi_dec -4514813 quick_dec -153033 nack_dec -697200
Flow Uec_6313_0 flowId 28 uecSrc 27 finished at 86901.2 total messages 1 total packets 4107 RTS 0 total bytes 16781202 in_flight now 0 fair_inc 52449 prop_inc 1576 fast_inc 0 eta_inc 4559799 multi_dec -4496755 quick_dec -174224 nack_dec -676450
Flow Uec_5279_0 flowId 3 uecSrc 2 finished at 86929.4 total messages 1 total packets 4107 RTS 0 total bytes 16781202 in_flight now 0 fair_inc 54052 prop_inc 558 fast_inc 0 eta_inc 4543851 multi_dec -4443343 quick_dec -184604 nack_dec -726250
Flow Uec_5584_0 flowId 56 uecSrc 55 finished at 86957 total messages 1 total packets 4107 RTS 0 total bytes 16781202 in_flight now 0 fair_inc 50672 prop_inc 2605 fast_inc 0 eta_inc 4559799 multi_dec -4492173 quick_dec -165340 nack_dec -722100
Flow Uec_7589_0 flowId 41 uecSrc 40 finished at 86962.4 total messages 1 total packets 4107 RTS 0 total bytes 16781202 in_flight now 0 fair_inc 37667 prop_inc 49 fast_inc 0 eta_inc 4553154 multi_dec -4438571 quick_dec -169291 nack_dec -763600
Flow Uec_4957_0 flowId 54 uecSrc 53 finished at 87068.5 total messages 1 total packets 4107 RTS 0 total bytes 16781202 in_flight now 0 fair_inc 34995 prop_inc 1650 fast_inc 0 eta_inc 4563786 multi_dec -4479271 quick_dec -162164 nack_dec -701350
Flow Uec_1866_0 flowId 115 uecSrc 114 finished at 87071.4 total messages 1 total packets 4107 RTS 0 total bytes 16781202 in_flight now 0 fair_inc 75758 prop_inc 2332 fast_inc 0 eta_inc 4546509 multi_dec -4467715 quick_dec -213339 nack_dec -763600
Flow Uec_4904_0 flowId 45 uecSrc 44 finished at 87096.1 total messages 1 total packets 4107 RTS 0 total bytes 16781202 in_flight now 0 fair_inc 62779 prop_inc 217 fast_inc 0 eta_inc 4561128 multi_dec -4464695 quick_dec -164643 nack_dec -717950
Flow Uec_4130_0 flowId 33 uecSrc 32 finished at 87097.6 total messages 1 total packets 4107 RTS 0 total bytes 16781202 in_flight now 0 fair_inc 64480 prop_inc 1499 fast_inc 0 eta_inc 4578405 multi_dec -4509470 quick_dec -232790 nack_dec -680600
Flow Uec_7720_0 flowId 19 uecSrc 18 finished at 87100.3 total messages 1 total packets 4107 RTS 0 total bytes 16781202 in_flight now 0 fair_inc 47985 prop_inc 2880 fast_inc 0 eta_inc 4543851 multi_dec -4403852 quick_dec -188963 nack_dec -771900
Flow Uec_6710_0 flowId 9 uecSrc 8 finished at 87117.4 total messages 1 total packets 4107 RTS 0 total bytes 16781202 in_flight now 0 fair_inc 45623 prop_inc 2833 fast_inc 0 eta_inc 4565115 multi_dec -4477913 quick_dec -225388 nack_dec -709650
Flow Uec_1739_0 flowId 61 uecSrc 60 finished at 87124.3 total messages 1 total packets 4107 RTS 0 total bytes 16781202 in_flight now 0 fair_inc 60436 prop_inc 4449 fast_inc 0 eta_inc 4566444 multi_dec -4501195 quick_dec -222957 nack_dec -717950
Flow Uec_3044_0 flowId 93 uecSrc 92 finished at 87133.3 total messages 1 total packets 4107 RTS 0 total bytes 16781202 in_flight now 0 fair_inc 52747 prop_inc 4503 fast_inc 0 eta_inc 4541193 multi_dec -4387013 quick_dec -193453 nack_dec -813400
Flow Uec_789_0 flowId 15 uecSrc 14 finished at 87151.3 total messages 1 total packets 4107 RTS 0 total bytes 16781202 in_flight now 0 fair_inc 84171 prop_inc 2899 fast_inc 0 eta_inc 4569102 multi_dec -4481743 quick_dec -218016 nack_dec -726250
Flow Uec_1899_0 flowId 31 uecSrc 30 finished at 87155.9 total messages 1 total packets 4107 RTS 0 total bytes 16781202 in_flight now 0 fair_inc 45347 prop_inc 4817 fast_inc 0 eta_inc 4539864 multi_dec -4416289 quick_dec -194988 nack_dec -834150
Flow Uec_7766_0 flowId 32 uecSrc 31 finished at 87158.6 total messages 1 total packets 4107 RTS 0 total bytes 16781202 in_flight now 0 fair_inc 42383 prop_inc 3065 fast_inc 0 eta_inc 4547838 multi_dec -4390175 quick_dec -189313 nack_dec -780200
Flow Uec_7823_0 flowId 22 uecSrc 21 finished at 87161.4 total messages 1 total packets 4107 RTS 0 total bytes 16781202 in_flight now 0 fair_inc 72583 prop_inc 3470 fast_inc 0 eta_inc 4555812 multi_dec -4455302 quick_dec -220773 nack_dec -751150
Flow Uec_5360_0 flowId 75 uecSrc 74 finished at 87182 total messages 1 total packets 4107 RTS 0 total bytes 16781202 in_flight now 0 fair_inc 52500 prop_inc 6099 fast_inc 0 eta_inc 4546509 multi_dec -4446799 quick_dec -212451 nack_dec -780200
Flow Uec_4473_0 flowId 125 uecSrc 124 finished at 87186.1 total messages 1 total packets 4107 RTS 0 total bytes 16781202 in_flight now 0 fair_inc 31112 prop_inc 9659 fast_inc 0 eta_inc 4558470 multi_dec -4430417 quick_dec -150473 nack_dec -747000
Flow Uec_2986_0 flowId 63 uecSrc 62 finished at 87194.9 total messages 1 total packets 4107 RTS 0 total bytes 16781202 in_flight now 0 fair_inc 32826 prop_inc 17044 fast_inc 0 eta_inc 4558470 multi_dec -4415146 quick_dec -162408 nack_dec -730400
Flow Uec_949_0 flowId 69 uecSrc 68 finished at 87202.4 total messages 1 total packets 4107 RTS 0 total bytes 16781202 in_flight now 0 fair_inc 35903 prop_inc 17928 fast_inc 0 eta_inc 4543851 multi_dec -4417630 quick_dec -169460 nack_dec -800950
Flow Uec_1064_0 flowId 86 uecSrc 85 finished at 87202.8 total messages 1 total packets 4107 RTS 0 total bytes 16781202 in_flight now 0 fair_inc 47981 prop_inc 14931 fast_inc 0 eta_inc 4563786 multi_dec -4488288 quick_dec -161645 nack_dec -730400
Flow Uec_1280_0 flowId 68 uecSrc 67 finished at 87226.8 total messages 1 total packets 4107 RTS 0 total bytes 16781202 in_flight now 0 fair_inc 32985 prop_inc 16437 fast_inc 0 eta_inc 4569102 multi_dec -4449763 quick_dec -163759 nack_dec -709650
Flow Uec_3536_0 flowId 116 uecSrc 115 finished at 87227.7 total messages 1 total packets 4107 RTS 0 total bytes 16781202 in_flight now 0 fair_inc 55031 prop_inc 22413 fast_inc 0 eta_inc 4579734 multi_dec -4459971 quick_dec -165422 nack_dec -705500
Flow Uec_7434_0 flowId 11 uecSrc 10 finished at 87257.4 total messages 1 total packets 4107 RTS 0 total bytes 16781202 in_flight now 0 fair_inc 57689 prop_inc 27720 fast_inc 0 eta_inc 4573089 multi_dec -4465406 quick_dec -174481 nack_dec -759450
Flow Uec_7292_0 flowId 64 uecSrc 63 finished at 87265 total messages 1 total packets 4107 RTS 0 total bytes 16781202 in_flight now 0 fair_inc 54862 prop_inc 45575 fast_inc 0 eta_inc 4563786 multi_dec -4464590 quick_dec -192442 nack_dec -784350
Flow Uec_2924_0 flowId 60 uecSrc 59 finished at 87271.5 total messages 1 total packets 4107 RTS 0 total bytes 16781202 in_flight now 0 fair_inc 13435 prop_inc 35750 fast_inc 0 eta_inc 4587708 multi_dec -4467768 quick_dec -173602 nack_dec -676450
Flow Uec_4945_0 flowId 5 uecSrc 4 finished at 87273.2 total messages 1 total packets 4107 RTS 0 total bytes 16781202 in_flight now 0 fair_inc 30376 prop_inc 34863 fast_inc 0 eta_inc 4562457 multi_dec -4431406 quick_dec -138299 nack_dec -738700
Flow Uec_1196_0 flowId 10 uecSrc 9 finished at 87298.2 total messages 1 total packets 4107 RTS 0 total bytes 16781202 in_flight now 0 fair_inc 35719 prop_inc 68965 fast_inc 0 eta_inc 4591695 multi_dec -4503870 quick_dec -168210 nack_dec -684750
Flow Uec_7929_0 flowId 108 uecSrc 107 finished at 87308 total messages 1 total packets 4107 RTS 0 total bytes 16781202 in_flight now 0 fair_inc 25680 prop_inc 82763 fast_inc 47244 eta_inc 4566444 multi_dec -4423026 quick_dec -133039 nack_dec -755300
Flow Uec_4309_0 flowId 37 uecSrc 36 finished at 87311 total messages 1 total packets 4107 RTS 0 total bytes 16781202 in_flight now 0 fair_inc 19000 prop_inc 97970 fast_inc 0 eta_inc 4566444 multi_dec -4407837 quick_dec -177574 nack_dec -751150
Flow Uec_6085_0 flowId 91 uecSrc 90 finished at 87315.7 total messages 1 total packets 4107 RTS 0 total bytes 16781202 in_flight now 0 fair_inc 39659 prop_inc 80736 fast_inc 56243 eta_inc 4565115 multi_dec -4403434 quick_dec -205399 nack_dec -747000
New: 525696 Rtx: 21843 RTS: 0 Bounced: 0 ACKs: 525240 NACKs: 21843 Pulls: 0 sleek_pkts: 0
SPURIOUS_COUNT 0
