.Flow Uec_8145_0 flowId 47 uecSrc 46 finished at 50312.4 total messages 1 total packets 16425 RTS 0 total bytes 67112550 in_flight now 0 fair_inc 0 prop_inc 0 fast_inc 0 eta_inc 0 multi_dec -0 quick_dec -29770 nack_dec -460650
Flow Uec_8141_0 flowId 51 uecSrc 50 finished at 56416.6 total messages 1 total packets 16425 RTS 0 total bytes 67112550 in_flight now 0 fair_inc 5196 prop_inc 195 fast_inc 0 eta_inc 2658 multi_dec -0 quick_dec -36859 nack_dec -439900
Flow Uec_8136_0 flowId 56 uecSrc 55 finished at 68049.7 total messages 1 total packets 16425 RTS 0 total bytes 67112550 in_flight now 0 fair_inc 11194 prop_inc 0 fast_inc 0 eta_inc 3987 multi_dec -0 quick_dec -34016 nack_dec -502150
Flow Uec_8159_0 flowId 33 uecSrc 32 finished at 69612.4 total messages 1 total packets 16425 RTS 0 total bytes 67112550 in_flight now 0 fair_inc 30275 prop_inc 0 fast_inc 0 eta_inc 6645 multi_dec -0 quick_dec -96281 nack_dec -481400
Flow Uec_8147_0 flowId 45 uecSrc 44 finished at 71305 total messages 1 total packets 16425 RTS 0 total bytes 67112550 in_flight now 0 fair_inc 42202 prop_inc 0 fast_inc 0 eta_inc 11961 multi_dec -0 quick_dec -48755 nack_dec -510450
..Flow Uec_8191_0 flowId 1 uecSrc 0 finished at 168490 total messages 1 total packets 16425 RTS 0 total bytes 67112550 in_flight now 0 fair_inc 992402 prop_inc 20057 fast_inc 0 eta_inc 9146178 multi_dec -11011847 quick_dec -289031 nack_dec -1191050
Flow Uec_8164_0 flowId 28 uecSrc 27 finished at 168577 total messages 1 total packets 16425 RTS 0 total bytes 67112550 in_flight now 0 fair_inc 1137425 prop_inc 186 fast_inc 0 eta_inc 9147507 multi_dec -10877349 quick_dec -311568 nack_dec -1269900
Flow Uec_8160_0 flowId 32 uecSrc 31 finished at 169469 total messages 1 total packets 16425 RTS 0 total bytes 67112550 in_flight now 0 fair_inc 964879 prop_inc 0 fast_inc 0 eta_inc 9194022 multi_dec -11030215 quick_dec -162167 nack_dec -1195200
Flow Uec_8190_0 flowId 2 uecSrc 1 finished at 170422 total messages 1 total packets 16425 RTS 0 total bytes 67112550 in_flight now 0 fair_inc 1000266 prop_inc 0 fast_inc 0 eta_inc 9256485 multi_dec -10839362 quick_dec -247852 nack_dec -1286500
Flow Uec_8155_0 flowId 37 uecSrc 36 finished at 170620 total messages 1 total packets 16425 RTS 0 total bytes 67112550 in_flight now 0 fair_inc 1093673 prop_inc 0 fast_inc 0 eta_inc 9264459 multi_dec -10926522 quick_dec -421416 nack_dec -1361664
Flow Uec_8177_0 flowId 15 uecSrc 14 finished at 170756 total messages 1 total packets 16425 RTS 0 total bytes 67112550 in_flight now 0 fair_inc 1005090 prop_inc 0 fast_inc 0 eta_inc 9273762 multi_dec -11024767 quick_dec -258253 nack_dec -1170300
Flow Uec_8133_0 flowId 59 uecSrc 58 finished at 170984 total messages 1 total packets 16425 RTS 0 total bytes 67112550 in_flight now 0 fair_inc 1041189 prop_inc 199 fast_inc 0 eta_inc 9271104 multi_dec -11028605 quick_dec -251043 nack_dec -1224250
Flow Uec_8149_0 flowId 43 uecSrc 42 finished at 171104 total messages 1 total packets 16425 RTS 0 total bytes 67112550 in_flight now 0 fair_inc 1112184 prop_inc 0 fast_inc 0 eta_inc 9292368 multi_dec -10972081 quick_dec -374922 nack_dec -1373650
Flow Uec_8189_0 flowId 3 uecSrc 2 finished at 171731 total messages 1 total packets 16425 RTS 0 total bytes 67112550 in_flight now 0 fair_inc 946628 prop_inc 10060 fast_inc 0 eta_inc 9304329 multi_dec -10889230 quick_dec -221913 nack_dec -1278200
Flow Uec_8186_0 flowId 6 uecSrc 5 finished at 171822 total messages 1 total packets 16425 RTS 0 total bytes 67112550 in_flight now 0 fair_inc 1002474 prop_inc 0 fast_inc 0 eta_inc 9324264 multi_dec -10952850 quick_dec -350891 nack_dec -1178600
Flow Uec_8143_0 flowId 49 uecSrc 48 finished at 171974 total messages 1 total packets 16425 RTS 0 total bytes 67112550 in_flight now 0 fair_inc 1027630 prop_inc 0 fast_inc 0 eta_inc 9317619 multi_dec -10757982 quick_dec -387508 nack_dec -1303100
Flow Uec_8152_0 flowId 40 uecSrc 39 finished at 172009 total messages 1 total packets 16425 RTS 0 total bytes 67112550 in_flight now 0 fair_inc 944396 prop_inc 0 fast_inc 0 eta_inc 9336225 multi_dec -11115185 quick_dec -196192 nack_dec -1195664
Flow Uec_8187_0 flowId 5 uecSrc 4 finished at 172214 total messages 1 total packets 16425 RTS 0 total bytes 67112550 in_flight now 0 fair_inc 954180 prop_inc 0 fast_inc 0 eta_inc 9345528 multi_dec -10788357 quick_dec -325840 nack_dec -1079464
Flow Uec_8179_0 flowId 13 uecSrc 12 finished at 172244 total messages 1 total packets 16425 RTS 0 total bytes 67112550 in_flight now 0 fair_inc 1123921 prop_inc 387 fast_inc 0 eta_inc 9334896 multi_dec -10807714 quick_dec -586486 nack_dec -1411000
Flow Uec_8181_0 flowId 11 uecSrc 10 finished at 172288 total messages 1 total packets 16425 RTS 0 total bytes 67112550 in_flight now 0 fair_inc 984937 prop_inc 0 fast_inc 0 eta_inc 9349515 multi_dec -11089694 quick_dec -160803 nack_dec -1291114
Flow Uec_8130_0 flowId 62 uecSrc 61 finished at 172298 total messages 1 total packets 16425 RTS 0 total bytes 67112550 in_flight now 0 fair_inc 1109250 prop_inc 0 fast_inc 0 eta_inc 9345528 multi_dec -10819361 quick_dec -533849 nack_dec -1262064
Flow Uec_8132_0 flowId 60 uecSrc 59 finished at 172405 total messages 1 total packets 16425 RTS 0 total bytes 67112550 in_flight now 0 fair_inc 978339 prop_inc 3680 fast_inc 0 eta_inc 9357489 multi_dec -10885792 quick_dec -459999 nack_dec -1207650
Flow Uec_8153_0 flowId 39 uecSrc 38 finished at 172501 total messages 1 total packets 16425 RTS 0 total bytes 67112550 in_flight now 0 fair_inc 1008549 prop_inc 26992 fast_inc 0 eta_inc 9352173 multi_dec -11051427 quick_dec -262653 nack_dec -1191050
Flow Uec_8140_0 flowId 52 uecSrc 51 finished at 172605 total messages 1 total packets 16425 RTS 0 total bytes 67112550 in_flight now 0 fair_inc 1066467 prop_inc 220 fast_inc 0 eta_inc 9360147 multi_dec -10925614 quick_dec -402170 nack_dec -1440050
Flow Uec_8176_0 flowId 16 uecSrc 15 finished at 172768 total messages 1 total packets 16425 RTS 0 total bytes 67112550 in_flight now 0 fair_inc 998969 prop_inc 7806 fast_inc 0 eta_inc 9370779 multi_dec -10869347 quick_dec -409894 nack_dec -1390250
Flow Uec_8188_0 flowId 4 uecSrc 3 finished at 172860 total messages 1 total packets 16425 RTS 0 total bytes 67112550 in_flight now 0 fair_inc 950140 prop_inc 4465 fast_inc 0 eta_inc 9366792 multi_dec -10808405 quick_dec -298201 nack_dec -1249614
Flow Uec_8185_0 flowId 7 uecSrc 6 finished at 172938 total messages 1 total packets 16425 RTS 0 total bytes 67112550 in_flight now 0 fair_inc 908815 prop_inc 1132 fast_inc 0 eta_inc 9376095 multi_dec -10735936 quick_dec -466325 nack_dec -1162000
Flow Uec_8183_0 flowId 9 uecSrc 8 finished at 173135 total messages 1 total packets 16425 RTS 0 total bytes 67112550 in_flight now 0 fair_inc 968163 prop_inc 5595 fast_inc 0 eta_inc 9390714 multi_dec -10959373 quick_dec -279913 nack_dec -1236700
Flow Uec_8144_0 flowId 48 uecSrc 47 finished at 173234 total messages 1 total packets 16425 RTS 0 total bytes 67112550 in_flight now 0 fair_inc 996452 prop_inc 396 fast_inc 0 eta_inc 9388056 multi_dec -10901027 quick_dec -427147 nack_dec -1236700
Flow Uec_8171_0 flowId 21 uecSrc 20 finished at 173247 total messages 1 total packets 16425 RTS 0 total bytes 67112550 in_flight now 0 fair_inc 1070028 prop_inc 13283 fast_inc 0 eta_inc 9392043 multi_dec -10959470 quick_dec -288820 nack_dec -1381950
Flow Uec_8165_0 flowId 27 uecSrc 26 finished at 173268 total messages 1 total packets 16425 RTS 0 total bytes 67112550 in_flight now 0 fair_inc 1157501 prop_inc 3751 fast_inc 0 eta_inc 9400017 multi_dec -11173946 quick_dec -323023 nack_dec -1282350
Flow Uec_8148_0 flowId 44 uecSrc 43 finished at 173342 total messages 1 total packets 16425 RTS 0 total bytes 67112550 in_flight now 0 fair_inc 1019690 prop_inc 6957 fast_inc 0 eta_inc 9414636 multi_dec -10841330 quick_dec -552497 nack_dec -1344600
Flow Uec_8168_0 flowId 24 uecSrc 23 finished at 173371 total messages 1 total packets 16425 RTS 0 total bytes 67112550 in_flight now 0 fair_inc 1125231 prop_inc 1011 fast_inc 0 eta_inc 9397359 multi_dec -10848350 quick_dec -443764 nack_dec -1527200
Flow Uec_8172_0 flowId 20 uecSrc 19 finished at 173385 total messages 1 total packets 16425 RTS 0 total bytes 67112550 in_flight now 0 fair_inc 956862 prop_inc 1516 fast_inc 0 eta_inc 9410649 multi_dec -10824802 quick_dec -269123 nack_dec -1294800
Flow Uec_8178_0 flowId 14 uecSrc 13 finished at 173386 total messages 1 total packets 16425 RTS 0 total bytes 67112550 in_flight now 0 fair_inc 903706 prop_inc 3082 fast_inc 0 eta_inc 9413307 multi_dec -10894089 quick_dec -364183 nack_dec -1170300
Flow Uec_8174_0 flowId 18 uecSrc 17 finished at 173438 total messages 1 total packets 16425 RTS 0 total bytes 67112550 in_flight now 0 fair_inc 947351 prop_inc 4322 fast_inc 0 eta_inc 9414636 multi_dec -10891384 quick_dec -317542 nack_dec -1211800
Flow Uec_8170_0 flowId 22 uecSrc 21 finished at 173458 total messages 1 total packets 16425 RTS 0 total bytes 67112550 in_flight now 0 fair_inc 1062091 prop_inc 3082 fast_inc 0 eta_inc 9415965 multi_dec -10770554 quick_dec -414015 nack_dec -1249150
Flow Uec_8173_0 flowId 19 uecSrc 18 finished at 173463 total messages 1 total packets 16425 RTS 0 total bytes 67112550 in_flight now 0 fair_inc 978067 prop_inc 1592 fast_inc 0 eta_inc 9398688 multi_dec -10808317 quick_dec -270624 nack_dec -1303100
Flow Uec_8161_0 flowId 31 uecSrc 30 finished at 173488 total messages 1 total packets 16425 RTS 0 total bytes 67112550 in_flight now 0 fair_inc 1036557 prop_inc 1026 fast_inc 0 eta_inc 9398688 multi_dec -10838922 quick_dec -197291 nack_dec -1278200
Flow Uec_8163_0 flowId 29 uecSrc 28 finished at 173516 total messages 1 total packets 16425 RTS 0 total bytes 67112550 in_flight now 0 fair_inc 1055634 prop_inc 818 fast_inc 0 eta_inc 9409320 multi_dec -10893441 quick_dec -495391 nack_dec -1402700
Flow Uec_8146_0 flowId 46 uecSrc 45 finished at 173519 total messages 1 total packets 16425 RTS 0 total bytes 67112550 in_flight now 0 fair_inc 1027142 prop_inc 0 fast_inc 0 eta_inc 9414636 multi_dec -10822263 quick_dec -467878 nack_dec -1332150
Flow Uec_8175_0 flowId 17 uecSrc 16 finished at 173551 total messages 1 total packets 16425 RTS 0 total bytes 67112550 in_flight now 0 fair_inc 1006001 prop_inc 22111 fast_inc 0 eta_inc 9402675 multi_dec -11089174 quick_dec -332386 nack_dec -1203500
Flow Uec_8169_0 flowId 23 uecSrc 22 finished at 173599 total messages 1 total packets 16425 RTS 0 total bytes 67112550 in_flight now 0 fair_inc 972252 prop_inc 5074 fast_inc 0 eta_inc 9417294 multi_dec -10788950 quick_dec -452331 nack_dec -1357050
Flow Uec_8154_0 flowId 38 uecSrc 37 finished at 173656 total messages 1 total packets 16425 RTS 0 total bytes 67112550 in_flight now 0 fair_inc 930064 prop_inc 981 fast_inc 0 eta_inc 9421281 multi_dec -10817621 quick_dec -422752 nack_dec -1269900
Flow Uec_8167_0 flowId 25 uecSrc 24 finished at 173684 total messages 1 total packets 16425 RTS 0 total bytes 67112550 in_flight now 0 fair_inc 937571 prop_inc 1258 fast_inc 0 eta_inc 9418623 multi_dec -10944442 quick_dec -520314 nack_dec -1282350
Flow Uec_8137_0 flowId 55 uecSrc 54 finished at 173739 total messages 1 total packets 16425 RTS 0 total bytes 67112550 in_flight now 0 fair_inc 998602 prop_inc 6089 fast_inc 0 eta_inc 9400017 multi_dec -10785287 quick_dec -422813 nack_dec -1369500
Flow Uec_8151_0 flowId 41 uecSrc 40 finished at 173787 total messages 1 total packets 16425 RTS 0 total bytes 67112550 in_flight now 0 fair_inc 986224 prop_inc 1088 fast_inc 0 eta_inc 9429255 multi_dec -10915075 quick_dec -360259 nack_dec -1261600
Flow Uec_8156_0 flowId 36 uecSrc 35 finished at 173877 total messages 1 total packets 16425 RTS 0 total bytes 67112550 in_flight now 0 fair_inc 911257 prop_inc 4007 fast_inc 0 eta_inc 9423939 multi_dec -10810553 quick_dec -292232 nack_dec -1332150
Flow Uec_8150_0 flowId 42 uecSrc 41 finished at 173902 total messages 1 total packets 16425 RTS 0 total bytes 67112550 in_flight now 0 fair_inc 993183 prop_inc 3197 fast_inc 0 eta_inc 9418623 multi_dec -10924821 quick_dec -346077 nack_dec -1336300
Flow Uec_8138_0 flowId 54 uecSrc 53 finished at 173910 total messages 1 total packets 16425 RTS 0 total bytes 67112550 in_flight now 0 fair_inc 1032754 prop_inc 2828 fast_inc 0 eta_inc 9431913 multi_dec -10846173 quick_dec -541646 nack_dec -1402700
Flow Uec_8180_0 flowId 12 uecSrc 11 finished at 173927 total messages 1 total packets 16425 RTS 0 total bytes 67112550 in_flight now 0 fair_inc 994585 prop_inc 8671 fast_inc 0 eta_inc 9427926 multi_dec -10731026 quick_dec -232976 nack_dec -1286500
Flow Uec_8134_0 flowId 58 uecSrc 57 finished at 174053 total messages 1 total packets 16425 RTS 0 total bytes 67112550 in_flight now 0 fair_inc 1004584 prop_inc 16067 fast_inc 0 eta_inc 9441216 multi_dec -10970295 quick_dec -251183 nack_dec -1274050
Flow Uec_8128_0 flowId 64 uecSrc 63 finished at 174066 total messages 1 total packets 16425 RTS 0 total bytes 67112550 in_flight now 0 fair_inc 882784 prop_inc 6339 fast_inc 0 eta_inc 9453177 multi_dec -10813856 quick_dec -433612 nack_dec -1249150
Flow Uec_8139_0 flowId 53 uecSrc 52 finished at 174070 total messages 1 total packets 16425 RTS 0 total bytes 67112550 in_flight now 0 fair_inc 968073 prop_inc 4029 fast_inc 0 eta_inc 9443874 multi_dec -10590081 quick_dec -517771 nack_dec -1357050
Flow Uec_8135_0 flowId 57 uecSrc 56 finished at 174091 total messages 1 total packets 16425 RTS 0 total bytes 67112550 in_flight now 0 fair_inc 941695 prop_inc 6430 fast_inc 0 eta_inc 9445203 multi_dec -10813629 quick_dec -415830 nack_dec -1253300
Flow Uec_8157_0 flowId 35 uecSrc 34 finished at 174110 total messages 1 total packets 16425 RTS 0 total bytes 67112550 in_flight now 0 fair_inc 954463 prop_inc 7145 fast_inc 0 eta_inc 9445203 multi_dec -10916620 quick_dec -338766 nack_dec -1253300
Flow Uec_8158_0 flowId 34 uecSrc 33 finished at 174136 total messages 1 total packets 16425 RTS 0 total bytes 67112550 in_flight now 0 fair_inc 886007 prop_inc 11048 fast_inc 0 eta_inc 9430584 multi_dec -10886437 quick_dec -412612 nack_dec -1261600
Flow Uec_8131_0 flowId 61 uecSrc 60 finished at 174153 total messages 1 total packets 16425 RTS 0 total bytes 67112550 in_flight now 0 fair_inc 900523 prop_inc 18585 fast_inc 0 eta_inc 9461151 multi_dec -10794052 quick_dec -465131 nack_dec -1228400
Flow Uec_8182_0 flowId 10 uecSrc 9 finished at 174167 total messages 1 total packets 16425 RTS 0 total bytes 67112550 in_flight now 0 fair_inc 925808 prop_inc 16897 fast_inc 0 eta_inc 9445203 multi_dec -10758185 quick_dec -585315 nack_dec -1294800
Flow Uec_8129_0 flowId 63 uecSrc 62 finished at 174173 total messages 1 total packets 16425 RTS 0 total bytes 67112550 in_flight now 0 fair_inc 980830 prop_inc 42778 fast_inc 0 eta_inc 9437229 multi_dec -10759583 quick_dec -446832 nack_dec -1398550
Flow Uec_8166_0 flowId 26 uecSrc 25 finished at 174229 total messages 1 total packets 16425 RTS 0 total bytes 67112550 in_flight now 0 fair_inc 929734 prop_inc 66341 fast_inc 0 eta_inc 9451848 multi_dec -10593467 quick_dec -454790 nack_dec -1415150
Flow Uec_8142_0 flowId 50 uecSrc 49 finished at 174256 total messages 1 total packets 16425 RTS 0 total bytes 67112550 in_flight now 0 fair_inc 903765 prop_inc 89051 fast_inc 0 eta_inc 9446532 multi_dec -10749122 quick_dec -222498 nack_dec -1415150
Flow Uec_8184_0 flowId 8 uecSrc 7 finished at 174332 total messages 1 total packets 16425 RTS 0 total bytes 67112550 in_flight now 0 fair_inc 839422 prop_inc 174693 fast_inc 0 eta_inc 9434571 multi_dec -10391889 quick_dec -403604 nack_dec -1469100
Flow Uec_8162_0 flowId 30 uecSrc 29 finished at 174562 total messages 1 total packets 16425 RTS 0 total bytes 67112550 in_flight now 0 fair_inc 966156 prop_inc 208087 fast_inc 2798940 eta_inc 9477099 multi_dec -10799445 quick_dec -602889 nack_dec -1498150
New: 1051200 Rtx: 19000 RTS: 0 Bounced: 0 ACKs: 1049493 NACKs: 19000 Pulls: 0 sleek_pkts: 0
SPURIOUS_COUNT 0
