.Flow Uec_8165_0 flowId 27 uecSrc 26 finished at 50343.9 total messages 1 total packets 16425 RTS 0 total bytes 67112550 in_flight now 0 fair_inc 0 prop_inc 0 fast_inc 0 eta_inc 0 multi_dec -0 quick_dec -70999 nack_dec -481400
Flow Uec_8129_0 flowId 63 uecSrc 62 finished at 71369.3 total messages 1 total packets 16425 RTS 0 total bytes 67112550 in_flight now 0 fair_inc 6209 prop_inc 0 fast_inc 0 eta_inc 2658 multi_dec -0 quick_dec -72535 nack_dec -498000
Flow Uec_8160_0 flowId 32 uecSrc 31 finished at 76379.4 total messages 1 total packets 16425 RTS 0 total bytes 67112550 in_flight now 0 fair_inc 16179 prop_inc 0 fast_inc 0 eta_inc 3987 multi_dec -0 quick_dec -82592 nack_dec -510450
Flow Uec_8131_0 flowId 61 uecSrc 60 finished at 79178.9 total messages 1 total packets 16425 RTS 0 total bytes 67112550 in_flight now 0 fair_inc 28062 prop_inc 0 fast_inc 0 eta_inc 7974 multi_dec -0 quick_dec -39689 nack_dec -522900
Flow Uec_8183_0 flowId 9 uecSrc 8 finished at 86985.4 total messages 1 total packets 16425 RTS 0 total bytes 67112550 in_flight now 0 fair_inc 16255 prop_inc 0 fast_inc 0 eta_inc 5316 multi_dec -0 quick_dec -34003 nack_dec -514600
Flow Uec_8178_0 flowId 14 uecSrc 13 finished at 89059.7 total messages 1 total packets 16425 RTS 0 total bytes 67112550 in_flight now 0 fair_inc 20143 prop_inc 319 fast_inc 0 eta_inc 5316 multi_dec -0 quick_dec -99362 nack_dec -527050
Flow Uec_8130_0 flowId 62 uecSrc 61 finished at 94273.7 total messages 1 total packets 16425 RTS 0 total bytes 67112550 in_flight now 0 fair_inc 54023 prop_inc 0 fast_inc 0 eta_inc 9303 multi_dec -0 quick_dec -89947 nack_dec -514600
Flow Uec_8140_0 flowId 52 uecSrc 51 finished at 95539.8 total messages 1 total packets 16425 RTS 0 total bytes 67112550 in_flight now 0 fair_inc 71727 prop_inc 0 fast_inc 0 eta_inc 19935 multi_dec -0 quick_dec -19035 nack_dec -522900
..Flow Uec_8147_0 flowId 45 uecSrc 44 finished at 169596 total messages 1 total packets 16425 RTS 0 total bytes 67112550 in_flight now 0 fair_inc 1214598 prop_inc 1246 fast_inc 0 eta_inc 9208641 multi_dec -10853585 quick_dec -362814 nack_dec -1456650
Flow Uec_8135_0 flowId 57 uecSrc 56 finished at 169641 total messages 1 total packets 16425 RTS 0 total bytes 67112550 in_flight now 0 fair_inc 1062498 prop_inc 3661 fast_inc 0 eta_inc 9204654 multi_dec -10849489 quick_dec -224785 nack_dec -1332150
Flow Uec_8158_0 flowId 34 uecSrc 33 finished at 169900 total messages 1 total packets 16425 RTS 0 total bytes 67112550 in_flight now 0 fair_inc 1076360 prop_inc 266 fast_inc 0 eta_inc 9237879 multi_dec -10954200 quick_dec -241461 nack_dec -1240850
Flow Uec_8182_0 flowId 10 uecSrc 9 finished at 170755 total messages 1 total packets 16425 RTS 0 total bytes 67112550 in_flight now 0 fair_inc 1082451 prop_inc 4107 fast_inc 0 eta_inc 9280407 multi_dec -10695976 quick_dec -295404 nack_dec -1361200
Flow Uec_8155_0 flowId 37 uecSrc 36 finished at 171207 total messages 1 total packets 16425 RTS 0 total bytes 67112550 in_flight now 0 fair_inc 1136297 prop_inc 349 fast_inc 0 eta_inc 9292368 multi_dec -10928714 quick_dec -340753 nack_dec -1406850
Flow Uec_8184_0 flowId 8 uecSrc 7 finished at 171324 total messages 1 total packets 16425 RTS 0 total bytes 67112550 in_flight now 0 fair_inc 1079742 prop_inc 0 fast_inc 0 eta_inc 9314961 multi_dec -10872276 quick_dec -389258 nack_dec -1440050
Flow Uec_8175_0 flowId 17 uecSrc 16 finished at 171573 total messages 1 total packets 16425 RTS 0 total bytes 67112550 in_flight now 0 fair_inc 1046458 prop_inc 6478 fast_inc 0 eta_inc 9317619 multi_dec -11118732 quick_dec -214353 nack_dec -1340450
Flow Uec_8186_0 flowId 6 uecSrc 5 finished at 171779 total messages 1 total packets 16425 RTS 0 total bytes 67112550 in_flight now 0 fair_inc 1121665 prop_inc 0 fast_inc 0 eta_inc 9346857 multi_dec -10993445 quick_dec -392878 nack_dec -1224250
Flow Uec_8132_0 flowId 60 uecSrc 59 finished at 171878 total messages 1 total packets 16425 RTS 0 total bytes 67112550 in_flight now 0 fair_inc 1018697 prop_inc 77 fast_inc 0 eta_inc 9336225 multi_dec -10840751 quick_dec -338328 nack_dec -1282350
Flow Uec_8181_0 flowId 11 uecSrc 10 finished at 171939 total messages 1 total packets 16425 RTS 0 total bytes 67112550 in_flight now 0 fair_inc 1111597 prop_inc 0 fast_inc 0 eta_inc 9325593 multi_dec -11013305 quick_dec -353083 nack_dec -1398550
Flow Uec_8161_0 flowId 31 uecSrc 30 finished at 171962 total messages 1 total packets 16425 RTS 0 total bytes 67112550 in_flight now 0 fair_inc 1072142 prop_inc 7806 fast_inc 0 eta_inc 9349515 multi_dec -10900010 quick_dec -373189 nack_dec -1464950
Flow Uec_8133_0 flowId 59 uecSrc 58 finished at 172136 total messages 1 total packets 16425 RTS 0 total bytes 67112550 in_flight now 0 fair_inc 1049605 prop_inc 1319 fast_inc 0 eta_inc 9344199 multi_dec -10950486 quick_dec -261662 nack_dec -1303100
Flow Uec_8128_0 flowId 64 uecSrc 63 finished at 172274 total messages 1 total packets 16425 RTS 0 total bytes 67112550 in_flight now 0 fair_inc 1104405 prop_inc 50 fast_inc 0 eta_inc 9360147 multi_dec -10790977 quick_dec -609870 nack_dec -1386100
Flow Uec_8159_0 flowId 33 uecSrc 32 finished at 172436 total messages 1 total packets 16425 RTS 0 total bytes 67112550 in_flight now 0 fair_inc 1147340 prop_inc 3561 fast_inc 0 eta_inc 9382740 multi_dec -10809909 quick_dec -508616 nack_dec -1394400
Flow Uec_8137_0 flowId 55 uecSrc 54 finished at 172493 total messages 1 total packets 16425 RTS 0 total bytes 67112550 in_flight now 0 fair_inc 1101762 prop_inc 1458 fast_inc 0 eta_inc 9365463 multi_dec -11029227 quick_dec -297189 nack_dec -1399014
Flow Uec_8174_0 flowId 18 uecSrc 17 finished at 172636 total messages 1 total packets 16425 RTS 0 total bytes 67112550 in_flight now 0 fair_inc 1020174 prop_inc 5214 fast_inc 0 eta_inc 9353502 multi_dec -10862618 quick_dec -265086 nack_dec -1481550
Flow Uec_8189_0 flowId 3 uecSrc 2 finished at 172729 total messages 1 total packets 16425 RTS 0 total bytes 67112550 in_flight now 0 fair_inc 1060308 prop_inc 4414 fast_inc 0 eta_inc 9376095 multi_dec -10808768 quick_dec -378257 nack_dec -1485700
Flow Uec_8144_0 flowId 48 uecSrc 47 finished at 172790 total messages 1 total packets 16425 RTS 0 total bytes 67112550 in_flight now 0 fair_inc 1026283 prop_inc 4390 fast_inc 0 eta_inc 9397359 multi_dec -10820228 quick_dec -364328 nack_dec -1361664
Flow Uec_8171_0 flowId 21 uecSrc 20 finished at 172898 total messages 1 total packets 16425 RTS 0 total bytes 67112550 in_flight now 0 fair_inc 1138833 prop_inc 6400 fast_inc 0 eta_inc 9406662 multi_dec -10888682 quick_dec -449338 nack_dec -1464950
Flow Uec_8146_0 flowId 46 uecSrc 45 finished at 173024 total messages 1 total packets 16425 RTS 0 total bytes 67112550 in_flight now 0 fair_inc 1095967 prop_inc 1979 fast_inc 0 eta_inc 9402675 multi_dec -10917280 quick_dec -393357 nack_dec -1419300
Flow Uec_8169_0 flowId 23 uecSrc 22 finished at 173091 total messages 1 total packets 16425 RTS 0 total bytes 67112550 in_flight now 0 fair_inc 1178328 prop_inc 9188 fast_inc 0 eta_inc 9393372 multi_dec -11004664 quick_dec -456307 nack_dec -1531350
Flow Uec_8185_0 flowId 7 uecSrc 6 finished at 173098 total messages 1 total packets 16425 RTS 0 total bytes 67112550 in_flight now 0 fair_inc 1034941 prop_inc 821 fast_inc 0 eta_inc 9413307 multi_dec -10945900 quick_dec -305123 nack_dec -1274050
Flow Uec_8187_0 flowId 5 uecSrc 4 finished at 173117 total messages 1 total packets 16425 RTS 0 total bytes 67112550 in_flight now 0 fair_inc 1111517 prop_inc 1695 fast_inc 0 eta_inc 9400017 multi_dec -10827282 quick_dec -447421 nack_dec -1386100
Flow Uec_8168_0 flowId 24 uecSrc 23 finished at 173133 total messages 1 total packets 16425 RTS 0 total bytes 67112550 in_flight now 0 fair_inc 963584 prop_inc 29452 fast_inc 0 eta_inc 9398688 multi_dec -10863166 quick_dec -228549 nack_dec -1352900
Flow Uec_8156_0 flowId 36 uecSrc 35 finished at 173170 total messages 1 total packets 16425 RTS 0 total bytes 67112550 in_flight now 0 fair_inc 1117798 prop_inc 1179 fast_inc 0 eta_inc 9422610 multi_dec -10727969 quick_dec -575424 nack_dec -1452500
Flow Uec_8136_0 flowId 56 uecSrc 55 finished at 173231 total messages 1 total packets 16425 RTS 0 total bytes 67112550 in_flight now 0 fair_inc 1074804 prop_inc 9163 fast_inc 0 eta_inc 9413307 multi_dec -10952851 quick_dec -455071 nack_dec -1419300
Flow Uec_8180_0 flowId 12 uecSrc 11 finished at 173295 total messages 1 total packets 16425 RTS 0 total bytes 67112550 in_flight now 0 fair_inc 1122756 prop_inc 6732 fast_inc 0 eta_inc 9414636 multi_dec -10844587 quick_dec -642211 nack_dec -1444200
Flow Uec_8153_0 flowId 39 uecSrc 38 finished at 173428 total messages 1 total packets 16425 RTS 0 total bytes 67112550 in_flight now 0 fair_inc 975451 prop_inc 6848 fast_inc 0 eta_inc 9426597 multi_dec -10957337 quick_dec -183475 nack_dec -1365350
Flow Uec_8173_0 flowId 19 uecSrc 18 finished at 173441 total messages 1 total packets 16425 RTS 0 total bytes 67112550 in_flight now 0 fair_inc 1013950 prop_inc 5730 fast_inc 0 eta_inc 9434571 multi_dec -10877061 quick_dec -341343 nack_dec -1369500
Flow Uec_8190_0 flowId 2 uecSrc 1 finished at 173491 total messages 1 total packets 16425 RTS 0 total bytes 67112550 in_flight now 0 fair_inc 1105796 prop_inc 20786 fast_inc 0 eta_inc 9434571 multi_dec -10917671 quick_dec -286432 nack_dec -1377800
Flow Uec_8150_0 flowId 42 uecSrc 41 finished at 173507 total messages 1 total packets 16425 RTS 0 total bytes 67112550 in_flight now 0 fair_inc 978108 prop_inc 5056 fast_inc 0 eta_inc 9418623 multi_dec -10883656 quick_dec -354779 nack_dec -1290650
Flow Uec_8172_0 flowId 20 uecSrc 19 finished at 173553 total messages 1 total packets 16425 RTS 0 total bytes 67112550 in_flight now 0 fair_inc 965370 prop_inc 2323 fast_inc 0 eta_inc 9417294 multi_dec -10789963 quick_dec -351825 nack_dec -1448350
Flow Uec_8152_0 flowId 40 uecSrc 39 finished at 173567 total messages 1 total packets 16425 RTS 0 total bytes 67112550 in_flight now 0 fair_inc 1033415 prop_inc 5450 fast_inc 0 eta_inc 9414636 multi_dec -10894158 quick_dec -229861 nack_dec -1406850
Flow Uec_8148_0 flowId 44 uecSrc 43 finished at 173616 total messages 1 total packets 16425 RTS 0 total bytes 67112550 in_flight now 0 fair_inc 1088803 prop_inc 21998 fast_inc 0 eta_inc 9427926 multi_dec -10773901 quick_dec -481879 nack_dec -1456650
Flow Uec_8191_0 flowId 1 uecSrc 0 finished at 173616 total messages 1 total packets 16425 RTS 0 total bytes 67112550 in_flight now 0 fair_inc 993416 prop_inc 3189 fast_inc 0 eta_inc 9442545 multi_dec -10955499 quick_dec -457935 nack_dec -1340450
Flow Uec_8134_0 flowId 58 uecSrc 57 finished at 173647 total messages 1 total packets 16425 RTS 0 total bytes 67112550 in_flight now 0 fair_inc 1152586 prop_inc 12770 fast_inc 0 eta_inc 9435900 multi_dec -10904716 quick_dec -627127 nack_dec -1506450
Flow Uec_8170_0 flowId 22 uecSrc 21 finished at 173670 total messages 1 total packets 16425 RTS 0 total bytes 67112550 in_flight now 0 fair_inc 1120321 prop_inc 3712 fast_inc 0 eta_inc 9435900 multi_dec -10723924 quick_dec -530387 nack_dec -1485700
Flow Uec_8138_0 flowId 54 uecSrc 53 finished at 173736 total messages 1 total packets 16425 RTS 0 total bytes 67112550 in_flight now 0 fair_inc 1019603 prop_inc 15170 fast_inc 0 eta_inc 9446532 multi_dec -10831780 quick_dec -448101 nack_dec -1311400
Flow Uec_8179_0 flowId 13 uecSrc 12 finished at 173780 total messages 1 total packets 16425 RTS 0 total bytes 67112550 in_flight now 0 fair_inc 998415 prop_inc 9370 fast_inc 0 eta_inc 9425268 multi_dec -10664077 quick_dec -368829 nack_dec -1452500
Flow Uec_8142_0 flowId 50 uecSrc 49 finished at 173780 total messages 1 total packets 16425 RTS 0 total bytes 67112550 in_flight now 0 fair_inc 1103179 prop_inc 12212 fast_inc 0 eta_inc 9461151 multi_dec -10735648 quick_dec -513511 nack_dec -1423450
Flow Uec_8151_0 flowId 41 uecSrc 40 finished at 173887 total messages 1 total packets 16425 RTS 0 total bytes 67112550 in_flight now 0 fair_inc 974655 prop_inc 6744 fast_inc 0 eta_inc 9457164 multi_dec -10762794 quick_dec -460557 nack_dec -1357050
Flow Uec_8177_0 flowId 15 uecSrc 14 finished at 173903 total messages 1 total packets 16425 RTS 0 total bytes 67112550 in_flight now 0 fair_inc 1061745 prop_inc 5467 fast_inc 0 eta_inc 9434571 multi_dec -10813697 quick_dec -342841 nack_dec -1328000
Flow Uec_8149_0 flowId 43 uecSrc 42 finished at 173907 total messages 1 total packets 16425 RTS 0 total bytes 67112550 in_flight now 0 fair_inc 1023527 prop_inc 14175 fast_inc 0 eta_inc 9445203 multi_dec -10864415 quick_dec -310391 nack_dec -1547950
Flow Uec_8166_0 flowId 26 uecSrc 25 finished at 173944 total messages 1 total packets 16425 RTS 0 total bytes 67112550 in_flight now 0 fair_inc 1058834 prop_inc 10417 fast_inc 0 eta_inc 9459822 multi_dec -10707751 quick_dec -469407 nack_dec -1473250
Flow Uec_8139_0 flowId 53 uecSrc 52 finished at 173948 total messages 1 total packets 16425 RTS 0 total bytes 67112550 in_flight now 0 fair_inc 1027659 prop_inc 11415 fast_inc 0 eta_inc 9431913 multi_dec -10666939 quick_dec -377477 nack_dec -1477400
Flow Uec_8163_0 flowId 29 uecSrc 28 finished at 174015 total messages 1 total packets 16425 RTS 0 total bytes 67112550 in_flight now 0 fair_inc 966736 prop_inc 19106 fast_inc 0 eta_inc 9467796 multi_dec -10762487 quick_dec -432428 nack_dec -1303100
Flow Uec_8143_0 flowId 49 uecSrc 48 finished at 174088 total messages 1 total packets 16425 RTS 0 total bytes 67112550 in_flight now 0 fair_inc 990330 prop_inc 15855 fast_inc 0 eta_inc 9461151 multi_dec -10780442 quick_dec -252089 nack_dec -1390250
Flow Uec_8167_0 flowId 25 uecSrc 24 finished at 174228 total messages 1 total packets 16425 RTS 0 total bytes 67112550 in_flight now 0 fair_inc 892810 prop_inc 22929 fast_inc 0 eta_inc 9449190 multi_dec -10690442 quick_dec -389925 nack_dec -1452500
Flow Uec_8176_0 flowId 16 uecSrc 15 finished at 174245 total messages 1 total packets 16425 RTS 0 total bytes 67112550 in_flight now 0 fair_inc 1039977 prop_inc 17837 fast_inc 0 eta_inc 9469125 multi_dec -10605592 quick_dec -674218 nack_dec -1630950
Flow Uec_8141_0 flowId 51 uecSrc 50 finished at 174274 total messages 1 total packets 16425 RTS 0 total bytes 67112550 in_flight now 0 fair_inc 1006284 prop_inc 27061 fast_inc 0 eta_inc 9467796 multi_dec -10802182 quick_dec -330468 nack_dec -1427600
Flow Uec_8154_0 flowId 38 uecSrc 37 finished at 174276 total messages 1 total packets 16425 RTS 0 total bytes 67112550 in_flight now 0 fair_inc 1014503 prop_inc 23870 fast_inc 0 eta_inc 9487731 multi_dec -10795359 quick_dec -424053 nack_dec -1323850
Flow Uec_8145_0 flowId 47 uecSrc 46 finished at 174305 total messages 1 total packets 16425 RTS 0 total bytes 67112550 in_flight now 0 fair_inc 956706 prop_inc 51934 fast_inc 0 eta_inc 9459822 multi_dec -10715106 quick_dec -361717 nack_dec -1464950
Flow Uec_8188_0 flowId 4 uecSrc 3 finished at 174310 total messages 1 total packets 16425 RTS 0 total bytes 67112550 in_flight now 0 fair_inc 930684 prop_inc 72369 fast_inc 0 eta_inc 9470454 multi_dec -10675939 quick_dec -334233 nack_dec -1357050
Flow Uec_8164_0 flowId 28 uecSrc 27 finished at 174372 total messages 1 total packets 16425 RTS 0 total bytes 67112550 in_flight now 0 fair_inc 946782 prop_inc 113544 fast_inc 0 eta_inc 9455835 multi_dec -10605613 quick_dec -482351 nack_dec -1494000
Flow Uec_8157_0 flowId 35 uecSrc 34 finished at 174376 total messages 1 total packets 16425 RTS 0 total bytes 67112550 in_flight now 0 fair_inc 807259 prop_inc 123559 fast_inc 0 eta_inc 9481086 multi_dec -10637044 quick_dec -215545 nack_dec -1265750
Flow Uec_8162_0 flowId 30 uecSrc 29 finished at 174569 total messages 1 total packets 16425 RTS 0 total bytes 67112550 in_flight now 0 fair_inc 1151060 prop_inc 153155 fast_inc 2330984 eta_inc 9477099 multi_dec -10853062 quick_dec -441397 nack_dec -1444200
New: 1051200 Rtx: 19898 RTS: 0 Bounced: 0 ACKs: 1049834 NACKs: 19898 Pulls: 0 sleek_pkts: 0
SPURIOUS_COUNT 0
