Flow Uec_42_0 flowId 5 uecSrc 4 finished at 36890.5 total messages 1 total packets 4107 RTS 0 total bytes 16781202 in_flight now 0 fair_inc 158806 prop_inc 2981 fast_inc 0 eta_inc 2442702 multi_dec -2570703 quick_dec --5826 nack_dec -572700
Flow Uec_129_0 flowId 61 uecSrc 60 finished at 37735.1 total messages 1 total packets 4107 RTS 0 total bytes 16781202 in_flight now 0 fair_inc 90067 prop_inc 2950 fast_inc 0 eta_inc 2485230 multi_dec -2566759 quick_dec --78997 nack_dec -560250
Flow Uec_8132_0 flowId 29 uecSrc 28 finished at 38701.3 total messages 1 total packets 4107 RTS 0 total bytes 16781202 in_flight now 0 fair_inc 141085 prop_inc 1970 fast_inc 0 eta_inc 2113110 multi_dec -2400311 quick_dec -18789 nack_dec -522900
Flow Uec_5343_0 flowId 18 uecSrc 17 finished at 39210.1 total messages 1 total packets 4107 RTS 0 total bytes 16781202 in_flight now 0 fair_inc 132983 prop_inc 0 fast_inc 0 eta_inc 2131716 multi_dec -2350164 quick_dec -18718 nack_dec -551950
Flow Uec_315_0 flowId 35 uecSrc 34 finished at 39598.3 total messages 1 total packets 4107 RTS 0 total bytes 16781202 in_flight now 0 fair_inc 182919 prop_inc 0 fast_inc 0 eta_inc 2156967 multi_dec -2513385 quick_dec -23109 nack_dec -539500
Flow Uec_6256_0 flowId 58 uecSrc 57 finished at 41380.4 total messages 1 total packets 4107 RTS 0 total bytes 16781202 in_flight now 0 fair_inc 149343 prop_inc 7235 fast_inc 0 eta_inc 2259300 multi_dec -2533608 quick_dec -78471 nack_dec -539500
Flow Uec_3460_0 flowId 24 uecSrc 23 finished at 41671.1 total messages 1 total packets 4107 RTS 0 total bytes 16781202 in_flight now 0 fair_inc 156709 prop_inc 19 fast_inc 0 eta_inc 2271261 multi_dec -2481723 quick_dec -108994 nack_dec -543650
Flow Uec_5521_0 flowId 12 uecSrc 11 finished at 41994.4 total messages 1 total packets 4107 RTS 0 total bytes 16781202 in_flight now 0 fair_inc 112523 prop_inc 0 fast_inc 0 eta_inc 2292525 multi_dec -2467575 quick_dec -31767 nack_dec -551950
Flow Uec_832_0 flowId 36 uecSrc 35 finished at 42039.6 total messages 1 total packets 4107 RTS 0 total bytes 16781202 in_flight now 0 fair_inc 145651 prop_inc 0 fast_inc 0 eta_inc 2288538 multi_dec -2531403 quick_dec -65548 nack_dec -572700
Flow Uec_1235_0 flowId 57 uecSrc 56 finished at 42137.5 total messages 1 total packets 4107 RTS 0 total bytes 16781202 in_flight now 0 fair_inc 101900 prop_inc 0 fast_inc 0 eta_inc 2301828 multi_dec -2455925 quick_dec -82937 nack_dec -551950
Flow Uec_5541_0 flowId 47 uecSrc 46 finished at 42165.6 total messages 1 total packets 4107 RTS 0 total bytes 16781202 in_flight now 0 fair_inc 149894 prop_inc 0 fast_inc 0 eta_inc 2287209 multi_dec -2544003 quick_dec -28564 nack_dec -601750
Flow Uec_796_0 flowId 26 uecSrc 25 finished at 42179.5 total messages 1 total packets 4107 RTS 0 total bytes 16781202 in_flight now 0 fair_inc 137629 prop_inc 0 fast_inc 0 eta_inc 2292525 multi_dec -2445815 quick_dec -58453 nack_dec -581000
Flow Uec_6924_0 flowId 46 uecSrc 45 finished at 42213.9 total messages 1 total packets 4107 RTS 0 total bytes 16781202 in_flight now 0 fair_inc 157238 prop_inc 0 fast_inc 0 eta_inc 2292525 multi_dec -2499806 quick_dec -82145 nack_dec -585150
Flow Uec_6161_0 flowId 9 uecSrc 8 finished at 42221.7 total messages 1 total packets 4107 RTS 0 total bytes 16781202 in_flight now 0 fair_inc 201060 prop_inc 0 fast_inc 0 eta_inc 2299170 multi_dec -2568714 quick_dec -111286 nack_dec -647400
Flow Uec_7820_0 flowId 3 uecSrc 2 finished at 42240.8 total messages 1 total packets 4107 RTS 0 total bytes 16781202 in_flight now 0 fair_inc 159735 prop_inc 0 fast_inc 0 eta_inc 2300499 multi_dec -2546330 quick_dec -97915 nack_dec -581000
Flow Uec_7422_0 flowId 8 uecSrc 7 finished at 42301.8 total messages 1 total packets 4107 RTS 0 total bytes 16781202 in_flight now 0 fair_inc 155702 prop_inc 669 fast_inc 0 eta_inc 2299170 multi_dec -2543006 quick_dec -48988 nack_dec -597764
Flow Uec_5530_0 flowId 33 uecSrc 32 finished at 42499.9 total messages 1 total packets 4107 RTS 0 total bytes 16781202 in_flight now 0 fair_inc 131136 prop_inc 0 fast_inc 0 eta_inc 2319105 multi_dec -2539304 quick_dec -96834 nack_dec -543650
Flow Uec_4405_0 flowId 59 uecSrc 58 finished at 42541.9 total messages 1 total packets 4107 RTS 0 total bytes 16781202 in_flight now 0 fair_inc 106327 prop_inc 0 fast_inc 0 eta_inc 2316447 multi_dec -2477763 quick_dec -26347 nack_dec -551950
Flow Uec_7080_0 flowId 27 uecSrc 26 finished at 42757.6 total messages 1 total packets 4107 RTS 0 total bytes 16781202 in_flight now 0 fair_inc 133823 prop_inc 8968 fast_inc 0 eta_inc 2327079 multi_dec -2493390 quick_dec -85845 nack_dec -610050
Flow Uec_1865_0 flowId 14 uecSrc 13 finished at 42776.6 total messages 1 total packets 4107 RTS 0 total bytes 16781202 in_flight now 0 fair_inc 155525 prop_inc 590 fast_inc 0 eta_inc 2331066 multi_dec -2557395 quick_dec -133074 nack_dec -585150
Flow Uec_3335_0 flowId 30 uecSrc 29 finished at 42830.7 total messages 1 total packets 4107 RTS 0 total bytes 16781202 in_flight now 0 fair_inc 135039 prop_inc 1408 fast_inc 0 eta_inc 2331066 multi_dec -2545965 quick_dec -76919 nack_dec -597600
Flow Uec_6796_0 flowId 44 uecSrc 43 finished at 42835.2 total messages 1 total packets 4107 RTS 0 total bytes 16781202 in_flight now 0 fair_inc 140374 prop_inc 0 fast_inc 0 eta_inc 2329737 multi_dec -2545877 quick_dec -29652 nack_dec -576850
Flow Uec_487_0 flowId 43 uecSrc 42 finished at 42839.2 total messages 1 total packets 4107 RTS 0 total bytes 16781202 in_flight now 0 fair_inc 156399 prop_inc 0 fast_inc 0 eta_inc 2331066 multi_dec -2529942 quick_dec -66663 nack_dec -601750
Flow Uec_4177_0 flowId 11 uecSrc 10 finished at 42844.5 total messages 1 total packets 4107 RTS 0 total bytes 16781202 in_flight now 0 fair_inc 123446 prop_inc 948 fast_inc 0 eta_inc 2331066 multi_dec -2561426 quick_dec --7863 nack_dec -564400
Flow Uec_5265_0 flowId 55 uecSrc 54 finished at 42858.6 total messages 1 total packets 4107 RTS 0 total bytes 16781202 in_flight now 0 fair_inc 129569 prop_inc 200 fast_inc 0 eta_inc 2329737 multi_dec -2532012 quick_dec -52351 nack_dec -568550
Flow Uec_4522_0 flowId 45 uecSrc 44 finished at 42884 total messages 1 total packets 4107 RTS 0 total bytes 16781202 in_flight now 0 fair_inc 142318 prop_inc 0 fast_inc 0 eta_inc 2335053 multi_dec -2537666 quick_dec -47391 nack_dec -564400
Flow Uec_2910_0 flowId 31 uecSrc 30 finished at 42889 total messages 1 total packets 4107 RTS 0 total bytes 16781202 in_flight now 0 fair_inc 148464 prop_inc 167 fast_inc 0 eta_inc 2340369 multi_dec -2538160 quick_dec -72549 nack_dec -543650
Flow Uec_1300_0 flowId 4 uecSrc 3 finished at 42953.4 total messages 1 total packets 4107 RTS 0 total bytes 16781202 in_flight now 0 fair_inc 98002 prop_inc 0 fast_inc 0 eta_inc 2340369 multi_dec -2468042 quick_dec -72226 nack_dec -527050
Flow Uec_3580_0 flowId 39 uecSrc 38 finished at 43003.6 total messages 1 total packets 4107 RTS 0 total bytes 16781202 in_flight now 0 fair_inc 132929 prop_inc 429 fast_inc 0 eta_inc 2351001 multi_dec -2538636 quick_dec -38097 nack_dec -543650
Flow Uec_3384_0 flowId 17 uecSrc 16 finished at 43061.7 total messages 1 total packets 4107 RTS 0 total bytes 16781202 in_flight now 0 fair_inc 125212 prop_inc 459 fast_inc 0 eta_inc 2347014 multi_dec -2563565 quick_dec -42592 nack_dec -543650
Flow Uec_5354_0 flowId 52 uecSrc 51 finished at 43110.1 total messages 1 total packets 4107 RTS 0 total bytes 16781202 in_flight now 0 fair_inc 159534 prop_inc 298 fast_inc 0 eta_inc 2348343 multi_dec -2565939 quick_dec -55341 nack_dec -576850
Flow Uec_2721_0 flowId 38 uecSrc 37 finished at 43111.6 total messages 1 total packets 4107 RTS 0 total bytes 16781202 in_flight now 0 fair_inc 134641 prop_inc 0 fast_inc 0 eta_inc 2349672 multi_dec -2541460 quick_dec -62684 nack_dec -543650
Flow Uec_4549_0 flowId 34 uecSrc 33 finished at 43147.6 total messages 1 total packets 4107 RTS 0 total bytes 16781202 in_flight now 0 fair_inc 210849 prop_inc 0 fast_inc 0 eta_inc 2347014 multi_dec -2510049 quick_dec -93384 nack_dec -643250
Flow Uec_8026_0 flowId 64 uecSrc 63 finished at 43187.3 total messages 1 total packets 4107 RTS 0 total bytes 16781202 in_flight now 0 fair_inc 137871 prop_inc 0 fast_inc 0 eta_inc 2341698 multi_dec -2398114 quick_dec -110328 nack_dec -659850
Flow Uec_3084_0 flowId 10 uecSrc 9 finished at 43223.1 total messages 1 total packets 4107 RTS 0 total bytes 16781202 in_flight now 0 fair_inc 202968 prop_inc 141 fast_inc 0 eta_inc 2348343 multi_dec -2526085 quick_dec -42871 nack_dec -630800
Flow Uec_1944_0 flowId 2 uecSrc 1 finished at 43271 total messages 1 total packets 4107 RTS 0 total bytes 16781202 in_flight now 0 fair_inc 136652 prop_inc 267 fast_inc 0 eta_inc 2354988 multi_dec -2447487 quick_dec -117843 nack_dec -605900
Flow Uec_6293_0 flowId 60 uecSrc 59 finished at 43298.4 total messages 1 total packets 4107 RTS 0 total bytes 16781202 in_flight now 0 fair_inc 128180 prop_inc 5775 fast_inc 0 eta_inc 2360304 multi_dec -2515236 quick_dec -43900 nack_dec -560250
Flow Uec_7885_0 flowId 1 uecSrc 0 finished at 43303.1 total messages 1 total packets 4107 RTS 0 total bytes 16781202 in_flight now 0 fair_inc 226888 prop_inc 876 fast_inc 0 eta_inc 2357646 multi_dec -2540714 quick_dec -116855 nack_dec -634950
Flow Uec_3653_0 flowId 22 uecSrc 21 finished at 43318.4 total messages 1 total packets 4107 RTS 0 total bytes 16781202 in_flight now 0 fair_inc 154365 prop_inc 170 fast_inc 0 eta_inc 2353659 multi_dec -2563113 quick_dec -89163 nack_dec -572700
Flow Uec_3672_0 flowId 53 uecSrc 52 finished at 43419.2 total messages 1 total packets 4107 RTS 0 total bytes 16781202 in_flight now 0 fair_inc 182759 prop_inc 6233 fast_inc 0 eta_inc 2361633 multi_dec -2536476 quick_dec -133287 nack_dec -693050
Flow Uec_7737_0 flowId 56 uecSrc 55 finished at 43429.2 total messages 1 total packets 4107 RTS 0 total bytes 16781202 in_flight now 0 fair_inc 137589 prop_inc 6139 fast_inc 0 eta_inc 2360304 multi_dec -2566522 quick_dec -75066 nack_dec -568550
Flow Uec_1682_0 flowId 32 uecSrc 31 finished at 43446.1 total messages 1 total packets 4107 RTS 0 total bytes 16781202 in_flight now 0 fair_inc 140686 prop_inc 6917 fast_inc 0 eta_inc 2366949 multi_dec -2547572 quick_dec -117420 nack_dec -605900
Flow Uec_5925_0 flowId 42 uecSrc 41 finished at 43456.1 total messages 1 total packets 4107 RTS 0 total bytes 16781202 in_flight now 0 fair_inc 169605 prop_inc 5473 fast_inc 0 eta_inc 2364291 multi_dec -2511087 quick_dec -76020 nack_dec -576850
Flow Uec_4830_0 flowId 25 uecSrc 24 finished at 43456.2 total messages 1 total packets 4107 RTS 0 total bytes 16781202 in_flight now 0 fair_inc 126178 prop_inc 5597 fast_inc 0 eta_inc 2362962 multi_dec -2522592 quick_dec -27108 nack_dec -556100
Flow Uec_6597_0 flowId 63 uecSrc 62 finished at 43461.2 total messages 1 total packets 4107 RTS 0 total bytes 16781202 in_flight now 0 fair_inc 162373 prop_inc 7102 fast_inc 0 eta_inc 2366949 multi_dec -2505542 quick_dec -76247 nack_dec -630800
Flow Uec_325_0 flowId 37 uecSrc 36 finished at 43462.2 total messages 1 total packets 4107 RTS 0 total bytes 16781202 in_flight now 0 fair_inc 159258 prop_inc 4065 fast_inc 0 eta_inc 2361633 multi_dec -2537782 quick_dec -7347 nack_dec -601750
Flow Uec_2532_0 flowId 51 uecSrc 50 finished at 43504.6 total messages 1 total packets 4107 RTS 0 total bytes 16781202 in_flight now 0 fair_inc 141417 prop_inc 15119 fast_inc 0 eta_inc 2372265 multi_dec -2578388 quick_dec -87504 nack_dec -597600
Flow Uec_828_0 flowId 48 uecSrc 47 finished at 43508.5 total messages 1 total packets 4107 RTS 0 total bytes 16781202 in_flight now 0 fair_inc 147243 prop_inc 11665 fast_inc 0 eta_inc 2366949 multi_dec -2528466 quick_dec -96229 nack_dec -581000
Flow Uec_5635_0 flowId 40 uecSrc 39 finished at 43516.9 total messages 1 total packets 4107 RTS 0 total bytes 16781202 in_flight now 0 fair_inc 116719 prop_inc 18130 fast_inc 0 eta_inc 2373594 multi_dec -2423778 quick_dec -74415 nack_dec -539500
Flow Uec_1573_0 flowId 13 uecSrc 12 finished at 43522.8 total messages 1 total packets 4107 RTS 0 total bytes 16781202 in_flight now 0 fair_inc 112095 prop_inc 11786 fast_inc 0 eta_inc 2369607 multi_dec -2513417 quick_dec -13245 nack_dec -589300
Flow Uec_2981_0 flowId 7 uecSrc 6 finished at 43526.5 total messages 1 total packets 4107 RTS 0 total bytes 16781202 in_flight now 0 fair_inc 141465 prop_inc 16159 fast_inc 0 eta_inc 2373594 multi_dec -2538679 quick_dec -50140 nack_dec -576850
Flow Uec_1238_0 flowId 16 uecSrc 15 finished at 43531.6 total messages 1 total packets 4107 RTS 0 total bytes 16781202 in_flight now 0 fair_inc 155098 prop_inc 15171 fast_inc 0 eta_inc 2370936 multi_dec -2553101 quick_dec -110341 nack_dec -634950
Flow Uec_395_0 flowId 6 uecSrc 5 finished at 43533.6 total messages 1 total packets 4107 RTS 0 total bytes 16781202 in_flight now 0 fair_inc 153813 prop_inc 11670 fast_inc 0 eta_inc 2366949 multi_dec -2485568 quick_dec -75448 nack_dec -639100
Flow Uec_2915_0 flowId 62 uecSrc 61 finished at 43546.3 total messages 1 total packets 4107 RTS 0 total bytes 16781202 in_flight now 0 fair_inc 160669 prop_inc 34584 fast_inc 0 eta_inc 2376252 multi_dec -2509711 quick_dec -68289 nack_dec -585150
Flow Uec_5485_0 flowId 21 uecSrc 20 finished at 43554.2 total messages 1 total packets 4107 RTS 0 total bytes 16781202 in_flight now 0 fair_inc 147686 prop_inc 31370 fast_inc 0 eta_inc 2366949 multi_dec -2510714 quick_dec -138229 nack_dec -647400
Flow Uec_6898_0 flowId 15 uecSrc 14 finished at 43573.3 total messages 1 total packets 4107 RTS 0 total bytes 16781202 in_flight now 0 fair_inc 132612 prop_inc 41734 fast_inc 0 eta_inc 2372265 multi_dec -2505639 quick_dec -69025 nack_dec -622500
Flow Uec_6449_0 flowId 28 uecSrc 27 finished at 43578.3 total messages 1 total packets 4107 RTS 0 total bytes 16781202 in_flight now 0 fair_inc 135927 prop_inc 44879 fast_inc 0 eta_inc 2380239 multi_dec -2497359 quick_dec -122436 nack_dec -589300
Flow Uec_8154_0 flowId 49 uecSrc 48 finished at 43581.7 total messages 1 total packets 4107 RTS 0 total bytes 16781202 in_flight now 0 fair_inc 137540 prop_inc 49114 fast_inc 0 eta_inc 2376252 multi_dec -2539413 quick_dec -63110 nack_dec -605900
Flow Uec_4698_0 flowId 23 uecSrc 22 finished at 43587.8 total messages 1 total packets 4107 RTS 0 total bytes 16781202 in_flight now 0 fair_inc 131398 prop_inc 49087 fast_inc 0 eta_inc 2372265 multi_dec -2520707 quick_dec -80839 nack_dec -618350
Flow Uec_7921_0 flowId 19 uecSrc 18 finished at 43593.9 total messages 1 total packets 4107 RTS 0 total bytes 16781202 in_flight now 0 fair_inc 133303 prop_inc 53291 fast_inc 0 eta_inc 2360304 multi_dec -2470986 quick_dec -31948 nack_dec -643250
Flow Uec_3469_0 flowId 54 uecSrc 53 finished at 43602.9 total messages 1 total packets 4107 RTS 0 total bytes 16781202 in_flight now 0 fair_inc 97778 prop_inc 48977 fast_inc 0 eta_inc 2378910 multi_dec -2495333 quick_dec -36011 nack_dec -556100
Flow Uec_6535_0 flowId 20 uecSrc 19 finished at 43639.9 total messages 1 total packets 4107 RTS 0 total bytes 16781202 in_flight now 0 fair_inc 93851 prop_inc 112867 fast_inc 0 eta_inc 2372265 multi_dec -2422422 quick_dec -52840 nack_dec -597600
Flow Uec_7553_0 flowId 50 uecSrc 49 finished at 43659.9 total messages 1 total packets 4107 RTS 0 total bytes 16781202 in_flight now 0 fair_inc 97628 prop_inc 134994 fast_inc 36084 eta_inc 2382897 multi_dec -2469245 quick_dec -100953 nack_dec -597600
Flow Uec_3160_0 flowId 41 uecSrc 40 finished at 43662.4 total messages 1 total packets 4107 RTS 0 total bytes 16781202 in_flight now 0 fair_inc 101191 prop_inc 141214 fast_inc 42744 eta_inc 2386884 multi_dec -2488446 quick_dec -84954 nack_dec -614200
New: 262848 Rtx: 9042 RTS: 0 Bounced: 0 ACKs: 262285 NACKs: 9042 Pulls: 0 sleek_pkts: 0
SPURIOUS_COUNT 0
