....Flow Uec_7497_0 flowId 40 uecSrc 39 finished at 215815 total messages 1 total packets 16425 RTS 0 total bytes 67112550 in_flight now 0 fair_inc 5749 prop_inc 0 fast_inc 0 eta_inc 11196825 multi_dec -10984378 quick_dec --350128 nack_dec -1307250
Flow Uec_3697_0 flowId 35 uecSrc 34 finished at 216237 total messages 1 total packets 16425 RTS 0 total bytes 67112550 in_flight now 0 fair_inc 0 prop_inc 0 fast_inc 0 eta_inc 11242011 multi_dec -11007549 quick_dec --319717 nack_dec -1245928
Flow Uec_2097_0 flowId 42 uecSrc 41 finished at 216531 total messages 1 total packets 16425 RTS 0 total bytes 67112550 in_flight now 0 fair_inc 6152 prop_inc 0 fast_inc 0 eta_inc 11226063 multi_dec -11002609 quick_dec --381813 nack_dec -1344600
Flow Uec_3462_0 flowId 9 uecSrc 8 finished at 216857 total messages 1 total packets 16425 RTS 0 total bytes 67112550 in_flight now 0 fair_inc 0 prop_inc 0 fast_inc 0 eta_inc 11218089 multi_dec -10954455 quick_dec --406181 nack_dec -1420228
Flow Uec_6700_0 flowId 28 uecSrc 27 finished at 217114 total messages 1 total packets 16425 RTS 0 total bytes 67112550 in_flight now 0 fair_inc 10388 prop_inc 0 fast_inc 0 eta_inc 11236695 multi_dec -10996587 quick_dec --405035 nack_dec -1456650
Flow Uec_5065_0 flowId 61 uecSrc 60 finished at 217261 total messages 1 total packets 16425 RTS 0 total bytes 67112550 in_flight now 0 fair_inc 29823 prop_inc 0 fast_inc 0 eta_inc 11249985 multi_dec -11048367 quick_dec --350454 nack_dec -1398550
Flow Uec_7050_0 flowId 87 uecSrc 86 finished at 217921 total messages 1 total packets 16425 RTS 0 total bytes 67112550 in_flight now 0 fair_inc 0 prop_inc 0 fast_inc 0 eta_inc 11263275 multi_dec -10973910 quick_dec --403161 nack_dec -1448350
Flow Uec_5194_0 flowId 21 uecSrc 20 finished at 219647 total messages 1 total packets 16425 RTS 0 total bytes 67112550 in_flight now 0 fair_inc 0 prop_inc 0 fast_inc 0 eta_inc 11368266 multi_dec -11154194 quick_dec --465149 nack_dec -1427600
Flow Uec_6104_0 flowId 27 uecSrc 26 finished at 220423 total messages 1 total packets 16425 RTS 0 total bytes 67112550 in_flight now 0 fair_inc 11174 prop_inc 0 fast_inc 0 eta_inc 11410794 multi_dec -11184934 quick_dec --381825 nack_dec -1415150
Flow Uec_4537_0 flowId 89 uecSrc 88 finished at 227598 total messages 1 total packets 16425 RTS 0 total bytes 67112550 in_flight now 0 fair_inc 5607 prop_inc 0 fast_inc 0 eta_inc 11806836 multi_dec -11577094 quick_dec --354117 nack_dec -1340450
Flow Uec_3488_0 flowId 80 uecSrc 79 finished at 233341 total messages 1 total packets 16425 RTS 0 total bytes 67112550 in_flight now 0 fair_inc 40563 prop_inc 0 fast_inc 0 eta_inc 12077952 multi_dec -11806472 quick_dec --288824 nack_dec -1543800
Flow Uec_4786_0 flowId 70 uecSrc 69 finished at 237117 total messages 1 total packets 16425 RTS 0 total bytes 67112550 in_flight now 0 fair_inc 17845 prop_inc 0 fast_inc 0 eta_inc 12321159 multi_dec -12081331 quick_dec --277293 nack_dec -1336300
.Flow Uec_130_0 flowId 71 uecSrc 70 finished at 262538 total messages 1 total packets 16425 RTS 0 total bytes 67112550 in_flight now 0 fair_inc 20774 prop_inc 2468 fast_inc 0 eta_inc 15839022 multi_dec -14651503 quick_dec --861637 nack_dec -3481850
Flow Uec_1887_0 flowId 123 uecSrc 122 finished at 262886 total messages 1 total packets 16425 RTS 0 total bytes 67112550 in_flight now 0 fair_inc 34931 prop_inc 0 fast_inc 0 eta_inc 13606302 multi_dec -13277740 quick_dec --246300 nack_dec -1581150
Flow Uec_58_0 flowId 65 uecSrc 64 finished at 267262 total messages 1 total packets 16425 RTS 0 total bytes 67112550 in_flight now 0 fair_inc 16619 prop_inc 3928 fast_inc 0 eta_inc 16050333 multi_dec -14704682 quick_dec --825637 nack_dec -3660300
Flow Uec_35_0 flowId 117 uecSrc 116 finished at 267589 total messages 1 total packets 16425 RTS 0 total bytes 67112550 in_flight now 0 fair_inc 11955 prop_inc 28822 fast_inc 0 eta_inc 16070268 multi_dec -14767479 quick_dec --995343 nack_dec -3701800
Flow Uec_86_0 flowId 39 uecSrc 38 finished at 268364 total messages 1 total packets 16425 RTS 0 total bytes 67112550 in_flight now 0 fair_inc 23979 prop_inc 28822 fast_inc 0 eta_inc 16142034 multi_dec -14924308 quick_dec --1042489 nack_dec -3697650
Flow Uec_192_0 flowId 104 uecSrc 103 finished at 274856 total messages 1 total packets 16425 RTS 0 total bytes 67112550 in_flight now 0 fair_inc 0 prop_inc 28822 fast_inc 0 eta_inc 16442388 multi_dec -14918805 quick_dec --811778 nack_dec -3905150
Flow Uec_90_0 flowId 94 uecSrc 93 finished at 275571 total messages 1 total packets 16425 RTS 0 total bytes 67112550 in_flight now 0 fair_inc 12066 prop_inc 28822 fast_inc 0 eta_inc 16502193 multi_dec -15053724 quick_dec --951139 nack_dec -3884400
Flow Uec_44_0 flowId 30 uecSrc 29 finished at 277800 total messages 1 total packets 16425 RTS 0 total bytes 67112550 in_flight now 0 fair_inc 10747 prop_inc 3928 fast_inc 0 eta_inc 16717491 multi_dec -15299416 quick_dec --876878 nack_dec -3681050
Flow Uec_4263_0 flowId 34 uecSrc 33 finished at 282937 total messages 1 total packets 16425 RTS 0 total bytes 67112550 in_flight now 0 fair_inc 22592 prop_inc 0 fast_inc 0 eta_inc 14706714 multi_dec -14333107 quick_dec --172795 nack_dec -1460800
Flow Uec_4204_0 flowId 8 uecSrc 7 finished at 297097 total messages 1 total packets 16425 RTS 0 total bytes 67112550 in_flight now 0 fair_inc 0 prop_inc 0 fast_inc 0 eta_inc 15431019 multi_dec -14955915 quick_dec --180837 nack_dec -1506450
.Flow Uec_7932_0 flowId 20 uecSrc 19 finished at 300453 total messages 1 total packets 16425 RTS 0 total bytes 67112550 in_flight now 0 fair_inc 12059 prop_inc 0 fast_inc 0 eta_inc 15547971 multi_dec -15013327 quick_dec --239079 nack_dec -1738850
Flow Uec_3504_0 flowId 85 uecSrc 84 finished at 303774 total messages 1 total packets 16425 RTS 0 total bytes 67112550 in_flight now 0 fair_inc 5557 prop_inc 0 fast_inc 0 eta_inc 15752637 multi_dec -15183841 quick_dec --96275 nack_dec -1680750
Flow Uec_7079_0 flowId 114 uecSrc 113 finished at 304272 total messages 1 total packets 16425 RTS 0 total bytes 67112550 in_flight now 0 fair_inc 0 prop_inc 0 fast_inc 0 eta_inc 15827061 multi_dec -15301704 quick_dec --144593 nack_dec -1481550
Flow Uec_7489_0 flowId 111 uecSrc 110 finished at 306263 total messages 1 total packets 16425 RTS 0 total bytes 67112550 in_flight now 0 fair_inc 28853 prop_inc 0 fast_inc 0 eta_inc 15932052 multi_dec -15455866 quick_dec --57159 nack_dec -1527200
Flow Uec_5016_0 flowId 36 uecSrc 35 finished at 306383 total messages 1 total packets 16425 RTS 0 total bytes 67112550 in_flight now 0 fair_inc 16582 prop_inc 0 fast_inc 0 eta_inc 15898827 multi_dec -15391993 quick_dec --220111 nack_dec -1680750
Flow Uec_3877_0 flowId 54 uecSrc 53 finished at 308225 total messages 1 total packets 16425 RTS 0 total bytes 67112550 in_flight now 0 fair_inc 10050 prop_inc 0 fast_inc 0 eta_inc 16014450 multi_dec -15527695 quick_dec --167937 nack_dec -1547950
Flow Uec_4755_0 flowId 105 uecSrc 104 finished at 309054 total messages 1 total packets 16425 RTS 0 total bytes 67112550 in_flight now 0 fair_inc 17558 prop_inc 0 fast_inc 0 eta_inc 16058307 multi_dec -15562456 quick_dec --91944 nack_dec -1539650
Flow Uec_4194_0 flowId 44 uecSrc 43 finished at 310864 total messages 1 total packets 16425 RTS 0 total bytes 67112550 in_flight now 0 fair_inc 6092 prop_inc 0 fast_inc 0 eta_inc 16177917 multi_dec -15637896 quick_dec --65352 nack_dec -1494000
Flow Uec_2750_0 flowId 127 uecSrc 126 finished at 311058 total messages 1 total packets 16425 RTS 0 total bytes 67112550 in_flight now 0 fair_inc 0 prop_inc 0 fast_inc 0 eta_inc 16120770 multi_dec -15534469 quick_dec --160572 nack_dec -1656778
Flow Uec_2513_0 flowId 1 uecSrc 0 finished at 312195 total messages 1 total packets 16425 RTS 0 total bytes 67112550 in_flight now 0 fair_inc 5187 prop_inc 0 fast_inc 0 eta_inc 16253670 multi_dec -15773540 quick_dec --118694 nack_dec -1481550
Flow Uec_1154_0 flowId 116 uecSrc 115 finished at 313004 total messages 1 total packets 16425 RTS 0 total bytes 67112550 in_flight now 0 fair_inc 6028 prop_inc 0 fast_inc 0 eta_inc 16258986 multi_dec -15699427 quick_dec --106615 nack_dec -1589450
Flow Uec_5569_0 flowId 93 uecSrc 92 finished at 317804 total messages 1 total packets 16425 RTS 0 total bytes 67112550 in_flight now 0 fair_inc 21947 prop_inc 0 fast_inc 0 eta_inc 16547379 multi_dec -16034963 quick_dec -6211 nack_dec -1523050
Flow Uec_1859_0 flowId 63 uecSrc 62 finished at 317921 total messages 1 total packets 16425 RTS 0 total bytes 67112550 in_flight now 0 fair_inc 23660 prop_inc 0 fast_inc 0 eta_inc 16530102 multi_dec -16078421 quick_dec --133926 nack_dec -1552100
Flow Uec_7825_0 flowId 99 uecSrc 98 finished at 318402 total messages 1 total packets 16425 RTS 0 total bytes 67112550 in_flight now 0 fair_inc 6034 prop_inc 0 fast_inc 0 eta_inc 16532760 multi_dec -15956550 quick_dec --109212 nack_dec -1626800
Flow Uec_432_0 flowId 100 uecSrc 99 finished at 320420 total messages 1 total packets 16425 RTS 0 total bytes 67112550 in_flight now 0 fair_inc 18099 prop_inc 0 fast_inc 0 eta_inc 16668318 multi_dec -16132696 quick_dec --92859 nack_dec -1568700
Flow Uec_7018_0 flowId 46 uecSrc 45 finished at 321735 total messages 1 total packets 16425 RTS 0 total bytes 67112550 in_flight now 0 fair_inc 17965 prop_inc 0 fast_inc 0 eta_inc 16729452 multi_dec -16150787 quick_dec --89304 nack_dec -1577000
Flow Uec_4058_0 flowId 83 uecSrc 82 finished at 322887 total messages 1 total packets 16425 RTS 0 total bytes 67112550 in_flight now 0 fair_inc 18147 prop_inc 0 fast_inc 0 eta_inc 16838430 multi_dec -16374797 quick_dec --68787 nack_dec -1502300
Flow Uec_7286_0 flowId 49 uecSrc 48 finished at 323307 total messages 1 total packets 16425 RTS 0 total bytes 67112550 in_flight now 0 fair_inc 12055 prop_inc 0 fast_inc 0 eta_inc 16831785 multi_dec -16317638 quick_dec --46045 nack_dec -1527200
Flow Uec_1177_0 flowId 125 uecSrc 124 finished at 325432 total messages 1 total packets 16425 RTS 0 total bytes 67112550 in_flight now 0 fair_inc 11627 prop_inc 0 fast_inc 0 eta_inc 16903551 multi_dec -16313396 quick_dec --146331 nack_dec -1594064
Flow Uec_1895_0 flowId 2 uecSrc 1 finished at 326141 total messages 1 total packets 16425 RTS 0 total bytes 67112550 in_flight now 0 fair_inc 27641 prop_inc 0 fast_inc 0 eta_inc 16947408 multi_dec -16365852 quick_dec -2613 nack_dec -1626800
Flow Uec_5482_0 flowId 17 uecSrc 16 finished at 328683 total messages 1 total packets 16425 RTS 0 total bytes 67112550 in_flight now 0 fair_inc 11326 prop_inc 0 fast_inc 0 eta_inc 17077650 multi_dec -16447540 quick_dec --66715 nack_dec -1630950
Flow Uec_3907_0 flowId 64 uecSrc 63 finished at 328778 total messages 1 total packets 16425 RTS 0 total bytes 67112550 in_flight now 0 fair_inc 5831 prop_inc 0 fast_inc 0 eta_inc 17093598 multi_dec -16535113 quick_dec --112158 nack_dec -1643400
Flow Uec_1012_0 flowId 7 uecSrc 6 finished at 328945 total messages 1 total packets 16425 RTS 0 total bytes 67112550 in_flight now 0 fair_inc 0 prop_inc 0 fast_inc 0 eta_inc 17045754 multi_dec -16334576 quick_dec --139105 nack_dec -1767900
Flow Uec_6991_0 flowId 112 uecSrc 111 finished at 329409 total messages 1 total packets 16425 RTS 0 total bytes 67112550 in_flight now 0 fair_inc 11623 prop_inc 0 fast_inc 0 eta_inc 17150745 multi_dec -16593098 quick_dec --45989 nack_dec -1543800
Flow Uec_7425_0 flowId 96 uecSrc 95 finished at 330382 total messages 1 total packets 16425 RTS 0 total bytes 67112550 in_flight now 0 fair_inc 5901 prop_inc 0 fast_inc 0 eta_inc 17137455 multi_dec -16428210 quick_dec --31067 nack_dec -1697350
Flow Uec_6201_0 flowId 97 uecSrc 96 finished at 331901 total messages 1 total packets 16425 RTS 0 total bytes 67112550 in_flight now 0 fair_inc 12064 prop_inc 0 fast_inc 0 eta_inc 17238459 multi_dec -16601671 quick_dec --81895 nack_dec -1626800
Flow Uec_3671_0 flowId 58 uecSrc 57 finished at 332627 total messages 1 total packets 16425 RTS 0 total bytes 67112550 in_flight now 0 fair_inc 12057 prop_inc 0 fast_inc 0 eta_inc 17278329 multi_dec -16635102 quick_dec --52715 nack_dec -1610200
Flow Uec_4081_0 flowId 50 uecSrc 49 finished at 334239 total messages 1 total packets 16425 RTS 0 total bytes 67112550 in_flight now 0 fair_inc 9141 prop_inc 0 fast_inc 0 eta_inc 17358069 multi_dec -16739870 quick_dec --54920 nack_dec -1718100
Flow Uec_3858_0 flowId 60 uecSrc 59 finished at 336011 total messages 1 total packets 16425 RTS 0 total bytes 67112550 in_flight now 0 fair_inc 0 prop_inc 0 fast_inc 0 eta_inc 17506917 multi_dec -16884898 quick_dec --30963 nack_dec -1477400
Flow Uec_5071_0 flowId 38 uecSrc 37 finished at 336021 total messages 1 total packets 16425 RTS 0 total bytes 67112550 in_flight now 0 fair_inc 10359 prop_inc 0 fast_inc 0 eta_inc 17498943 multi_dec -16943297 quick_dec -11335 nack_dec -1543800
Flow Uec_5259_0 flowId 110 uecSrc 109 finished at 336898 total messages 1 total packets 16425 RTS 0 total bytes 67112550 in_flight now 0 fair_inc 6038 prop_inc 0 fast_inc 0 eta_inc 17472363 multi_dec -16759555 quick_dec --83912 nack_dec -1813550
Flow Uec_2604_0 flowId 22 uecSrc 21 finished at 337173 total messages 1 total packets 16425 RTS 0 total bytes 67112550 in_flight now 0 fair_inc 5373 prop_inc 0 fast_inc 0 eta_inc 17550774 multi_dec -16937521 quick_dec --21573 nack_dec -1610200
Flow Uec_5527_0 flowId 53 uecSrc 52 finished at 337467 total messages 1 total packets 16425 RTS 0 total bytes 67112550 in_flight now 0 fair_inc 28959 prop_inc 0 fast_inc 0 eta_inc 17556090 multi_dec -17088137 quick_dec --68404 nack_dec -1589450
Flow Uec_4224_0 flowId 128 uecSrc 127 finished at 338017 total messages 1 total packets 16425 RTS 0 total bytes 67112550 in_flight now 0 fair_inc 17395 prop_inc 0 fast_inc 0 eta_inc 17609250 multi_dec -17086792 quick_dec -12932 nack_dec -1485700
Flow Uec_4842_0 flowId 121 uecSrc 120 finished at 338193 total messages 1 total packets 16425 RTS 0 total bytes 67112550 in_flight now 0 fair_inc 17257 prop_inc 0 fast_inc 0 eta_inc 17606592 multi_dec -16978713 quick_dec -45126 nack_dec -1622650
Flow Uec_2395_0 flowId 10 uecSrc 9 finished at 338451 total messages 1 total packets 16425 RTS 0 total bytes 67112550 in_flight now 0 fair_inc 11619 prop_inc 0 fast_inc 0 eta_inc 17630514 multi_dec -17077326 quick_dec --80558 nack_dec -1581150
Flow Uec_2622_0 flowId 107 uecSrc 106 finished at 338665 total messages 1 total packets 16425 RTS 0 total bytes 67112550 in_flight now 0 fair_inc 0 prop_inc 0 fast_inc 0 eta_inc 17626527 multi_dec -16980442 quick_dec -16132 nack_dec -1618500
Flow Uec_7080_0 flowId 73 uecSrc 72 finished at 338755 total messages 1 total packets 16425 RTS 0 total bytes 67112550 in_flight now 0 fair_inc 6081 prop_inc 0 fast_inc 0 eta_inc 17654436 multi_dec -17069017 quick_dec -9130 nack_dec -1494000
Flow Uec_8180_0 flowId 69 uecSrc 68 finished at 339678 total messages 1 total packets 16425 RTS 0 total bytes 67112550 in_flight now 0 fair_inc 0 prop_inc 0 fast_inc 0 eta_inc 17674371 multi_dec -17014375 quick_dec --2101 nack_dec -1585300
Flow Uec_6216_0 flowId 113 uecSrc 112 finished at 340081 total messages 1 total packets 16425 RTS 0 total bytes 67112550 in_flight now 0 fair_inc 42848 prop_inc 0 fast_inc 0 eta_inc 17670384 multi_dec -17051591 quick_dec --31937 nack_dec -1755450
Flow Uec_3105_0 flowId 95 uecSrc 94 finished at 340486 total messages 1 total packets 16425 RTS 0 total bytes 67112550 in_flight now 0 fair_inc 23306 prop_inc 0 fast_inc 0 eta_inc 17742150 multi_dec -17216889 quick_dec --36017 nack_dec -1585300
Flow Uec_4882_0 flowId 102 uecSrc 101 finished at 340998 total messages 1 total packets 16425 RTS 0 total bytes 67112550 in_flight now 0 fair_inc 6014 prop_inc 0 fast_inc 0 eta_inc 17764743 multi_dec -17170600 quick_dec --46295 nack_dec -1556250
Flow Uec_8032_0 flowId 4 uecSrc 3 finished at 341176 total messages 1 total packets 16425 RTS 0 total bytes 67112550 in_flight now 0 fair_inc 24810 prop_inc 0 fast_inc 0 eta_inc 17738163 multi_dec -17067370 quick_dec -33778 nack_dec -1655850
Flow Uec_4334_0 flowId 122 uecSrc 121 finished at 341297 total messages 1 total packets 16425 RTS 0 total bytes 67112550 in_flight now 0 fair_inc 12605 prop_inc 0 fast_inc 0 eta_inc 17755440 multi_dec -17119119 quick_dec --43112 nack_dec -1597750
Flow Uec_1770_0 flowId 74 uecSrc 73 finished at 341458 total messages 1 total packets 16425 RTS 0 total bytes 67112550 in_flight now 0 fair_inc 0 prop_inc 0 fast_inc 0 eta_inc 17779362 multi_dec -17142660 quick_dec --18863 nack_dec -1572850
Flow Uec_7920_0 flowId 62 uecSrc 61 finished at 341656 total messages 1 total packets 16425 RTS 0 total bytes 67112550 in_flight now 0 fair_inc 30985 prop_inc 0 fast_inc 0 eta_inc 17772717 multi_dec -17165667 quick_dec --72642 nack_dec -1672450
Flow Uec_2647_0 flowId 15 uecSrc 14 finished at 341766 total messages 1 total packets 16425 RTS 0 total bytes 67112550 in_flight now 0 fair_inc 19264 prop_inc 0 fast_inc 0 eta_inc 17760756 multi_dec -17118141 quick_dec --36319 nack_dec -1672450
Flow Uec_6518_0 flowId 37 uecSrc 36 finished at 341881 total messages 1 total packets 16425 RTS 0 total bytes 67112550 in_flight now 0 fair_inc 19451 prop_inc 0 fast_inc 0 eta_inc 17764743 multi_dec -17094964 quick_dec --24897 nack_dec -1672450
Flow Uec_307_0 flowId 43 uecSrc 42 finished at 342084 total messages 1 total packets 16425 RTS 0 total bytes 67112550 in_flight now 0 fair_inc 21564 prop_inc 0 fast_inc 0 eta_inc 17808600 multi_dec -17213158 quick_dec --2445 nack_dec -1593600
Flow Uec_2350_0 flowId 14 uecSrc 13 finished at 342105 total messages 1 total packets 16425 RTS 0 total bytes 67112550 in_flight now 0 fair_inc 35504 prop_inc 0 fast_inc 0 eta_inc 17869734 multi_dec -17367679 quick_dec -109955 nack_dec -1406850
Flow Uec_4251_0 flowId 52 uecSrc 51 finished at 342130 total messages 1 total packets 16425 RTS 0 total bytes 67112550 in_flight now 0 fair_inc 37426 prop_inc 0 fast_inc 0 eta_inc 17801955 multi_dec -17221492 quick_dec --27946 nack_dec -1618500
Flow Uec_4046_0 flowId 67 uecSrc 66 finished at 342289 total messages 1 total packets 16425 RTS 0 total bytes 67112550 in_flight now 0 fair_inc 18661 prop_inc 0 fast_inc 0 eta_inc 17851128 multi_dec -17311845 quick_dec --35329 nack_dec -1531350
Flow Uec_5199_0 flowId 81 uecSrc 80 finished at 342621 total messages 1 total packets 16425 RTS 0 total bytes 67112550 in_flight now 0 fair_inc 31001 prop_inc 0 fast_inc 0 eta_inc 17860431 multi_dec -17257346 quick_dec -29041 nack_dec -1556250
Flow Uec_7257_0 flowId 18 uecSrc 17 finished at 342692 total messages 1 total packets 16425 RTS 0 total bytes 67112550 in_flight now 0 fair_inc 18169 prop_inc 0 fast_inc 0 eta_inc 17889669 multi_dec -17345022 quick_dec --31703 nack_dec -1481550
Flow Uec_465_0 flowId 68 uecSrc 67 finished at 342973 total messages 1 total packets 16425 RTS 0 total bytes 67112550 in_flight now 0 fair_inc 74604 prop_inc 31 fast_inc 0 eta_inc 17860431 multi_dec -17223987 quick_dec -72824 nack_dec -1651700
Flow Uec_7323_0 flowId 19 uecSrc 18 finished at 343408 total messages 1 total packets 16425 RTS 0 total bytes 67112550 in_flight now 0 fair_inc 36801 prop_inc 263 fast_inc 0 eta_inc 17884353 multi_dec -17239399 quick_dec -66880 nack_dec -1606050
Flow Uec_6660_0 flowId 79 uecSrc 78 finished at 343704 total messages 1 total packets 16425 RTS 0 total bytes 67112550 in_flight now 0 fair_inc 38810 prop_inc 68 fast_inc 0 eta_inc 17885682 multi_dec -17235068 quick_dec --30969 nack_dec -1655850
Flow Uec_1760_0 flowId 106 uecSrc 105 finished at 343911 total messages 1 total packets 16425 RTS 0 total bytes 67112550 in_flight now 0 fair_inc 23927 prop_inc 270 fast_inc 0 eta_inc 17900301 multi_dec -17287989 quick_dec --42033 nack_dec -1643400
Flow Uec_4709_0 flowId 76 uecSrc 75 finished at 344035 total messages 1 total packets 16425 RTS 0 total bytes 67112550 in_flight now 0 fair_inc 42065 prop_inc 0 fast_inc 0 eta_inc 17917578 multi_dec -17326509 quick_dec -50660 nack_dec -1630950
Flow Uec_4893_0 flowId 124 uecSrc 123 finished at 344256 total messages 1 total packets 16425 RTS 0 total bytes 67112550 in_flight now 0 fair_inc 37911 prop_inc 0 fast_inc 0 eta_inc 17898972 multi_dec -17299102 quick_dec --3353 nack_dec -1693200
Flow Uec_2903_0 flowId 109 uecSrc 108 finished at 344558 total messages 1 total packets 16425 RTS 0 total bytes 67112550 in_flight now 0 fair_inc 65641 prop_inc 401 fast_inc 0 eta_inc 17933526 multi_dec -17378359 quick_dec --56275 nack_dec -1660000
Flow Uec_4690_0 flowId 29 uecSrc 28 finished at 345373 total messages 1 total packets 16425 RTS 0 total bytes 67112550 in_flight now 0 fair_inc 63217 prop_inc 0 fast_inc 0 eta_inc 17949474 multi_dec -17249077 quick_dec -14539 nack_dec -1726400
Flow Uec_1569_0 flowId 118 uecSrc 117 finished at 345453 total messages 1 total packets 16425 RTS 0 total bytes 67112550 in_flight now 0 fair_inc 55986 prop_inc 1472 fast_inc 0 eta_inc 17973396 multi_dec -17337616 quick_dec --40062 nack_dec -1709800
Flow Uec_4889_0 flowId 66 uecSrc 65 finished at 345656 total messages 1 total packets 16425 RTS 0 total bytes 67112550 in_flight now 0 fair_inc 100149 prop_inc 32 fast_inc 0 eta_inc 18009279 multi_dec -17524460 quick_dec --6767 nack_dec -1660000
Flow Uec_7437_0 flowId 6 uecSrc 5 finished at 346042 total messages 1 total packets 16425 RTS 0 total bytes 67112550 in_flight now 0 fair_inc 54625 prop_inc 0 fast_inc 0 eta_inc 17994660 multi_dec -17333169 quick_dec -30401 nack_dec -1734700
Flow Uec_3713_0 flowId 55 uecSrc 54 finished at 346119 total messages 1 total packets 16425 RTS 0 total bytes 67112550 in_flight now 0 fair_inc 58120 prop_inc 1464 fast_inc 0 eta_inc 18047820 multi_dec -17509356 quick_dec --24828 nack_dec -1568700
Flow Uec_3623_0 flowId 57 uecSrc 56 finished at 346347 total messages 1 total packets 16425 RTS 0 total bytes 67112550 in_flight now 0 fair_inc 92180 prop_inc 943 fast_inc 0 eta_inc 18013266 multi_dec -17475369 quick_dec -21679 nack_dec -1718100
Flow Uec_4725_0 flowId 78 uecSrc 77 finished at 346464 total messages 1 total packets 16425 RTS 0 total bytes 67112550 in_flight now 0 fair_inc 128886 prop_inc 1579 fast_inc 0 eta_inc 18074400 multi_dec -17578294 quick_dec -90539 nack_dec -1601900
Flow Uec_6678_0 flowId 48 uecSrc 47 finished at 346646 total messages 1 total packets 16425 RTS 0 total bytes 67112550 in_flight now 0 fair_inc 90238 prop_inc 355 fast_inc 0 eta_inc 18081045 multi_dec -17507502 quick_dec -78692 nack_dec -1585300
Flow Uec_636_0 flowId 90 uecSrc 89 finished at 346659 total messages 1 total packets 16425 RTS 0 total bytes 67112550 in_flight now 0 fair_inc 69525 prop_inc 331 fast_inc 0 eta_inc 18086361 multi_dec -17524299 quick_dec -94568 nack_dec -1539650
Flow Uec_3111_0 flowId 56 uecSrc 55 finished at 346884 total messages 1 total packets 16425 RTS 0 total bytes 67112550 in_flight now 0 fair_inc 96082 prop_inc 1264 fast_inc 0 eta_inc 18089019 multi_dec -17569407 quick_dec --49334 nack_dec -1585300
Flow Uec_7875_0 flowId 59 uecSrc 58 finished at 346929 total messages 1 total packets 16425 RTS 0 total bytes 67112550 in_flight now 0 fair_inc 103132 prop_inc 1912 fast_inc 0 eta_inc 18082374 multi_dec -17514401 quick_dec -107740 nack_dec -1610200
Flow Uec_3496_0 flowId 45 uecSrc 44 finished at 347132 total messages 1 total packets 16425 RTS 0 total bytes 67112550 in_flight now 0 fair_inc 72318 prop_inc 2015 fast_inc 0 eta_inc 18026556 multi_dec -17348337 quick_dec -20254 nack_dec -1738850
Flow Uec_343_0 flowId 5 uecSrc 4 finished at 347139 total messages 1 total packets 16425 RTS 0 total bytes 67112550 in_flight now 0 fair_inc 134067 prop_inc 2469 fast_inc 0 eta_inc 18039846 multi_dec -17408763 quick_dec -73389 nack_dec -1826000
Flow Uec_6897_0 flowId 119 uecSrc 118 finished at 347362 total messages 1 total packets 16425 RTS 0 total bytes 67112550 in_flight now 0 fair_inc 84947 prop_inc 24 fast_inc 0 eta_inc 18139521 multi_dec -17633358 quick_dec -62165 nack_dec -1531350
Flow Uec_364_0 flowId 16 uecSrc 15 finished at 347397 total messages 1 total packets 16425 RTS 0 total bytes 67112550 in_flight now 0 fair_inc 147920 prop_inc 1795 fast_inc 0 eta_inc 18062439 multi_dec -17451092 quick_dec -104993 nack_dec -1817700
Flow Uec_747_0 flowId 120 uecSrc 119 finished at 347450 total messages 1 total packets 16425 RTS 0 total bytes 67112550 in_flight now 0 fair_inc 107313 prop_inc 2051 fast_inc 0 eta_inc 18120915 multi_dec -17629082 quick_dec --26347 nack_dec -1593600
Flow Uec_2092_0 flowId 23 uecSrc 22 finished at 347502 total messages 1 total packets 16425 RTS 0 total bytes 67112550 in_flight now 0 fair_inc 100129 prop_inc 306 fast_inc 0 eta_inc 18086361 multi_dec -17470716 quick_dec -58567 nack_dec -1821850
Flow Uec_473_0 flowId 75 uecSrc 74 finished at 347662 total messages 1 total packets 16425 RTS 0 total bytes 67112550 in_flight now 0 fair_inc 69563 prop_inc 2659 fast_inc 0 eta_inc 18127560 multi_dec -17583410 quick_dec --4474 nack_dec -1610200
Flow Uec_7575_0 flowId 51 uecSrc 50 finished at 347726 total messages 1 total packets 16425 RTS 0 total bytes 67112550 in_flight now 0 fair_inc 149957 prop_inc 1499 fast_inc 0 eta_inc 18087690 multi_dec -17466494 quick_dec -146349 nack_dec -1747150
Flow Uec_1843_0 flowId 31 uecSrc 30 finished at 347896 total messages 1 total packets 16425 RTS 0 total bytes 67112550 in_flight now 0 fair_inc 157798 prop_inc 1019 fast_inc 0 eta_inc 18110283 multi_dec -17521060 quick_dec -61731 nack_dec -1747150
Flow Uec_1123_0 flowId 24 uecSrc 23 finished at 347961 total messages 1 total packets 16425 RTS 0 total bytes 67112550 in_flight now 0 fair_inc 103484 prop_inc 2159 fast_inc 0 eta_inc 18194010 multi_dec -17674655 quick_dec -148683 nack_dec -1440050
Flow Uec_8165_0 flowId 41 uecSrc 40 finished at 348063 total messages 1 total packets 16425 RTS 0 total bytes 67112550 in_flight now 0 fair_inc 132013 prop_inc 3336 fast_inc 0 eta_inc 18135534 multi_dec -17682260 quick_dec -74374 nack_dec -1676600
Flow Uec_3529_0 flowId 108 uecSrc 107 finished at 348079 total messages 1 total packets 16425 RTS 0 total bytes 67112550 in_flight now 0 fair_inc 157289 prop_inc 399 fast_inc 0 eta_inc 18118257 multi_dec -17525636 quick_dec -56187 nack_dec -1767900
Flow Uec_2133_0 flowId 126 uecSrc 125 finished at 348083 total messages 1 total packets 16425 RTS 0 total bytes 67112550 in_flight now 0 fair_inc 167257 prop_inc 2109 fast_inc 0 eta_inc 18123573 multi_dec -17579456 quick_dec -63812 nack_dec -1738850
Flow Uec_5741_0 flowId 84 uecSrc 83 finished at 348212 total messages 1 total packets 16425 RTS 0 total bytes 67112550 in_flight now 0 fair_inc 154911 prop_inc 1397 fast_inc 0 eta_inc 18115599 multi_dec -17586761 quick_dec -74113 nack_dec -1796950
Flow Uec_3808_0 flowId 11 uecSrc 10 finished at 348236 total messages 1 total packets 16425 RTS 0 total bytes 67112550 in_flight now 0 fair_inc 106035 prop_inc 1517 fast_inc 0 eta_inc 18154140 multi_dec -17577585 quick_dec -63073 nack_dec -1701500
Flow Uec_2983_0 flowId 26 uecSrc 25 finished at 348360 total messages 1 total packets 16425 RTS 0 total bytes 67112550 in_flight now 0 fair_inc 162329 prop_inc 3667 fast_inc 0 eta_inc 18179391 multi_dec -17666688 quick_dec -98616 nack_dec -1572850
Flow Uec_6819_0 flowId 101 uecSrc 100 finished at 348364 total messages 1 total packets 16425 RTS 0 total bytes 67112550 in_flight now 0 fair_inc 114501 prop_inc 2063 fast_inc 0 eta_inc 18192681 multi_dec -17664492 quick_dec -84890 nack_dec -1535500
Flow Uec_7016_0 flowId 12 uecSrc 11 finished at 348409 total messages 1 total packets 16425 RTS 0 total bytes 67112550 in_flight now 0 fair_inc 96985 prop_inc 3882 fast_inc 0 eta_inc 18176733 multi_dec -17672745 quick_dec --11698 nack_dec -1610200
Flow Uec_1175_0 flowId 77 uecSrc 76 finished at 348428 total messages 1 total packets 16425 RTS 0 total bytes 67112550 in_flight now 0 fair_inc 158897 prop_inc 4815 fast_inc 0 eta_inc 18195339 multi_dec -17816535 quick_dec -1673 nack_dec -1639250
Flow Uec_7561_0 flowId 3 uecSrc 2 finished at 348520 total messages 1 total packets 16425 RTS 0 total bytes 67112550 in_flight now 0 fair_inc 145484 prop_inc 4710 fast_inc 0 eta_inc 18154140 multi_dec -17541031 quick_dec -129365 nack_dec -1784500
Flow Uec_4897_0 flowId 86 uecSrc 85 finished at 348538 total messages 1 total packets 16425 RTS 0 total bytes 67112550 in_flight now 0 fair_inc 76367 prop_inc 7543 fast_inc 0 eta_inc 18152811 multi_dec -17493626 quick_dec -55933 nack_dec -1722250
Flow Uec_7264_0 flowId 32 uecSrc 31 finished at 348573 total messages 1 total packets 16425 RTS 0 total bytes 67112550 in_flight now 0 fair_inc 161195 prop_inc 2513 fast_inc 0 eta_inc 18205971 multi_dec -17604815 quick_dec -193808 nack_dec -1556250
Flow Uec_2422_0 flowId 33 uecSrc 32 finished at 348614 total messages 1 total packets 16425 RTS 0 total bytes 67112550 in_flight now 0 fair_inc 157357 prop_inc 7236 fast_inc 0 eta_inc 18182049 multi_dec -17689275 quick_dec -46529 nack_dec -1647550
Flow Uec_4643_0 flowId 88 uecSrc 87 finished at 348694 total messages 1 total packets 16425 RTS 0 total bytes 67112550 in_flight now 0 fair_inc 123492 prop_inc 2757 fast_inc 0 eta_inc 18196668 multi_dec -17653157 quick_dec -115074 nack_dec -1589450
Flow Uec_994_0 flowId 13 uecSrc 12 finished at 348760 total messages 1 total packets 16425 RTS 0 total bytes 67112550 in_flight now 0 fair_inc 167304 prop_inc 2390 fast_inc 0 eta_inc 18196668 multi_dec -17669699 quick_dec -40635 nack_dec -1606050
Flow Uec_6169_0 flowId 91 uecSrc 90 finished at 348783 total messages 1 total packets 16425 RTS 0 total bytes 67112550 in_flight now 0 fair_inc 164977 prop_inc 6071 fast_inc 0 eta_inc 18179391 multi_dec -17674924 quick_dec -18281 nack_dec -1730550
Flow Uec_6670_0 flowId 98 uecSrc 97 finished at 348798 total messages 1 total packets 16425 RTS 0 total bytes 67112550 in_flight now 0 fair_inc 156275 prop_inc 4307 fast_inc 0 eta_inc 18179391 multi_dec -17577018 quick_dec -59638 nack_dec -1639250
Flow Uec_5316_0 flowId 92 uecSrc 91 finished at 348841 total messages 1 total packets 16425 RTS 0 total bytes 67112550 in_flight now 0 fair_inc 168609 prop_inc 12844 fast_inc 0 eta_inc 18179391 multi_dec -17618753 quick_dec -41268 nack_dec -1693200
Flow Uec_4673_0 flowId 115 uecSrc 114 finished at 349038 total messages 1 total packets 16425 RTS 0 total bytes 67112550 in_flight now 0 fair_inc 141735 prop_inc 18892 fast_inc 0 eta_inc 18187365 multi_dec -17500099 quick_dec -107807 nack_dec -1755450
Flow Uec_5501_0 flowId 82 uecSrc 81 finished at 349045 total messages 1 total packets 16425 RTS 0 total bytes 67112550 in_flight now 0 fair_inc 159271 prop_inc 21025 fast_inc 0 eta_inc 18174075 multi_dec -17551418 quick_dec -55287 nack_dec -1730550
Flow Uec_6887_0 flowId 103 uecSrc 102 finished at 349061 total messages 1 total packets 16425 RTS 0 total bytes 67112550 in_flight now 0 fair_inc 151701 prop_inc 20992 fast_inc 0 eta_inc 18196668 multi_dec -17658119 quick_dec -35616 nack_dec -1547950
Flow Uec_2512_0 flowId 72 uecSrc 71 finished at 349063 total messages 1 total packets 16425 RTS 0 total bytes 67112550 in_flight now 0 fair_inc 147750 prop_inc 27071 fast_inc 0 eta_inc 18209958 multi_dec -17620169 quick_dec -103689 nack_dec -1630950
Flow Uec_892_0 flowId 47 uecSrc 46 finished at 349103 total messages 1 total packets 16425 RTS 0 total bytes 67112550 in_flight now 0 fair_inc 188309 prop_inc 83449 fast_inc 0 eta_inc 18182049 multi_dec -17567620 quick_dec -31516 nack_dec -1689050
Flow Uec_7476_0 flowId 25 uecSrc 24 finished at 349142 total messages 1 total packets 16425 RTS 0 total bytes 67112550 in_flight now 0 fair_inc 166969 prop_inc 97558 fast_inc 319713 eta_inc 18197997 multi_dec -17588184 quick_dec -121311 nack_dec -1614350
New: 2102400 Rtx: 52966 RTS: 0 Bounced: 0 ACKs: 2102019 NACKs: 52966 Pulls: 0 sleek_pkts: 0
SPURIOUS_COUNT 0
