....Flow Uec_8109_0 flowId 83 uecSrc 82 finished at 216491 total messages 1 total packets 16425 RTS 0 total bytes 67112550 in_flight now 0 fair_inc 0 prop_inc 0 fast_inc 0 eta_inc 11283210 multi_dec -11064521 quick_dec --239525 nack_dec -1153700
Flow Uec_8115_0 flowId 77 uecSrc 76 finished at 216809 total messages 1 total packets 16425 RTS 0 total bytes 67112550 in_flight now 0 fair_inc 11229 prop_inc 0 fast_inc 0 eta_inc 11244669 multi_dec -11017181 quick_dec --290533 nack_dec -1352900
Flow Uec_8140_0 flowId 52 uecSrc 51 finished at 217581 total messages 1 total packets 16425 RTS 0 total bytes 67112550 in_flight now 0 fair_inc 0 prop_inc 0 fast_inc 0 eta_inc 11261946 multi_dec -10973485 quick_dec --309311 nack_dec -1415150
Flow Uec_8150_0 flowId 42 uecSrc 41 finished at 217615 total messages 1 total packets 16425 RTS 0 total bytes 67112550 in_flight now 0 fair_inc 0 prop_inc 0 fast_inc 0 eta_inc 11335041 multi_dec -11104608 quick_dec --213647 nack_dec -1166150
Flow Uec_8148_0 flowId 44 uecSrc 43 finished at 218405 total messages 1 total packets 16425 RTS 0 total bytes 67112550 in_flight now 0 fair_inc 11869 prop_inc 0 fast_inc 0 eta_inc 11353647 multi_dec -11061038 quick_dec --194908 nack_dec -1311400
Flow Uec_8096_0 flowId 96 uecSrc 95 finished at 218433 total messages 1 total packets 16425 RTS 0 total bytes 67112550 in_flight now 0 fair_inc 5708 prop_inc 0 fast_inc 0 eta_inc 11336370 multi_dec -11026135 quick_dec --219774 nack_dec -1340450
Flow Uec_8169_0 flowId 23 uecSrc 22 finished at 218445 total messages 1 total packets 16425 RTS 0 total bytes 67112550 in_flight now 0 fair_inc 0 prop_inc 0 fast_inc 0 eta_inc 11361621 multi_dec -11090848 quick_dec --207530 nack_dec -1224250
Flow Uec_8125_0 flowId 67 uecSrc 66 finished at 218538 total messages 1 total packets 16425 RTS 0 total bytes 67112550 in_flight now 0 fair_inc 5703 prop_inc 0 fast_inc 0 eta_inc 11364279 multi_dec -11078763 quick_dec --222457 nack_dec -1249150
Flow Uec_8144_0 flowId 48 uecSrc 47 finished at 218804 total messages 1 total packets 16425 RTS 0 total bytes 67112550 in_flight now 0 fair_inc 11452 prop_inc 0 fast_inc 0 eta_inc 11390859 multi_dec -11098093 quick_dec --143223 nack_dec -1265750
Flow Uec_8189_0 flowId 3 uecSrc 2 finished at 219581 total messages 1 total packets 16425 RTS 0 total bytes 67112550 in_flight now 0 fair_inc 5001 prop_inc 0 fast_inc 0 eta_inc 11416110 multi_dec -11124958 quick_dec --186994 nack_dec -1274050
Flow Uec_8094_0 flowId 98 uecSrc 97 finished at 219881 total messages 1 total packets 16425 RTS 0 total bytes 67112550 in_flight now 0 fair_inc 5694 prop_inc 0 fast_inc 0 eta_inc 11430729 multi_dec -11139134 quick_dec --178382 nack_dec -1274050
Flow Uec_8191_0 flowId 1 uecSrc 0 finished at 220184 total messages 1 total packets 16425 RTS 0 total bytes 67112550 in_flight now 0 fair_inc 5402 prop_inc 14703 fast_inc 0 eta_inc 11421426 multi_dec -11125979 quick_dec --265978 nack_dec -1340450
Flow Uec_8122_0 flowId 70 uecSrc 69 finished at 221466 total messages 1 total packets 16425 RTS 0 total bytes 67112550 in_flight now 0 fair_inc 6082 prop_inc 0 fast_inc 0 eta_inc 11457309 multi_dec -11120511 quick_dec --327729 nack_dec -1485700
Flow Uec_8177_0 flowId 15 uecSrc 14 finished at 226866 total messages 1 total packets 16425 RTS 0 total bytes 67112550 in_flight now 0 fair_inc 18281 prop_inc 0 fast_inc 0 eta_inc 11782914 multi_dec -11494301 quick_dec --212048 nack_dec -1319700
.Flow Uec_8100_0 flowId 92 uecSrc 91 finished at 268103 total messages 1 total packets 16425 RTS 0 total bytes 67112550 in_flight now 0 fair_inc 5861 prop_inc 0 fast_inc 0 eta_inc 13894695 multi_dec -13431472 quick_dec --206728 nack_dec -1589450
Flow Uec_8071_0 flowId 121 uecSrc 120 finished at 275920 total messages 1 total packets 16425 RTS 0 total bytes 67112550 in_flight now 0 fair_inc 4972 prop_inc 0 fast_inc 0 eta_inc 14359845 multi_dec -13929185 quick_dec --104610 nack_dec -1411000
Flow Uec_8172_0 flowId 20 uecSrc 19 finished at 289640 total messages 1 total packets 16425 RTS 0 total bytes 67112550 in_flight now 0 fair_inc 0 prop_inc 0 fast_inc 0 eta_inc 15069531 multi_dec -14582861 quick_dec --105853 nack_dec -1514750
Flow Uec_8132_0 flowId 60 uecSrc 59 finished at 291123 total messages 1 total packets 16425 RTS 0 total bytes 67112550 in_flight now 0 fair_inc 0 prop_inc 0 fast_inc 0 eta_inc 15072189 multi_dec -14480007 quick_dec --67168 nack_dec -1747150
Flow Uec_8112_0 flowId 80 uecSrc 79 finished at 293918 total messages 1 total packets 16425 RTS 0 total bytes 67112550 in_flight now 0 fair_inc 12063 prop_inc 0 fast_inc 0 eta_inc 15264894 multi_dec -14768268 quick_dec --96514 nack_dec -1676600
.Flow Uec_8121_0 flowId 71 uecSrc 70 finished at 304853 total messages 1 total packets 16425 RTS 0 total bytes 67112550 in_flight now 0 fair_inc 23300 prop_inc 0 fast_inc 0 eta_inc 15791178 multi_dec -15189477 quick_dec --89493 nack_dec -1813550
Flow Uec_8182_0 flowId 10 uecSrc 9 finished at 305437 total messages 1 total packets 16425 RTS 0 total bytes 67112550 in_flight now 0 fair_inc 12101 prop_inc 0 fast_inc 0 eta_inc 15841680 multi_dec -15247531 quick_dec --80917 nack_dec -1726400
Flow Uec_8188_0 flowId 4 uecSrc 3 finished at 305639 total messages 1 total packets 16425 RTS 0 total bytes 67112550 in_flight now 0 fair_inc 17755 prop_inc 0 fast_inc 0 eta_inc 15889524 multi_dec -15326831 quick_dec --46901 nack_dec -1630950
Flow Uec_8176_0 flowId 16 uecSrc 15 finished at 306040 total messages 1 total packets 16425 RTS 0 total bytes 67112550 in_flight now 0 fair_inc 16948 prop_inc 0 fast_inc 0 eta_inc 15888195 multi_dec -15343958 quick_dec --10321 nack_dec -1719492
Flow Uec_8078_0 flowId 114 uecSrc 113 finished at 306749 total messages 1 total packets 16425 RTS 0 total bytes 67112550 in_flight now 0 fair_inc 0 prop_inc 0 fast_inc 0 eta_inc 15942684 multi_dec -15360110 quick_dec --94138 nack_dec -1626800
Flow Uec_8075_0 flowId 117 uecSrc 116 finished at 306916 total messages 1 total packets 16425 RTS 0 total bytes 67112550 in_flight now 0 fair_inc 9371 prop_inc 0 fast_inc 0 eta_inc 15884208 multi_dec -15239843 quick_dec --165098 nack_dec -1917300
Flow Uec_8174_0 flowId 18 uecSrc 17 finished at 308377 total messages 1 total packets 16425 RTS 0 total bytes 67112550 in_flight now 0 fair_inc 5561 prop_inc 0 fast_inc 0 eta_inc 15995844 multi_dec -15347984 quick_dec --19747 nack_dec -1768364
Flow Uec_8123_0 flowId 69 uecSrc 68 finished at 309328 total messages 1 total packets 16425 RTS 0 total bytes 67112550 in_flight now 0 fair_inc 0 prop_inc 0 fast_inc 0 eta_inc 16063623 multi_dec -15463193 quick_dec --62952 nack_dec -1747150
Flow Uec_8133_0 flowId 59 uecSrc 58 finished at 310600 total messages 1 total packets 16425 RTS 0 total bytes 67112550 in_flight now 0 fair_inc 5546 prop_inc 0 fast_inc 0 eta_inc 16173930 multi_dec -15584650 quick_dec --33292 nack_dec -1581150
Flow Uec_8147_0 flowId 45 uecSrc 44 finished at 311191 total messages 1 total packets 16425 RTS 0 total bytes 67112550 in_flight now 0 fair_inc 0 prop_inc 0 fast_inc 0 eta_inc 16183233 multi_dec -15624209 quick_dec --123655 nack_dec -1568700
Flow Uec_8081_0 flowId 111 uecSrc 110 finished at 313512 total messages 1 total packets 16425 RTS 0 total bytes 67112550 in_flight now 0 fair_inc 9392 prop_inc 0 fast_inc 0 eta_inc 16280250 multi_dec -15629923 quick_dec -2762 nack_dec -1752228
Flow Uec_8184_0 flowId 8 uecSrc 7 finished at 313561 total messages 1 total packets 16425 RTS 0 total bytes 67112550 in_flight now 0 fair_inc 5341 prop_inc 0 fast_inc 0 eta_inc 16228419 multi_dec -15492172 quick_dec --122484 nack_dec -1938050
Flow Uec_8157_0 flowId 35 uecSrc 34 finished at 313790 total messages 1 total packets 16425 RTS 0 total bytes 67112550 in_flight now 0 fair_inc 9412 prop_inc 0 fast_inc 0 eta_inc 16281579 multi_dec -15603520 quick_dec -9997 nack_dec -1796950
Flow Uec_8128_0 flowId 64 uecSrc 63 finished at 314405 total messages 1 total packets 16425 RTS 0 total bytes 67112550 in_flight now 0 fair_inc 12094 prop_inc 0 fast_inc 0 eta_inc 16344042 multi_dec -15752632 quick_dec --35442 nack_dec -1701964
Flow Uec_8114_0 flowId 78 uecSrc 77 finished at 314556 total messages 1 total packets 16425 RTS 0 total bytes 67112550 in_flight now 0 fair_inc 5748 prop_inc 0 fast_inc 0 eta_inc 16301514 multi_dec -15621254 quick_dec --86694 nack_dec -1776200
Flow Uec_8155_0 flowId 37 uecSrc 36 finished at 317047 total messages 1 total packets 16425 RTS 0 total bytes 67112550 in_flight now 0 fair_inc 11659 prop_inc 0 fast_inc 0 eta_inc 16498206 multi_dec -15962405 quick_dec --67767 nack_dec -1614350
Flow Uec_8074_0 flowId 118 uecSrc 117 finished at 317708 total messages 1 total packets 16425 RTS 0 total bytes 67112550 in_flight now 0 fair_inc 22757 prop_inc 0 fast_inc 0 eta_inc 16460994 multi_dec -15897852 quick_dec --121088 nack_dec -1780350
Flow Uec_8156_0 flowId 36 uecSrc 35 finished at 318527 total messages 1 total packets 16425 RTS 0 total bytes 67112550 in_flight now 0 fair_inc 3794 prop_inc 0 fast_inc 0 eta_inc 16528773 multi_dec -15819679 quick_dec -12663 nack_dec -1842600
Flow Uec_8083_0 flowId 109 uecSrc 108 finished at 319539 total messages 1 total packets 16425 RTS 0 total bytes 67112550 in_flight now 0 fair_inc 0 prop_inc 0 fast_inc 0 eta_inc 16596552 multi_dec -15924219 quick_dec --63716 nack_dec -1697350
Flow Uec_8106_0 flowId 86 uecSrc 85 finished at 319964 total messages 1 total packets 16425 RTS 0 total bytes 67112550 in_flight now 0 fair_inc 0 prop_inc 0 fast_inc 0 eta_inc 16633764 multi_dec -15998269 quick_dec --54572 nack_dec -1655850
Flow Uec_8089_0 flowId 103 uecSrc 102 finished at 321550 total messages 1 total packets 16425 RTS 0 total bytes 67112550 in_flight now 0 fair_inc 12060 prop_inc 0 fast_inc 0 eta_inc 16729452 multi_dec -16131104 quick_dec -17163 nack_dec -1655850
Flow Uec_8187_0 flowId 5 uecSrc 4 finished at 321789 total messages 1 total packets 16425 RTS 0 total bytes 67112550 in_flight now 0 fair_inc 6035 prop_inc 0 fast_inc 0 eta_inc 16726794 multi_dec -16069762 quick_dec --124041 nack_dec -1709800
Flow Uec_8107_0 flowId 85 uecSrc 84 finished at 321836 total messages 1 total packets 16425 RTS 0 total bytes 67112550 in_flight now 0 fair_inc 16395 prop_inc 0 fast_inc 0 eta_inc 16749387 multi_dec -16166239 quick_dec --69656 nack_dec -1614350
Flow Uec_8073_0 flowId 119 uecSrc 118 finished at 324062 total messages 1 total packets 16425 RTS 0 total bytes 67112550 in_flight now 0 fair_inc 22160 prop_inc 0 fast_inc 0 eta_inc 16843746 multi_dec -16248850 quick_dec --74804 nack_dec -1759600
Flow Uec_8088_0 flowId 104 uecSrc 103 finished at 325275 total messages 1 total packets 16425 RTS 0 total bytes 67112550 in_flight now 0 fair_inc 17676 prop_inc 0 fast_inc 0 eta_inc 16915512 multi_dec -16321071 quick_dec --20050 nack_dec -1639250
Flow Uec_8160_0 flowId 32 uecSrc 31 finished at 325521 total messages 1 total packets 16425 RTS 0 total bytes 67112550 in_flight now 0 fair_inc 0 prop_inc 0 fast_inc 0 eta_inc 16931460 multi_dec -16271286 quick_dec --61854 nack_dec -1676600
Flow Uec_8162_0 flowId 30 uecSrc 29 finished at 329483 total messages 1 total packets 16425 RTS 0 total bytes 67112550 in_flight now 0 fair_inc 17008 prop_inc 0 fast_inc 0 eta_inc 17161377 multi_dec -16527657 quick_dec -38512 nack_dec -1709800
Flow Uec_8076_0 flowId 116 uecSrc 115 finished at 329851 total messages 1 total packets 16425 RTS 0 total bytes 67112550 in_flight now 0 fair_inc 6023 prop_inc 0 fast_inc 0 eta_inc 17094927 multi_dec -16387806 quick_dec --39687 nack_dec -1930214
Flow Uec_8151_0 flowId 41 uecSrc 40 finished at 330268 total messages 1 total packets 16425 RTS 0 total bytes 67112550 in_flight now 0 fair_inc 0 prop_inc 0 fast_inc 0 eta_inc 17187957 multi_dec -16524532 quick_dec -39792 nack_dec -1672450
Flow Uec_8124_0 flowId 68 uecSrc 67 finished at 330374 total messages 1 total packets 16425 RTS 0 total bytes 67112550 in_flight now 0 fair_inc 11214 prop_inc 0 fast_inc 0 eta_inc 17130810 multi_dec -16447520 quick_dec --36347 nack_dec -1863814
Flow Uec_8091_0 flowId 101 uecSrc 100 finished at 331421 total messages 1 total packets 16425 RTS 0 total bytes 67112550 in_flight now 0 fair_inc 9389 prop_inc 0 fast_inc 0 eta_inc 17197260 multi_dec -16481928 quick_dec --68464 nack_dec -1763750
Flow Uec_8113_0 flowId 79 uecSrc 78 finished at 331913 total messages 1 total packets 16425 RTS 0 total bytes 67112550 in_flight now 0 fair_inc 15380 prop_inc 0 fast_inc 0 eta_inc 17261052 multi_dec -16637136 quick_dec -85396 nack_dec -1726400
Flow Uec_8105_0 flowId 87 uecSrc 86 finished at 332099 total messages 1 total packets 16425 RTS 0 total bytes 67112550 in_flight now 0 fair_inc 6030 prop_inc 0 fast_inc 0 eta_inc 17199918 multi_dec -16490158 quick_dec --132203 nack_dec -1904850
Flow Uec_8178_0 flowId 14 uecSrc 13 finished at 332762 total messages 1 total packets 16425 RTS 0 total bytes 67112550 in_flight now 0 fair_inc 15889 prop_inc 0 fast_inc 0 eta_inc 17251749 multi_dec -16539654 quick_dec --68103 nack_dec -1904850
Flow Uec_8092_0 flowId 100 uecSrc 99 finished at 334409 total messages 1 total packets 16425 RTS 0 total bytes 67112550 in_flight now 0 fair_inc 5637 prop_inc 0 fast_inc 0 eta_inc 17433822 multi_dec -16807351 quick_dec -27371 nack_dec -1585300
Flow Uec_8146_0 flowId 46 uecSrc 45 finished at 336356 total messages 1 total packets 16425 RTS 0 total bytes 67112550 in_flight now 0 fair_inc 0 prop_inc 0 fast_inc 0 eta_inc 17497614 multi_dec -16801105 quick_dec --14745 nack_dec -1705650
Flow Uec_8136_0 flowId 56 uecSrc 55 finished at 336808 total messages 1 total packets 16425 RTS 0 total bytes 67112550 in_flight now 0 fair_inc 6094 prop_inc 0 fast_inc 0 eta_inc 17502930 multi_dec -16795421 quick_dec --67952 nack_dec -1743000
Flow Uec_8066_0 flowId 126 uecSrc 125 finished at 336825 total messages 1 total packets 16425 RTS 0 total bytes 67112550 in_flight now 0 fair_inc 0 prop_inc 0 fast_inc 0 eta_inc 17521536 multi_dec -16842422 quick_dec -23171 nack_dec -1730550
Flow Uec_8126_0 flowId 66 uecSrc 65 finished at 337769 total messages 1 total packets 16425 RTS 0 total bytes 67112550 in_flight now 0 fair_inc 17397 prop_inc 0 fast_inc 0 eta_inc 17532168 multi_dec -16804608 quick_dec -12968 nack_dec -1846750
Flow Uec_8185_0 flowId 7 uecSrc 6 finished at 338149 total messages 1 total packets 16425 RTS 0 total bytes 67112550 in_flight now 0 fair_inc 18381 prop_inc 0 fast_inc 0 eta_inc 17611908 multi_dec -16976965 quick_dec -10704 nack_dec -1689050
Flow Uec_8087_0 flowId 105 uecSrc 104 finished at 338236 total messages 1 total packets 16425 RTS 0 total bytes 67112550 in_flight now 0 fair_inc 6057 prop_inc 0 fast_inc 0 eta_inc 17553432 multi_dec -16825249 quick_dec --21752 nack_dec -1913150
Flow Uec_8082_0 flowId 110 uecSrc 109 finished at 338815 total messages 1 total packets 16425 RTS 0 total bytes 67112550 in_flight now 0 fair_inc 17687 prop_inc 0 fast_inc 0 eta_inc 17618553 multi_dec -16983098 quick_dec --31619 nack_dec -1763750
Flow Uec_8190_0 flowId 2 uecSrc 1 finished at 339016 total messages 1 total packets 16425 RTS 0 total bytes 67112550 in_flight now 0 fair_inc 12049 prop_inc 0 fast_inc 0 eta_inc 17619882 multi_dec -16913582 quick_dec --10654 nack_dec -1826000
Flow Uec_8153_0 flowId 39 uecSrc 38 finished at 339099 total messages 1 total packets 16425 RTS 0 total bytes 67112550 in_flight now 0 fair_inc 12730 prop_inc 0 fast_inc 0 eta_inc 17642475 multi_dec -16969520 quick_dec -7488 nack_dec -1701500
Flow Uec_8098_0 flowId 94 uecSrc 93 finished at 339108 total messages 1 total packets 16425 RTS 0 total bytes 67112550 in_flight now 0 fair_inc 4974 prop_inc 0 fast_inc 0 eta_inc 17671713 multi_dec -17047557 quick_dec --3359 nack_dec -1680750
Flow Uec_8131_0 flowId 61 uecSrc 60 finished at 339307 total messages 1 total packets 16425 RTS 0 total bytes 67112550 in_flight now 0 fair_inc 0 prop_inc 0 fast_inc 0 eta_inc 17619882 multi_dec -16912015 quick_dec --44991 nack_dec -1817700
Flow Uec_8142_0 flowId 50 uecSrc 49 finished at 339853 total messages 1 total packets 16425 RTS 0 total bytes 67112550 in_flight now 0 fair_inc 5344 prop_inc 0 fast_inc 0 eta_inc 17671713 multi_dec -16968123 quick_dec --5348 nack_dec -1788650
Flow Uec_8104_0 flowId 88 uecSrc 87 finished at 339894 total messages 1 total packets 16425 RTS 0 total bytes 67112550 in_flight now 0 fair_inc 11597 prop_inc 0 fast_inc 0 eta_inc 17700951 multi_dec -17016997 quick_dec -31894 nack_dec -1680750
Flow Uec_8084_0 flowId 108 uecSrc 107 finished at 340066 total messages 1 total packets 16425 RTS 0 total bytes 67112550 in_flight now 0 fair_inc 12127 prop_inc 0 fast_inc 0 eta_inc 17630514 multi_dec -16871907 quick_dec --75174 nack_dec -1929750
Flow Uec_8070_0 flowId 122 uecSrc 121 finished at 340506 total messages 1 total packets 16425 RTS 0 total bytes 67112550 in_flight now 0 fair_inc 6637 prop_inc 0 fast_inc 0 eta_inc 17704938 multi_dec -16998889 quick_dec --4052 nack_dec -1722250
Flow Uec_8117_0 flowId 75 uecSrc 74 finished at 340536 total messages 1 total packets 16425 RTS 0 total bytes 67112550 in_flight now 0 fair_inc 6031 prop_inc 0 fast_inc 0 eta_inc 17756769 multi_dec -17104813 quick_dec -7860 nack_dec -1639250
Flow Uec_8141_0 flowId 51 uecSrc 50 finished at 341037 total messages 1 total packets 16425 RTS 0 total bytes 67112550 in_flight now 0 fair_inc 35452 prop_inc 0 fast_inc 0 eta_inc 17695635 multi_dec -16949899 quick_dec -27243 nack_dec -2033500
Flow Uec_8090_0 flowId 102 uecSrc 101 finished at 341155 total messages 1 total packets 16425 RTS 0 total bytes 67112550 in_flight now 0 fair_inc 18983 prop_inc 0 fast_inc 0 eta_inc 17719557 multi_dec -17028692 quick_dec --39394 nack_dec -1859200
Flow Uec_8163_0 flowId 29 uecSrc 28 finished at 341461 total messages 1 total packets 16425 RTS 0 total bytes 67112550 in_flight now 0 fair_inc 23701 prop_inc 0 fast_inc 0 eta_inc 17782020 multi_dec -17105989 quick_dec -93551 nack_dec -1726400
Flow Uec_8168_0 flowId 24 uecSrc 23 finished at 341480 total messages 1 total packets 16425 RTS 0 total bytes 67112550 in_flight now 0 fair_inc 19119 prop_inc 0 fast_inc 0 eta_inc 17744808 multi_dec -17013175 quick_dec -52559 nack_dec -1821850
Flow Uec_8175_0 flowId 17 uecSrc 16 finished at 342513 total messages 1 total packets 16425 RTS 0 total bytes 67112550 in_flight now 0 fair_inc 34538 prop_inc 240 fast_inc 0 eta_inc 17783349 multi_dec -17087215 quick_dec -3520 nack_dec -1900700
Flow Uec_8181_0 flowId 11 uecSrc 10 finished at 342516 total messages 1 total packets 16425 RTS 0 total bytes 67112550 in_flight now 0 fair_inc 25778 prop_inc 0 fast_inc 0 eta_inc 17852457 multi_dec -17197475 quick_dec --14361 nack_dec -1680750
Flow Uec_8134_0 flowId 58 uecSrc 57 finished at 342540 total messages 1 total packets 16425 RTS 0 total bytes 67112550 in_flight now 0 fair_inc 18914 prop_inc 390 fast_inc 0 eta_inc 17752782 multi_dec -16980592 quick_dec --90167 nack_dec -2045950
Flow Uec_8167_0 flowId 25 uecSrc 24 finished at 342581 total messages 1 total packets 16425 RTS 0 total bytes 67112550 in_flight now 0 fair_inc 73702 prop_inc 45 fast_inc 0 eta_inc 17793981 multi_dec -17178767 quick_dec --53870 nack_dec -1921450
Flow Uec_8097_0 flowId 95 uecSrc 94 finished at 342590 total messages 1 total packets 16425 RTS 0 total bytes 67112550 in_flight now 0 fair_inc 57317 prop_inc 0 fast_inc 0 eta_inc 17840496 multi_dec -17213675 quick_dec -38441 nack_dec -1738850
Flow Uec_8095_0 flowId 97 uecSrc 96 finished at 342690 total messages 1 total packets 16425 RTS 0 total bytes 67112550 in_flight now 0 fair_inc 51942 prop_inc 0 fast_inc 0 eta_inc 17820561 multi_dec -17180200 quick_dec --13348 nack_dec -1863350
Flow Uec_8065_0 flowId 127 uecSrc 126 finished at 342817 total messages 1 total packets 16425 RTS 0 total bytes 67112550 in_flight now 0 fair_inc 44210 prop_inc 0 fast_inc 0 eta_inc 17812587 multi_dec -17177525 quick_dec --17749 nack_dec -1892400
Flow Uec_8149_0 flowId 43 uecSrc 42 finished at 343423 total messages 1 total packets 16425 RTS 0 total bytes 67112550 in_flight now 0 fair_inc 66829 prop_inc 213 fast_inc 0 eta_inc 17828535 multi_dec -17094259 quick_dec -22346 nack_dec -1892400
Flow Uec_8093_0 flowId 99 uecSrc 98 finished at 343839 total messages 1 total packets 16425 RTS 0 total bytes 67112550 in_flight now 0 fair_inc 87922 prop_inc 19 fast_inc 0 eta_inc 17924223 multi_dec -17310612 quick_dec -89007 nack_dec -1697350
Flow Uec_8138_0 flowId 54 uecSrc 53 finished at 344085 total messages 1 total packets 16425 RTS 0 total bytes 67112550 in_flight now 0 fair_inc 71459 prop_inc 176 fast_inc 0 eta_inc 17872392 multi_dec -17207301 quick_dec -25542 nack_dec -1892400
Flow Uec_8183_0 flowId 9 uecSrc 8 finished at 344437 total messages 1 total packets 16425 RTS 0 total bytes 67112550 in_flight now 0 fair_inc 55090 prop_inc 534 fast_inc 0 eta_inc 17920236 multi_dec -17236142 quick_dec -40256 nack_dec -1867500
Flow Uec_8072_0 flowId 120 uecSrc 119 finished at 344474 total messages 1 total packets 16425 RTS 0 total bytes 67112550 in_flight now 0 fair_inc 87734 prop_inc 0 fast_inc 0 eta_inc 17944158 multi_dec -17348288 quick_dec -51011 nack_dec -1792800
Flow Uec_8145_0 flowId 47 uecSrc 46 finished at 345201 total messages 1 total packets 16425 RTS 0 total bytes 67112550 in_flight now 0 fair_inc 52598 prop_inc 41 fast_inc 0 eta_inc 17930868 multi_dec -17264434 quick_dec -13810 nack_dec -1996150
Flow Uec_8103_0 flowId 89 uecSrc 88 finished at 345299 total messages 1 total packets 16425 RTS 0 total bytes 67112550 in_flight now 0 fair_inc 83826 prop_inc 406 fast_inc 0 eta_inc 17932197 multi_dec -17278738 quick_dec -22461 nack_dec -2004450
Flow Uec_8085_0 flowId 107 uecSrc 106 finished at 345533 total messages 1 total packets 16425 RTS 0 total bytes 67112550 in_flight now 0 fair_inc 87036 prop_inc 719 fast_inc 0 eta_inc 17988015 multi_dec -17332542 quick_dec -69616 nack_dec -1838450
Flow Uec_8086_0 flowId 106 uecSrc 105 finished at 345588 total messages 1 total packets 16425 RTS 0 total bytes 67112550 in_flight now 0 fair_inc 73761 prop_inc 762 fast_inc 0 eta_inc 17929539 multi_dec -17150519 quick_dec -15111 nack_dec -1996150
Flow Uec_8110_0 flowId 82 uecSrc 81 finished at 345705 total messages 1 total packets 16425 RTS 0 total bytes 67112550 in_flight now 0 fair_inc 71499 prop_inc 15 fast_inc 0 eta_inc 17974725 multi_dec -17282871 quick_dec --3303 nack_dec -1900700
Flow Uec_8080_0 flowId 112 uecSrc 111 finished at 345768 total messages 1 total packets 16425 RTS 0 total bytes 67112550 in_flight now 0 fair_inc 94887 prop_inc 367 fast_inc 0 eta_inc 18006621 multi_dec -17333393 quick_dec -68173 nack_dec -1784500
Flow Uec_8064_0 flowId 128 uecSrc 127 finished at 345958 total messages 1 total packets 16425 RTS 0 total bytes 67112550 in_flight now 0 fair_inc 47693 prop_inc 185 fast_inc 0 eta_inc 18005292 multi_dec -17369555 quick_dec -22151 nack_dec -1809400
Flow Uec_8119_0 flowId 73 uecSrc 72 finished at 345988 total messages 1 total packets 16425 RTS 0 total bytes 67112550 in_flight now 0 fair_inc 78833 prop_inc 1157 fast_inc 0 eta_inc 18005292 multi_dec -17327025 quick_dec -27435 nack_dec -1838450
Flow Uec_8099_0 flowId 93 uecSrc 92 finished at 346095 total messages 1 total packets 16425 RTS 0 total bytes 67112550 in_flight now 0 fair_inc 155540 prop_inc 396 fast_inc 0 eta_inc 18009279 multi_dec -17381959 quick_dec -99386 nack_dec -1838450
Flow Uec_8116_0 flowId 76 uecSrc 75 finished at 346099 total messages 1 total packets 16425 RTS 0 total bytes 67112550 in_flight now 0 fair_inc 83478 prop_inc 22 fast_inc 0 eta_inc 17994660 multi_dec -17300719 quick_dec -40727 nack_dec -1913150
Flow Uec_8179_0 flowId 13 uecSrc 12 finished at 346456 total messages 1 total packets 16425 RTS 0 total bytes 67112550 in_flight now 0 fair_inc 138411 prop_inc 801 fast_inc 0 eta_inc 17988015 multi_dec -17221433 quick_dec -123429 nack_dec -2021050
Flow Uec_8139_0 flowId 53 uecSrc 52 finished at 346618 total messages 1 total packets 16425 RTS 0 total bytes 67112550 in_flight now 0 fair_inc 137105 prop_inc 1598 fast_inc 0 eta_inc 18055794 multi_dec -17495705 quick_dec -78714 nack_dec -1826000
Flow Uec_8079_0 flowId 113 uecSrc 112 finished at 346828 total messages 1 total packets 16425 RTS 0 total bytes 67112550 in_flight now 0 fair_inc 72310 prop_inc 636 fast_inc 0 eta_inc 17988015 multi_dec -17286806 quick_dec -16696 nack_dec -2070850
Flow Uec_8135_0 flowId 57 uecSrc 56 finished at 346910 total messages 1 total packets 16425 RTS 0 total bytes 67112550 in_flight now 0 fair_inc 128877 prop_inc 1800 fast_inc 0 eta_inc 18003963 multi_dec -17253026 quick_dec -87736 nack_dec -2091600
Flow Uec_8159_0 flowId 33 uecSrc 32 finished at 346990 total messages 1 total packets 16425 RTS 0 total bytes 67112550 in_flight now 0 fair_inc 64377 prop_inc 1379 fast_inc 0 eta_inc 18107625 multi_dec -17473692 quick_dec -35433 nack_dec -1630950
Flow Uec_8077_0 flowId 115 uecSrc 114 finished at 347097 total messages 1 total packets 16425 RTS 0 total bytes 67112550 in_flight now 0 fair_inc 103001 prop_inc 901 fast_inc 0 eta_inc 17999976 multi_dec -17168818 quick_dec -178631 nack_dec -2211950
Flow Uec_8118_0 flowId 74 uecSrc 73 finished at 347483 total messages 1 total packets 16425 RTS 0 total bytes 67112550 in_flight now 0 fair_inc 122702 prop_inc 2784 fast_inc 0 eta_inc 18102309 multi_dec -17489438 quick_dec -54124 nack_dec -1767900
Flow Uec_8137_0 flowId 55 uecSrc 54 finished at 347576 total messages 1 total packets 16425 RTS 0 total bytes 67112550 in_flight now 0 fair_inc 105579 prop_inc 619 fast_inc 0 eta_inc 18057123 multi_dec -17370791 quick_dec -111273 nack_dec -2079150
Flow Uec_8161_0 flowId 31 uecSrc 30 finished at 347584 total messages 1 total packets 16425 RTS 0 total bytes 67112550 in_flight now 0 fair_inc 142000 prop_inc 599 fast_inc 0 eta_inc 18123573 multi_dec -17575755 quick_dec -99779 nack_dec -1743000
Flow Uec_8166_0 flowId 26 uecSrc 25 finished at 347744 total messages 1 total packets 16425 RTS 0 total bytes 67112550 in_flight now 0 fair_inc 70493 prop_inc 4448 fast_inc 0 eta_inc 18116928 multi_dec -17485771 quick_dec -75058 nack_dec -1846750
Flow Uec_8101_0 flowId 91 uecSrc 90 finished at 347848 total messages 1 total packets 16425 RTS 0 total bytes 67112550 in_flight now 0 fair_inc 145336 prop_inc 2302 fast_inc 0 eta_inc 18086361 multi_dec -17407139 quick_dec -16122 nack_dec -1909000
Flow Uec_8154_0 flowId 38 uecSrc 37 finished at 347903 total messages 1 total packets 16425 RTS 0 total bytes 67112550 in_flight now 0 fair_inc 144079 prop_inc 2506 fast_inc 0 eta_inc 18110283 multi_dec -17476181 quick_dec -44245 nack_dec -1834300
Flow Uec_8158_0 flowId 34 uecSrc 33 finished at 348004 total messages 1 total packets 16425 RTS 0 total bytes 67112550 in_flight now 0 fair_inc 140896 prop_inc 2327 fast_inc 0 eta_inc 18139521 multi_dec -17533025 quick_dec -93260 nack_dec -1780350
Flow Uec_8129_0 flowId 63 uecSrc 62 finished at 348052 total messages 1 total packets 16425 RTS 0 total bytes 67112550 in_flight now 0 fair_inc 184887 prop_inc 2481 fast_inc 0 eta_inc 18127560 multi_dec -17580311 quick_dec -77770 nack_dec -1859200
Flow Uec_8180_0 flowId 12 uecSrc 11 finished at 348144 total messages 1 total packets 16425 RTS 0 total bytes 67112550 in_flight now 0 fair_inc 142483 prop_inc 1216 fast_inc 0 eta_inc 18077058 multi_dec -17325177 quick_dec -85013 nack_dec -2008600
Flow Uec_8108_0 flowId 84 uecSrc 83 finished at 348216 total messages 1 total packets 16425 RTS 0 total bytes 67112550 in_flight now 0 fair_inc 172926 prop_inc 2728 fast_inc 0 eta_inc 18120915 multi_dec -17436549 quick_dec -88512 nack_dec -1917300
Flow Uec_8127_0 flowId 65 uecSrc 64 finished at 348278 total messages 1 total packets 16425 RTS 0 total bytes 67112550 in_flight now 0 fair_inc 167466 prop_inc 4536 fast_inc 0 eta_inc 18159456 multi_dec -17634428 quick_dec -83893 nack_dec -1730550
Flow Uec_8068_0 flowId 124 uecSrc 123 finished at 348376 total messages 1 total packets 16425 RTS 0 total bytes 67112550 in_flight now 0 fair_inc 122122 prop_inc 3912 fast_inc 0 eta_inc 18075729 multi_dec -17319721 quick_dec -72781 nack_dec -2158000
Flow Uec_8171_0 flowId 21 uecSrc 20 finished at 348481 total messages 1 total packets 16425 RTS 0 total bytes 67112550 in_flight now 0 fair_inc 203373 prop_inc 3583 fast_inc 0 eta_inc 18160785 multi_dec -17562320 quick_dec -145637 nack_dec -1867500
Flow Uec_8143_0 flowId 49 uecSrc 48 finished at 348551 total messages 1 total packets 16425 RTS 0 total bytes 67112550 in_flight now 0 fair_inc 124530 prop_inc 5221 fast_inc 0 eta_inc 18166101 multi_dec -17443491 quick_dec -161436 nack_dec -1817700
Flow Uec_8102_0 flowId 90 uecSrc 89 finished at 348613 total messages 1 total packets 16425 RTS 0 total bytes 67112550 in_flight now 0 fair_inc 195755 prop_inc 7297 fast_inc 0 eta_inc 18178062 multi_dec -17589135 quick_dec -49154 nack_dec -1718100
Flow Uec_8164_0 flowId 28 uecSrc 27 finished at 348733 total messages 1 total packets 16425 RTS 0 total bytes 67112550 in_flight now 0 fair_inc 171340 prop_inc 9085 fast_inc 0 eta_inc 18160785 multi_dec -17583818 quick_dec -107943 nack_dec -1896550
Flow Uec_8130_0 flowId 62 uecSrc 61 finished at 348791 total messages 1 total packets 16425 RTS 0 total bytes 67112550 in_flight now 0 fair_inc 123491 prop_inc 6674 fast_inc 0 eta_inc 18127560 multi_dec -17360082 quick_dec -80917 nack_dec -2041800
Flow Uec_8067_0 flowId 125 uecSrc 124 finished at 348803 total messages 1 total packets 16425 RTS 0 total bytes 67112550 in_flight now 0 fair_inc 134659 prop_inc 7423 fast_inc 0 eta_inc 18147495 multi_dec -17494986 quick_dec -29854 nack_dec -1892400
Flow Uec_8186_0 flowId 6 uecSrc 5 finished at 348828 total messages 1 total packets 16425 RTS 0 total bytes 67112550 in_flight now 0 fair_inc 221227 prop_inc 9265 fast_inc 0 eta_inc 18139521 multi_dec -17419982 quick_dec -111556 nack_dec -1996150
Flow Uec_8173_0 flowId 19 uecSrc 18 finished at 348920 total messages 1 total packets 16425 RTS 0 total bytes 67112550 in_flight now 0 fair_inc 201969 prop_inc 15117 fast_inc 0 eta_inc 18207300 multi_dec -17650905 quick_dec -37806 nack_dec -1838450
Flow Uec_8069_0 flowId 123 uecSrc 122 finished at 349017 total messages 1 total packets 16425 RTS 0 total bytes 67112550 in_flight now 0 fair_inc 203641 prop_inc 22911 fast_inc 0 eta_inc 18191352 multi_dec -17573011 quick_dec -90462 nack_dec -1875800
Flow Uec_8120_0 flowId 72 uecSrc 71 finished at 349038 total messages 1 total packets 16425 RTS 0 total bytes 67112550 in_flight now 0 fair_inc 240301 prop_inc 21655 fast_inc 0 eta_inc 18190023 multi_dec -17520557 quick_dec -208370 nack_dec -1784500
Flow Uec_8165_0 flowId 27 uecSrc 26 finished at 349058 total messages 1 total packets 16425 RTS 0 total bytes 67112550 in_flight now 0 fair_inc 192104 prop_inc 47560 fast_inc 0 eta_inc 18171417 multi_dec -17558561 quick_dec -132581 nack_dec -1846750
Flow Uec_8170_0 flowId 22 uecSrc 21 finished at 349075 total messages 1 total packets 16425 RTS 0 total bytes 67112550 in_flight now 0 fair_inc 168131 prop_inc 54243 fast_inc 0 eta_inc 18178062 multi_dec -17478395 quick_dec -107717 nack_dec -1884100
Flow Uec_8152_0 flowId 40 uecSrc 39 finished at 349109 total messages 1 total packets 16425 RTS 0 total bytes 67112550 in_flight now 0 fair_inc 137518 prop_inc 82184 fast_inc 72243 eta_inc 18187365 multi_dec -17493241 quick_dec -14752 nack_dec -1830150
Flow Uec_8111_0 flowId 81 uecSrc 80 finished at 349140 total messages 1 total packets 16425 RTS 0 total bytes 67112550 in_flight now 0 fair_inc 119732 prop_inc 115936 fast_inc 346712 eta_inc 18114270 multi_dec -17258930 quick_dec -126148 nack_dec -2108200
New: 2102400 Rtx: 54107 RTS: 0 Bounced: 0 ACKs: 2101972 NACKs: 54103 Pulls: 0 sleek_pkts: 0
SPURIOUS_COUNT 4
