Flow Uec_2892_0 flowId 34 uecSrc 33 finished at 1362.2 total messages 1 total packets 257 RTS 0 total bytes 1050102 in_flight now 0 fair_inc 0 prop_inc 0 fast_inc 0 eta_inc 0 multi_dec -0 quick_dec -64626 nack_dec -485550
Flow Uec_4488_0 flowId 23 uecSrc 22 finished at 1383.89 total messages 1 total packets 257 RTS 0 total bytes 1050102 in_flight now 0 fair_inc 0 prop_inc 0 fast_inc 0 eta_inc 0 multi_dec -0 quick_dec -52176 nack_dec -493850
Flow Uec_7184_0 flowId 54 uecSrc 53 finished at 1609.53 total messages 1 total packets 257 RTS 0 total bytes 1050102 in_flight now 0 fair_inc 6643 prop_inc 0 fast_inc 0 eta_inc 1329 multi_dec -0 quick_dec -64626 nack_dec -489700
Flow Uec_6401_0 flowId 48 uecSrc 47 finished at 1719.73 total messages 1 total packets 257 RTS 0 total bytes 1050102 in_flight now 0 fair_inc 0 prop_inc 0 fast_inc 0 eta_inc 0 multi_dec -0 quick_dec -27276 nack_dec -502150
Flow Uec_62_0 flowId 51 uecSrc 50 finished at 1855.3 total messages 1 total packets 257 RTS 0 total bytes 1050102 in_flight now 0 fair_inc 6679 prop_inc 4675 fast_inc 0 eta_inc 110307 multi_dec -87061 quick_dec --20115 nack_dec -406700
Flow Uec_565_0 flowId 22 uecSrc 21 finished at 1973.78 total messages 1 total packets 257 RTS 0 total bytes 1050102 in_flight now 0 fair_inc 47438 prop_inc 3085 fast_inc 0 eta_inc 104991 multi_dec -128512 quick_dec -144345 nack_dec -481400
Flow Uec_6900_0 flowId 25 uecSrc 24 finished at 2071.49 total messages 1 total packets 257 RTS 0 total bytes 1050102 in_flight now 0 fair_inc 19554 prop_inc 0 fast_inc 0 eta_inc 107649 multi_dec -152690 quick_dec -43876 nack_dec -473100
Flow Uec_201_0 flowId 61 uecSrc 60 finished at 2132.35 total messages 1 total packets 257 RTS 0 total bytes 1050102 in_flight now 0 fair_inc 0 prop_inc 3394 fast_inc 0 eta_inc 128913 multi_dec -94713 quick_dec --27132 nack_dec -410850
Flow Uec_2132_0 flowId 55 uecSrc 54 finished at 2179.15 total messages 1 total packets 257 RTS 0 total bytes 1050102 in_flight now 0 fair_inc 26424 prop_inc 0 fast_inc 0 eta_inc 114294 multi_dec -147164 quick_dec -84679 nack_dec -525524
Flow Uec_2286_0 flowId 49 uecSrc 48 finished at 2182.74 total messages 1 total packets 257 RTS 0 total bytes 1050102 in_flight now 0 fair_inc 20826 prop_inc 0 fast_inc 0 eta_inc 114294 multi_dec -160526 quick_dec -52079 nack_dec -498000
Flow Uec_1698_0 flowId 38 uecSrc 37 finished at 2227 total messages 1 total packets 257 RTS 0 total bytes 1050102 in_flight now 0 fair_inc 25558 prop_inc 0 fast_inc 0 eta_inc 115623 multi_dec -131830 quick_dec -96064 nack_dec -493850
Flow Uec_5843_0 flowId 17 uecSrc 16 finished at 2232.25 total messages 1 total packets 257 RTS 0 total bytes 1050102 in_flight now 0 fair_inc 31131 prop_inc 0 fast_inc 0 eta_inc 115623 multi_dec -138596 quick_dec -74906 nack_dec -489700
Flow Uec_141_0 flowId 36 uecSrc 35 finished at 2240.14 total messages 1 total packets 257 RTS 0 total bytes 1050102 in_flight now 0 fair_inc 0 prop_inc 18910 fast_inc 0 eta_inc 127584 multi_dec -88457 quick_dec --15870 nack_dec -410850
Flow Uec_5926_0 flowId 8 uecSrc 7 finished at 2327.6 total messages 1 total packets 257 RTS 0 total bytes 1050102 in_flight now 0 fair_inc 36023 prop_inc 0 fast_inc 0 eta_inc 122268 multi_dec -150348 quick_dec -111548 nack_dec -551950
Flow Uec_3449_0 flowId 15 uecSrc 14 finished at 2350.61 total messages 1 total packets 257 RTS 0 total bytes 1050102 in_flight now 0 fair_inc 18922 prop_inc 0 fast_inc 0 eta_inc 114294 multi_dec -112553 quick_dec -76669 nack_dec -522900
Flow Uec_2406_0 flowId 52 uecSrc 51 finished at 2360.18 total messages 1 total packets 257 RTS 0 total bytes 1050102 in_flight now 0 fair_inc 16953 prop_inc 0 fast_inc 0 eta_inc 122268 multi_dec -128012 quick_dec -81493 nack_dec -502150
Flow Uec_3106_0 flowId 53 uecSrc 52 finished at 2376.72 total messages 1 total packets 257 RTS 0 total bytes 1050102 in_flight now 0 fair_inc 19689 prop_inc 0 fast_inc 0 eta_inc 120939 multi_dec -136923 quick_dec -52943 nack_dec -498000
Flow Uec_8169_0 flowId 60 uecSrc 59 finished at 2417.84 total messages 1 total packets 257 RTS 0 total bytes 1050102 in_flight now 0 fair_inc 13205 prop_inc 103 fast_inc 0 eta_inc 126255 multi_dec -149139 quick_dec -42608 nack_dec -502150
Flow Uec_4641_0 flowId 42 uecSrc 41 finished at 2453.97 total messages 1 total packets 257 RTS 0 total bytes 1050102 in_flight now 0 fair_inc 13171 prop_inc 0 fast_inc 0 eta_inc 128913 multi_dec -146751 quick_dec -50762 nack_dec -481400
Flow Uec_2508_0 flowId 39 uecSrc 38 finished at 2501.65 total messages 1 total packets 257 RTS 0 total bytes 1050102 in_flight now 0 fair_inc 19712 prop_inc 0 fast_inc 0 eta_inc 127584 multi_dec -136422 quick_dec -71003 nack_dec -498000
Flow Uec_2816_0 flowId 14 uecSrc 13 finished at 2511.88 total messages 1 total packets 257 RTS 0 total bytes 1050102 in_flight now 0 fair_inc 29038 prop_inc 425 fast_inc 0 eta_inc 130242 multi_dec -134952 quick_dec -67583 nack_dec -506300
Flow Uec_1300_0 flowId 26 uecSrc 25 finished at 2513.81 total messages 1 total packets 257 RTS 0 total bytes 1050102 in_flight now 0 fair_inc 29651 prop_inc 120 fast_inc 0 eta_inc 127584 multi_dec -138521 quick_dec -59489 nack_dec -502150
Flow Uec_3859_0 flowId 41 uecSrc 40 finished at 2514.58 total messages 1 total packets 257 RTS 0 total bytes 1050102 in_flight now 0 fair_inc 36540 prop_inc 190 fast_inc 0 eta_inc 123597 multi_dec -127563 quick_dec -91845 nack_dec -543650
Flow Uec_3304_0 flowId 59 uecSrc 58 finished at 2520.99 total messages 1 total packets 257 RTS 0 total bytes 1050102 in_flight now 0 fair_inc 25682 prop_inc 0 fast_inc 0 eta_inc 126255 multi_dec -129049 quick_dec -72953 nack_dec -517224
Flow Uec_7886_0 flowId 19 uecSrc 18 finished at 2523.75 total messages 1 total packets 257 RTS 0 total bytes 1050102 in_flight now 0 fair_inc 52019 prop_inc 0 fast_inc 0 eta_inc 131571 multi_dec -133820 quick_dec -146439 nack_dec -522900
Flow Uec_4120_0 flowId 16 uecSrc 15 finished at 2539.96 total messages 1 total packets 257 RTS 0 total bytes 1050102 in_flight now 0 fair_inc 10260 prop_inc 154 fast_inc 0 eta_inc 135558 multi_dec -135733 quick_dec -156647 nack_dec -572700
Flow Uec_5300_0 flowId 57 uecSrc 56 finished at 2570.81 total messages 1 total packets 257 RTS 0 total bytes 1050102 in_flight now 0 fair_inc 13263 prop_inc 1760 fast_inc 0 eta_inc 132900 multi_dec -143840 quick_dec -34754 nack_dec -510450
Flow Uec_6638_0 flowId 43 uecSrc 42 finished at 2575.06 total messages 1 total packets 257 RTS 0 total bytes 1050102 in_flight now 0 fair_inc 16251 prop_inc 0 fast_inc 0 eta_inc 135558 multi_dec -136842 quick_dec -130480 nack_dec -537974
Flow Uec_7935_0 flowId 40 uecSrc 39 finished at 2585.46 total messages 1 total packets 257 RTS 0 total bytes 1050102 in_flight now 0 fair_inc 19688 prop_inc 1286 fast_inc 0 eta_inc 132900 multi_dec -151036 quick_dec -51228 nack_dec -518750
Flow Uec_5868_0 flowId 18 uecSrc 17 finished at 2604.98 total messages 1 total packets 257 RTS 0 total bytes 1050102 in_flight now 0 fair_inc 13402 prop_inc 0 fast_inc 0 eta_inc 134229 multi_dec -141129 quick_dec -51232 nack_dec -493850
Flow Uec_7811_0 flowId 10 uecSrc 9 finished at 2608.41 total messages 1 total packets 257 RTS 0 total bytes 1050102 in_flight now 0 fair_inc 13147 prop_inc 2941 fast_inc 0 eta_inc 134229 multi_dec -137737 quick_dec -59793 nack_dec -522900
Flow Uec_3397_0 flowId 4 uecSrc 3 finished at 2614.16 total messages 1 total packets 257 RTS 0 total bytes 1050102 in_flight now 0 fair_inc 32613 prop_inc 338 fast_inc 0 eta_inc 134229 multi_dec -127542 quick_dec -56922 nack_dec -514600
Flow Uec_3346_0 flowId 27 uecSrc 26 finished at 2614.6 total messages 1 total packets 257 RTS 0 total bytes 1050102 in_flight now 0 fair_inc 19746 prop_inc 1784 fast_inc 0 eta_inc 135558 multi_dec -139380 quick_dec -88349 nack_dec -510450
Flow Uec_8026_0 flowId 29 uecSrc 28 finished at 2622.17 total messages 1 total packets 257 RTS 0 total bytes 1050102 in_flight now 0 fair_inc 29941 prop_inc 394 fast_inc 0 eta_inc 136887 multi_dec -136654 quick_dec -58760 nack_dec -493850
Flow Uec_5268_0 flowId 11 uecSrc 10 finished at 2625.43 total messages 1 total packets 257 RTS 0 total bytes 1050102 in_flight now 0 fair_inc 27400 prop_inc 1006 fast_inc 0 eta_inc 135558 multi_dec -139455 quick_dec -50588 nack_dec -498000
Flow Uec_3549_0 flowId 3 uecSrc 2 finished at 2632.17 total messages 1 total packets 257 RTS 0 total bytes 1050102 in_flight now 0 fair_inc 12866 prop_inc 738 fast_inc 0 eta_inc 136887 multi_dec -129216 quick_dec -53432 nack_dec -506300
Flow Uec_3534_0 flowId 64 uecSrc 63 finished at 2646.06 total messages 1 total packets 257 RTS 0 total bytes 1050102 in_flight now 0 fair_inc 25777 prop_inc 520 fast_inc 0 eta_inc 139545 multi_dec -141951 quick_dec -105875 nack_dec -518750
Flow Uec_3735_0 flowId 30 uecSrc 29 finished at 2653.63 total messages 1 total packets 257 RTS 0 total bytes 1050102 in_flight now 0 fair_inc 22263 prop_inc 483 fast_inc 0 eta_inc 136887 multi_dec -137493 quick_dec -31431 nack_dec -493850
Flow Uec_912_0 flowId 6 uecSrc 5 finished at 2653.9 total messages 1 total packets 257 RTS 0 total bytes 1050102 in_flight now 0 fair_inc 17737 prop_inc 631 fast_inc 0 eta_inc 135558 multi_dec -132885 quick_dec -77325 nack_dec -502150
Flow Uec_693_0 flowId 9 uecSrc 8 finished at 2656.17 total messages 1 total packets 257 RTS 0 total bytes 1050102 in_flight now 0 fair_inc 17022 prop_inc 2566 fast_inc 0 eta_inc 138216 multi_dec -138608 quick_dec -115583 nack_dec -543650
Flow Uec_8104_0 flowId 44 uecSrc 43 finished at 2656.44 total messages 1 total packets 257 RTS 0 total bytes 1050102 in_flight now 0 fair_inc 17140 prop_inc 2722 fast_inc 0 eta_inc 138216 multi_dec -129379 quick_dec -84843 nack_dec -514600
Flow Uec_4302_0 flowId 45 uecSrc 44 finished at 2662.85 total messages 1 total packets 257 RTS 0 total bytes 1050102 in_flight now 0 fair_inc 22493 prop_inc 670 fast_inc 0 eta_inc 136887 multi_dec -130730 quick_dec -24813 nack_dec -510450
Flow Uec_1059_0 flowId 20 uecSrc 19 finished at 2664.28 total messages 1 total packets 257 RTS 0 total bytes 1050102 in_flight now 0 fair_inc 46669 prop_inc 1320 fast_inc 0 eta_inc 135558 multi_dec -135123 quick_dec -97681 nack_dec -556100
Flow Uec_4980_0 flowId 7 uecSrc 6 finished at 2669.7 total messages 1 total packets 257 RTS 0 total bytes 1050102 in_flight now 0 fair_inc 26793 prop_inc 666 fast_inc 0 eta_inc 139545 multi_dec -133717 quick_dec -53193 nack_dec -514600
Flow Uec_7092_0 flowId 63 uecSrc 62 finished at 2676.78 total messages 1 total packets 257 RTS 0 total bytes 1050102 in_flight now 0 fair_inc 22199 prop_inc 0 fast_inc 0 eta_inc 135558 multi_dec -134624 quick_dec -92057 nack_dec -535350
Flow Uec_1218_0 flowId 50 uecSrc 49 finished at 2697.13 total messages 1 total packets 257 RTS 0 total bytes 1050102 in_flight now 0 fair_inc 47736 prop_inc 14666 fast_inc 0 eta_inc 143532 multi_dec -134991 quick_dec -72659 nack_dec -510450
Flow Uec_6468_0 flowId 58 uecSrc 57 finished at 2705.21 total messages 1 total packets 257 RTS 0 total bytes 1050102 in_flight now 0 fair_inc 12378 prop_inc 15137 fast_inc 0 eta_inc 142203 multi_dec -127245 quick_dec -44160 nack_dec -493850
Flow Uec_4544_0 flowId 35 uecSrc 34 finished at 2711.12 total messages 1 total packets 257 RTS 0 total bytes 1050102 in_flight now 0 fair_inc 14846 prop_inc 8403 fast_inc 0 eta_inc 144861 multi_dec -135235 quick_dec -73024 nack_dec -518750
Flow Uec_2593_0 flowId 28 uecSrc 27 finished at 2713.05 total messages 1 total packets 257 RTS 0 total bytes 1050102 in_flight now 0 fair_inc 18718 prop_inc 12701 fast_inc 0 eta_inc 146190 multi_dec -139874 quick_dec -115095 nack_dec -568550
Flow Uec_1801_0 flowId 2 uecSrc 1 finished at 2714.15 total messages 1 total packets 257 RTS 0 total bytes 1050102 in_flight now 0 fair_inc 38880 prop_inc 16612 fast_inc 0 eta_inc 142203 multi_dec -120359 quick_dec -113822 nack_dec -514600
Flow Uec_1631_0 flowId 24 uecSrc 23 finished at 2716.58 total messages 1 total packets 257 RTS 0 total bytes 1050102 in_flight now 0 fair_inc 22006 prop_inc 9135 fast_inc 0 eta_inc 139545 multi_dec -116253 quick_dec -61907 nack_dec -514600
Flow Uec_301_0 flowId 37 uecSrc 36 finished at 2721.5 total messages 1 total packets 257 RTS 0 total bytes 1050102 in_flight now 0 fair_inc 56803 prop_inc 15364 fast_inc 0 eta_inc 138216 multi_dec -121799 quick_dec -35488 nack_dec -531200
Flow Uec_1980_0 flowId 21 uecSrc 20 finished at 2725.26 total messages 1 total packets 257 RTS 0 total bytes 1050102 in_flight now 0 fair_inc 17131 prop_inc 15707 fast_inc 0 eta_inc 138216 multi_dec -106007 quick_dec -59293 nack_dec -531200
Flow Uec_1159_0 flowId 31 uecSrc 30 finished at 2726.86 total messages 1 total packets 257 RTS 0 total bytes 1050102 in_flight now 0 fair_inc 13302 prop_inc 18194 fast_inc 0 eta_inc 140874 multi_dec -125858 quick_dec -60608 nack_dec -510450
Flow Uec_2422_0 flowId 56 uecSrc 55 finished at 2728.62 total messages 1 total packets 257 RTS 0 total bytes 1050102 in_flight now 0 fair_inc 0 prop_inc 15836 fast_inc 0 eta_inc 142203 multi_dec -125598 quick_dec -43570 nack_dec -493850
Flow Uec_6348_0 flowId 62 uecSrc 61 finished at 2734.54 total messages 1 total packets 257 RTS 0 total bytes 1050102 in_flight now 0 fair_inc 6684 prop_inc 11847 fast_inc 0 eta_inc 138216 multi_dec -105505 quick_dec -86831 nack_dec -518750
Flow Uec_6711_0 flowId 1 uecSrc 0 finished at 2735.8 total messages 1 total packets 257 RTS 0 total bytes 1050102 in_flight now 0 fair_inc 24195 prop_inc 17101 fast_inc 0 eta_inc 143532 multi_dec -126747 quick_dec -95316 nack_dec -551950
Flow Uec_967_0 flowId 5 uecSrc 4 finished at 2746.05 total messages 1 total packets 257 RTS 0 total bytes 1050102 in_flight now 0 fair_inc 21132 prop_inc 27013 fast_inc 0 eta_inc 142203 multi_dec -121680 quick_dec -60639 nack_dec -564400
Flow Uec_6877_0 flowId 33 uecSrc 32 finished at 2751.31 total messages 1 total packets 257 RTS 0 total bytes 1050102 in_flight now 0 fair_inc 7325 prop_inc 26113 fast_inc 0 eta_inc 143532 multi_dec -124539 quick_dec -48072 nack_dec -502150
Flow Uec_3317_0 flowId 12 uecSrc 11 finished at 2758.57 total messages 1 total packets 257 RTS 0 total bytes 1050102 in_flight now 0 fair_inc 17143 prop_inc 40680 fast_inc 17998 eta_inc 143532 multi_dec -114462 quick_dec -107824 nack_dec -547800
Flow Uec_7902_0 flowId 46 uecSrc 45 finished at 2759.17 total messages 1 total packets 257 RTS 0 total bytes 1050102 in_flight now 0 fair_inc 0 prop_inc 33183 fast_inc 8999 eta_inc 146190 multi_dec -119081 quick_dec -20594 nack_dec -498000
Flow Uec_1096_0 flowId 47 uecSrc 46 finished at 2760.6 total messages 1 total packets 257 RTS 0 total bytes 1050102 in_flight now 0 fair_inc 0 prop_inc 38899 fast_inc 0 eta_inc 143532 multi_dec -117090 quick_dec -76969 nack_dec -498000
Flow Uec_5473_0 flowId 32 uecSrc 31 finished at 2763.16 total messages 1 total packets 257 RTS 0 total bytes 1050102 in_flight now 0 fair_inc 17831 prop_inc 42909 fast_inc 8171 eta_inc 136887 multi_dec -102760 quick_dec -97267 nack_dec -543650
Flow Uec_7301_0 flowId 13 uecSrc 12 finished at 2765.98 total messages 1 total packets 257 RTS 0 total bytes 1050102 in_flight now 0 fair_inc 10321 prop_inc 36330 fast_inc 37418 eta_inc 147519 multi_dec -117982 quick_dec -68317 nack_dec -498000
New: 16448 Rtx: 7854 RTS: 0 Bounced: 0 ACKs: 16253 NACKs: 7854 Pulls: 0 sleek_pkts: 0
SPURIOUS_COUNT 0
