.Flow Uec_46_0 flowId 2 uecSrc 1 finished at 80000.1 total messages 1 total packets 16425 RTS 0 total bytes 67112550 in_flight now 0 fair_inc 3014458 prop_inc 62975 fast_inc 0 eta_inc 5238918 multi_dec -7566913 quick_dec --895410 nack_dec -4672900
Flow Uec_404_0 flowId 20 uecSrc 19 finished at 81614.6 total messages 1 total packets 16425 RTS 0 total bytes 67112550 in_flight now 0 fair_inc 2669036 prop_inc 83604 fast_inc 0 eta_inc 4497336 multi_dec -6879933 quick_dec -733106 nack_dec -1830614
Flow Uec_2796_0 flowId 5 uecSrc 4 finished at 81832.4 total messages 1 total packets 16425 RTS 0 total bytes 67112550 in_flight now 0 fair_inc 2610686 prop_inc 62544 fast_inc 0 eta_inc 4501323 multi_dec -6954677 quick_dec -617025 nack_dec -1871650
Flow Uec_7972_0 flowId 29 uecSrc 28 finished at 82537.9 total messages 1 total packets 16425 RTS 0 total bytes 67112550 in_flight now 0 fair_inc 2612237 prop_inc 70062 fast_inc 0 eta_inc 4535877 multi_dec -6991330 quick_dec -737231 nack_dec -1850900
Flow Uec_932_0 flowId 10 uecSrc 9 finished at 83125.5 total messages 1 total packets 16425 RTS 0 total bytes 67112550 in_flight now 0 fair_inc 2543810 prop_inc 80325 fast_inc 0 eta_inc 4565115 multi_dec -6800368 quick_dec -612275 nack_dec -1855050
Flow Uec_3140_0 flowId 22 uecSrc 21 finished at 83130.9 total messages 1 total packets 16425 RTS 0 total bytes 67112550 in_flight now 0 fair_inc 2541867 prop_inc 73618 fast_inc 0 eta_inc 4577076 multi_dec -7012971 quick_dec -739474 nack_dec -1846750
Flow Uec_2648_0 flowId 18 uecSrc 17 finished at 84129.5 total messages 1 total packets 16425 RTS 0 total bytes 67112550 in_flight now 0 fair_inc 2598973 prop_inc 70815 fast_inc 0 eta_inc 4638210 multi_dec -7014937 quick_dec -754191 nack_dec -1846750
Flow Uec_4903_0 flowId 24 uecSrc 23 finished at 84131 total messages 1 total packets 16425 RTS 0 total bytes 67112550 in_flight now 0 fair_inc 2461023 prop_inc 76371 fast_inc 0 eta_inc 4630236 multi_dec -6909623 quick_dec -809828 nack_dec -1792800
Flow Uec_3235_0 flowId 4 uecSrc 3 finished at 84637.4 total messages 1 total packets 16425 RTS 0 total bytes 67112550 in_flight now 0 fair_inc 2409888 prop_inc 62841 fast_inc 0 eta_inc 4662132 multi_dec -6859823 quick_dec -610642 nack_dec -1838450
Flow Uec_1570_0 flowId 25 uecSrc 24 finished at 84777.8 total messages 1 total packets 16425 RTS 0 total bytes 67112550 in_flight now 0 fair_inc 2618252 prop_inc 54499 fast_inc 0 eta_inc 4666119 multi_dec -7010216 quick_dec -612292 nack_dec -1867500
Flow Uec_6673_0 flowId 32 uecSrc 31 finished at 84989.9 total messages 1 total packets 16425 RTS 0 total bytes 67112550 in_flight now 0 fair_inc 2514771 prop_inc 86379 fast_inc 0 eta_inc 4684725 multi_dec -6987275 quick_dec -760597 nack_dec -1871650
Flow Uec_4790_0 flowId 23 uecSrc 22 finished at 85498.1 total messages 1 total packets 16425 RTS 0 total bytes 67112550 in_flight now 0 fair_inc 2541168 prop_inc 71137 fast_inc 0 eta_inc 4707318 multi_dec -6814048 quick_dec -840075 nack_dec -1792800
Flow Uec_5652_0 flowId 1 uecSrc 0 finished at 85535.8 total messages 1 total packets 16425 RTS 0 total bytes 67112550 in_flight now 0 fair_inc 2338861 prop_inc 82960 fast_inc 0 eta_inc 4700673 multi_dec -6944793 quick_dec -561870 nack_dec -1871650
Flow Uec_756_0 flowId 16 uecSrc 15 finished at 85917.3 total messages 1 total packets 16425 RTS 0 total bytes 67112550 in_flight now 0 fair_inc 2505972 prop_inc 72296 fast_inc 0 eta_inc 4711305 multi_dec -7000512 quick_dec -771021 nack_dec -1904850
Flow Uec_725_0 flowId 7 uecSrc 6 finished at 86036.5 total messages 1 total packets 16425 RTS 0 total bytes 67112550 in_flight now 0 fair_inc 2435132 prop_inc 65137 fast_inc 0 eta_inc 4736556 multi_dec -7023428 quick_dec -608540 nack_dec -1900700
Flow Uec_3347_0 flowId 26 uecSrc 25 finished at 86039.9 total messages 1 total packets 16425 RTS 0 total bytes 67112550 in_flight now 0 fair_inc 2439539 prop_inc 72754 fast_inc 0 eta_inc 4743201 multi_dec -6884017 quick_dec -790731 nack_dec -1834300
Flow Uec_4250_0 flowId 28 uecSrc 27 finished at 86300.5 total messages 1 total packets 16425 RTS 0 total bytes 67112550 in_flight now 0 fair_inc 2544241 prop_inc 65254 fast_inc 0 eta_inc 4752504 multi_dec -6993477 quick_dec -723588 nack_dec -1925600
Flow Uec_7991_0 flowId 13 uecSrc 12 finished at 86336.7 total messages 1 total packets 16425 RTS 0 total bytes 67112550 in_flight now 0 fair_inc 2472978 prop_inc 86796 fast_inc 0 eta_inc 4743201 multi_dec -6811877 quick_dec -905126 nack_dec -2075000
Flow Uec_1176_0 flowId 8 uecSrc 7 finished at 86343.2 total messages 1 total packets 16425 RTS 0 total bytes 67112550 in_flight now 0 fair_inc 2441907 prop_inc 80656 fast_inc 0 eta_inc 4756491 multi_dec -6880063 quick_dec -717761 nack_dec -1879950
Flow Uec_5742_0 flowId 27 uecSrc 26 finished at 86462.6 total messages 1 total packets 16425 RTS 0 total bytes 67112550 in_flight now 0 fair_inc 2562454 prop_inc 71511 fast_inc 0 eta_inc 4756491 multi_dec -7032023 quick_dec -755120 nack_dec -1842600
Flow Uec_721_0 flowId 31 uecSrc 30 finished at 86582.8 total messages 1 total packets 16425 RTS 0 total bytes 67112550 in_flight now 0 fair_inc 2541627 prop_inc 63125 fast_inc 0 eta_inc 4765794 multi_dec -6847511 quick_dec -811117 nack_dec -1958800
Flow Uec_2852_0 flowId 17 uecSrc 16 finished at 86626 total messages 1 total packets 16425 RTS 0 total bytes 67112550 in_flight now 0 fair_inc 2400542 prop_inc 75968 fast_inc 0 eta_inc 4755162 multi_dec -6780299 quick_dec -818985 nack_dec -1813550
Flow Uec_4516_0 flowId 12 uecSrc 11 finished at 86714.5 total messages 1 total packets 16425 RTS 0 total bytes 67112550 in_flight now 0 fair_inc 2520489 prop_inc 79851 fast_inc 0 eta_inc 4769781 multi_dec -7083527 quick_dec -917616 nack_dec -1871650
Flow Uec_4363_0 flowId 30 uecSrc 29 finished at 86771.1 total messages 1 total packets 16425 RTS 0 total bytes 67112550 in_flight now 0 fair_inc 2430979 prop_inc 82847 fast_inc 0 eta_inc 4779084 multi_dec -7006464 quick_dec -712184 nack_dec -1896550
Flow Uec_2088_0 flowId 6 uecSrc 5 finished at 86801.3 total messages 1 total packets 16425 RTS 0 total bytes 67112550 in_flight now 0 fair_inc 2450980 prop_inc 63160 fast_inc 0 eta_inc 4784400 multi_dec -6855993 quick_dec -755513 nack_dec -1904850
Flow Uec_3850_0 flowId 21 uecSrc 20 finished at 86829.6 total messages 1 total packets 16425 RTS 0 total bytes 67112550 in_flight now 0 fair_inc 2451486 prop_inc 100130 fast_inc 0 eta_inc 4759149 multi_dec -6934723 quick_dec -887846 nack_dec -1842600
Flow Uec_6334_0 flowId 3 uecSrc 2 finished at 86883.2 total messages 1 total packets 16425 RTS 0 total bytes 67112550 in_flight now 0 fair_inc 2372756 prop_inc 102343 fast_inc 0 eta_inc 4769781 multi_dec -6706751 quick_dec -949767 nack_dec -1809400
Flow Uec_3999_0 flowId 11 uecSrc 10 finished at 86933 total messages 1 total packets 16425 RTS 0 total bytes 67112550 in_flight now 0 fair_inc 2506482 prop_inc 93223 fast_inc 0 eta_inc 4783071 multi_dec -6816709 quick_dec -1052186 nack_dec -1805250
Flow Uec_1997_0 flowId 19 uecSrc 18 finished at 87026.7 total messages 1 total packets 16425 RTS 0 total bytes 67112550 in_flight now 0 fair_inc 2408705 prop_inc 147628 fast_inc 0 eta_inc 4784400 multi_dec -6759243 quick_dec -838439 nack_dec -1971250
Flow Uec_4571_0 flowId 14 uecSrc 13 finished at 87150.7 total messages 1 total packets 16425 RTS 0 total bytes 67112550 in_flight now 0 fair_inc 2394836 prop_inc 150592 fast_inc 0 eta_inc 4808322 multi_dec -6834982 quick_dec -865525 nack_dec -1788650
Flow Uec_3897_0 flowId 9 uecSrc 8 finished at 87280.5 total messages 1 total packets 16425 RTS 0 total bytes 67112550 in_flight now 0 fair_inc 2271403 prop_inc 218944 fast_inc 0 eta_inc 4804335 multi_dec -6605552 quick_dec -884425 nack_dec -1875800
Flow Uec_6726_0 flowId 15 uecSrc 14 finished at 87299.6 total messages 1 total packets 16425 RTS 0 total bytes 67112550 in_flight now 0 fair_inc 2203790 prop_inc 241021 fast_inc 11499 eta_inc 4801677 multi_dec -6699475 quick_dec -720392 nack_dec -1821850
New: 525600 Rtx: 15069 RTS: 0 Bounced: 0 ACKs: 524382 NACKs: 15069 Pulls: 0 sleek_pkts: 0
SPURIOUS_COUNT 0
