Flow Uec_4786_0 flowId 57 uecSrc 56 finished at 7571.8 total messages 1 total packets 514 RTS 0 total bytes 2100204 in_flight now 0 fair_inc 0 prop_inc 0 fast_inc 0 eta_inc 370791 multi_dec -322088 quick_dec -180163 nack_dec -564400
Flow Uec_6566_0 flowId 107 uecSrc 106 finished at 7585.95 total messages 1 total packets 514 RTS 0 total bytes 2100204 in_flight now 0 fair_inc 0 prop_inc 0 fast_inc 0 eta_inc 376107 multi_dec -330709 quick_dec -172648 nack_dec -551950
Flow Uec_5522_0 flowId 110 uecSrc 109 finished at 7598.94 total messages 1 total packets 514 RTS 0 total bytes 2100204 in_flight now 0 fair_inc 0 prop_inc 0 fast_inc 0 eta_inc 369462 multi_dec -323681 quick_dec -185240 nack_dec -572700
Flow Uec_3064_0 flowId 61 uecSrc 60 finished at 7771.17 total messages 1 total packets 514 RTS 0 total bytes 2100204 in_flight now 0 fair_inc 0 prop_inc 0 fast_inc 0 eta_inc 380094 multi_dec -338095 quick_dec -174370 nack_dec -551950
Flow Uec_8186_0 flowId 91 uecSrc 90 finished at 7806.91 total messages 1 total packets 514 RTS 0 total bytes 2100204 in_flight now 0 fair_inc 0 prop_inc 0 fast_inc 0 eta_inc 386739 multi_dec -336183 quick_dec -151946 nack_dec -553048
Flow Uec_4558_0 flowId 52 uecSrc 51 finished at 7810.11 total messages 1 total packets 514 RTS 0 total bytes 2100204 in_flight now 0 fair_inc 0 prop_inc 0 fast_inc 0 eta_inc 389397 multi_dec -348315 quick_dec -198686 nack_dec -535350
Flow Uec_3942_0 flowId 54 uecSrc 53 finished at 7846.67 total messages 1 total packets 514 RTS 0 total bytes 2100204 in_flight now 0 fair_inc 0 prop_inc 0 fast_inc 0 eta_inc 386739 multi_dec -344875 quick_dec -181375 nack_dec -564400
Flow Uec_5399_0 flowId 70 uecSrc 69 finished at 7852.36 total messages 1 total packets 514 RTS 0 total bytes 2100204 in_flight now 0 fair_inc 0 prop_inc 0 fast_inc 0 eta_inc 382752 multi_dec -342711 quick_dec -187468 nack_dec -564400
Flow Uec_4838_0 flowId 45 uecSrc 44 finished at 8006.72 total messages 1 total packets 514 RTS 0 total bytes 2100204 in_flight now 0 fair_inc 0 prop_inc 0 fast_inc 0 eta_inc 398700 multi_dec -363765 quick_dec -163504 nack_dec -539500
Flow Uec_6235_0 flowId 117 uecSrc 116 finished at 8057.23 total messages 1 total packets 514 RTS 0 total bytes 2100204 in_flight now 0 fair_inc 0 prop_inc 0 fast_inc 0 eta_inc 385410 multi_dec -332246 quick_dec -167142 nack_dec -601750
Flow Uec_4265_0 flowId 97 uecSrc 96 finished at 8114.98 total messages 1 total packets 514 RTS 0 total bytes 2100204 in_flight now 0 fair_inc 0 prop_inc 0 fast_inc 0 eta_inc 394713 multi_dec -357839 quick_dec -140030 nack_dec -572700
Flow Uec_5933_0 flowId 53 uecSrc 52 finished at 8182.82 total messages 1 total packets 514 RTS 0 total bytes 2100204 in_flight now 0 fair_inc 0 prop_inc 0 fast_inc 0 eta_inc 408003 multi_dec -368105 quick_dec -185479 nack_dec -547800
Flow Uec_2229_0 flowId 115 uecSrc 114 finished at 8338.71 total messages 1 total packets 514 RTS 0 total bytes 2100204 in_flight now 0 fair_inc 0 prop_inc 0 fast_inc 0 eta_inc 406674 multi_dec -351758 quick_dec -161337 nack_dec -560250
Flow Uec_6382_0 flowId 4 uecSrc 3 finished at 8347.55 total messages 1 total packets 514 RTS 0 total bytes 2100204 in_flight now 0 fair_inc 0 prop_inc 0 fast_inc 0 eta_inc 415977 multi_dec -373484 quick_dec -172779 nack_dec -547800
Flow Uec_7536_0 flowId 80 uecSrc 79 finished at 8385.61 total messages 1 total packets 514 RTS 0 total bytes 2100204 in_flight now 0 fair_inc 0 prop_inc 817 fast_inc 0 eta_inc 418635 multi_dec -374408 quick_dec -177399 nack_dec -556100
Flow Uec_1431_0 flowId 8 uecSrc 7 finished at 8665.07 total messages 1 total packets 514 RTS 0 total bytes 2100204 in_flight now 0 fair_inc 0 prop_inc 0 fast_inc 0 eta_inc 430596 multi_dec -398279 quick_dec -187206 nack_dec -536448
Flow Uec_7567_0 flowId 7 uecSrc 6 finished at 8675.41 total messages 1 total packets 514 RTS 0 total bytes 2100204 in_flight now 0 fair_inc 0 prop_inc 0 fast_inc 0 eta_inc 433254 multi_dec -408007 quick_dec -158365 nack_dec -556100
Flow Uec_4033_0 flowId 116 uecSrc 115 finished at 8963.35 total messages 1 total packets 514 RTS 0 total bytes 2100204 in_flight now 0 fair_inc 0 prop_inc 318 fast_inc 0 eta_inc 445215 multi_dec -403375 quick_dec -190511 nack_dec -547800
Flow Uec_6828_0 flowId 60 uecSrc 59 finished at 8996.86 total messages 1 total packets 514 RTS 0 total bytes 2100204 in_flight now 0 fair_inc 0 prop_inc 0 fast_inc 0 eta_inc 447873 multi_dec -402468 quick_dec -154933 nack_dec -547800
Flow Uec_5876_0 flowId 37 uecSrc 36 finished at 8997.24 total messages 1 total packets 514 RTS 0 total bytes 2100204 in_flight now 0 fair_inc 0 prop_inc 0 fast_inc 0 eta_inc 438570 multi_dec -381295 quick_dec -158196 nack_dec -589300
Flow Uec_3002_0 flowId 101 uecSrc 100 finished at 8997.78 total messages 1 total packets 514 RTS 0 total bytes 2100204 in_flight now 0 fair_inc 0 prop_inc 0 fast_inc 0 eta_inc 431925 multi_dec -367196 quick_dec -179175 nack_dec -585150
Flow Uec_7797_0 flowId 89 uecSrc 88 finished at 9031.69 total messages 1 total packets 514 RTS 0 total bytes 2100204 in_flight now 0 fair_inc 0 prop_inc 0 fast_inc 0 eta_inc 455847 multi_dec -427319 quick_dec -174584 nack_dec -535350
Flow Uec_6699_0 flowId 78 uecSrc 77 finished at 9113.59 total messages 1 total packets 514 RTS 0 total bytes 2100204 in_flight now 0 fair_inc 0 prop_inc 0 fast_inc 0 eta_inc 458505 multi_dec -424444 quick_dec -157624 nack_dec -560250
Flow Uec_3222_0 flowId 109 uecSrc 108 finished at 9202.45 total messages 1 total packets 514 RTS 0 total bytes 2100204 in_flight now 0 fair_inc 6033 prop_inc 0 fast_inc 0 eta_inc 446544 multi_dec -419270 quick_dec -149983 nack_dec -593450
Flow Uec_5102_0 flowId 86 uecSrc 85 finished at 9285.66 total messages 1 total packets 514 RTS 0 total bytes 2100204 in_flight now 0 fair_inc 0 prop_inc 0 fast_inc 0 eta_inc 449202 multi_dec -410082 quick_dec -165161 nack_dec -593450
Flow Uec_251_0 flowId 84 uecSrc 83 finished at 9310.26 total messages 1 total packets 514 RTS 0 total bytes 2100204 in_flight now 0 fair_inc 5181 prop_inc 1754 fast_inc 0 eta_inc 520968 multi_dec -478352 quick_dec --28466 nack_dec -547800
Flow Uec_5865_0 flowId 20 uecSrc 19 finished at 9351.66 total messages 1 total packets 514 RTS 0 total bytes 2100204 in_flight now 0 fair_inc 0 prop_inc 0 fast_inc 0 eta_inc 463821 multi_dec -426483 quick_dec -186640 nack_dec -576850
Flow Uec_6363_0 flowId 25 uecSrc 24 finished at 9490.04 total messages 1 total packets 514 RTS 0 total bytes 2100204 in_flight now 0 fair_inc 0 prop_inc 0 fast_inc 0 eta_inc 483756 multi_dec -462025 quick_dec -194256 nack_dec -514600
Flow Uec_1811_0 flowId 85 uecSrc 84 finished at 9506.02 total messages 1 total packets 514 RTS 0 total bytes 2100204 in_flight now 0 fair_inc 6036 prop_inc 0 fast_inc 0 eta_inc 469137 multi_dec -433955 quick_dec -175006 nack_dec -581000
Flow Uec_7715_0 flowId 81 uecSrc 80 finished at 9567.15 total messages 1 total packets 514 RTS 0 total bytes 2100204 in_flight now 0 fair_inc 12123 prop_inc 0 fast_inc 0 eta_inc 481098 multi_dec -484709 quick_dec -185087 nack_dec -564400
Flow Uec_4019_0 flowId 126 uecSrc 125 finished at 9586.78 total messages 1 total packets 514 RTS 0 total bytes 2100204 in_flight now 0 fair_inc 6014 prop_inc 0 fast_inc 0 eta_inc 463821 multi_dec -412890 quick_dec -150496 nack_dec -634950
Flow Uec_3013_0 flowId 33 uecSrc 32 finished at 9713.99 total messages 1 total packets 514 RTS 0 total bytes 2100204 in_flight now 0 fair_inc 0 prop_inc 0 fast_inc 0 eta_inc 485085 multi_dec -429926 quick_dec -210822 nack_dec -560250
Flow Uec_4063_0 flowId 18 uecSrc 17 finished at 9817.53 total messages 1 total packets 514 RTS 0 total bytes 2100204 in_flight now 0 fair_inc 6029 prop_inc 0 fast_inc 0 eta_inc 486414 multi_dec -465837 quick_dec -170401 nack_dec -581000
Flow Uec_1565_0 flowId 112 uecSrc 111 finished at 9822.34 total messages 1 total packets 514 RTS 0 total bytes 2100204 in_flight now 0 fair_inc 0 prop_inc 0 fast_inc 0 eta_inc 477111 multi_dec -416937 quick_dec -210602 nack_dec -589300
Flow Uec_7751_0 flowId 30 uecSrc 29 finished at 9939.92 total messages 1 total packets 514 RTS 0 total bytes 2100204 in_flight now 0 fair_inc 0 prop_inc 0 fast_inc 0 eta_inc 497046 multi_dec -440621 quick_dec -188020 nack_dec -568550
Flow Uec_7888_0 flowId 26 uecSrc 25 finished at 9947.76 total messages 1 total packets 514 RTS 0 total bytes 2100204 in_flight now 0 fair_inc 0 prop_inc 0 fast_inc 0 eta_inc 501033 multi_dec -470940 quick_dec -162036 nack_dec -551950
Flow Uec_1203_0 flowId 51 uecSrc 50 finished at 9968.07 total messages 1 total packets 514 RTS 0 total bytes 2100204 in_flight now 0 fair_inc 6063 prop_inc 0 fast_inc 0 eta_inc 481098 multi_dec -420616 quick_dec -162162 nack_dec -630800
Flow Uec_7380_0 flowId 100 uecSrc 99 finished at 10019.4 total messages 1 total packets 514 RTS 0 total bytes 2100204 in_flight now 0 fair_inc 4710 prop_inc 0 fast_inc 0 eta_inc 497046 multi_dec -493033 quick_dec -184698 nack_dec -572700
Flow Uec_3842_0 flowId 41 uecSrc 40 finished at 10077.6 total messages 1 total packets 514 RTS 0 total bytes 2100204 in_flight now 0 fair_inc 0 prop_inc 0 fast_inc 0 eta_inc 498375 multi_dec -467171 quick_dec -157373 nack_dec -572700
Flow Uec_2942_0 flowId 111 uecSrc 110 finished at 10108.2 total messages 1 total packets 514 RTS 0 total bytes 2100204 in_flight now 0 fair_inc 0 prop_inc 0 fast_inc 0 eta_inc 493059 multi_dec -439697 quick_dec -180955 nack_dec -618350
Flow Uec_7509_0 flowId 106 uecSrc 105 finished at 10120.4 total messages 1 total packets 514 RTS 0 total bytes 2100204 in_flight now 0 fair_inc 0 prop_inc 0 fast_inc 0 eta_inc 515652 multi_dec -486881 quick_dec -182299 nack_dec -531200
Flow Uec_1041_0 flowId 124 uecSrc 123 finished at 10127.1 total messages 1 total packets 514 RTS 0 total bytes 2100204 in_flight now 0 fair_inc 18592 prop_inc 0 fast_inc 0 eta_inc 516981 multi_dec -517528 quick_dec -177413 nack_dec -547800
Flow Uec_7454_0 flowId 119 uecSrc 118 finished at 10148.5 total messages 1 total packets 514 RTS 0 total bytes 2100204 in_flight now 0 fair_inc 18312 prop_inc 0 fast_inc 0 eta_inc 507678 multi_dec -508557 quick_dec -228516 nack_dec -556100
Flow Uec_2906_0 flowId 39 uecSrc 38 finished at 10156.1 total messages 1 total packets 514 RTS 0 total bytes 2100204 in_flight now 0 fair_inc 0 prop_inc 0 fast_inc 0 eta_inc 503691 multi_dec -459002 quick_dec -179982 nack_dec -561348
Flow Uec_5923_0 flowId 13 uecSrc 12 finished at 10184.8 total messages 1 total packets 514 RTS 0 total bytes 2100204 in_flight now 0 fair_inc 6061 prop_inc 0 fast_inc 0 eta_inc 507678 multi_dec -497949 quick_dec -194687 nack_dec -543650
Flow Uec_689_0 flowId 12 uecSrc 11 finished at 10223.7 total messages 1 total packets 514 RTS 0 total bytes 2100204 in_flight now 0 fair_inc 6034 prop_inc 0 fast_inc 0 eta_inc 515652 multi_dec -490830 quick_dec -173360 nack_dec -556100
Flow Uec_2008_0 flowId 82 uecSrc 81 finished at 10227.4 total messages 1 total packets 514 RTS 0 total bytes 2100204 in_flight now 0 fair_inc 6051 prop_inc 0 fast_inc 0 eta_inc 501033 multi_dec -448022 quick_dec -196785 nack_dec -618350
Flow Uec_576_0 flowId 123 uecSrc 122 finished at 10228 total messages 1 total packets 514 RTS 0 total bytes 2100204 in_flight now 0 fair_inc 26205 prop_inc 0 fast_inc 0 eta_inc 511665 multi_dec -468612 quick_dec -165975 nack_dec -572700
Flow Uec_2753_0 flowId 71 uecSrc 70 finished at 10265.7 total messages 1 total packets 514 RTS 0 total bytes 2100204 in_flight now 0 fair_inc 10355 prop_inc 0 fast_inc 0 eta_inc 510336 multi_dec -483798 quick_dec -167089 nack_dec -597600
Flow Uec_27_0 flowId 128 uecSrc 127 finished at 10283.6 total messages 1 total packets 514 RTS 0 total bytes 2100204 in_flight now 0 fair_inc 6052 prop_inc 2902 fast_inc 0 eta_inc 548877 multi_dec -459428 quick_dec -9208 nack_dec -634950
Flow Uec_3458_0 flowId 23 uecSrc 22 finished at 10294.2 total messages 1 total packets 514 RTS 0 total bytes 2100204 in_flight now 0 fair_inc 6021 prop_inc 0 fast_inc 0 eta_inc 514323 multi_dec -494283 quick_dec -181816 nack_dec -560250
Flow Uec_2366_0 flowId 87 uecSrc 86 finished at 10352 total messages 1 total packets 514 RTS 0 total bytes 2100204 in_flight now 0 fair_inc 6091 prop_inc 0 fast_inc 0 eta_inc 523626 multi_dec -510257 quick_dec -194585 nack_dec -551950
Flow Uec_6711_0 flowId 9 uecSrc 8 finished at 10355.7 total messages 1 total packets 514 RTS 0 total bytes 2100204 in_flight now 0 fair_inc 18279 prop_inc 0 fast_inc 0 eta_inc 518310 multi_dec -498135 quick_dec -159707 nack_dec -568550
Flow Uec_7838_0 flowId 56 uecSrc 55 finished at 10426.1 total messages 1 total packets 514 RTS 0 total bytes 2100204 in_flight now 0 fair_inc 5622 prop_inc 0 fast_inc 0 eta_inc 527613 multi_dec -487370 quick_dec -157084 nack_dec -556100
Flow Uec_381_0 flowId 1 uecSrc 0 finished at 10428.6 total messages 1 total packets 514 RTS 0 total bytes 2100204 in_flight now 0 fair_inc 11909 prop_inc 0 fast_inc 0 eta_inc 512994 multi_dec -478248 quick_dec -191131 nack_dec -610050
Flow Uec_6817_0 flowId 120 uecSrc 119 finished at 10442.6 total messages 1 total packets 514 RTS 0 total bytes 2100204 in_flight now 0 fair_inc 12024 prop_inc 0 fast_inc 0 eta_inc 531600 multi_dec -503697 quick_dec -201326 nack_dec -551950
Flow Uec_6679_0 flowId 73 uecSrc 72 finished at 10478.7 total messages 1 total packets 514 RTS 0 total bytes 2100204 in_flight now 0 fair_inc 6164 prop_inc 0 fast_inc 0 eta_inc 530271 multi_dec -492607 quick_dec -181794 nack_dec -556100
Flow Uec_6740_0 flowId 102 uecSrc 101 finished at 10493.2 total messages 1 total packets 514 RTS 0 total bytes 2100204 in_flight now 0 fair_inc 6030 prop_inc 0 fast_inc 0 eta_inc 516981 multi_dec -472998 quick_dec -164842 nack_dec -585150
Flow Uec_1069_0 flowId 29 uecSrc 28 finished at 10528.6 total messages 1 total packets 514 RTS 0 total bytes 2100204 in_flight now 0 fair_inc 6240 prop_inc 0 fast_inc 0 eta_inc 538245 multi_dec -509735 quick_dec -187030 nack_dec -527050
Flow Uec_4506_0 flowId 34 uecSrc 33 finished at 10552.9 total messages 1 total packets 514 RTS 0 total bytes 2100204 in_flight now 0 fair_inc 0 prop_inc 0 fast_inc 0 eta_inc 527613 multi_dec -475440 quick_dec -172739 nack_dec -551950
Flow Uec_5589_0 flowId 5 uecSrc 4 finished at 10587.3 total messages 1 total packets 514 RTS 0 total bytes 2100204 in_flight now 0 fair_inc 6112 prop_inc 0 fast_inc 0 eta_inc 542232 multi_dec -515008 quick_dec -182377 nack_dec -539500
Flow Uec_6546_0 flowId 99 uecSrc 98 finished at 10606.6 total messages 1 total packets 514 RTS 0 total bytes 2100204 in_flight now 0 fair_inc 5630 prop_inc 0 fast_inc 0 eta_inc 515652 multi_dec -456552 quick_dec -170062 nack_dec -626650
Flow Uec_7194_0 flowId 113 uecSrc 112 finished at 10648.7 total messages 1 total packets 514 RTS 0 total bytes 2100204 in_flight now 0 fair_inc 0 prop_inc 0 fast_inc 0 eta_inc 536916 multi_dec -501072 quick_dec -159090 nack_dec -543650
Flow Uec_6373_0 flowId 93 uecSrc 92 finished at 10648.8 total messages 1 total packets 514 RTS 0 total bytes 2100204 in_flight now 0 fair_inc 16654 prop_inc 0 fast_inc 0 eta_inc 520968 multi_dec -481265 quick_dec -250709 nack_dec -655700
Flow Uec_764_0 flowId 76 uecSrc 75 finished at 10670.1 total messages 1 total packets 514 RTS 0 total bytes 2100204 in_flight now 0 fair_inc 6113 prop_inc 0 fast_inc 0 eta_inc 531600 multi_dec -487778 quick_dec -169093 nack_dec -576850
Flow Uec_4862_0 flowId 27 uecSrc 26 finished at 10677.3 total messages 1 total packets 514 RTS 0 total bytes 2100204 in_flight now 0 fair_inc 11944 prop_inc 0 fast_inc 0 eta_inc 534258 multi_dec -501554 quick_dec -194716 nack_dec -576850
Flow Uec_1119_0 flowId 21 uecSrc 20 finished at 10722.2 total messages 1 total packets 514 RTS 0 total bytes 2100204 in_flight now 0 fair_inc 0 prop_inc 0 fast_inc 0 eta_inc 551535 multi_dec -525122 quick_dec -177554 nack_dec -514600
Flow Uec_4404_0 flowId 108 uecSrc 107 finished at 10723.4 total messages 1 total packets 514 RTS 0 total bytes 2100204 in_flight now 0 fair_inc 6281 prop_inc 0 fast_inc 0 eta_inc 548877 multi_dec -505692 quick_dec -195053 nack_dec -543650
Flow Uec_5108_0 flowId 77 uecSrc 76 finished at 10724 total messages 1 total packets 514 RTS 0 total bytes 2100204 in_flight now 0 fair_inc 11884 prop_inc 0 fast_inc 0 eta_inc 539574 multi_dec -501309 quick_dec -203489 nack_dec -568550
Flow Uec_4317_0 flowId 19 uecSrc 18 finished at 10725.8 total messages 1 total packets 514 RTS 0 total bytes 2100204 in_flight now 0 fair_inc 0 prop_inc 0 fast_inc 0 eta_inc 538245 multi_dec -499163 quick_dec -181097 nack_dec -564400
Flow Uec_2693_0 flowId 68 uecSrc 67 finished at 10727 total messages 1 total packets 514 RTS 0 total bytes 2100204 in_flight now 0 fair_inc 0 prop_inc 0 fast_inc 0 eta_inc 531600 multi_dec -480723 quick_dec -200398 nack_dec -610050
Flow Uec_3182_0 flowId 47 uecSrc 46 finished at 10727.9 total messages 1 total packets 514 RTS 0 total bytes 2100204 in_flight now 0 fair_inc 11238 prop_inc 0 fast_inc 0 eta_inc 530271 multi_dec -469883 quick_dec -173637 nack_dec -639100
Flow Uec_1571_0 flowId 17 uecSrc 16 finished at 10739.2 total messages 1 total packets 514 RTS 0 total bytes 2100204 in_flight now 0 fair_inc 11199 prop_inc 0 fast_inc 0 eta_inc 538245 multi_dec -494629 quick_dec -242230 nack_dec -593450
Flow Uec_5276_0 flowId 15 uecSrc 14 finished at 10749.7 total messages 1 total packets 514 RTS 0 total bytes 2100204 in_flight now 0 fair_inc 15324 prop_inc 0 fast_inc 0 eta_inc 532929 multi_dec -484031 quick_dec -190703 nack_dec -622500
Flow Uec_560_0 flowId 22 uecSrc 21 finished at 10751.1 total messages 1 total packets 514 RTS 0 total bytes 2100204 in_flight now 0 fair_inc 11949 prop_inc 0 fast_inc 0 eta_inc 538245 multi_dec -511243 quick_dec -207848 nack_dec -576850
Flow Uec_4730_0 flowId 72 uecSrc 71 finished at 10753.3 total messages 1 total packets 514 RTS 0 total bytes 2100204 in_flight now 0 fair_inc 17136 prop_inc 16 fast_inc 0 eta_inc 538245 multi_dec -497106 quick_dec -199741 nack_dec -576850
Flow Uec_1600_0 flowId 127 uecSrc 126 finished at 10757.2 total messages 1 total packets 514 RTS 0 total bytes 2100204 in_flight now 0 fair_inc 6283 prop_inc 0 fast_inc 0 eta_inc 540903 multi_dec -507203 quick_dec -194392 nack_dec -589300
Flow Uec_5695_0 flowId 92 uecSrc 91 finished at 10764.1 total messages 1 total packets 514 RTS 0 total bytes 2100204 in_flight now 0 fair_inc 0 prop_inc 0 fast_inc 0 eta_inc 527613 multi_dec -471868 quick_dec -173342 nack_dec -634950
Flow Uec_4841_0 flowId 10 uecSrc 9 finished at 10773.3 total messages 1 total packets 514 RTS 0 total bytes 2100204 in_flight now 0 fair_inc 6260 prop_inc 0 fast_inc 0 eta_inc 544890 multi_dec -509315 quick_dec -175935 nack_dec -543650
Flow Uec_6391_0 flowId 6 uecSrc 5 finished at 10774.1 total messages 1 total packets 514 RTS 0 total bytes 2100204 in_flight now 0 fair_inc 17284 prop_inc 0 fast_inc 0 eta_inc 532929 multi_dec -496535 quick_dec -185401 nack_dec -610050
Flow Uec_7588_0 flowId 95 uecSrc 94 finished at 10777.1 total messages 1 total packets 514 RTS 0 total bytes 2100204 in_flight now 0 fair_inc 6514 prop_inc 0 fast_inc 0 eta_inc 523626 multi_dec -472113 quick_dec -176246 nack_dec -626650
Flow Uec_7562_0 flowId 43 uecSrc 42 finished at 10777.4 total messages 1 total packets 514 RTS 0 total bytes 2100204 in_flight now 0 fair_inc 24626 prop_inc 0 fast_inc 0 eta_inc 543561 multi_dec -517198 quick_dec -211080 nack_dec -572700
Flow Uec_978_0 flowId 118 uecSrc 117 finished at 10778.9 total messages 1 total packets 514 RTS 0 total bytes 2100204 in_flight now 0 fair_inc 6294 prop_inc 0 fast_inc 0 eta_inc 546219 multi_dec -507312 quick_dec -188409 nack_dec -560250
Flow Uec_7076_0 flowId 28 uecSrc 27 finished at 10780.6 total messages 1 total packets 514 RTS 0 total bytes 2100204 in_flight now 0 fair_inc 5691 prop_inc 1535 fast_inc 0 eta_inc 551535 multi_dec -522573 quick_dec -185839 nack_dec -547800
Flow Uec_1661_0 flowId 59 uecSrc 58 finished at 10785.9 total messages 1 total packets 514 RTS 0 total bytes 2100204 in_flight now 0 fair_inc 6205 prop_inc 4238 fast_inc 0 eta_inc 544890 multi_dec -511933 quick_dec -181274 nack_dec -556100
Flow Uec_5382_0 flowId 58 uecSrc 57 finished at 10790.8 total messages 1 total packets 514 RTS 0 total bytes 2100204 in_flight now 0 fair_inc 0 prop_inc 0 fast_inc 0 eta_inc 547548 multi_dec -516771 quick_dec -183333 nack_dec -543650
Flow Uec_3216_0 flowId 44 uecSrc 43 finished at 10793.2 total messages 1 total packets 514 RTS 0 total bytes 2100204 in_flight now 0 fair_inc 5688 prop_inc 637 fast_inc 0 eta_inc 535587 multi_dec -496347 quick_dec -160671 nack_dec -576850
Flow Uec_5106_0 flowId 31 uecSrc 30 finished at 10793.7 total messages 1 total packets 514 RTS 0 total bytes 2100204 in_flight now 0 fair_inc 12613 prop_inc 534 fast_inc 0 eta_inc 540903 multi_dec -504270 quick_dec -188077 nack_dec -568550
Flow Uec_1129_0 flowId 14 uecSrc 13 finished at 10804.2 total messages 1 total packets 514 RTS 0 total bytes 2100204 in_flight now 0 fair_inc 12187 prop_inc 930 fast_inc 0 eta_inc 543561 multi_dec -517549 quick_dec -169640 nack_dec -581000
Flow Uec_2527_0 flowId 125 uecSrc 124 finished at 10820.7 total messages 1 total packets 514 RTS 0 total bytes 2100204 in_flight now 0 fair_inc 17863 prop_inc 0 fast_inc 0 eta_inc 540903 multi_dec -512213 quick_dec -193321 nack_dec -585150
Flow Uec_2018_0 flowId 103 uecSrc 102 finished at 10827.2 total messages 1 total packets 514 RTS 0 total bytes 2100204 in_flight now 0 fair_inc 6037 prop_inc 2901 fast_inc 0 eta_inc 538245 multi_dec -479524 quick_dec -194594 nack_dec -601750
Flow Uec_2677_0 flowId 38 uecSrc 37 finished at 10845.7 total messages 1 total packets 514 RTS 0 total bytes 2100204 in_flight now 0 fair_inc 0 prop_inc 119 fast_inc 0 eta_inc 550206 multi_dec -518718 quick_dec -176506 nack_dec -531200
Flow Uec_579_0 flowId 62 uecSrc 61 finished at 10845.9 total messages 1 total packets 514 RTS 0 total bytes 2100204 in_flight now 0 fair_inc 6188 prop_inc 2798 fast_inc 0 eta_inc 547548 multi_dec -498426 quick_dec -185806 nack_dec -560250
Flow Uec_3757_0 flowId 35 uecSrc 34 finished at 10849.6 total messages 1 total packets 514 RTS 0 total bytes 2100204 in_flight now 0 fair_inc 6093 prop_inc 2946 fast_inc 0 eta_inc 544890 multi_dec -509004 quick_dec -163288 nack_dec -589300
Flow Uec_5457_0 flowId 121 uecSrc 120 finished at 10852.4 total messages 1 total packets 514 RTS 0 total bytes 2100204 in_flight now 0 fair_inc 16174 prop_inc 3288 fast_inc 0 eta_inc 531600 multi_dec -476233 quick_dec -175259 nack_dec -610050
Flow Uec_2438_0 flowId 104 uecSrc 103 finished at 10854.8 total messages 1 total packets 514 RTS 0 total bytes 2100204 in_flight now 0 fair_inc 12198 prop_inc 0 fast_inc 0 eta_inc 538245 multi_dec -509190 quick_dec -186357 nack_dec -614200
Flow Uec_4106_0 flowId 65 uecSrc 64 finished at 10857.2 total messages 1 total packets 514 RTS 0 total bytes 2100204 in_flight now 0 fair_inc 12899 prop_inc 0 fast_inc 0 eta_inc 544890 multi_dec -514393 quick_dec -160553 nack_dec -551950
Flow Uec_6681_0 flowId 79 uecSrc 78 finished at 10858.2 total messages 1 total packets 514 RTS 0 total bytes 2100204 in_flight now 0 fair_inc 12831 prop_inc 2475 fast_inc 0 eta_inc 542232 multi_dec -516486 quick_dec -178701 nack_dec -560250
Flow Uec_3291_0 flowId 66 uecSrc 65 finished at 10859.1 total messages 1 total packets 514 RTS 0 total bytes 2100204 in_flight now 0 fair_inc 38025 prop_inc 232 fast_inc 0 eta_inc 534258 multi_dec -493574 quick_dec -191538 nack_dec -630800
Flow Uec_2958_0 flowId 3 uecSrc 2 finished at 10866.8 total messages 1 total packets 514 RTS 0 total bytes 2100204 in_flight now 0 fair_inc 12694 prop_inc 116 fast_inc 0 eta_inc 542232 multi_dec -488097 quick_dec -203921 nack_dec -597600
Flow Uec_385_0 flowId 83 uecSrc 82 finished at 10872 total messages 1 total packets 514 RTS 0 total bytes 2100204 in_flight now 0 fair_inc 6036 prop_inc 1528 fast_inc 0 eta_inc 548877 multi_dec -485597 quick_dec -216268 nack_dec -568550
Flow Uec_3202_0 flowId 114 uecSrc 113 finished at 10874 total messages 1 total packets 514 RTS 0 total bytes 2100204 in_flight now 0 fair_inc 11004 prop_inc 4436 fast_inc 0 eta_inc 543561 multi_dec -483520 quick_dec -190075 nack_dec -626650
Flow Uec_7196_0 flowId 88 uecSrc 87 finished at 10879 total messages 1 total packets 514 RTS 0 total bytes 2100204 in_flight now 0 fair_inc 0 prop_inc 4731 fast_inc 0 eta_inc 543561 multi_dec -495430 quick_dec -131669 nack_dec -601750
Flow Uec_5109_0 flowId 40 uecSrc 39 finished at 10881.1 total messages 1 total packets 514 RTS 0 total bytes 2100204 in_flight now 0 fair_inc 11793 prop_inc 1868 fast_inc 0 eta_inc 540903 multi_dec -494366 quick_dec -174297 nack_dec -589300
Flow Uec_2377_0 flowId 2 uecSrc 1 finished at 10881.8 total messages 1 total packets 514 RTS 0 total bytes 2100204 in_flight now 0 fair_inc 0 prop_inc 2060 fast_inc 0 eta_inc 531600 multi_dec -469138 quick_dec -184419 nack_dec -618350
Flow Uec_5163_0 flowId 50 uecSrc 49 finished at 10886.6 total messages 1 total packets 514 RTS 0 total bytes 2100204 in_flight now 0 fair_inc 13052 prop_inc 3251 fast_inc 0 eta_inc 540903 multi_dec -493702 quick_dec -158950 nack_dec -593450
Flow Uec_3159_0 flowId 24 uecSrc 23 finished at 10887.5 total messages 1 total packets 514 RTS 0 total bytes 2100204 in_flight now 0 fair_inc 5973 prop_inc 4321 fast_inc 0 eta_inc 544890 multi_dec -482028 quick_dec -207083 nack_dec -601750
Flow Uec_4524_0 flowId 32 uecSrc 31 finished at 10888 total messages 1 total packets 514 RTS 0 total bytes 2100204 in_flight now 0 fair_inc 0 prop_inc 1749 fast_inc 0 eta_inc 558180 multi_dec -524357 quick_dec -152476 nack_dec -531200
Flow Uec_1553_0 flowId 75 uecSrc 74 finished at 10892.6 total messages 1 total packets 514 RTS 0 total bytes 2100204 in_flight now 0 fair_inc 6764 prop_inc 4312 fast_inc 0 eta_inc 547548 multi_dec -500616 quick_dec -143234 nack_dec -568550
Flow Uec_1286_0 flowId 67 uecSrc 66 finished at 10900.4 total messages 1 total packets 514 RTS 0 total bytes 2100204 in_flight now 0 fair_inc 5631 prop_inc 6011 fast_inc 0 eta_inc 547548 multi_dec -500449 quick_dec -198987 nack_dec -581000
Flow Uec_5791_0 flowId 74 uecSrc 73 finished at 10909.1 total messages 1 total packets 514 RTS 0 total bytes 2100204 in_flight now 0 fair_inc 6574 prop_inc 6518 fast_inc 0 eta_inc 551535 multi_dec -499323 quick_dec -167739 nack_dec -564400
Flow Uec_5946_0 flowId 94 uecSrc 93 finished at 10909.5 total messages 1 total packets 514 RTS 0 total bytes 2100204 in_flight now 0 fair_inc 11988 prop_inc 12981 fast_inc 0 eta_inc 535587 multi_dec -482986 quick_dec -193302 nack_dec -597600
Flow Uec_5270_0 flowId 69 uecSrc 68 finished at 10912.3 total messages 1 total packets 514 RTS 0 total bytes 2100204 in_flight now 0 fair_inc 19860 prop_inc 17717 fast_inc 0 eta_inc 532929 multi_dec -496298 quick_dec -171244 nack_dec -626650
Flow Uec_6147_0 flowId 122 uecSrc 121 finished at 10918.4 total messages 1 total packets 514 RTS 0 total bytes 2100204 in_flight now 0 fair_inc 11399 prop_inc 9043 fast_inc 0 eta_inc 546219 multi_dec -503718 quick_dec -177851 nack_dec -585150
Flow Uec_2105_0 flowId 11 uecSrc 10 finished at 10919.1 total messages 1 total packets 514 RTS 0 total bytes 2100204 in_flight now 0 fair_inc 15379 prop_inc 2852 fast_inc 0 eta_inc 539574 multi_dec -483847 quick_dec -160927 nack_dec -634950
Flow Uec_1353_0 flowId 105 uecSrc 104 finished at 10931.7 total messages 1 total packets 514 RTS 0 total bytes 2100204 in_flight now 0 fair_inc 0 prop_inc 19373 fast_inc 0 eta_inc 552864 multi_dec -501988 quick_dec -155541 nack_dec -551950
Flow Uec_531_0 flowId 36 uecSrc 35 finished at 10934.8 total messages 1 total packets 514 RTS 0 total bytes 2100204 in_flight now 0 fair_inc 10754 prop_inc 24895 fast_inc 0 eta_inc 547548 multi_dec -492856 quick_dec -201286 nack_dec -585150
Flow Uec_1988_0 flowId 55 uecSrc 54 finished at 10939.8 total messages 1 total packets 514 RTS 0 total bytes 2100204 in_flight now 0 fair_inc 5183 prop_inc 19982 fast_inc 0 eta_inc 547548 multi_dec -473047 quick_dec -201536 nack_dec -589300
Flow Uec_5272_0 flowId 49 uecSrc 48 finished at 10940.5 total messages 1 total packets 514 RTS 0 total bytes 2100204 in_flight now 0 fair_inc 12307 prop_inc 16522 fast_inc 0 eta_inc 552864 multi_dec -503071 quick_dec -146438 nack_dec -593450
Flow Uec_500_0 flowId 16 uecSrc 15 finished at 10940.5 total messages 1 total packets 514 RTS 0 total bytes 2100204 in_flight now 0 fair_inc 5762 prop_inc 22748 fast_inc 0 eta_inc 542232 multi_dec -488134 quick_dec -146586 nack_dec -597600
Flow Uec_969_0 flowId 64 uecSrc 63 finished at 10940.9 total messages 1 total packets 514 RTS 0 total bytes 2100204 in_flight now 0 fair_inc 6698 prop_inc 25108 fast_inc 0 eta_inc 535587 multi_dec -473813 quick_dec -168241 nack_dec -622500
Flow Uec_6841_0 flowId 42 uecSrc 41 finished at 10949.1 total messages 1 total packets 514 RTS 0 total bytes 2100204 in_flight now 0 fair_inc 20561 prop_inc 26856 fast_inc 0 eta_inc 534258 multi_dec -481267 quick_dec -190728 nack_dec -626650
Flow Uec_5602_0 flowId 46 uecSrc 45 finished at 10954.6 total messages 1 total packets 514 RTS 0 total bytes 2100204 in_flight now 0 fair_inc 5743 prop_inc 40029 fast_inc 0 eta_inc 548877 multi_dec -485378 quick_dec -199869 nack_dec -593450
Flow Uec_2271_0 flowId 63 uecSrc 62 finished at 10957.3 total messages 1 total packets 514 RTS 0 total bytes 2100204 in_flight now 0 fair_inc 0 prop_inc 41976 fast_inc 0 eta_inc 543561 multi_dec -493790 quick_dec -208565 nack_dec -585150
Flow Uec_295_0 flowId 48 uecSrc 47 finished at 10958.8 total messages 1 total packets 514 RTS 0 total bytes 2100204 in_flight now 0 fair_inc 4710 prop_inc 47725 fast_inc 0 eta_inc 543561 multi_dec -476322 quick_dec -163751 nack_dec -605900
Flow Uec_803_0 flowId 90 uecSrc 89 finished at 10962.6 total messages 1 total packets 514 RTS 0 total bytes 2100204 in_flight now 0 fair_inc 0 prop_inc 37843 fast_inc 11844 eta_inc 552864 multi_dec -500890 quick_dec -187673 nack_dec -585150
Flow Uec_1855_0 flowId 98 uecSrc 97 finished at 10979.6 total messages 1 total packets 514 RTS 0 total bytes 2100204 in_flight now 0 fair_inc 6034 prop_inc 39174 fast_inc 34340 eta_inc 550206 multi_dec -487778 quick_dec -181154 nack_dec -593450
Flow Uec_3231_0 flowId 96 uecSrc 95 finished at 10986.2 total messages 1 total packets 514 RTS 0 total bytes 2100204 in_flight now 0 fair_inc 5184 prop_inc 56019 fast_inc 20842 eta_inc 551535 multi_dec -488445 quick_dec -189083 nack_dec -593450
New: 65792 Rtx: 17814 RTS: 0 Bounced: 0 ACKs: 65526 NACKs: 17814 Pulls: 0 sleek_pkts: 0
SPURIOUS_COUNT 0
