Flow Uec_4328_0 flowId 4 uecSrc 3 finished at 36783.8 total messages 1 total packets 16425 RTS 0 total bytes 67112550 in_flight now 0 fair_inc 23890 prop_inc 0 fast_inc 0 eta_inc 6645 multi_dec -0 quick_dec -14275 nack_dec -489700
.Flow Uec_5261_0 flowId 53 uecSrc 52 finished at 52078.7 total messages 1 total packets 16425 RTS 0 total bytes 67112550 in_flight now 0 fair_inc 44092 prop_inc 0 fast_inc 0 eta_inc 11961 multi_dec -0 quick_dec -23126 nack_dec -556100
.Flow Uec_95_0 flowId 49 uecSrc 48 finished at 142781 total messages 1 total packets 16425 RTS 0 total bytes 67112550 in_flight now 0 fair_inc 538957 prop_inc 12819 fast_inc 0 eta_inc 9421281 multi_dec -10193966 quick_dec --366562 nack_dec -1290650
Flow Uec_20_0 flowId 62 uecSrc 61 finished at 145338 total messages 1 total packets 16425 RTS 0 total bytes 67112550 in_flight now 0 fair_inc 437881 prop_inc 5764 fast_inc 0 eta_inc 9606012 multi_dec -10180433 quick_dec --255049 nack_dec -1087300
.Flow Uec_3264_0 flowId 29 uecSrc 28 finished at 158157 total messages 1 total packets 16425 RTS 0 total bytes 67112550 in_flight now 0 fair_inc 451247 prop_inc 0 fast_inc 0 eta_inc 8622552 multi_dec -9170426 quick_dec -162808 nack_dec -776050
Flow Uec_7435_0 flowId 28 uecSrc 27 finished at 162161 total messages 1 total packets 16425 RTS 0 total bytes 67112550 in_flight now 0 fair_inc 560269 prop_inc 3680 fast_inc 0 eta_inc 8847153 multi_dec -9795434 quick_dec -136701 nack_dec -780200
Flow Uec_6950_0 flowId 61 uecSrc 60 finished at 163828 total messages 1 total packets 16425 RTS 0 total bytes 67112550 in_flight now 0 fair_inc 590463 prop_inc 0 fast_inc 0 eta_inc 8930880 multi_dec -9709115 quick_dec -229211 nack_dec -892250
Flow Uec_6160_0 flowId 63 uecSrc 62 finished at 166702 total messages 1 total packets 16425 RTS 0 total bytes 67112550 in_flight now 0 fair_inc 496645 prop_inc 0 fast_inc 0 eta_inc 9083715 multi_dec -9831208 quick_dec -87475 nack_dec -784350
Flow Uec_7089_0 flowId 40 uecSrc 39 finished at 168010 total messages 1 total packets 16425 RTS 0 total bytes 67112550 in_flight now 0 fair_inc 569139 prop_inc 0 fast_inc 0 eta_inc 9162126 multi_dec -10021640 quick_dec -164116 nack_dec -805100
Flow Uec_2915_0 flowId 64 uecSrc 63 finished at 168225 total messages 1 total packets 16425 RTS 0 total bytes 67112550 in_flight now 0 fair_inc 542724 prop_inc 0 fast_inc 0 eta_inc 9176745 multi_dec -9979882 quick_dec -154291 nack_dec -742850
Flow Uec_8092_0 flowId 33 uecSrc 32 finished at 168734 total messages 1 total packets 16425 RTS 0 total bytes 67112550 in_flight now 0 fair_inc 555672 prop_inc 0 fast_inc 0 eta_inc 9192693 multi_dec -9922397 quick_dec -199695 nack_dec -900550
Flow Uec_1894_0 flowId 34 uecSrc 33 finished at 170009 total messages 1 total packets 16425 RTS 0 total bytes 67112550 in_flight now 0 fair_inc 565196 prop_inc 0 fast_inc 0 eta_inc 9272433 multi_dec -10183250 quick_dec -107595 nack_dec -834150
Flow Uec_5377_0 flowId 11 uecSrc 10 finished at 170186 total messages 1 total packets 16425 RTS 0 total bytes 67112550 in_flight now 0 fair_inc 562054 prop_inc 0 fast_inc 0 eta_inc 9263130 multi_dec -10009950 quick_dec -120349 nack_dec -883950
Flow Uec_6012_0 flowId 39 uecSrc 38 finished at 170539 total messages 1 total packets 16425 RTS 0 total bytes 67112550 in_flight now 0 fair_inc 622372 prop_inc 0 fast_inc 0 eta_inc 9296355 multi_dec -10115544 quick_dec -273959 nack_dec -859050
Flow Uec_1707_0 flowId 24 uecSrc 23 finished at 170548 total messages 1 total packets 16425 RTS 0 total bytes 67112550 in_flight now 0 fair_inc 544548 prop_inc 41 fast_inc 0 eta_inc 9299013 multi_dec -10093091 quick_dec -201250 nack_dec -834150
Flow Uec_7063_0 flowId 47 uecSrc 46 finished at 170713 total messages 1 total packets 16425 RTS 0 total bytes 67112550 in_flight now 0 fair_inc 633143 prop_inc 77 fast_inc 0 eta_inc 9305658 multi_dec -10171528 quick_dec -203612 nack_dec -908850
Flow Uec_7954_0 flowId 16 uecSrc 15 finished at 170809 total messages 1 total packets 16425 RTS 0 total bytes 67112550 in_flight now 0 fair_inc 633943 prop_inc 308 fast_inc 0 eta_inc 9308316 multi_dec -10235180 quick_dec -194272 nack_dec -946200
Flow Uec_3133_0 flowId 14 uecSrc 13 finished at 171204 total messages 1 total packets 16425 RTS 0 total bytes 67112550 in_flight now 0 fair_inc 632481 prop_inc 106 fast_inc 0 eta_inc 9328251 multi_dec -10202626 quick_dec -232220 nack_dec -871500
Flow Uec_3134_0 flowId 1 uecSrc 0 finished at 171216 total messages 1 total packets 16425 RTS 0 total bytes 67112550 in_flight now 0 fair_inc 547842 prop_inc 624 fast_inc 0 eta_inc 9334896 multi_dec -10183298 quick_dec -185522 nack_dec -792650
Flow Uec_653_0 flowId 20 uecSrc 19 finished at 171266 total messages 1 total packets 16425 RTS 0 total bytes 67112550 in_flight now 0 fair_inc 609740 prop_inc 86 fast_inc 0 eta_inc 9338883 multi_dec -10279024 quick_dec -210349 nack_dec -830464
Flow Uec_7043_0 flowId 5 uecSrc 4 finished at 171376 total messages 1 total packets 16425 RTS 0 total bytes 67112550 in_flight now 0 fair_inc 518470 prop_inc 1818 fast_inc 0 eta_inc 9341541 multi_dec -10103919 quick_dec -136553 nack_dec -830000
Flow Uec_1847_0 flowId 57 uecSrc 56 finished at 171800 total messages 1 total packets 16425 RTS 0 total bytes 67112550 in_flight now 0 fair_inc 561460 prop_inc 1176 fast_inc 0 eta_inc 9373437 multi_dec -10255274 quick_dec -206225 nack_dec -817550
Flow Uec_1439_0 flowId 22 uecSrc 21 finished at 171887 total messages 1 total packets 16425 RTS 0 total bytes 67112550 in_flight now 0 fair_inc 541294 prop_inc 513 fast_inc 0 eta_inc 9376095 multi_dec -10351366 quick_dec -193968 nack_dec -796800
Flow Uec_7281_0 flowId 32 uecSrc 31 finished at 171952 total messages 1 total packets 16425 RTS 0 total bytes 67112550 in_flight now 0 fair_inc 560098 prop_inc 831 fast_inc 0 eta_inc 9384069 multi_dec -10263781 quick_dec -168874 nack_dec -846600
Flow Uec_2875_0 flowId 36 uecSrc 35 finished at 171965 total messages 1 total packets 16425 RTS 0 total bytes 67112550 in_flight now 0 fair_inc 594207 prop_inc 0 fast_inc 0 eta_inc 9376095 multi_dec -10290983 quick_dec -168413 nack_dec -834150
Flow Uec_1531_0 flowId 18 uecSrc 17 finished at 172192 total messages 1 total packets 16425 RTS 0 total bytes 67112550 in_flight now 0 fair_inc 647443 prop_inc 140 fast_inc 0 eta_inc 9378753 multi_dec -10269014 quick_dec -150821 nack_dec -987700
Flow Uec_5127_0 flowId 56 uecSrc 55 finished at 172379 total messages 1 total packets 16425 RTS 0 total bytes 67112550 in_flight now 0 fair_inc 562357 prop_inc 2089 fast_inc 0 eta_inc 9407991 multi_dec -10381506 quick_dec -171908 nack_dec -800950
Flow Uec_3081_0 flowId 12 uecSrc 11 finished at 172505 total messages 1 total packets 16425 RTS 0 total bytes 67112550 in_flight now 0 fair_inc 535483 prop_inc 601 fast_inc 0 eta_inc 9400017 multi_dec -10286862 quick_dec -131452 nack_dec -796800
Flow Uec_3308_0 flowId 27 uecSrc 26 finished at 172545 total messages 1 total packets 16425 RTS 0 total bytes 67112550 in_flight now 0 fair_inc 585728 prop_inc 1878 fast_inc 0 eta_inc 9410649 multi_dec -10316189 quick_dec -189097 nack_dec -854900
Flow Uec_7901_0 flowId 31 uecSrc 30 finished at 172584 total messages 1 total packets 16425 RTS 0 total bytes 67112550 in_flight now 0 fair_inc 631946 prop_inc 1585 fast_inc 0 eta_inc 9421281 multi_dec -10307931 quick_dec -165439 nack_dec -800950
Flow Uec_7527_0 flowId 42 uecSrc 41 finished at 172642 total messages 1 total packets 16425 RTS 0 total bytes 67112550 in_flight now 0 fair_inc 624428 prop_inc 528 fast_inc 0 eta_inc 9417294 multi_dec -10152572 quick_dec -213002 nack_dec -929600
Flow Uec_3293_0 flowId 25 uecSrc 24 finished at 172676 total messages 1 total packets 16425 RTS 0 total bytes 67112550 in_flight now 0 fair_inc 585047 prop_inc 2116 fast_inc 0 eta_inc 9398688 multi_dec -10277197 quick_dec -168147 nack_dec -917150
Flow Uec_5927_0 flowId 45 uecSrc 44 finished at 172723 total messages 1 total packets 16425 RTS 0 total bytes 67112550 in_flight now 0 fair_inc 548712 prop_inc 1627 fast_inc 0 eta_inc 9400017 multi_dec -10131269 quick_dec -190172 nack_dec -942050
Flow Uec_2402_0 flowId 43 uecSrc 42 finished at 172730 total messages 1 total packets 16425 RTS 0 total bytes 67112550 in_flight now 0 fair_inc 664357 prop_inc 1822 fast_inc 0 eta_inc 9423939 multi_dec -10365462 quick_dec -252398 nack_dec -921300
Flow Uec_4369_0 flowId 23 uecSrc 22 finished at 172820 total messages 1 total packets 16425 RTS 0 total bytes 67112550 in_flight now 0 fair_inc 596727 prop_inc 1650 fast_inc 0 eta_inc 9427926 multi_dec -10243153 quick_dec -215093 nack_dec -817550
Flow Uec_2989_0 flowId 13 uecSrc 12 finished at 173031 total messages 1 total packets 16425 RTS 0 total bytes 67112550 in_flight now 0 fair_inc 552947 prop_inc 480 fast_inc 0 eta_inc 9434571 multi_dec -10311924 quick_dec -158569 nack_dec -879800
Flow Uec_4031_0 flowId 30 uecSrc 29 finished at 173051 total messages 1 total packets 16425 RTS 0 total bytes 67112550 in_flight now 0 fair_inc 551681 prop_inc 1643 fast_inc 0 eta_inc 9429255 multi_dec -10308421 quick_dec -177149 nack_dec -871500
Flow Uec_2339_0 flowId 3 uecSrc 2 finished at 173169 total messages 1 total packets 16425 RTS 0 total bytes 67112550 in_flight now 0 fair_inc 579176 prop_inc 1102 fast_inc 0 eta_inc 9437229 multi_dec -10136076 quick_dec -155401 nack_dec -846600
Flow Uec_6375_0 flowId 15 uecSrc 14 finished at 173309 total messages 1 total packets 16425 RTS 0 total bytes 67112550 in_flight now 0 fair_inc 550503 prop_inc 1844 fast_inc 0 eta_inc 9446532 multi_dec -10227297 quick_dec -82512 nack_dec -809250
Flow Uec_1500_0 flowId 9 uecSrc 8 finished at 173444 total messages 1 total packets 16425 RTS 0 total bytes 67112550 in_flight now 0 fair_inc 562792 prop_inc 7012 fast_inc 0 eta_inc 9457164 multi_dec -10259630 quick_dec -205705 nack_dec -830000
Flow Uec_646_0 flowId 44 uecSrc 43 finished at 173449 total messages 1 total packets 16425 RTS 0 total bytes 67112550 in_flight now 0 fair_inc 539775 prop_inc 3706 fast_inc 0 eta_inc 9455835 multi_dec -10138046 quick_dec -205788 nack_dec -913000
Flow Uec_6678_0 flowId 6 uecSrc 5 finished at 173494 total messages 1 total packets 16425 RTS 0 total bytes 67112550 in_flight now 0 fair_inc 564072 prop_inc 2001 fast_inc 0 eta_inc 9442545 multi_dec -10182328 quick_dec -109761 nack_dec -900550
Flow Uec_2330_0 flowId 35 uecSrc 34 finished at 173512 total messages 1 total packets 16425 RTS 0 total bytes 67112550 in_flight now 0 fair_inc 597618 prop_inc 4336 fast_inc 0 eta_inc 9461151 multi_dec -10318668 quick_dec -170081 nack_dec -863200
Flow Uec_3421_0 flowId 55 uecSrc 54 finished at 173538 total messages 1 total packets 16425 RTS 0 total bytes 67112550 in_flight now 0 fair_inc 577094 prop_inc 3410 fast_inc 0 eta_inc 9457164 multi_dec -10224915 quick_dec -163052 nack_dec -917150
Flow Uec_3738_0 flowId 52 uecSrc 51 finished at 173651 total messages 1 total packets 16425 RTS 0 total bytes 67112550 in_flight now 0 fair_inc 562706 prop_inc 5817 fast_inc 0 eta_inc 9454506 multi_dec -10234753 quick_dec -168079 nack_dec -875650
Flow Uec_3384_0 flowId 46 uecSrc 45 finished at 173681 total messages 1 total packets 16425 RTS 0 total bytes 67112550 in_flight now 0 fair_inc 619162 prop_inc 3285 fast_inc 0 eta_inc 9466467 multi_dec -10245088 quick_dec -222075 nack_dec -958650
Flow Uec_6043_0 flowId 51 uecSrc 50 finished at 173752 total messages 1 total packets 16425 RTS 0 total bytes 67112550 in_flight now 0 fair_inc 489291 prop_inc 14587 fast_inc 0 eta_inc 9481086 multi_dec -10330019 quick_dec -103435 nack_dec -759450
Flow Uec_5215_0 flowId 2 uecSrc 1 finished at 173760 total messages 1 total packets 16425 RTS 0 total bytes 67112550 in_flight now 0 fair_inc 468746 prop_inc 6559 fast_inc 0 eta_inc 9461151 multi_dec -10109012 quick_dec -97903 nack_dec -842450
Flow Uec_7945_0 flowId 19 uecSrc 18 finished at 173776 total messages 1 total packets 16425 RTS 0 total bytes 67112550 in_flight now 0 fair_inc 603398 prop_inc 7472 fast_inc 0 eta_inc 9462480 multi_dec -10162003 quick_dec -207920 nack_dec -854900
Flow Uec_285_0 flowId 21 uecSrc 20 finished at 173838 total messages 1 total packets 16425 RTS 0 total bytes 67112550 in_flight now 0 fair_inc 557617 prop_inc 4526 fast_inc 0 eta_inc 9474441 multi_dec -10220073 quick_dec -102536 nack_dec -879800
Flow Uec_3237_0 flowId 60 uecSrc 59 finished at 173912 total messages 1 total packets 16425 RTS 0 total bytes 67112550 in_flight now 0 fair_inc 522224 prop_inc 13995 fast_inc 0 eta_inc 9474441 multi_dec -10199996 quick_dec -109751 nack_dec -888100
Flow Uec_4260_0 flowId 7 uecSrc 6 finished at 174172 total messages 1 total packets 16425 RTS 0 total bytes 67112550 in_flight now 0 fair_inc 497648 prop_inc 8240 fast_inc 0 eta_inc 9487731 multi_dec -10102769 quick_dec -200912 nack_dec -846600
Flow Uec_6453_0 flowId 17 uecSrc 16 finished at 174184 total messages 1 total packets 16425 RTS 0 total bytes 67112550 in_flight now 0 fair_inc 511340 prop_inc 8096 fast_inc 0 eta_inc 9487731 multi_dec -10145095 quick_dec -149572 nack_dec -896400
Flow Uec_1965_0 flowId 8 uecSrc 7 finished at 174226 total messages 1 total packets 16425 RTS 0 total bytes 67112550 in_flight now 0 fair_inc 596384 prop_inc 8952 fast_inc 0 eta_inc 9491718 multi_dec -10206325 quick_dec -228668 nack_dec -925450
Flow Uec_5959_0 flowId 37 uecSrc 36 finished at 174260 total messages 1 total packets 16425 RTS 0 total bytes 67112550 in_flight now 0 fair_inc 621554 prop_inc 10301 fast_inc 0 eta_inc 9501021 multi_dec -10276556 quick_dec -245282 nack_dec -871500
Flow Uec_853_0 flowId 26 uecSrc 25 finished at 174263 total messages 1 total packets 16425 RTS 0 total bytes 67112550 in_flight now 0 fair_inc 612646 prop_inc 10990 fast_inc 0 eta_inc 9499692 multi_dec -10136002 quick_dec -324773 nack_dec -983550
Flow Uec_3352_0 flowId 41 uecSrc 40 finished at 174289 total messages 1 total packets 16425 RTS 0 total bytes 67112550 in_flight now 0 fair_inc 555758 prop_inc 12309 fast_inc 0 eta_inc 9507666 multi_dec -10130809 quick_dec -243883 nack_dec -825850
Flow Uec_772_0 flowId 58 uecSrc 57 finished at 174317 total messages 1 total packets 16425 RTS 0 total bytes 67112550 in_flight now 0 fair_inc 557873 prop_inc 23242 fast_inc 0 eta_inc 9516969 multi_dec -10192905 quick_dec -247669 nack_dec -796800
Flow Uec_5077_0 flowId 38 uecSrc 37 finished at 174422 total messages 1 total packets 16425 RTS 0 total bytes 67112550 in_flight now 0 fair_inc 536692 prop_inc 45668 fast_inc 0 eta_inc 9503679 multi_dec -10166673 quick_dec -89353 nack_dec -854900
Flow Uec_4912_0 flowId 50 uecSrc 49 finished at 174461 total messages 1 total packets 16425 RTS 0 total bytes 67112550 in_flight now 0 fair_inc 569568 prop_inc 49937 fast_inc 0 eta_inc 9510324 multi_dec -10080561 quick_dec -261626 nack_dec -917150
Flow Uec_3114_0 flowId 54 uecSrc 53 finished at 174481 total messages 1 total packets 16425 RTS 0 total bytes 67112550 in_flight now 0 fair_inc 573033 prop_inc 61364 fast_inc 0 eta_inc 9497034 multi_dec -10095323 quick_dec -180370 nack_dec -1079000
Flow Uec_2707_0 flowId 48 uecSrc 47 finished at 174498 total messages 1 total packets 16425 RTS 0 total bytes 67112550 in_flight now 0 fair_inc 575041 prop_inc 77264 fast_inc 0 eta_inc 9506337 multi_dec -10085597 quick_dec -237367 nack_dec -913000
Flow Uec_5522_0 flowId 10 uecSrc 9 finished at 174536 total messages 1 total packets 16425 RTS 0 total bytes 67112550 in_flight now 0 fair_inc 458891 prop_inc 109581 fast_inc 62993 eta_inc 9518298 multi_dec -9925735 quick_dec -250493 nack_dec -900550
Flow Uec_2612_0 flowId 59 uecSrc 58 finished at 174539 total messages 1 total packets 16425 RTS 0 total bytes 67112550 in_flight now 0 fair_inc 456649 prop_inc 130612 fast_inc 62989 eta_inc 9527601 multi_dec -10172055 quick_dec -226619 nack_dec -850750
New: 1051200 Rtx: 13329 RTS: 0 Bounced: 0 ACKs: 1050767 NACKs: 13329 Pulls: 0 sleek_pkts: 0
SPURIOUS_COUNT 0
