Flow Uec_38_34 flowId 1000000253 uecSrc 126 finished at 173.824 total messages 1 total packets 490 RTS 0 total bytes 2002140 in_flight now 0 fair_inc 0 prop_inc 51747 fast_inc 825635 eta_inc 14619 multi_dec -0 quick_dec --6783 nack_dec -307100
Flow Uec_32_33 flowId 1000000181 uecSrc 90 finished at 7116.73 total messages 1 total packets 490 RTS 0 total bytes 2002140 in_flight now 0 fair_inc 0 prop_inc 3508 fast_inc 0 eta_inc 490401 multi_dec -427724 quick_dec --15023 nack_dec -435750
Flow Uec_124_33 flowId 1000000201 uecSrc 100 finished at 7160.83 total messages 1 total packets 490 RTS 0 total bytes 2002140 in_flight now 0 fair_inc 0 prop_inc 0 fast_inc 0 eta_inc 342882 multi_dec -302267 quick_dec -183319 nack_dec -572700
Flow Uec_34_33 flowId 1000000189 uecSrc 94 finished at 7235.59 total messages 1 total packets 490 RTS 0 total bytes 2002140 in_flight now 0 fair_inc 0 prop_inc 3440 fast_inc 0 eta_inc 499704 multi_dec -436058 quick_dec --2331 nack_dec -431600
Flow Uec_89_33 flowId 1000000125 uecSrc 62 finished at 7302.76 total messages 1 total packets 490 RTS 0 total bytes 2002140 in_flight now 0 fair_inc 0 prop_inc 0 fast_inc 0 eta_inc 350856 multi_dec -307412 quick_dec -167134 nack_dec -564400
Flow Uec_93_33 flowId 1000000165 uecSrc 82 finished at 7335.24 total messages 1 total packets 490 RTS 0 total bytes 2002140 in_flight now 0 fair_inc 0 prop_inc 0 fast_inc 0 eta_inc 356172 multi_dec -312706 quick_dec -136262 nack_dec -556100
Flow Uec_108_33 flowId 1000000141 uecSrc 70 finished at 7414.39 total messages 1 total packets 490 RTS 0 total bytes 2002140 in_flight now 0 fair_inc 0 prop_inc 0 fast_inc 0 eta_inc 357501 multi_dec -313035 quick_dec -170468 nack_dec -568550
Flow Uec_1_33 flowId 1000000197 uecSrc 98 finished at 7467.94 total messages 1 total packets 490 RTS 0 total bytes 2002140 in_flight now 0 fair_inc 0 prop_inc 0 fast_inc 0 eta_inc 354843 multi_dec -302409 quick_dec -140981 nack_dec -585150
Flow Uec_85_33 flowId 1000000069 uecSrc 34 finished at 7504.1 total messages 1 total packets 490 RTS 0 total bytes 2002140 in_flight now 0 fair_inc 0 prop_inc 0 fast_inc 0 eta_inc 354843 multi_dec -305103 quick_dec -158886 nack_dec -597600
Flow Uec_94_33 flowId 1000000223 uecSrc 111 finished at 7592.84 total messages 1 total packets 490 RTS 0 total bytes 2002140 in_flight now 0 fair_inc 0 prop_inc 0 fast_inc 0 eta_inc 366804 multi_dec -321627 quick_dec -148679 nack_dec -589300
Flow Uec_82_33 flowId 1000000163 uecSrc 81 finished at 7627.12 total messages 1 total packets 490 RTS 0 total bytes 2002140 in_flight now 0 fair_inc 0 prop_inc 0 fast_inc 0 eta_inc 365475 multi_dec -329523 quick_dec -135214 nack_dec -581000
Flow Uec_74_33 flowId 1000000119 uecSrc 59 finished at 7707.57 total messages 1 total packets 490 RTS 0 total bytes 2002140 in_flight now 0 fair_inc 0 prop_inc 0 fast_inc 0 eta_inc 378765 multi_dec -342639 quick_dec -162659 nack_dec -556100
Flow Uec_22_33 flowId 1000000139 uecSrc 69 finished at 7724.83 total messages 1 total packets 490 RTS 0 total bytes 2002140 in_flight now 0 fair_inc 0 prop_inc 0 fast_inc 0 eta_inc 376107 multi_dec -342183 quick_dec -142510 nack_dec -560250
Flow Uec_97_33 flowId 1000000007 uecSrc 3 finished at 7731.72 total messages 1 total packets 490 RTS 0 total bytes 2002140 in_flight now 0 fair_inc 0 prop_inc 0 fast_inc 0 eta_inc 386739 multi_dec -357286 quick_dec -122739 nack_dec -547800
Flow Uec_35_33 flowId 1000000003 uecSrc 1 finished at 7759.51 total messages 1 total packets 490 RTS 0 total bytes 2002140 in_flight now 0 fair_inc 4710 prop_inc 3415 fast_inc 0 eta_inc 526284 multi_dec -433523 quick_dec -26220 nack_dec -439900
Flow Uec_103_33 flowId 1000000245 uecSrc 122 finished at 7764.61 total messages 1 total packets 490 RTS 0 total bytes 2002140 in_flight now 0 fair_inc 0 prop_inc 0 fast_inc 0 eta_inc 376107 multi_dec -335533 quick_dec -164833 nack_dec -576850
Flow Uec_57_33 flowId 1000000145 uecSrc 72 finished at 7971.53 total messages 1 total packets 490 RTS 0 total bytes 2002140 in_flight now 0 fair_inc 0 prop_inc 0 fast_inc 0 eta_inc 408003 multi_dec -393578 quick_dec -124419 nack_dec -510450
Flow Uec_24_33 flowId 1000000081 uecSrc 40 finished at 8370.77 total messages 1 total packets 490 RTS 0 total bytes 2002140 in_flight now 0 fair_inc 0 prop_inc 0 fast_inc 0 eta_inc 413319 multi_dec -383176 quick_dec -143064 nack_dec -547800
Flow Uec_39_33 flowId 1000000121 uecSrc 60 finished at 8406.86 total messages 1 total packets 490 RTS 0 total bytes 2002140 in_flight now 0 fair_inc 4710 prop_inc 0 fast_inc 0 eta_inc 467808 multi_dec -434123 quick_dec --10107 nack_dec -572700
Flow Uec_72_33 flowId 1000000115 uecSrc 57 finished at 8517.19 total messages 1 total packets 490 RTS 0 total bytes 2002140 in_flight now 0 fair_inc 0 prop_inc 0 fast_inc 0 eta_inc 410661 multi_dec -362355 quick_dec -195454 nack_dec -585150
Flow Uec_95_33 flowId 1000000153 uecSrc 76 finished at 8550.96 total messages 1 total packets 490 RTS 0 total bytes 2002140 in_flight now 0 fair_inc 0 prop_inc 0 fast_inc 0 eta_inc 426609 multi_dec -396446 quick_dec -148085 nack_dec -547800
Flow Uec_87_33 flowId 1000000149 uecSrc 74 finished at 8670.12 total messages 1 total packets 490 RTS 0 total bytes 2002140 in_flight now 0 fair_inc 0 prop_inc 0 fast_inc 0 eta_inc 433254 multi_dec -405647 quick_dec -167495 nack_dec -527050
Flow Uec_105_33 flowId 1000000137 uecSrc 68 finished at 8697.76 total messages 1 total packets 490 RTS 0 total bytes 2002140 in_flight now 0 fair_inc 0 prop_inc 0 fast_inc 0 eta_inc 422622 multi_dec -363470 quick_dec -186392 nack_dec -572700
Flow Uec_119_33 flowId 1000000053 uecSrc 26 finished at 8937.79 total messages 1 total packets 490 RTS 0 total bytes 2002140 in_flight now 0 fair_inc 0 prop_inc 0 fast_inc 0 eta_inc 427938 multi_dec -372111 quick_dec -170647 nack_dec -597600
Flow Uec_91_33 flowId 1000000129 uecSrc 64 finished at 8979.73 total messages 1 total packets 490 RTS 0 total bytes 2002140 in_flight now 0 fair_inc 0 prop_inc 0 fast_inc 0 eta_inc 447873 multi_dec -414621 quick_dec -140527 nack_dec -531200
Flow Uec_17_33 flowId 1000000183 uecSrc 91 finished at 8981.64 total messages 1 total packets 490 RTS 0 total bytes 2002140 in_flight now 0 fair_inc 10813 prop_inc 0 fast_inc 0 eta_inc 445215 multi_dec -442329 quick_dec -175204 nack_dec -551950
Flow Uec_12_33 flowId 1000000099 uecSrc 49 finished at 8992.51 total messages 1 total packets 490 RTS 0 total bytes 2002140 in_flight now 0 fair_inc 5599 prop_inc 0 fast_inc 0 eta_inc 437241 multi_dec -412177 quick_dec -178479 nack_dec -614200
Flow Uec_76_33 flowId 1000000093 uecSrc 46 finished at 9062.98 total messages 1 total packets 490 RTS 0 total bytes 2002140 in_flight now 0 fair_inc 0 prop_inc 0 fast_inc 0 eta_inc 450531 multi_dec -422445 quick_dec -162114 nack_dec -535350
Flow Uec_50_33 flowId 1000000019 uecSrc 9 finished at 9090.61 total messages 1 total packets 490 RTS 0 total bytes 2002140 in_flight now 0 fair_inc 0 prop_inc 0 fast_inc 0 eta_inc 453189 multi_dec -422820 quick_dec -162457 nack_dec -543650
Flow Uec_64_33 flowId 1000000061 uecSrc 30 finished at 9144.82 total messages 1 total packets 490 RTS 0 total bytes 2002140 in_flight now 0 fair_inc 0 prop_inc 0 fast_inc 0 eta_inc 441228 multi_dec -392799 quick_dec -169589 nack_dec -576850
Flow Uec_78_33 flowId 1000000199 uecSrc 99 finished at 9169.48 total messages 1 total packets 490 RTS 0 total bytes 2002140 in_flight now 0 fair_inc 5609 prop_inc 0 fast_inc 0 eta_inc 465150 multi_dec -462224 quick_dec -162279 nack_dec -551950
Flow Uec_116_33 flowId 1000000193 uecSrc 96 finished at 9173.54 total messages 1 total packets 490 RTS 0 total bytes 2002140 in_flight now 0 fair_inc 0 prop_inc 0 fast_inc 0 eta_inc 446544 multi_dec -389369 quick_dec -181847 nack_dec -589300
Flow Uec_83_33 flowId 1000000225 uecSrc 112 finished at 9263.76 total messages 1 total packets 490 RTS 0 total bytes 2002140 in_flight now 0 fair_inc 0 prop_inc 0 fast_inc 0 eta_inc 458505 multi_dec -405630 quick_dec -130222 nack_dec -576850
Flow Uec_46_33 flowId 1000000179 uecSrc 89 finished at 9268.48 total messages 1 total packets 490 RTS 0 total bytes 2002140 in_flight now 0 fair_inc 0 prop_inc 0 fast_inc 0 eta_inc 531600 multi_dec -447727 quick_dec -65492 nack_dec -493850
Flow Uec_125_33 flowId 1000000143 uecSrc 71 finished at 9373 total messages 1 total packets 490 RTS 0 total bytes 2002140 in_flight now 0 fair_inc 6031 prop_inc 0 fast_inc 0 eta_inc 463821 multi_dec -446097 quick_dec -136500 nack_dec -576850
Flow Uec_29_33 flowId 1000000235 uecSrc 117 finished at 9401.8 total messages 1 total packets 490 RTS 0 total bytes 2002140 in_flight now 0 fair_inc 0 prop_inc 0 fast_inc 0 eta_inc 467808 multi_dec -413572 quick_dec -167305 nack_dec -551950
Flow Uec_44_33 flowId 1000000029 uecSrc 14 finished at 9411 total messages 1 total packets 490 RTS 0 total bytes 2002140 in_flight now 0 fair_inc 0 prop_inc 0 fast_inc 0 eta_inc 527613 multi_dec -463151 quick_dec -25978 nack_dec -556100
Flow Uec_3_33 flowId 1000000207 uecSrc 103 finished at 9415.24 total messages 1 total packets 490 RTS 0 total bytes 2002140 in_flight now 0 fair_inc 0 prop_inc 0 fast_inc 0 eta_inc 462492 multi_dec -405377 quick_dec -163175 nack_dec -568550
Flow Uec_84_33 flowId 1000000237 uecSrc 118 finished at 9417.31 total messages 1 total packets 490 RTS 0 total bytes 2002140 in_flight now 0 fair_inc 0 prop_inc 0 fast_inc 0 eta_inc 459834 multi_dec -418392 quick_dec -153579 nack_dec -560250
Flow Uec_4_33 flowId 1000000091 uecSrc 45 finished at 9476.34 total messages 1 total packets 490 RTS 0 total bytes 2002140 in_flight now 0 fair_inc 6038 prop_inc 0 fast_inc 0 eta_inc 469137 multi_dec -435421 quick_dec -132012 nack_dec -593450
Flow Uec_45_33 flowId 1000000157 uecSrc 78 finished at 9496.99 total messages 1 total packets 490 RTS 0 total bytes 2002140 in_flight now 0 fair_inc 0 prop_inc 0 fast_inc 0 eta_inc 548877 multi_dec -493328 quick_dec -41494 nack_dec -514600
Flow Uec_106_33 flowId 1000000063 uecSrc 31 finished at 9553.03 total messages 1 total packets 490 RTS 0 total bytes 2002140 in_flight now 0 fair_inc 0 prop_inc 0 fast_inc 0 eta_inc 462492 multi_dec -403193 quick_dec -169569 nack_dec -610050
Flow Uec_2_33 flowId 1000000075 uecSrc 37 finished at 9564.07 total messages 1 total packets 490 RTS 0 total bytes 2002140 in_flight now 0 fair_inc 6022 prop_inc 0 fast_inc 0 eta_inc 469137 multi_dec -443237 quick_dec -105516 nack_dec -593450
Flow Uec_88_33 flowId 1000000251 uecSrc 125 finished at 9581.41 total messages 1 total packets 490 RTS 0 total bytes 2002140 in_flight now 0 fair_inc 6055 prop_inc 927 fast_inc 0 eta_inc 466479 multi_dec -450262 quick_dec -160792 nack_dec -576850
Flow Uec_19_33 flowId 1000000009 uecSrc 4 finished at 9582.65 total messages 1 total packets 490 RTS 0 total bytes 2002140 in_flight now 0 fair_inc 0 prop_inc 0 fast_inc 0 eta_inc 481098 multi_dec -430614 quick_dec -183713 nack_dec -551950
Flow Uec_52_33 flowId 1000000023 uecSrc 11 finished at 9627.22 total messages 1 total packets 490 RTS 0 total bytes 2002140 in_flight now 0 fair_inc 0 prop_inc 0 fast_inc 0 eta_inc 471795 multi_dec -430062 quick_dec -117551 nack_dec -581000
Flow Uec_31_33 flowId 1000000109 uecSrc 54 finished at 9632.78 total messages 1 total packets 490 RTS 0 total bytes 2002140 in_flight now 0 fair_inc 0 prop_inc 0 fast_inc 0 eta_inc 481098 multi_dec -437994 quick_dec -166618 nack_dec -556100
Flow Uec_66_33 flowId 1000000037 uecSrc 18 finished at 9657.76 total messages 1 total packets 490 RTS 0 total bytes 2002140 in_flight now 0 fair_inc 0 prop_inc 0 fast_inc 0 eta_inc 482427 multi_dec -451111 quick_dec -132555 nack_dec -543650
Flow Uec_102_33 flowId 1000000123 uecSrc 61 finished at 9658.17 total messages 1 total packets 490 RTS 0 total bytes 2002140 in_flight now 0 fair_inc 5668 prop_inc 0 fast_inc 0 eta_inc 478440 multi_dec -461742 quick_dec -168262 nack_dec -572700
Flow Uec_98_33 flowId 1000000107 uecSrc 53 finished at 9702.24 total messages 1 total packets 490 RTS 0 total bytes 2002140 in_flight now 0 fair_inc 0 prop_inc 0 fast_inc 0 eta_inc 478440 multi_dec -420346 quick_dec -171476 nack_dec -572700
Flow Uec_42_33 flowId 1000000087 uecSrc 43 finished at 9706.13 total messages 1 total packets 490 RTS 0 total bytes 2002140 in_flight now 0 fair_inc 0 prop_inc 0 fast_inc 0 eta_inc 542232 multi_dec -468994 quick_dec -22178 nack_dec -568550
Flow Uec_79_33 flowId 1000000097 uecSrc 48 finished at 9709.21 total messages 1 total packets 490 RTS 0 total bytes 2002140 in_flight now 0 fair_inc 0 prop_inc 0 fast_inc 0 eta_inc 489072 multi_dec -450060 quick_dec -147638 nack_dec -560250
Flow Uec_15_33 flowId 1000000159 uecSrc 79 finished at 9727.88 total messages 1 total packets 490 RTS 0 total bytes 2002140 in_flight now 0 fair_inc 0 prop_inc 0 fast_inc 0 eta_inc 489072 multi_dec -458323 quick_dec -199463 nack_dec -527050
Flow Uec_43_33 flowId 1000000051 uecSrc 25 finished at 9754.68 total messages 1 total packets 490 RTS 0 total bytes 2002140 in_flight now 0 fair_inc 11994 prop_inc 0 fast_inc 0 eta_inc 554193 multi_dec -512603 quick_dec -34446 nack_dec -527050
Flow Uec_51_33 flowId 1000000033 uecSrc 16 finished at 9757.92 total messages 1 total packets 490 RTS 0 total bytes 2002140 in_flight now 0 fair_inc 0 prop_inc 0 fast_inc 0 eta_inc 479769 multi_dec -434697 quick_dec -129239 nack_dec -576850
Flow Uec_65_33 flowId 1000000039 uecSrc 19 finished at 9764.81 total messages 1 total packets 490 RTS 0 total bytes 2002140 in_flight now 0 fair_inc 12806 prop_inc 0 fast_inc 0 eta_inc 478440 multi_dec -445376 quick_dec -179199 nack_dec -585150
Flow Uec_37_33 flowId 1000000111 uecSrc 55 finished at 9768.03 total messages 1 total packets 490 RTS 0 total bytes 2002140 in_flight now 0 fair_inc 0 prop_inc 0 fast_inc 0 eta_inc 560838 multi_dec -487097 quick_dec -54795 nack_dec -564400
Flow Uec_81_33 flowId 1000000085 uecSrc 42 finished at 9811.78 total messages 1 total packets 490 RTS 0 total bytes 2002140 in_flight now 0 fair_inc 4976 prop_inc 0 fast_inc 0 eta_inc 471795 multi_dec -453151 quick_dec -140564 nack_dec -601750
Flow Uec_120_33 flowId 1000000221 uecSrc 110 finished at 9821.16 total messages 1 total packets 490 RTS 0 total bytes 2002140 in_flight now 0 fair_inc 6104 prop_inc 0 fast_inc 0 eta_inc 490401 multi_dec -462719 quick_dec -180828 nack_dec -543650
Flow Uec_122_33 flowId 1000000071 uecSrc 35 finished at 9832.37 total messages 1 total packets 490 RTS 0 total bytes 2002140 in_flight now 0 fair_inc 12275 prop_inc 0 fast_inc 0 eta_inc 495717 multi_dec -490458 quick_dec -194951 nack_dec -539500
Flow Uec_36_33 flowId 1000000195 uecSrc 97 finished at 9833.77 total messages 1 total packets 490 RTS 0 total bytes 2002140 in_flight now 0 fair_inc 5982 prop_inc 0 fast_inc 0 eta_inc 579444 multi_dec -528488 quick_dec -16146 nack_dec -477250
Flow Uec_107_33 flowId 1000000089 uecSrc 44 finished at 9848.8 total messages 1 total packets 490 RTS 0 total bytes 2002140 in_flight now 0 fair_inc 0 prop_inc 0 fast_inc 0 eta_inc 495717 multi_dec -464053 quick_dec -177109 nack_dec -560250
Flow Uec_71_33 flowId 1000000173 uecSrc 86 finished at 9851.71 total messages 1 total packets 490 RTS 0 total bytes 2002140 in_flight now 0 fair_inc 0 prop_inc 0 fast_inc 0 eta_inc 485085 multi_dec -428873 quick_dec -172736 nack_dec -576850
Flow Uec_96_33 flowId 1000000211 uecSrc 105 finished at 9857.93 total messages 1 total packets 490 RTS 0 total bytes 2002140 in_flight now 0 fair_inc 0 prop_inc 0 fast_inc 0 eta_inc 489072 multi_dec -443610 quick_dec -175185 nack_dec -568550
Flow Uec_6_33 flowId 1000000047 uecSrc 23 finished at 9866.83 total messages 1 total packets 490 RTS 0 total bytes 2002140 in_flight now 0 fair_inc 16198 prop_inc 0 fast_inc 0 eta_inc 490401 multi_dec -468385 quick_dec -170553 nack_dec -581000
Flow Uec_20_33 flowId 1000000043 uecSrc 21 finished at 9883.01 total messages 1 total packets 490 RTS 0 total bytes 2002140 in_flight now 0 fair_inc 6017 prop_inc 0 fast_inc 0 eta_inc 490401 multi_dec -468805 quick_dec -119706 nack_dec -585150
Flow Uec_47_33 flowId 1000000167 uecSrc 83 finished at 9908.97 total messages 1 total packets 490 RTS 0 total bytes 2002140 in_flight now 0 fair_inc 6055 prop_inc 0 fast_inc 0 eta_inc 551535 multi_dec -466027 quick_dec -24102 nack_dec -539500
Flow Uec_104_33 flowId 1000000001 uecSrc 0 finished at 9935.29 total messages 1 total packets 490 RTS 0 total bytes 2002140 in_flight now 0 fair_inc 0 prop_inc 0 fast_inc 0 eta_inc 489072 multi_dec -439254 quick_dec -160862 nack_dec -589300
Flow Uec_5_33 flowId 1000000017 uecSrc 8 finished at 9976.07 total messages 1 total packets 490 RTS 0 total bytes 2002140 in_flight now 0 fair_inc 6197 prop_inc 0 fast_inc 0 eta_inc 502362 multi_dec -470277 quick_dec -153120 nack_dec -551950
Flow Uec_18_33 flowId 1000000231 uecSrc 115 finished at 9986.27 total messages 1 total packets 490 RTS 0 total bytes 2002140 in_flight now 0 fair_inc 10654 prop_inc 0 fast_inc 0 eta_inc 494388 multi_dec -440219 quick_dec -155536 nack_dec -572700
Flow Uec_21_33 flowId 1000000021 uecSrc 10 finished at 9991.17 total messages 1 total packets 490 RTS 0 total bytes 2002140 in_flight now 0 fair_inc 5943 prop_inc 0 fast_inc 0 eta_inc 503691 multi_dec -458419 quick_dec -160958 nack_dec -576850
Flow Uec_40_33 flowId 1000000025 uecSrc 12 finished at 9998.87 total messages 1 total packets 490 RTS 0 total bytes 2002140 in_flight now 0 fair_inc 0 prop_inc 0 fast_inc 0 eta_inc 567483 multi_dec -495327 quick_dec -38403 nack_dec -510450
Flow Uec_14_33 flowId 1000000073 uecSrc 36 finished at 10004.9 total messages 1 total packets 490 RTS 0 total bytes 2002140 in_flight now 0 fair_inc 6113 prop_inc 0 fast_inc 0 eta_inc 505020 multi_dec -484198 quick_dec -161051 nack_dec -562260
Flow Uec_41_33 flowId 1000000161 uecSrc 80 finished at 10013 total messages 1 total packets 490 RTS 0 total bytes 2002140 in_flight now 0 fair_inc 0 prop_inc 0 fast_inc 0 eta_inc 570141 multi_dec -500940 quick_dec -49845 nack_dec -543650
Flow Uec_23_33 flowId 1000000239 uecSrc 119 finished at 10017.6 total messages 1 total packets 490 RTS 0 total bytes 2002140 in_flight now 0 fair_inc 6264 prop_inc 0 fast_inc 0 eta_inc 505020 multi_dec -456732 quick_dec -162852 nack_dec -564400
Flow Uec_127_33 flowId 1000000209 uecSrc 104 finished at 10027.1 total messages 1 total packets 490 RTS 0 total bytes 2002140 in_flight now 0 fair_inc 0 prop_inc 0 fast_inc 0 eta_inc 502362 multi_dec -450492 quick_dec -165875 nack_dec -547800
Flow Uec_77_33 flowId 1000000155 uecSrc 77 finished at 10027.8 total messages 1 total packets 490 RTS 0 total bytes 2002140 in_flight now 0 fair_inc 16657 prop_inc 0 fast_inc 0 eta_inc 503691 multi_dec -479199 quick_dec -205841 nack_dec -547800
Flow Uec_9_33 flowId 1000000217 uecSrc 108 finished at 10038.7 total messages 1 total packets 490 RTS 0 total bytes 2002140 in_flight now 0 fair_inc 4710 prop_inc 0 fast_inc 0 eta_inc 494388 multi_dec -430588 quick_dec -169488 nack_dec -589300
Flow Uec_115_33 flowId 1000000151 uecSrc 75 finished at 10042.8 total messages 1 total packets 490 RTS 0 total bytes 2002140 in_flight now 0 fair_inc 0 prop_inc 0 fast_inc 0 eta_inc 499704 multi_dec -433837 quick_dec -199412 nack_dec -564400
Flow Uec_110_33 flowId 1000000203 uecSrc 101 finished at 10045.7 total messages 1 total packets 490 RTS 0 total bytes 2002140 in_flight now 0 fair_inc 0 prop_inc 0 fast_inc 0 eta_inc 499704 multi_dec -436234 quick_dec -164237 nack_dec -576850
Flow Uec_56_33 flowId 1000000205 uecSrc 102 finished at 10050.9 total messages 1 total packets 490 RTS 0 total bytes 2002140 in_flight now 0 fair_inc 12049 prop_inc 0 fast_inc 0 eta_inc 503691 multi_dec -478172 quick_dec -152868 nack_dec -543650
Flow Uec_126_33 flowId 1000000247 uecSrc 123 finished at 10053.5 total messages 1 total packets 490 RTS 0 total bytes 2002140 in_flight now 0 fair_inc 12575 prop_inc 0 fast_inc 0 eta_inc 499704 multi_dec -452303 quick_dec -175837 nack_dec -560250
Flow Uec_59_33 flowId 1000000041 uecSrc 20 finished at 10061.2 total messages 1 total packets 490 RTS 0 total bytes 2002140 in_flight now 0 fair_inc 6370 prop_inc 0 fast_inc 0 eta_inc 511665 multi_dec -485284 quick_dec -129302 nack_dec -551950
Flow Uec_27_33 flowId 1000000213 uecSrc 106 finished at 10077 total messages 1 total packets 490 RTS 0 total bytes 2002140 in_flight now 0 fair_inc 20266 prop_inc 0 fast_inc 0 eta_inc 495717 multi_dec -449722 quick_dec -188098 nack_dec -585150
Flow Uec_114_33 flowId 1000000241 uecSrc 120 finished at 10083.1 total messages 1 total packets 490 RTS 0 total bytes 2002140 in_flight now 0 fair_inc 17977 prop_inc 0 fast_inc 0 eta_inc 498375 multi_dec -447667 quick_dec -174525 nack_dec -597600
Flow Uec_70_33 flowId 1000000133 uecSrc 66 finished at 10085.1 total messages 1 total packets 490 RTS 0 total bytes 2002140 in_flight now 0 fair_inc 0 prop_inc 0 fast_inc 0 eta_inc 507678 multi_dec -467369 quick_dec -169168 nack_dec -564400
Flow Uec_60_33 flowId 1000000005 uecSrc 2 finished at 10085.2 total messages 1 total packets 490 RTS 0 total bytes 2002140 in_flight now 0 fair_inc 6409 prop_inc 220 fast_inc 0 eta_inc 495717 multi_dec -460415 quick_dec -179641 nack_dec -593450
Flow Uec_80_33 flowId 1000000105 uecSrc 52 finished at 10095 total messages 1 total packets 490 RTS 0 total bytes 2002140 in_flight now 0 fair_inc 17795 prop_inc 0 fast_inc 0 eta_inc 506349 multi_dec -482279 quick_dec -153033 nack_dec -539500
Flow Uec_75_33 flowId 1000000011 uecSrc 5 finished at 10098.4 total messages 1 total packets 490 RTS 0 total bytes 2002140 in_flight now 0 fair_inc 27592 prop_inc 0 fast_inc 0 eta_inc 497046 multi_dec -462131 quick_dec -165380 nack_dec -585150
Flow Uec_100_33 flowId 1000000031 uecSrc 15 finished at 10099.4 total messages 1 total packets 490 RTS 0 total bytes 2002140 in_flight now 0 fair_inc 12388 prop_inc 20 fast_inc 0 eta_inc 494388 multi_dec -447944 quick_dec -154291 nack_dec -597600
Flow Uec_73_33 flowId 1000000171 uecSrc 85 finished at 10100.3 total messages 1 total packets 490 RTS 0 total bytes 2002140 in_flight now 0 fair_inc 12009 prop_inc 0 fast_inc 0 eta_inc 510336 multi_dec -469516 quick_dec -200614 nack_dec -564400
Flow Uec_58_33 flowId 1000000187 uecSrc 93 finished at 10106.4 total messages 1 total packets 490 RTS 0 total bytes 2002140 in_flight now 0 fair_inc 12368 prop_inc 1212 fast_inc 0 eta_inc 509007 multi_dec -481996 quick_dec -170529 nack_dec -564400
Flow Uec_63_33 flowId 1000000175 uecSrc 87 finished at 10122.4 total messages 1 total packets 490 RTS 0 total bytes 2002140 in_flight now 0 fair_inc 6085 prop_inc 1410 fast_inc 0 eta_inc 502362 multi_dec -451444 quick_dec -125047 nack_dec -572700
Flow Uec_30_33 flowId 1000000057 uecSrc 28 finished at 10124.8 total messages 1 total packets 490 RTS 0 total bytes 2002140 in_flight now 0 fair_inc 11984 prop_inc 5060 fast_inc 0 eta_inc 509007 multi_dec -477656 quick_dec -198493 nack_dec -568550
Flow Uec_111_33 flowId 1000000095 uecSrc 47 finished at 10125.6 total messages 1 total packets 490 RTS 0 total bytes 2002140 in_flight now 0 fair_inc 0 prop_inc 3119 fast_inc 0 eta_inc 487743 multi_dec -426841 quick_dec -150966 nack_dec -605900
Flow Uec_28_33 flowId 1000000227 uecSrc 113 finished at 10126.3 total messages 1 total packets 490 RTS 0 total bytes 2002140 in_flight now 0 fair_inc 5677 prop_inc 2926 fast_inc 0 eta_inc 502362 multi_dec -447018 quick_dec -172356 nack_dec -605900
Flow Uec_61_33 flowId 1000000055 uecSrc 27 finished at 10131.2 total messages 1 total packets 490 RTS 0 total bytes 2002140 in_flight now 0 fair_inc 17073 prop_inc 2897 fast_inc 0 eta_inc 506349 multi_dec -462726 quick_dec -136742 nack_dec -572700
Flow Uec_10_33 flowId 1000000191 uecSrc 95 finished at 10134.3 total messages 1 total packets 490 RTS 0 total bytes 2002140 in_flight now 0 fair_inc 5848 prop_inc 1767 fast_inc 0 eta_inc 512994 multi_dec -465877 quick_dec -154019 nack_dec -551950
Flow Uec_118_33 flowId 1000000177 uecSrc 88 finished at 10135 total messages 1 total packets 490 RTS 0 total bytes 2002140 in_flight now 0 fair_inc 29611 prop_inc 4282 fast_inc 0 eta_inc 511665 multi_dec -484065 quick_dec -159480 nack_dec -543650
Flow Uec_53_33 flowId 1000000101 uecSrc 50 finished at 10137.1 total messages 1 total packets 490 RTS 0 total bytes 2002140 in_flight now 0 fair_inc 11662 prop_inc 1550 fast_inc 0 eta_inc 503691 multi_dec -446813 quick_dec -162794 nack_dec -568550
Flow Uec_112_33 flowId 1000000229 uecSrc 114 finished at 10150.1 total messages 1 total packets 490 RTS 0 total bytes 2002140 in_flight now 0 fair_inc 6430 prop_inc 8664 fast_inc 0 eta_inc 506349 multi_dec -455527 quick_dec -186498 nack_dec -576850
Flow Uec_99_33 flowId 1000000013 uecSrc 6 finished at 10151.7 total messages 1 total packets 490 RTS 0 total bytes 2002140 in_flight now 0 fair_inc 6334 prop_inc 3959 fast_inc 0 eta_inc 510336 multi_dec -470671 quick_dec -151063 nack_dec -564400
Flow Uec_11_33 flowId 1000000049 uecSrc 24 finished at 10170.4 total messages 1 total packets 490 RTS 0 total bytes 2002140 in_flight now 0 fair_inc 6736 prop_inc 90 fast_inc 0 eta_inc 511665 multi_dec -467740 quick_dec -163616 nack_dec -556100
Flow Uec_86_33 flowId 1000000233 uecSrc 116 finished at 10203 total messages 1 total packets 490 RTS 0 total bytes 2002140 in_flight now 0 fair_inc 6508 prop_inc 4860 fast_inc 0 eta_inc 515652 multi_dec -482600 quick_dec -178794 nack_dec -535350
Flow Uec_113_33 flowId 1000000103 uecSrc 51 finished at 10205.1 total messages 1 total packets 490 RTS 0 total bytes 2002140 in_flight now 0 fair_inc 6495 prop_inc 5900 fast_inc 0 eta_inc 499704 multi_dec -444110 quick_dec -173408 nack_dec -585150
Flow Uec_25_33 flowId 1000000135 uecSrc 67 finished at 10212.9 total messages 1 total packets 490 RTS 0 total bytes 2002140 in_flight now 0 fair_inc 29459 prop_inc 8553 fast_inc 0 eta_inc 511665 multi_dec -474394 quick_dec -216292 nack_dec -560250
Flow Uec_121_33 flowId 1000000067 uecSrc 33 finished at 10216.8 total messages 1 total packets 490 RTS 0 total bytes 2002140 in_flight now 0 fair_inc 13054 prop_inc 4419 fast_inc 0 eta_inc 506349 multi_dec -461876 quick_dec -156387 nack_dec -560250
Flow Uec_92_33 flowId 1000000147 uecSrc 73 finished at 10222.6 total messages 1 total packets 490 RTS 0 total bytes 2002140 in_flight now 0 fair_inc 0 prop_inc 8508 fast_inc 0 eta_inc 506349 multi_dec -451768 quick_dec -132798 nack_dec -581000
Flow Uec_109_33 flowId 1000000243 uecSrc 121 finished at 10225 total messages 1 total packets 490 RTS 0 total bytes 2002140 in_flight now 0 fair_inc 6502 prop_inc 4966 fast_inc 0 eta_inc 511665 multi_dec -454022 quick_dec -193808 nack_dec -568550
Flow Uec_8_33 flowId 1000000113 uecSrc 56 finished at 10227.5 total messages 1 total packets 490 RTS 0 total bytes 2002140 in_flight now 0 fair_inc 0 prop_inc 6515 fast_inc 0 eta_inc 509007 multi_dec -450961 quick_dec -141387 nack_dec -572700
Flow Uec_16_33 flowId 1000000219 uecSrc 109 finished at 10249 total messages 1 total packets 490 RTS 0 total bytes 2002140 in_flight now 0 fair_inc 12196 prop_inc 11278 fast_inc 0 eta_inc 510336 multi_dec -478210 quick_dec -148107 nack_dec -576850
Flow Uec_69_33 flowId 1000000215 uecSrc 107 finished at 10256.9 total messages 1 total packets 490 RTS 0 total bytes 2002140 in_flight now 0 fair_inc 0 prop_inc 10106 fast_inc 0 eta_inc 518310 multi_dec -459933 quick_dec -163350 nack_dec -572700
Flow Uec_101_33 flowId 1000000083 uecSrc 41 finished at 10258 total messages 1 total packets 490 RTS 0 total bytes 2002140 in_flight now 0 fair_inc 15195 prop_inc 7251 fast_inc 0 eta_inc 510336 multi_dec -443969 quick_dec -143808 nack_dec -585150
Flow Uec_48_33 flowId 1000000127 uecSrc 63 finished at 10268.9 total messages 1 total packets 490 RTS 0 total bytes 2002140 in_flight now 0 fair_inc 6779 prop_inc 11873 fast_inc 0 eta_inc 510336 multi_dec -464414 quick_dec -174116 nack_dec -568550
Flow Uec_0_33 flowId 1000000079 uecSrc 39 finished at 10276.4 total messages 1 total packets 490 RTS 0 total bytes 2002140 in_flight now 0 fair_inc 15065 prop_inc 15924 fast_inc 0 eta_inc 503691 multi_dec -451029 quick_dec -139861 nack_dec -585150
Flow Uec_49_33 flowId 1000000077 uecSrc 38 finished at 10277.6 total messages 1 total packets 490 RTS 0 total bytes 2002140 in_flight now 0 fair_inc 16915 prop_inc 15704 fast_inc 0 eta_inc 514323 multi_dec -465328 quick_dec -170751 nack_dec -560250
Flow Uec_26_33 flowId 1000000015 uecSrc 7 finished at 10277.7 total messages 1 total packets 490 RTS 0 total bytes 2002140 in_flight now 0 fair_inc 8299 prop_inc 15048 fast_inc 0 eta_inc 511665 multi_dec -463399 quick_dec -151804 nack_dec -572700
Flow Uec_67_33 flowId 1000000045 uecSrc 22 finished at 10278.3 total messages 1 total packets 490 RTS 0 total bytes 2002140 in_flight now 0 fair_inc 20234 prop_inc 8746 fast_inc 0 eta_inc 514323 multi_dec -452032 quick_dec -183280 nack_dec -572700
Flow Uec_68_33 flowId 1000000117 uecSrc 58 finished at 10278.9 total messages 1 total packets 490 RTS 0 total bytes 2002140 in_flight now 0 fair_inc 5742 prop_inc 10060 fast_inc 0 eta_inc 515652 multi_dec -464755 quick_dec -161755 nack_dec -547800
Flow Uec_55_33 flowId 1000000169 uecSrc 84 finished at 10281 total messages 1 total packets 490 RTS 0 total bytes 2002140 in_flight now 0 fair_inc 17343 prop_inc 12869 fast_inc 0 eta_inc 506349 multi_dec -440589 quick_dec -127094 nack_dec -593450
Flow Uec_117_33 flowId 1000000249 uecSrc 124 finished at 10282.5 total messages 1 total packets 490 RTS 0 total bytes 2002140 in_flight now 0 fair_inc 25610 prop_inc 9509 fast_inc 0 eta_inc 519639 multi_dec -477204 quick_dec -171255 nack_dec -539500
Flow Uec_90_33 flowId 1000000131 uecSrc 65 finished at 10283.4 total messages 1 total packets 490 RTS 0 total bytes 2002140 in_flight now 0 fair_inc 10761 prop_inc 22293 fast_inc 0 eta_inc 497046 multi_dec -434529 quick_dec -185368 nack_dec -601750
Flow Uec_62_33 flowId 1000000065 uecSrc 32 finished at 10286 total messages 1 total packets 490 RTS 0 total bytes 2002140 in_flight now 0 fair_inc 20159 prop_inc 17384 fast_inc 0 eta_inc 506349 multi_dec -439998 quick_dec -171866 nack_dec -597600
Flow Uec_123_33 flowId 1000000185 uecSrc 92 finished at 10286.6 total messages 1 total packets 490 RTS 0 total bytes 2002140 in_flight now 0 fair_inc 0 prop_inc 25937 fast_inc 0 eta_inc 511665 multi_dec -466300 quick_dec -122250 nack_dec -564400
Flow Uec_13_33 flowId 1000000059 uecSrc 29 finished at 10292.6 total messages 1 total packets 490 RTS 0 total bytes 2002140 in_flight now 0 fair_inc 8936 prop_inc 24235 fast_inc 0 eta_inc 516981 multi_dec -470455 quick_dec -181527 nack_dec -568550
Flow Uec_54_33 flowId 1000000027 uecSrc 13 finished at 10299.5 total messages 1 total packets 490 RTS 0 total bytes 2002140 in_flight now 0 fair_inc 5557 prop_inc 32031 fast_inc 0 eta_inc 511665 multi_dec -453252 quick_dec -154097 nack_dec -576850
Flow Uec_7_33 flowId 1000000035 uecSrc 17 finished at 10299.8 total messages 1 total packets 490 RTS 0 total bytes 2002140 in_flight now 0 fair_inc 0 prop_inc 32560 fast_inc 0 eta_inc 503691 multi_dec -429783 quick_dec -189277 nack_dec -601750
New: 62230 Rtx: 17167 RTS: 0 Bounced: 0 ACKs: 61787 NACKs: 17167 Pulls: 0 sleek_pkts: 0
SPURIOUS_COUNT 0
