.Flow Uec_8120_0 flowId 72 uecSrc 71 finished at 51930.7 total messages 1 total packets 4107 RTS 0 total bytes 16781202 in_flight now 0 fair_inc 0 prop_inc 0 fast_inc 0 eta_inc 2744385 multi_dec -2707668 quick_dec -182890 nack_dec -551950
Flow Uec_8077_0 flowId 115 uecSrc 114 finished at 51984.2 total messages 1 total packets 4107 RTS 0 total bytes 16781202 in_flight now 0 fair_inc 0 prop_inc 0 fast_inc 0 eta_inc 2752359 multi_dec -2719272 quick_dec -171434 nack_dec -527050
Flow Uec_8183_0 flowId 9 uecSrc 8 finished at 52012.1 total messages 1 total packets 4107 RTS 0 total bytes 16781202 in_flight now 0 fair_inc 0 prop_inc 0 fast_inc 0 eta_inc 2753688 multi_dec -2719590 quick_dec -183478 nack_dec -539500
Flow Uec_8185_0 flowId 7 uecSrc 6 finished at 52027 total messages 1 total packets 4107 RTS 0 total bytes 16781202 in_flight now 0 fair_inc 0 prop_inc 0 fast_inc 0 eta_inc 2753688 multi_dec -2721533 quick_dec -179315 nack_dec -527050
Flow Uec_8099_0 flowId 93 uecSrc 92 finished at 52069.7 total messages 1 total packets 4107 RTS 0 total bytes 16781202 in_flight now 0 fair_inc 0 prop_inc 0 fast_inc 0 eta_inc 2753688 multi_dec -2707041 quick_dec -206898 nack_dec -539500
Flow Uec_8074_0 flowId 118 uecSrc 117 finished at 52096.2 total messages 1 total packets 4107 RTS 0 total bytes 16781202 in_flight now 0 fair_inc 0 prop_inc 0 fast_inc 0 eta_inc 2759004 multi_dec -2726391 quick_dec -194599 nack_dec -535350
Flow Uec_8114_0 flowId 78 uecSrc 77 finished at 52111.5 total messages 1 total packets 4107 RTS 0 total bytes 16781202 in_flight now 0 fair_inc 0 prop_inc 0 fast_inc 0 eta_inc 2747043 multi_dec -2706438 quick_dec -195432 nack_dec -556100
Flow Uec_8097_0 flowId 95 uecSrc 94 finished at 52113 total messages 1 total packets 4107 RTS 0 total bytes 16781202 in_flight now 0 fair_inc 0 prop_inc 0 fast_inc 0 eta_inc 2749701 multi_dec -2707194 quick_dec -214475 nack_dec -560250
Flow Uec_8130_0 flowId 62 uecSrc 61 finished at 52237.9 total messages 1 total packets 4107 RTS 0 total bytes 16781202 in_flight now 0 fair_inc 5683 prop_inc 0 fast_inc 0 eta_inc 2757675 multi_dec -2712352 quick_dec -230388 nack_dec -576850
Flow Uec_8149_0 flowId 43 uecSrc 42 finished at 52321.5 total messages 1 total packets 4107 RTS 0 total bytes 16781202 in_flight now 0 fair_inc 0 prop_inc 0 fast_inc 0 eta_inc 2769636 multi_dec -2738733 quick_dec -183976 nack_dec -539500
Flow Uec_8168_0 flowId 24 uecSrc 23 finished at 52359.3 total messages 1 total packets 4107 RTS 0 total bytes 16781202 in_flight now 0 fair_inc 0 prop_inc 0 fast_inc 0 eta_inc 2762991 multi_dec -2734214 quick_dec -168021 nack_dec -568550
Flow Uec_8176_0 flowId 16 uecSrc 15 finished at 52393 total messages 1 total packets 4107 RTS 0 total bytes 16781202 in_flight now 0 fair_inc 0 prop_inc 0 fast_inc 0 eta_inc 2769636 multi_dec -2743666 quick_dec -242918 nack_dec -551950
Flow Uec_8071_0 flowId 121 uecSrc 120 finished at 52397.8 total messages 1 total packets 4107 RTS 0 total bytes 16781202 in_flight now 0 fair_inc 6169 prop_inc 0 fast_inc 0 eta_inc 2778939 multi_dec -2759485 quick_dec -187651 nack_dec -531200
Flow Uec_8085_0 flowId 107 uecSrc 106 finished at 52430.6 total messages 1 total packets 4107 RTS 0 total bytes 16781202 in_flight now 0 fair_inc 0 prop_inc 0 fast_inc 0 eta_inc 2770965 multi_dec -2740318 quick_dec -206604 nack_dec -547800
Flow Uec_8107_0 flowId 85 uecSrc 84 finished at 52454.5 total messages 1 total packets 4107 RTS 0 total bytes 16781202 in_flight now 0 fair_inc 6227 prop_inc 0 fast_inc 0 eta_inc 2781597 multi_dec -2766650 quick_dec -158816 nack_dec -518750
Flow Uec_8117_0 flowId 75 uecSrc 74 finished at 52459.5 total messages 1 total packets 4107 RTS 0 total bytes 16781202 in_flight now 0 fair_inc 0 prop_inc 0 fast_inc 0 eta_inc 2776281 multi_dec -2746220 quick_dec -195559 nack_dec -539500
Flow Uec_8131_0 flowId 61 uecSrc 60 finished at 52519.9 total messages 1 total packets 4107 RTS 0 total bytes 16781202 in_flight now 0 fair_inc 6309 prop_inc 0 fast_inc 0 eta_inc 2777610 multi_dec -2755963 quick_dec -231541 nack_dec -547800
Flow Uec_8115_0 flowId 77 uecSrc 76 finished at 52564.6 total messages 1 total packets 4107 RTS 0 total bytes 16781202 in_flight now 0 fair_inc 0 prop_inc 0 fast_inc 0 eta_inc 2772294 multi_dec -2742447 quick_dec -207211 nack_dec -572700
Flow Uec_8160_0 flowId 32 uecSrc 31 finished at 52635.4 total messages 1 total packets 4107 RTS 0 total bytes 16781202 in_flight now 0 fair_inc 0 prop_inc 0 fast_inc 0 eta_inc 2792229 multi_dec -2779208 quick_dec -209452 nack_dec -510450
Flow Uec_8144_0 flowId 48 uecSrc 47 finished at 53155.9 total messages 1 total packets 4107 RTS 0 total bytes 16781202 in_flight now 0 fair_inc 0 prop_inc 0 fast_inc 0 eta_inc 2818809 multi_dec -2801517 quick_dec -232148 nack_dec -522900
Flow Uec_8070_0 flowId 122 uecSrc 121 finished at 53242.9 total messages 1 total packets 4107 RTS 0 total bytes 16781202 in_flight now 0 fair_inc 0 prop_inc 0 fast_inc 0 eta_inc 2820138 multi_dec -2796149 quick_dec -187270 nack_dec -531200
Flow Uec_8186_0 flowId 6 uecSrc 5 finished at 53655.9 total messages 1 total packets 4107 RTS 0 total bytes 16781202 in_flight now 0 fair_inc 0 prop_inc 0 fast_inc 0 eta_inc 2842731 multi_dec -2818702 quick_dec -146306 nack_dec -522900
Flow Uec_8154_0 flowId 38 uecSrc 37 finished at 75289.8 total messages 1 total packets 4107 RTS 0 total bytes 16781202 in_flight now 0 fair_inc 5714 prop_inc 0 fast_inc 0 eta_inc 3987000 multi_dec -3949079 quick_dec -195329 nack_dec -601750
Flow Uec_8128_0 flowId 64 uecSrc 63 finished at 75790.6 total messages 1 total packets 4107 RTS 0 total bytes 16781202 in_flight now 0 fair_inc 6015 prop_inc 0 fast_inc 0 eta_inc 4024212 multi_dec -3980044 quick_dec -275167 nack_dec -585150
Flow Uec_8088_0 flowId 104 uecSrc 103 finished at 76244.1 total messages 1 total packets 4107 RTS 0 total bytes 16781202 in_flight now 0 fair_inc 0 prop_inc 0 fast_inc 0 eta_inc 4054779 multi_dec -4012684 quick_dec -193924 nack_dec -535350
Flow Uec_8083_0 flowId 109 uecSrc 108 finished at 76270.9 total messages 1 total packets 4107 RTS 0 total bytes 16781202 in_flight now 0 fair_inc 0 prop_inc 0 fast_inc 0 eta_inc 4049463 multi_dec -4007332 quick_dec -216804 nack_dec -560250
Flow Uec_8086_0 flowId 106 uecSrc 105 finished at 76424.9 total messages 1 total packets 4107 RTS 0 total bytes 16781202 in_flight now 0 fair_inc 0 prop_inc 0 fast_inc 0 eta_inc 4061424 multi_dec -4024445 quick_dec -176168 nack_dec -539500
Flow Uec_8159_0 flowId 33 uecSrc 32 finished at 76436.4 total messages 1 total packets 4107 RTS 0 total bytes 16781202 in_flight now 0 fair_inc 6191 prop_inc 224 fast_inc 0 eta_inc 4060095 multi_dec -4044331 quick_dec -184051 nack_dec -556100
Flow Uec_8087_0 flowId 105 uecSrc 104 finished at 76494.4 total messages 1 total packets 4107 RTS 0 total bytes 16781202 in_flight now 0 fair_inc 5965 prop_inc 0 fast_inc 0 eta_inc 4060095 multi_dec -4059274 quick_dec -178142 nack_dec -576850
Flow Uec_8091_0 flowId 101 uecSrc 100 finished at 76507.2 total messages 1 total packets 4107 RTS 0 total bytes 16781202 in_flight now 0 fair_inc 0 prop_inc 0 fast_inc 0 eta_inc 4064082 multi_dec -4034684 quick_dec -148550 nack_dec -564400
Flow Uec_8135_0 flowId 57 uecSrc 56 finished at 76590.2 total messages 1 total packets 4107 RTS 0 total bytes 16781202 in_flight now 0 fair_inc 0 prop_inc 0 fast_inc 0 eta_inc 4080030 multi_dec -4044640 quick_dec -199083 nack_dec -527050
Flow Uec_8075_0 flowId 117 uecSrc 116 finished at 76594.5 total messages 1 total packets 4107 RTS 0 total bytes 16781202 in_flight now 0 fair_inc 0 prop_inc 0 fast_inc 0 eta_inc 4076043 multi_dec -4047468 quick_dec -168888 nack_dec -535350
Flow Uec_8092_0 flowId 100 uecSrc 99 finished at 76617.4 total messages 1 total packets 4107 RTS 0 total bytes 16781202 in_flight now 0 fair_inc 11596 prop_inc 0 fast_inc 0 eta_inc 4077372 multi_dec -4069965 quick_dec -179546 nack_dec -522900
Flow Uec_8067_0 flowId 125 uecSrc 124 finished at 76734.9 total messages 1 total packets 4107 RTS 0 total bytes 16781202 in_flight now 0 fair_inc 6151 prop_inc 0 fast_inc 0 eta_inc 4077372 multi_dec -4061638 quick_dec -238681 nack_dec -551950
Flow Uec_8140_0 flowId 52 uecSrc 51 finished at 76802.5 total messages 1 total packets 4107 RTS 0 total bytes 16781202 in_flight now 0 fair_inc 5177 prop_inc 0 fast_inc 0 eta_inc 4091991 multi_dec -4100162 quick_dec -143523 nack_dec -531200
Flow Uec_8133_0 flowId 59 uecSrc 58 finished at 76813.1 total messages 1 total packets 4107 RTS 0 total bytes 16781202 in_flight now 0 fair_inc 0 prop_inc 0 fast_inc 0 eta_inc 4081359 multi_dec -4045533 quick_dec -163089 nack_dec -551950
Flow Uec_8167_0 flowId 25 uecSrc 24 finished at 76820.8 total messages 1 total packets 4107 RTS 0 total bytes 16781202 in_flight now 0 fair_inc 0 prop_inc 0 fast_inc 0 eta_inc 4086675 multi_dec -4066692 quick_dec -181382 nack_dec -531200
Flow Uec_8076_0 flowId 116 uecSrc 115 finished at 76824.3 total messages 1 total packets 4107 RTS 0 total bytes 16781202 in_flight now 0 fair_inc 5623 prop_inc 0 fast_inc 0 eta_inc 4085346 multi_dec -4046401 quick_dec -187553 nack_dec -560250
Flow Uec_8165_0 flowId 27 uecSrc 26 finished at 76826.3 total messages 1 total packets 4107 RTS 0 total bytes 16781202 in_flight now 0 fair_inc 6045 prop_inc 0 fast_inc 0 eta_inc 4086675 multi_dec -4077933 quick_dec -184709 nack_dec -522900
Flow Uec_8182_0 flowId 10 uecSrc 9 finished at 76829.6 total messages 1 total packets 4107 RTS 0 total bytes 16781202 in_flight now 0 fair_inc 5672 prop_inc 0 fast_inc 0 eta_inc 4078701 multi_dec -4076391 quick_dec -193070 nack_dec -589300
Flow Uec_8100_0 flowId 92 uecSrc 91 finished at 76871.6 total messages 1 total packets 4107 RTS 0 total bytes 16781202 in_flight now 0 fair_inc 0 prop_inc 0 fast_inc 0 eta_inc 4088004 multi_dec -4053172 quick_dec -181567 nack_dec -556100
Flow Uec_8096_0 flowId 96 uecSrc 95 finished at 76906.9 total messages 1 total packets 4107 RTS 0 total bytes 16781202 in_flight now 0 fair_inc 0 prop_inc 0 fast_inc 0 eta_inc 4086675 multi_dec -4054383 quick_dec -232811 nack_dec -547800
Flow Uec_8169_0 flowId 23 uecSrc 22 finished at 76911 total messages 1 total packets 4107 RTS 0 total bytes 16781202 in_flight now 0 fair_inc 0 prop_inc 0 fast_inc 0 eta_inc 4090662 multi_dec -4059867 quick_dec -166105 nack_dec -539500
Flow Uec_8089_0 flowId 103 uecSrc 102 finished at 76998.9 total messages 1 total packets 4107 RTS 0 total bytes 16781202 in_flight now 0 fair_inc 0 prop_inc 0 fast_inc 0 eta_inc 4094649 multi_dec -4063877 quick_dec -130542 nack_dec -522900
Flow Uec_8121_0 flowId 71 uecSrc 70 finished at 77010 total messages 1 total packets 4107 RTS 0 total bytes 16781202 in_flight now 0 fair_inc 5830 prop_inc 0 fast_inc 0 eta_inc 4086675 multi_dec -4059331 quick_dec -176159 nack_dec -576850
Flow Uec_8102_0 flowId 90 uecSrc 89 finished at 77019.6 total messages 1 total packets 4107 RTS 0 total bytes 16781202 in_flight now 0 fair_inc 0 prop_inc 0 fast_inc 0 eta_inc 4089333 multi_dec -4060277 quick_dec -181667 nack_dec -572700
Flow Uec_8181_0 flowId 11 uecSrc 10 finished at 77037.1 total messages 1 total packets 4107 RTS 0 total bytes 16781202 in_flight now 0 fair_inc 6152 prop_inc 0 fast_inc 0 eta_inc 4094649 multi_dec -4077294 quick_dec -190885 nack_dec -556100
Flow Uec_8073_0 flowId 119 uecSrc 118 finished at 77145.9 total messages 1 total packets 4107 RTS 0 total bytes 16781202 in_flight now 0 fair_inc 0 prop_inc 0 fast_inc 0 eta_inc 4106610 multi_dec -4084600 quick_dec -151389 nack_dec -522900
Flow Uec_8163_0 flowId 29 uecSrc 28 finished at 77175.3 total messages 1 total packets 4107 RTS 0 total bytes 16781202 in_flight now 0 fair_inc 5980 prop_inc 0 fast_inc 0 eta_inc 4106610 multi_dec -4068716 quick_dec -211265 nack_dec -539500
Flow Uec_8108_0 flowId 84 uecSrc 83 finished at 77226.9 total messages 1 total packets 4107 RTS 0 total bytes 16781202 in_flight now 0 fair_inc 0 prop_inc 0 fast_inc 0 eta_inc 4102623 multi_dec -4069239 quick_dec -179181 nack_dec -564400
Flow Uec_8134_0 flowId 58 uecSrc 57 finished at 77241.7 total messages 1 total packets 4107 RTS 0 total bytes 16781202 in_flight now 0 fair_inc 25888 prop_inc 0 fast_inc 0 eta_inc 4099965 multi_dec -4069434 quick_dec -195082 nack_dec -568550
Flow Uec_8150_0 flowId 42 uecSrc 41 finished at 77250 total messages 1 total packets 4107 RTS 0 total bytes 16781202 in_flight now 0 fair_inc 6275 prop_inc 0 fast_inc 0 eta_inc 4107939 multi_dec -4081837 quick_dec -197233 nack_dec -543650
Flow Uec_8106_0 flowId 86 uecSrc 85 finished at 77258.5 total messages 1 total packets 4107 RTS 0 total bytes 16781202 in_flight now 0 fair_inc 0 prop_inc 0 fast_inc 0 eta_inc 4107939 multi_dec -4079320 quick_dec -161339 nack_dec -556100
Flow Uec_8137_0 flowId 55 uecSrc 54 finished at 77339.8 total messages 1 total packets 4107 RTS 0 total bytes 16781202 in_flight now 0 fair_inc 6183 prop_inc 0 fast_inc 0 eta_inc 4117242 multi_dec -4105413 quick_dec -183658 nack_dec -527050
Flow Uec_8189_0 flowId 3 uecSrc 2 finished at 77341.1 total messages 1 total packets 4107 RTS 0 total bytes 16781202 in_flight now 0 fair_inc 6122 prop_inc 203 fast_inc 0 eta_inc 4105281 multi_dec -4088513 quick_dec -136061 nack_dec -589300
Flow Uec_8098_0 flowId 94 uecSrc 93 finished at 77405.1 total messages 1 total packets 4107 RTS 0 total bytes 16781202 in_flight now 0 fair_inc 0 prop_inc 0 fast_inc 0 eta_inc 4110597 multi_dec -4072913 quick_dec -205328 nack_dec -560250
Flow Uec_8113_0 flowId 79 uecSrc 78 finished at 77521.5 total messages 1 total packets 4107 RTS 0 total bytes 16781202 in_flight now 0 fair_inc 11561 prop_inc 0 fast_inc 0 eta_inc 4113255 multi_dec -4068033 quick_dec -275748 nack_dec -576850
Flow Uec_8065_0 flowId 127 uecSrc 126 finished at 77715.2 total messages 1 total packets 4107 RTS 0 total bytes 16781202 in_flight now 0 fair_inc 12994 prop_inc 0 fast_inc 0 eta_inc 4121229 multi_dec -4101601 quick_dec -217617 nack_dec -589300
Flow Uec_8111_0 flowId 81 uecSrc 80 finished at 77733.2 total messages 1 total packets 4107 RTS 0 total bytes 16781202 in_flight now 0 fair_inc 0 prop_inc 236 fast_inc 0 eta_inc 4138506 multi_dec -4088692 quick_dec -211376 nack_dec -539500
Flow Uec_8104_0 flowId 88 uecSrc 87 finished at 77828.1 total messages 1 total packets 4107 RTS 0 total bytes 16781202 in_flight now 0 fair_inc 25776 prop_inc 0 fast_inc 0 eta_inc 4117242 multi_dec -4078922 quick_dec -194396 nack_dec -639100
Flow Uec_8124_0 flowId 68 uecSrc 67 finished at 78319.5 total messages 1 total packets 4107 RTS 0 total bytes 16781202 in_flight now 0 fair_inc 0 prop_inc 0 fast_inc 0 eta_inc 4153125 multi_dec -4108191 quick_dec -151430 nack_dec -610050
Flow Uec_8105_0 flowId 87 uecSrc 86 finished at 78523.2 total messages 1 total packets 4107 RTS 0 total bytes 16781202 in_flight now 0 fair_inc 6425 prop_inc 0 fast_inc 0 eta_inc 4183692 multi_dec -4172586 quick_dec -163451 nack_dec -527050
Flow Uec_8119_0 flowId 73 uecSrc 72 finished at 78633.6 total messages 1 total packets 4107 RTS 0 total bytes 16781202 in_flight now 0 fair_inc 6434 prop_inc 0 fast_inc 0 eta_inc 4187679 multi_dec -4146679 quick_dec -174466 nack_dec -539500
Flow Uec_8162_0 flowId 30 uecSrc 29 finished at 80172.5 total messages 1 total packets 4107 RTS 0 total bytes 16781202 in_flight now 0 fair_inc 18851 prop_inc 0 fast_inc 0 eta_inc 4259445 multi_dec -4250518 quick_dec -237705 nack_dec -581000
Flow Uec_8081_0 flowId 111 uecSrc 110 finished at 82374.6 total messages 1 total packets 4107 RTS 0 total bytes 16781202 in_flight now 0 fair_inc 36732 prop_inc 0 fast_inc 0 eta_inc 4376397 multi_dec -4400542 quick_dec -232945 nack_dec -593450
Flow Uec_8143_0 flowId 49 uecSrc 48 finished at 85328.3 total messages 1 total packets 4107 RTS 0 total bytes 16781202 in_flight now 0 fair_inc 101872 prop_inc 0 fast_inc 0 eta_inc 4542522 multi_dec -4657954 quick_dec -254029 nack_dec -622500
Flow Uec_8142_0 flowId 50 uecSrc 49 finished at 85670.8 total messages 1 total packets 4107 RTS 0 total bytes 16781202 in_flight now 0 fair_inc 62540 prop_inc 228 fast_inc 0 eta_inc 4555812 multi_dec -4587047 quick_dec -242042 nack_dec -618350
Flow Uec_8153_0 flowId 39 uecSrc 38 finished at 85914.2 total messages 1 total packets 4107 RTS 0 total bytes 16781202 in_flight now 0 fair_inc 32071 prop_inc 0 fast_inc 0 eta_inc 4557141 multi_dec -4597185 quick_dec -172206 nack_dec -622500
Flow Uec_8122_0 flowId 70 uecSrc 69 finished at 85958.7 total messages 1 total packets 4107 RTS 0 total bytes 16781202 in_flight now 0 fair_inc 49301 prop_inc 0 fast_inc 0 eta_inc 4578405 multi_dec -4637933 quick_dec -184222 nack_dec -576850
Flow Uec_8125_0 flowId 67 uecSrc 66 finished at 86240.8 total messages 1 total packets 4107 RTS 0 total bytes 16781202 in_flight now 0 fair_inc 44480 prop_inc 0 fast_inc 0 eta_inc 4587708 multi_dec -4626924 quick_dec -136679 nack_dec -597600
Flow Uec_8109_0 flowId 83 uecSrc 82 finished at 86300.3 total messages 1 total packets 4107 RTS 0 total bytes 16781202 in_flight now 0 fair_inc 63501 prop_inc 0 fast_inc 0 eta_inc 4612959 multi_dec -4729131 quick_dec -155924 nack_dec -527050
Flow Uec_8127_0 flowId 65 uecSrc 64 finished at 86326.9 total messages 1 total packets 4107 RTS 0 total bytes 16781202 in_flight now 0 fair_inc 69569 prop_inc 0 fast_inc 0 eta_inc 4595682 multi_dec -4666592 quick_dec -148200 nack_dec -605900
Flow Uec_8184_0 flowId 8 uecSrc 7 finished at 86337.8 total messages 1 total packets 4107 RTS 0 total bytes 16781202 in_flight now 0 fair_inc 82172 prop_inc 0 fast_inc 0 eta_inc 4598340 multi_dec -4755752 quick_dec -173106 nack_dec -576850
Flow Uec_8191_0 flowId 1 uecSrc 0 finished at 86370 total messages 1 total packets 4107 RTS 0 total bytes 16781202 in_flight now 0 fair_inc 78870 prop_inc 28822 fast_inc 0 eta_inc 4590366 multi_dec -4676077 quick_dec -224787 nack_dec -630800
Flow Uec_8179_0 flowId 13 uecSrc 12 finished at 86386.8 total messages 1 total packets 4107 RTS 0 total bytes 16781202 in_flight now 0 fair_inc 75703 prop_inc 0 fast_inc 0 eta_inc 4593024 multi_dec -4685663 quick_dec -230657 nack_dec -618350
Flow Uec_8079_0 flowId 113 uecSrc 112 finished at 86527.4 total messages 1 total packets 4107 RTS 0 total bytes 16781202 in_flight now 0 fair_inc 31138 prop_inc 0 fast_inc 0 eta_inc 4606314 multi_dec -4621873 quick_dec -177137 nack_dec -605900
Flow Uec_8147_0 flowId 45 uecSrc 44 finished at 86600.9 total messages 1 total packets 4107 RTS 0 total bytes 16781202 in_flight now 0 fair_inc 53994 prop_inc 165 fast_inc 0 eta_inc 4607643 multi_dec -4604802 quick_dec -284203 nack_dec -630800
Flow Uec_8068_0 flowId 124 uecSrc 123 finished at 86637.4 total messages 1 total packets 4107 RTS 0 total bytes 16781202 in_flight now 0 fair_inc 56991 prop_inc 0 fast_inc 0 eta_inc 4614288 multi_dec -4621852 quick_dec -242008 nack_dec -626650
Flow Uec_8164_0 flowId 28 uecSrc 27 finished at 86640.5 total messages 1 total packets 4107 RTS 0 total bytes 16781202 in_flight now 0 fair_inc 67341 prop_inc 0 fast_inc 0 eta_inc 4612959 multi_dec -4714275 quick_dec -214214 nack_dec -589300
Flow Uec_8188_0 flowId 4 uecSrc 3 finished at 86651.2 total messages 1 total packets 4107 RTS 0 total bytes 16781202 in_flight now 0 fair_inc 75295 prop_inc 0 fast_inc 0 eta_inc 4624920 multi_dec -4729045 quick_dec -167605 nack_dec -576850
Flow Uec_8141_0 flowId 51 uecSrc 50 finished at 86727.8 total messages 1 total packets 4107 RTS 0 total bytes 16781202 in_flight now 0 fair_inc 81576 prop_inc 0 fast_inc 0 eta_inc 4622262 multi_dec -4738725 quick_dec -194148 nack_dec -601750
Flow Uec_8152_0 flowId 40 uecSrc 39 finished at 86748.5 total messages 1 total packets 4107 RTS 0 total bytes 16781202 in_flight now 0 fair_inc 68544 prop_inc 0 fast_inc 0 eta_inc 4615617 multi_dec -4630701 quick_dec -198627 nack_dec -634950
Flow Uec_8175_0 flowId 17 uecSrc 16 finished at 86783.4 total messages 1 total packets 4107 RTS 0 total bytes 16781202 in_flight now 0 fair_inc 106278 prop_inc 240 fast_inc 0 eta_inc 4627578 multi_dec -4747612 quick_dec -258974 nack_dec -601750
Flow Uec_8110_0 flowId 82 uecSrc 81 finished at 86821.8 total messages 1 total packets 4107 RTS 0 total bytes 16781202 in_flight now 0 fair_inc 43198 prop_inc 703 fast_inc 0 eta_inc 4627578 multi_dec -4669972 quick_dec -180592 nack_dec -568550
Flow Uec_8129_0 flowId 63 uecSrc 62 finished at 86843.8 total messages 1 total packets 4107 RTS 0 total bytes 16781202 in_flight now 0 fair_inc 71171 prop_inc 320 fast_inc 0 eta_inc 4626249 multi_dec -4689954 quick_dec -247219 nack_dec -605900
Flow Uec_8066_0 flowId 126 uecSrc 125 finished at 86844.5 total messages 1 total packets 4107 RTS 0 total bytes 16781202 in_flight now 0 fair_inc 77949 prop_inc 710 fast_inc 0 eta_inc 4627578 multi_dec -4731819 quick_dec -261548 nack_dec -614200
Flow Uec_8080_0 flowId 112 uecSrc 111 finished at 86850.8 total messages 1 total packets 4107 RTS 0 total bytes 16781202 in_flight now 0 fair_inc 48654 prop_inc 971 fast_inc 0 eta_inc 4630236 multi_dec -4736128 quick_dec -210712 nack_dec -556100
Flow Uec_8126_0 flowId 66 uecSrc 65 finished at 86854.1 total messages 1 total packets 4107 RTS 0 total bytes 16781202 in_flight now 0 fair_inc 89384 prop_inc 392 fast_inc 0 eta_inc 4618275 multi_dec -4696998 quick_dec -193280 nack_dec -647400
Flow Uec_8095_0 flowId 97 uecSrc 96 finished at 86856.8 total messages 1 total packets 4107 RTS 0 total bytes 16781202 in_flight now 0 fair_inc 73063 prop_inc 765 fast_inc 0 eta_inc 4628907 multi_dec -4730099 quick_dec -247767 nack_dec -593450
Flow Uec_8084_0 flowId 108 uecSrc 107 finished at 86866.7 total messages 1 total packets 4107 RTS 0 total bytes 16781202 in_flight now 0 fair_inc 30900 prop_inc 322 fast_inc 0 eta_inc 4635552 multi_dec -4633621 quick_dec -271520 nack_dec -560250
Flow Uec_8090_0 flowId 102 uecSrc 101 finished at 86877.7 total messages 1 total packets 4107 RTS 0 total bytes 16781202 in_flight now 0 fair_inc 59326 prop_inc 2010 fast_inc 0 eta_inc 4626249 multi_dec -4699656 quick_dec -185809 nack_dec -610050
Flow Uec_8156_0 flowId 36 uecSrc 35 finished at 86880.7 total messages 1 total packets 4107 RTS 0 total bytes 16781202 in_flight now 0 fair_inc 61218 prop_inc 1931 fast_inc 0 eta_inc 4620933 multi_dec -4657841 quick_dec -136581 nack_dec -634950
Flow Uec_8094_0 flowId 98 uecSrc 97 finished at 86884.4 total messages 1 total packets 4107 RTS 0 total bytes 16781202 in_flight now 0 fair_inc 89572 prop_inc 3111 fast_inc 0 eta_inc 4635552 multi_dec -4709888 quick_dec -211001 nack_dec -597600
Flow Uec_8180_0 flowId 12 uecSrc 11 finished at 86894.3 total messages 1 total packets 4107 RTS 0 total bytes 16781202 in_flight now 0 fair_inc 74607 prop_inc 6395 fast_inc 0 eta_inc 4640868 multi_dec -4715602 quick_dec -218126 nack_dec -556100
Flow Uec_8172_0 flowId 20 uecSrc 19 finished at 86952.9 total messages 1 total packets 4107 RTS 0 total bytes 16781202 in_flight now 0 fair_inc 73934 prop_inc 6927 fast_inc 0 eta_inc 4636881 multi_dec -4754531 quick_dec -162101 nack_dec -581000
Flow Uec_8118_0 flowId 74 uecSrc 73 finished at 86972.2 total messages 1 total packets 4107 RTS 0 total bytes 16781202 in_flight now 0 fair_inc 43236 prop_inc 379 fast_inc 0 eta_inc 4630236 multi_dec -4670465 quick_dec -174413 nack_dec -589300
Flow Uec_8178_0 flowId 14 uecSrc 13 finished at 86994 total messages 1 total packets 4107 RTS 0 total bytes 16781202 in_flight now 0 fair_inc 65917 prop_inc 0 fast_inc 0 eta_inc 4630236 multi_dec -4680204 quick_dec -211255 nack_dec -601750
Flow Uec_8187_0 flowId 5 uecSrc 4 finished at 86997.4 total messages 1 total packets 4107 RTS 0 total bytes 16781202 in_flight now 0 fair_inc 84426 prop_inc 6086 fast_inc 0 eta_inc 4638210 multi_dec -4685210 quick_dec -231198 nack_dec -634950
Flow Uec_8078_0 flowId 114 uecSrc 113 finished at 87002.8 total messages 1 total packets 4107 RTS 0 total bytes 16781202 in_flight now 0 fair_inc 102553 prop_inc 5265 fast_inc 0 eta_inc 4623591 multi_dec -4735761 quick_dec -182353 nack_dec -705500
Flow Uec_8166_0 flowId 26 uecSrc 25 finished at 87045.5 total messages 1 total packets 4107 RTS 0 total bytes 16781202 in_flight now 0 fair_inc 49006 prop_inc 2280 fast_inc 0 eta_inc 4632894 multi_dec -4704254 quick_dec -220756 nack_dec -576850
Flow Uec_8155_0 flowId 37 uecSrc 36 finished at 87049.5 total messages 1 total packets 4107 RTS 0 total bytes 16781202 in_flight now 0 fair_inc 67178 prop_inc 2536 fast_inc 0 eta_inc 4642197 multi_dec -4738475 quick_dec -144609 nack_dec -597600
Flow Uec_8151_0 flowId 41 uecSrc 40 finished at 87054.4 total messages 1 total packets 4107 RTS 0 total bytes 16781202 in_flight now 0 fair_inc 61091 prop_inc 2237 fast_inc 0 eta_inc 4638210 multi_dec -4701473 quick_dec -209525 nack_dec -585150
Flow Uec_8064_0 flowId 128 uecSrc 127 finished at 87072.7 total messages 1 total packets 4107 RTS 0 total bytes 16781202 in_flight now 0 fair_inc 49536 prop_inc 4600 fast_inc 0 eta_inc 4635552 multi_dec -4665628 quick_dec -233929 nack_dec -630800
Flow Uec_8093_0 flowId 99 uecSrc 98 finished at 87072.9 total messages 1 total packets 4107 RTS 0 total bytes 16781202 in_flight now 0 fair_inc 62591 prop_inc 863 fast_inc 0 eta_inc 4640868 multi_dec -4723020 quick_dec -181510 nack_dec -589300
Flow Uec_8146_0 flowId 46 uecSrc 45 finished at 87074.9 total messages 1 total packets 4107 RTS 0 total bytes 16781202 in_flight now 0 fair_inc 62839 prop_inc 5944 fast_inc 0 eta_inc 4638210 multi_dec -4718946 quick_dec -231244 nack_dec -589300
Flow Uec_8174_0 flowId 18 uecSrc 17 finished at 87088 total messages 1 total packets 4107 RTS 0 total bytes 16781202 in_flight now 0 fair_inc 119705 prop_inc 215 fast_inc 0 eta_inc 4646184 multi_dec -4731626 quick_dec -249078 nack_dec -618350
Flow Uec_8136_0 flowId 56 uecSrc 55 finished at 87102.4 total messages 1 total packets 4107 RTS 0 total bytes 16781202 in_flight now 0 fair_inc 41640 prop_inc 4907 fast_inc 0 eta_inc 4646184 multi_dec -4650537 quick_dec -217518 nack_dec -589300
Flow Uec_8148_0 flowId 44 uecSrc 43 finished at 87104.1 total messages 1 total packets 4107 RTS 0 total bytes 16781202 in_flight now 0 fair_inc 70677 prop_inc 8728 fast_inc 0 eta_inc 4644855 multi_dec -4687935 quick_dec -229808 nack_dec -585150
Flow Uec_8170_0 flowId 22 uecSrc 21 finished at 87104.8 total messages 1 total packets 4107 RTS 0 total bytes 16781202 in_flight now 0 fair_inc 72133 prop_inc 2961 fast_inc 0 eta_inc 4654158 multi_dec -4680943 quick_dec -206036 nack_dec -560250
Flow Uec_8145_0 flowId 47 uecSrc 46 finished at 87106.1 total messages 1 total packets 4107 RTS 0 total bytes 16781202 in_flight now 0 fair_inc 82080 prop_inc 3201 fast_inc 0 eta_inc 4631565 multi_dec -4657389 quick_dec -304301 nack_dec -672300
Flow Uec_8082_0 flowId 110 uecSrc 109 finished at 87171.7 total messages 1 total packets 4107 RTS 0 total bytes 16781202 in_flight now 0 fair_inc 52502 prop_inc 7399 fast_inc 0 eta_inc 4644855 multi_dec -4657907 quick_dec -238274 nack_dec -626650
Flow Uec_8101_0 flowId 91 uecSrc 90 finished at 87173.7 total messages 1 total packets 4107 RTS 0 total bytes 16781202 in_flight now 0 fair_inc 61935 prop_inc 5637 fast_inc 0 eta_inc 4638210 multi_dec -4705082 quick_dec -194693 nack_dec -618350
Flow Uec_8103_0 flowId 89 uecSrc 88 finished at 87180.2 total messages 1 total packets 4107 RTS 0 total bytes 16781202 in_flight now 0 fair_inc 63120 prop_inc 10816 fast_inc 0 eta_inc 4636881 multi_dec -4714427 quick_dec -179388 nack_dec -626650
Flow Uec_8138_0 flowId 54 uecSrc 53 finished at 87186.3 total messages 1 total packets 4107 RTS 0 total bytes 16781202 in_flight now 0 fair_inc 54623 prop_inc 7853 fast_inc 0 eta_inc 4648842 multi_dec -4669255 quick_dec -215619 nack_dec -643250
Flow Uec_8123_0 flowId 69 uecSrc 68 finished at 87221.4 total messages 1 total packets 4107 RTS 0 total bytes 16781202 in_flight now 0 fair_inc 89635 prop_inc 8617 fast_inc 0 eta_inc 4650171 multi_dec -4674116 quick_dec -219122 nack_dec -601750
Flow Uec_8173_0 flowId 19 uecSrc 18 finished at 87232.3 total messages 1 total packets 4107 RTS 0 total bytes 16781202 in_flight now 0 fair_inc 74183 prop_inc 8950 fast_inc 0 eta_inc 4642197 multi_dec -4666716 quick_dec -170796 nack_dec -634950
Flow Uec_8116_0 flowId 76 uecSrc 75 finished at 87239.8 total messages 1 total packets 4107 RTS 0 total bytes 16781202 in_flight now 0 fair_inc 77498 prop_inc 10250 fast_inc 0 eta_inc 4639539 multi_dec -4598914 quick_dec -223703 nack_dec -601750
Flow Uec_8112_0 flowId 80 uecSrc 79 finished at 87250.9 total messages 1 total packets 4107 RTS 0 total bytes 16781202 in_flight now 0 fair_inc 54677 prop_inc 7322 fast_inc 0 eta_inc 4643526 multi_dec -4663844 quick_dec -316157 nack_dec -605900
Flow Uec_8158_0 flowId 34 uecSrc 33 finished at 87257.7 total messages 1 total packets 4107 RTS 0 total bytes 16781202 in_flight now 0 fair_inc 63233 prop_inc 13703 fast_inc 0 eta_inc 4655487 multi_dec -4657116 quick_dec -162834 nack_dec -572700
Flow Uec_8132_0 flowId 60 uecSrc 59 finished at 87259.2 total messages 1 total packets 4107 RTS 0 total bytes 16781202 in_flight now 0 fair_inc 73475 prop_inc 9669 fast_inc 0 eta_inc 4658145 multi_dec -4723917 quick_dec -207625 nack_dec -597600
Flow Uec_8139_0 flowId 53 uecSrc 52 finished at 87272.4 total messages 1 total packets 4107 RTS 0 total bytes 16781202 in_flight now 0 fair_inc 37420 prop_inc 25901 fast_inc 0 eta_inc 4648842 multi_dec -4627139 quick_dec -145830 nack_dec -568550
Flow Uec_8161_0 flowId 31 uecSrc 30 finished at 87280.8 total messages 1 total packets 4107 RTS 0 total bytes 16781202 in_flight now 0 fair_inc 86753 prop_inc 19546 fast_inc 0 eta_inc 4652829 multi_dec -4670852 quick_dec -290447 nack_dec -601750
Flow Uec_8171_0 flowId 21 uecSrc 20 finished at 87283 total messages 1 total packets 4107 RTS 0 total bytes 16781202 in_flight now 0 fair_inc 51099 prop_inc 28752 fast_inc 0 eta_inc 4644855 multi_dec -4689864 quick_dec -151452 nack_dec -630800
Flow Uec_8072_0 flowId 120 uecSrc 119 finished at 87285.7 total messages 1 total packets 4107 RTS 0 total bytes 16781202 in_flight now 0 fair_inc 78630 prop_inc 36028 fast_inc 0 eta_inc 4648842 multi_dec -4673249 quick_dec -209515 nack_dec -614200
Flow Uec_8157_0 flowId 35 uecSrc 34 finished at 87295.3 total messages 1 total packets 4107 RTS 0 total bytes 16781202 in_flight now 0 fair_inc 47926 prop_inc 41475 fast_inc 0 eta_inc 4651500 multi_dec -4637196 quick_dec -159435 nack_dec -576850
Flow Uec_8177_0 flowId 15 uecSrc 14 finished at 87307 total messages 1 total packets 4107 RTS 0 total bytes 16781202 in_flight now 0 fair_inc 31224 prop_inc 42987 fast_inc 0 eta_inc 4648842 multi_dec -4662875 quick_dec -251478 nack_dec -610050
Flow Uec_8190_0 flowId 2 uecSrc 1 finished at 87314.6 total messages 1 total packets 4107 RTS 0 total bytes 16781202 in_flight now 0 fair_inc 63363 prop_inc 56543 fast_inc 22584 eta_inc 4650171 multi_dec -4672560 quick_dec -205140 nack_dec -634950
Flow Uec_8069_0 flowId 123 uecSrc 122 finished at 87323.2 total messages 1 total packets 4107 RTS 0 total bytes 16781202 in_flight now 0 fair_inc 39897 prop_inc 89832 fast_inc 0 eta_inc 4647513 multi_dec -4650600 quick_dec -238055 nack_dec -610050
New: 525696 Rtx: 17830 RTS: 0 Bounced: 0 ACKs: 525503 NACKs: 17830 Pulls: 0 sleek_pkts: 0
SPURIOUS_COUNT 0
