.Flow Uec_8170_0 flowId 22 uecSrc 21 finished at 80282.8 total messages 1 total packets 16425 RTS 0 total bytes 67112550 in_flight now 0 fair_inc 3992907 prop_inc 126891 fast_inc 0 eta_inc 4412280 multi_dec -8074998 quick_dec -1137823 nack_dec -2676750
Flow Uec_8176_0 flowId 16 uecSrc 15 finished at 81039.1 total messages 1 total packets 16425 RTS 0 total bytes 67112550 in_flight now 0 fair_inc 4059770 prop_inc 98987 fast_inc 0 eta_inc 4442847 multi_dec -8079846 quick_dec -1024807 nack_dec -2813700
Flow Uec_8165_0 flowId 27 uecSrc 26 finished at 81113.9 total messages 1 total packets 16425 RTS 0 total bytes 67112550 in_flight now 0 fair_inc 4001222 prop_inc 119740 fast_inc 0 eta_inc 4460124 multi_dec -7886341 quick_dec -1308507 nack_dec -2880100
Flow Uec_8191_0 flowId 1 uecSrc 0 finished at 83817.2 total messages 1 total packets 16425 RTS 0 total bytes 67112550 in_flight now 0 fair_inc 3976841 prop_inc 114037 fast_inc 0 eta_inc 4619604 multi_dec -7959543 quick_dec -1226584 nack_dec -2954800
Flow Uec_8184_0 flowId 8 uecSrc 7 finished at 83990.5 total messages 1 total packets 16425 RTS 0 total bytes 67112550 in_flight now 0 fair_inc 4275240 prop_inc 92730 fast_inc 0 eta_inc 4614288 multi_dec -7950381 quick_dec -1387710 nack_dec -3162300
Flow Uec_8174_0 flowId 18 uecSrc 17 finished at 84100.6 total messages 1 total packets 16425 RTS 0 total bytes 67112550 in_flight now 0 fair_inc 4097119 prop_inc 111464 fast_inc 0 eta_inc 4627578 multi_dec -8050067 quick_dec -1497411 nack_dec -2992150
Flow Uec_8189_0 flowId 3 uecSrc 2 finished at 84301.7 total messages 1 total packets 16425 RTS 0 total bytes 67112550 in_flight now 0 fair_inc 4131319 prop_inc 82208 fast_inc 0 eta_inc 4615617 multi_dec -8146241 quick_dec -1272923 nack_dec -3249450
Flow Uec_8179_0 flowId 13 uecSrc 12 finished at 84995.2 total messages 1 total packets 16425 RTS 0 total bytes 67112550 in_flight now 0 fair_inc 3907660 prop_inc 101953 fast_inc 0 eta_inc 4676751 multi_dec -7900030 quick_dec -1231271 nack_dec -2921600
Flow Uec_8182_0 flowId 10 uecSrc 9 finished at 85195.8 total messages 1 total packets 16425 RTS 0 total bytes 67112550 in_flight now 0 fair_inc 4019132 prop_inc 128869 fast_inc 0 eta_inc 4688712 multi_dec -7910855 quick_dec -1409003 nack_dec -3116650
Flow Uec_8164_0 flowId 28 uecSrc 27 finished at 85251.8 total messages 1 total packets 16425 RTS 0 total bytes 67112550 in_flight now 0 fair_inc 3969483 prop_inc 105804 fast_inc 0 eta_inc 4682067 multi_dec -8023237 quick_dec -1274336 nack_dec -2996764
Flow Uec_8175_0 flowId 17 uecSrc 16 finished at 85259.5 total messages 1 total packets 16425 RTS 0 total bytes 67112550 in_flight now 0 fair_inc 4052043 prop_inc 107531 fast_inc 0 eta_inc 4675422 multi_dec -7980224 quick_dec -1306569 nack_dec -3087600
Flow Uec_8181_0 flowId 11 uecSrc 10 finished at 85302.2 total messages 1 total packets 16425 RTS 0 total bytes 67112550 in_flight now 0 fair_inc 3940581 prop_inc 120753 fast_inc 0 eta_inc 4695357 multi_dec -8046283 quick_dec -1341719 nack_dec -3004600
Flow Uec_8187_0 flowId 5 uecSrc 4 finished at 85353.5 total messages 1 total packets 16425 RTS 0 total bytes 67112550 in_flight now 0 fair_inc 4069400 prop_inc 108520 fast_inc 0 eta_inc 4695357 multi_dec -8041459 quick_dec -1221676 nack_dec -3203800
Flow Uec_8188_0 flowId 4 uecSrc 3 finished at 85524 total messages 1 total packets 16425 RTS 0 total bytes 67112550 in_flight now 0 fair_inc 3986349 prop_inc 133237 fast_inc 0 eta_inc 4708647 multi_dec -8000988 quick_dec -1179068 nack_dec -3021200
Flow Uec_8167_0 flowId 25 uecSrc 24 finished at 85846.4 total messages 1 total packets 16425 RTS 0 total bytes 67112550 in_flight now 0 fair_inc 3887026 prop_inc 130674 fast_inc 0 eta_inc 4731240 multi_dec -8048829 quick_dec -1270727 nack_dec -2946500
Flow Uec_8185_0 flowId 7 uecSrc 6 finished at 85962.5 total messages 1 total packets 16425 RTS 0 total bytes 67112550 in_flight now 0 fair_inc 3803710 prop_inc 123926 fast_inc 0 eta_inc 4717950 multi_dec -8030289 quick_dec -1132890 nack_dec -2954800
Flow Uec_8183_0 flowId 9 uecSrc 8 finished at 86021.4 total messages 1 total packets 16425 RTS 0 total bytes 67112550 in_flight now 0 fair_inc 3684964 prop_inc 136436 fast_inc 0 eta_inc 4733898 multi_dec -7697054 quick_dec -1184412 nack_dec -2971400
Flow Uec_8177_0 flowId 15 uecSrc 14 finished at 86140 total messages 1 total packets 16425 RTS 0 total bytes 67112550 in_flight now 0 fair_inc 3855164 prop_inc 141512 fast_inc 0 eta_inc 4724595 multi_dec -7939698 quick_dec -1212772 nack_dec -3033650
Flow Uec_8178_0 flowId 14 uecSrc 13 finished at 86266.1 total messages 1 total packets 16425 RTS 0 total bytes 67112550 in_flight now 0 fair_inc 3504175 prop_inc 127954 fast_inc 0 eta_inc 4731240 multi_dec -7666875 quick_dec -1246087 nack_dec -2917450
Flow Uec_8186_0 flowId 6 uecSrc 5 finished at 86282.1 total messages 1 total packets 16425 RTS 0 total bytes 67112550 in_flight now 0 fair_inc 3886356 prop_inc 127001 fast_inc 0 eta_inc 4737885 multi_dec -8010057 quick_dec -1281570 nack_dec -3100050
Flow Uec_8171_0 flowId 21 uecSrc 20 finished at 86413.6 total messages 1 total packets 16425 RTS 0 total bytes 67112550 in_flight now 0 fair_inc 4273414 prop_inc 101519 fast_inc 0 eta_inc 4745859 multi_dec -8068631 quick_dec -1599616 nack_dec -3079300
Flow Uec_8169_0 flowId 23 uecSrc 22 finished at 86496.9 total messages 1 total packets 16425 RTS 0 total bytes 67112550 in_flight now 0 fair_inc 3998626 prop_inc 127679 fast_inc 0 eta_inc 4759149 multi_dec -7936942 quick_dec -1552165 nack_dec -2917450
Flow Uec_8161_0 flowId 31 uecSrc 30 finished at 86705.1 total messages 1 total packets 16425 RTS 0 total bytes 67112550 in_flight now 0 fair_inc 3821197 prop_inc 136118 fast_inc 0 eta_inc 4775097 multi_dec -7907096 quick_dec -1362328 nack_dec -2950650
Flow Uec_8190_0 flowId 2 uecSrc 1 finished at 86762.1 total messages 1 total packets 16425 RTS 0 total bytes 67112550 in_flight now 0 fair_inc 3801924 prop_inc 113317 fast_inc 0 eta_inc 4759149 multi_dec -7986491 quick_dec -1167567 nack_dec -3091750
Flow Uec_8166_0 flowId 26 uecSrc 25 finished at 86883.4 total messages 1 total packets 16425 RTS 0 total bytes 67112550 in_flight now 0 fair_inc 3903431 prop_inc 124672 fast_inc 0 eta_inc 4775097 multi_dec -7959369 quick_dec -1379442 nack_dec -3021200
Flow Uec_8180_0 flowId 12 uecSrc 11 finished at 86910.2 total messages 1 total packets 16425 RTS 0 total bytes 67112550 in_flight now 0 fair_inc 3916694 prop_inc 139937 fast_inc 0 eta_inc 4760478 multi_dec -8107806 quick_dec -1013455 nack_dec -3241150
Flow Uec_8162_0 flowId 30 uecSrc 29 finished at 86953.2 total messages 1 total packets 16425 RTS 0 total bytes 67112550 in_flight now 0 fair_inc 4003842 prop_inc 126346 fast_inc 0 eta_inc 4783071 multi_dec -8018096 quick_dec -1406654 nack_dec -3166450
Flow Uec_8160_0 flowId 32 uecSrc 31 finished at 86998.4 total messages 1 total packets 16425 RTS 0 total bytes 67112550 in_flight now 0 fair_inc 4143503 prop_inc 126071 fast_inc 0 eta_inc 4783071 multi_dec -7962314 quick_dec -1562175 nack_dec -3365650
Flow Uec_8173_0 flowId 19 uecSrc 18 finished at 87023.5 total messages 1 total packets 16425 RTS 0 total bytes 67112550 in_flight now 0 fair_inc 3833516 prop_inc 143443 fast_inc 0 eta_inc 4768452 multi_dec -8023674 quick_dec -1280950 nack_dec -2896700
Flow Uec_8172_0 flowId 20 uecSrc 19 finished at 87029.9 total messages 1 total packets 16425 RTS 0 total bytes 67112550 in_flight now 0 fair_inc 4074023 prop_inc 166733 fast_inc 0 eta_inc 4803006 multi_dec -8082640 quick_dec -1593191 nack_dec -3104200
Flow Uec_8163_0 flowId 29 uecSrc 28 finished at 87293.2 total messages 1 total packets 16425 RTS 0 total bytes 67112550 in_flight now 0 fair_inc 3684973 prop_inc 265621 fast_inc 0 eta_inc 4805664 multi_dec -7590132 quick_dec -1391157 nack_dec -3108350
Flow Uec_8168_0 flowId 24 uecSrc 23 finished at 87325.7 total messages 1 total packets 16425 RTS 0 total bytes 67112550 in_flight now 0 fair_inc 3687750 prop_inc 296187 fast_inc 72236 eta_inc 4803006 multi_dec -7570950 quick_dec -1530594 nack_dec -3207950
New: 525600 Rtx: 23412 RTS: 0 Bounced: 0 ACKs: 523707 NACKs: 23412 Pulls: 0 sleek_pkts: 0
SPURIOUS_COUNT 0
