.Flow Uec_8191_0 flowId 1 uecSrc 0 finished at 81241.5 total messages 1 total packets 16425 RTS 0 total bytes 67112550 in_flight now 0 fair_inc 4123328 prop_inc 82672 fast_inc 0 eta_inc 4470756 multi_dec -7992117 quick_dec -1478392 nack_dec -2842750
Flow Uec_8177_0 flowId 15 uecSrc 14 finished at 81468.9 total messages 1 total packets 16425 RTS 0 total bytes 67112550 in_flight now 0 fair_inc 3878867 prop_inc 96897 fast_inc 0 eta_inc 4490691 multi_dec -7912809 quick_dec -1181499 nack_dec -2685050
Flow Uec_8166_0 flowId 26 uecSrc 25 finished at 82656.2 total messages 1 total packets 16425 RTS 0 total bytes 67112550 in_flight now 0 fair_inc 3988980 prop_inc 108723 fast_inc 0 eta_inc 4555812 multi_dec -8084167 quick_dec -1228920 nack_dec -2747300
Flow Uec_8162_0 flowId 30 uecSrc 29 finished at 82869.1 total messages 1 total packets 16425 RTS 0 total bytes 67112550 in_flight now 0 fair_inc 3854441 prop_inc 109994 fast_inc 0 eta_inc 4562457 multi_dec -7931291 quick_dec -1132158 nack_dec -2921600
Flow Uec_8172_0 flowId 20 uecSrc 19 finished at 83042.3 total messages 1 total packets 16425 RTS 0 total bytes 67112550 in_flight now 0 fair_inc 4167524 prop_inc 93735 fast_inc 0 eta_inc 4569102 multi_dec -7925912 quick_dec -1322428 nack_dec -2992150
Flow Uec_8169_0 flowId 23 uecSrc 22 finished at 83266.7 total messages 1 total packets 16425 RTS 0 total bytes 67112550 in_flight now 0 fair_inc 3796076 prop_inc 104621 fast_inc 0 eta_inc 4570431 multi_dec -8108135 quick_dec -981386 nack_dec -2846900
Flow Uec_8185_0 flowId 7 uecSrc 6 finished at 83954.9 total messages 1 total packets 16425 RTS 0 total bytes 67112550 in_flight now 0 fair_inc 3992262 prop_inc 103285 fast_inc 0 eta_inc 4606314 multi_dec -8032210 quick_dec -1316224 nack_dec -2975550
Flow Uec_8163_0 flowId 29 uecSrc 28 finished at 84091.6 total messages 1 total packets 16425 RTS 0 total bytes 67112550 in_flight now 0 fair_inc 4199151 prop_inc 101801 fast_inc 0 eta_inc 4607643 multi_dec -8068764 quick_dec -1363360 nack_dec -3091750
Flow Uec_8161_0 flowId 31 uecSrc 30 finished at 84113 total messages 1 total packets 16425 RTS 0 total bytes 67112550 in_flight now 0 fair_inc 3843835 prop_inc 97569 fast_inc 0 eta_inc 4632894 multi_dec -8062222 quick_dec -1104630 nack_dec -2888400
Flow Uec_8190_0 flowId 2 uecSrc 1 finished at 84140.1 total messages 1 total packets 16425 RTS 0 total bytes 67112550 in_flight now 0 fair_inc 4026861 prop_inc 114659 fast_inc 0 eta_inc 4631565 multi_dec -7962527 quick_dec -1531378 nack_dec -2896700
Flow Uec_8186_0 flowId 6 uecSrc 5 finished at 84984.8 total messages 1 total packets 16425 RTS 0 total bytes 67112550 in_flight now 0 fair_inc 4059436 prop_inc 101574 fast_inc 0 eta_inc 4671435 multi_dec -8039644 quick_dec -1302932 nack_dec -2958950
Flow Uec_8167_0 flowId 25 uecSrc 24 finished at 85060.9 total messages 1 total packets 16425 RTS 0 total bytes 67112550 in_flight now 0 fair_inc 4021094 prop_inc 116481 fast_inc 0 eta_inc 4682067 multi_dec -8107003 quick_dec -1187462 nack_dec -2967714
Flow Uec_8176_0 flowId 16 uecSrc 15 finished at 85259.8 total messages 1 total packets 16425 RTS 0 total bytes 67112550 in_flight now 0 fair_inc 3814398 prop_inc 119279 fast_inc 0 eta_inc 4692699 multi_dec -8047538 quick_dec -1324809 nack_dec -2863500
Flow Uec_8179_0 flowId 13 uecSrc 12 finished at 85402.1 total messages 1 total packets 16425 RTS 0 total bytes 67112550 in_flight now 0 fair_inc 3962934 prop_inc 105378 fast_inc 0 eta_inc 4691370 multi_dec -7969540 quick_dec -1231010 nack_dec -2934050
Flow Uec_8173_0 flowId 19 uecSrc 18 finished at 85602.3 total messages 1 total packets 16425 RTS 0 total bytes 67112550 in_flight now 0 fair_inc 3913079 prop_inc 96337 fast_inc 0 eta_inc 4708647 multi_dec -8152755 quick_dec -1197980 nack_dec -2950650
Flow Uec_8189_0 flowId 3 uecSrc 2 finished at 85651.8 total messages 1 total packets 16425 RTS 0 total bytes 67112550 in_flight now 0 fair_inc 3956677 prop_inc 99760 fast_inc 0 eta_inc 4709976 multi_dec -8079981 quick_dec -1392449 nack_dec -2917450
Flow Uec_8184_0 flowId 8 uecSrc 7 finished at 85830.3 total messages 1 total packets 16425 RTS 0 total bytes 67112550 in_flight now 0 fair_inc 3812298 prop_inc 103025 fast_inc 0 eta_inc 4707318 multi_dec -7951289 quick_dec -1270123 nack_dec -2805400
Flow Uec_8183_0 flowId 9 uecSrc 8 finished at 86050.7 total messages 1 total packets 16425 RTS 0 total bytes 67112550 in_flight now 0 fair_inc 3806717 prop_inc 101435 fast_inc 0 eta_inc 4731240 multi_dec -8106607 quick_dec -1287478 nack_dec -2747300
Flow Uec_8170_0 flowId 22 uecSrc 21 finished at 86205.9 total messages 1 total packets 16425 RTS 0 total bytes 67112550 in_flight now 0 fair_inc 4129816 prop_inc 93305 fast_inc 0 eta_inc 4733898 multi_dec -8141180 quick_dec -1411785 nack_dec -3029500
Flow Uec_8182_0 flowId 10 uecSrc 9 finished at 86278.8 total messages 1 total packets 16425 RTS 0 total bytes 67112550 in_flight now 0 fair_inc 3942219 prop_inc 96320 fast_inc 0 eta_inc 4743201 multi_dec -7913561 quick_dec -1425716 nack_dec -3050250
Flow Uec_8168_0 flowId 24 uecSrc 23 finished at 86412.8 total messages 1 total packets 16425 RTS 0 total bytes 67112550 in_flight now 0 fair_inc 3732783 prop_inc 110578 fast_inc 0 eta_inc 4747188 multi_dec -8057695 quick_dec -1338533 nack_dec -2606200
Flow Uec_8181_0 flowId 11 uecSrc 10 finished at 86560.2 total messages 1 total packets 16425 RTS 0 total bytes 67112550 in_flight now 0 fair_inc 3901717 prop_inc 89274 fast_inc 0 eta_inc 4761807 multi_dec -8205247 quick_dec -1050958 nack_dec -3029500
Flow Uec_8165_0 flowId 27 uecSrc 26 finished at 86790 total messages 1 total packets 16425 RTS 0 total bytes 67112550 in_flight now 0 fair_inc 3874919 prop_inc 101072 fast_inc 0 eta_inc 4760478 multi_dec -8069985 quick_dec -1225368 nack_dec -2921600
Flow Uec_8171_0 flowId 21 uecSrc 20 finished at 86897.3 total messages 1 total packets 16425 RTS 0 total bytes 67112550 in_flight now 0 fair_inc 3680110 prop_inc 115828 fast_inc 0 eta_inc 4767123 multi_dec -7927080 quick_dec -1305228 nack_dec -2871800
Flow Uec_8174_0 flowId 18 uecSrc 17 finished at 87036.4 total messages 1 total packets 16425 RTS 0 total bytes 67112550 in_flight now 0 fair_inc 3796673 prop_inc 95345 fast_inc 0 eta_inc 4783071 multi_dec -7964106 quick_dec -1207762 nack_dec -2813700
Flow Uec_8175_0 flowId 17 uecSrc 16 finished at 87078.4 total messages 1 total packets 16425 RTS 0 total bytes 67112550 in_flight now 0 fair_inc 3806389 prop_inc 138476 fast_inc 0 eta_inc 4793703 multi_dec -7722810 quick_dec -1385869 nack_dec -2934050
Flow Uec_8164_0 flowId 28 uecSrc 27 finished at 87123.9 total messages 1 total packets 16425 RTS 0 total bytes 67112550 in_flight now 0 fair_inc 3798253 prop_inc 105718 fast_inc 0 eta_inc 4784400 multi_dec -7976844 quick_dec -1369327 nack_dec -2929900
Flow Uec_8178_0 flowId 14 uecSrc 13 finished at 87132.7 total messages 1 total packets 16425 RTS 0 total bytes 67112550 in_flight now 0 fair_inc 3736776 prop_inc 116496 fast_inc 0 eta_inc 4795032 multi_dec -7894944 quick_dec -1384735 nack_dec -2859350
Flow Uec_8160_0 flowId 32 uecSrc 31 finished at 87247.6 total messages 1 total packets 16425 RTS 0 total bytes 67112550 in_flight now 0 fair_inc 3560761 prop_inc 153939 fast_inc 0 eta_inc 4776426 multi_dec -7607783 quick_dec -1123966 nack_dec -3021200
Flow Uec_8187_0 flowId 5 uecSrc 4 finished at 87250.3 total messages 1 total packets 16425 RTS 0 total bytes 67112550 in_flight now 0 fair_inc 3806714 prop_inc 191577 fast_inc 0 eta_inc 4792374 multi_dec -7846840 quick_dec -1630109 nack_dec -2739000
Flow Uec_8180_0 flowId 12 uecSrc 11 finished at 87303.7 total messages 1 total packets 16425 RTS 0 total bytes 67112550 in_flight now 0 fair_inc 3644564 prop_inc 214735 fast_inc 0 eta_inc 4781742 multi_dec -7594116 quick_dec -1464031 nack_dec -3008750
Flow Uec_8188_0 flowId 4 uecSrc 3 finished at 87324.9 total messages 1 total packets 16425 RTS 0 total bytes 67112550 in_flight now 0 fair_inc 3601447 prop_inc 253277 fast_inc 72243 eta_inc 4796361 multi_dec -7953788 quick_dec -1020599 nack_dec -2834450
New: 525600 Rtx: 22334 RTS: 0 Bounced: 0 ACKs: 524052 NACKs: 22334 Pulls: 0 sleek_pkts: 0
SPURIOUS_COUNT 0
