.Flow Uec_756_0 flowId 16 uecSrc 15 finished at 82446.3 total messages 1 total packets 16425 RTS 0 total bytes 67112550 in_flight now 0 fair_inc 2670402 prop_inc 59968 fast_inc 0 eta_inc 4537206 multi_dec -6761957 quick_dec -800970 nack_dec -2050100
Flow Uec_3347_0 flowId 26 uecSrc 25 finished at 82848.8 total messages 1 total packets 16425 RTS 0 total bytes 67112550 in_flight now 0 fair_inc 2606046 prop_inc 51879 fast_inc 0 eta_inc 4551825 multi_dec -6965024 quick_dec -698923 nack_dec -1859664
Flow Uec_4571_0 flowId 14 uecSrc 13 finished at 83071.3 total messages 1 total packets 16425 RTS 0 total bytes 67112550 in_flight now 0 fair_inc 2363033 prop_inc 52200 fast_inc 0 eta_inc 4570431 multi_dec -6835130 quick_dec -621330 nack_dec -1701500
Flow Uec_4516_0 flowId 12 uecSrc 11 finished at 83396.6 total messages 1 total packets 16425 RTS 0 total bytes 67112550 in_flight now 0 fair_inc 2590376 prop_inc 50233 fast_inc 0 eta_inc 4585050 multi_dec -6775558 quick_dec -801799 nack_dec -1967564
Flow Uec_5742_0 flowId 27 uecSrc 26 finished at 84581.4 total messages 1 total packets 16425 RTS 0 total bytes 67112550 in_flight now 0 fair_inc 2525826 prop_inc 69653 fast_inc 0 eta_inc 4660803 multi_dec -6992873 quick_dec -666557 nack_dec -1626800
Flow Uec_404_0 flowId 20 uecSrc 19 finished at 84807.9 total messages 1 total packets 16425 RTS 0 total bytes 67112550 in_flight now 0 fair_inc 2397848 prop_inc 87762 fast_inc 0 eta_inc 4668777 multi_dec -6952210 quick_dec -661271 nack_dec -1838450
Flow Uec_6673_0 flowId 32 uecSrc 31 finished at 85033.6 total messages 1 total packets 16425 RTS 0 total bytes 67112550 in_flight now 0 fair_inc 2431875 prop_inc 58508 fast_inc 0 eta_inc 4667448 multi_dec -6964029 quick_dec -605382 nack_dec -1759600
Flow Uec_2852_0 flowId 17 uecSrc 16 finished at 85084.1 total messages 1 total packets 16425 RTS 0 total bytes 67112550 in_flight now 0 fair_inc 2530389 prop_inc 71543 fast_inc 0 eta_inc 4667448 multi_dec -6761106 quick_dec -725328 nack_dec -2004450
Flow Uec_5652_0 flowId 1 uecSrc 0 finished at 85272.6 total messages 1 total packets 16425 RTS 0 total bytes 67112550 in_flight now 0 fair_inc 2421525 prop_inc 75345 fast_inc 0 eta_inc 4682067 multi_dec -6855683 quick_dec -770121 nack_dec -1767900
Flow Uec_6334_0 flowId 3 uecSrc 2 finished at 85334.9 total messages 1 total packets 16425 RTS 0 total bytes 67112550 in_flight now 0 fair_inc 2525752 prop_inc 76020 fast_inc 0 eta_inc 4690041 multi_dec -6798932 quick_dec -754060 nack_dec -1925600
Flow Uec_1997_0 flowId 19 uecSrc 18 finished at 85415.9 total messages 1 total packets 16425 RTS 0 total bytes 67112550 in_flight now 0 fair_inc 2732300 prop_inc 46403 fast_inc 0 eta_inc 4692699 multi_dec -7077539 quick_dec -922562 nack_dec -1909000
Flow Uec_3897_0 flowId 9 uecSrc 8 finished at 85537.9 total messages 1 total packets 16425 RTS 0 total bytes 67112550 in_flight now 0 fair_inc 2476715 prop_inc 67057 fast_inc 0 eta_inc 4702002 multi_dec -6847657 quick_dec -909627 nack_dec -1801100
Flow Uec_4790_0 flowId 23 uecSrc 22 finished at 85572.8 total messages 1 total packets 16425 RTS 0 total bytes 67112550 in_flight now 0 fair_inc 2547114 prop_inc 56116 fast_inc 0 eta_inc 4713963 multi_dec -7010176 quick_dec -764690 nack_dec -1751300
Flow Uec_2648_0 flowId 18 uecSrc 17 finished at 86122.7 total messages 1 total packets 16425 RTS 0 total bytes 67112550 in_flight now 0 fair_inc 2498663 prop_inc 54235 fast_inc 0 eta_inc 4731240 multi_dec -7152899 quick_dec -548576 nack_dec -1788650
Flow Uec_2088_0 flowId 6 uecSrc 5 finished at 86227.3 total messages 1 total packets 16425 RTS 0 total bytes 67112550 in_flight now 0 fair_inc 2326773 prop_inc 75557 fast_inc 0 eta_inc 4745859 multi_dec -7009941 quick_dec -606625 nack_dec -1805250
Flow Uec_3999_0 flowId 11 uecSrc 10 finished at 86233.4 total messages 1 total packets 16425 RTS 0 total bytes 67112550 in_flight now 0 fair_inc 2472771 prop_inc 72963 fast_inc 0 eta_inc 4741872 multi_dec -6868405 quick_dec -863660 nack_dec -1817700
Flow Uec_1570_0 flowId 25 uecSrc 24 finished at 86384 total messages 1 total packets 16425 RTS 0 total bytes 67112550 in_flight now 0 fair_inc 2471897 prop_inc 61519 fast_inc 0 eta_inc 4744530 multi_dec -6978786 quick_dec -654598 nack_dec -1979550
Flow Uec_4903_0 flowId 24 uecSrc 23 finished at 86437.3 total messages 1 total packets 16425 RTS 0 total bytes 67112550 in_flight now 0 fair_inc 2491747 prop_inc 69282 fast_inc 0 eta_inc 4747188 multi_dec -6905914 quick_dec -686786 nack_dec -2004450
Flow Uec_6726_0 flowId 15 uecSrc 14 finished at 86518.3 total messages 1 total packets 16425 RTS 0 total bytes 67112550 in_flight now 0 fair_inc 2732802 prop_inc 60020 fast_inc 0 eta_inc 4745859 multi_dec -7000704 quick_dec -851426 nack_dec -2195350
Flow Uec_3235_0 flowId 4 uecSrc 3 finished at 86642.2 total messages 1 total packets 16425 RTS 0 total bytes 67112550 in_flight now 0 fair_inc 2449580 prop_inc 55286 fast_inc 0 eta_inc 4752504 multi_dec -6965337 quick_dec -808050 nack_dec -1722250
Flow Uec_932_0 flowId 10 uecSrc 9 finished at 86757.6 total messages 1 total packets 16425 RTS 0 total bytes 67112550 in_flight now 0 fair_inc 2547777 prop_inc 69535 fast_inc 0 eta_inc 4769781 multi_dec -6931490 quick_dec -875018 nack_dec -2025200
Flow Uec_7972_0 flowId 29 uecSrc 28 finished at 86862.4 total messages 1 total packets 16425 RTS 0 total bytes 67112550 in_flight now 0 fair_inc 2530686 prop_inc 56649 fast_inc 0 eta_inc 4780413 multi_dec -7075592 quick_dec -786228 nack_dec -1805250
Flow Uec_2796_0 flowId 5 uecSrc 4 finished at 86862.9 total messages 1 total packets 16425 RTS 0 total bytes 67112550 in_flight now 0 fair_inc 2358014 prop_inc 75877 fast_inc 0 eta_inc 4783071 multi_dec -6926838 quick_dec -799486 nack_dec -1734700
Flow Uec_4363_0 flowId 30 uecSrc 29 finished at 86882.6 total messages 1 total packets 16425 RTS 0 total bytes 67112550 in_flight now 0 fair_inc 2328407 prop_inc 72745 fast_inc 0 eta_inc 4773768 multi_dec -6898131 quick_dec -662831 nack_dec -1738850
Flow Uec_4250_0 flowId 28 uecSrc 27 finished at 87004 total messages 1 total packets 16425 RTS 0 total bytes 67112550 in_flight now 0 fair_inc 2414733 prop_inc 75072 fast_inc 0 eta_inc 4775097 multi_dec -6945683 quick_dec -669988 nack_dec -1909000
Flow Uec_721_0 flowId 31 uecSrc 30 finished at 87047.8 total messages 1 total packets 16425 RTS 0 total bytes 67112550 in_flight now 0 fair_inc 2484536 prop_inc 72071 fast_inc 0 eta_inc 4779084 multi_dec -6967387 quick_dec -789900 nack_dec -1838450
Flow Uec_3140_0 flowId 22 uecSrc 21 finished at 87093.8 total messages 1 total packets 16425 RTS 0 total bytes 67112550 in_flight now 0 fair_inc 2409743 prop_inc 59348 fast_inc 0 eta_inc 4787058 multi_dec -7019553 quick_dec -689473 nack_dec -1792800
Flow Uec_7991_0 flowId 13 uecSrc 12 finished at 87101 total messages 1 total packets 16425 RTS 0 total bytes 67112550 in_flight now 0 fair_inc 2451553 prop_inc 63605 fast_inc 0 eta_inc 4788387 multi_dec -6960439 quick_dec -667978 nack_dec -1855050
Flow Uec_46_0 flowId 2 uecSrc 1 finished at 87148.8 total messages 1 total packets 16425 RTS 0 total bytes 67112550 in_flight now 0 fair_inc 2875752 prop_inc 113785 fast_inc 0 eta_inc 5710713 multi_dec -7691577 quick_dec --685955 nack_dec -4386550
Flow Uec_1176_0 flowId 8 uecSrc 7 finished at 87180.6 total messages 1 total packets 16425 RTS 0 total bytes 67112550 in_flight now 0 fair_inc 2513408 prop_inc 125869 fast_inc 0 eta_inc 4799019 multi_dec -6919021 quick_dec -791244 nack_dec -1938050
Flow Uec_725_0 flowId 7 uecSrc 6 finished at 87207.6 total messages 1 total packets 16425 RTS 0 total bytes 67112550 in_flight now 0 fair_inc 2423717 prop_inc 163390 fast_inc 0 eta_inc 4793703 multi_dec -6723710 quick_dec -879801 nack_dec -1855050
Flow Uec_3850_0 flowId 21 uecSrc 20 finished at 87308.4 total messages 1 total packets 16425 RTS 0 total bytes 67112550 in_flight now 0 fair_inc 2163771 prop_inc 191787 fast_inc 1066632 eta_inc 4806993 multi_dec -6636441 quick_dec -767450 nack_dec -1834300
New: 525600 Rtx: 14939 RTS: 0 Bounced: 0 ACKs: 524461 NACKs: 14939 Pulls: 0 sleek_pkts: 0
SPURIOUS_COUNT 0
