Flow Uec_7603_0 flowId 20 uecSrc 19 finished at 18845 total messages 1 total packets 4107 RTS 0 total bytes 16781202 in_flight now 0 fair_inc 656056 prop_inc 8465 fast_inc 0 eta_inc 1040607 multi_dec -1698794 quick_dec -255534 nack_dec -726250
Flow Uec_953_0 flowId 15 uecSrc 14 finished at 18988.6 total messages 1 total packets 4107 RTS 0 total bytes 16781202 in_flight now 0 fair_inc 637333 prop_inc 15894 fast_inc 0 eta_inc 1048581 multi_dec -1700415 quick_dec -122572 nack_dec -747000
Flow Uec_3452_0 flowId 6 uecSrc 5 finished at 19270.1 total messages 1 total packets 4107 RTS 0 total bytes 16781202 in_flight now 0 fair_inc 668987 prop_inc 13073 fast_inc 0 eta_inc 1060542 multi_dec -1650384 quick_dec -202133 nack_dec -763600
Flow Uec_4929_0 flowId 23 uecSrc 22 finished at 19530.1 total messages 1 total packets 4107 RTS 0 total bytes 16781202 in_flight now 0 fair_inc 690267 prop_inc 15880 fast_inc 0 eta_inc 1072503 multi_dec -1615339 quick_dec -307416 nack_dec -755300
Flow Uec_2472_0 flowId 32 uecSrc 31 finished at 19702.5 total messages 1 total packets 4107 RTS 0 total bytes 16781202 in_flight now 0 fair_inc 601116 prop_inc 12679 fast_inc 0 eta_inc 1085793 multi_dec -1676968 quick_dec -212148 nack_dec -742850
Flow Uec_7350_0 flowId 8 uecSrc 7 finished at 19981.1 total messages 1 total packets 4107 RTS 0 total bytes 16781202 in_flight now 0 fair_inc 618532 prop_inc 9961 fast_inc 0 eta_inc 1099083 multi_dec -1720231 quick_dec -132204 nack_dec -796800
Flow Uec_3241_0 flowId 24 uecSrc 23 finished at 20170.3 total messages 1 total packets 4107 RTS 0 total bytes 16781202 in_flight now 0 fair_inc 656366 prop_inc 9518 fast_inc 0 eta_inc 1105728 multi_dec -1692212 quick_dec -160929 nack_dec -809250
Flow Uec_6988_0 flowId 13 uecSrc 12 finished at 20172.5 total messages 1 total packets 4107 RTS 0 total bytes 16781202 in_flight now 0 fair_inc 658346 prop_inc 8718 fast_inc 0 eta_inc 1109715 multi_dec -1700696 quick_dec -158568 nack_dec -767750
Flow Uec_1877_0 flowId 17 uecSrc 16 finished at 20404.6 total messages 1 total packets 4107 RTS 0 total bytes 16781202 in_flight now 0 fair_inc 646074 prop_inc 11857 fast_inc 0 eta_inc 1120347 multi_dec -1702871 quick_dec -99806 nack_dec -767750
Flow Uec_6134_0 flowId 7 uecSrc 6 finished at 20517.1 total messages 1 total packets 4107 RTS 0 total bytes 16781202 in_flight now 0 fair_inc 644242 prop_inc 19535 fast_inc 0 eta_inc 1129650 multi_dec -1702698 quick_dec -228902 nack_dec -809250
Flow Uec_6720_0 flowId 28 uecSrc 27 finished at 20573.1 total messages 1 total packets 4107 RTS 0 total bytes 16781202 in_flight now 0 fair_inc 568849 prop_inc 16510 fast_inc 0 eta_inc 1130979 multi_dec -1613196 quick_dec -123278 nack_dec -780200
Flow Uec_446_0 flowId 19 uecSrc 18 finished at 20721 total messages 1 total packets 4107 RTS 0 total bytes 16781202 in_flight now 0 fair_inc 615893 prop_inc 19732 fast_inc 0 eta_inc 1138953 multi_dec -1624285 quick_dec -275930 nack_dec -800950
Flow Uec_8163_0 flowId 25 uecSrc 24 finished at 20887.7 total messages 1 total packets 4107 RTS 0 total bytes 16781202 in_flight now 0 fair_inc 616389 prop_inc 9874 fast_inc 0 eta_inc 1148256 multi_dec -1743324 quick_dec -185231 nack_dec -709650
Flow Uec_6248_0 flowId 22 uecSrc 21 finished at 20900.8 total messages 1 total packets 4107 RTS 0 total bytes 16781202 in_flight now 0 fair_inc 612913 prop_inc 15492 fast_inc 0 eta_inc 1157559 multi_dec -1711983 quick_dec -157760 nack_dec -771900
Flow Uec_3873_0 flowId 2 uecSrc 1 finished at 20929.7 total messages 1 total packets 4107 RTS 0 total bytes 16781202 in_flight now 0 fair_inc 656953 prop_inc 16549 fast_inc 0 eta_inc 1153572 multi_dec -1719625 quick_dec -275948 nack_dec -767750
Flow Uec_3822_0 flowId 27 uecSrc 26 finished at 20989.1 total messages 1 total packets 4107 RTS 0 total bytes 16781202 in_flight now 0 fair_inc 610958 prop_inc 12311 fast_inc 0 eta_inc 1157559 multi_dec -1713143 quick_dec -179414 nack_dec -734550
Flow Uec_6654_0 flowId 11 uecSrc 10 finished at 21050.6 total messages 1 total packets 4107 RTS 0 total bytes 16781202 in_flight now 0 fair_inc 658790 prop_inc 11921 fast_inc 0 eta_inc 1156230 multi_dec -1703061 quick_dec -194934 nack_dec -834150
Flow Uec_1500_0 flowId 21 uecSrc 20 finished at 21061.3 total messages 1 total packets 4107 RTS 0 total bytes 16781202 in_flight now 0 fair_inc 619112 prop_inc 16543 fast_inc 0 eta_inc 1154901 multi_dec -1722858 quick_dec -209059 nack_dec -821700
Flow Uec_7031_0 flowId 4 uecSrc 3 finished at 21228.3 total messages 1 total packets 4107 RTS 0 total bytes 16781202 in_flight now 0 fair_inc 595290 prop_inc 14774 fast_inc 0 eta_inc 1172178 multi_dec -1702424 quick_dec -195441 nack_dec -800950
Flow Uec_8014_0 flowId 30 uecSrc 29 finished at 21250.9 total messages 1 total packets 4107 RTS 0 total bytes 16781202 in_flight now 0 fair_inc 591288 prop_inc 17396 fast_inc 0 eta_inc 1170849 multi_dec -1736438 quick_dec -99520 nack_dec -830000
Flow Uec_4644_0 flowId 10 uecSrc 9 finished at 21275 total messages 1 total packets 4107 RTS 0 total bytes 16781202 in_flight now 0 fair_inc 538847 prop_inc 18209 fast_inc 0 eta_inc 1174836 multi_dec -1677745 quick_dec -108866 nack_dec -751150
Flow Uec_243_0 flowId 26 uecSrc 25 finished at 21532.5 total messages 1 total packets 4107 RTS 0 total bytes 16781202 in_flight now 0 fair_inc 725701 prop_inc 19103 fast_inc 0 eta_inc 1424688 multi_dec -1908810 quick_dec --182482 nack_dec -1381950
Flow Uec_1072_0 flowId 14 uecSrc 13 finished at 21552.9 total messages 1 total packets 4107 RTS 0 total bytes 16781202 in_flight now 0 fair_inc 582756 prop_inc 14502 fast_inc 0 eta_inc 1186797 multi_dec -1651932 quick_dec -301288 nack_dec -734550
Flow Uec_3448_0 flowId 9 uecSrc 8 finished at 21634.4 total messages 1 total packets 4107 RTS 0 total bytes 16781202 in_flight now 0 fair_inc 559381 prop_inc 12930 fast_inc 0 eta_inc 1190784 multi_dec -1526939 quick_dec -247388 nack_dec -738700
Flow Uec_6029_0 flowId 16 uecSrc 15 finished at 21637.1 total messages 1 total packets 4107 RTS 0 total bytes 16781202 in_flight now 0 fair_inc 552655 prop_inc 20302 fast_inc 0 eta_inc 1200087 multi_dec -1684903 quick_dec -172527 nack_dec -717950
Flow Uec_3165_0 flowId 12 uecSrc 11 finished at 21651.7 total messages 1 total packets 4107 RTS 0 total bytes 16781202 in_flight now 0 fair_inc 547948 prop_inc 34904 fast_inc 0 eta_inc 1194771 multi_dec -1655908 quick_dec -293697 nack_dec -705500
Flow Uec_7916_0 flowId 3 uecSrc 2 finished at 21656 total messages 1 total packets 4107 RTS 0 total bytes 16781202 in_flight now 0 fair_inc 526464 prop_inc 34067 fast_inc 0 eta_inc 1193442 multi_dec -1614203 quick_dec -194111 nack_dec -717950
Flow Uec_983_0 flowId 5 uecSrc 4 finished at 21742.4 total messages 1 total packets 4107 RTS 0 total bytes 16781202 in_flight now 0 fair_inc 507940 prop_inc 42411 fast_inc 0 eta_inc 1198758 multi_dec -1639901 quick_dec -185152 nack_dec -747000
Flow Uec_2198_0 flowId 1 uecSrc 0 finished at 21748.7 total messages 1 total packets 4107 RTS 0 total bytes 16781202 in_flight now 0 fair_inc 592726 prop_inc 67956 fast_inc 0 eta_inc 1198758 multi_dec -1591201 quick_dec -263222 nack_dec -838300
Flow Uec_4881_0 flowId 31 uecSrc 30 finished at 21763.4 total messages 1 total packets 4107 RTS 0 total bytes 16781202 in_flight now 0 fair_inc 506588 prop_inc 83319 fast_inc 0 eta_inc 1205403 multi_dec -1600986 quick_dec -192376 nack_dec -817550
Flow Uec_1129_0 flowId 18 uecSrc 17 finished at 21839.3 total messages 1 total packets 4107 RTS 0 total bytes 16781202 in_flight now 0 fair_inc 507727 prop_inc 156569 fast_inc 0 eta_inc 1208061 multi_dec -1512472 quick_dec -304748 nack_dec -742850
Flow Uec_3589_0 flowId 29 uecSrc 28 finished at 21843.5 total messages 1 total packets 4107 RTS 0 total bytes 16781202 in_flight now 0 fair_inc 450449 prop_inc 154028 fast_inc 44988 eta_inc 1204074 multi_dec -1556995 quick_dec -174929 nack_dec -755300
New: 131424 Rtx: 6069 RTS: 0 Bounced: 0 ACKs: 130842 NACKs: 6069 Pulls: 0 sleek_pkts: 0
SPURIOUS_COUNT 0
