Flow Uec_7031_0 flowId 4 uecSrc 3 finished at 4763.91 total messages 1 total packets 4107 RTS 0 total bytes 16781202 in_flight now 0 fair_inc 179472 prop_inc 1423 fast_inc 0 eta_inc 63792 multi_dec -0 quick_dec -21039 nack_dec -568550
Flow Uec_446_0 flowId 19 uecSrc 18 finished at 18933.8 total messages 1 total packets 4107 RTS 0 total bytes 16781202 in_flight now 0 fair_inc 655923 prop_inc 19245 fast_inc 0 eta_inc 1040607 multi_dec -1694952 quick_dec -149063 nack_dec -763764
Flow Uec_1129_0 flowId 18 uecSrc 17 finished at 19553.3 total messages 1 total packets 4107 RTS 0 total bytes 16781202 in_flight now 0 fair_inc 630104 prop_inc 10118 fast_inc 0 eta_inc 1077819 multi_dec -1728716 quick_dec -81246 nack_dec -830000
Flow Uec_4929_0 flowId 23 uecSrc 22 finished at 19603.6 total messages 1 total packets 4107 RTS 0 total bytes 16781202 in_flight now 0 fair_inc 604858 prop_inc 14487 fast_inc 0 eta_inc 1077819 multi_dec -1716556 quick_dec -154722 nack_dec -730400
Flow Uec_953_0 flowId 15 uecSrc 14 finished at 20066.7 total messages 1 total packets 4107 RTS 0 total bytes 16781202 in_flight now 0 fair_inc 649467 prop_inc 21871 fast_inc 0 eta_inc 1105728 multi_dec -1724750 quick_dec -205345 nack_dec -796800
Flow Uec_6988_0 flowId 13 uecSrc 12 finished at 20129.4 total messages 1 total packets 4107 RTS 0 total bytes 16781202 in_flight now 0 fair_inc 699595 prop_inc 18823 fast_inc 0 eta_inc 1108386 multi_dec -1691809 quick_dec -231087 nack_dec -792650
Flow Uec_3589_0 flowId 29 uecSrc 28 finished at 20412.8 total messages 1 total packets 4107 RTS 0 total bytes 16781202 in_flight now 0 fair_inc 688416 prop_inc 13705 fast_inc 0 eta_inc 1128321 multi_dec -1715119 quick_dec -242067 nack_dec -780200
Flow Uec_2472_0 flowId 32 uecSrc 31 finished at 20542 total messages 1 total packets 4107 RTS 0 total bytes 16781202 in_flight now 0 fair_inc 549827 prop_inc 21340 fast_inc 0 eta_inc 1129650 multi_dec -1709026 quick_dec -31403 nack_dec -792650
Flow Uec_243_0 flowId 26 uecSrc 25 finished at 20629.2 total messages 1 total packets 4107 RTS 0 total bytes 16781202 in_flight now 0 fair_inc 712275 prop_inc 19369 fast_inc 0 eta_inc 1347606 multi_dec -1856154 quick_dec --179588 nack_dec -1269900
Flow Uec_3241_0 flowId 24 uecSrc 23 finished at 20636.7 total messages 1 total packets 4107 RTS 0 total bytes 16781202 in_flight now 0 fair_inc 600109 prop_inc 17916 fast_inc 0 eta_inc 1132308 multi_dec -1695874 quick_dec -174244 nack_dec -755300
Flow Uec_3822_0 flowId 27 uecSrc 26 finished at 20810.1 total messages 1 total packets 4107 RTS 0 total bytes 16781202 in_flight now 0 fair_inc 604409 prop_inc 16254 fast_inc 0 eta_inc 1148256 multi_dec -1684758 quick_dec -246468 nack_dec -771900
Flow Uec_8014_0 flowId 30 uecSrc 29 finished at 21073.8 total messages 1 total packets 4107 RTS 0 total bytes 16781202 in_flight now 0 fair_inc 575630 prop_inc 14310 fast_inc 0 eta_inc 1168191 multi_dec -1717000 quick_dec -173507 nack_dec -767750
Flow Uec_6720_0 flowId 28 uecSrc 27 finished at 21205.3 total messages 1 total packets 4107 RTS 0 total bytes 16781202 in_flight now 0 fair_inc 618908 prop_inc 21693 fast_inc 0 eta_inc 1169520 multi_dec -1716215 quick_dec -196661 nack_dec -821700
Flow Uec_4881_0 flowId 31 uecSrc 30 finished at 21214.6 total messages 1 total packets 4107 RTS 0 total bytes 16781202 in_flight now 0 fair_inc 642118 prop_inc 13254 fast_inc 0 eta_inc 1162875 multi_dec -1769692 quick_dec -161963 nack_dec -805100
Flow Uec_1500_0 flowId 21 uecSrc 20 finished at 21222.9 total messages 1 total packets 4107 RTS 0 total bytes 16781202 in_flight now 0 fair_inc 624743 prop_inc 20336 fast_inc 0 eta_inc 1169520 multi_dec -1729885 quick_dec -143684 nack_dec -830000
Flow Uec_6134_0 flowId 7 uecSrc 6 finished at 21269.9 total messages 1 total packets 4107 RTS 0 total bytes 16781202 in_flight now 0 fair_inc 661059 prop_inc 21992 fast_inc 0 eta_inc 1172178 multi_dec -1666518 quick_dec -304797 nack_dec -796800
Flow Uec_6029_0 flowId 16 uecSrc 15 finished at 21360.7 total messages 1 total packets 4107 RTS 0 total bytes 16781202 in_flight now 0 fair_inc 545025 prop_inc 30593 fast_inc 0 eta_inc 1174836 multi_dec -1701764 quick_dec -184156 nack_dec -726250
Flow Uec_1877_0 flowId 17 uecSrc 16 finished at 21378.3 total messages 1 total packets 4107 RTS 0 total bytes 16781202 in_flight now 0 fair_inc 668725 prop_inc 20127 fast_inc 0 eta_inc 1178823 multi_dec -1713504 quick_dec -265750 nack_dec -805100
Flow Uec_6248_0 flowId 22 uecSrc 21 finished at 21402.9 total messages 1 total packets 4107 RTS 0 total bytes 16781202 in_flight now 0 fair_inc 539128 prop_inc 30856 fast_inc 0 eta_inc 1181481 multi_dec -1716607 quick_dec -141050 nack_dec -805100
Flow Uec_3873_0 flowId 2 uecSrc 1 finished at 21442.4 total messages 1 total packets 4107 RTS 0 total bytes 16781202 in_flight now 0 fair_inc 680630 prop_inc 13939 fast_inc 0 eta_inc 1177494 multi_dec -1654869 quick_dec -264427 nack_dec -867350
Flow Uec_3452_0 flowId 6 uecSrc 5 finished at 21474.5 total messages 1 total packets 4107 RTS 0 total bytes 16781202 in_flight now 0 fair_inc 594045 prop_inc 30356 fast_inc 0 eta_inc 1184139 multi_dec -1647615 quick_dec -229736 nack_dec -800950
Flow Uec_7603_0 flowId 20 uecSrc 19 finished at 21483.9 total messages 1 total packets 4107 RTS 0 total bytes 16781202 in_flight now 0 fair_inc 608445 prop_inc 24637 fast_inc 0 eta_inc 1181481 multi_dec -1700362 quick_dec -222554 nack_dec -838300
Flow Uec_6654_0 flowId 11 uecSrc 10 finished at 21494.9 total messages 1 total packets 4107 RTS 0 total bytes 16781202 in_flight now 0 fair_inc 616809 prop_inc 28508 fast_inc 0 eta_inc 1184139 multi_dec -1724866 quick_dec -154930 nack_dec -800950
Flow Uec_1072_0 flowId 14 uecSrc 13 finished at 21590.2 total messages 1 total packets 4107 RTS 0 total bytes 16781202 in_flight now 0 fair_inc 608916 prop_inc 37807 fast_inc 0 eta_inc 1185468 multi_dec -1674100 quick_dec -165091 nack_dec -792650
Flow Uec_7916_0 flowId 3 uecSrc 2 finished at 21607.3 total messages 1 total packets 4107 RTS 0 total bytes 16781202 in_flight now 0 fair_inc 597684 prop_inc 48714 fast_inc 0 eta_inc 1189455 multi_dec -1678164 quick_dec -259505 nack_dec -792650
Flow Uec_3165_0 flowId 12 uecSrc 11 finished at 21646.1 total messages 1 total packets 4107 RTS 0 total bytes 16781202 in_flight now 0 fair_inc 582178 prop_inc 49543 fast_inc 0 eta_inc 1193442 multi_dec -1642991 quick_dec -257639 nack_dec -817550
Flow Uec_4644_0 flowId 10 uecSrc 9 finished at 21710.1 total messages 1 total packets 4107 RTS 0 total bytes 16781202 in_flight now 0 fair_inc 672840 prop_inc 55398 fast_inc 0 eta_inc 1197429 multi_dec -1676187 quick_dec -305391 nack_dec -734550
Flow Uec_3448_0 flowId 9 uecSrc 8 finished at 21711.2 total messages 1 total packets 4107 RTS 0 total bytes 16781202 in_flight now 0 fair_inc 611175 prop_inc 58209 fast_inc 0 eta_inc 1202745 multi_dec -1607159 quick_dec -306178 nack_dec -830000
Flow Uec_7350_0 flowId 8 uecSrc 7 finished at 21751.1 total messages 1 total packets 4107 RTS 0 total bytes 16781202 in_flight now 0 fair_inc 471059 prop_inc 81501 fast_inc 0 eta_inc 1197429 multi_dec -1548179 quick_dec -188799 nack_dec -859050
Flow Uec_8163_0 flowId 25 uecSrc 24 finished at 21805.9 total messages 1 total packets 4107 RTS 0 total bytes 16781202 in_flight now 0 fair_inc 566423 prop_inc 122784 fast_inc 0 eta_inc 1210719 multi_dec -1575699 quick_dec -281437 nack_dec -759450
Flow Uec_2198_0 flowId 1 uecSrc 0 finished at 21820 total messages 1 total packets 4107 RTS 0 total bytes 16781202 in_flight now 0 fair_inc 620182 prop_inc 144205 fast_inc 0 eta_inc 1206732 multi_dec -1519344 quick_dec -354960 nack_dec -830000
Flow Uec_983_0 flowId 5 uecSrc 4 finished at 21849.2 total messages 1 total packets 4107 RTS 0 total bytes 16781202 in_flight now 0 fair_inc 589199 prop_inc 149072 fast_inc 234057 eta_inc 1202745 multi_dec -1479912 quick_dec -364861 nack_dec -929600
New: 131424 Rtx: 6233 RTS: 0 Bounced: 0 ACKs: 130803 NACKs: 6233 Pulls: 0 sleek_pkts: 0
SPURIOUS_COUNT 0
