....Flow Uec_1237_0 flowId 31 uecSrc 30 finished at 216942 total messages 1 total packets 16425 RTS 0 total bytes 67112550 in_flight now 0 fair_inc 11680 prop_inc 0 fast_inc 0 eta_inc 11231379 multi_dec -10986625 quick_dec --324843 nack_dec -1435900
Flow Uec_7811_0 flowId 11 uecSrc 10 finished at 217073 total messages 1 total packets 16425 RTS 0 total bytes 67112550 in_flight now 0 fair_inc 5719 prop_inc 0 fast_inc 0 eta_inc 11263275 multi_dec -10973223 quick_dec --268978 nack_dec -1336300
Flow Uec_904_0 flowId 49 uecSrc 48 finished at 217250 total messages 1 total packets 16425 RTS 0 total bytes 67112550 in_flight now 0 fair_inc 0 prop_inc 0 fast_inc 0 eta_inc 11263275 multi_dec -10999373 quick_dec --310100 nack_dec -1348750
Flow Uec_2643_0 flowId 20 uecSrc 19 finished at 218204 total messages 1 total packets 16425 RTS 0 total bytes 67112550 in_flight now 0 fair_inc 6153 prop_inc 0 fast_inc 0 eta_inc 11329725 multi_dec -11075103 quick_dec --314845 nack_dec -1278200
Flow Uec_7781_0 flowId 59 uecSrc 58 finished at 220398 total messages 1 total packets 16425 RTS 0 total bytes 67112550 in_flight now 0 fair_inc 0 prop_inc 0 fast_inc 0 eta_inc 11392188 multi_dec -11058060 quick_dec --361573 nack_dec -1494000
Flow Uec_6489_0 flowId 54 uecSrc 53 finished at 232847 total messages 1 total packets 16425 RTS 0 total bytes 67112550 in_flight now 0 fair_inc 5601 prop_inc 0 fast_inc 0 eta_inc 12072636 multi_dec -11762981 quick_dec --355374 nack_dec -1435900
Flow Uec_4471_0 flowId 72 uecSrc 71 finished at 241089 total messages 1 total packets 16425 RTS 0 total bytes 67112550 in_flight now 0 fair_inc 12119 prop_inc 0 fast_inc 0 eta_inc 12479310 multi_dec -12147079 quick_dec --359659 nack_dec -1523050
Flow Uec_3054_0 flowId 126 uecSrc 125 finished at 242497 total messages 1 total packets 16425 RTS 0 total bytes 67112550 in_flight now 0 fair_inc 23824 prop_inc 0 fast_inc 0 eta_inc 12571011 multi_dec -12278814 quick_dec --245880 nack_dec -1469100
.Flow Uec_2319_0 flowId 12 uecSrc 11 finished at 262467 total messages 1 total packets 16425 RTS 0 total bytes 67112550 in_flight now 0 fair_inc 11636 prop_inc 0 fast_inc 0 eta_inc 13616934 multi_dec -13197536 quick_dec --231669 nack_dec -1527200
Flow Uec_700_0 flowId 119 uecSrc 118 finished at 275856 total messages 1 total packets 16425 RTS 0 total bytes 67112550 in_flight now 0 fair_inc 5560 prop_inc 0 fast_inc 0 eta_inc 14292066 multi_dec -13838470 quick_dec --202020 nack_dec -1672450
Flow Uec_7006_0 flowId 87 uecSrc 86 finished at 282855 total messages 1 total packets 16425 RTS 0 total bytes 67112550 in_flight now 0 fair_inc 21480 prop_inc 0 fast_inc 0 eta_inc 14664186 multi_dec -14195336 quick_dec --158058 nack_dec -1639250
Flow Uec_5881_0 flowId 123 uecSrc 122 finished at 284563 total messages 1 total packets 16425 RTS 0 total bytes 67112550 in_flight now 0 fair_inc 14532 prop_inc 0 fast_inc 0 eta_inc 14770506 multi_dec -14359067 quick_dec --239993 nack_dec -1614814
Flow Uec_6432_0 flowId 116 uecSrc 115 finished at 295361 total messages 1 total packets 16425 RTS 0 total bytes 67112550 in_flight now 0 fair_inc 6030 prop_inc 0 fast_inc 0 eta_inc 15295461 multi_dec -14741073 quick_dec --136484 nack_dec -1751300
Flow Uec_7927_0 flowId 58 uecSrc 57 finished at 298248 total messages 1 total packets 16425 RTS 0 total bytes 67112550 in_flight now 0 fair_inc 5200 prop_inc 0 fast_inc 0 eta_inc 15485508 multi_dec -14971250 quick_dec --165868 nack_dec -1622650
Flow Uec_1989_0 flowId 1 uecSrc 0 finished at 299429 total messages 1 total packets 16425 RTS 0 total bytes 67112550 in_flight now 0 fair_inc 10548 prop_inc 0 fast_inc 0 eta_inc 15497469 multi_dec -14954086 quick_dec --214314 nack_dec -1817700
.Flow Uec_5481_0 flowId 27 uecSrc 26 finished at 301066 total messages 1 total packets 16425 RTS 0 total bytes 67112550 in_flight now 0 fair_inc 21847 prop_inc 0 fast_inc 0 eta_inc 15615750 multi_dec -15080544 quick_dec --171903 nack_dec -1672450
Flow Uec_1831_0 flowId 122 uecSrc 121 finished at 305356 total messages 1 total packets 16425 RTS 0 total bytes 67112550 in_flight now 0 fair_inc 11924 prop_inc 0 fast_inc 0 eta_inc 15866931 multi_dec -15301340 quick_dec --88465 nack_dec -1597750
Flow Uec_6563_0 flowId 29 uecSrc 28 finished at 306746 total messages 1 total packets 16425 RTS 0 total bytes 67112550 in_flight now 0 fair_inc 17678 prop_inc 0 fast_inc 0 eta_inc 15909459 multi_dec -15347321 quick_dec --159659 nack_dec -1713950
Flow Uec_3907_0 flowId 10 uecSrc 9 finished at 312212 total messages 1 total packets 16425 RTS 0 total bytes 67112550 in_flight now 0 fair_inc 16850 prop_inc 0 fast_inc 0 eta_inc 16233735 multi_dec -15674231 quick_dec --85517 nack_dec -1560400
Flow Uec_3792_0 flowId 101 uecSrc 100 finished at 313100 total messages 1 total packets 16425 RTS 0 total bytes 67112550 in_flight now 0 fair_inc 11231 prop_inc 0 fast_inc 0 eta_inc 16249683 multi_dec -15640782 quick_dec --57113 nack_dec -1751300
Flow Uec_124_0 flowId 86 uecSrc 85 finished at 313563 total messages 1 total packets 16425 RTS 0 total bytes 67112550 in_flight now 0 fair_inc 15036 prop_inc 14487 fast_inc 0 eta_inc 17770059 multi_dec -14792646 quick_dec --691556 nack_dec -8051000
Flow Uec_1285_0 flowId 38 uecSrc 37 finished at 313706 total messages 1 total packets 16425 RTS 0 total bytes 67112550 in_flight now 0 fair_inc 11487 prop_inc 0 fast_inc 0 eta_inc 16280250 multi_dec -15679250 quick_dec --38325 nack_dec -1838450
Flow Uec_215_0 flowId 117 uecSrc 116 finished at 313794 total messages 1 total packets 16425 RTS 0 total bytes 67112550 in_flight now 0 fair_inc 5914 prop_inc 16298 fast_inc 0 eta_inc 17738163 multi_dec -14752501 quick_dec --661498 nack_dec -8250664
Flow Uec_5617_0 flowId 88 uecSrc 87 finished at 314655 total messages 1 total packets 16425 RTS 0 total bytes 67112550 in_flight now 0 fair_inc 11207 prop_inc 0 fast_inc 0 eta_inc 16333410 multi_dec -15741071 quick_dec --159459 nack_dec -1705650
Flow Uec_7207_0 flowId 57 uecSrc 56 finished at 314657 total messages 1 total packets 16425 RTS 0 total bytes 67112550 in_flight now 0 fair_inc 24408 prop_inc 0 fast_inc 0 eta_inc 16326765 multi_dec -15763118 quick_dec --57868 nack_dec -1772050
Flow Uec_5095_0 flowId 127 uecSrc 126 finished at 317892 total messages 1 total packets 16425 RTS 0 total bytes 67112550 in_flight now 0 fair_inc 32236 prop_inc 0 fast_inc 0 eta_inc 16482258 multi_dec -15814874 quick_dec --145774 nack_dec -1767900
Flow Uec_801_0 flowId 17 uecSrc 16 finished at 318331 total messages 1 total packets 16425 RTS 0 total bytes 67112550 in_flight now 0 fair_inc 0 prop_inc 0 fast_inc 0 eta_inc 16515483 multi_dec -15894885 quick_dec --210711 nack_dec -1709800
Flow Uec_6562_0 flowId 33 uecSrc 32 finished at 318661 total messages 1 total packets 16425 RTS 0 total bytes 67112550 in_flight now 0 fair_inc 11959 prop_inc 0 fast_inc 0 eta_inc 16559340 multi_dec -15940075 quick_dec --109983 nack_dec -1643400
Flow Uec_2423_0 flowId 74 uecSrc 73 finished at 319017 total messages 1 total packets 16425 RTS 0 total bytes 67112550 in_flight now 0 fair_inc 11505 prop_inc 0 fast_inc 0 eta_inc 16573959 multi_dec -15961385 quick_dec --63521 nack_dec -1676600
Flow Uec_6139_0 flowId 69 uecSrc 68 finished at 320437 total messages 1 total packets 16425 RTS 0 total bytes 67112550 in_flight now 0 fair_inc 5817 prop_inc 0 fast_inc 0 eta_inc 16689582 multi_dec -16123459 quick_dec --30435 nack_dec -1577000
Flow Uec_2456_0 flowId 44 uecSrc 43 finished at 322303 total messages 1 total packets 16425 RTS 0 total bytes 67112550 in_flight now 0 fair_inc 12077 prop_inc 0 fast_inc 0 eta_inc 16745400 multi_dec -16171480 quick_dec --103662 nack_dec -1730550
Flow Uec_7378_0 flowId 75 uecSrc 74 finished at 323426 total messages 1 total packets 16425 RTS 0 total bytes 67112550 in_flight now 0 fair_inc 35133 prop_inc 0 fast_inc 0 eta_inc 16817166 multi_dec -16261433 quick_dec --39080 nack_dec -1630950
Flow Uec_2477_0 flowId 67 uecSrc 66 finished at 324766 total messages 1 total packets 16425 RTS 0 total bytes 67112550 in_flight now 0 fair_inc 17042 prop_inc 0 fast_inc 0 eta_inc 16831785 multi_dec -16198206 quick_dec --49716 nack_dec -1838450
Flow Uec_190_0 flowId 65 uecSrc 64 finished at 325476 total messages 1 total packets 16425 RTS 0 total bytes 67112550 in_flight now 0 fair_inc 16262 prop_inc 15313 fast_inc 0 eta_inc 18493035 multi_dec -15416525 quick_dec --520251 nack_dec -8080050
Flow Uec_4969_0 flowId 26 uecSrc 25 finished at 325666 total messages 1 total packets 16425 RTS 0 total bytes 67112550 in_flight now 0 fair_inc 6033 prop_inc 0 fast_inc 0 eta_inc 16919499 multi_dec -16269186 quick_dec --86277 nack_dec -1734700
Flow Uec_3779_0 flowId 82 uecSrc 81 finished at 326799 total messages 1 total packets 16425 RTS 0 total bytes 67112550 in_flight now 0 fair_inc 0 prop_inc 0 fast_inc 0 eta_inc 16935447 multi_dec -16244820 quick_dec --85358 nack_dec -1797414
Flow Uec_2687_0 flowId 36 uecSrc 35 finished at 327390 total messages 1 total packets 16425 RTS 0 total bytes 67112550 in_flight now 0 fair_inc 6035 prop_inc 0 fast_inc 0 eta_inc 16984620 multi_dec -16330320 quick_dec --41047 nack_dec -1747150
Flow Uec_2050_0 flowId 106 uecSrc 105 finished at 327919 total messages 1 total packets 16425 RTS 0 total bytes 67112550 in_flight now 0 fair_inc 17032 prop_inc 0 fast_inc 0 eta_inc 17029806 multi_dec -16449133 quick_dec --137812 nack_dec -1792800
Flow Uec_1947_0 flowId 100 uecSrc 99 finished at 328905 total messages 1 total packets 16425 RTS 0 total bytes 67112550 in_flight now 0 fair_inc 17424 prop_inc 0 fast_inc 0 eta_inc 17089611 multi_dec -16466187 quick_dec -12294 nack_dec -1821850
Flow Uec_2096_0 flowId 103 uecSrc 102 finished at 331081 total messages 1 total packets 16425 RTS 0 total bytes 67112550 in_flight now 0 fair_inc 23612 prop_inc 0 fast_inc 0 eta_inc 17161377 multi_dec -16467896 quick_dec --34313 nack_dec -1885028
Flow Uec_7380_0 flowId 73 uecSrc 72 finished at 331427 total messages 1 total packets 16425 RTS 0 total bytes 67112550 in_flight now 0 fair_inc 12053 prop_inc 0 fast_inc 0 eta_inc 17198589 multi_dec -16526285 quick_dec --12630 nack_dec -1784500
Flow Uec_7568_0 flowId 25 uecSrc 24 finished at 332445 total messages 1 total packets 16425 RTS 0 total bytes 67112550 in_flight now 0 fair_inc 24055 prop_inc 0 fast_inc 0 eta_inc 17291619 multi_dec -16722809 quick_dec --33677 nack_dec -1676600
Flow Uec_6670_0 flowId 113 uecSrc 112 finished at 332737 total messages 1 total packets 16425 RTS 0 total bytes 67112550 in_flight now 0 fair_inc 6032 prop_inc 0 fast_inc 0 eta_inc 17279658 multi_dec -16582562 quick_dec --11981 nack_dec -1697350
Flow Uec_5461_0 flowId 92 uecSrc 91 finished at 333144 total messages 1 total packets 16425 RTS 0 total bytes 67112550 in_flight now 0 fair_inc 10703 prop_inc 0 fast_inc 0 eta_inc 17270355 multi_dec -16478397 quick_dec -12703 nack_dec -1830150
Flow Uec_4703_0 flowId 68 uecSrc 67 finished at 333524 total messages 1 total packets 16425 RTS 0 total bytes 67112550 in_flight now 0 fair_inc 0 prop_inc 0 fast_inc 0 eta_inc 17354082 multi_dec -16724697 quick_dec --79015 nack_dec -1593600
Flow Uec_1906_0 flowId 39 uecSrc 38 finished at 333586 total messages 1 total packets 16425 RTS 0 total bytes 67112550 in_flight now 0 fair_inc 29052 prop_inc 0 fast_inc 0 eta_inc 17308896 multi_dec -16628740 quick_dec -3036 nack_dec -1826000
Flow Uec_4421_0 flowId 23 uecSrc 22 finished at 333693 total messages 1 total packets 16425 RTS 0 total bytes 67112550 in_flight now 0 fair_inc 9822 prop_inc 0 fast_inc 0 eta_inc 17371359 multi_dec -16754225 quick_dec --51351 nack_dec -1639250
Flow Uec_7122_0 flowId 118 uecSrc 117 finished at 334586 total messages 1 total packets 16425 RTS 0 total bytes 67112550 in_flight now 0 fair_inc 23312 prop_inc 0 fast_inc 0 eta_inc 17360727 multi_dec -16769770 quick_dec --127833 nack_dec -1884100
Flow Uec_1899_0 flowId 80 uecSrc 79 finished at 334600 total messages 1 total packets 16425 RTS 0 total bytes 67112550 in_flight now 0 fair_inc 12033 prop_inc 0 fast_inc 0 eta_inc 17421861 multi_dec -16839023 quick_dec --71481 nack_dec -1618500
Flow Uec_2745_0 flowId 55 uecSrc 54 finished at 334679 total messages 1 total packets 16425 RTS 0 total bytes 67112550 in_flight now 0 fair_inc 6028 prop_inc 0 fast_inc 0 eta_inc 17389965 multi_dec -16744319 quick_dec --51975 nack_dec -1697350
Flow Uec_5367_0 flowId 51 uecSrc 50 finished at 335345 total messages 1 total packets 16425 RTS 0 total bytes 67112550 in_flight now 0 fair_inc 6024 prop_inc 0 fast_inc 0 eta_inc 17413887 multi_dec -16745016 quick_dec --122659 nack_dec -1713950
Flow Uec_2554_0 flowId 50 uecSrc 49 finished at 335502 total messages 1 total packets 16425 RTS 0 total bytes 67112550 in_flight now 0 fair_inc 10359 prop_inc 0 fast_inc 0 eta_inc 17409900 multi_dec -16717584 quick_dec --44641 nack_dec -1755450
Flow Uec_4500_0 flowId 112 uecSrc 111 finished at 335813 total messages 1 total packets 16425 RTS 0 total bytes 67112550 in_flight now 0 fair_inc 12064 prop_inc 0 fast_inc 0 eta_inc 17412558 multi_dec -16666448 quick_dec --127560 nack_dec -1863350
Flow Uec_334_0 flowId 4 uecSrc 3 finished at 335878 total messages 1 total packets 16425 RTS 0 total bytes 67112550 in_flight now 0 fair_inc 12058 prop_inc 0 fast_inc 0 eta_inc 17486982 multi_dec -16890621 quick_dec --64796 nack_dec -1568700
Flow Uec_5358_0 flowId 28 uecSrc 27 finished at 336210 total messages 1 total packets 16425 RTS 0 total bytes 67112550 in_flight now 0 fair_inc 11709 prop_inc 0 fast_inc 0 eta_inc 17429835 multi_dec -16732417 quick_dec --49228 nack_dec -1913150
Flow Uec_6319_0 flowId 99 uecSrc 98 finished at 336557 total messages 1 total packets 16425 RTS 0 total bytes 67112550 in_flight now 0 fair_inc 17191 prop_inc 0 fast_inc 0 eta_inc 17502930 multi_dec -16869924 quick_dec -5792 nack_dec -1705650
Flow Uec_8076_0 flowId 104 uecSrc 103 finished at 336696 total messages 1 total packets 16425 RTS 0 total bytes 67112550 in_flight now 0 fair_inc 17037 prop_inc 0 fast_inc 0 eta_inc 17464389 multi_dec -16790594 quick_dec --81424 nack_dec -1846750
Flow Uec_4479_0 flowId 60 uecSrc 59 finished at 336752 total messages 1 total packets 16425 RTS 0 total bytes 67112550 in_flight now 0 fair_inc 16733 prop_inc 0 fast_inc 0 eta_inc 17533497 multi_dec -16960032 quick_dec --78546 nack_dec -1601900
Flow Uec_3105_0 flowId 45 uecSrc 44 finished at 337217 total messages 1 total packets 16425 RTS 0 total bytes 67112550 in_flight now 0 fair_inc 5791 prop_inc 0 fast_inc 0 eta_inc 17546787 multi_dec -16880429 quick_dec --840 nack_dec -1664150
Flow Uec_6098_0 flowId 35 uecSrc 34 finished at 337653 total messages 1 total packets 16425 RTS 0 total bytes 67112550 in_flight now 0 fair_inc 18067 prop_inc 0 fast_inc 0 eta_inc 17573367 multi_dec -16940636 quick_dec -549 nack_dec -1676600
Flow Uec_4026_0 flowId 8 uecSrc 7 finished at 337771 total messages 1 total packets 16425 RTS 0 total bytes 67112550 in_flight now 0 fair_inc 17993 prop_inc 0 fast_inc 0 eta_inc 17564064 multi_dec -16881340 quick_dec --25479 nack_dec -1726400
Flow Uec_5065_0 flowId 97 uecSrc 96 finished at 338330 total messages 1 total packets 16425 RTS 0 total bytes 67112550 in_flight now 0 fair_inc 12931 prop_inc 0 fast_inc 0 eta_inc 17565393 multi_dec -16917490 quick_dec --114059 nack_dec -1759600
Flow Uec_2671_0 flowId 3 uecSrc 2 finished at 338386 total messages 1 total packets 16425 RTS 0 total bytes 67112550 in_flight now 0 fair_inc 12398 prop_inc 0 fast_inc 0 eta_inc 17533497 multi_dec -16734355 quick_dec --47060 nack_dec -1892400
Flow Uec_6209_0 flowId 120 uecSrc 119 finished at 338543 total messages 1 total packets 16425 RTS 0 total bytes 67112550 in_flight now 0 fair_inc 12132 prop_inc 0 fast_inc 0 eta_inc 17645133 multi_dec -17028010 quick_dec -26728 nack_dec -1577000
Flow Uec_4524_0 flowId 7 uecSrc 6 finished at 338669 total messages 1 total packets 16425 RTS 0 total bytes 67112550 in_flight now 0 fair_inc 17616 prop_inc 0 fast_inc 0 eta_inc 17576025 multi_dec -16851227 quick_dec --63316 nack_dec -1850900
Flow Uec_7402_0 flowId 41 uecSrc 40 finished at 338979 total messages 1 total packets 16425 RTS 0 total bytes 67112550 in_flight now 0 fair_inc 19393 prop_inc 0 fast_inc 0 eta_inc 17669055 multi_dec -17126547 quick_dec --101300 nack_dec -1622650
Flow Uec_2574_0 flowId 16 uecSrc 15 finished at 340523 total messages 1 total packets 16425 RTS 0 total bytes 67112550 in_flight now 0 fair_inc 25424 prop_inc 0 fast_inc 0 eta_inc 17692977 multi_dec -17056422 quick_dec --25621 nack_dec -1776200
Flow Uec_4097_0 flowId 53 uecSrc 52 finished at 340545 total messages 1 total packets 16425 RTS 0 total bytes 67112550 in_flight now 0 fair_inc 25246 prop_inc 0 fast_inc 0 eta_inc 17727531 multi_dec -17057299 quick_dec -34767 nack_dec -1676600
Flow Uec_3239_0 flowId 15 uecSrc 14 finished at 340578 total messages 1 total packets 16425 RTS 0 total bytes 67112550 in_flight now 0 fair_inc 34874 prop_inc 0 fast_inc 0 eta_inc 17673042 multi_dec -16940837 quick_dec -5927 nack_dec -1796950
Flow Uec_3375_0 flowId 114 uecSrc 113 finished at 340823 total messages 1 total packets 16425 RTS 0 total bytes 67112550 in_flight now 0 fair_inc 25891 prop_inc 0 fast_inc 0 eta_inc 17692977 multi_dec -17013003 quick_dec --81216 nack_dec -1792800
Flow Uec_4270_0 flowId 115 uecSrc 114 finished at 340831 total messages 1 total packets 16425 RTS 0 total bytes 67112550 in_flight now 0 fair_inc 46212 prop_inc 0 fast_inc 0 eta_inc 17675700 multi_dec -16994456 quick_dec --157 nack_dec -1913150
Flow Uec_1866_0 flowId 98 uecSrc 97 finished at 340978 total messages 1 total packets 16425 RTS 0 total bytes 67112550 in_flight now 0 fair_inc 21425 prop_inc 0 fast_inc 0 eta_inc 17728860 multi_dec -17077804 quick_dec -19935 nack_dec -1805250
Flow Uec_4025_0 flowId 93 uecSrc 92 finished at 341382 total messages 1 total packets 16425 RTS 0 total bytes 67112550 in_flight now 0 fair_inc 44860 prop_inc 0 fast_inc 0 eta_inc 17736834 multi_dec -17089415 quick_dec -1801 nack_dec -1826000
Flow Uec_7336_0 flowId 19 uecSrc 18 finished at 341795 total messages 1 total packets 16425 RTS 0 total bytes 67112550 in_flight now 0 fair_inc 37887 prop_inc 0 fast_inc 0 eta_inc 17771388 multi_dec -17120050 quick_dec --7679 nack_dec -1801100
Flow Uec_4163_0 flowId 52 uecSrc 51 finished at 341857 total messages 1 total packets 16425 RTS 0 total bytes 67112550 in_flight now 0 fair_inc 25861 prop_inc 0 fast_inc 0 eta_inc 17776704 multi_dec -17109150 quick_dec --32467 nack_dec -1722250
Flow Uec_6202_0 flowId 95 uecSrc 94 finished at 342190 total messages 1 total packets 16425 RTS 0 total bytes 67112550 in_flight now 0 fair_inc 94262 prop_inc 303 fast_inc 0 eta_inc 17789994 multi_dec -17159229 quick_dec -42432 nack_dec -1867500
Flow Uec_4389_0 flowId 37 uecSrc 36 finished at 342443 total messages 1 total packets 16425 RTS 0 total bytes 67112550 in_flight now 0 fair_inc 42497 prop_inc 0 fast_inc 0 eta_inc 17851128 multi_dec -17300024 quick_dec --48759 nack_dec -1614350
Flow Uec_2088_0 flowId 91 uecSrc 90 finished at 342461 total messages 1 total packets 16425 RTS 0 total bytes 67112550 in_flight now 0 fair_inc 76894 prop_inc 0 fast_inc 0 eta_inc 17825877 multi_dec -17221690 quick_dec --28924 nack_dec -1747150
Flow Uec_2732_0 flowId 94 uecSrc 93 finished at 342544 total messages 1 total packets 16425 RTS 0 total bytes 67112550 in_flight now 0 fair_inc 38124 prop_inc 0 fast_inc 0 eta_inc 17815245 multi_dec -17151289 quick_dec --22673 nack_dec -1767900
Flow Uec_7885_0 flowId 105 uecSrc 104 finished at 342645 total messages 1 total packets 16425 RTS 0 total bytes 67112550 in_flight now 0 fair_inc 44590 prop_inc 0 fast_inc 0 eta_inc 17791323 multi_dec -17073355 quick_dec --57409 nack_dec -1892400
Flow Uec_7509_0 flowId 21 uecSrc 20 finished at 342818 total messages 1 total packets 16425 RTS 0 total bytes 67112550 in_flight now 0 fair_inc 73144 prop_inc 29 fast_inc 0 eta_inc 17844483 multi_dec -17209901 quick_dec -14307 nack_dec -1693200
Flow Uec_1748_0 flowId 6 uecSrc 5 finished at 342824 total messages 1 total packets 16425 RTS 0 total bytes 67112550 in_flight now 0 fair_inc 30205 prop_inc 13 fast_inc 0 eta_inc 17821890 multi_dec -17142546 quick_dec -19460 nack_dec -1772050
Flow Uec_8145_0 flowId 56 uecSrc 55 finished at 343069 total messages 1 total packets 16425 RTS 0 total bytes 67112550 in_flight now 0 fair_inc 43351 prop_inc 0 fast_inc 0 eta_inc 17844483 multi_dec -17188762 quick_dec --18792 nack_dec -1739778
Flow Uec_4190_0 flowId 30 uecSrc 29 finished at 343247 total messages 1 total packets 16425 RTS 0 total bytes 67112550 in_flight now 0 fair_inc 63397 prop_inc 1646 fast_inc 0 eta_inc 17832522 multi_dec -17182030 quick_dec -15074 nack_dec -1838450
Flow Uec_1960_0 flowId 66 uecSrc 65 finished at 344444 total messages 1 total packets 16425 RTS 0 total bytes 67112550 in_flight now 0 fair_inc 70842 prop_inc 156 fast_inc 0 eta_inc 17954790 multi_dec -17392680 quick_dec -37770 nack_dec -1643400
Flow Uec_4778_0 flowId 48 uecSrc 47 finished at 344532 total messages 1 total packets 16425 RTS 0 total bytes 67112550 in_flight now 0 fair_inc 67046 prop_inc 19 fast_inc 0 eta_inc 17879037 multi_dec -17199107 quick_dec -5748 nack_dec -1942200
Flow Uec_5964_0 flowId 79 uecSrc 78 finished at 344596 total messages 1 total packets 16425 RTS 0 total bytes 67112550 in_flight now 0 fair_inc 129491 prop_inc 649 fast_inc 0 eta_inc 17953461 multi_dec -17388752 quick_dec -31236 nack_dec -1747150
Flow Uec_6597_0 flowId 89 uecSrc 88 finished at 344609 total messages 1 total packets 16425 RTS 0 total bytes 67112550 in_flight now 0 fair_inc 122623 prop_inc 15 fast_inc 0 eta_inc 17925552 multi_dec -17318413 quick_dec -30938 nack_dec -1855050
Flow Uec_5232_0 flowId 64 uecSrc 63 finished at 344614 total messages 1 total packets 16425 RTS 0 total bytes 67112550 in_flight now 0 fair_inc 41155 prop_inc 795 fast_inc 0 eta_inc 17928210 multi_dec -17227256 quick_dec -21228 nack_dec -1772050
Flow Uec_1197_0 flowId 77 uecSrc 76 finished at 344918 total messages 1 total packets 16425 RTS 0 total bytes 67112550 in_flight now 0 fair_inc 144630 prop_inc 483 fast_inc 0 eta_inc 17945487 multi_dec -17413643 quick_dec -113521 nack_dec -1863350
Flow Uec_3459_0 flowId 107 uecSrc 106 finished at 344988 total messages 1 total packets 16425 RTS 0 total bytes 67112550 in_flight now 0 fair_inc 44116 prop_inc 982 fast_inc 0 eta_inc 17876379 multi_dec -17114094 quick_dec -600 nack_dec -2029350
Flow Uec_6884_0 flowId 14 uecSrc 13 finished at 345066 total messages 1 total packets 16425 RTS 0 total bytes 67112550 in_flight now 0 fair_inc 95990 prop_inc 30 fast_inc 0 eta_inc 17949474 multi_dec -17332857 quick_dec --2034 nack_dec -1767900
Flow Uec_3355_0 flowId 81 uecSrc 80 finished at 345088 total messages 1 total packets 16425 RTS 0 total bytes 67112550 in_flight now 0 fair_inc 67101 prop_inc 16 fast_inc 0 eta_inc 17929539 multi_dec -17250397 quick_dec -35955 nack_dec -1875800
Flow Uec_5449_0 flowId 47 uecSrc 46 finished at 345118 total messages 1 total packets 16425 RTS 0 total bytes 67112550 in_flight now 0 fair_inc 46594 prop_inc 392 fast_inc 0 eta_inc 17960106 multi_dec -17300060 quick_dec -101 nack_dec -1709800
Flow Uec_5662_0 flowId 84 uecSrc 83 finished at 345177 total messages 1 total packets 16425 RTS 0 total bytes 67112550 in_flight now 0 fair_inc 108303 prop_inc 157 fast_inc 0 eta_inc 17944158 multi_dec -17279754 quick_dec -90383 nack_dec -1846750
Flow Uec_5372_0 flowId 128 uecSrc 127 finished at 345241 total messages 1 total packets 16425 RTS 0 total bytes 67112550 in_flight now 0 fair_inc 68159 prop_inc 191 fast_inc 0 eta_inc 17980041 multi_dec -17335695 quick_dec -2859 nack_dec -1684900
Flow Uec_6466_0 flowId 32 uecSrc 31 finished at 345383 total messages 1 total packets 16425 RTS 0 total bytes 67112550 in_flight now 0 fair_inc 136445 prop_inc 884 fast_inc 0 eta_inc 17989344 multi_dec -17473810 quick_dec -81727 nack_dec -1767900
Flow Uec_6595_0 flowId 70 uecSrc 69 finished at 345391 total messages 1 total packets 16425 RTS 0 total bytes 67112550 in_flight now 0 fair_inc 116864 prop_inc 3144 fast_inc 0 eta_inc 17982699 multi_dec -17394209 quick_dec -20979 nack_dec -1743000
Flow Uec_7024_0 flowId 110 uecSrc 109 finished at 345440 total messages 1 total packets 16425 RTS 0 total bytes 67112550 in_flight now 0 fair_inc 99922 prop_inc 2284 fast_inc 0 eta_inc 17992002 multi_dec -17352226 quick_dec -91754 nack_dec -1826000
Flow Uec_4509_0 flowId 83 uecSrc 82 finished at 345553 total messages 1 total packets 16425 RTS 0 total bytes 67112550 in_flight now 0 fair_inc 103475 prop_inc 1433 fast_inc 0 eta_inc 17995989 multi_dec -17456403 quick_dec --14150 nack_dec -1747150
Flow Uec_3634_0 flowId 9 uecSrc 8 finished at 345664 total messages 1 total packets 16425 RTS 0 total bytes 67112550 in_flight now 0 fair_inc 97740 prop_inc 1728 fast_inc 0 eta_inc 17952132 multi_dec -17258926 quick_dec -45606 nack_dec -1938050
Flow Uec_6700_0 flowId 61 uecSrc 60 finished at 345725 total messages 1 total packets 16425 RTS 0 total bytes 67112550 in_flight now 0 fair_inc 87993 prop_inc 5186 fast_inc 0 eta_inc 18014595 multi_dec -17411367 quick_dec -55682 nack_dec -1718100
Flow Uec_7051_0 flowId 18 uecSrc 17 finished at 345801 total messages 1 total packets 16425 RTS 0 total bytes 67112550 in_flight now 0 fair_inc 132043 prop_inc 4782 fast_inc 0 eta_inc 17970738 multi_dec -17435163 quick_dec --46003 nack_dec -1967100
Flow Uec_477_0 flowId 40 uecSrc 39 finished at 345877 total messages 1 total packets 16425 RTS 0 total bytes 67112550 in_flight now 0 fair_inc 77449 prop_inc 1481 fast_inc 0 eta_inc 17981370 multi_dec -17262964 quick_dec -40369 nack_dec -1875800
Flow Uec_448_0 flowId 13 uecSrc 12 finished at 345882 total messages 1 total packets 16425 RTS 0 total bytes 67112550 in_flight now 0 fair_inc 95643 prop_inc 1472 fast_inc 0 eta_inc 18018582 multi_dec -17431585 quick_dec --20129 nack_dec -1743000
Flow Uec_6756_0 flowId 63 uecSrc 62 finished at 345921 total messages 1 total packets 16425 RTS 0 total bytes 67112550 in_flight now 0 fair_inc 107888 prop_inc 5458 fast_inc 0 eta_inc 18039846 multi_dec -17461222 quick_dec -35418 nack_dec -1655850
Flow Uec_5572_0 flowId 24 uecSrc 23 finished at 346426 total messages 1 total packets 16425 RTS 0 total bytes 67112550 in_flight now 0 fair_inc 133563 prop_inc 767 fast_inc 0 eta_inc 18053136 multi_dec -17443468 quick_dec -31436 nack_dec -1693200
Flow Uec_4040_0 flowId 90 uecSrc 89 finished at 346681 total messages 1 total packets 16425 RTS 0 total bytes 67112550 in_flight now 0 fair_inc 112592 prop_inc 4077 fast_inc 0 eta_inc 18066426 multi_dec -17551125 quick_dec --22688 nack_dec -1743000
Flow Uec_5992_0 flowId 108 uecSrc 107 finished at 346881 total messages 1 total packets 16425 RTS 0 total bytes 67112550 in_flight now 0 fair_inc 166599 prop_inc 4201 fast_inc 0 eta_inc 18049149 multi_dec -17486745 quick_dec -23311 nack_dec -1821850
Flow Uec_3722_0 flowId 78 uecSrc 77 finished at 346938 total messages 1 total packets 16425 RTS 0 total bytes 67112550 in_flight now 0 fair_inc 203598 prop_inc 3510 fast_inc 0 eta_inc 18082374 multi_dec -17576911 quick_dec -132411 nack_dec -1755450
Flow Uec_523_0 flowId 43 uecSrc 42 finished at 347243 total messages 1 total packets 16425 RTS 0 total bytes 67112550 in_flight now 0 fair_inc 183757 prop_inc 3668 fast_inc 0 eta_inc 18087690 multi_dec -17493255 quick_dec -93601 nack_dec -1743000
Flow Uec_4541_0 flowId 121 uecSrc 120 finished at 347515 total messages 1 total packets 16425 RTS 0 total bytes 67112550 in_flight now 0 fair_inc 164761 prop_inc 12517 fast_inc 0 eta_inc 18095664 multi_dec -17507597 quick_dec -32171 nack_dec -1867500
Flow Uec_5023_0 flowId 85 uecSrc 84 finished at 347537 total messages 1 total packets 16425 RTS 0 total bytes 67112550 in_flight now 0 fair_inc 131105 prop_inc 7474 fast_inc 0 eta_inc 18100980 multi_dec -17520809 quick_dec -48409 nack_dec -1909000
Flow Uec_4722_0 flowId 109 uecSrc 108 finished at 347601 total messages 1 total packets 16425 RTS 0 total bytes 67112550 in_flight now 0 fair_inc 130616 prop_inc 4381 fast_inc 0 eta_inc 18108954 multi_dec -17519753 quick_dec -62392 nack_dec -1805250
Flow Uec_2332_0 flowId 42 uecSrc 41 finished at 347603 total messages 1 total packets 16425 RTS 0 total bytes 67112550 in_flight now 0 fair_inc 151508 prop_inc 5774 fast_inc 0 eta_inc 18065097 multi_dec -17464699 quick_dec -3238 nack_dec -1967100
Flow Uec_4631_0 flowId 76 uecSrc 75 finished at 347685 total messages 1 total packets 16425 RTS 0 total bytes 67112550 in_flight now 0 fair_inc 150481 prop_inc 8556 fast_inc 0 eta_inc 18099651 multi_dec -17362839 quick_dec -93228 nack_dec -1842600
Flow Uec_2504_0 flowId 102 uecSrc 101 finished at 347810 total messages 1 total packets 16425 RTS 0 total bytes 67112550 in_flight now 0 fair_inc 160017 prop_inc 8586 fast_inc 0 eta_inc 18086361 multi_dec -17419842 quick_dec -85440 nack_dec -1938050
Flow Uec_1785_0 flowId 5 uecSrc 4 finished at 347825 total messages 1 total packets 16425 RTS 0 total bytes 67112550 in_flight now 0 fair_inc 165854 prop_inc 5009 fast_inc 0 eta_inc 18131547 multi_dec -17555584 quick_dec -88815 nack_dec -1718100
Flow Uec_1463_0 flowId 96 uecSrc 95 finished at 347992 total messages 1 total packets 16425 RTS 0 total bytes 67112550 in_flight now 0 fair_inc 140054 prop_inc 17660 fast_inc 0 eta_inc 18074400 multi_dec -17395876 quick_dec -70705 nack_dec -1938050
Flow Uec_4126_0 flowId 46 uecSrc 45 finished at 348145 total messages 1 total packets 16425 RTS 0 total bytes 67112550 in_flight now 0 fair_inc 114228 prop_inc 8333 fast_inc 0 eta_inc 18166101 multi_dec -17429798 quick_dec -144193 nack_dec -1722250
Flow Uec_2885_0 flowId 124 uecSrc 123 finished at 348439 total messages 1 total packets 16425 RTS 0 total bytes 67112550 in_flight now 0 fair_inc 172450 prop_inc 14586 fast_inc 0 eta_inc 18148824 multi_dec -17607184 quick_dec -16192 nack_dec -1821850
Flow Uec_7252_0 flowId 62 uecSrc 61 finished at 348448 total messages 1 total packets 16425 RTS 0 total bytes 67112550 in_flight now 0 fair_inc 180343 prop_inc 13135 fast_inc 0 eta_inc 18148824 multi_dec -17587283 quick_dec -77512 nack_dec -1788650
Flow Uec_6850_0 flowId 125 uecSrc 124 finished at 348647 total messages 1 total packets 16425 RTS 0 total bytes 67112550 in_flight now 0 fair_inc 189829 prop_inc 21012 fast_inc 0 eta_inc 18215274 multi_dec -17649840 quick_dec -164209 nack_dec -1585300
Flow Uec_4158_0 flowId 22 uecSrc 21 finished at 348736 total messages 1 total packets 16425 RTS 0 total bytes 67112550 in_flight now 0 fair_inc 328947 prop_inc 26508 fast_inc 0 eta_inc 18260460 multi_dec -17996112 quick_dec -213932 nack_dec -1510600
Flow Uec_2663_0 flowId 34 uecSrc 33 finished at 349037 total messages 1 total packets 16425 RTS 0 total bytes 67112550 in_flight now 0 fair_inc 287909 prop_inc 39437 fast_inc 0 eta_inc 18271092 multi_dec -17836887 quick_dec -248665 nack_dec -1523050
Flow Uec_3130_0 flowId 2 uecSrc 1 finished at 349131 total messages 1 total packets 16425 RTS 0 total bytes 67112550 in_flight now 0 fair_inc 204936 prop_inc 71993 fast_inc 0 eta_inc 18277737 multi_dec -17886888 quick_dec -203448 nack_dec -1527200
Flow Uec_1760_0 flowId 71 uecSrc 70 finished at 349132 total messages 1 total packets 16425 RTS 0 total bytes 67112550 in_flight now 0 fair_inc 207820 prop_inc 65242 fast_inc 0 eta_inc 18235209 multi_dec -17801141 quick_dec -222821 nack_dec -1581150
Flow Uec_5562_0 flowId 111 uecSrc 110 finished at 349139 total messages 1 total packets 16425 RTS 0 total bytes 67112550 in_flight now 0 fair_inc 218320 prop_inc 85377 fast_inc 0 eta_inc 18289698 multi_dec -17852805 quick_dec -246237 nack_dec -1435900
New: 2102400 Rtx: 57910 RTS: 0 Bounced: 0 ACKs: 2102173 NACKs: 57910 Pulls: 0 sleek_pkts: 0
SPURIOUS_COUNT 0
