Flow Uec_3384_0 flowId 46 uecSrc 45 finished at 30756.1 total messages 1 total packets 16425 RTS 0 total bytes 67112550 in_flight now 0 fair_inc 28345 prop_inc 0 fast_inc 0 eta_inc 10632 multi_dec -0 quick_dec -41055 nack_dec -489700
.Flow Uec_6160_0 flowId 63 uecSrc 62 finished at 53492.9 total messages 1 total packets 16425 RTS 0 total bytes 67112550 in_flight now 0 fair_inc 35550 prop_inc 0 fast_inc 0 eta_inc 11961 multi_dec -0 quick_dec -85376 nack_dec -531200
.Flow Uec_20_0 flowId 62 uecSrc 61 finished at 136947 total messages 1 total packets 16425 RTS 0 total bytes 67112550 in_flight now 0 fair_inc 547452 prop_inc 5377 fast_inc 0 eta_inc 9025239 multi_dec -9657854 quick_dec --357323 nack_dec -1398550
Flow Uec_95_0 flowId 49 uecSrc 48 finished at 142911 total messages 1 total packets 16425 RTS 0 total bytes 67112550 in_flight now 0 fair_inc 488129 prop_inc 5738 fast_inc 0 eta_inc 9421281 multi_dec -9927416 quick_dec --348976 nack_dec -1485700
.Flow Uec_646_0 flowId 44 uecSrc 43 finished at 166111 total messages 1 total packets 16425 RTS 0 total bytes 67112550 in_flight now 0 fair_inc 605956 prop_inc 0 fast_inc 0 eta_inc 9061122 multi_dec -9946920 quick_dec -281536 nack_dec -842450
Flow Uec_2339_0 flowId 3 uecSrc 2 finished at 168340 total messages 1 total packets 16425 RTS 0 total bytes 67112550 in_flight now 0 fair_inc 766823 prop_inc 0 fast_inc 0 eta_inc 9184719 multi_dec -10297561 quick_dec -277232 nack_dec -954500
Flow Uec_3133_0 flowId 14 uecSrc 13 finished at 170347 total messages 1 total packets 16425 RTS 0 total bytes 67112550 in_flight now 0 fair_inc 657049 prop_inc 0 fast_inc 0 eta_inc 9293697 multi_dec -10164812 quick_dec -226362 nack_dec -937900
Flow Uec_2402_0 flowId 43 uecSrc 42 finished at 170415 total messages 1 total packets 16425 RTS 0 total bytes 67112550 in_flight now 0 fair_inc 623478 prop_inc 0 fast_inc 0 eta_inc 9308316 multi_dec -10437315 quick_dec -96622 nack_dec -838300
Flow Uec_3237_0 flowId 60 uecSrc 59 finished at 170486 total messages 1 total packets 16425 RTS 0 total bytes 67112550 in_flight now 0 fair_inc 645277 prop_inc 0 fast_inc 0 eta_inc 9299013 multi_dec -10430632 quick_dec -160264 nack_dec -883950
Flow Uec_5261_0 flowId 53 uecSrc 52 finished at 170543 total messages 1 total packets 16425 RTS 0 total bytes 67112550 in_flight now 0 fair_inc 703200 prop_inc 0 fast_inc 0 eta_inc 9296355 multi_dec -10283350 quick_dec -464913 nack_dec -917150
Flow Uec_5127_0 flowId 56 uecSrc 55 finished at 171287 total messages 1 total packets 16425 RTS 0 total bytes 67112550 in_flight now 0 fair_inc 715868 prop_inc 0 fast_inc 0 eta_inc 9334896 multi_dec -10277031 quick_dec -314189 nack_dec -900550
Flow Uec_1847_0 flowId 57 uecSrc 56 finished at 171416 total messages 1 total packets 16425 RTS 0 total bytes 67112550 in_flight now 0 fair_inc 620100 prop_inc 142 fast_inc 0 eta_inc 9350844 multi_dec -10342460 quick_dec -259387 nack_dec -929600
Flow Uec_4260_0 flowId 7 uecSrc 6 finished at 171428 total messages 1 total packets 16425 RTS 0 total bytes 67112550 in_flight now 0 fair_inc 670495 prop_inc 0 fast_inc 0 eta_inc 9337554 multi_dec -10284755 quick_dec -285215 nack_dec -962800
Flow Uec_2989_0 flowId 13 uecSrc 12 finished at 171530 total messages 1 total packets 16425 RTS 0 total bytes 67112550 in_flight now 0 fair_inc 678151 prop_inc 0 fast_inc 0 eta_inc 9344199 multi_dec -10267136 quick_dec -246026 nack_dec -1000150
Flow Uec_7089_0 flowId 40 uecSrc 39 finished at 171830 total messages 1 total packets 16425 RTS 0 total bytes 67112550 in_flight now 0 fair_inc 563861 prop_inc 832 fast_inc 0 eta_inc 9369450 multi_dec -10135308 quick_dec -221668 nack_dec -842450
Flow Uec_4369_0 flowId 23 uecSrc 22 finished at 171863 total messages 1 total packets 16425 RTS 0 total bytes 67112550 in_flight now 0 fair_inc 700924 prop_inc 0 fast_inc 0 eta_inc 9372108 multi_dec -10327423 quick_dec -271842 nack_dec -925450
Flow Uec_1894_0 flowId 34 uecSrc 33 finished at 171901 total messages 1 total packets 16425 RTS 0 total bytes 67112550 in_flight now 0 fair_inc 669159 prop_inc 1188 fast_inc 0 eta_inc 9370779 multi_dec -10335179 quick_dec -261532 nack_dec -954500
Flow Uec_285_0 flowId 21 uecSrc 20 finished at 171984 total messages 1 total packets 16425 RTS 0 total bytes 67112550 in_flight now 0 fair_inc 693328 prop_inc 161 fast_inc 0 eta_inc 9382740 multi_dec -10385648 quick_dec -276005 nack_dec -905164
Flow Uec_1707_0 flowId 24 uecSrc 23 finished at 172001 total messages 1 total packets 16425 RTS 0 total bytes 67112550 in_flight now 0 fair_inc 674298 prop_inc 222 fast_inc 0 eta_inc 9381411 multi_dec -10405412 quick_dec -198787 nack_dec -908850
Flow Uec_3421_0 flowId 55 uecSrc 54 finished at 172199 total messages 1 total packets 16425 RTS 0 total bytes 67112550 in_flight now 0 fair_inc 675287 prop_inc 457 fast_inc 0 eta_inc 9398688 multi_dec -10407158 quick_dec -195086 nack_dec -900550
Flow Uec_6043_0 flowId 51 uecSrc 50 finished at 172275 total messages 1 total packets 16425 RTS 0 total bytes 67112550 in_flight now 0 fair_inc 603709 prop_inc 95 fast_inc 0 eta_inc 9404004 multi_dec -10328273 quick_dec -193574 nack_dec -871500
Flow Uec_3264_0 flowId 29 uecSrc 28 finished at 172669 total messages 1 total packets 16425 RTS 0 total bytes 67112550 in_flight now 0 fair_inc 658285 prop_inc 0 fast_inc 0 eta_inc 9413307 multi_dec -10422324 quick_dec -328823 nack_dec -983550
Flow Uec_6375_0 flowId 15 uecSrc 14 finished at 173110 total messages 1 total packets 16425 RTS 0 total bytes 67112550 in_flight now 0 fair_inc 636113 prop_inc 405 fast_inc 0 eta_inc 9442545 multi_dec -10397194 quick_dec -174011 nack_dec -942050
Flow Uec_6678_0 flowId 6 uecSrc 5 finished at 173128 total messages 1 total packets 16425 RTS 0 total bytes 67112550 in_flight now 0 fair_inc 651792 prop_inc 390 fast_inc 0 eta_inc 9438558 multi_dec -10345840 quick_dec -228765 nack_dec -896400
Flow Uec_5522_0 flowId 10 uecSrc 9 finished at 173200 total messages 1 total packets 16425 RTS 0 total bytes 67112550 in_flight now 0 fair_inc 608968 prop_inc 1629 fast_inc 0 eta_inc 9438558 multi_dec -10306263 quick_dec -291755 nack_dec -929600
Flow Uec_772_0 flowId 58 uecSrc 57 finished at 173212 total messages 1 total packets 16425 RTS 0 total bytes 67112550 in_flight now 0 fair_inc 690442 prop_inc 243 fast_inc 0 eta_inc 9449190 multi_dec -10317301 quick_dec -392169 nack_dec -1020900
Flow Uec_5927_0 flowId 45 uecSrc 44 finished at 173473 total messages 1 total packets 16425 RTS 0 total bytes 67112550 in_flight now 0 fair_inc 656126 prop_inc 646 fast_inc 0 eta_inc 9443874 multi_dec -10318965 quick_dec -139843 nack_dec -1062400
Flow Uec_2612_0 flowId 59 uecSrc 58 finished at 173721 total messages 1 total packets 16425 RTS 0 total bytes 67112550 in_flight now 0 fair_inc 620631 prop_inc 1448 fast_inc 0 eta_inc 9479757 multi_dec -10434086 quick_dec -94075 nack_dec -942050
Flow Uec_3308_0 flowId 27 uecSrc 26 finished at 173723 total messages 1 total packets 16425 RTS 0 total bytes 67112550 in_flight now 0 fair_inc 607151 prop_inc 2190 fast_inc 0 eta_inc 9459822 multi_dec -10198631 quick_dec -210554 nack_dec -1025050
Flow Uec_7435_0 flowId 28 uecSrc 27 finished at 173751 total messages 1 total packets 16425 RTS 0 total bytes 67112550 in_flight now 0 fair_inc 593897 prop_inc 3541 fast_inc 0 eta_inc 9471783 multi_dec -10263855 quick_dec -305218 nack_dec -954500
Flow Uec_2330_0 flowId 35 uecSrc 34 finished at 173770 total messages 1 total packets 16425 RTS 0 total bytes 67112550 in_flight now 0 fair_inc 618274 prop_inc 2546 fast_inc 0 eta_inc 9479757 multi_dec -10363889 quick_dec -242251 nack_dec -937900
Flow Uec_1531_0 flowId 18 uecSrc 17 finished at 173805 total messages 1 total packets 16425 RTS 0 total bytes 67112550 in_flight now 0 fair_inc 624951 prop_inc 3362 fast_inc 0 eta_inc 9478428 multi_dec -10250678 quick_dec -334289 nack_dec -1103900
Flow Uec_7901_0 flowId 31 uecSrc 30 finished at 173819 total messages 1 total packets 16425 RTS 0 total bytes 67112550 in_flight now 0 fair_inc 699786 prop_inc 3446 fast_inc 0 eta_inc 9477099 multi_dec -10419166 quick_dec -327644 nack_dec -1054100
Flow Uec_8092_0 flowId 33 uecSrc 32 finished at 173870 total messages 1 total packets 16425 RTS 0 total bytes 67112550 in_flight now 0 fair_inc 673875 prop_inc 3883 fast_inc 0 eta_inc 9495705 multi_dec -10340777 quick_dec -289921 nack_dec -1016750
Flow Uec_3293_0 flowId 25 uecSrc 24 finished at 173899 total messages 1 total packets 16425 RTS 0 total bytes 67112550 in_flight now 0 fair_inc 635615 prop_inc 6732 fast_inc 0 eta_inc 9494376 multi_dec -10459673 quick_dec -268092 nack_dec -983550
Flow Uec_3738_0 flowId 52 uecSrc 51 finished at 173905 total messages 1 total packets 16425 RTS 0 total bytes 67112550 in_flight now 0 fair_inc 694548 prop_inc 7089 fast_inc 0 eta_inc 9491718 multi_dec -10422707 quick_dec -389876 nack_dec -1008450
Flow Uec_7954_0 flowId 16 uecSrc 15 finished at 173947 total messages 1 total packets 16425 RTS 0 total bytes 67112550 in_flight now 0 fair_inc 603137 prop_inc 3321 fast_inc 0 eta_inc 9477099 multi_dec -10365927 quick_dec -190844 nack_dec -971100
Flow Uec_653_0 flowId 20 uecSrc 19 finished at 173979 total messages 1 total packets 16425 RTS 0 total bytes 67112550 in_flight now 0 fair_inc 583582 prop_inc 5370 fast_inc 0 eta_inc 9479757 multi_dec -10253694 quick_dec -249126 nack_dec -991850
Flow Uec_3134_0 flowId 1 uecSrc 0 finished at 174019 total messages 1 total packets 16425 RTS 0 total bytes 67112550 in_flight now 0 fair_inc 665803 prop_inc 4639 fast_inc 0 eta_inc 9491718 multi_dec -10288564 quick_dec -319904 nack_dec -1020900
Flow Uec_6950_0 flowId 61 uecSrc 60 finished at 174024 total messages 1 total packets 16425 RTS 0 total bytes 67112550 in_flight now 0 fair_inc 607877 prop_inc 4438 fast_inc 0 eta_inc 9497034 multi_dec -10389240 quick_dec -312373 nack_dec -904700
Flow Uec_2915_0 flowId 64 uecSrc 63 finished at 174069 total messages 1 total packets 16425 RTS 0 total bytes 67112550 in_flight now 0 fair_inc 642810 prop_inc 5467 fast_inc 0 eta_inc 9490389 multi_dec -10384224 quick_dec -234471 nack_dec -962800
Flow Uec_2707_0 flowId 48 uecSrc 47 finished at 174108 total messages 1 total packets 16425 RTS 0 total bytes 67112550 in_flight now 0 fair_inc 636935 prop_inc 2091 fast_inc 0 eta_inc 9494376 multi_dec -10388517 quick_dec -219703 nack_dec -904700
Flow Uec_5215_0 flowId 2 uecSrc 1 finished at 174140 total messages 1 total packets 16425 RTS 0 total bytes 67112550 in_flight now 0 fair_inc 671365 prop_inc 1929 fast_inc 0 eta_inc 9499692 multi_dec -10337958 quick_dec -349235 nack_dec -913000
Flow Uec_1500_0 flowId 9 uecSrc 8 finished at 174142 total messages 1 total packets 16425 RTS 0 total bytes 67112550 in_flight now 0 fair_inc 633211 prop_inc 4671 fast_inc 0 eta_inc 9489060 multi_dec -10407686 quick_dec -115953 nack_dec -950350
Flow Uec_7063_0 flowId 47 uecSrc 46 finished at 174143 total messages 1 total packets 16425 RTS 0 total bytes 67112550 in_flight now 0 fair_inc 671191 prop_inc 5250 fast_inc 0 eta_inc 9477099 multi_dec -10374626 quick_dec -163577 nack_dec -1012600
Flow Uec_5377_0 flowId 11 uecSrc 10 finished at 174167 total messages 1 total packets 16425 RTS 0 total bytes 67112550 in_flight now 0 fair_inc 711587 prop_inc 5153 fast_inc 0 eta_inc 9491718 multi_dec -10268505 quick_dec -327946 nack_dec -1025050
Flow Uec_5959_0 flowId 37 uecSrc 36 finished at 174218 total messages 1 total packets 16425 RTS 0 total bytes 67112550 in_flight now 0 fair_inc 651055 prop_inc 1369 fast_inc 0 eta_inc 9501021 multi_dec -10343635 quick_dec -289712 nack_dec -958650
Flow Uec_4912_0 flowId 50 uecSrc 49 finished at 174226 total messages 1 total packets 16425 RTS 0 total bytes 67112550 in_flight now 0 fair_inc 584780 prop_inc 7413 fast_inc 0 eta_inc 9487731 multi_dec -10384390 quick_dec -192786 nack_dec -913464
Flow Uec_7281_0 flowId 32 uecSrc 31 finished at 174312 total messages 1 total packets 16425 RTS 0 total bytes 67112550 in_flight now 0 fair_inc 687781 prop_inc 9873 fast_inc 0 eta_inc 9508995 multi_dec -10344438 quick_dec -394862 nack_dec -991850
Flow Uec_7527_0 flowId 42 uecSrc 41 finished at 174328 total messages 1 total packets 16425 RTS 0 total bytes 67112550 in_flight now 0 fair_inc 573624 prop_inc 5784 fast_inc 0 eta_inc 9512982 multi_dec -10310852 quick_dec -265836 nack_dec -867350
Flow Uec_7945_0 flowId 19 uecSrc 18 finished at 174337 total messages 1 total packets 16425 RTS 0 total bytes 67112550 in_flight now 0 fair_inc 673045 prop_inc 7143 fast_inc 0 eta_inc 9507666 multi_dec -10406686 quick_dec -297360 nack_dec -917150
Flow Uec_3081_0 flowId 12 uecSrc 11 finished at 174340 total messages 1 total packets 16425 RTS 0 total bytes 67112550 in_flight now 0 fair_inc 646917 prop_inc 2291 fast_inc 0 eta_inc 9508995 multi_dec -10334034 quick_dec -214762 nack_dec -925450
Flow Uec_1965_0 flowId 8 uecSrc 7 finished at 174344 total messages 1 total packets 16425 RTS 0 total bytes 67112550 in_flight now 0 fair_inc 670911 prop_inc 4166 fast_inc 0 eta_inc 9495705 multi_dec -10275964 quick_dec -260673 nack_dec -979400
Flow Uec_3352_0 flowId 41 uecSrc 40 finished at 174353 total messages 1 total packets 16425 RTS 0 total bytes 67112550 in_flight now 0 fair_inc 632286 prop_inc 15531 fast_inc 0 eta_inc 9520956 multi_dec -10285509 quick_dec -376528 nack_dec -908850
Flow Uec_4031_0 flowId 30 uecSrc 29 finished at 174371 total messages 1 total packets 16425 RTS 0 total bytes 67112550 in_flight now 0 fair_inc 599847 prop_inc 19833 fast_inc 0 eta_inc 9501021 multi_dec -10264779 quick_dec -319463 nack_dec -921300
Flow Uec_5077_0 flowId 38 uecSrc 37 finished at 174399 total messages 1 total packets 16425 RTS 0 total bytes 67112550 in_flight now 0 fair_inc 672108 prop_inc 28310 fast_inc 0 eta_inc 9519627 multi_dec -10316861 quick_dec -302766 nack_dec -983550
Flow Uec_3114_0 flowId 54 uecSrc 53 finished at 174414 total messages 1 total packets 16425 RTS 0 total bytes 67112550 in_flight now 0 fair_inc 668942 prop_inc 32098 fast_inc 0 eta_inc 9508995 multi_dec -10273394 quick_dec -345849 nack_dec -1012600
Flow Uec_7043_0 flowId 5 uecSrc 4 finished at 174446 total messages 1 total packets 16425 RTS 0 total bytes 67112550 in_flight now 0 fair_inc 541471 prop_inc 38031 fast_inc 0 eta_inc 9511653 multi_dec -10354832 quick_dec -177898 nack_dec -879800
Flow Uec_6012_0 flowId 39 uecSrc 38 finished at 174470 total messages 1 total packets 16425 RTS 0 total bytes 67112550 in_flight now 0 fair_inc 564427 prop_inc 46140 fast_inc 0 eta_inc 9512982 multi_dec -10314347 quick_dec -245435 nack_dec -913000
Flow Uec_853_0 flowId 26 uecSrc 25 finished at 174481 total messages 1 total packets 16425 RTS 0 total bytes 67112550 in_flight now 0 fair_inc 604926 prop_inc 49121 fast_inc 0 eta_inc 9523614 multi_dec -10250190 quick_dec -274609 nack_dec -979400
Flow Uec_2875_0 flowId 36 uecSrc 35 finished at 174505 total messages 1 total packets 16425 RTS 0 total bytes 67112550 in_flight now 0 fair_inc 616555 prop_inc 79139 fast_inc 0 eta_inc 9505008 multi_dec -10235003 quick_dec -206791 nack_dec -1091450
Flow Uec_4328_0 flowId 4 uecSrc 3 finished at 174520 total messages 1 total packets 16425 RTS 0 total bytes 67112550 in_flight now 0 fair_inc 608995 prop_inc 89025 fast_inc 0 eta_inc 9515640 multi_dec -10301441 quick_dec -313390 nack_dec -1016750
Flow Uec_1439_0 flowId 22 uecSrc 21 finished at 174532 total messages 1 total packets 16425 RTS 0 total bytes 67112550 in_flight now 0 fair_inc 654780 prop_inc 125622 fast_inc 0 eta_inc 9515640 multi_dec -10330051 quick_dec -257229 nack_dec -1004300
Flow Uec_6453_0 flowId 17 uecSrc 16 finished at 174549 total messages 1 total packets 16425 RTS 0 total bytes 67112550 in_flight now 0 fair_inc 571194 prop_inc 160164 fast_inc 0 eta_inc 9523614 multi_dec -10288695 quick_dec -223905 nack_dec -987700
New: 1051200 Rtx: 14737 RTS: 0 Bounced: 0 ACKs: 1050636 NACKs: 14737 Pulls: 0 sleek_pkts: 0
SPURIOUS_COUNT 0
