Flow Uec_6676_0 flowId 59 uecSrc 58 finished at 1916.83 total messages 1 total packets 514 RTS 0 total bytes 2100204 in_flight now 0 fair_inc 0 prop_inc 0 fast_inc 0 eta_inc 0 multi_dec -0 quick_dec -56326 nack_dec -498000
Flow Uec_7210_0 flowId 46 uecSrc 45 finished at 2800.02 total messages 1 total packets 514 RTS 0 total bytes 2100204 in_flight now 0 fair_inc 6643 prop_inc 0 fast_inc 0 eta_inc 1329 multi_dec -0 quick_dec -60476 nack_dec -481400
Flow Uec_2903_0 flowId 3 uecSrc 2 finished at 3109.44 total messages 1 total packets 514 RTS 0 total bytes 2100204 in_flight now 0 fair_inc 12010 prop_inc 0 fast_inc 0 eta_inc 2658 multi_dec -0 quick_dec -39726 nack_dec -481400
Flow Uec_796_0 flowId 52 uecSrc 51 finished at 3253.11 total messages 1 total packets 514 RTS 0 total bytes 2100204 in_flight now 0 fair_inc 0 prop_inc 0 fast_inc 0 eta_inc 0 multi_dec -0 quick_dec -64626 nack_dec -481400
Flow Uec_203_0 flowId 29 uecSrc 28 finished at 4326.38 total messages 1 total packets 514 RTS 0 total bytes 2100204 in_flight now 0 fair_inc 17832 prop_inc 5341 fast_inc 0 eta_inc 263142 multi_dec -246716 quick_dec --31109 nack_dec -419150
Flow Uec_220_0 flowId 36 uecSrc 35 finished at 4399.31 total messages 1 total packets 514 RTS 0 total bytes 2100204 in_flight now 0 fair_inc 6665 prop_inc 2639 fast_inc 0 eta_inc 276432 multi_dec -257301 quick_dec --36483 nack_dec -419150
Flow Uec_2001_0 flowId 62 uecSrc 61 finished at 4410.82 total messages 1 total packets 514 RTS 0 total bytes 2100204 in_flight now 0 fair_inc 57590 prop_inc 2741 fast_inc 0 eta_inc 237891 multi_dec -309935 quick_dec -128450 nack_dec -502150
Flow Uec_244_0 flowId 15 uecSrc 14 finished at 4414.51 total messages 1 total packets 514 RTS 0 total bytes 2100204 in_flight now 0 fair_inc 18982 prop_inc 6787 fast_inc 0 eta_inc 283077 multi_dec -269275 quick_dec --22304 nack_dec -410850
Flow Uec_3160_0 flowId 17 uecSrc 16 finished at 4471.34 total messages 1 total packets 514 RTS 0 total bytes 2100204 in_flight now 0 fair_inc 29240 prop_inc 0 fast_inc 0 eta_inc 237891 multi_dec -315535 quick_dec -63278 nack_dec -514600
Flow Uec_6674_0 flowId 10 uecSrc 9 finished at 4490.89 total messages 1 total packets 514 RTS 0 total bytes 2100204 in_flight now 0 fair_inc 46607 prop_inc 0 fast_inc 0 eta_inc 239220 multi_dec -311257 quick_dec -48206 nack_dec -485550
Flow Uec_2154_0 flowId 30 uecSrc 29 finished at 4661.85 total messages 1 total packets 514 RTS 0 total bytes 2100204 in_flight now 0 fair_inc 42224 prop_inc 0 fast_inc 0 eta_inc 249852 multi_dec -296629 quick_dec -85804 nack_dec -510450
Flow Uec_1724_0 flowId 57 uecSrc 56 finished at 4751.57 total messages 1 total packets 514 RTS 0 total bytes 2100204 in_flight now 0 fair_inc 25791 prop_inc 213 fast_inc 0 eta_inc 253839 multi_dec -300820 quick_dec -66441 nack_dec -481400
Flow Uec_6155_0 flowId 28 uecSrc 27 finished at 4823.49 total messages 1 total packets 514 RTS 0 total bytes 2100204 in_flight now 0 fair_inc 34018 prop_inc 738 fast_inc 0 eta_inc 257826 multi_dec -304721 quick_dec -65566 nack_dec -498000
Flow Uec_5151_0 flowId 1 uecSrc 0 finished at 4956.19 total messages 1 total packets 514 RTS 0 total bytes 2100204 in_flight now 0 fair_inc 41008 prop_inc 0 fast_inc 0 eta_inc 267129 multi_dec -307903 quick_dec -112538 nack_dec -527050
Flow Uec_6893_0 flowId 61 uecSrc 60 finished at 4961.72 total messages 1 total packets 514 RTS 0 total bytes 2100204 in_flight now 0 fair_inc 31586 prop_inc 0 fast_inc 0 eta_inc 263142 multi_dec -295485 quick_dec -58678 nack_dec -502150
Flow Uec_7287_0 flowId 43 uecSrc 42 finished at 5013.46 total messages 1 total packets 514 RTS 0 total bytes 2100204 in_flight now 0 fair_inc 48627 prop_inc 0 fast_inc 0 eta_inc 261813 multi_dec -305798 quick_dec -69829 nack_dec -543650
Flow Uec_4831_0 flowId 34 uecSrc 33 finished at 5104.24 total messages 1 total packets 514 RTS 0 total bytes 2100204 in_flight now 0 fair_inc 29746 prop_inc 0 fast_inc 0 eta_inc 272445 multi_dec -292590 quick_dec -100998 nack_dec -514600
Flow Uec_842_0 flowId 45 uecSrc 44 finished at 5114.79 total messages 1 total packets 514 RTS 0 total bytes 2100204 in_flight now 0 fair_inc 32075 prop_inc 0 fast_inc 0 eta_inc 267129 multi_dec -284046 quick_dec -28719 nack_dec -536448
Flow Uec_3479_0 flowId 33 uecSrc 32 finished at 5118.28 total messages 1 total packets 514 RTS 0 total bytes 2100204 in_flight now 0 fair_inc 40371 prop_inc 0 fast_inc 0 eta_inc 272445 multi_dec -298477 quick_dec -74849 nack_dec -494948
Flow Uec_7501_0 flowId 23 uecSrc 22 finished at 5118.65 total messages 1 total packets 514 RTS 0 total bytes 2100204 in_flight now 0 fair_inc 32672 prop_inc 0 fast_inc 0 eta_inc 268458 multi_dec -296077 quick_dec -60915 nack_dec -531200
Flow Uec_6267_0 flowId 56 uecSrc 55 finished at 5122.35 total messages 1 total packets 514 RTS 0 total bytes 2100204 in_flight now 0 fair_inc 44054 prop_inc 157 fast_inc 0 eta_inc 269787 multi_dec -296706 quick_dec -57972 nack_dec -535350
Flow Uec_1526_0 flowId 63 uecSrc 62 finished at 5141.32 total messages 1 total packets 514 RTS 0 total bytes 2100204 in_flight now 0 fair_inc 42650 prop_inc 602 fast_inc 0 eta_inc 276432 multi_dec -289309 quick_dec -151685 nack_dec -535350
Flow Uec_6795_0 flowId 54 uecSrc 53 finished at 5156.31 total messages 1 total packets 514 RTS 0 total bytes 2100204 in_flight now 0 fair_inc 31303 prop_inc 487 fast_inc 0 eta_inc 275103 multi_dec -312050 quick_dec -73254 nack_dec -506300
Flow Uec_2420_0 flowId 7 uecSrc 6 finished at 5162.68 total messages 1 total packets 514 RTS 0 total bytes 2100204 in_flight now 0 fair_inc 25100 prop_inc 2132 fast_inc 0 eta_inc 277761 multi_dec -307275 quick_dec -66030 nack_dec -485550
Flow Uec_7583_0 flowId 32 uecSrc 31 finished at 5182.33 total messages 1 total packets 514 RTS 0 total bytes 2100204 in_flight now 0 fair_inc 42806 prop_inc 140 fast_inc 0 eta_inc 273774 multi_dec -303845 quick_dec -69689 nack_dec -539500
Flow Uec_7452_0 flowId 58 uecSrc 57 finished at 5200.47 total messages 1 total packets 514 RTS 0 total bytes 2100204 in_flight now 0 fair_inc 32575 prop_inc 0 fast_inc 0 eta_inc 277761 multi_dec -309815 quick_dec -79361 nack_dec -498000
Flow Uec_785_0 flowId 19 uecSrc 18 finished at 5202.17 total messages 1 total packets 514 RTS 0 total bytes 2100204 in_flight now 0 fair_inc 79316 prop_inc 0 fast_inc 0 eta_inc 272445 multi_dec -293619 quick_dec -41764 nack_dec -510450
Flow Uec_2298_0 flowId 20 uecSrc 19 finished at 5221.97 total messages 1 total packets 514 RTS 0 total bytes 2100204 in_flight now 0 fair_inc 21605 prop_inc 0 fast_inc 0 eta_inc 280419 multi_dec -311820 quick_dec -77442 nack_dec -535350
Flow Uec_5954_0 flowId 49 uecSrc 48 finished at 5233.47 total messages 1 total packets 514 RTS 0 total bytes 2100204 in_flight now 0 fair_inc 30576 prop_inc 1972 fast_inc 0 eta_inc 271116 multi_dec -295717 quick_dec -45224 nack_dec -527050
Flow Uec_4019_0 flowId 41 uecSrc 40 finished at 5236 total messages 1 total packets 514 RTS 0 total bytes 2100204 in_flight now 0 fair_inc 32885 prop_inc 308 fast_inc 0 eta_inc 277761 multi_dec -301243 quick_dec -77309 nack_dec -514600
Flow Uec_3853_0 flowId 53 uecSrc 52 finished at 5248.67 total messages 1 total packets 514 RTS 0 total bytes 2100204 in_flight now 0 fair_inc 50978 prop_inc 0 fast_inc 0 eta_inc 275103 multi_dec -281982 quick_dec -81496 nack_dec -531200
Flow Uec_7172_0 flowId 25 uecSrc 24 finished at 5268.8 total messages 1 total packets 514 RTS 0 total bytes 2100204 in_flight now 0 fair_inc 38492 prop_inc 0 fast_inc 0 eta_inc 283077 multi_dec -300406 quick_dec -108450 nack_dec -510450
Flow Uec_1175_0 flowId 12 uecSrc 11 finished at 5286.61 total messages 1 total packets 514 RTS 0 total bytes 2100204 in_flight now 0 fair_inc 88405 prop_inc 0 fast_inc 0 eta_inc 280419 multi_dec -294655 quick_dec -121206 nack_dec -551950
Flow Uec_5631_0 flowId 18 uecSrc 17 finished at 5289.48 total messages 1 total packets 514 RTS 0 total bytes 2100204 in_flight now 0 fair_inc 44613 prop_inc 2283 fast_inc 0 eta_inc 281748 multi_dec -288046 quick_dec -120987 nack_dec -543650
Flow Uec_2040_0 flowId 51 uecSrc 50 finished at 5303.81 total messages 1 total packets 514 RTS 0 total bytes 2100204 in_flight now 0 fair_inc 41571 prop_inc 3488 fast_inc 0 eta_inc 273774 multi_dec -291600 quick_dec -35774 nack_dec -527050
Flow Uec_3400_0 flowId 2 uecSrc 1 finished at 5334.83 total messages 1 total packets 514 RTS 0 total bytes 2100204 in_flight now 0 fair_inc 39921 prop_inc 1393 fast_inc 0 eta_inc 285735 multi_dec -295326 quick_dec -39244 nack_dec -506300
Flow Uec_2417_0 flowId 44 uecSrc 43 finished at 5338.86 total messages 1 total packets 514 RTS 0 total bytes 2100204 in_flight now 0 fair_inc 29148 prop_inc 3521 fast_inc 0 eta_inc 275103 multi_dec -264891 quick_dec -60950 nack_dec -531200
Flow Uec_451_0 flowId 22 uecSrc 21 finished at 5340.69 total messages 1 total packets 514 RTS 0 total bytes 2100204 in_flight now 0 fair_inc 49001 prop_inc 3247 fast_inc 0 eta_inc 281748 multi_dec -267249 quick_dec -161146 nack_dec -531200
Flow Uec_6603_0 flowId 4 uecSrc 3 finished at 5369.28 total messages 1 total packets 514 RTS 0 total bytes 2100204 in_flight now 0 fair_inc 18021 prop_inc 6673 fast_inc 0 eta_inc 284406 multi_dec -282973 quick_dec -46705 nack_dec -510450
Flow Uec_2006_0 flowId 40 uecSrc 39 finished at 5374.31 total messages 1 total packets 514 RTS 0 total bytes 2100204 in_flight now 0 fair_inc 44007 prop_inc 3449 fast_inc 0 eta_inc 284406 multi_dec -293138 quick_dec -67714 nack_dec -518750
Flow Uec_1355_0 flowId 9 uecSrc 8 finished at 5377.84 total messages 1 total packets 514 RTS 0 total bytes 2100204 in_flight now 0 fair_inc 29897 prop_inc 2936 fast_inc 0 eta_inc 284406 multi_dec -282891 quick_dec -91276 nack_dec -560250
Flow Uec_4872_0 flowId 31 uecSrc 30 finished at 5392.82 total messages 1 total packets 514 RTS 0 total bytes 2100204 in_flight now 0 fair_inc 19995 prop_inc 4809 fast_inc 0 eta_inc 283077 multi_dec -273017 quick_dec -63756 nack_dec -522900
Flow Uec_3617_0 flowId 60 uecSrc 59 finished at 5409.13 total messages 1 total packets 514 RTS 0 total bytes 2100204 in_flight now 0 fair_inc 27817 prop_inc 7651 fast_inc 0 eta_inc 288393 multi_dec -283758 quick_dec -72540 nack_dec -547800
Flow Uec_5866_0 flowId 13 uecSrc 12 finished at 5410.17 total messages 1 total packets 514 RTS 0 total bytes 2100204 in_flight now 0 fair_inc 24549 prop_inc 6838 fast_inc 0 eta_inc 285735 multi_dec -291022 quick_dec -76981 nack_dec -510450
Flow Uec_713_0 flowId 48 uecSrc 47 finished at 5429.97 total messages 1 total packets 514 RTS 0 total bytes 2100204 in_flight now 0 fair_inc 12704 prop_inc 11373 fast_inc 0 eta_inc 281748 multi_dec -289989 quick_dec -39762 nack_dec -535350
Flow Uec_7524_0 flowId 38 uecSrc 37 finished at 5430.51 total messages 1 total packets 514 RTS 0 total bytes 2100204 in_flight now 0 fair_inc 25854 prop_inc 9082 fast_inc 0 eta_inc 288393 multi_dec -285345 quick_dec -63344 nack_dec -518750
Flow Uec_3511_0 flowId 39 uecSrc 38 finished at 5431.38 total messages 1 total packets 514 RTS 0 total bytes 2100204 in_flight now 0 fair_inc 19589 prop_inc 4613 fast_inc 0 eta_inc 289722 multi_dec -294854 quick_dec -35547 nack_dec -518750
Flow Uec_5543_0 flowId 42 uecSrc 41 finished at 5434.25 total messages 1 total packets 514 RTS 0 total bytes 2100204 in_flight now 0 fair_inc 31718 prop_inc 4473 fast_inc 0 eta_inc 289722 multi_dec -278661 quick_dec -53774 nack_dec -535350
Flow Uec_3398_0 flowId 14 uecSrc 13 finished at 5440.1 total messages 1 total packets 514 RTS 0 total bytes 2100204 in_flight now 0 fair_inc 19039 prop_inc 11153 fast_inc 0 eta_inc 289722 multi_dec -268466 quick_dec -105268 nack_dec -522900
Flow Uec_1321_0 flowId 11 uecSrc 10 finished at 5447.45 total messages 1 total packets 514 RTS 0 total bytes 2100204 in_flight now 0 fair_inc 12449 prop_inc 10856 fast_inc 0 eta_inc 289722 multi_dec -291246 quick_dec -41802 nack_dec -514600
Flow Uec_4552_0 flowId 16 uecSrc 15 finished at 5448.82 total messages 1 total packets 514 RTS 0 total bytes 2100204 in_flight now 0 fair_inc 25854 prop_inc 10834 fast_inc 0 eta_inc 287064 multi_dec -277708 quick_dec -83415 nack_dec -527050
Flow Uec_2709_0 flowId 6 uecSrc 5 finished at 5449.7 total messages 1 total packets 514 RTS 0 total bytes 2100204 in_flight now 0 fair_inc 21622 prop_inc 11890 fast_inc 0 eta_inc 287064 multi_dec -273292 quick_dec -61794 nack_dec -556100
Flow Uec_2726_0 flowId 8 uecSrc 7 finished at 5456.55 total messages 1 total packets 514 RTS 0 total bytes 2100204 in_flight now 0 fair_inc 47969 prop_inc 15637 fast_inc 0 eta_inc 291051 multi_dec -261659 quick_dec -124572 nack_dec -518750
Flow Uec_7813_0 flowId 26 uecSrc 25 finished at 5457.42 total messages 1 total packets 514 RTS 0 total bytes 2100204 in_flight now 0 fair_inc 19050 prop_inc 11791 fast_inc 0 eta_inc 287064 multi_dec -296354 quick_dec -29795 nack_dec -535350
Flow Uec_4033_0 flowId 27 uecSrc 26 finished at 5457.63 total messages 1 total packets 514 RTS 0 total bytes 2100204 in_flight now 0 fair_inc 18349 prop_inc 28954 fast_inc 0 eta_inc 292380 multi_dec -277466 quick_dec -39186 nack_dec -510450
Flow Uec_2530_0 flowId 21 uecSrc 20 finished at 5459.59 total messages 1 total packets 514 RTS 0 total bytes 2100204 in_flight now 0 fair_inc 26315 prop_inc 24338 fast_inc 0 eta_inc 292380 multi_dec -297542 quick_dec -52543 nack_dec -514600
Flow Uec_5209_0 flowId 5 uecSrc 4 finished at 5461.96 total messages 1 total packets 514 RTS 0 total bytes 2100204 in_flight now 0 fair_inc 19490 prop_inc 23072 fast_inc 0 eta_inc 292380 multi_dec -291974 quick_dec -52902 nack_dec -527050
Flow Uec_5119_0 flowId 50 uecSrc 49 finished at 5465.12 total messages 1 total packets 514 RTS 0 total bytes 2100204 in_flight now 0 fair_inc 13226 prop_inc 29572 fast_inc 0 eta_inc 289722 multi_dec -273551 quick_dec -60941 nack_dec -518750
Flow Uec_2009_0 flowId 37 uecSrc 36 finished at 5465.62 total messages 1 total packets 514 RTS 0 total bytes 2100204 in_flight now 0 fair_inc 6756 prop_inc 34563 fast_inc 0 eta_inc 292380 multi_dec -271731 quick_dec -56169 nack_dec -493850
Flow Uec_784_0 flowId 64 uecSrc 63 finished at 5473.76 total messages 1 total packets 514 RTS 0 total bytes 2100204 in_flight now 0 fair_inc 6597 prop_inc 33798 fast_inc 0 eta_inc 293709 multi_dec -283119 quick_dec -48026 nack_dec -498000
Flow Uec_1214_0 flowId 24 uecSrc 23 finished at 5485.15 total messages 1 total packets 514 RTS 0 total bytes 2100204 in_flight now 0 fair_inc 16734 prop_inc 27521 fast_inc 32090 eta_inc 295038 multi_dec -284653 quick_dec -75252 nack_dec -539500
Flow Uec_1666_0 flowId 35 uecSrc 34 finished at 5490.39 total messages 1 total packets 514 RTS 0 total bytes 2100204 in_flight now 0 fair_inc 6434 prop_inc 44003 fast_inc 29840 eta_inc 287064 multi_dec -243548 quick_dec -66442 nack_dec -539500
Flow Uec_3790_0 flowId 47 uecSrc 46 finished at 5496.17 total messages 1 total packets 514 RTS 0 total bytes 2100204 in_flight now 0 fair_inc 18554 prop_inc 65711 fast_inc 0 eta_inc 293709 multi_dec -265612 quick_dec -76971 nack_dec -539500
Flow Uec_6837_0 flowId 55 uecSrc 54 finished at 5496.54 total messages 1 total packets 514 RTS 0 total bytes 2100204 in_flight now 0 fair_inc 18767 prop_inc 64342 fast_inc 8999 eta_inc 292380 multi_dec -258761 quick_dec -79137 nack_dec -547800
New: 32896 Rtx: 7938 RTS: 0 Bounced: 0 ACKs: 32705 NACKs: 7938 Pulls: 0 sleek_pkts: 0
SPURIOUS_COUNT 0
