....Flow Uec_4040_0 flowId 90 uecSrc 89 finished at 207111 total messages 1 total packets 16425 RTS 0 total bytes 67112550 in_flight now 0 fair_inc 0 prop_inc 0 fast_inc 0 eta_inc 10938999 multi_dec -10891951 quick_dec -170407 nack_dec -547800
Flow Uec_4631_0 flowId 76 uecSrc 75 finished at 207120 total messages 1 total packets 16425 RTS 0 total bytes 67112550 in_flight now 0 fair_inc 0 prop_inc 0 fast_inc 0 eta_inc 10941657 multi_dec -10892292 quick_dec -177823 nack_dec -551950
Flow Uec_7811_0 flowId 11 uecSrc 10 finished at 207161 total messages 1 total packets 16425 RTS 0 total bytes 67112550 in_flight now 0 fair_inc 0 prop_inc 0 fast_inc 0 eta_inc 10938999 multi_dec -10895310 quick_dec -175677 nack_dec -576850
Flow Uec_6563_0 flowId 29 uecSrc 28 finished at 207312 total messages 1 total packets 16425 RTS 0 total bytes 67112550 in_flight now 0 fair_inc 0 prop_inc 0 fast_inc 0 eta_inc 10946973 multi_dec -10902943 quick_dec -199695 nack_dec -552414
Flow Uec_6098_0 flowId 35 uecSrc 34 finished at 207330 total messages 1 total packets 16425 RTS 0 total bytes 67112550 in_flight now 0 fair_inc 0 prop_inc 0 fast_inc 0 eta_inc 10945644 multi_dec -10901586 quick_dec -171943 nack_dec -572700
Flow Uec_3722_0 flowId 78 uecSrc 77 finished at 207414 total messages 1 total packets 16425 RTS 0 total bytes 67112550 in_flight now 0 fair_inc 0 prop_inc 0 fast_inc 0 eta_inc 10940328 multi_dec -10895322 quick_dec -162404 nack_dec -605900
Flow Uec_4778_0 flowId 48 uecSrc 47 finished at 207563 total messages 1 total packets 16425 RTS 0 total bytes 67112550 in_flight now 0 fair_inc 0 prop_inc 0 fast_inc 0 eta_inc 10960263 multi_dec -10917740 quick_dec -143471 nack_dec -581000
Flow Uec_1989_0 flowId 1 uecSrc 0 finished at 207591 total messages 1 total packets 16425 RTS 0 total bytes 67112550 in_flight now 0 fair_inc 0 prop_inc 0 fast_inc 0 eta_inc 10948302 multi_dec -10901269 quick_dec -188298 nack_dec -614200
Flow Uec_3130_0 flowId 2 uecSrc 1 finished at 207645 total messages 1 total packets 16425 RTS 0 total bytes 67112550 in_flight now 0 fair_inc 0 prop_inc 0 fast_inc 0 eta_inc 10968237 multi_dec -10933502 quick_dec -190056 nack_dec -568550
Flow Uec_3375_0 flowId 114 uecSrc 113 finished at 207750 total messages 1 total packets 16425 RTS 0 total bytes 67112550 in_flight now 0 fair_inc 0 prop_inc 0 fast_inc 0 eta_inc 10960263 multi_dec -10919683 quick_dec -162357 nack_dec -610050
Flow Uec_6597_0 flowId 89 uecSrc 88 finished at 207822 total messages 1 total packets 16425 RTS 0 total bytes 67112550 in_flight now 0 fair_inc 0 prop_inc 0 fast_inc 0 eta_inc 10973553 multi_dec -10934700 quick_dec -193923 nack_dec -572700
Flow Uec_4126_0 flowId 46 uecSrc 45 finished at 208005 total messages 1 total packets 16425 RTS 0 total bytes 67112550 in_flight now 0 fair_inc 0 prop_inc 0 fast_inc 0 eta_inc 10985514 multi_dec -10943783 quick_dec -184732 nack_dec -551950
Flow Uec_4026_0 flowId 8 uecSrc 7 finished at 208096 total messages 1 total packets 16425 RTS 0 total bytes 67112550 in_flight now 0 fair_inc 0 prop_inc 0 fast_inc 0 eta_inc 10997475 multi_dec -10966725 quick_dec -150105 nack_dec -531200
Flow Uec_7380_0 flowId 73 uecSrc 72 finished at 208103 total messages 1 total packets 16425 RTS 0 total bytes 67112550 in_flight now 0 fair_inc 6137 prop_inc 0 fast_inc 0 eta_inc 10988172 multi_dec -10990091 quick_dec -134297 nack_dec -581000
Flow Uec_2671_0 flowId 3 uecSrc 2 finished at 208260 total messages 1 total packets 16425 RTS 0 total bytes 67112550 in_flight now 0 fair_inc 0 prop_inc 0 fast_inc 0 eta_inc 10996146 multi_dec -10963190 quick_dec -167076 nack_dec -560250
Flow Uec_2088_0 flowId 91 uecSrc 90 finished at 208278 total messages 1 total packets 16425 RTS 0 total bytes 67112550 in_flight now 0 fair_inc 0 prop_inc 0 fast_inc 0 eta_inc 11002791 multi_dec -10971117 quick_dec -199327 nack_dec -543650
Flow Uec_1197_0 flowId 77 uecSrc 76 finished at 208497 total messages 1 total packets 16425 RTS 0 total bytes 67112550 in_flight now 0 fair_inc 0 prop_inc 0 fast_inc 0 eta_inc 11022726 multi_dec -10999633 quick_dec -183168 nack_dec -527050
Flow Uec_6319_0 flowId 99 uecSrc 98 finished at 208577 total messages 1 total packets 16425 RTS 0 total bytes 67112550 in_flight now 0 fair_inc 0 prop_inc 0 fast_inc 0 eta_inc 11012094 multi_dec -10992043 quick_dec -172086 nack_dec -568550
Flow Uec_7378_0 flowId 75 uecSrc 74 finished at 208717 total messages 1 total packets 16425 RTS 0 total bytes 67112550 in_flight now 0 fair_inc 0 prop_inc 0 fast_inc 0 eta_inc 11032029 multi_dec -11004647 quick_dec -161840 nack_dec -527050
Flow Uec_4722_0 flowId 109 uecSrc 108 finished at 208809 total messages 1 total packets 16425 RTS 0 total bytes 67112550 in_flight now 0 fair_inc 12353 prop_inc 0 fast_inc 0 eta_inc 11024055 multi_dec -11011972 quick_dec -199306 nack_dec -593450
Flow Uec_3779_0 flowId 82 uecSrc 81 finished at 210056 total messages 1 total packets 16425 RTS 0 total bytes 67112550 in_flight now 0 fair_inc 0 prop_inc 0 fast_inc 0 eta_inc 11102466 multi_dec -11080262 quick_dec -153438 nack_dec -518750
Flow Uec_4389_0 flowId 37 uecSrc 36 finished at 213026 total messages 1 total packets 16425 RTS 0 total bytes 67112550 in_flight now 0 fair_inc 12234 prop_inc 0 fast_inc 0 eta_inc 11253972 multi_dec -11247183 quick_dec -179152 nack_dec -551950
.Flow Uec_2456_0 flowId 44 uecSrc 43 finished at 284053 total messages 1 total packets 16425 RTS 0 total bytes 67112550 in_flight now 0 fair_inc 6128 prop_inc 0 fast_inc 0 eta_inc 14963211 multi_dec -14886009 quick_dec -23736 nack_dec -747000
Flow Uec_7781_0 flowId 59 uecSrc 58 finished at 299695 total messages 1 total packets 16425 RTS 0 total bytes 67112550 in_flight now 0 fair_inc 0 prop_inc 0 fast_inc 0 eta_inc 15817758 multi_dec -15750541 quick_dec -60458 nack_dec -676450
.Flow Uec_7336_0 flowId 19 uecSrc 18 finished at 303347 total messages 1 total packets 16425 RTS 0 total bytes 67112550 in_flight now 0 fair_inc 0 prop_inc 0 fast_inc 0 eta_inc 15999831 multi_dec -15910274 quick_dec -46593 nack_dec -693050
Flow Uec_2574_0 flowId 16 uecSrc 15 finished at 307544 total messages 1 total packets 16425 RTS 0 total bytes 67112550 in_flight now 0 fair_inc 4710 prop_inc 0 fast_inc 0 eta_inc 16193865 multi_dec -16133604 quick_dec -60153 nack_dec -800950
Flow Uec_3907_0 flowId 10 uecSrc 9 finished at 308760 total messages 1 total packets 16425 RTS 0 total bytes 67112550 in_flight now 0 fair_inc 0 prop_inc 0 fast_inc 0 eta_inc 16277592 multi_dec -16198108 quick_dec -13256 nack_dec -747000
Flow Uec_1831_0 flowId 122 uecSrc 121 finished at 309427 total messages 1 total packets 16425 RTS 0 total bytes 67112550 in_flight now 0 fair_inc 5583 prop_inc 0 fast_inc 0 eta_inc 16292211 multi_dec -16212077 quick_dec -23561 nack_dec -817550
Flow Uec_1960_0 flowId 66 uecSrc 65 finished at 310514 total messages 1 total packets 16425 RTS 0 total bytes 67112550 in_flight now 0 fair_inc 11954 prop_inc 0 fast_inc 0 eta_inc 16345371 multi_dec -16275723 quick_dec --39184 nack_dec -834150
Flow Uec_1947_0 flowId 100 uecSrc 99 finished at 310551 total messages 1 total packets 16425 RTS 0 total bytes 67112550 in_flight now 0 fair_inc 6025 prop_inc 0 fast_inc 0 eta_inc 16387899 multi_dec -16330990 quick_dec -87786 nack_dec -697200
Flow Uec_3792_0 flowId 101 uecSrc 100 finished at 310911 total messages 1 total packets 16425 RTS 0 total bytes 67112550 in_flight now 0 fair_inc 5644 prop_inc 0 fast_inc 0 eta_inc 16382583 multi_dec -16315208 quick_dec -27138 nack_dec -805100
Flow Uec_801_0 flowId 17 uecSrc 16 finished at 311277 total messages 1 total packets 16425 RTS 0 total bytes 67112550 in_flight now 0 fair_inc 0 prop_inc 0 fast_inc 0 eta_inc 16430427 multi_dec -16374005 quick_dec -55602 nack_dec -697664
Flow Uec_8145_0 flowId 56 uecSrc 55 finished at 311492 total messages 1 total packets 16425 RTS 0 total bytes 67112550 in_flight now 0 fair_inc 17581 prop_inc 0 fast_inc 0 eta_inc 16411821 multi_dec -16353727 quick_dec -49828 nack_dec -805100
Flow Uec_5562_0 flowId 111 uecSrc 110 finished at 311765 total messages 1 total packets 16425 RTS 0 total bytes 67112550 in_flight now 0 fair_inc 6052 prop_inc 0 fast_inc 0 eta_inc 16439730 multi_dec -16367160 quick_dec -26649 nack_dec -759450
Flow Uec_4703_0 flowId 68 uecSrc 67 finished at 311853 total messages 1 total packets 16425 RTS 0 total bytes 67112550 in_flight now 0 fair_inc 0 prop_inc 0 fast_inc 0 eta_inc 16439730 multi_dec -16352576 quick_dec -27268 nack_dec -747000
Flow Uec_7024_0 flowId 110 uecSrc 109 finished at 311936 total messages 1 total packets 16425 RTS 0 total bytes 67112550 in_flight now 0 fair_inc 0 prop_inc 0 fast_inc 0 eta_inc 16449033 multi_dec -16382600 quick_dec -54395 nack_dec -738700
Flow Uec_1237_0 flowId 31 uecSrc 30 finished at 312008 total messages 1 total packets 16425 RTS 0 total bytes 67112550 in_flight now 0 fair_inc 0 prop_inc 0 fast_inc 0 eta_inc 16447704 multi_dec -16360596 quick_dec -62672 nack_dec -771900
Flow Uec_5481_0 flowId 27 uecSrc 26 finished at 312393 total messages 1 total packets 16425 RTS 0 total bytes 67112550 in_flight now 0 fair_inc 5832 prop_inc 0 fast_inc 0 eta_inc 16468968 multi_dec -16388686 quick_dec -43064 nack_dec -763600
Flow Uec_3459_0 flowId 107 uecSrc 106 finished at 312720 total messages 1 total packets 16425 RTS 0 total bytes 67112550 in_flight now 0 fair_inc 0 prop_inc 0 fast_inc 0 eta_inc 16492890 multi_dec -16411046 quick_dec -46563 nack_dec -747000
Flow Uec_6670_0 flowId 113 uecSrc 112 finished at 312790 total messages 1 total packets 16425 RTS 0 total bytes 67112550 in_flight now 0 fair_inc 17252 prop_inc 0 fast_inc 0 eta_inc 16468968 multi_dec -16380560 quick_dec -40230 nack_dec -850750
Flow Uec_5232_0 flowId 64 uecSrc 63 finished at 313135 total messages 1 total packets 16425 RTS 0 total bytes 67112550 in_flight now 0 fair_inc 5550 prop_inc 0 fast_inc 0 eta_inc 16538076 multi_dec -16477612 quick_dec -107273 nack_dec -664000
Flow Uec_5023_0 flowId 85 uecSrc 84 finished at 313521 total messages 1 total packets 16425 RTS 0 total bytes 67112550 in_flight now 0 fair_inc 0 prop_inc 0 fast_inc 0 eta_inc 16527444 multi_dec -16451655 quick_dec --24362 nack_dec -763600
Flow Uec_2643_0 flowId 20 uecSrc 19 finished at 313666 total messages 1 total packets 16425 RTS 0 total bytes 67112550 in_flight now 0 fair_inc 5772 prop_inc 0 fast_inc 0 eta_inc 16510167 multi_dec -16407521 quick_dec -48050 nack_dec -838300
Flow Uec_2663_0 flowId 34 uecSrc 33 finished at 314487 total messages 1 total packets 16425 RTS 0 total bytes 67112550 in_flight now 0 fair_inc 5636 prop_inc 0 fast_inc 0 eta_inc 16579275 multi_dec -16502019 quick_dec -94859 nack_dec -747000
Flow Uec_6139_0 flowId 69 uecSrc 68 finished at 315105 total messages 1 total packets 16425 RTS 0 total bytes 67112550 in_flight now 0 fair_inc 12396 prop_inc 0 fast_inc 0 eta_inc 16581933 multi_dec -16478751 quick_dec --9770 nack_dec -867350
Flow Uec_3105_0 flowId 45 uecSrc 44 finished at 315160 total messages 1 total packets 16425 RTS 0 total bytes 67112550 in_flight now 0 fair_inc 5966 prop_inc 0 fast_inc 0 eta_inc 16603197 multi_dec -16519844 quick_dec -13965 nack_dec -805100
Flow Uec_7006_0 flowId 87 uecSrc 86 finished at 315752 total messages 1 total packets 16425 RTS 0 total bytes 67112550 in_flight now 0 fair_inc 0 prop_inc 0 fast_inc 0 eta_inc 16635093 multi_dec -16533276 quick_dec -45443 nack_dec -825850
Flow Uec_5461_0 flowId 92 uecSrc 91 finished at 317297 total messages 1 total packets 16425 RTS 0 total bytes 67112550 in_flight now 0 fair_inc 0 prop_inc 0 fast_inc 0 eta_inc 16713504 multi_dec -16591286 quick_dec -33792 nack_dec -813400
Flow Uec_4471_0 flowId 72 uecSrc 71 finished at 319042 total messages 1 total packets 16425 RTS 0 total bytes 67112550 in_flight now 0 fair_inc 0 prop_inc 0 fast_inc 0 eta_inc 16823811 multi_dec -16716244 quick_dec -56260 nack_dec -738700
Flow Uec_2885_0 flowId 124 uecSrc 123 finished at 319057 total messages 1 total packets 16425 RTS 0 total bytes 67112550 in_flight now 0 fair_inc 17670 prop_inc 0 fast_inc 0 eta_inc 16818495 multi_dec -16744274 quick_dec -78248 nack_dec -800950
Flow Uec_448_0 flowId 13 uecSrc 12 finished at 320178 total messages 1 total packets 16425 RTS 0 total bytes 67112550 in_flight now 0 fair_inc 0 prop_inc 0 fast_inc 0 eta_inc 16870326 multi_dec -16752811 quick_dec -94621 nack_dec -784350
Flow Uec_2332_0 flowId 42 uecSrc 41 finished at 321117 total messages 1 total packets 16425 RTS 0 total bytes 67112550 in_flight now 0 fair_inc 0 prop_inc 0 fast_inc 0 eta_inc 16938105 multi_dec -16851020 quick_dec -47065 nack_dec -730400
Flow Uec_124_0 flowId 86 uecSrc 85 finished at 322586 total messages 1 total packets 16425 RTS 0 total bytes 67112550 in_flight now 0 fair_inc 18750 prop_inc 27253 fast_inc 0 eta_inc 20202129 multi_dec -19583402 quick_dec --220221 nack_dec -1850900
Flow Uec_6562_0 flowId 33 uecSrc 32 finished at 322935 total messages 1 total packets 16425 RTS 0 total bytes 67112550 in_flight now 0 fair_inc 0 prop_inc 0 fast_inc 0 eta_inc 17036451 multi_dec -16938284 quick_dec -50624 nack_dec -734550
Flow Uec_334_0 flowId 4 uecSrc 3 finished at 323048 total messages 1 total packets 16425 RTS 0 total bytes 67112550 in_flight now 0 fair_inc 17678 prop_inc 0 fast_inc 0 eta_inc 17025819 multi_dec -16930362 quick_dec -65408 nack_dec -813400
Flow Uec_700_0 flowId 119 uecSrc 118 finished at 323194 total messages 1 total packets 16425 RTS 0 total bytes 67112550 in_flight now 0 fair_inc 4710 prop_inc 0 fast_inc 0 eta_inc 17041767 multi_dec -16904144 quick_dec -113812 nack_dec -784350
Flow Uec_215_0 flowId 117 uecSrc 116 finished at 323966 total messages 1 total packets 16425 RTS 0 total bytes 67112550 in_flight now 0 fair_inc 0 prop_inc 32596 fast_inc 0 eta_inc 20327055 multi_dec -19671697 quick_dec --137136 nack_dec -1664150
Flow Uec_190_0 flowId 65 uecSrc 64 finished at 324944 total messages 1 total packets 16425 RTS 0 total bytes 67112550 in_flight now 0 fair_inc 0 prop_inc 24900 fast_inc 0 eta_inc 20377557 multi_dec -19736685 quick_dec --140690 nack_dec -1759600
Flow Uec_6209_0 flowId 120 uecSrc 119 finished at 326824 total messages 1 total packets 16425 RTS 0 total bytes 67112550 in_flight now 0 fair_inc 11927 prop_inc 0 fast_inc 0 eta_inc 17235801 multi_dec -17138256 quick_dec -91975 nack_dec -796800
Flow Uec_7252_0 flowId 62 uecSrc 61 finished at 327261 total messages 1 total packets 16425 RTS 0 total bytes 67112550 in_flight now 0 fair_inc 0 prop_inc 0 fast_inc 0 eta_inc 17277000 multi_dec -17150435 quick_dec -85758 nack_dec -726250
Flow Uec_5964_0 flowId 79 uecSrc 78 finished at 328601 total messages 1 total packets 16425 RTS 0 total bytes 67112550 in_flight now 0 fair_inc 0 prop_inc 0 fast_inc 0 eta_inc 17328831 multi_dec -17199013 quick_dec -69406 nack_dec -784350
Flow Uec_6466_0 flowId 32 uecSrc 31 finished at 329338 total messages 1 total packets 16425 RTS 0 total bytes 67112550 in_flight now 0 fair_inc 11051 prop_inc 0 fast_inc 0 eta_inc 17387307 multi_dec -17306801 quick_dec -93995 nack_dec -759450
Flow Uec_5449_0 flowId 47 uecSrc 46 finished at 330751 total messages 1 total packets 16425 RTS 0 total bytes 67112550 in_flight now 0 fair_inc 11931 prop_inc 0 fast_inc 0 eta_inc 17441796 multi_dec -17290958 quick_dec -134716 nack_dec -817550
Flow Uec_2050_0 flowId 106 uecSrc 105 finished at 331458 total messages 1 total packets 16425 RTS 0 total bytes 67112550 in_flight now 0 fair_inc 13024 prop_inc 0 fast_inc 0 eta_inc 17479008 multi_dec -17366735 quick_dec -111260 nack_dec -825850
Flow Uec_7568_0 flowId 25 uecSrc 24 finished at 333276 total messages 1 total packets 16425 RTS 0 total bytes 67112550 in_flight now 0 fair_inc 12133 prop_inc 0 fast_inc 0 eta_inc 17564064 multi_dec -17403037 quick_dec -72406 nack_dec -879800
Flow Uec_7051_0 flowId 18 uecSrc 17 finished at 336196 total messages 1 total packets 16425 RTS 0 total bytes 67112550 in_flight now 0 fair_inc 38862 prop_inc 0 fast_inc 0 eta_inc 17736834 multi_dec -17680563 quick_dec -102849 nack_dec -854900
Flow Uec_6595_0 flowId 70 uecSrc 69 finished at 336790 total messages 1 total packets 16425 RTS 0 total bytes 67112550 in_flight now 0 fair_inc 50987 prop_inc 0 fast_inc 0 eta_inc 17759427 multi_dec -17666328 quick_dec -92387 nack_dec -896400
Flow Uec_2319_0 flowId 12 uecSrc 11 finished at 336878 total messages 1 total packets 16425 RTS 0 total bytes 67112550 in_flight now 0 fair_inc 38204 prop_inc 0 fast_inc 0 eta_inc 17767401 multi_dec -17699742 quick_dec -85040 nack_dec -846600
Flow Uec_4421_0 flowId 23 uecSrc 22 finished at 337031 total messages 1 total packets 16425 RTS 0 total bytes 67112550 in_flight now 0 fair_inc 34028 prop_inc 0 fast_inc 0 eta_inc 17780691 multi_dec -17657514 quick_dec -95445 nack_dec -830000
Flow Uec_5992_0 flowId 108 uecSrc 107 finished at 337244 total messages 1 total packets 16425 RTS 0 total bytes 67112550 in_flight now 0 fair_inc 52070 prop_inc 0 fast_inc 0 eta_inc 17780691 multi_dec -17666830 quick_dec -113768 nack_dec -863200
Flow Uec_3054_0 flowId 126 uecSrc 125 finished at 338284 total messages 1 total packets 16425 RTS 0 total bytes 67112550 in_flight now 0 fair_inc 67774 prop_inc 0 fast_inc 0 eta_inc 17849799 multi_dec -17798653 quick_dec -140002 nack_dec -846600
Flow Uec_5095_0 flowId 127 uecSrc 126 finished at 339059 total messages 1 total packets 16425 RTS 0 total bytes 67112550 in_flight now 0 fair_inc 52137 prop_inc 0 fast_inc 0 eta_inc 17920236 multi_dec -17867592 quick_dec -123625 nack_dec -784350
Flow Uec_1866_0 flowId 98 uecSrc 97 finished at 340000 total messages 1 total packets 16425 RTS 0 total bytes 67112550 in_flight now 0 fair_inc 77425 prop_inc 0 fast_inc 0 eta_inc 17941500 multi_dec -17929199 quick_dec -44306 nack_dec -883950
Flow Uec_5358_0 flowId 28 uecSrc 27 finished at 340788 total messages 1 total packets 16425 RTS 0 total bytes 67112550 in_flight now 0 fair_inc 49881 prop_inc 0 fast_inc 0 eta_inc 17993331 multi_dec -17878503 quick_dec -100128 nack_dec -825850
Flow Uec_7207_0 flowId 57 uecSrc 56 finished at 341185 total messages 1 total packets 16425 RTS 0 total bytes 67112550 in_flight now 0 fair_inc 109215 prop_inc 0 fast_inc 0 eta_inc 18033201 multi_dec -18036142 quick_dec -188665 nack_dec -800950
Flow Uec_2504_0 flowId 102 uecSrc 101 finished at 341511 total messages 1 total packets 16425 RTS 0 total bytes 67112550 in_flight now 0 fair_inc 73479 prop_inc 0 fast_inc 0 eta_inc 17997318 multi_dec -17841367 quick_dec -108546 nack_dec -946200
Flow Uec_4270_0 flowId 115 uecSrc 114 finished at 341598 total messages 1 total packets 16425 RTS 0 total bytes 67112550 in_flight now 0 fair_inc 58940 prop_inc 0 fast_inc 0 eta_inc 18043833 multi_dec -17992881 quick_dec -137860 nack_dec -800950
Flow Uec_4541_0 flowId 121 uecSrc 120 finished at 342570 total messages 1 total packets 16425 RTS 0 total bytes 67112550 in_flight now 0 fair_inc 142496 prop_inc 0 fast_inc 0 eta_inc 18086361 multi_dec -18071948 quick_dec -121573 nack_dec -904700
Flow Uec_4479_0 flowId 60 uecSrc 59 finished at 343055 total messages 1 total packets 16425 RTS 0 total bytes 67112550 in_flight now 0 fair_inc 102167 prop_inc 0 fast_inc 0 eta_inc 18116928 multi_dec -18004995 quick_dec -197355 nack_dec -896400
Flow Uec_5065_0 flowId 97 uecSrc 96 finished at 344070 total messages 1 total packets 16425 RTS 0 total bytes 67112550 in_flight now 0 fair_inc 102854 prop_inc 186 fast_inc 0 eta_inc 18176733 multi_dec -18110703 quick_dec -103219 nack_dec -854900
Flow Uec_6700_0 flowId 61 uecSrc 60 finished at 344105 total messages 1 total packets 16425 RTS 0 total bytes 67112550 in_flight now 0 fair_inc 182566 prop_inc 1299 fast_inc 0 eta_inc 18160785 multi_dec -18155541 quick_dec -141821 nack_dec -1020900
Flow Uec_6756_0 flowId 63 uecSrc 62 finished at 344487 total messages 1 total packets 16425 RTS 0 total bytes 67112550 in_flight now 0 fair_inc 104977 prop_inc 483 fast_inc 0 eta_inc 18178062 multi_dec -18117583 quick_dec -118792 nack_dec -908850
Flow Uec_4163_0 flowId 52 uecSrc 51 finished at 344559 total messages 1 total packets 16425 RTS 0 total bytes 67112550 in_flight now 0 fair_inc 99613 prop_inc 878 fast_inc 0 eta_inc 18190023 multi_dec -18047071 quick_dec -184169 nack_dec -871500
Flow Uec_6884_0 flowId 14 uecSrc 13 finished at 344669 total messages 1 total packets 16425 RTS 0 total bytes 67112550 in_flight now 0 fair_inc 145542 prop_inc 0 fast_inc 0 eta_inc 18209958 multi_dec -18179809 quick_dec -167784 nack_dec -908850
Flow Uec_3239_0 flowId 15 uecSrc 14 finished at 344793 total messages 1 total packets 16425 RTS 0 total bytes 67112550 in_flight now 0 fair_inc 102905 prop_inc 449 fast_inc 0 eta_inc 18191352 multi_dec -18143452 quick_dec -96915 nack_dec -896400
Flow Uec_4524_0 flowId 7 uecSrc 6 finished at 345375 total messages 1 total packets 16425 RTS 0 total bytes 67112550 in_flight now 0 fair_inc 190208 prop_inc 42 fast_inc 0 eta_inc 18207300 multi_dec -18185501 quick_dec -242202 nack_dec -1029200
Flow Uec_4025_0 flowId 93 uecSrc 92 finished at 345884 total messages 1 total packets 16425 RTS 0 total bytes 67112550 in_flight now 0 fair_inc 138562 prop_inc 41 fast_inc 0 eta_inc 18273750 multi_dec -18300666 quick_dec -164870 nack_dec -854900
Flow Uec_1748_0 flowId 6 uecSrc 5 finished at 345939 total messages 1 total packets 16425 RTS 0 total bytes 67112550 in_flight now 0 fair_inc 154051 prop_inc 239 fast_inc 0 eta_inc 18253815 multi_dec -18181025 quick_dec -183099 nack_dec -958650
Flow Uec_477_0 flowId 40 uecSrc 39 finished at 346021 total messages 1 total packets 16425 RTS 0 total bytes 67112550 in_flight now 0 fair_inc 169202 prop_inc 590 fast_inc 0 eta_inc 18273750 multi_dec -18334081 quick_dec -159609 nack_dec -958650
Flow Uec_4190_0 flowId 30 uecSrc 29 finished at 346242 total messages 1 total packets 16425 RTS 0 total bytes 67112550 in_flight now 0 fair_inc 203181 prop_inc 515 fast_inc 0 eta_inc 18293685 multi_dec -18395388 quick_dec -201296 nack_dec -913000
Flow Uec_904_0 flowId 49 uecSrc 48 finished at 346369 total messages 1 total packets 16425 RTS 0 total bytes 67112550 in_flight now 0 fair_inc 112585 prop_inc 1887 fast_inc 0 eta_inc 18299001 multi_dec -18277243 quick_dec -186024 nack_dec -850750
Flow Uec_2096_0 flowId 103 uecSrc 102 finished at 346496 total messages 1 total packets 16425 RTS 0 total bytes 67112550 in_flight now 0 fair_inc 155235 prop_inc 624 fast_inc 0 eta_inc 18283053 multi_dec -18241296 quick_dec -152648 nack_dec -971100
Flow Uec_5372_0 flowId 128 uecSrc 127 finished at 346874 total messages 1 total packets 16425 RTS 0 total bytes 67112550 in_flight now 0 fair_inc 220863 prop_inc 236 fast_inc 0 eta_inc 18309633 multi_dec -18501670 quick_dec -117455 nack_dec -946200
Flow Uec_4500_0 flowId 112 uecSrc 111 finished at 347019 total messages 1 total packets 16425 RTS 0 total bytes 67112550 in_flight now 0 fair_inc 208301 prop_inc 3319 fast_inc 0 eta_inc 18333555 multi_dec -18394231 quick_dec -241145 nack_dec -917150
Flow Uec_2423_0 flowId 74 uecSrc 73 finished at 347201 total messages 1 total packets 16425 RTS 0 total bytes 67112550 in_flight now 0 fair_inc 131148 prop_inc 2468 fast_inc 0 eta_inc 18328239 multi_dec -18222512 quick_dec -219420 nack_dec -946200
Flow Uec_7509_0 flowId 21 uecSrc 20 finished at 347704 total messages 1 total packets 16425 RTS 0 total bytes 67112550 in_flight now 0 fair_inc 216009 prop_inc 3239 fast_inc 0 eta_inc 18368109 multi_dec -18449979 quick_dec -186072 nack_dec -913000
Flow Uec_5881_0 flowId 123 uecSrc 122 finished at 347752 total messages 1 total packets 16425 RTS 0 total bytes 67112550 in_flight now 0 fair_inc 138062 prop_inc 1065 fast_inc 0 eta_inc 18380070 multi_dec -18350058 quick_dec -190277 nack_dec -896400
Flow Uec_4509_0 flowId 83 uecSrc 82 finished at 347871 total messages 1 total packets 16425 RTS 0 total bytes 67112550 in_flight now 0 fair_inc 240758 prop_inc 1727 fast_inc 0 eta_inc 18360135 multi_dec -18427041 quick_dec -194926 nack_dec -958650
Flow Uec_7885_0 flowId 105 uecSrc 104 finished at 348002 total messages 1 total packets 16425 RTS 0 total bytes 67112550 in_flight now 0 fair_inc 166902 prop_inc 4892 fast_inc 0 eta_inc 18384057 multi_dec -18395793 quick_dec -145768 nack_dec -954500
Flow Uec_1906_0 flowId 39 uecSrc 38 finished at 348017 total messages 1 total packets 16425 RTS 0 total bytes 67112550 in_flight now 0 fair_inc 214740 prop_inc 2972 fast_inc 0 eta_inc 18392031 multi_dec -18427023 quick_dec -296922 nack_dec -925450
Flow Uec_6202_0 flowId 95 uecSrc 94 finished at 348065 total messages 1 total packets 16425 RTS 0 total bytes 67112550 in_flight now 0 fair_inc 172504 prop_inc 4810 fast_inc 0 eta_inc 18386715 multi_dec -18375239 quick_dec -205222 nack_dec -925450
Flow Uec_3634_0 flowId 9 uecSrc 8 finished at 348147 total messages 1 total packets 16425 RTS 0 total bytes 67112550 in_flight now 0 fair_inc 205084 prop_inc 5383 fast_inc 0 eta_inc 18381399 multi_dec -18365276 quick_dec -196991 nack_dec -1008450
Flow Uec_5662_0 flowId 84 uecSrc 83 finished at 348155 total messages 1 total packets 16425 RTS 0 total bytes 67112550 in_flight now 0 fair_inc 139805 prop_inc 5087 fast_inc 0 eta_inc 18394689 multi_dec -18411473 quick_dec -162834 nack_dec -888100
Flow Uec_7122_0 flowId 118 uecSrc 117 finished at 348318 total messages 1 total packets 16425 RTS 0 total bytes 67112550 in_flight now 0 fair_inc 153704 prop_inc 2319 fast_inc 0 eta_inc 18388044 multi_dec -18291552 quick_dec -198395 nack_dec -937900
Flow Uec_6432_0 flowId 116 uecSrc 115 finished at 348319 total messages 1 total packets 16425 RTS 0 total bytes 67112550 in_flight now 0 fair_inc 201706 prop_inc 3740 fast_inc 0 eta_inc 18388044 multi_dec -18286116 quick_dec -260675 nack_dec -1033814
Flow Uec_4158_0 flowId 22 uecSrc 21 finished at 348322 total messages 1 total packets 16425 RTS 0 total bytes 67112550 in_flight now 0 fair_inc 196762 prop_inc 4763 fast_inc 0 eta_inc 18396018 multi_dec -18352220 quick_dec -268116 nack_dec -958650
Flow Uec_7402_0 flowId 41 uecSrc 40 finished at 348400 total messages 1 total packets 16425 RTS 0 total bytes 67112550 in_flight now 0 fair_inc 186273 prop_inc 6882 fast_inc 0 eta_inc 18405321 multi_dec -18387440 quick_dec -198544 nack_dec -883950
Flow Uec_1899_0 flowId 80 uecSrc 79 finished at 348401 total messages 1 total packets 16425 RTS 0 total bytes 67112550 in_flight now 0 fair_inc 183164 prop_inc 8309 fast_inc 0 eta_inc 18398676 multi_dec -18357267 quick_dec -163142 nack_dec -950350
Flow Uec_1785_0 flowId 5 uecSrc 4 finished at 348419 total messages 1 total packets 16425 RTS 0 total bytes 67112550 in_flight now 0 fair_inc 121056 prop_inc 6043 fast_inc 0 eta_inc 18393360 multi_dec -18259682 quick_dec -217840 nack_dec -954500
Flow Uec_1760_0 flowId 71 uecSrc 70 finished at 348422 total messages 1 total packets 16425 RTS 0 total bytes 67112550 in_flight now 0 fair_inc 189272 prop_inc 6870 fast_inc 0 eta_inc 18393360 multi_dec -18356025 quick_dec -231196 nack_dec -950350
Flow Uec_523_0 flowId 43 uecSrc 42 finished at 348470 total messages 1 total packets 16425 RTS 0 total bytes 67112550 in_flight now 0 fair_inc 175444 prop_inc 11557 fast_inc 0 eta_inc 18398676 multi_dec -18359880 quick_dec -179121 nack_dec -929600
Flow Uec_6489_0 flowId 54 uecSrc 53 finished at 348506 total messages 1 total packets 16425 RTS 0 total bytes 67112550 in_flight now 0 fair_inc 258165 prop_inc 6745 fast_inc 0 eta_inc 18406650 multi_dec -18503874 quick_dec -261403 nack_dec -954500
Flow Uec_6850_0 flowId 125 uecSrc 124 finished at 348517 total messages 1 total packets 16425 RTS 0 total bytes 67112550 in_flight now 0 fair_inc 190551 prop_inc 3317 fast_inc 0 eta_inc 18405321 multi_dec -18394349 quick_dec -199530 nack_dec -908850
Flow Uec_3355_0 flowId 81 uecSrc 80 finished at 348601 total messages 1 total packets 16425 RTS 0 total bytes 67112550 in_flight now 0 fair_inc 226367 prop_inc 11901 fast_inc 0 eta_inc 18406650 multi_dec -18421219 quick_dec -263075 nack_dec -962800
Flow Uec_4969_0 flowId 26 uecSrc 25 finished at 348707 total messages 1 total packets 16425 RTS 0 total bytes 67112550 in_flight now 0 fair_inc 268770 prop_inc 11059 fast_inc 0 eta_inc 18415953 multi_dec -18460285 quick_dec -185620 nack_dec -991850
Flow Uec_1285_0 flowId 38 uecSrc 37 finished at 348760 total messages 1 total packets 16425 RTS 0 total bytes 67112550 in_flight now 0 fair_inc 176892 prop_inc 9286 fast_inc 0 eta_inc 18449178 multi_dec -18438274 quick_dec -255704 nack_dec -838300
Flow Uec_1463_0 flowId 96 uecSrc 95 finished at 348765 total messages 1 total packets 16425 RTS 0 total bytes 67112550 in_flight now 0 fair_inc 164480 prop_inc 10322 fast_inc 0 eta_inc 18382728 multi_dec -18244694 quick_dec -217022 nack_dec -1045800
Flow Uec_5367_0 flowId 51 uecSrc 50 finished at 348772 total messages 1 total packets 16425 RTS 0 total bytes 67112550 in_flight now 0 fair_inc 199905 prop_inc 10626 fast_inc 0 eta_inc 18417282 multi_dec -18442076 quick_dec -200731 nack_dec -966950
Flow Uec_2687_0 flowId 36 uecSrc 35 finished at 348775 total messages 1 total packets 16425 RTS 0 total bytes 67112550 in_flight now 0 fair_inc 253233 prop_inc 5273 fast_inc 0 eta_inc 18434559 multi_dec -18396165 quick_dec -226717 nack_dec -937900
Flow Uec_5617_0 flowId 88 uecSrc 87 finished at 348782 total messages 1 total packets 16425 RTS 0 total bytes 67112550 in_flight now 0 fair_inc 177334 prop_inc 9798 fast_inc 0 eta_inc 18403992 multi_dec -18345942 quick_dec -171172 nack_dec -946200
Flow Uec_8076_0 flowId 104 uecSrc 103 finished at 348906 total messages 1 total packets 16425 RTS 0 total bytes 67112550 in_flight now 0 fair_inc 120245 prop_inc 17939 fast_inc 0 eta_inc 18415953 multi_dec -18221796 quick_dec -189494 nack_dec -1004300
Flow Uec_7927_0 flowId 58 uecSrc 57 finished at 348913 total messages 1 total packets 16425 RTS 0 total bytes 67112550 in_flight now 0 fair_inc 175499 prop_inc 13063 fast_inc 0 eta_inc 18430572 multi_dec -18360481 quick_dec -231538 nack_dec -979400
Flow Uec_2554_0 flowId 50 uecSrc 49 finished at 348956 total messages 1 total packets 16425 RTS 0 total bytes 67112550 in_flight now 0 fair_inc 255268 prop_inc 26225 fast_inc 0 eta_inc 18426585 multi_dec -18341162 quick_dec -268290 nack_dec -1074850
Flow Uec_2477_0 flowId 67 uecSrc 66 finished at 348977 total messages 1 total packets 16425 RTS 0 total bytes 67112550 in_flight now 0 fair_inc 214937 prop_inc 22067 fast_inc 0 eta_inc 18403992 multi_dec -18248527 quick_dec -267413 nack_dec -1087300
Flow Uec_2732_0 flowId 94 uecSrc 93 finished at 348984 total messages 1 total packets 16425 RTS 0 total bytes 67112550 in_flight now 0 fair_inc 176791 prop_inc 29037 fast_inc 0 eta_inc 18427914 multi_dec -18335057 quick_dec -169574 nack_dec -971100
Flow Uec_4097_0 flowId 53 uecSrc 52 finished at 349001 total messages 1 total packets 16425 RTS 0 total bytes 67112550 in_flight now 0 fair_inc 208443 prop_inc 29379 fast_inc 0 eta_inc 18421269 multi_dec -18337786 quick_dec -145704 nack_dec -975250
Flow Uec_2745_0 flowId 55 uecSrc 54 finished at 349009 total messages 1 total packets 16425 RTS 0 total bytes 67112550 in_flight now 0 fair_inc 277115 prop_inc 66695 fast_inc 20497 eta_inc 18426585 multi_dec -18348854 quick_dec -274256 nack_dec -1033350
Flow Uec_5572_0 flowId 24 uecSrc 23 finished at 349082 total messages 1 total packets 16425 RTS 0 total bytes 67112550 in_flight now 0 fair_inc 192721 prop_inc 61806 fast_inc 677422 eta_inc 18430572 multi_dec -18261638 quick_dec -241607 nack_dec -975250
New: 2102400 Rtx: 25833 RTS: 0 Bounced: 0 ACKs: 2102040 NACKs: 25833 Pulls: 0 sleek_pkts: 0
SPURIOUS_COUNT 0
