.Flow Uec_8170_0 flowId 22 uecSrc 21 finished at 50572.5 total messages 1 total packets 16425 RTS 0 total bytes 67112550 in_flight now 0 fair_inc 5695 prop_inc 0 fast_inc 0 eta_inc 1329 multi_dec -0 quick_dec -60476 nack_dec -502150
Flow Uec_8187_0 flowId 5 uecSrc 4 finished at 65915.7 total messages 1 total packets 16425 RTS 0 total bytes 67112550 in_flight now 0 fair_inc 15467 prop_inc 0 fast_inc 0 eta_inc 3987 multi_dec -0 quick_dec -43876 nack_dec -489700
Flow Uec_8162_0 flowId 30 uecSrc 29 finished at 72903.3 total messages 1 total packets 16425 RTS 0 total bytes 67112550 in_flight now 0 fair_inc 41572 prop_inc 0 fast_inc 0 eta_inc 13290 multi_dec -0 quick_dec -64626 nack_dec -522900
Flow Uec_8158_0 flowId 34 uecSrc 33 finished at 86058.9 total messages 1 total packets 16425 RTS 0 total bytes 67112550 in_flight now 0 fair_inc 56674 prop_inc 0 fast_inc 0 eta_inc 19935 multi_dec -0 quick_dec -45205 nack_dec -527050
.Flow Uec_8128_0 flowId 64 uecSrc 63 finished at 147215 total messages 1 total packets 16425 RTS 0 total bytes 67112550 in_flight now 0 fair_inc 432901 prop_inc 159 fast_inc 0 eta_inc 8047095 multi_dec -8653970 quick_dec -143893 nack_dec -763600
Flow Uec_8159_0 flowId 33 uecSrc 32 finished at 148135 total messages 1 total packets 16425 RTS 0 total bytes 67112550 in_flight now 0 fair_inc 411399 prop_inc 525 fast_inc 0 eta_inc 8097597 multi_dec -8493213 quick_dec -288175 nack_dec -854900
.Flow Uec_8185_0 flowId 7 uecSrc 6 finished at 153261 total messages 1 total packets 16425 RTS 0 total bytes 67112550 in_flight now 0 fair_inc 416845 prop_inc 218 fast_inc 0 eta_inc 8379345 multi_dec -8935482 quick_dec -218938 nack_dec -776050
Flow Uec_8130_0 flowId 62 uecSrc 61 finished at 155380 total messages 1 total packets 16425 RTS 0 total bytes 67112550 in_flight now 0 fair_inc 543228 prop_inc 956 fast_inc 0 eta_inc 8477691 multi_dec -9166221 quick_dec -115144 nack_dec -821700
Flow Uec_8181_0 flowId 11 uecSrc 10 finished at 158352 total messages 1 total packets 16425 RTS 0 total bytes 67112550 in_flight now 0 fair_inc 434207 prop_inc 953 fast_inc 0 eta_inc 8642487 multi_dec -9034175 quick_dec -355153 nack_dec -908850
Flow Uec_8137_0 flowId 55 uecSrc 54 finished at 159417 total messages 1 total packets 16425 RTS 0 total bytes 67112550 in_flight now 0 fair_inc 666998 prop_inc 1614 fast_inc 0 eta_inc 8702292 multi_dec -9311575 quick_dec -335881 nack_dec -933750
Flow Uec_8184_0 flowId 8 uecSrc 7 finished at 167417 total messages 1 total packets 16425 RTS 0 total bytes 67112550 in_flight now 0 fair_inc 667394 prop_inc 0 fast_inc 0 eta_inc 9152823 multi_dec -10073004 quick_dec -208353 nack_dec -1020900
Flow Uec_8186_0 flowId 6 uecSrc 5 finished at 168884 total messages 1 total packets 16425 RTS 0 total bytes 67112550 in_flight now 0 fair_inc 580667 prop_inc 36 fast_inc 0 eta_inc 9221931 multi_dec -9936488 quick_dec -218108 nack_dec -921300
Flow Uec_8156_0 flowId 36 uecSrc 35 finished at 169037 total messages 1 total packets 16425 RTS 0 total bytes 67112550 in_flight now 0 fair_inc 597880 prop_inc 3489 fast_inc 0 eta_inc 9223260 multi_dec -9875241 quick_dec -345676 nack_dec -991850
Flow Uec_8151_0 flowId 41 uecSrc 40 finished at 169538 total messages 1 total packets 16425 RTS 0 total bytes 67112550 in_flight now 0 fair_inc 684353 prop_inc 288 fast_inc 0 eta_inc 9243195 multi_dec -9998816 quick_dec -236411 nack_dec -1012600
Flow Uec_8161_0 flowId 31 uecSrc 30 finished at 169577 total messages 1 total packets 16425 RTS 0 total bytes 67112550 in_flight now 0 fair_inc 690971 prop_inc 1625 fast_inc 0 eta_inc 9259143 multi_dec -9990342 quick_dec -378205 nack_dec -1000150
Flow Uec_8157_0 flowId 35 uecSrc 34 finished at 169761 total messages 1 total packets 16425 RTS 0 total bytes 67112550 in_flight now 0 fair_inc 636810 prop_inc 2454 fast_inc 0 eta_inc 9271104 multi_dec -10044157 quick_dec -312702 nack_dec -975250
Flow Uec_8166_0 flowId 26 uecSrc 25 finished at 169917 total messages 1 total packets 16425 RTS 0 total bytes 67112550 in_flight now 0 fair_inc 610610 prop_inc 566 fast_inc 0 eta_inc 9271104 multi_dec -10116649 quick_dec -181128 nack_dec -904700
Flow Uec_8138_0 flowId 54 uecSrc 53 finished at 170016 total messages 1 total packets 16425 RTS 0 total bytes 67112550 in_flight now 0 fair_inc 572472 prop_inc 1061 fast_inc 0 eta_inc 9273762 multi_dec -9943492 quick_dec -237826 nack_dec -958650
Flow Uec_8165_0 flowId 27 uecSrc 26 finished at 170425 total messages 1 total packets 16425 RTS 0 total bytes 67112550 in_flight now 0 fair_inc 706333 prop_inc 1 fast_inc 0 eta_inc 9309645 multi_dec -10216040 quick_dec -270235 nack_dec -996000
Flow Uec_8178_0 flowId 14 uecSrc 13 finished at 170500 total messages 1 total packets 16425 RTS 0 total bytes 67112550 in_flight now 0 fair_inc 740214 prop_inc 0 fast_inc 0 eta_inc 9296355 multi_dec -10149018 quick_dec -319306 nack_dec -1091450
Flow Uec_8175_0 flowId 17 uecSrc 16 finished at 170864 total messages 1 total packets 16425 RTS 0 total bytes 67112550 in_flight now 0 fair_inc 705277 prop_inc 1732 fast_inc 0 eta_inc 9318948 multi_dec -10291764 quick_dec -256676 nack_dec -962800
Flow Uec_8141_0 flowId 51 uecSrc 50 finished at 171103 total messages 1 total packets 16425 RTS 0 total bytes 67112550 in_flight now 0 fair_inc 796593 prop_inc 2343 fast_inc 0 eta_inc 9329580 multi_dec -10346278 quick_dec -356914 nack_dec -942050
Flow Uec_8183_0 flowId 9 uecSrc 8 finished at 171759 total messages 1 total packets 16425 RTS 0 total bytes 67112550 in_flight now 0 fair_inc 614239 prop_inc 1571 fast_inc 0 eta_inc 9380082 multi_dec -9952946 quick_dec -389159 nack_dec -1029200
Flow Uec_8140_0 flowId 52 uecSrc 51 finished at 171825 total messages 1 total packets 16425 RTS 0 total bytes 67112550 in_flight now 0 fair_inc 746330 prop_inc 121 fast_inc 0 eta_inc 9392043 multi_dec -10330013 quick_dec -385497 nack_dec -1070700
Flow Uec_8173_0 flowId 19 uecSrc 18 finished at 171912 total messages 1 total packets 16425 RTS 0 total bytes 67112550 in_flight now 0 fair_inc 738173 prop_inc 1542 fast_inc 0 eta_inc 9388056 multi_dec -10311904 quick_dec -336974 nack_dec -1054100
Flow Uec_8147_0 flowId 45 uecSrc 44 finished at 171993 total messages 1 total packets 16425 RTS 0 total bytes 67112550 in_flight now 0 fair_inc 685664 prop_inc 552 fast_inc 0 eta_inc 9378753 multi_dec -10314034 quick_dec -209682 nack_dec -1000150
Flow Uec_8180_0 flowId 12 uecSrc 11 finished at 172380 total messages 1 total packets 16425 RTS 0 total bytes 67112550 in_flight now 0 fair_inc 634717 prop_inc 3622 fast_inc 0 eta_inc 9392043 multi_dec -10097794 quick_dec -311239 nack_dec -1070700
Flow Uec_8179_0 flowId 13 uecSrc 12 finished at 172767 total messages 1 total packets 16425 RTS 0 total bytes 67112550 in_flight now 0 fair_inc 698956 prop_inc 1120 fast_inc 0 eta_inc 9423939 multi_dec -10332416 quick_dec -253668 nack_dec -987700
Flow Uec_8131_0 flowId 61 uecSrc 60 finished at 172839 total messages 1 total packets 16425 RTS 0 total bytes 67112550 in_flight now 0 fair_inc 659454 prop_inc 2338 fast_inc 0 eta_inc 9411978 multi_dec -10291924 quick_dec -325926 nack_dec -983550
Flow Uec_8182_0 flowId 10 uecSrc 9 finished at 172895 total messages 1 total packets 16425 RTS 0 total bytes 67112550 in_flight now 0 fair_inc 664214 prop_inc 3226 fast_inc 0 eta_inc 9430584 multi_dec -10226824 quick_dec -312172 nack_dec -962800
Flow Uec_8148_0 flowId 44 uecSrc 43 finished at 172926 total messages 1 total packets 16425 RTS 0 total bytes 67112550 in_flight now 0 fair_inc 772121 prop_inc 4242 fast_inc 0 eta_inc 9422610 multi_dec -10339731 quick_dec -273176 nack_dec -1141250
Flow Uec_8188_0 flowId 4 uecSrc 3 finished at 172931 total messages 1 total packets 16425 RTS 0 total bytes 67112550 in_flight now 0 fair_inc 745276 prop_inc 858 fast_inc 0 eta_inc 9429255 multi_dec -10298103 quick_dec -420832 nack_dec -1070700
Flow Uec_8145_0 flowId 47 uecSrc 46 finished at 173015 total messages 1 total packets 16425 RTS 0 total bytes 67112550 in_flight now 0 fair_inc 677542 prop_inc 0 fast_inc 0 eta_inc 9446532 multi_dec -10383920 quick_dec -344802 nack_dec -975250
Flow Uec_8172_0 flowId 20 uecSrc 19 finished at 173307 total messages 1 total packets 16425 RTS 0 total bytes 67112550 in_flight now 0 fair_inc 685184 prop_inc 1205 fast_inc 0 eta_inc 9451848 multi_dec -10351704 quick_dec -261118 nack_dec -1037500
Flow Uec_8133_0 flowId 59 uecSrc 58 finished at 173340 total messages 1 total packets 16425 RTS 0 total bytes 67112550 in_flight now 0 fair_inc 758571 prop_inc 571 fast_inc 0 eta_inc 9453177 multi_dec -10386408 quick_dec -315670 nack_dec -1203500
Flow Uec_8143_0 flowId 49 uecSrc 48 finished at 173358 total messages 1 total packets 16425 RTS 0 total bytes 67112550 in_flight now 0 fair_inc 791927 prop_inc 2491 fast_inc 0 eta_inc 9459822 multi_dec -10342926 quick_dec -293999 nack_dec -1008450
Flow Uec_8135_0 flowId 57 uecSrc 56 finished at 173389 total messages 1 total packets 16425 RTS 0 total bytes 67112550 in_flight now 0 fair_inc 528606 prop_inc 3194 fast_inc 0 eta_inc 9469125 multi_dec -10012948 quick_dec -286368 nack_dec -962800
Flow Uec_8134_0 flowId 58 uecSrc 57 finished at 173462 total messages 1 total packets 16425 RTS 0 total bytes 67112550 in_flight now 0 fair_inc 699215 prop_inc 31727 fast_inc 0 eta_inc 9455835 multi_dec -10237306 quick_dec -331518 nack_dec -1070700
Flow Uec_8149_0 flowId 43 uecSrc 42 finished at 173520 total messages 1 total packets 16425 RTS 0 total bytes 67112550 in_flight now 0 fair_inc 754774 prop_inc 1602 fast_inc 0 eta_inc 9473112 multi_dec -10433056 quick_dec -260556 nack_dec -1045800
Flow Uec_8155_0 flowId 37 uecSrc 36 finished at 173575 total messages 1 total packets 16425 RTS 0 total bytes 67112550 in_flight now 0 fair_inc 666429 prop_inc 4264 fast_inc 0 eta_inc 9463809 multi_dec -10110407 quick_dec -221234 nack_dec -1083150
Flow Uec_8174_0 flowId 18 uecSrc 17 finished at 173625 total messages 1 total packets 16425 RTS 0 total bytes 67112550 in_flight now 0 fair_inc 663770 prop_inc 3013 fast_inc 0 eta_inc 9477099 multi_dec -10238308 quick_dec -316889 nack_dec -1020900
Flow Uec_8169_0 flowId 23 uecSrc 22 finished at 173626 total messages 1 total packets 16425 RTS 0 total bytes 67112550 in_flight now 0 fair_inc 719611 prop_inc 1645 fast_inc 0 eta_inc 9475770 multi_dec -10278607 quick_dec -344451 nack_dec -1004300
Flow Uec_8177_0 flowId 15 uecSrc 14 finished at 173710 total messages 1 total packets 16425 RTS 0 total bytes 67112550 in_flight now 0 fair_inc 736855 prop_inc 1529 fast_inc 0 eta_inc 9474441 multi_dec -10249013 quick_dec -310822 nack_dec -1103900
Flow Uec_8132_0 flowId 60 uecSrc 59 finished at 173737 total messages 1 total packets 16425 RTS 0 total bytes 67112550 in_flight now 0 fair_inc 721298 prop_inc 780 fast_inc 0 eta_inc 9487731 multi_dec -10394226 quick_dec -327036 nack_dec -1137100
Flow Uec_8163_0 flowId 29 uecSrc 28 finished at 173741 total messages 1 total packets 16425 RTS 0 total bytes 67112550 in_flight now 0 fair_inc 622620 prop_inc 2406 fast_inc 0 eta_inc 9473112 multi_dec -10290481 quick_dec -283498 nack_dec -991850
Flow Uec_8129_0 flowId 63 uecSrc 62 finished at 173769 total messages 1 total packets 16425 RTS 0 total bytes 67112550 in_flight now 0 fair_inc 549865 prop_inc 4614 fast_inc 0 eta_inc 9485073 multi_dec -9950268 quick_dec -314047 nack_dec -1041650
Flow Uec_8171_0 flowId 21 uecSrc 20 finished at 173784 total messages 1 total packets 16425 RTS 0 total bytes 67112550 in_flight now 0 fair_inc 731655 prop_inc 2312 fast_inc 0 eta_inc 9477099 multi_dec -10304929 quick_dec -347934 nack_dec -1091450
Flow Uec_8154_0 flowId 38 uecSrc 37 finished at 173800 total messages 1 total packets 16425 RTS 0 total bytes 67112550 in_flight now 0 fair_inc 714404 prop_inc 2158 fast_inc 0 eta_inc 9486402 multi_dec -10289962 quick_dec -342633 nack_dec -1074850
Flow Uec_8160_0 flowId 32 uecSrc 31 finished at 173832 total messages 1 total packets 16425 RTS 0 total bytes 67112550 in_flight now 0 fair_inc 707592 prop_inc 6158 fast_inc 0 eta_inc 9490389 multi_dec -10341808 quick_dec -265576 nack_dec -1025050
Flow Uec_8139_0 flowId 53 uecSrc 52 finished at 173884 total messages 1 total packets 16425 RTS 0 total bytes 67112550 in_flight now 0 fair_inc 545004 prop_inc 4274 fast_inc 0 eta_inc 9490389 multi_dec -10294710 quick_dec -131481 nack_dec -933750
Flow Uec_8167_0 flowId 25 uecSrc 24 finished at 173935 total messages 1 total packets 16425 RTS 0 total bytes 67112550 in_flight now 0 fair_inc 690270 prop_inc 3507 fast_inc 0 eta_inc 9485073 multi_dec -10294386 quick_dec -310599 nack_dec -1095600
Flow Uec_8190_0 flowId 2 uecSrc 1 finished at 174034 total messages 1 total packets 16425 RTS 0 total bytes 67112550 in_flight now 0 fair_inc 663715 prop_inc 2629 fast_inc 0 eta_inc 9495705 multi_dec -10228513 quick_dec -360759 nack_dec -1000150
Flow Uec_8164_0 flowId 28 uecSrc 27 finished at 174048 total messages 1 total packets 16425 RTS 0 total bytes 67112550 in_flight now 0 fair_inc 641833 prop_inc 6117 fast_inc 0 eta_inc 9498363 multi_dec -10291192 quick_dec -234217 nack_dec -979400
Flow Uec_8136_0 flowId 56 uecSrc 55 finished at 174052 total messages 1 total packets 16425 RTS 0 total bytes 67112550 in_flight now 0 fair_inc 653123 prop_inc 2776 fast_inc 0 eta_inc 9494376 multi_dec -10282866 quick_dec -228962 nack_dec -1045800
Flow Uec_8152_0 flowId 40 uecSrc 39 finished at 174082 total messages 1 total packets 16425 RTS 0 total bytes 67112550 in_flight now 0 fair_inc 669057 prop_inc 6943 fast_inc 0 eta_inc 9507666 multi_dec -10286363 quick_dec -199372 nack_dec -1008450
Flow Uec_8191_0 flowId 1 uecSrc 0 finished at 174156 total messages 1 total packets 16425 RTS 0 total bytes 67112550 in_flight now 0 fair_inc 594328 prop_inc 7151 fast_inc 0 eta_inc 9503679 multi_dec -10317938 quick_dec -143460 nack_dec -921300
Flow Uec_8153_0 flowId 39 uecSrc 38 finished at 174269 total messages 1 total packets 16425 RTS 0 total bytes 67112550 in_flight now 0 fair_inc 645387 prop_inc 12486 fast_inc 0 eta_inc 9524943 multi_dec -10262973 quick_dec -358194 nack_dec -991850
Flow Uec_8176_0 flowId 16 uecSrc 15 finished at 174305 total messages 1 total packets 16425 RTS 0 total bytes 67112550 in_flight now 0 fair_inc 721571 prop_inc 15665 fast_inc 0 eta_inc 9497034 multi_dec -10144511 quick_dec -348064 nack_dec -1224250
Flow Uec_8150_0 flowId 42 uecSrc 41 finished at 174321 total messages 1 total packets 16425 RTS 0 total bytes 67112550 in_flight now 0 fair_inc 689744 prop_inc 12627 fast_inc 0 eta_inc 9523614 multi_dec -10273323 quick_dec -400754 nack_dec -958650
Flow Uec_8168_0 flowId 24 uecSrc 23 finished at 174442 total messages 1 total packets 16425 RTS 0 total bytes 67112550 in_flight now 0 fair_inc 613167 prop_inc 31384 fast_inc 0 eta_inc 9526272 multi_dec -10188912 quick_dec -294842 nack_dec -1058250
Flow Uec_8144_0 flowId 48 uecSrc 47 finished at 174489 total messages 1 total packets 16425 RTS 0 total bytes 67112550 in_flight now 0 fair_inc 672342 prop_inc 48042 fast_inc 0 eta_inc 9531588 multi_dec -10105349 quick_dec -414011 nack_dec -962800
Flow Uec_8189_0 flowId 3 uecSrc 2 finished at 174489 total messages 1 total packets 16425 RTS 0 total bytes 67112550 in_flight now 0 fair_inc 684048 prop_inc 52457 fast_inc 0 eta_inc 9511653 multi_dec -9917897 quick_dec -321676 nack_dec -1108050
Flow Uec_8146_0 flowId 46 uecSrc 45 finished at 174511 total messages 1 total packets 16425 RTS 0 total bytes 67112550 in_flight now 0 fair_inc 590953 prop_inc 65957 fast_inc 0 eta_inc 9511653 multi_dec -10106085 quick_dec -184698 nack_dec -1016750
Flow Uec_8142_0 flowId 50 uecSrc 49 finished at 174563 total messages 1 total packets 16425 RTS 0 total bytes 67112550 in_flight now 0 fair_inc 587857 prop_inc 109858 fast_inc 337712 eta_inc 9535575 multi_dec -9912934 quick_dec -431384 nack_dec -1116350
New: 1051200 Rtx: 15072 RTS: 0 Bounced: 0 ACKs: 1050808 NACKs: 15072 Pulls: 0 sleek_pkts: 0
SPURIOUS_COUNT 0
