.Flow Uec_2045_0 flowId 13 uecSrc 12 finished at 52763.9 total messages 1 total packets 4107 RTS 0 total bytes 16781202 in_flight now 0 fair_inc 0 prop_inc 0 fast_inc 0 eta_inc 2752359 multi_dec -2698272 quick_dec -166611 nack_dec -622500
Flow Uec_4592_0 flowId 106 uecSrc 105 finished at 52816.2 total messages 1 total packets 4107 RTS 0 total bytes 16781202 in_flight now 0 fair_inc 0 prop_inc 0 fast_inc 0 eta_inc 2765649 multi_dec -2728837 quick_dec -134809 nack_dec -581000
Flow Uec_7876_0 flowId 44 uecSrc 43 finished at 52843.1 total messages 1 total packets 4107 RTS 0 total bytes 16781202 in_flight now 0 fair_inc 0 prop_inc 0 fast_inc 0 eta_inc 2769636 multi_dec -2711789 quick_dec -150629 nack_dec -581000
Flow Uec_1269_0 flowId 100 uecSrc 99 finished at 53004 total messages 1 total packets 4107 RTS 0 total bytes 16781202 in_flight now 0 fair_inc 0 prop_inc 0 fast_inc 0 eta_inc 2768307 multi_dec -2718366 quick_dec -130872 nack_dec -626650
Flow Uec_2087_0 flowId 107 uecSrc 106 finished at 53110.1 total messages 1 total packets 4107 RTS 0 total bytes 16781202 in_flight now 0 fair_inc 0 prop_inc 0 fast_inc 0 eta_inc 2768307 multi_dec -2711424 quick_dec -133817 nack_dec -630800
Flow Uec_3313_0 flowId 42 uecSrc 41 finished at 53240.7 total messages 1 total packets 4107 RTS 0 total bytes 16781202 in_flight now 0 fair_inc 0 prop_inc 0 fast_inc 0 eta_inc 2789571 multi_dec -2748580 quick_dec -143855 nack_dec -593450
Flow Uec_7029_0 flowId 116 uecSrc 115 finished at 53259 total messages 1 total packets 4107 RTS 0 total bytes 16781202 in_flight now 0 fair_inc 0 prop_inc 0 fast_inc 0 eta_inc 2772294 multi_dec -2719777 quick_dec -150014 nack_dec -626650
Flow Uec_3500_0 flowId 119 uecSrc 118 finished at 53437.8 total messages 1 total packets 4107 RTS 0 total bytes 16781202 in_flight now 0 fair_inc 0 prop_inc 0 fast_inc 0 eta_inc 2788242 multi_dec -2727436 quick_dec -152192 nack_dec -634950
Flow Uec_3314_0 flowId 86 uecSrc 85 finished at 53518.5 total messages 1 total packets 4107 RTS 0 total bytes 16781202 in_flight now 0 fair_inc 0 prop_inc 0 fast_inc 0 eta_inc 2784255 multi_dec -2724394 quick_dec -133710 nack_dec -651550
Flow Uec_4996_0 flowId 14 uecSrc 13 finished at 53877.1 total messages 1 total packets 4107 RTS 0 total bytes 16781202 in_flight now 0 fair_inc 0 prop_inc 0 fast_inc 0 eta_inc 2818809 multi_dec -2781262 quick_dec -131491 nack_dec -597600
Flow Uec_5189_0 flowId 108 uecSrc 107 finished at 54896.7 total messages 1 total packets 4107 RTS 0 total bytes 16781202 in_flight now 0 fair_inc 0 prop_inc 0 fast_inc 0 eta_inc 2875956 multi_dec -2840789 quick_dec -132653 nack_dec -581000
Flow Uec_2803_0 flowId 57 uecSrc 56 finished at 57732.1 total messages 1 total packets 4107 RTS 0 total bytes 16781202 in_flight now 0 fair_inc 0 prop_inc 0 fast_inc 0 eta_inc 3018159 multi_dec -2952551 quick_dec -164186 nack_dec -614200
Flow Uec_3081_0 flowId 35 uecSrc 34 finished at 58077.9 total messages 1 total packets 4107 RTS 0 total bytes 16781202 in_flight now 0 fair_inc 0 prop_inc 0 fast_inc 0 eta_inc 3038094 multi_dec -2986484 quick_dec -137337 nack_dec -610050
Flow Uec_1417_0 flowId 73 uecSrc 72 finished at 58224.5 total messages 1 total packets 4107 RTS 0 total bytes 16781202 in_flight now 0 fair_inc 0 prop_inc 0 fast_inc 0 eta_inc 3036765 multi_dec -2973154 quick_dec -175368 nack_dec -626650
Flow Uec_6203_0 flowId 68 uecSrc 67 finished at 58346.7 total messages 1 total packets 4107 RTS 0 total bytes 16781202 in_flight now 0 fair_inc 0 prop_inc 0 fast_inc 0 eta_inc 3046068 multi_dec -2983009 quick_dec -180844 nack_dec -635278
Flow Uec_982_0 flowId 85 uecSrc 84 finished at 58938.7 total messages 1 total packets 4107 RTS 0 total bytes 16781202 in_flight now 0 fair_inc 0 prop_inc 0 fast_inc 0 eta_inc 3079293 multi_dec -3016750 quick_dec -150574 nack_dec -614200
Flow Uec_3150_0 flowId 5 uecSrc 4 finished at 58997.3 total messages 1 total packets 4107 RTS 0 total bytes 16781202 in_flight now 0 fair_inc 0 prop_inc 0 fast_inc 0 eta_inc 3077964 multi_dec -3011762 quick_dec -153259 nack_dec -639100
Flow Uec_7284_0 flowId 39 uecSrc 38 finished at 60078.4 total messages 1 total packets 4107 RTS 0 total bytes 16781202 in_flight now 0 fair_inc 0 prop_inc 0 fast_inc 0 eta_inc 3143085 multi_dec -3097110 quick_dec -176257 nack_dec -630800
Flow Uec_3449_0 flowId 123 uecSrc 122 finished at 62435.3 total messages 1 total packets 4107 RTS 0 total bytes 16781202 in_flight now 0 fair_inc 0 prop_inc 0 fast_inc 0 eta_inc 3270669 multi_dec -3217308 quick_dec -106544 nack_dec -618350
Flow Uec_6413_0 flowId 124 uecSrc 123 finished at 62896.9 total messages 1 total packets 4107 RTS 0 total bytes 16781202 in_flight now 0 fair_inc 0 prop_inc 0 fast_inc 0 eta_inc 3289275 multi_dec -3230063 quick_dec -141833 nack_dec -630964
Flow Uec_822_0 flowId 92 uecSrc 91 finished at 69876 total messages 1 total packets 4107 RTS 0 total bytes 16781202 in_flight now 0 fair_inc 0 prop_inc 0 fast_inc 0 eta_inc 3654750 multi_dec -3557751 quick_dec -139614 nack_dec -634950
Flow Uec_7741_0 flowId 27 uecSrc 26 finished at 71486 total messages 1 total packets 4107 RTS 0 total bytes 16781202 in_flight now 0 fair_inc 0 prop_inc 0 fast_inc 0 eta_inc 3750438 multi_dec -3678062 quick_dec -118357 nack_dec -622500
Flow Uec_1175_0 flowId 50 uecSrc 49 finished at 71950.8 total messages 1 total packets 4107 RTS 0 total bytes 16781202 in_flight now 0 fair_inc 0 prop_inc 0 fast_inc 0 eta_inc 3770373 multi_dec -3693486 quick_dec -189193 nack_dec -630800
Flow Uec_4735_0 flowId 46 uecSrc 45 finished at 72356.1 total messages 1 total packets 4107 RTS 0 total bytes 16781202 in_flight now 0 fair_inc 5197 prop_inc 0 fast_inc 0 eta_inc 3787650 multi_dec -3719828 quick_dec -181246 nack_dec -630800
Flow Uec_2968_0 flowId 70 uecSrc 69 finished at 73311.8 total messages 1 total packets 4107 RTS 0 total bytes 16781202 in_flight now 0 fair_inc 0 prop_inc 0 fast_inc 0 eta_inc 3848784 multi_dec -3781376 quick_dec -163670 nack_dec -605900
Flow Uec_6543_0 flowId 11 uecSrc 10 finished at 74371.8 total messages 1 total packets 4107 RTS 0 total bytes 16781202 in_flight now 0 fair_inc 0 prop_inc 0 fast_inc 0 eta_inc 3899286 multi_dec -3818858 quick_dec -208019 nack_dec -626650
Flow Uec_2634_0 flowId 71 uecSrc 70 finished at 74881.2 total messages 1 total packets 4107 RTS 0 total bytes 16781202 in_flight now 0 fair_inc 0 prop_inc 0 fast_inc 0 eta_inc 3913905 multi_dec -3819256 quick_dec -215030 nack_dec -676450
Flow Uec_2385_0 flowId 3 uecSrc 2 finished at 74909.8 total messages 1 total packets 4107 RTS 0 total bytes 16781202 in_flight now 0 fair_inc 0 prop_inc 0 fast_inc 0 eta_inc 3927195 multi_dec -3867413 quick_dec -207365 nack_dec -676450
Flow Uec_2271_0 flowId 15 uecSrc 14 finished at 75590.8 total messages 1 total packets 4107 RTS 0 total bytes 16781202 in_flight now 0 fair_inc 0 prop_inc 0 fast_inc 0 eta_inc 3964407 multi_dec -3879895 quick_dec -137352 nack_dec -639100
Flow Uec_3512_0 flowId 74 uecSrc 73 finished at 76097 total messages 1 total packets 4107 RTS 0 total bytes 16781202 in_flight now 0 fair_inc 0 prop_inc 0 fast_inc 0 eta_inc 3969723 multi_dec -3839967 quick_dec -168946 nack_dec -684914
Flow Uec_4209_0 flowId 51 uecSrc 50 finished at 76228.4 total messages 1 total packets 4107 RTS 0 total bytes 16781202 in_flight now 0 fair_inc 0 prop_inc 0 fast_inc 0 eta_inc 3996303 multi_dec -3917952 quick_dec -133679 nack_dec -614200
Flow Uec_1133_0 flowId 113 uecSrc 112 finished at 76238.6 total messages 1 total packets 4107 RTS 0 total bytes 16781202 in_flight now 0 fair_inc 0 prop_inc 0 fast_inc 0 eta_inc 4006935 multi_dec -3952352 quick_dec -177769 nack_dec -597600
Flow Uec_3934_0 flowId 111 uecSrc 110 finished at 76294.7 total messages 1 total packets 4107 RTS 0 total bytes 16781202 in_flight now 0 fair_inc 0 prop_inc 0 fast_inc 0 eta_inc 3992316 multi_dec -3888274 quick_dec -197610 nack_dec -651550
Flow Uec_6994_0 flowId 52 uecSrc 51 finished at 76338.9 total messages 1 total packets 4107 RTS 0 total bytes 16781202 in_flight now 0 fair_inc 5664 prop_inc 0 fast_inc 0 eta_inc 3996303 multi_dec -3931185 quick_dec -135933 nack_dec -634950
Flow Uec_2997_0 flowId 94 uecSrc 93 finished at 76345.8 total messages 1 total packets 4107 RTS 0 total bytes 16781202 in_flight now 0 fair_inc 0 prop_inc 0 fast_inc 0 eta_inc 4002948 multi_dec -3921477 quick_dec -166239 nack_dec -643250
Flow Uec_5814_0 flowId 7 uecSrc 6 finished at 76352.5 total messages 1 total packets 4107 RTS 0 total bytes 16781202 in_flight now 0 fair_inc 0 prop_inc 0 fast_inc 0 eta_inc 4001619 multi_dec -3933934 quick_dec -137114 nack_dec -643250
Flow Uec_4039_0 flowId 21 uecSrc 20 finished at 76524.5 total messages 1 total packets 4107 RTS 0 total bytes 16781202 in_flight now 0 fair_inc 6027 prop_inc 0 fast_inc 0 eta_inc 4020225 multi_dec -3954892 quick_dec -183959 nack_dec -626650
Flow Uec_1207_0 flowId 91 uecSrc 90 finished at 76582.1 total messages 1 total packets 4107 RTS 0 total bytes 16781202 in_flight now 0 fair_inc 0 prop_inc 0 fast_inc 0 eta_inc 4036173 multi_dec -3982385 quick_dec -201744 nack_dec -589300
Flow Uec_1822_0 flowId 99 uecSrc 98 finished at 76596.6 total messages 1 total packets 4107 RTS 0 total bytes 16781202 in_flight now 0 fair_inc 0 prop_inc 0 fast_inc 0 eta_inc 4024212 multi_dec -3955664 quick_dec -150099 nack_dec -610050
Flow Uec_4554_0 flowId 115 uecSrc 114 finished at 76612.5 total messages 1 total packets 4107 RTS 0 total bytes 16781202 in_flight now 0 fair_inc 0 prop_inc 0 fast_inc 0 eta_inc 4022883 multi_dec -3949864 quick_dec -156158 nack_dec -618350
Flow Uec_7491_0 flowId 112 uecSrc 111 finished at 76802.5 total messages 1 total packets 4107 RTS 0 total bytes 16781202 in_flight now 0 fair_inc 0 prop_inc 0 fast_inc 0 eta_inc 4030857 multi_dec -3966303 quick_dec -175563 nack_dec -626650
Flow Uec_4207_0 flowId 87 uecSrc 86 finished at 76804.1 total messages 1 total packets 4107 RTS 0 total bytes 16781202 in_flight now 0 fair_inc 0 prop_inc 0 fast_inc 0 eta_inc 4021554 multi_dec -3929917 quick_dec -151126 nack_dec -659850
Flow Uec_2098_0 flowId 77 uecSrc 76 finished at 77003.6 total messages 1 total packets 4107 RTS 0 total bytes 16781202 in_flight now 0 fair_inc 0 prop_inc 0 fast_inc 0 eta_inc 4034844 multi_dec -3945279 quick_dec -235971 nack_dec -639100
Flow Uec_2857_0 flowId 23 uecSrc 22 finished at 77077.3 total messages 1 total packets 4107 RTS 0 total bytes 16781202 in_flight now 0 fair_inc 0 prop_inc 0 fast_inc 0 eta_inc 4048134 multi_dec -3982895 quick_dec -209822 nack_dec -610050
Flow Uec_6920_0 flowId 69 uecSrc 68 finished at 77121.1 total messages 1 total packets 4107 RTS 0 total bytes 16781202 in_flight now 0 fair_inc 0 prop_inc 0 fast_inc 0 eta_inc 4041489 multi_dec -3955625 quick_dec -162769 nack_dec -647400
Flow Uec_2402_0 flowId 118 uecSrc 117 finished at 77324.8 total messages 1 total packets 4107 RTS 0 total bytes 16781202 in_flight now 0 fair_inc 0 prop_inc 0 fast_inc 0 eta_inc 4036173 multi_dec -3936044 quick_dec -190308 nack_dec -713800
Flow Uec_2688_0 flowId 9 uecSrc 8 finished at 77507.9 total messages 1 total packets 4107 RTS 0 total bytes 16781202 in_flight now 0 fair_inc 0 prop_inc 0 fast_inc 0 eta_inc 4064082 multi_dec -3969684 quick_dec -189266 nack_dec -622500
Flow Uec_1566_0 flowId 75 uecSrc 74 finished at 77534.5 total messages 1 total packets 4107 RTS 0 total bytes 16781202 in_flight now 0 fair_inc 0 prop_inc 0 fast_inc 0 eta_inc 4058766 multi_dec -3958194 quick_dec -138576 nack_dec -651550
Flow Uec_175_0 flowId 89 uecSrc 88 finished at 77604.7 total messages 1 total packets 4107 RTS 0 total bytes 16781202 in_flight now 0 fair_inc 0 prop_inc 421 fast_inc 0 eta_inc 4818954 multi_dec -4574476 quick_dec -46267 nack_dec -734550
Flow Uec_2207_0 flowId 49 uecSrc 48 finished at 77646 total messages 1 total packets 4107 RTS 0 total bytes 16781202 in_flight now 0 fair_inc 0 prop_inc 0 fast_inc 0 eta_inc 4068069 multi_dec -3996599 quick_dec -153254 nack_dec -634950
Flow Uec_662_0 flowId 59 uecSrc 58 finished at 77690.4 total messages 1 total packets 4107 RTS 0 total bytes 16781202 in_flight now 0 fair_inc 0 prop_inc 0 fast_inc 0 eta_inc 4094649 multi_dec -4031761 quick_dec -170688 nack_dec -581000
Flow Uec_191_0 flowId 19 uecSrc 18 finished at 78258.1 total messages 1 total packets 4107 RTS 0 total bytes 16781202 in_flight now 0 fair_inc 6170 prop_inc 386 fast_inc 0 eta_inc 4864140 multi_dec -4643168 quick_dec -12285 nack_dec -813400
Flow Uec_1430_0 flowId 81 uecSrc 80 finished at 78427.7 total messages 1 total packets 4107 RTS 0 total bytes 16781202 in_flight now 0 fair_inc 0 prop_inc 0 fast_inc 0 eta_inc 4113255 multi_dec -4032702 quick_dec -161059 nack_dec -643250
Flow Uec_774_0 flowId 1 uecSrc 0 finished at 78577 total messages 1 total packets 4107 RTS 0 total bytes 16781202 in_flight now 0 fair_inc 0 prop_inc 0 fast_inc 0 eta_inc 4122558 multi_dec -4043210 quick_dec -182656 nack_dec -639100
Flow Uec_6094_0 flowId 41 uecSrc 40 finished at 78717.8 total messages 1 total packets 4107 RTS 0 total bytes 16781202 in_flight now 0 fair_inc 0 prop_inc 0 fast_inc 0 eta_inc 4135848 multi_dec -4060872 quick_dec -178587 nack_dec -589300
Flow Uec_6254_0 flowId 4 uecSrc 3 finished at 79043.3 total messages 1 total packets 4107 RTS 0 total bytes 16781202 in_flight now 0 fair_inc 6228 prop_inc 0 fast_inc 0 eta_inc 4137177 multi_dec -4066426 quick_dec -144741 nack_dec -664000
Flow Uec_231_0 flowId 2 uecSrc 1 finished at 79488.2 total messages 1 total packets 4107 RTS 0 total bytes 16781202 in_flight now 0 fair_inc 0 prop_inc 11563 fast_inc 0 eta_inc 4934577 multi_dec -4692302 quick_dec -41275 nack_dec -788500
Flow Uec_159_0 flowId 12 uecSrc 11 finished at 79514.9 total messages 1 total packets 4107 RTS 0 total bytes 16781202 in_flight now 0 fair_inc 0 prop_inc 5764 fast_inc 0 eta_inc 4945209 multi_dec -4745726 quick_dec -3735 nack_dec -805100
Flow Uec_5224_0 flowId 109 uecSrc 108 finished at 79613.2 total messages 1 total packets 4107 RTS 0 total bytes 16781202 in_flight now 0 fair_inc 0 prop_inc 0 fast_inc 0 eta_inc 4191666 multi_dec -4113840 quick_dec -148937 nack_dec -593450
Flow Uec_163_0 flowId 32 uecSrc 31 finished at 79719.9 total messages 1 total packets 4107 RTS 0 total bytes 16781202 in_flight now 0 fair_inc 0 prop_inc 397 fast_inc 0 eta_inc 4930590 multi_dec -4658445 quick_dec -38510 nack_dec -863200
Flow Uec_3864_0 flowId 29 uecSrc 28 finished at 79743.2 total messages 1 total packets 4107 RTS 0 total bytes 16781202 in_flight now 0 fair_inc 6721 prop_inc 0 fast_inc 0 eta_inc 4194324 multi_dec -4154330 quick_dec -182416 nack_dec -601750
Flow Uec_337_0 flowId 24 uecSrc 23 finished at 79951.4 total messages 1 total packets 4107 RTS 0 total bytes 16781202 in_flight now 0 fair_inc 0 prop_inc 0 fast_inc 0 eta_inc 4189008 multi_dec -4122617 quick_dec -151649 nack_dec -680600
Flow Uec_7167_0 flowId 33 uecSrc 32 finished at 80388.7 total messages 1 total packets 4107 RTS 0 total bytes 16781202 in_flight now 0 fair_inc 7004 prop_inc 0 fast_inc 0 eta_inc 4228878 multi_dec -4146120 quick_dec -221419 nack_dec -630800
Flow Uec_3391_0 flowId 47 uecSrc 46 finished at 81468 total messages 1 total packets 4107 RTS 0 total bytes 16781202 in_flight now 0 fair_inc 0 prop_inc 0 fast_inc 0 eta_inc 4282038 multi_dec -4196155 quick_dec -145183 nack_dec -630800
Flow Uec_6913_0 flowId 26 uecSrc 25 finished at 81497.5 total messages 1 total packets 4107 RTS 0 total bytes 16781202 in_flight now 0 fair_inc 5797 prop_inc 0 fast_inc 0 eta_inc 4286025 multi_dec -4204274 quick_dec -211846 nack_dec -618350
Flow Uec_1996_0 flowId 127 uecSrc 126 finished at 81527.6 total messages 1 total packets 4107 RTS 0 total bytes 16781202 in_flight now 0 fair_inc 6634 prop_inc 0 fast_inc 0 eta_inc 4284696 multi_dec -4190480 quick_dec -186259 nack_dec -639100
Flow Uec_3632_0 flowId 90 uecSrc 89 finished at 81818.6 total messages 1 total packets 4107 RTS 0 total bytes 16781202 in_flight now 0 fair_inc 0 prop_inc 0 fast_inc 0 eta_inc 4313934 multi_dec -4231880 quick_dec -163962 nack_dec -589300
Flow Uec_7944_0 flowId 61 uecSrc 60 finished at 83174.3 total messages 1 total packets 4107 RTS 0 total bytes 16781202 in_flight now 0 fair_inc 19301 prop_inc 0 fast_inc 0 eta_inc 4383042 multi_dec -4343005 quick_dec -164452 nack_dec -622500
Flow Uec_930_0 flowId 101 uecSrc 100 finished at 84078.8 total messages 1 total packets 4107 RTS 0 total bytes 16781202 in_flight now 0 fair_inc 13330 prop_inc 0 fast_inc 0 eta_inc 4422912 multi_dec -4371280 quick_dec -220069 nack_dec -639264
Flow Uec_1040_0 flowId 43 uecSrc 42 finished at 84130.2 total messages 1 total packets 4107 RTS 0 total bytes 16781202 in_flight now 0 fair_inc 31387 prop_inc 0 fast_inc 0 eta_inc 4446834 multi_dec -4463443 quick_dec -136322 nack_dec -576850
Flow Uec_7404_0 flowId 62 uecSrc 61 finished at 84560.6 total messages 1 total packets 4107 RTS 0 total bytes 16781202 in_flight now 0 fair_inc 6602 prop_inc 0 fast_inc 0 eta_inc 4457466 multi_dec -4372148 quick_dec -200942 nack_dec -639100
Flow Uec_6461_0 flowId 102 uecSrc 101 finished at 85226.2 total messages 1 total packets 4107 RTS 0 total bytes 16781202 in_flight now 0 fair_inc 39532 prop_inc 0 fast_inc 0 eta_inc 4486704 multi_dec -4489898 quick_dec -144303 nack_dec -601750
Flow Uec_6392_0 flowId 122 uecSrc 121 finished at 85361.2 total messages 1 total packets 4107 RTS 0 total bytes 16781202 in_flight now 0 fair_inc 13115 prop_inc 0 fast_inc 0 eta_inc 4506639 multi_dec -4454877 quick_dec -179100 nack_dec -597600
Flow Uec_6330_0 flowId 110 uecSrc 109 finished at 85385.8 total messages 1 total packets 4107 RTS 0 total bytes 16781202 in_flight now 0 fair_inc 19807 prop_inc 0 fast_inc 0 eta_inc 4490691 multi_dec -4461929 quick_dec -199922 nack_dec -651550
Flow Uec_7498_0 flowId 40 uecSrc 39 finished at 85592.1 total messages 1 total packets 4107 RTS 0 total bytes 16781202 in_flight now 0 fair_inc 71016 prop_inc 0 fast_inc 0 eta_inc 4511955 multi_dec -4557216 quick_dec -186364 nack_dec -651550
Flow Uec_913_0 flowId 58 uecSrc 57 finished at 85817.6 total messages 1 total packets 4107 RTS 0 total bytes 16781202 in_flight now 0 fair_inc 6697 prop_inc 0 fast_inc 0 eta_inc 4522587 multi_dec -4450845 quick_dec -213525 nack_dec -630800
Flow Uec_6282_0 flowId 96 uecSrc 95 finished at 85890.4 total messages 1 total packets 4107 RTS 0 total bytes 16781202 in_flight now 0 fair_inc 53018 prop_inc 0 fast_inc 0 eta_inc 4531890 multi_dec -4551438 quick_dec -180630 nack_dec -635114
Flow Uec_5438_0 flowId 37 uecSrc 36 finished at 86014.9 total messages 1 total packets 4107 RTS 0 total bytes 16781202 in_flight now 0 fair_inc 49534 prop_inc 0 fast_inc 0 eta_inc 4550496 multi_dec -4571951 quick_dec -194951 nack_dec -589300
Flow Uec_3181_0 flowId 95 uecSrc 94 finished at 86092.2 total messages 1 total packets 4107 RTS 0 total bytes 16781202 in_flight now 0 fair_inc 0 prop_inc 0 fast_inc 0 eta_inc 4530561 multi_dec -4432655 quick_dec -154335 nack_dec -659850
Flow Uec_3212_0 flowId 34 uecSrc 33 finished at 86207.3 total messages 1 total packets 4107 RTS 0 total bytes 16781202 in_flight now 0 fair_inc 60067 prop_inc 0 fast_inc 0 eta_inc 4543851 multi_dec -4543641 quick_dec -163220 nack_dec -655700
Flow Uec_5476_0 flowId 80 uecSrc 79 finished at 86274.1 total messages 1 total packets 4107 RTS 0 total bytes 16781202 in_flight now 0 fair_inc 59336 prop_inc 0 fast_inc 0 eta_inc 4563786 multi_dec -4634969 quick_dec -208089 nack_dec -597600
Flow Uec_1351_0 flowId 22 uecSrc 21 finished at 86318.7 total messages 1 total packets 4107 RTS 0 total bytes 16781202 in_flight now 0 fair_inc 62250 prop_inc 0 fast_inc 0 eta_inc 4546509 multi_dec -4548343 quick_dec -272957 nack_dec -643250
Flow Uec_1654_0 flowId 128 uecSrc 127 finished at 86328 total messages 1 total packets 4107 RTS 0 total bytes 16781202 in_flight now 0 fair_inc 41365 prop_inc 0 fast_inc 0 eta_inc 4569102 multi_dec -4559945 quick_dec -217146 nack_dec -556100
Flow Uec_5226_0 flowId 6 uecSrc 5 finished at 86417.4 total messages 1 total packets 4107 RTS 0 total bytes 16781202 in_flight now 0 fair_inc 74314 prop_inc 0 fast_inc 0 eta_inc 4553154 multi_dec -4561579 quick_dec -144486 nack_dec -705500
Flow Uec_5967_0 flowId 104 uecSrc 103 finished at 86434.2 total messages 1 total packets 4107 RTS 0 total bytes 16781202 in_flight now 0 fair_inc 69090 prop_inc 0 fast_inc 0 eta_inc 4554483 multi_dec -4548699 quick_dec -214056 nack_dec -643250
Flow Uec_6555_0 flowId 79 uecSrc 78 finished at 86510.7 total messages 1 total packets 4107 RTS 0 total bytes 16781202 in_flight now 0 fair_inc 60570 prop_inc 0 fast_inc 0 eta_inc 4567773 multi_dec -4592524 quick_dec -214932 nack_dec -643250
Flow Uec_5674_0 flowId 117 uecSrc 116 finished at 86531 total messages 1 total packets 4107 RTS 0 total bytes 16781202 in_flight now 0 fair_inc 52379 prop_inc 0 fast_inc 0 eta_inc 4571760 multi_dec -4598548 quick_dec -170837 nack_dec -605900
Flow Uec_7595_0 flowId 55 uecSrc 54 finished at 86537.8 total messages 1 total packets 4107 RTS 0 total bytes 16781202 in_flight now 0 fair_inc 57135 prop_inc 118 fast_inc 0 eta_inc 4563786 multi_dec -4575215 quick_dec -193456 nack_dec -659850
Flow Uec_5191_0 flowId 67 uecSrc 66 finished at 86543.7 total messages 1 total packets 4107 RTS 0 total bytes 16781202 in_flight now 0 fair_inc 73104 prop_inc 0 fast_inc 0 eta_inc 4569102 multi_dec -4591115 quick_dec -202144 nack_dec -605900
Flow Uec_6327_0 flowId 76 uecSrc 75 finished at 86551.6 total messages 1 total packets 4107 RTS 0 total bytes 16781202 in_flight now 0 fair_inc 64203 prop_inc 33 fast_inc 0 eta_inc 4555812 multi_dec -4576172 quick_dec -269702 nack_dec -659850
Flow Uec_6178_0 flowId 36 uecSrc 35 finished at 86615.3 total messages 1 total packets 4107 RTS 0 total bytes 16781202 in_flight now 0 fair_inc 66651 prop_inc 0 fast_inc 0 eta_inc 4579734 multi_dec -4613001 quick_dec -292988 nack_dec -634950
Flow Uec_5849_0 flowId 25 uecSrc 24 finished at 86620.1 total messages 1 total packets 4107 RTS 0 total bytes 16781202 in_flight now 0 fair_inc 44987 prop_inc 1996 fast_inc 0 eta_inc 4566444 multi_dec -4571609 quick_dec -158189 nack_dec -614200
Flow Uec_1988_0 flowId 114 uecSrc 113 finished at 86646.7 total messages 1 total packets 4107 RTS 0 total bytes 16781202 in_flight now 0 fair_inc 63392 prop_inc 854 fast_inc 0 eta_inc 4585050 multi_dec -4595524 quick_dec -213815 nack_dec -597600
Flow Uec_1973_0 flowId 120 uecSrc 119 finished at 86754.6 total messages 1 total packets 4107 RTS 0 total bytes 16781202 in_flight now 0 fair_inc 102731 prop_inc 874 fast_inc 0 eta_inc 4575747 multi_dec -4612327 quick_dec -207874 nack_dec -647400
Flow Uec_6826_0 flowId 54 uecSrc 53 finished at 86783 total messages 1 total packets 4107 RTS 0 total bytes 16781202 in_flight now 0 fair_inc 71212 prop_inc 991 fast_inc 0 eta_inc 4593024 multi_dec -4651464 quick_dec -176964 nack_dec -572700
Flow Uec_3801_0 flowId 125 uecSrc 124 finished at 86812.1 total messages 1 total packets 4107 RTS 0 total bytes 16781202 in_flight now 0 fair_inc 93346 prop_inc 1290 fast_inc 0 eta_inc 4579734 multi_dec -4588346 quick_dec -187539 nack_dec -688900
Flow Uec_3264_0 flowId 126 uecSrc 125 finished at 86855.3 total messages 1 total packets 4107 RTS 0 total bytes 16781202 in_flight now 0 fair_inc 65749 prop_inc 1363 fast_inc 0 eta_inc 4587708 multi_dec -4603302 quick_dec -235862 nack_dec -597600
Flow Uec_1496_0 flowId 82 uecSrc 81 finished at 86864.8 total messages 1 total packets 4107 RTS 0 total bytes 16781202 in_flight now 0 fair_inc 101120 prop_inc 2335 fast_inc 0 eta_inc 4570431 multi_dec -4596653 quick_dec -161407 nack_dec -672300
Flow Uec_1770_0 flowId 16 uecSrc 15 finished at 86883.1 total messages 1 total packets 4107 RTS 0 total bytes 16781202 in_flight now 0 fair_inc 51909 prop_inc 2453 fast_inc 0 eta_inc 4585050 multi_dec -4596756 quick_dec -210582 nack_dec -634950
Flow Uec_8078_0 flowId 121 uecSrc 120 finished at 86893.6 total messages 1 total packets 4107 RTS 0 total bytes 16781202 in_flight now 0 fair_inc 50949 prop_inc 412 fast_inc 0 eta_inc 4585050 multi_dec -4623468 quick_dec -146036 nack_dec -626650
Flow Uec_3808_0 flowId 78 uecSrc 77 finished at 86897.2 total messages 1 total packets 4107 RTS 0 total bytes 16781202 in_flight now 0 fair_inc 67636 prop_inc 1065 fast_inc 0 eta_inc 4574418 multi_dec -4531334 quick_dec -290052 nack_dec -726250
Flow Uec_4840_0 flowId 88 uecSrc 87 finished at 86901.7 total messages 1 total packets 4107 RTS 0 total bytes 16781202 in_flight now 0 fair_inc 69383 prop_inc 4371 fast_inc 0 eta_inc 4585050 multi_dec -4592655 quick_dec -228096 nack_dec -651550
Flow Uec_5573_0 flowId 64 uecSrc 63 finished at 86936.2 total messages 1 total packets 4107 RTS 0 total bytes 16781202 in_flight now 0 fair_inc 95651 prop_inc 6352 fast_inc 0 eta_inc 4594353 multi_dec -4641580 quick_dec -217665 nack_dec -618350
Flow Uec_7665_0 flowId 63 uecSrc 62 finished at 86967.8 total messages 1 total packets 4107 RTS 0 total bytes 16781202 in_flight now 0 fair_inc 52753 prop_inc 7656 fast_inc 0 eta_inc 4591695 multi_dec -4595343 quick_dec -194954 nack_dec -630800
Flow Uec_4688_0 flowId 45 uecSrc 44 finished at 87028.7 total messages 1 total packets 4107 RTS 0 total bytes 16781202 in_flight now 0 fair_inc 61014 prop_inc 2214 fast_inc 0 eta_inc 4593024 multi_dec -4581480 quick_dec -218530 nack_dec -622500
Flow Uec_1001_0 flowId 10 uecSrc 9 finished at 87076.1 total messages 1 total packets 4107 RTS 0 total bytes 16781202 in_flight now 0 fair_inc 62052 prop_inc 2511 fast_inc 0 eta_inc 4597011 multi_dec -4599399 quick_dec -209871 nack_dec -634950
Flow Uec_4273_0 flowId 20 uecSrc 19 finished at 87084.7 total messages 1 total packets 4107 RTS 0 total bytes 16781202 in_flight now 0 fair_inc 12785 prop_inc 9193 fast_inc 0 eta_inc 4599669 multi_dec -4542891 quick_dec -186758 nack_dec -601750
Flow Uec_4151_0 flowId 97 uecSrc 96 finished at 87085.9 total messages 1 total packets 4107 RTS 0 total bytes 16781202 in_flight now 0 fair_inc 56717 prop_inc 7489 fast_inc 0 eta_inc 4600998 multi_dec -4636452 quick_dec -168019 nack_dec -601750
Flow Uec_2540_0 flowId 103 uecSrc 102 finished at 87089.4 total messages 1 total packets 4107 RTS 0 total bytes 16781202 in_flight now 0 fair_inc 102823 prop_inc 6211 fast_inc 0 eta_inc 4595682 multi_dec -4589218 quick_dec -218647 nack_dec -659850
Flow Uec_2644_0 flowId 38 uecSrc 37 finished at 87119.9 total messages 1 total packets 4107 RTS 0 total bytes 16781202 in_flight now 0 fair_inc 59205 prop_inc 4669 fast_inc 0 eta_inc 4618275 multi_dec -4614994 quick_dec -152792 nack_dec -581000
Flow Uec_7931_0 flowId 48 uecSrc 47 finished at 87143.8 total messages 1 total packets 4107 RTS 0 total bytes 16781202 in_flight now 0 fair_inc 99674 prop_inc 5681 fast_inc 0 eta_inc 4583721 multi_dec -4570854 quick_dec -201712 nack_dec -717950
Flow Uec_594_0 flowId 17 uecSrc 16 finished at 87145.7 total messages 1 total packets 4107 RTS 0 total bytes 16781202 in_flight now 0 fair_inc 116588 prop_inc 5690 fast_inc 0 eta_inc 4604985 multi_dec -4573540 quick_dec -235092 nack_dec -664000
Flow Uec_6822_0 flowId 66 uecSrc 65 finished at 87176.9 total messages 1 total packets 4107 RTS 0 total bytes 16781202 in_flight now 0 fair_inc 97608 prop_inc 7104 fast_inc 0 eta_inc 4612959 multi_dec -4604847 quick_dec -245872 nack_dec -626650
Flow Uec_2506_0 flowId 84 uecSrc 83 finished at 87178.2 total messages 1 total packets 4107 RTS 0 total bytes 16781202 in_flight now 0 fair_inc 58970 prop_inc 13364 fast_inc 0 eta_inc 4614288 multi_dec -4600096 quick_dec -186360 nack_dec -622500
Flow Uec_669_0 flowId 105 uecSrc 104 finished at 87178.7 total messages 1 total packets 4107 RTS 0 total bytes 16781202 in_flight now 0 fair_inc 63502 prop_inc 14619 fast_inc 0 eta_inc 4606314 multi_dec -4594377 quick_dec -205879 nack_dec -618350
Flow Uec_2062_0 flowId 83 uecSrc 82 finished at 87182.1 total messages 1 total packets 4107 RTS 0 total bytes 16781202 in_flight now 0 fair_inc 43891 prop_inc 7260 fast_inc 0 eta_inc 4594353 multi_dec -4576012 quick_dec -155956 nack_dec -680600
Flow Uec_6218_0 flowId 72 uecSrc 71 finished at 87213.1 total messages 1 total packets 4107 RTS 0 total bytes 16781202 in_flight now 0 fair_inc 43427 prop_inc 19034 fast_inc 0 eta_inc 4597011 multi_dec -4560686 quick_dec -210698 nack_dec -651550
Flow Uec_7232_0 flowId 18 uecSrc 17 finished at 87219.8 total messages 1 total packets 4107 RTS 0 total bytes 16781202 in_flight now 0 fair_inc 62606 prop_inc 20829 fast_inc 0 eta_inc 4614288 multi_dec -4573228 quick_dec -295586 nack_dec -610050
Flow Uec_7089_0 flowId 65 uecSrc 64 finished at 87220.3 total messages 1 total packets 4107 RTS 0 total bytes 16781202 in_flight now 0 fair_inc 63534 prop_inc 22456 fast_inc 0 eta_inc 4610301 multi_dec -4609904 quick_dec -206492 nack_dec -630800
Flow Uec_7196_0 flowId 98 uecSrc 97 finished at 87233.4 total messages 1 total packets 4107 RTS 0 total bytes 16781202 in_flight now 0 fair_inc 61604 prop_inc 14141 fast_inc 0 eta_inc 4607643 multi_dec -4588815 quick_dec -189535 nack_dec -643250
Flow Uec_4347_0 flowId 53 uecSrc 52 finished at 87237.4 total messages 1 total packets 4107 RTS 0 total bytes 16781202 in_flight now 0 fair_inc 45994 prop_inc 20440 fast_inc 0 eta_inc 4614288 multi_dec -4566959 quick_dec -173833 nack_dec -601750
Flow Uec_8048_0 flowId 8 uecSrc 7 finished at 87244.7 total messages 1 total packets 4107 RTS 0 total bytes 16781202 in_flight now 0 fair_inc 79844 prop_inc 25307 fast_inc 0 eta_inc 4597011 multi_dec -4543098 quick_dec -216136 nack_dec -709650
Flow Uec_2583_0 flowId 31 uecSrc 30 finished at 87271.2 total messages 1 total packets 4107 RTS 0 total bytes 16781202 in_flight now 0 fair_inc 45519 prop_inc 56420 fast_inc 0 eta_inc 4608972 multi_dec -4580997 quick_dec -185567 nack_dec -610050
Flow Uec_4987_0 flowId 93 uecSrc 92 finished at 87274.2 total messages 1 total packets 4107 RTS 0 total bytes 16781202 in_flight now 0 fair_inc 58724 prop_inc 55959 fast_inc 0 eta_inc 4611630 multi_dec -4554444 quick_dec -139464 nack_dec -655700
Flow Uec_359_0 flowId 60 uecSrc 59 finished at 87277.6 total messages 1 total packets 4107 RTS 0 total bytes 16781202 in_flight now 0 fair_inc 78309 prop_inc 69009 fast_inc 0 eta_inc 4615617 multi_dec -4540245 quick_dec -251885 nack_dec -622500
Flow Uec_6556_0 flowId 56 uecSrc 55 finished at 87283.6 total messages 1 total packets 4107 RTS 0 total bytes 16781202 in_flight now 0 fair_inc 58398 prop_inc 68111 fast_inc 0 eta_inc 4611630 multi_dec -4613126 quick_dec -213135 nack_dec -634950
Flow Uec_3354_0 flowId 28 uecSrc 27 finished at 87309.3 total messages 1 total packets 4107 RTS 0 total bytes 16781202 in_flight now 0 fair_inc 36583 prop_inc 103816 fast_inc 45083 eta_inc 4612959 multi_dec -4569246 quick_dec -181229 nack_dec -626650
Flow Uec_2403_0 flowId 30 uecSrc 29 finished at 87318.1 total messages 1 total packets 4107 RTS 0 total bytes 16781202 in_flight now 0 fair_inc 25078 prop_inc 86311 fast_inc 114825 eta_inc 4614288 multi_dec -4526800 quick_dec -277816 nack_dec -634950
New: 525696 Rtx: 19660 RTS: 0 Bounced: 0 ACKs: 525319 NACKs: 19660 Pulls: 0 sleek_pkts: 0
SPURIOUS_COUNT 0
