Flow Uec_8184_0 flowId 8 uecSrc 7 finished at 31813.7 total messages 1 total packets 16425 RTS 0 total bytes 67112550 in_flight now 0 fair_inc 28788 prop_inc 0 fast_inc 0 eta_inc 9303 multi_dec -0 quick_dec -68776 nack_dec -539500
.Flow Uec_8157_0 flowId 35 uecSrc 34 finished at 50990.6 total messages 1 total packets 16425 RTS 0 total bytes 67112550 in_flight now 0 fair_inc 41268 prop_inc 0 fast_inc 0 eta_inc 14619 multi_dec -0 quick_dec -65955 nack_dec -564400
..Flow Uec_8148_0 flowId 44 uecSrc 43 finished at 156504 total messages 1 total packets 16425 RTS 0 total bytes 67112550 in_flight now 0 fair_inc 531796 prop_inc 0 fast_inc 0 eta_inc 8526864 multi_dec -9326833 quick_dec -216535 nack_dec -821700
Flow Uec_8129_0 flowId 63 uecSrc 62 finished at 158324 total messages 1 total packets 16425 RTS 0 total bytes 67112550 in_flight now 0 fair_inc 522000 prop_inc 0 fast_inc 0 eta_inc 8638500 multi_dec -9363426 quick_dec -190296 nack_dec -792650
Flow Uec_8133_0 flowId 59 uecSrc 58 finished at 163774 total messages 1 total packets 16425 RTS 0 total bytes 67112550 in_flight now 0 fair_inc 776203 prop_inc 0 fast_inc 0 eta_inc 8933538 multi_dec -10018846 quick_dec -344001 nack_dec -863200
Flow Uec_8143_0 flowId 49 uecSrc 48 finished at 168917 total messages 1 total packets 16425 RTS 0 total bytes 67112550 in_flight now 0 fair_inc 594136 prop_inc 113 fast_inc 0 eta_inc 9192693 multi_dec -10108987 quick_dec -186952 nack_dec -921300
Flow Uec_8189_0 flowId 3 uecSrc 2 finished at 169118 total messages 1 total packets 16425 RTS 0 total bytes 67112550 in_flight now 0 fair_inc 649619 prop_inc 610 fast_inc 0 eta_inc 9216615 multi_dec -10006589 quick_dec -310271 nack_dec -1004300
Flow Uec_8180_0 flowId 12 uecSrc 11 finished at 169808 total messages 1 total packets 16425 RTS 0 total bytes 67112550 in_flight now 0 fair_inc 557796 prop_inc 31 fast_inc 0 eta_inc 9263130 multi_dec -10181759 quick_dec -139533 nack_dec -788500
Flow Uec_8177_0 flowId 15 uecSrc 14 finished at 169923 total messages 1 total packets 16425 RTS 0 total bytes 67112550 in_flight now 0 fair_inc 608229 prop_inc 0 fast_inc 0 eta_inc 9255156 multi_dec -10052744 quick_dec -287538 nack_dec -921300
Flow Uec_8162_0 flowId 30 uecSrc 29 finished at 170177 total messages 1 total packets 16425 RTS 0 total bytes 67112550 in_flight now 0 fair_inc 576074 prop_inc 464 fast_inc 0 eta_inc 9280407 multi_dec -10162197 quick_dec -217114 nack_dec -859050
Flow Uec_8178_0 flowId 14 uecSrc 13 finished at 170212 total messages 1 total packets 16425 RTS 0 total bytes 67112550 in_flight now 0 fair_inc 649097 prop_inc 0 fast_inc 0 eta_inc 9267117 multi_dec -10183974 quick_dec -144068 nack_dec -987700
Flow Uec_8134_0 flowId 58 uecSrc 57 finished at 170229 total messages 1 total packets 16425 RTS 0 total bytes 67112550 in_flight now 0 fair_inc 726691 prop_inc 0 fast_inc 0 eta_inc 9272433 multi_dec -10341497 quick_dec -272509 nack_dec -946200
Flow Uec_8176_0 flowId 16 uecSrc 15 finished at 170934 total messages 1 total packets 16425 RTS 0 total bytes 67112550 in_flight now 0 fair_inc 702682 prop_inc 249 fast_inc 0 eta_inc 9316290 multi_dec -10349508 quick_dec -201869 nack_dec -917150
Flow Uec_8130_0 flowId 62 uecSrc 61 finished at 171765 total messages 1 total packets 16425 RTS 0 total bytes 67112550 in_flight now 0 fair_inc 604192 prop_inc 35 fast_inc 0 eta_inc 9368121 multi_dec -10232071 quick_dec -267997 nack_dec -950350
Flow Uec_8170_0 flowId 22 uecSrc 21 finished at 171825 total messages 1 total packets 16425 RTS 0 total bytes 67112550 in_flight now 0 fair_inc 604886 prop_inc 0 fast_inc 0 eta_inc 9372108 multi_dec -10198021 quick_dec -259535 nack_dec -917150
Flow Uec_8183_0 flowId 9 uecSrc 8 finished at 172136 total messages 1 total packets 16425 RTS 0 total bytes 67112550 in_flight now 0 fair_inc 729467 prop_inc 0 fast_inc 0 eta_inc 9376095 multi_dec -10259487 quick_dec -470035 nack_dec -958650
Flow Uec_8171_0 flowId 21 uecSrc 20 finished at 172305 total messages 1 total packets 16425 RTS 0 total bytes 67112550 in_flight now 0 fair_inc 674432 prop_inc 754 fast_inc 0 eta_inc 9372108 multi_dec -10239278 quick_dec -213481 nack_dec -996000
Flow Uec_8164_0 flowId 28 uecSrc 27 finished at 172307 total messages 1 total packets 16425 RTS 0 total bytes 67112550 in_flight now 0 fair_inc 593106 prop_inc 0 fast_inc 0 eta_inc 9398688 multi_dec -10463955 quick_dec -173329 nack_dec -796800
Flow Uec_8159_0 flowId 33 uecSrc 32 finished at 172427 total messages 1 total packets 16425 RTS 0 total bytes 67112550 in_flight now 0 fair_inc 642852 prop_inc 0 fast_inc 0 eta_inc 9405333 multi_dec -10365178 quick_dec -265202 nack_dec -913000
Flow Uec_8140_0 flowId 52 uecSrc 51 finished at 172733 total messages 1 total packets 16425 RTS 0 total bytes 67112550 in_flight now 0 fair_inc 628402 prop_inc 1057 fast_inc 0 eta_inc 9410649 multi_dec -10310343 quick_dec -247360 nack_dec -946664
Flow Uec_8141_0 flowId 51 uecSrc 50 finished at 172846 total messages 1 total packets 16425 RTS 0 total bytes 67112550 in_flight now 0 fair_inc 639131 prop_inc 5 fast_inc 0 eta_inc 9418623 multi_dec -10203206 quick_dec -348332 nack_dec -917150
Flow Uec_8175_0 flowId 17 uecSrc 16 finished at 172933 total messages 1 total packets 16425 RTS 0 total bytes 67112550 in_flight now 0 fair_inc 610655 prop_inc 778 fast_inc 0 eta_inc 9429255 multi_dec -10354617 quick_dec -269188 nack_dec -904700
Flow Uec_8135_0 flowId 57 uecSrc 56 finished at 172936 total messages 1 total packets 16425 RTS 0 total bytes 67112550 in_flight now 0 fair_inc 686619 prop_inc 122 fast_inc 0 eta_inc 9418623 multi_dec -10389154 quick_dec -308376 nack_dec -1008450
Flow Uec_8185_0 flowId 7 uecSrc 6 finished at 173027 total messages 1 total packets 16425 RTS 0 total bytes 67112550 in_flight now 0 fair_inc 625970 prop_inc 0 fast_inc 0 eta_inc 9427926 multi_dec -10356423 quick_dec -168668 nack_dec -950350
Flow Uec_8188_0 flowId 4 uecSrc 3 finished at 173052 total messages 1 total packets 16425 RTS 0 total bytes 67112550 in_flight now 0 fair_inc 566150 prop_inc 412 fast_inc 0 eta_inc 9446532 multi_dec -10240542 quick_dec -191096 nack_dec -896400
Flow Uec_8149_0 flowId 43 uecSrc 42 finished at 173065 total messages 1 total packets 16425 RTS 0 total bytes 67112550 in_flight now 0 fair_inc 562247 prop_inc 865 fast_inc 0 eta_inc 9431913 multi_dec -10215103 quick_dec -229732 nack_dec -908850
Flow Uec_8147_0 flowId 45 uecSrc 44 finished at 173090 total messages 1 total packets 16425 RTS 0 total bytes 67112550 in_flight now 0 fair_inc 632523 prop_inc 0 fast_inc 0 eta_inc 9410649 multi_dec -10094623 quick_dec -283952 nack_dec -1074850
Flow Uec_8168_0 flowId 24 uecSrc 23 finished at 173182 total messages 1 total packets 16425 RTS 0 total bytes 67112550 in_flight now 0 fair_inc 611900 prop_inc 1198 fast_inc 0 eta_inc 9442545 multi_dec -10311740 quick_dec -309090 nack_dec -933750
Flow Uec_8173_0 flowId 19 uecSrc 18 finished at 173249 total messages 1 total packets 16425 RTS 0 total bytes 67112550 in_flight now 0 fair_inc 658573 prop_inc 4069 fast_inc 0 eta_inc 9445203 multi_dec -10400556 quick_dec -225008 nack_dec -896400
Flow Uec_8181_0 flowId 11 uecSrc 10 finished at 173250 total messages 1 total packets 16425 RTS 0 total bytes 67112550 in_flight now 0 fair_inc 599435 prop_inc 982 fast_inc 0 eta_inc 9441216 multi_dec -10224098 quick_dec -238373 nack_dec -913000
Flow Uec_8138_0 flowId 54 uecSrc 53 finished at 173341 total messages 1 total packets 16425 RTS 0 total bytes 67112550 in_flight now 0 fair_inc 550212 prop_inc 619 fast_inc 0 eta_inc 9437229 multi_dec -10254487 quick_dec -194861 nack_dec -950350
Flow Uec_8144_0 flowId 48 uecSrc 47 finished at 173425 total messages 1 total packets 16425 RTS 0 total bytes 67112550 in_flight now 0 fair_inc 604517 prop_inc 2815 fast_inc 0 eta_inc 9455835 multi_dec -10328576 quick_dec -286418 nack_dec -867350
Flow Uec_8153_0 flowId 39 uecSrc 38 finished at 173455 total messages 1 total packets 16425 RTS 0 total bytes 67112550 in_flight now 0 fair_inc 653311 prop_inc 142 fast_inc 0 eta_inc 9447861 multi_dec -10343430 quick_dec -266252 nack_dec -963264
Flow Uec_8158_0 flowId 34 uecSrc 33 finished at 173464 total messages 1 total packets 16425 RTS 0 total bytes 67112550 in_flight now 0 fair_inc 570750 prop_inc 916 fast_inc 0 eta_inc 9463809 multi_dec -10204455 quick_dec -250799 nack_dec -850750
Flow Uec_8154_0 flowId 38 uecSrc 37 finished at 173480 total messages 1 total packets 16425 RTS 0 total bytes 67112550 in_flight now 0 fair_inc 678484 prop_inc 1622 fast_inc 0 eta_inc 9451848 multi_dec -10358136 quick_dec -378438 nack_dec -1008450
Flow Uec_8165_0 flowId 27 uecSrc 26 finished at 173516 total messages 1 total packets 16425 RTS 0 total bytes 67112550 in_flight now 0 fair_inc 635774 prop_inc 2819 fast_inc 0 eta_inc 9447861 multi_dec -10198155 quick_dec -198243 nack_dec -925450
Flow Uec_8163_0 flowId 29 uecSrc 28 finished at 173531 total messages 1 total packets 16425 RTS 0 total bytes 67112550 in_flight now 0 fair_inc 678204 prop_inc 438 fast_inc 0 eta_inc 9447861 multi_dec -10271897 quick_dec -306540 nack_dec -962800
Flow Uec_8174_0 flowId 18 uecSrc 17 finished at 173542 total messages 1 total packets 16425 RTS 0 total bytes 67112550 in_flight now 0 fair_inc 636193 prop_inc 3946 fast_inc 0 eta_inc 9467796 multi_dec -10338854 quick_dec -263132 nack_dec -925450
Flow Uec_8187_0 flowId 5 uecSrc 4 finished at 173596 total messages 1 total packets 16425 RTS 0 total bytes 67112550 in_flight now 0 fair_inc 671488 prop_inc 1041 fast_inc 0 eta_inc 9459822 multi_dec -10277716 quick_dec -288119 nack_dec -966950
Flow Uec_8151_0 flowId 41 uecSrc 40 finished at 173724 total messages 1 total packets 16425 RTS 0 total bytes 67112550 in_flight now 0 fair_inc 551048 prop_inc 2876 fast_inc 0 eta_inc 9463809 multi_dec -10397820 quick_dec -111159 nack_dec -854900
Flow Uec_8152_0 flowId 40 uecSrc 39 finished at 173909 total messages 1 total packets 16425 RTS 0 total bytes 67112550 in_flight now 0 fair_inc 634985 prop_inc 2697 fast_inc 0 eta_inc 9475770 multi_dec -10400161 quick_dec -267812 nack_dec -967414
Flow Uec_8150_0 flowId 42 uecSrc 41 finished at 173953 total messages 1 total packets 16425 RTS 0 total bytes 67112550 in_flight now 0 fair_inc 623110 prop_inc 3059 fast_inc 0 eta_inc 9471783 multi_dec -10362934 quick_dec -211088 nack_dec -1029200
Flow Uec_8169_0 flowId 23 uecSrc 22 finished at 174032 total messages 1 total packets 16425 RTS 0 total bytes 67112550 in_flight now 0 fair_inc 645396 prop_inc 2440 fast_inc 0 eta_inc 9474441 multi_dec -10317453 quick_dec -305711 nack_dec -937900
Flow Uec_8166_0 flowId 26 uecSrc 25 finished at 174054 total messages 1 total packets 16425 RTS 0 total bytes 67112550 in_flight now 0 fair_inc 609734 prop_inc 3380 fast_inc 0 eta_inc 9485073 multi_dec -10272831 quick_dec -240852 nack_dec -942050
Flow Uec_8137_0 flowId 55 uecSrc 54 finished at 174081 total messages 1 total packets 16425 RTS 0 total bytes 67112550 in_flight now 0 fair_inc 659879 prop_inc 5792 fast_inc 0 eta_inc 9497034 multi_dec -10232158 quick_dec -356232 nack_dec -854900
Flow Uec_8131_0 flowId 61 uecSrc 60 finished at 174107 total messages 1 total packets 16425 RTS 0 total bytes 67112550 in_flight now 0 fair_inc 604576 prop_inc 5312 fast_inc 0 eta_inc 9487731 multi_dec -10222781 quick_dec -257755 nack_dec -975250
Flow Uec_8160_0 flowId 32 uecSrc 31 finished at 174125 total messages 1 total packets 16425 RTS 0 total bytes 67112550 in_flight now 0 fair_inc 569700 prop_inc 4433 fast_inc 0 eta_inc 9495705 multi_dec -10243620 quick_dec -316519 nack_dec -854900
Flow Uec_8191_0 flowId 1 uecSrc 0 finished at 174140 total messages 1 total packets 16425 RTS 0 total bytes 67112550 in_flight now 0 fair_inc 729906 prop_inc 32019 fast_inc 0 eta_inc 9471783 multi_dec -10370990 quick_dec -273412 nack_dec -1087300
Flow Uec_8167_0 flowId 25 uecSrc 24 finished at 174140 total messages 1 total packets 16425 RTS 0 total bytes 67112550 in_flight now 0 fair_inc 705149 prop_inc 3787 fast_inc 0 eta_inc 9497034 multi_dec -10404914 quick_dec -372742 nack_dec -871500
Flow Uec_8145_0 flowId 47 uecSrc 46 finished at 174153 total messages 1 total packets 16425 RTS 0 total bytes 67112550 in_flight now 0 fair_inc 576660 prop_inc 4600 fast_inc 0 eta_inc 9473112 multi_dec -10289052 quick_dec -122448 nack_dec -1000150
Flow Uec_8161_0 flowId 31 uecSrc 30 finished at 174229 total messages 1 total packets 16425 RTS 0 total bytes 67112550 in_flight now 0 fair_inc 656575 prop_inc 2590 fast_inc 0 eta_inc 9501021 multi_dec -10286746 quick_dec -433564 nack_dec -958650
Flow Uec_8139_0 flowId 53 uecSrc 52 finished at 174239 total messages 1 total packets 16425 RTS 0 total bytes 67112550 in_flight now 0 fair_inc 657225 prop_inc 28174 fast_inc 0 eta_inc 9499692 multi_dec -10321993 quick_dec -334336 nack_dec -1037500
Flow Uec_8179_0 flowId 13 uecSrc 12 finished at 174262 total messages 1 total packets 16425 RTS 0 total bytes 67112550 in_flight now 0 fair_inc 618456 prop_inc 10476 fast_inc 0 eta_inc 9502350 multi_dec -10219268 quick_dec -338382 nack_dec -991850
Flow Uec_8155_0 flowId 37 uecSrc 36 finished at 174303 total messages 1 total packets 16425 RTS 0 total bytes 67112550 in_flight now 0 fair_inc 578152 prop_inc 7608 fast_inc 0 eta_inc 9511653 multi_dec -10274392 quick_dec -301018 nack_dec -917150
Flow Uec_8142_0 flowId 50 uecSrc 49 finished at 174327 total messages 1 total packets 16425 RTS 0 total bytes 67112550 in_flight now 0 fair_inc 576833 prop_inc 15213 fast_inc 0 eta_inc 9505008 multi_dec -10272586 quick_dec -284830 nack_dec -879800
Flow Uec_8146_0 flowId 46 uecSrc 45 finished at 174385 total messages 1 total packets 16425 RTS 0 total bytes 67112550 in_flight now 0 fair_inc 668693 prop_inc 11562 fast_inc 0 eta_inc 9501021 multi_dec -10303008 quick_dec -284055 nack_dec -1004300
Flow Uec_8172_0 flowId 20 uecSrc 19 finished at 174396 total messages 1 total packets 16425 RTS 0 total bytes 67112550 in_flight now 0 fair_inc 577104 prop_inc 15951 fast_inc 0 eta_inc 9511653 multi_dec -10303585 quick_dec -305058 nack_dec -863200
Flow Uec_8156_0 flowId 36 uecSrc 35 finished at 174400 total messages 1 total packets 16425 RTS 0 total bytes 67112550 in_flight now 0 fair_inc 618657 prop_inc 15273 fast_inc 0 eta_inc 9501021 multi_dec -10279433 quick_dec -248417 nack_dec -1008450
Flow Uec_8128_0 flowId 64 uecSrc 63 finished at 174407 total messages 1 total packets 16425 RTS 0 total bytes 67112550 in_flight now 0 fair_inc 562855 prop_inc 27698 fast_inc 0 eta_inc 9502350 multi_dec -10154732 quick_dec -355360 nack_dec -900550
Flow Uec_8182_0 flowId 10 uecSrc 9 finished at 174422 total messages 1 total packets 16425 RTS 0 total bytes 67112550 in_flight now 0 fair_inc 580829 prop_inc 29415 fast_inc 0 eta_inc 9508995 multi_dec -10276054 quick_dec -246467 nack_dec -937900
Flow Uec_8186_0 flowId 6 uecSrc 5 finished at 174432 total messages 1 total packets 16425 RTS 0 total bytes 67112550 in_flight now 0 fair_inc 570423 prop_inc 39392 fast_inc 0 eta_inc 9510324 multi_dec -10242735 quick_dec -267312 nack_dec -975250
Flow Uec_8132_0 flowId 60 uecSrc 59 finished at 174513 total messages 1 total packets 16425 RTS 0 total bytes 67112550 in_flight now 0 fair_inc 561678 prop_inc 105494 fast_inc 0 eta_inc 9512982 multi_dec -10117814 quick_dec -223756 nack_dec -987700
Flow Uec_8136_0 flowId 56 uecSrc 55 finished at 174533 total messages 1 total packets 16425 RTS 0 total bytes 67112550 in_flight now 0 fair_inc 596127 prop_inc 121949 fast_inc 0 eta_inc 9518298 multi_dec -10170337 quick_dec -417918 nack_dec -937900
Flow Uec_8190_0 flowId 2 uecSrc 1 finished at 174542 total messages 1 total packets 16425 RTS 0 total bytes 67112550 in_flight now 0 fair_inc 551520 prop_inc 157010 fast_inc 20499 eta_inc 9514311 multi_dec -10083036 quick_dec -256701 nack_dec -983550
New: 1051200 Rtx: 14217 RTS: 0 Bounced: 0 ACKs: 1050659 NACKs: 14217 Pulls: 0 sleek_pkts: 0
SPURIOUS_COUNT 0
