....Flow Uec_2133_0 flowId 126 uecSrc 125 finished at 207968 total messages 1 total packets 16425 RTS 0 total bytes 67112550 in_flight now 0 fair_inc 0 prop_inc 0 fast_inc 0 eta_inc 10974882 multi_dec -10904145 quick_dec -70954 nack_dec -688900
Flow Uec_4897_0 flowId 86 uecSrc 85 finished at 208076 total messages 1 total packets 16425 RTS 0 total bytes 67112550 in_flight now 0 fair_inc 0 prop_inc 0 fast_inc 0 eta_inc 10953618 multi_dec -10871498 quick_dec -81976 nack_dec -776050
Flow Uec_3877_0 flowId 54 uecSrc 53 finished at 208467 total messages 1 total packets 16425 RTS 0 total bytes 67112550 in_flight now 0 fair_inc 0 prop_inc 0 fast_inc 0 eta_inc 10973553 multi_dec -10906823 quick_dec -34104 nack_dec -771900
Flow Uec_6897_0 flowId 119 uecSrc 118 finished at 208570 total messages 1 total packets 16425 RTS 0 total bytes 67112550 in_flight now 0 fair_inc 0 prop_inc 0 fast_inc 0 eta_inc 10998804 multi_dec -10943253 quick_dec -56007 nack_dec -713800
Flow Uec_636_0 flowId 90 uecSrc 89 finished at 208855 total messages 1 total packets 16425 RTS 0 total bytes 67112550 in_flight now 0 fair_inc 0 prop_inc 0 fast_inc 0 eta_inc 10992159 multi_dec -10924447 quick_dec -1043 nack_dec -792650
Flow Uec_4334_0 flowId 122 uecSrc 121 finished at 209170 total messages 1 total packets 16425 RTS 0 total bytes 67112550 in_flight now 0 fair_inc 0 prop_inc 0 fast_inc 0 eta_inc 11016081 multi_dec -10942707 quick_dec -79803 nack_dec -764528
Flow Uec_5194_0 flowId 21 uecSrc 20 finished at 209198 total messages 1 total packets 16425 RTS 0 total bytes 67112550 in_flight now 0 fair_inc 0 prop_inc 0 fast_inc 0 eta_inc 11024055 multi_dec -10958186 quick_dec -51525 nack_dec -738700
Flow Uec_3462_0 flowId 9 uecSrc 8 finished at 209803 total messages 1 total packets 16425 RTS 0 total bytes 67112550 in_flight now 0 fair_inc 0 prop_inc 0 fast_inc 0 eta_inc 11058609 multi_dec -10992823 quick_dec -37843 nack_dec -717950
Flow Uec_5259_0 flowId 110 uecSrc 109 finished at 210878 total messages 1 total packets 16425 RTS 0 total bytes 67112550 in_flight now 0 fair_inc 0 prop_inc 0 fast_inc 0 eta_inc 11123730 multi_dec -11045529 quick_dec -74531 nack_dec -709650
Flow Uec_5569_0 flowId 93 uecSrc 92 finished at 210965 total messages 1 total packets 16425 RTS 0 total bytes 67112550 in_flight now 0 fair_inc 0 prop_inc 0 fast_inc 0 eta_inc 11113098 multi_dec -11049932 quick_dec --4757 nack_dec -738700
Flow Uec_3504_0 flowId 85 uecSrc 84 finished at 211047 total messages 1 total packets 16425 RTS 0 total bytes 67112550 in_flight now 0 fair_inc 0 prop_inc 0 fast_inc 0 eta_inc 11115756 multi_dec -11027686 quick_dec -57677 nack_dec -751150
Flow Uec_3671_0 flowId 58 uecSrc 57 finished at 219206 total messages 1 total packets 16425 RTS 0 total bytes 67112550 in_flight now 0 fair_inc 0 prop_inc 0 fast_inc 0 eta_inc 11567616 multi_dec -11501393 quick_dec -57906 nack_dec -697200
Flow Uec_994_0 flowId 13 uecSrc 12 finished at 228590 total messages 1 total packets 16425 RTS 0 total bytes 67112550 in_flight now 0 fair_inc 0 prop_inc 0 fast_inc 0 eta_inc 12054030 multi_dec -11963496 quick_dec -78582 nack_dec -730400
Flow Uec_2097_0 flowId 42 uecSrc 41 finished at 231207 total messages 1 total packets 16425 RTS 0 total bytes 67112550 in_flight now 0 fair_inc 5634 prop_inc 0 fast_inc 0 eta_inc 12159021 multi_dec -12014193 quick_dec -34672 nack_dec -859050
Flow Uec_2350_0 flowId 14 uecSrc 13 finished at 235122 total messages 1 total packets 16425 RTS 0 total bytes 67112550 in_flight now 0 fair_inc 6036 prop_inc 0 fast_inc 0 eta_inc 12398241 multi_dec -12292850 quick_dec -103629 nack_dec -776050
.Flow Uec_2983_0 flowId 26 uecSrc 25 finished at 254362 total messages 1 total packets 16425 RTS 0 total bytes 67112550 in_flight now 0 fair_inc 0 prop_inc 0 fast_inc 0 eta_inc 13396320 multi_dec -13258150 quick_dec -55148 nack_dec -805100
Flow Uec_307_0 flowId 43 uecSrc 42 finished at 256298 total messages 1 total packets 16425 RTS 0 total bytes 67112550 in_flight now 0 fair_inc 0 prop_inc 0 fast_inc 0 eta_inc 13529220 multi_dec -13452280 quick_dec -45001 nack_dec -717950
Flow Uec_1760_0 flowId 106 uecSrc 105 finished at 256739 total messages 1 total packets 16425 RTS 0 total bytes 67112550 in_flight now 0 fair_inc 0 prop_inc 0 fast_inc 0 eta_inc 13543839 multi_dec -13421070 quick_dec -73311 nack_dec -751150
Flow Uec_7425_0 flowId 96 uecSrc 95 finished at 258636 total messages 1 total packets 16425 RTS 0 total bytes 67112550 in_flight now 0 fair_inc 0 prop_inc 0 fast_inc 0 eta_inc 13650159 multi_dec -13546544 quick_dec -108379 nack_dec -730400
Flow Uec_7920_0 flowId 62 uecSrc 61 finished at 264395 total messages 1 total packets 16425 RTS 0 total bytes 67112550 in_flight now 0 fair_inc 0 prop_inc 0 fast_inc 0 eta_inc 13971777 multi_dec -13875049 quick_dec -141656 nack_dec -672300
Flow Uec_6670_0 flowId 98 uecSrc 97 finished at 271915 total messages 1 total packets 16425 RTS 0 total bytes 67112550 in_flight now 0 fair_inc 0 prop_inc 0 fast_inc 0 eta_inc 14338581 multi_dec -14195901 quick_dec -95917 nack_dec -763600
Flow Uec_3623_0 flowId 57 uecSrc 56 finished at 273086 total messages 1 total packets 16425 RTS 0 total bytes 67112550 in_flight now 0 fair_inc 0 prop_inc 0 fast_inc 0 eta_inc 14422308 multi_dec -14316389 quick_dec -119924 nack_dec -717950
Flow Uec_3496_0 flowId 45 uecSrc 44 finished at 274806 total messages 1 total packets 16425 RTS 0 total bytes 67112550 in_flight now 0 fair_inc 0 prop_inc 0 fast_inc 0 eta_inc 14500719 multi_dec -14372557 quick_dec -111531 nack_dec -763600
Flow Uec_1123_0 flowId 24 uecSrc 23 finished at 277057 total messages 1 total packets 16425 RTS 0 total bytes 67112550 in_flight now 0 fair_inc 0 prop_inc 0 fast_inc 0 eta_inc 14596407 multi_dec -14424326 quick_dec -72841 nack_dec -842450
Flow Uec_3105_0 flowId 95 uecSrc 94 finished at 282905 total messages 1 total packets 16425 RTS 0 total bytes 67112550 in_flight now 0 fair_inc 4974 prop_inc 0 fast_inc 0 eta_inc 14931315 multi_dec -14784264 quick_dec -114919 nack_dec -747000
Flow Uec_6216_0 flowId 113 uecSrc 112 finished at 283731 total messages 1 total packets 16425 RTS 0 total bytes 67112550 in_flight now 0 fair_inc 0 prop_inc 0 fast_inc 0 eta_inc 14953908 multi_dec -14771599 quick_dec -80499 nack_dec -825850
Flow Uec_1175_0 flowId 77 uecSrc 76 finished at 287848 total messages 1 total packets 16425 RTS 0 total bytes 67112550 in_flight now 0 fair_inc 0 prop_inc 0 fast_inc 0 eta_inc 15194457 multi_dec -15023888 quick_dec -81415 nack_dec -763600
Flow Uec_7437_0 flowId 6 uecSrc 5 finished at 288910 total messages 1 total packets 16425 RTS 0 total bytes 67112550 in_flight now 0 fair_inc 0 prop_inc 0 fast_inc 0 eta_inc 15250275 multi_dec -15118617 quick_dec -90793 nack_dec -771900
Flow Uec_4643_0 flowId 88 uecSrc 87 finished at 289566 total messages 1 total packets 16425 RTS 0 total bytes 67112550 in_flight now 0 fair_inc 0 prop_inc 0 fast_inc 0 eta_inc 15283500 multi_dec -15139690 quick_dec -117851 nack_dec -784350
Flow Uec_4893_0 flowId 124 uecSrc 123 finished at 293147 total messages 1 total packets 16425 RTS 0 total bytes 67112550 in_flight now 0 fair_inc 5919 prop_inc 0 fast_inc 0 eta_inc 15450954 multi_dec -15282054 quick_dec -114269 nack_dec -854900
Flow Uec_6104_0 flowId 27 uecSrc 26 finished at 294788 total messages 1 total packets 16425 RTS 0 total bytes 67112550 in_flight now 0 fair_inc 0 prop_inc 0 fast_inc 0 eta_inc 15541326 multi_dec -15340796 quick_dec -108208 nack_dec -850750
Flow Uec_1843_0 flowId 31 uecSrc 30 finished at 295571 total messages 1 total packets 16425 RTS 0 total bytes 67112550 in_flight now 0 fair_inc 0 prop_inc 0 fast_inc 0 eta_inc 15583854 multi_dec -15420875 quick_dec -119998 nack_dec -805100
Flow Uec_7080_0 flowId 73 uecSrc 72 finished at 299171 total messages 1 total packets 16425 RTS 0 total bytes 67112550 in_flight now 0 fair_inc 0 prop_inc 0 fast_inc 0 eta_inc 15783204 multi_dec -15599579 quick_dec -119145 nack_dec -813400
Flow Uec_7561_0 flowId 3 uecSrc 2 finished at 300000 total messages 1 total packets 16425 RTS 0 total bytes 67112550 in_flight now 0 fair_inc 0 prop_inc 0 fast_inc 0 eta_inc 15823074 multi_dec -15633478 quick_dec -84430 nack_dec -817550
.Flow Uec_44_0 flowId 30 uecSrc 29 finished at 301195 total messages 1 total packets 16425 RTS 0 total bytes 67112550 in_flight now 0 fair_inc 0 prop_inc 437 fast_inc 0 eta_inc 18984765 multi_dec -18385888 quick_dec --74007 nack_dec -1390250
Flow Uec_4889_0 flowId 66 uecSrc 65 finished at 301654 total messages 1 total packets 16425 RTS 0 total bytes 67112550 in_flight now 0 fair_inc 0 prop_inc 0 fast_inc 0 eta_inc 15940026 multi_dec -15811562 quick_dec -131183 nack_dec -717950
Flow Uec_1177_0 flowId 125 uecSrc 124 finished at 302235 total messages 1 total packets 16425 RTS 0 total bytes 67112550 in_flight now 0 fair_inc 0 prop_inc 0 fast_inc 0 eta_inc 15929394 multi_dec -15749924 quick_dec -110753 nack_dec -846600
Flow Uec_4786_0 flowId 70 uecSrc 69 finished at 302640 total messages 1 total packets 16425 RTS 0 total bytes 67112550 in_flight now 0 fair_inc 0 prop_inc 0 fast_inc 0 eta_inc 15958632 multi_dec -15761273 quick_dec -110647 nack_dec -821700
Flow Uec_1012_0 flowId 7 uecSrc 6 finished at 303381 total messages 1 total packets 16425 RTS 0 total bytes 67112550 in_flight now 0 fair_inc 0 prop_inc 0 fast_inc 0 eta_inc 16015779 multi_dec -15843657 quick_dec -113830 nack_dec -763600
Flow Uec_3488_0 flowId 80 uecSrc 79 finished at 303509 total messages 1 total packets 16425 RTS 0 total bytes 67112550 in_flight now 0 fair_inc 0 prop_inc 0 fast_inc 0 eta_inc 15999831 multi_dec -15788058 quick_dec -131355 nack_dec -854900
Flow Uec_4194_0 flowId 44 uecSrc 43 finished at 303742 total messages 1 total packets 16425 RTS 0 total bytes 67112550 in_flight now 0 fair_inc 0 prop_inc 0 fast_inc 0 eta_inc 16022424 multi_dec -15841932 quick_dec -79769 nack_dec -842450
Flow Uec_7016_0 flowId 12 uecSrc 11 finished at 304153 total messages 1 total packets 16425 RTS 0 total bytes 67112550 in_flight now 0 fair_inc 5738 prop_inc 0 fast_inc 0 eta_inc 16045017 multi_dec -15878451 quick_dec -130856 nack_dec -813400
Flow Uec_7323_0 flowId 19 uecSrc 18 finished at 304186 total messages 1 total packets 16425 RTS 0 total bytes 67112550 in_flight now 0 fair_inc 0 prop_inc 0 fast_inc 0 eta_inc 16060965 multi_dec -15908792 quick_dec -83923 nack_dec -776050
Flow Uec_7932_0 flowId 20 uecSrc 19 finished at 304486 total messages 1 total packets 16425 RTS 0 total bytes 67112550 in_flight now 0 fair_inc 0 prop_inc 0 fast_inc 0 eta_inc 16071597 multi_dec -15901324 quick_dec -86732 nack_dec -780200
Flow Uec_4046_0 flowId 67 uecSrc 66 finished at 304935 total messages 1 total packets 16425 RTS 0 total bytes 67112550 in_flight now 0 fair_inc 0 prop_inc 0 fast_inc 0 eta_inc 16091532 multi_dec -15881895 quick_dec -146649 nack_dec -800950
Flow Uec_1887_0 flowId 123 uecSrc 122 finished at 305045 total messages 1 total packets 16425 RTS 0 total bytes 67112550 in_flight now 0 fair_inc 0 prop_inc 0 fast_inc 0 eta_inc 16120770 multi_dec -15942276 quick_dec -164712 nack_dec -730400
Flow Uec_8032_0 flowId 4 uecSrc 3 finished at 305294 total messages 1 total packets 16425 RTS 0 total bytes 67112550 in_flight now 0 fair_inc 0 prop_inc 0 fast_inc 0 eta_inc 16138047 multi_dec -16017143 quick_dec -120022 nack_dec -705500
Flow Uec_2750_0 flowId 127 uecSrc 126 finished at 312072 total messages 1 total packets 16425 RTS 0 total bytes 67112550 in_flight now 0 fair_inc 0 prop_inc 0 fast_inc 0 eta_inc 16459665 multi_dec -16269176 quick_dec -90949 nack_dec -850750
Flow Uec_7018_0 flowId 46 uecSrc 45 finished at 312177 total messages 1 total packets 16425 RTS 0 total bytes 67112550 in_flight now 0 fair_inc 0 prop_inc 0 fast_inc 0 eta_inc 16490232 multi_dec -16334769 quick_dec -98911 nack_dec -751150
Flow Uec_4882_0 flowId 102 uecSrc 101 finished at 312641 total messages 1 total packets 16425 RTS 0 total bytes 67112550 in_flight now 0 fair_inc 0 prop_inc 0 fast_inc 0 eta_inc 16514154 multi_dec -16364433 quick_dec -112924 nack_dec -742850
Flow Uec_2647_0 flowId 15 uecSrc 14 finished at 313259 total messages 1 total packets 16425 RTS 0 total bytes 67112550 in_flight now 0 fair_inc 0 prop_inc 0 fast_inc 0 eta_inc 16548708 multi_dec -16386753 quick_dec -107719 nack_dec -759450
Flow Uec_5016_0 flowId 36 uecSrc 35 finished at 316501 total messages 1 total packets 16425 RTS 0 total bytes 67112550 in_flight now 0 fair_inc 0 prop_inc 0 fast_inc 0 eta_inc 16708188 multi_dec -16528484 quick_dec -105908 nack_dec -834150
Flow Uec_90_0 flowId 94 uecSrc 93 finished at 316853 total messages 1 total packets 16425 RTS 0 total bytes 67112550 in_flight now 0 fair_inc 0 prop_inc 28822 fast_inc 0 eta_inc 19981515 multi_dec -19322340 quick_dec -17300 nack_dec -1348750
Flow Uec_130_0 flowId 71 uecSrc 70 finished at 319090 total messages 1 total packets 16425 RTS 0 total bytes 67112550 in_flight now 0 fair_inc 5319 prop_inc 406 fast_inc 0 eta_inc 20192826 multi_dec -19687793 quick_dec --40609 nack_dec -1261600
Flow Uec_86_0 flowId 39 uecSrc 38 finished at 319537 total messages 1 total packets 16425 RTS 0 total bytes 67112550 in_flight now 0 fair_inc 0 prop_inc 480 fast_inc 0 eta_inc 20215419 multi_dec -19652366 quick_dec -8772 nack_dec -1245000
Flow Uec_58_0 flowId 65 uecSrc 64 finished at 319926 total messages 1 total packets 16425 RTS 0 total bytes 67112550 in_flight now 0 fair_inc 0 prop_inc 11597 fast_inc 0 eta_inc 20190168 multi_dec -19551698 quick_dec --17135 nack_dec -1357050
Flow Uec_35_0 flowId 117 uecSrc 116 finished at 320175 total messages 1 total packets 16425 RTS 0 total bytes 67112550 in_flight now 0 fair_inc 0 prop_inc 416 fast_inc 0 eta_inc 20183523 multi_dec -19503759 quick_dec --21776 nack_dec -1419300
Flow Uec_192_0 flowId 104 uecSrc 103 finished at 320267 total messages 1 total packets 16425 RTS 0 total bytes 67112550 in_flight now 0 fair_inc 0 prop_inc 3724 fast_inc 0 eta_inc 20240670 multi_dec -19658552 quick_dec --54392 nack_dec -1352900
Flow Uec_3529_0 flowId 108 uecSrc 107 finished at 326771 total messages 1 total packets 16425 RTS 0 total bytes 67112550 in_flight now 0 fair_inc 0 prop_inc 0 fast_inc 0 eta_inc 17273013 multi_dec -17081500 quick_dec -93309 nack_dec -800950
Flow Uec_4842_0 flowId 121 uecSrc 120 finished at 329714 total messages 1 total packets 16425 RTS 0 total bytes 67112550 in_flight now 0 fair_inc 0 prop_inc 0 fast_inc 0 eta_inc 17428506 multi_dec -17237084 quick_dec -79668 nack_dec -830000
Flow Uec_5741_0 flowId 84 uecSrc 83 finished at 329877 total messages 1 total packets 16425 RTS 0 total bytes 67112550 in_flight now 0 fair_inc 13376 prop_inc 0 fast_inc 0 eta_inc 17456415 multi_dec -17290980 quick_dec -125698 nack_dec -767750
Flow Uec_4204_0 flowId 8 uecSrc 7 finished at 330819 total messages 1 total packets 16425 RTS 0 total bytes 67112550 in_flight now 0 fair_inc 6724 prop_inc 0 fast_inc 0 eta_inc 17509575 multi_dec -17404406 quick_dec -154871 nack_dec -747000
Flow Uec_7476_0 flowId 25 uecSrc 24 finished at 330909 total messages 1 total packets 16425 RTS 0 total bytes 67112550 in_flight now 0 fair_inc 0 prop_inc 0 fast_inc 0 eta_inc 17518878 multi_dec -17338550 quick_dec -151765 nack_dec -751150
Flow Uec_4709_0 flowId 76 uecSrc 75 finished at 331311 total messages 1 total packets 16425 RTS 0 total bytes 67112550 in_flight now 0 fair_inc 6032 prop_inc 0 fast_inc 0 eta_inc 17553432 multi_dec -17401226 quick_dec -170400 nack_dec -717950
Flow Uec_892_0 flowId 47 uecSrc 46 finished at 332369 total messages 1 total packets 16425 RTS 0 total bytes 67112550 in_flight now 0 fair_inc 13117 prop_inc 0 fast_inc 0 eta_inc 17610579 multi_dec -17463696 quick_dec -125648 nack_dec -738700
Flow Uec_3858_0 flowId 60 uecSrc 59 finished at 333735 total messages 1 total packets 16425 RTS 0 total bytes 67112550 in_flight now 0 fair_inc 13025 prop_inc 0 fast_inc 0 eta_inc 17655765 multi_dec -17490471 quick_dec -127533 nack_dec -792650
Flow Uec_4673_0 flowId 115 uecSrc 114 finished at 336412 total messages 1 total packets 16425 RTS 0 total bytes 67112550 in_flight now 0 fair_inc 45732 prop_inc 0 fast_inc 0 eta_inc 17815245 multi_dec -17710410 quick_dec -198701 nack_dec -784350
Flow Uec_1770_0 flowId 74 uecSrc 73 finished at 337326 total messages 1 total packets 16425 RTS 0 total bytes 67112550 in_flight now 0 fair_inc 64250 prop_inc 0 fast_inc 0 eta_inc 17873721 multi_dec -17780644 quick_dec -131682 nack_dec -780200
Flow Uec_6819_0 flowId 101 uecSrc 100 finished at 337680 total messages 1 total packets 16425 RTS 0 total bytes 67112550 in_flight now 0 fair_inc 32191 prop_inc 0 fast_inc 0 eta_inc 17869734 multi_dec -17740603 quick_dec -183351 nack_dec -842450
Flow Uec_1859_0 flowId 63 uecSrc 62 finished at 338382 total messages 1 total packets 16425 RTS 0 total bytes 67112550 in_flight now 0 fair_inc 58843 prop_inc 0 fast_inc 0 eta_inc 17929539 multi_dec -17834602 quick_dec -192917 nack_dec -755300
Flow Uec_7286_0 flowId 49 uecSrc 48 finished at 338695 total messages 1 total packets 16425 RTS 0 total bytes 67112550 in_flight now 0 fair_inc 52797 prop_inc 0 fast_inc 0 eta_inc 17933526 multi_dec -17819742 quick_dec -198859 nack_dec -780200
Flow Uec_7079_0 flowId 114 uecSrc 113 finished at 338779 total messages 1 total packets 16425 RTS 0 total bytes 67112550 in_flight now 0 fair_inc 54280 prop_inc 0 fast_inc 0 eta_inc 17936184 multi_dec -17818574 quick_dec -168119 nack_dec -813400
Flow Uec_7489_0 flowId 111 uecSrc 110 finished at 339673 total messages 1 total packets 16425 RTS 0 total bytes 67112550 in_flight now 0 fair_inc 65166 prop_inc 0 fast_inc 0 eta_inc 17986686 multi_dec -17893201 quick_dec -176893 nack_dec -830000
Flow Uec_3808_0 flowId 11 uecSrc 10 finished at 340199 total messages 1 total packets 16425 RTS 0 total bytes 67112550 in_flight now 0 fair_inc 68972 prop_inc 0 fast_inc 0 eta_inc 18006621 multi_dec -17960465 quick_dec -148350 nack_dec -830000
Flow Uec_2622_0 flowId 107 uecSrc 106 finished at 341322 total messages 1 total packets 16425 RTS 0 total bytes 67112550 in_flight now 0 fair_inc 62111 prop_inc 0 fast_inc 0 eta_inc 18081045 multi_dec -17970348 quick_dec -171945 nack_dec -780200
Flow Uec_7875_0 flowId 59 uecSrc 58 finished at 341421 total messages 1 total packets 16425 RTS 0 total bytes 67112550 in_flight now 0 fair_inc 64994 prop_inc 0 fast_inc 0 eta_inc 18070413 multi_dec -17978772 quick_dec -169077 nack_dec -817550
Flow Uec_1895_0 flowId 2 uecSrc 1 finished at 342126 total messages 1 total packets 16425 RTS 0 total bytes 67112550 in_flight now 0 fair_inc 58983 prop_inc 746 fast_inc 0 eta_inc 18123573 multi_dec -18026598 quick_dec -174972 nack_dec -792650
Flow Uec_4725_0 flowId 78 uecSrc 77 finished at 342307 total messages 1 total packets 16425 RTS 0 total bytes 67112550 in_flight now 0 fair_inc 65411 prop_inc 0 fast_inc 0 eta_inc 18094335 multi_dec -17986321 quick_dec -190191 nack_dec -892250
Flow Uec_343_0 flowId 5 uecSrc 4 finished at 342339 total messages 1 total packets 16425 RTS 0 total bytes 67112550 in_flight now 0 fair_inc 57004 prop_inc 316 fast_inc 0 eta_inc 18144837 multi_dec -18082232 quick_dec -165915 nack_dec -747000
Flow Uec_5501_0 flowId 82 uecSrc 81 finished at 342380 total messages 1 total packets 16425 RTS 0 total bytes 67112550 in_flight now 0 fair_inc 96461 prop_inc 361 fast_inc 0 eta_inc 18104967 multi_dec -18016361 quick_dec -148997 nack_dec -946200
Flow Uec_6678_0 flowId 48 uecSrc 47 finished at 342693 total messages 1 total packets 16425 RTS 0 total bytes 67112550 in_flight now 0 fair_inc 112239 prop_inc 199 fast_inc 0 eta_inc 18152811 multi_dec -18177970 quick_dec -183091 nack_dec -755300
Flow Uec_5065_0 flowId 61 uecSrc 60 finished at 343504 total messages 1 total packets 16425 RTS 0 total bytes 67112550 in_flight now 0 fair_inc 38815 prop_inc 193 fast_inc 0 eta_inc 18205971 multi_dec -18077572 quick_dec -175935 nack_dec -772828
Flow Uec_6991_0 flowId 112 uecSrc 111 finished at 343755 total messages 1 total packets 16425 RTS 0 total bytes 67112550 in_flight now 0 fair_inc 113054 prop_inc 1075 fast_inc 0 eta_inc 18212616 multi_dec -18197568 quick_dec -200983 nack_dec -834150
Flow Uec_465_0 flowId 68 uecSrc 67 finished at 344502 total messages 1 total packets 16425 RTS 0 total bytes 67112550 in_flight now 0 fair_inc 147725 prop_inc 0 fast_inc 0 eta_inc 18253815 multi_dec -18239699 quick_dec -184785 nack_dec -830000
Flow Uec_4755_0 flowId 105 uecSrc 104 finished at 344549 total messages 1 total packets 16425 RTS 0 total bytes 67112550 in_flight now 0 fair_inc 151164 prop_inc 1861 fast_inc 0 eta_inc 18243183 multi_dec -18231853 quick_dec -207836 nack_dec -933750
Flow Uec_2092_0 flowId 23 uecSrc 22 finished at 344765 total messages 1 total packets 16425 RTS 0 total bytes 67112550 in_flight now 0 fair_inc 128441 prop_inc 441 fast_inc 0 eta_inc 18271092 multi_dec -18327453 quick_dec -165017 nack_dec -805100
Flow Uec_7264_0 flowId 32 uecSrc 31 finished at 344844 total messages 1 total packets 16425 RTS 0 total bytes 67112550 in_flight now 0 fair_inc 81369 prop_inc 0 fast_inc 0 eta_inc 18271092 multi_dec -18213394 quick_dec -143207 nack_dec -805100
Flow Uec_3713_0 flowId 55 uecSrc 54 finished at 345162 total messages 1 total packets 16425 RTS 0 total bytes 67112550 in_flight now 0 fair_inc 132049 prop_inc 1261 fast_inc 0 eta_inc 18289698 multi_dec -18266884 quick_dec -173290 nack_dec -875650
Flow Uec_2903_0 flowId 109 uecSrc 108 finished at 346005 total messages 1 total packets 16425 RTS 0 total bytes 67112550 in_flight now 0 fair_inc 201104 prop_inc 762 fast_inc 0 eta_inc 18340200 multi_dec -18427557 quick_dec -201131 nack_dec -813400
Flow Uec_6518_0 flowId 37 uecSrc 36 finished at 346465 total messages 1 total packets 16425 RTS 0 total bytes 67112550 in_flight now 0 fair_inc 151601 prop_inc 745 fast_inc 0 eta_inc 18354819 multi_dec -18296703 quick_dec -191015 nack_dec -929600
Flow Uec_2422_0 flowId 33 uecSrc 32 finished at 346552 total messages 1 total packets 16425 RTS 0 total bytes 67112550 in_flight now 0 fair_inc 149497 prop_inc 520 fast_inc 0 eta_inc 18368109 multi_dec -18354336 quick_dec -204794 nack_dec -863200
Flow Uec_5199_0 flowId 81 uecSrc 80 finished at 346653 total messages 1 total packets 16425 RTS 0 total bytes 67112550 in_flight now 0 fair_inc 155719 prop_inc 991 fast_inc 0 eta_inc 18373425 multi_dec -18374622 quick_dec -256220 nack_dec -826314
Flow Uec_7575_0 flowId 51 uecSrc 50 finished at 346769 total messages 1 total packets 16425 RTS 0 total bytes 67112550 in_flight now 0 fair_inc 212991 prop_inc 2858 fast_inc 0 eta_inc 18393360 multi_dec -18487900 quick_dec -231150 nack_dec -875650
Flow Uec_6660_0 flowId 79 uecSrc 78 finished at 347020 total messages 1 total packets 16425 RTS 0 total bytes 67112550 in_flight now 0 fair_inc 240505 prop_inc 3687 fast_inc 0 eta_inc 18396018 multi_dec -18448024 quick_dec -272645 nack_dec -880728
Flow Uec_8165_0 flowId 41 uecSrc 40 finished at 347148 total messages 1 total packets 16425 RTS 0 total bytes 67112550 in_flight now 0 fair_inc 183247 prop_inc 373 fast_inc 0 eta_inc 18419940 multi_dec -18528531 quick_dec -208449 nack_dec -792650
Flow Uec_3907_0 flowId 64 uecSrc 63 finished at 347220 total messages 1 total packets 16425 RTS 0 total bytes 67112550 in_flight now 0 fair_inc 237961 prop_inc 2459 fast_inc 0 eta_inc 18423927 multi_dec -18553108 quick_dec -236377 nack_dec -867350
Flow Uec_5316_0 flowId 92 uecSrc 91 finished at 347289 total messages 1 total packets 16425 RTS 0 total bytes 67112550 in_flight now 0 fair_inc 198393 prop_inc 440 fast_inc 0 eta_inc 18422598 multi_dec -18479114 quick_dec -292959 nack_dec -805100
Flow Uec_3111_0 flowId 56 uecSrc 55 finished at 347336 total messages 1 total packets 16425 RTS 0 total bytes 67112550 in_flight now 0 fair_inc 207811 prop_inc 675 fast_inc 0 eta_inc 18425256 multi_dec -18499848 quick_dec -239712 nack_dec -838300
Flow Uec_8180_0 flowId 69 uecSrc 68 finished at 347383 total messages 1 total packets 16425 RTS 0 total bytes 67112550 in_flight now 0 fair_inc 231321 prop_inc 1820 fast_inc 0 eta_inc 18411966 multi_dec -18497612 quick_dec -265147 nack_dec -942050
Flow Uec_4537_0 flowId 89 uecSrc 88 finished at 347492 total messages 1 total packets 16425 RTS 0 total bytes 67112550 in_flight now 0 fair_inc 187425 prop_inc 11587 fast_inc 0 eta_inc 18406650 multi_dec -18383924 quick_dec -252444 nack_dec -939292
Flow Uec_6169_0 flowId 91 uecSrc 90 finished at 347583 total messages 1 total packets 16425 RTS 0 total bytes 67112550 in_flight now 0 fair_inc 197260 prop_inc 1100 fast_inc 0 eta_inc 18423927 multi_dec -18435728 quick_dec -347998 nack_dec -888100
Flow Uec_6700_0 flowId 28 uecSrc 27 finished at 347711 total messages 1 total packets 16425 RTS 0 total bytes 67112550 in_flight now 0 fair_inc 171174 prop_inc 4423 fast_inc 0 eta_inc 18422598 multi_dec -18415747 quick_dec -296329 nack_dec -892250
Flow Uec_4081_0 flowId 50 uecSrc 49 finished at 347963 total messages 1 total packets 16425 RTS 0 total bytes 67112550 in_flight now 0 fair_inc 198136 prop_inc 2172 fast_inc 0 eta_inc 18457152 multi_dec -18538043 quick_dec -224753 nack_dec -838300
Flow Uec_7497_0 flowId 40 uecSrc 39 finished at 348089 total messages 1 total packets 16425 RTS 0 total bytes 67112550 in_flight now 0 fair_inc 255463 prop_inc 7973 fast_inc 0 eta_inc 18439875 multi_dec -18552147 quick_dec -284587 nack_dec -925450
Flow Uec_2513_0 flowId 1 uecSrc 0 finished at 348150 total messages 1 total packets 16425 RTS 0 total bytes 67112550 in_flight now 0 fair_inc 220081 prop_inc 5761 fast_inc 0 eta_inc 18455823 multi_dec -18513736 quick_dec -307358 nack_dec -871500
Flow Uec_4690_0 flowId 29 uecSrc 28 finished at 348182 total messages 1 total packets 16425 RTS 0 total bytes 67112550 in_flight now 0 fair_inc 240801 prop_inc 5920 fast_inc 0 eta_inc 18487719 multi_dec -18651592 quick_dec -265921 nack_dec -776050
Flow Uec_7050_0 flowId 87 uecSrc 86 finished at 348189 total messages 1 total packets 16425 RTS 0 total bytes 67112550 in_flight now 0 fair_inc 294650 prop_inc 10127 fast_inc 0 eta_inc 18457152 multi_dec -18555426 quick_dec -277260 nack_dec -921300
Flow Uec_7257_0 flowId 18 uecSrc 17 finished at 348192 total messages 1 total packets 16425 RTS 0 total bytes 67112550 in_flight now 0 fair_inc 153012 prop_inc 6864 fast_inc 0 eta_inc 18465126 multi_dec -18425673 quick_dec -260732 nack_dec -846600
Flow Uec_2512_0 flowId 72 uecSrc 71 finished at 348217 total messages 1 total packets 16425 RTS 0 total bytes 67112550 in_flight now 0 fair_inc 278099 prop_inc 7569 fast_inc 0 eta_inc 18469113 multi_dec -18556988 quick_dec -386298 nack_dec -892250
Flow Uec_432_0 flowId 100 uecSrc 99 finished at 348261 total messages 1 total packets 16425 RTS 0 total bytes 67112550 in_flight now 0 fair_inc 229917 prop_inc 4948 fast_inc 0 eta_inc 18474429 multi_dec -18504113 quick_dec -288539 nack_dec -859050
Flow Uec_4251_0 flowId 52 uecSrc 51 finished at 348261 total messages 1 total packets 16425 RTS 0 total bytes 67112550 in_flight now 0 fair_inc 201505 prop_inc 4652 fast_inc 0 eta_inc 18441204 multi_dec -18447290 quick_dec -301639 nack_dec -937900
Flow Uec_4058_0 flowId 83 uecSrc 82 finished at 348295 total messages 1 total packets 16425 RTS 0 total bytes 67112550 in_flight now 0 fair_inc 117455 prop_inc 7196 fast_inc 0 eta_inc 18491706 multi_dec -18483092 quick_dec -220876 nack_dec -771900
Flow Uec_2395_0 flowId 10 uecSrc 9 finished at 348342 total messages 1 total packets 16425 RTS 0 total bytes 67112550 in_flight now 0 fair_inc 231784 prop_inc 8952 fast_inc 0 eta_inc 18498351 multi_dec -18520395 quick_dec -335971 nack_dec -784350
Flow Uec_6201_0 flowId 97 uecSrc 96 finished at 348364 total messages 1 total packets 16425 RTS 0 total bytes 67112550 in_flight now 0 fair_inc 132367 prop_inc 8682 fast_inc 0 eta_inc 18447849 multi_dec -18302103 quick_dec -226538 nack_dec -942050
Flow Uec_3697_0 flowId 35 uecSrc 34 finished at 348436 total messages 1 total packets 16425 RTS 0 total bytes 67112550 in_flight now 0 fair_inc 226386 prop_inc 7511 fast_inc 0 eta_inc 18471771 multi_dec -18576478 quick_dec -234577 nack_dec -850750
Flow Uec_5527_0 flowId 53 uecSrc 52 finished at 348555 total messages 1 total packets 16425 RTS 0 total bytes 67112550 in_flight now 0 fair_inc 247715 prop_inc 10085 fast_inc 0 eta_inc 18489048 multi_dec -18655871 quick_dec -262763 nack_dec -846600
Flow Uec_4224_0 flowId 128 uecSrc 127 finished at 348577 total messages 1 total packets 16425 RTS 0 total bytes 67112550 in_flight now 0 fair_inc 274057 prop_inc 5939 fast_inc 0 eta_inc 18486390 multi_dec -18568827 quick_dec -308446 nack_dec -917150
Flow Uec_473_0 flowId 75 uecSrc 74 finished at 348585 total messages 1 total packets 16425 RTS 0 total bytes 67112550 in_flight now 0 fair_inc 177548 prop_inc 12586 fast_inc 0 eta_inc 18481074 multi_dec -18423386 quick_dec -240970 nack_dec -850750
Flow Uec_2604_0 flowId 22 uecSrc 21 finished at 348591 total messages 1 total packets 16425 RTS 0 total bytes 67112550 in_flight now 0 fair_inc 240028 prop_inc 8308 fast_inc 0 eta_inc 18483732 multi_dec -18526925 quick_dec -239310 nack_dec -871500
Flow Uec_747_0 flowId 120 uecSrc 119 finished at 348616 total messages 1 total packets 16425 RTS 0 total bytes 67112550 in_flight now 0 fair_inc 255578 prop_inc 16982 fast_inc 0 eta_inc 18494364 multi_dec -18608972 quick_dec -295121 nack_dec -830000
Flow Uec_6887_0 flowId 103 uecSrc 102 finished at 348812 total messages 1 total packets 16425 RTS 0 total bytes 67112550 in_flight now 0 fair_inc 255311 prop_inc 30786 fast_inc 0 eta_inc 18475758 multi_dec -18520027 quick_dec -240914 nack_dec -942050
Flow Uec_5482_0 flowId 17 uecSrc 16 finished at 348886 total messages 1 total packets 16425 RTS 0 total bytes 67112550 in_flight now 0 fair_inc 255003 prop_inc 28172 fast_inc 0 eta_inc 18506325 multi_dec -18560609 quick_dec -292819 nack_dec -946200
Flow Uec_5071_0 flowId 38 uecSrc 37 finished at 348888 total messages 1 total packets 16425 RTS 0 total bytes 67112550 in_flight now 0 fair_inc 262826 prop_inc 27976 fast_inc 0 eta_inc 18523602 multi_dec -18548697 quick_dec -362631 nack_dec -879800
Flow Uec_364_0 flowId 16 uecSrc 15 finished at 348935 total messages 1 total packets 16425 RTS 0 total bytes 67112550 in_flight now 0 fair_inc 249526 prop_inc 40559 fast_inc 0 eta_inc 18490377 multi_dec -18507965 quick_dec -259010 nack_dec -937900
Flow Uec_1569_0 flowId 118 uecSrc 117 finished at 348970 total messages 1 total packets 16425 RTS 0 total bytes 67112550 in_flight now 0 fair_inc 268599 prop_inc 66826 fast_inc 0 eta_inc 18514299 multi_dec -18519116 quick_dec -243605 nack_dec -925450
Flow Uec_7825_0 flowId 99 uecSrc 98 finished at 348975 total messages 1 total packets 16425 RTS 0 total bytes 67112550 in_flight now 0 fair_inc 190066 prop_inc 62166 fast_inc 0 eta_inc 18528918 multi_dec -18579892 quick_dec -214052 nack_dec -800950
Flow Uec_1154_0 flowId 116 uecSrc 115 finished at 349058 total messages 1 total packets 16425 RTS 0 total bytes 67112550 in_flight now 0 fair_inc 204679 prop_inc 149700 fast_inc 0 eta_inc 18527589 multi_dec -18552610 quick_dec -235143 nack_dec -842450
Flow Uec_4263_0 flowId 34 uecSrc 33 finished at 349062 total messages 1 total packets 16425 RTS 0 total bytes 67112550 in_flight now 0 fair_inc 168650 prop_inc 171822 fast_inc 0 eta_inc 18531576 multi_dec -18492618 quick_dec -245136 nack_dec -842450
New: 2102400 Rtx: 25972 RTS: 0 Bounced: 0 ACKs: 2101802 NACKs: 25972 Pulls: 0 sleek_pkts: 0
SPURIOUS_COUNT 0
