Flow Uec_4253_0 flowId 27 uecSrc 26 finished at 36116.3 total messages 1 total packets 16425 RTS 0 total bytes 67112550 in_flight now 0 fair_inc 19258 prop_inc 0 fast_inc 0 eta_inc 5316 multi_dec -0 quick_dec -14826 nack_dec -481400
..Flow Uec_118_0 flowId 2 uecSrc 1 finished at 142253 total messages 1 total packets 16425 RTS 0 total bytes 67112550 in_flight now 0 fair_inc 458570 prop_inc 5544 fast_inc 0 eta_inc 9410649 multi_dec -10101026 quick_dec --300664 nack_dec -1128800
Flow Uec_135_0 flowId 62 uecSrc 61 finished at 143448 total messages 1 total packets 16425 RTS 0 total bytes 67112550 in_flight now 0 fair_inc 462300 prop_inc 3562 fast_inc 0 eta_inc 9510324 multi_dec -10247225 quick_dec --214169 nack_dec -996000
.Flow Uec_6752_0 flowId 20 uecSrc 19 finished at 158717 total messages 1 total packets 16425 RTS 0 total bytes 67112550 in_flight now 0 fair_inc 452241 prop_inc 0 fast_inc 0 eta_inc 8647803 multi_dec -9311597 quick_dec -108874 nack_dec -830000
Flow Uec_6651_0 flowId 60 uecSrc 59 finished at 161514 total messages 1 total packets 16425 RTS 0 total bytes 67112550 in_flight now 0 fair_inc 509271 prop_inc 0 fast_inc 0 eta_inc 8799309 multi_dec -9453763 quick_dec -177693 nack_dec -896400
Flow Uec_2393_0 flowId 14 uecSrc 13 finished at 163077 total messages 1 total packets 16425 RTS 0 total bytes 67112550 in_flight now 0 fair_inc 415679 prop_inc 0 fast_inc 0 eta_inc 8891010 multi_dec -9524227 quick_dec -73656 nack_dec -800950
Flow Uec_2390_0 flowId 18 uecSrc 17 finished at 163174 total messages 1 total packets 16425 RTS 0 total bytes 67112550 in_flight now 0 fair_inc 389643 prop_inc 0 fast_inc 0 eta_inc 8905629 multi_dec -9506117 quick_dec -76138 nack_dec -788500
Flow Uec_1164_0 flowId 21 uecSrc 20 finished at 163182 total messages 1 total packets 16425 RTS 0 total bytes 67112550 in_flight now 0 fair_inc 429001 prop_inc 0 fast_inc 0 eta_inc 8894997 multi_dec -9536184 quick_dec -117527 nack_dec -788500
Flow Uec_2895_0 flowId 30 uecSrc 29 finished at 167759 total messages 1 total packets 16425 RTS 0 total bytes 67112550 in_flight now 0 fair_inc 615561 prop_inc 0 fast_inc 0 eta_inc 9150165 multi_dec -10173022 quick_dec -68412 nack_dec -834150
Flow Uec_2609_0 flowId 1 uecSrc 0 finished at 168350 total messages 1 total packets 16425 RTS 0 total bytes 67112550 in_flight now 0 fair_inc 630484 prop_inc 281 fast_inc 0 eta_inc 9188706 multi_dec -10243417 quick_dec -150279 nack_dec -792650
Flow Uec_1333_0 flowId 46 uecSrc 45 finished at 168520 total messages 1 total packets 16425 RTS 0 total bytes 67112550 in_flight now 0 fair_inc 653940 prop_inc 0 fast_inc 0 eta_inc 9203325 multi_dec -10182891 quick_dec -253226 nack_dec -805100
Flow Uec_7890_0 flowId 55 uecSrc 54 finished at 168614 total messages 1 total packets 16425 RTS 0 total bytes 67112550 in_flight now 0 fair_inc 648948 prop_inc 0 fast_inc 0 eta_inc 9204654 multi_dec -10223834 quick_dec -221878 nack_dec -796800
Flow Uec_4429_0 flowId 42 uecSrc 41 finished at 169236 total messages 1 total packets 16425 RTS 0 total bytes 67112550 in_flight now 0 fair_inc 688564 prop_inc 215 fast_inc 0 eta_inc 9239208 multi_dec -10214268 quick_dec -249782 nack_dec -900550
Flow Uec_2538_0 flowId 53 uecSrc 52 finished at 169700 total messages 1 total packets 16425 RTS 0 total bytes 67112550 in_flight now 0 fair_inc 587509 prop_inc 206 fast_inc 0 eta_inc 9265788 multi_dec -10261329 quick_dec -133101 nack_dec -805100
Flow Uec_775_0 flowId 48 uecSrc 47 finished at 170226 total messages 1 total packets 16425 RTS 0 total bytes 67112550 in_flight now 0 fair_inc 581510 prop_inc 90 fast_inc 0 eta_inc 9292368 multi_dec -10301498 quick_dec -215573 nack_dec -780200
Flow Uec_5185_0 flowId 54 uecSrc 53 finished at 170812 total messages 1 total packets 16425 RTS 0 total bytes 67112550 in_flight now 0 fair_inc 539656 prop_inc 0 fast_inc 0 eta_inc 9317619 multi_dec -10175979 quick_dec -169544 nack_dec -784350
Flow Uec_2570_0 flowId 61 uecSrc 60 finished at 170864 total messages 1 total packets 16425 RTS 0 total bytes 67112550 in_flight now 0 fair_inc 661346 prop_inc 678 fast_inc 0 eta_inc 9308316 multi_dec -10219624 quick_dec -248247 nack_dec -937900
Flow Uec_6577_0 flowId 23 uecSrc 22 finished at 171037 total messages 1 total packets 16425 RTS 0 total bytes 67112550 in_flight now 0 fair_inc 557322 prop_inc 343 fast_inc 0 eta_inc 9324264 multi_dec -10101901 quick_dec -132618 nack_dec -859050
Flow Uec_6918_0 flowId 10 uecSrc 9 finished at 171285 total messages 1 total packets 16425 RTS 0 total bytes 67112550 in_flight now 0 fair_inc 571750 prop_inc 254 fast_inc 0 eta_inc 9324264 multi_dec -10261741 quick_dec -83336 nack_dec -846600
Flow Uec_987_0 flowId 8 uecSrc 7 finished at 171896 total messages 1 total packets 16425 RTS 0 total bytes 67112550 in_flight now 0 fair_inc 581384 prop_inc 0 fast_inc 0 eta_inc 9373437 multi_dec -10314467 quick_dec -139100 nack_dec -788500
Flow Uec_6935_0 flowId 4 uecSrc 3 finished at 172019 total messages 1 total packets 16425 RTS 0 total bytes 67112550 in_flight now 0 fair_inc 574680 prop_inc 1229 fast_inc 0 eta_inc 9386727 multi_dec -10298715 quick_dec -171162 nack_dec -838300
Flow Uec_7483_0 flowId 52 uecSrc 51 finished at 172026 total messages 1 total packets 16425 RTS 0 total bytes 67112550 in_flight now 0 fair_inc 539337 prop_inc 4059 fast_inc 0 eta_inc 9377424 multi_dec -10374466 quick_dec -14226 nack_dec -813400
Flow Uec_6670_0 flowId 25 uecSrc 24 finished at 172125 total messages 1 total packets 16425 RTS 0 total bytes 67112550 in_flight now 0 fair_inc 607593 prop_inc 411 fast_inc 0 eta_inc 9385398 multi_dec -10241616 quick_dec -211468 nack_dec -821700
Flow Uec_5656_0 flowId 17 uecSrc 16 finished at 172232 total messages 1 total packets 16425 RTS 0 total bytes 67112550 in_flight now 0 fair_inc 577939 prop_inc 72 fast_inc 0 eta_inc 9393372 multi_dec -10235005 quick_dec -205525 nack_dec -867350
Flow Uec_2487_0 flowId 31 uecSrc 30 finished at 172327 total messages 1 total packets 16425 RTS 0 total bytes 67112550 in_flight now 0 fair_inc 645314 prop_inc 472 fast_inc 0 eta_inc 9404004 multi_dec -10337244 quick_dec -215093 nack_dec -904700
Flow Uec_2768_0 flowId 28 uecSrc 27 finished at 172403 total messages 1 total packets 16425 RTS 0 total bytes 67112550 in_flight now 0 fair_inc 616730 prop_inc 554 fast_inc 0 eta_inc 9404004 multi_dec -10302572 quick_dec -186540 nack_dec -780200
Flow Uec_4336_0 flowId 5 uecSrc 4 finished at 172443 total messages 1 total packets 16425 RTS 0 total bytes 67112550 in_flight now 0 fair_inc 612525 prop_inc 240 fast_inc 0 eta_inc 9409320 multi_dec -10318286 quick_dec -271096 nack_dec -834150
Flow Uec_6544_0 flowId 56 uecSrc 55 finished at 172516 total messages 1 total packets 16425 RTS 0 total bytes 67112550 in_flight now 0 fair_inc 616589 prop_inc 98 fast_inc 0 eta_inc 9398688 multi_dec -10319248 quick_dec -123382 nack_dec -854900
Flow Uec_7813_0 flowId 49 uecSrc 48 finished at 172538 total messages 1 total packets 16425 RTS 0 total bytes 67112550 in_flight now 0 fair_inc 556479 prop_inc 0 fast_inc 0 eta_inc 9411978 multi_dec -10304319 quick_dec -129098 nack_dec -834150
Flow Uec_3567_0 flowId 19 uecSrc 18 finished at 172736 total messages 1 total packets 16425 RTS 0 total bytes 67112550 in_flight now 0 fair_inc 545635 prop_inc 1859 fast_inc 0 eta_inc 9419952 multi_dec -10346039 quick_dec -106252 nack_dec -821700
Flow Uec_6290_0 flowId 51 uecSrc 50 finished at 172889 total messages 1 total packets 16425 RTS 0 total bytes 67112550 in_flight now 0 fair_inc 581115 prop_inc 149 fast_inc 0 eta_inc 9425268 multi_dec -10350730 quick_dec -217513 nack_dec -850750
Flow Uec_5103_0 flowId 35 uecSrc 34 finished at 172962 total messages 1 total packets 16425 RTS 0 total bytes 67112550 in_flight now 0 fair_inc 614496 prop_inc 374 fast_inc 0 eta_inc 9434571 multi_dec -10315284 quick_dec -212254 nack_dec -966950
Flow Uec_5875_0 flowId 41 uecSrc 40 finished at 173113 total messages 1 total packets 16425 RTS 0 total bytes 67112550 in_flight now 0 fair_inc 553454 prop_inc 746 fast_inc 0 eta_inc 9430584 multi_dec -10271972 quick_dec -117931 nack_dec -817550
Flow Uec_5426_0 flowId 22 uecSrc 21 finished at 173115 total messages 1 total packets 16425 RTS 0 total bytes 67112550 in_flight now 0 fair_inc 578159 prop_inc 772 fast_inc 0 eta_inc 9451848 multi_dec -10389177 quick_dec -204395 nack_dec -825850
Flow Uec_3096_0 flowId 11 uecSrc 10 finished at 173126 total messages 1 total packets 16425 RTS 0 total bytes 67112550 in_flight now 0 fair_inc 606578 prop_inc 1269 fast_inc 0 eta_inc 9447861 multi_dec -10339682 quick_dec -124662 nack_dec -879800
Flow Uec_5120_0 flowId 40 uecSrc 39 finished at 173176 total messages 1 total packets 16425 RTS 0 total bytes 67112550 in_flight now 0 fair_inc 598807 prop_inc 724 fast_inc 0 eta_inc 9441216 multi_dec -10383854 quick_dec -157523 nack_dec -867350
Flow Uec_1880_0 flowId 57 uecSrc 56 finished at 173181 total messages 1 total packets 16425 RTS 0 total bytes 67112550 in_flight now 0 fair_inc 597162 prop_inc 346 fast_inc 0 eta_inc 9443874 multi_dec -10267303 quick_dec -269590 nack_dec -900550
Flow Uec_605_0 flowId 44 uecSrc 43 finished at 173370 total messages 1 total packets 16425 RTS 0 total bytes 67112550 in_flight now 0 fair_inc 539150 prop_inc 461 fast_inc 0 eta_inc 9457164 multi_dec -10286047 quick_dec -179279 nack_dec -859050
Flow Uec_4558_0 flowId 38 uecSrc 37 finished at 173410 total messages 1 total packets 16425 RTS 0 total bytes 67112550 in_flight now 0 fair_inc 590715 prop_inc 0 fast_inc 0 eta_inc 9459822 multi_dec -10292327 quick_dec -200949 nack_dec -933750
Flow Uec_5442_0 flowId 3 uecSrc 2 finished at 173479 total messages 1 total packets 16425 RTS 0 total bytes 67112550 in_flight now 0 fair_inc 573799 prop_inc 2802 fast_inc 0 eta_inc 9458493 multi_dec -10325223 quick_dec -191393 nack_dec -913000
Flow Uec_8063_0 flowId 26 uecSrc 25 finished at 173526 total messages 1 total packets 16425 RTS 0 total bytes 67112550 in_flight now 0 fair_inc 577982 prop_inc 2770 fast_inc 0 eta_inc 9454506 multi_dec -10284173 quick_dec -159087 nack_dec -888100
Flow Uec_7061_0 flowId 24 uecSrc 23 finished at 173543 total messages 1 total packets 16425 RTS 0 total bytes 67112550 in_flight now 0 fair_inc 566940 prop_inc 2044 fast_inc 0 eta_inc 9469125 multi_dec -10309521 quick_dec -263171 nack_dec -834150
Flow Uec_6298_0 flowId 50 uecSrc 49 finished at 173551 total messages 1 total packets 16425 RTS 0 total bytes 67112550 in_flight now 0 fair_inc 608799 prop_inc 2501 fast_inc 0 eta_inc 9450519 multi_dec -10206568 quick_dec -209116 nack_dec -946200
Flow Uec_5690_0 flowId 36 uecSrc 35 finished at 173574 total messages 1 total packets 16425 RTS 0 total bytes 67112550 in_flight now 0 fair_inc 560937 prop_inc 4991 fast_inc 0 eta_inc 9467796 multi_dec -10232862 quick_dec -224468 nack_dec -817550
Flow Uec_1830_0 flowId 43 uecSrc 42 finished at 173580 total messages 1 total packets 16425 RTS 0 total bytes 67112550 in_flight now 0 fair_inc 519975 prop_inc 13074 fast_inc 0 eta_inc 9478428 multi_dec -10193625 quick_dec -248726 nack_dec -850750
Flow Uec_6483_0 flowId 39 uecSrc 38 finished at 173787 total messages 1 total packets 16425 RTS 0 total bytes 67112550 in_flight now 0 fair_inc 586557 prop_inc 5176 fast_inc 0 eta_inc 9494376 multi_dec -10378243 quick_dec -226347 nack_dec -809250
Flow Uec_7463_0 flowId 15 uecSrc 14 finished at 173838 total messages 1 total packets 16425 RTS 0 total bytes 67112550 in_flight now 0 fair_inc 518568 prop_inc 4092 fast_inc 0 eta_inc 9470454 multi_dec -10272214 quick_dec -140557 nack_dec -842450
Flow Uec_4894_0 flowId 12 uecSrc 11 finished at 174015 total messages 1 total packets 16425 RTS 0 total bytes 67112550 in_flight now 0 fair_inc 572317 prop_inc 14973 fast_inc 0 eta_inc 9494376 multi_dec -10269866 quick_dec -198559 nack_dec -863200
Flow Uec_4351_0 flowId 37 uecSrc 36 finished at 174058 total messages 1 total packets 16425 RTS 0 total bytes 67112550 in_flight now 0 fair_inc 606447 prop_inc 4543 fast_inc 0 eta_inc 9491718 multi_dec -10247389 quick_dec -193160 nack_dec -875650
Flow Uec_5141_0 flowId 13 uecSrc 12 finished at 174088 total messages 1 total packets 16425 RTS 0 total bytes 67112550 in_flight now 0 fair_inc 532417 prop_inc 5342 fast_inc 0 eta_inc 9505008 multi_dec -10204474 quick_dec -115662 nack_dec -800950
Flow Uec_7247_0 flowId 16 uecSrc 15 finished at 174119 total messages 1 total packets 16425 RTS 0 total bytes 67112550 in_flight now 0 fair_inc 491416 prop_inc 4169 fast_inc 0 eta_inc 9497034 multi_dec -10233940 quick_dec -98229 nack_dec -830000
Flow Uec_6841_0 flowId 59 uecSrc 58 finished at 174173 total messages 1 total packets 16425 RTS 0 total bytes 67112550 in_flight now 0 fair_inc 528961 prop_inc 2421 fast_inc 0 eta_inc 9505008 multi_dec -10326935 quick_dec -202768 nack_dec -788500
Flow Uec_6797_0 flowId 64 uecSrc 63 finished at 174217 total messages 1 total packets 16425 RTS 0 total bytes 67112550 in_flight now 0 fair_inc 534715 prop_inc 5729 fast_inc 0 eta_inc 9502350 multi_dec -10151451 quick_dec -166054 nack_dec -871500
Flow Uec_6900_0 flowId 33 uecSrc 32 finished at 174279 total messages 1 total packets 16425 RTS 0 total bytes 67112550 in_flight now 0 fair_inc 564076 prop_inc 6732 fast_inc 0 eta_inc 9503679 multi_dec -10189591 quick_dec -160384 nack_dec -879800
Flow Uec_771_0 flowId 45 uecSrc 44 finished at 174355 total messages 1 total packets 16425 RTS 0 total bytes 67112550 in_flight now 0 fair_inc 503601 prop_inc 5191 fast_inc 0 eta_inc 9510324 multi_dec -10082064 quick_dec -208388 nack_dec -875650
Flow Uec_7943_0 flowId 6 uecSrc 5 finished at 174357 total messages 1 total packets 16425 RTS 0 total bytes 67112550 in_flight now 0 fair_inc 545530 prop_inc 6138 fast_inc 0 eta_inc 9493047 multi_dec -10127058 quick_dec -162758 nack_dec -888100
Flow Uec_7967_0 flowId 34 uecSrc 33 finished at 174375 total messages 1 total packets 16425 RTS 0 total bytes 67112550 in_flight now 0 fair_inc 559256 prop_inc 7447 fast_inc 0 eta_inc 9498363 multi_dec -10153242 quick_dec -119101 nack_dec -913000
Flow Uec_2929_0 flowId 29 uecSrc 28 finished at 174411 total messages 1 total packets 16425 RTS 0 total bytes 67112550 in_flight now 0 fair_inc 583042 prop_inc 11592 fast_inc 0 eta_inc 9520956 multi_dec -10270381 quick_dec -125608 nack_dec -896400
Flow Uec_675_0 flowId 9 uecSrc 8 finished at 174427 total messages 1 total packets 16425 RTS 0 total bytes 67112550 in_flight now 0 fair_inc 548954 prop_inc 17634 fast_inc 0 eta_inc 9503679 multi_dec -10216519 quick_dec -156567 nack_dec -933750
Flow Uec_3757_0 flowId 32 uecSrc 31 finished at 174450 total messages 1 total packets 16425 RTS 0 total bytes 67112550 in_flight now 0 fair_inc 505762 prop_inc 40364 fast_inc 0 eta_inc 9510324 multi_dec -10111558 quick_dec -115049 nack_dec -859050
Flow Uec_7619_0 flowId 47 uecSrc 46 finished at 174470 total messages 1 total packets 16425 RTS 0 total bytes 67112550 in_flight now 0 fair_inc 542251 prop_inc 53352 fast_inc 0 eta_inc 9511653 multi_dec -10288672 quick_dec -154613 nack_dec -834150
Flow Uec_496_0 flowId 58 uecSrc 57 finished at 174491 total messages 1 total packets 16425 RTS 0 total bytes 67112550 in_flight now 0 fair_inc 576299 prop_inc 83776 fast_inc 0 eta_inc 9518298 multi_dec -10100112 quick_dec -276909 nack_dec -942050
Flow Uec_7000_0 flowId 7 uecSrc 6 finished at 174529 total messages 1 total packets 16425 RTS 0 total bytes 67112550 in_flight now 0 fair_inc 467339 prop_inc 156719 fast_inc 0 eta_inc 9522285 multi_dec -10023946 quick_dec -141408 nack_dec -879800
Flow Uec_3057_0 flowId 63 uecSrc 62 finished at 174536 total messages 1 total packets 16425 RTS 0 total bytes 67112550 in_flight now 0 fair_inc 488763 prop_inc 159040 fast_inc 0 eta_inc 9516969 multi_dec -10076338 quick_dec -213992 nack_dec -871500
New: 1051200 Rtx: 13161 RTS: 0 Bounced: 0 ACKs: 1050679 NACKs: 13161 Pulls: 0 sleek_pkts: 0
SPURIOUS_COUNT 0
