..Flow Uec_8090_0 flowId 102 uecSrc 101 finished at 137379 total messages 1 total packets 16425 RTS 0 total bytes 67112550 in_flight now 0 fair_inc 0 prop_inc 0 fast_inc 0 eta_inc 0 multi_dec -0 quick_dec -201576 nack_dec -730400
..Flow Uec_8172_0 flowId 20 uecSrc 19 finished at 206521 total messages 1 total packets 16425 RTS 0 total bytes 67112550 in_flight now 0 fair_inc 0 prop_inc 240 fast_inc 0 eta_inc 10936341 multi_dec -10890280 quick_dec -220374 nack_dec -564400
Flow Uec_8108_0 flowId 84 uecSrc 83 finished at 206686 total messages 1 total packets 16425 RTS 0 total bytes 67112550 in_flight now 0 fair_inc 0 prop_inc 0 fast_inc 0 eta_inc 10941657 multi_dec -10891365 quick_dec -163999 nack_dec -564400
Flow Uec_8114_0 flowId 78 uecSrc 77 finished at 206694 total messages 1 total packets 16425 RTS 0 total bytes 67112550 in_flight now 0 fair_inc 0 prop_inc 0 fast_inc 0 eta_inc 10952289 multi_dec -10921933 quick_dec -268607 nack_dec -535350
Flow Uec_8075_0 flowId 117 uecSrc 116 finished at 206702 total messages 1 total packets 16425 RTS 0 total bytes 67112550 in_flight now 0 fair_inc 0 prop_inc 0 fast_inc 0 eta_inc 10946973 multi_dec -10913218 quick_dec -131256 nack_dec -551950
Flow Uec_8091_0 flowId 101 uecSrc 100 finished at 206707 total messages 1 total packets 16425 RTS 0 total bytes 67112550 in_flight now 0 fair_inc 0 prop_inc 0 fast_inc 0 eta_inc 10938999 multi_dec -10900510 quick_dec -189737 nack_dec -589300
Flow Uec_8139_0 flowId 53 uecSrc 52 finished at 206802 total messages 1 total packets 16425 RTS 0 total bytes 67112550 in_flight now 0 fair_inc 0 prop_inc 0 fast_inc 0 eta_inc 10944315 multi_dec -10902859 quick_dec -237709 nack_dec -569478
Flow Uec_8113_0 flowId 79 uecSrc 78 finished at 206886 total messages 1 total packets 16425 RTS 0 total bytes 67112550 in_flight now 0 fair_inc 0 prop_inc 0 fast_inc 0 eta_inc 10950960 multi_dec -10899524 quick_dec -212918 nack_dec -564400
Flow Uec_8070_0 flowId 122 uecSrc 121 finished at 206998 total messages 1 total packets 16425 RTS 0 total bytes 67112550 in_flight now 0 fair_inc 0 prop_inc 0 fast_inc 0 eta_inc 10964250 multi_dec -10923502 quick_dec -160273 nack_dec -539500
Flow Uec_8087_0 flowId 105 uecSrc 104 finished at 207123 total messages 1 total packets 16425 RTS 0 total bytes 67112550 in_flight now 0 fair_inc 0 prop_inc 0 fast_inc 0 eta_inc 10966908 multi_dec -10938567 quick_dec -218678 nack_dec -556100
Flow Uec_8117_0 flowId 75 uecSrc 74 finished at 207152 total messages 1 total packets 16425 RTS 0 total bytes 67112550 in_flight now 0 fair_inc 0 prop_inc 0 fast_inc 0 eta_inc 10958934 multi_dec -10923947 quick_dec -206411 nack_dec -585150
Flow Uec_8135_0 flowId 57 uecSrc 56 finished at 207157 total messages 1 total packets 16425 RTS 0 total bytes 67112550 in_flight now 0 fair_inc 0 prop_inc 0 fast_inc 0 eta_inc 10978869 multi_dec -10950725 quick_dec -148215 nack_dec -539500
Flow Uec_8069_0 flowId 123 uecSrc 122 finished at 207613 total messages 1 total packets 16425 RTS 0 total bytes 67112550 in_flight now 0 fair_inc 0 prop_inc 0 fast_inc 0 eta_inc 11006778 multi_dec -10990114 quick_dec -151504 nack_dec -510450
Flow Uec_8149_0 flowId 43 uecSrc 42 finished at 207688 total messages 1 total packets 16425 RTS 0 total bytes 67112550 in_flight now 0 fair_inc 5743 prop_inc 0 fast_inc 0 eta_inc 10993488 multi_dec -10956095 quick_dec -209774 nack_dec -593914
Flow Uec_8131_0 flowId 61 uecSrc 60 finished at 208223 total messages 1 total packets 16425 RTS 0 total bytes 67112550 in_flight now 0 fair_inc 0 prop_inc 0 fast_inc 0 eta_inc 11030700 multi_dec -11010101 quick_dec -235954 nack_dec -551950
Flow Uec_8165_0 flowId 27 uecSrc 26 finished at 217609 total messages 1 total packets 16425 RTS 0 total bytes 67112550 in_flight now 0 fair_inc 0 prop_inc 0 fast_inc 0 eta_inc 11539707 multi_dec -11523362 quick_dec -163728 nack_dec -514600
Flow Uec_8068_0 flowId 124 uecSrc 123 finished at 222031 total messages 1 total packets 16425 RTS 0 total bytes 67112550 in_flight now 0 fair_inc 0 prop_inc 0 fast_inc 0 eta_inc 11747031 multi_dec -11704221 quick_dec -138279 nack_dec -605900
Flow Uec_8089_0 flowId 103 uecSrc 102 finished at 231086 total messages 1 total packets 16425 RTS 0 total bytes 67112550 in_flight now 0 fair_inc 0 prop_inc 0 fast_inc 0 eta_inc 12249393 multi_dec -12221828 quick_dec -180988 nack_dec -539500
Flow Uec_8174_0 flowId 18 uecSrc 17 finished at 236941 total messages 1 total packets 16425 RTS 0 total bytes 67112550 in_flight now 0 fair_inc 6110 prop_inc 0 fast_inc 0 eta_inc 12541773 multi_dec -12516009 quick_dec -251786 nack_dec -639100
Flow Uec_8190_0 flowId 2 uecSrc 1 finished at 242046 total messages 1 total packets 16425 RTS 0 total bytes 67112550 in_flight now 0 fair_inc 0 prop_inc 0 fast_inc 0 eta_inc 12824850 multi_dec -12772159 quick_dec -255438 nack_dec -589300
Flow Uec_8171_0 flowId 21 uecSrc 20 finished at 243411 total messages 1 total packets 16425 RTS 0 total bytes 67112550 in_flight now 0 fair_inc 0 prop_inc 0 fast_inc 0 eta_inc 12891300 multi_dec -12831296 quick_dec -205371 nack_dec -589300
.Flow Uec_8074_0 flowId 118 uecSrc 117 finished at 256339 total messages 1 total packets 16425 RTS 0 total bytes 67112550 in_flight now 0 fair_inc 0 prop_inc 232 fast_inc 0 eta_inc 13585038 multi_dec -13533987 quick_dec -170089 nack_dec -601750
Flow Uec_8133_0 flowId 59 uecSrc 58 finished at 258182 total messages 1 total packets 16425 RTS 0 total bytes 67112550 in_flight now 0 fair_inc 0 prop_inc 0 fast_inc 0 eta_inc 13667436 multi_dec -13597122 quick_dec -170453 nack_dec -622500
Flow Uec_8182_0 flowId 10 uecSrc 9 finished at 258458 total messages 1 total packets 16425 RTS 0 total bytes 67112550 in_flight now 0 fair_inc 0 prop_inc 28822 fast_inc 0 eta_inc 13680726 multi_dec -13602455 quick_dec -168594 nack_dec -626650
Flow Uec_8147_0 flowId 45 uecSrc 44 finished at 272723 total messages 1 total packets 16425 RTS 0 total bytes 67112550 in_flight now 0 fair_inc 6087 prop_inc 0 fast_inc 0 eta_inc 14446230 multi_dec -14393429 quick_dec -147091 nack_dec -622500
Flow Uec_8159_0 flowId 33 uecSrc 32 finished at 272865 total messages 1 total packets 16425 RTS 0 total bytes 67112550 in_flight now 0 fair_inc 0 prop_inc 0 fast_inc 0 eta_inc 14458191 multi_dec -14410233 quick_dec -175387 nack_dec -610050
Flow Uec_8152_0 flowId 40 uecSrc 39 finished at 284087 total messages 1 total packets 16425 RTS 0 total bytes 67112550 in_flight now 0 fair_inc 0 prop_inc 0 fast_inc 0 eta_inc 15049596 multi_dec -14995943 quick_dec -181085 nack_dec -618350
Flow Uec_8067_0 flowId 125 uecSrc 124 finished at 288993 total messages 1 total packets 16425 RTS 0 total bytes 67112550 in_flight now 0 fair_inc 0 prop_inc 185 fast_inc 0 eta_inc 15311409 multi_dec -15237338 quick_dec -159348 nack_dec -622500
.Flow Uec_8082_0 flowId 110 uecSrc 109 finished at 300092 total messages 1 total packets 16425 RTS 0 total bytes 67112550 in_flight now 0 fair_inc 0 prop_inc 0 fast_inc 0 eta_inc 15922749 multi_dec -15872616 quick_dec -146912 nack_dec -564400
Flow Uec_8184_0 flowId 8 uecSrc 7 finished at 300676 total messages 1 total packets 16425 RTS 0 total bytes 67112550 in_flight now 0 fair_inc 11845 prop_inc 0 fast_inc 0 eta_inc 15954645 multi_dec -15954138 quick_dec -161614 nack_dec -551950
Flow Uec_8177_0 flowId 15 uecSrc 14 finished at 301035 total messages 1 total packets 16425 RTS 0 total bytes 67112550 in_flight now 0 fair_inc 0 prop_inc 0 fast_inc 0 eta_inc 15965277 multi_dec -15893089 quick_dec -252581 nack_dec -597600
Flow Uec_8162_0 flowId 30 uecSrc 29 finished at 301714 total messages 1 total packets 16425 RTS 0 total bytes 67112550 in_flight now 0 fair_inc 0 prop_inc 0 fast_inc 0 eta_inc 15998502 multi_dec -15942266 quick_dec -157515 nack_dec -614200
Flow Uec_8092_0 flowId 100 uecSrc 99 finished at 302162 total messages 1 total packets 16425 RTS 0 total bytes 67112550 in_flight now 0 fair_inc 0 prop_inc 0 fast_inc 0 eta_inc 16030398 multi_dec -15977029 quick_dec -227278 nack_dec -568550
Flow Uec_8073_0 flowId 119 uecSrc 118 finished at 302744 total messages 1 total packets 16425 RTS 0 total bytes 67112550 in_flight now 0 fair_inc 0 prop_inc 207 fast_inc 0 eta_inc 16050333 multi_dec -15957027 quick_dec -172762 nack_dec -634950
Flow Uec_8120_0 flowId 72 uecSrc 71 finished at 302886 total messages 1 total packets 16425 RTS 0 total bytes 67112550 in_flight now 0 fair_inc 0 prop_inc 0 fast_inc 0 eta_inc 16052991 multi_dec -15966834 quick_dec -188152 nack_dec -614200
Flow Uec_8101_0 flowId 91 uecSrc 90 finished at 303560 total messages 1 total packets 16425 RTS 0 total bytes 67112550 in_flight now 0 fair_inc 0 prop_inc 0 fast_inc 0 eta_inc 16102164 multi_dec -16035762 quick_dec -150862 nack_dec -585150
Flow Uec_8186_0 flowId 6 uecSrc 5 finished at 303715 total messages 1 total packets 16425 RTS 0 total bytes 67112550 in_flight now 0 fair_inc 0 prop_inc 0 fast_inc 0 eta_inc 16103493 multi_dec -16029939 quick_dec -167576 nack_dec -597600
Flow Uec_8115_0 flowId 77 uecSrc 76 finished at 305785 total messages 1 total packets 16425 RTS 0 total bytes 67112550 in_flight now 0 fair_inc 0 prop_inc 0 fast_inc 0 eta_inc 16225761 multi_dec -16180175 quick_dec -154641 nack_dec -556100
Flow Uec_8065_0 flowId 127 uecSrc 126 finished at 307284 total messages 1 total packets 16425 RTS 0 total bytes 67112550 in_flight now 0 fair_inc 0 prop_inc 0 fast_inc 0 eta_inc 16305501 multi_dec -16265663 quick_dec -164246 nack_dec -568550
Flow Uec_8107_0 flowId 85 uecSrc 84 finished at 307299 total messages 1 total packets 16425 RTS 0 total bytes 67112550 in_flight now 0 fair_inc 6034 prop_inc 0 fast_inc 0 eta_inc 16306830 multi_dec -16296356 quick_dec -134623 nack_dec -576850
Flow Uec_8099_0 flowId 93 uecSrc 92 finished at 307343 total messages 1 total packets 16425 RTS 0 total bytes 67112550 in_flight now 0 fair_inc 0 prop_inc 0 fast_inc 0 eta_inc 16298856 multi_dec -16231068 quick_dec -194741 nack_dec -622500
Flow Uec_8088_0 flowId 104 uecSrc 103 finished at 307985 total messages 1 total packets 16425 RTS 0 total bytes 67112550 in_flight now 0 fair_inc 0 prop_inc 0 fast_inc 0 eta_inc 16333410 multi_dec -16271021 quick_dec -175813 nack_dec -610050
Flow Uec_8111_0 flowId 81 uecSrc 80 finished at 308040 total messages 1 total packets 16425 RTS 0 total bytes 67112550 in_flight now 0 fair_inc 0 prop_inc 0 fast_inc 0 eta_inc 16346700 multi_dec -16301478 quick_dec -159692 nack_dec -581000
Flow Uec_8080_0 flowId 112 uecSrc 111 finished at 308428 total messages 1 total packets 16425 RTS 0 total bytes 67112550 in_flight now 0 fair_inc 0 prop_inc 0 fast_inc 0 eta_inc 16370622 multi_dec -16327984 quick_dec -149015 nack_dec -572700
Flow Uec_8141_0 flowId 51 uecSrc 50 finished at 308447 total messages 1 total packets 16425 RTS 0 total bytes 67112550 in_flight now 0 fair_inc 0 prop_inc 0 fast_inc 0 eta_inc 16359990 multi_dec -16319064 quick_dec -135457 nack_dec -593450
Flow Uec_8130_0 flowId 62 uecSrc 61 finished at 308483 total messages 1 total packets 16425 RTS 0 total bytes 67112550 in_flight now 0 fair_inc 6264 prop_inc 0 fast_inc 0 eta_inc 16365306 multi_dec -16322922 quick_dec -201925 nack_dec -576850
Flow Uec_8100_0 flowId 92 uecSrc 91 finished at 308590 total messages 1 total packets 16425 RTS 0 total bytes 67112550 in_flight now 0 fair_inc 0 prop_inc 0 fast_inc 0 eta_inc 16373280 multi_dec -16326264 quick_dec -210598 nack_dec -606828
Flow Uec_8106_0 flowId 86 uecSrc 85 finished at 308698 total messages 1 total packets 16425 RTS 0 total bytes 67112550 in_flight now 0 fair_inc 0 prop_inc 0 fast_inc 0 eta_inc 16379925 multi_dec -16334700 quick_dec -142636 nack_dec -576850
Flow Uec_8173_0 flowId 19 uecSrc 18 finished at 308755 total messages 1 total packets 16425 RTS 0 total bytes 67112550 in_flight now 0 fair_inc 0 prop_inc 0 fast_inc 0 eta_inc 16391886 multi_dec -16362293 quick_dec -173490 nack_dec -543650
Flow Uec_8105_0 flowId 87 uecSrc 86 finished at 308778 total messages 1 total packets 16425 RTS 0 total bytes 67112550 in_flight now 0 fair_inc 0 prop_inc 0 fast_inc 0 eta_inc 16385241 multi_dec -16333599 quick_dec -174719 nack_dec -581000
Flow Uec_8104_0 flowId 88 uecSrc 87 finished at 309061 total messages 1 total packets 16425 RTS 0 total bytes 67112550 in_flight now 0 fair_inc 0 prop_inc 0 fast_inc 0 eta_inc 16394544 multi_dec -16349292 quick_dec -156979 nack_dec -593450
Flow Uec_8066_0 flowId 126 uecSrc 125 finished at 310856 total messages 1 total packets 16425 RTS 0 total bytes 67112550 in_flight now 0 fair_inc 0 prop_inc 0 fast_inc 0 eta_inc 16495548 multi_dec -16449097 quick_dec -213762 nack_dec -589300
Flow Uec_8076_0 flowId 116 uecSrc 115 finished at 312559 total messages 1 total packets 16425 RTS 0 total bytes 67112550 in_flight now 0 fair_inc 5837 prop_inc 0 fast_inc 0 eta_inc 16595223 multi_dec -16576026 quick_dec -276248 nack_dec -556100
Flow Uec_8095_0 flowId 97 uecSrc 96 finished at 314226 total messages 1 total packets 16425 RTS 0 total bytes 67112550 in_flight now 0 fair_inc 0 prop_inc 224 fast_inc 0 eta_inc 16680279 multi_dec -16611875 quick_dec -186146 nack_dec -576850
Flow Uec_8168_0 flowId 24 uecSrc 23 finished at 317925 total messages 1 total packets 16425 RTS 0 total bytes 67112550 in_flight now 0 fair_inc 0 prop_inc 0 fast_inc 0 eta_inc 16883616 multi_dec -16832448 quick_dec -165257 nack_dec -551950
Flow Uec_8093_0 flowId 99 uecSrc 98 finished at 318117 total messages 1 total packets 16425 RTS 0 total bytes 67112550 in_flight now 0 fair_inc 0 prop_inc 0 fast_inc 0 eta_inc 16894248 multi_dec -16837586 quick_dec -192489 nack_dec -568550
Flow Uec_8096_0 flowId 96 uecSrc 95 finished at 320783 total messages 1 total packets 16425 RTS 0 total bytes 67112550 in_flight now 0 fair_inc 0 prop_inc 0 fast_inc 0 eta_inc 17033793 multi_dec -16979096 quick_dec -161454 nack_dec -581000
Flow Uec_8181_0 flowId 11 uecSrc 10 finished at 321490 total messages 1 total packets 16425 RTS 0 total bytes 67112550 in_flight now 0 fair_inc 0 prop_inc 0 fast_inc 0 eta_inc 17074992 multi_dec -17004420 quick_dec -207026 nack_dec -605900
Flow Uec_8157_0 flowId 35 uecSrc 34 finished at 321696 total messages 1 total packets 16425 RTS 0 total bytes 67112550 in_flight now 0 fair_inc 0 prop_inc 0 fast_inc 0 eta_inc 17077650 multi_dec -17034906 quick_dec -149391 nack_dec -622500
Flow Uec_8175_0 flowId 17 uecSrc 16 finished at 323888 total messages 1 total packets 16425 RTS 0 total bytes 67112550 in_flight now 0 fair_inc 5819 prop_inc 0 fast_inc 0 eta_inc 17211879 multi_dec -17180227 quick_dec -242607 nack_dec -560250
Flow Uec_8125_0 flowId 67 uecSrc 66 finished at 325077 total messages 1 total packets 16425 RTS 0 total bytes 67112550 in_flight now 0 fair_inc 0 prop_inc 0 fast_inc 0 eta_inc 17277000 multi_dec -17237741 quick_dec -129038 nack_dec -568550
Flow Uec_8146_0 flowId 46 uecSrc 45 finished at 325331 total messages 1 total packets 16425 RTS 0 total bytes 67112550 in_flight now 0 fair_inc 6532 prop_inc 0 fast_inc 0 eta_inc 17290290 multi_dec -17237349 quick_dec -151089 nack_dec -572700
Flow Uec_8163_0 flowId 29 uecSrc 28 finished at 325710 total messages 1 total packets 16425 RTS 0 total bytes 67112550 in_flight now 0 fair_inc 0 prop_inc 0 fast_inc 0 eta_inc 17310225 multi_dec -17266068 quick_dec -146137 nack_dec -593450
Flow Uec_8167_0 flowId 25 uecSrc 24 finished at 327974 total messages 1 total packets 16425 RTS 0 total bytes 67112550 in_flight now 0 fair_inc 32002 prop_inc 0 fast_inc 0 eta_inc 17435151 multi_dec -17458748 quick_dec -153987 nack_dec -589300
Flow Uec_8127_0 flowId 65 uecSrc 64 finished at 330158 total messages 1 total packets 16425 RTS 0 total bytes 67112550 in_flight now 0 fair_inc 12965 prop_inc 0 fast_inc 0 eta_inc 17556090 multi_dec -17537054 quick_dec -133819 nack_dec -560250
Flow Uec_8097_0 flowId 95 uecSrc 94 finished at 330722 total messages 1 total packets 16425 RTS 0 total bytes 67112550 in_flight now 0 fair_inc 26219 prop_inc 0 fast_inc 0 eta_inc 17587986 multi_dec -17565857 quick_dec -266336 nack_dec -585150
Flow Uec_8166_0 flowId 26 uecSrc 25 finished at 331118 total messages 1 total packets 16425 RTS 0 total bytes 67112550 in_flight now 0 fair_inc 33078 prop_inc 0 fast_inc 0 eta_inc 17591973 multi_dec -17558705 quick_dec -196560 nack_dec -659850
Flow Uec_8078_0 flowId 114 uecSrc 113 finished at 332242 total messages 1 total packets 16425 RTS 0 total bytes 67112550 in_flight now 0 fair_inc 13038 prop_inc 0 fast_inc 0 eta_inc 17658423 multi_dec -17603668 quick_dec -224326 nack_dec -618350
Flow Uec_8122_0 flowId 70 uecSrc 69 finished at 333625 total messages 1 total packets 16425 RTS 0 total bytes 67112550 in_flight now 0 fair_inc 60883 prop_inc 0 fast_inc 0 eta_inc 17747466 multi_dec -17835803 quick_dec -205595 nack_dec -564400
Flow Uec_8116_0 flowId 76 uecSrc 75 finished at 334880 total messages 1 total packets 16425 RTS 0 total bytes 67112550 in_flight now 0 fair_inc 59805 prop_inc 0 fast_inc 0 eta_inc 17808600 multi_dec -17823388 quick_dec -217476 nack_dec -618350
Flow Uec_8083_0 flowId 109 uecSrc 108 finished at 335669 total messages 1 total packets 16425 RTS 0 total bytes 67112550 in_flight now 0 fair_inc 45355 prop_inc 21 fast_inc 0 eta_inc 17845812 multi_dec -17843827 quick_dec -167749 nack_dec -622500
Flow Uec_8132_0 flowId 60 uecSrc 59 finished at 335757 total messages 1 total packets 16425 RTS 0 total bytes 67112550 in_flight now 0 fair_inc 71978 prop_inc 0 fast_inc 0 eta_inc 17863089 multi_dec -17950681 quick_dec -240290 nack_dec -572700
Flow Uec_8079_0 flowId 113 uecSrc 112 finished at 337901 total messages 1 total packets 16425 RTS 0 total bytes 67112550 in_flight now 0 fair_inc 51595 prop_inc 0 fast_inc 0 eta_inc 17976054 multi_dec -17955652 quick_dec -196002 nack_dec -622500
Flow Uec_8144_0 flowId 48 uecSrc 47 finished at 339418 total messages 1 total packets 16425 RTS 0 total bytes 67112550 in_flight now 0 fair_inc 90861 prop_inc 277 fast_inc 0 eta_inc 18034530 multi_dec -18084703 quick_dec -266968 nack_dec -722100
Flow Uec_8128_0 flowId 64 uecSrc 63 finished at 341534 total messages 1 total packets 16425 RTS 0 total bytes 67112550 in_flight now 0 fair_inc 187340 prop_inc 0 fast_inc 0 eta_inc 18174075 multi_dec -18349591 quick_dec -266570 nack_dec -672300
Flow Uec_8180_0 flowId 12 uecSrc 11 finished at 342994 total messages 1 total packets 16425 RTS 0 total bytes 67112550 in_flight now 0 fair_inc 167923 prop_inc 92 fast_inc 0 eta_inc 18249828 multi_dec -18403631 quick_dec -208426 nack_dec -693050
Flow Uec_8189_0 flowId 3 uecSrc 2 finished at 343229 total messages 1 total packets 16425 RTS 0 total bytes 67112550 in_flight now 0 fair_inc 87034 prop_inc 479 fast_inc 0 eta_inc 18256473 multi_dec -18322986 quick_dec -217038 nack_dec -684750
Flow Uec_8129_0 flowId 63 uecSrc 62 finished at 343318 total messages 1 total packets 16425 RTS 0 total bytes 67112550 in_flight now 0 fair_inc 107339 prop_inc 0 fast_inc 0 eta_inc 18280395 multi_dec -18446509 quick_dec -195352 nack_dec -585150
Flow Uec_8145_0 flowId 47 uecSrc 46 finished at 344054 total messages 1 total packets 16425 RTS 0 total bytes 67112550 in_flight now 0 fair_inc 186709 prop_inc 0 fast_inc 0 eta_inc 18312291 multi_dec -18552688 quick_dec -233237 nack_dec -680600
Flow Uec_8183_0 flowId 9 uecSrc 8 finished at 344062 total messages 1 total packets 16425 RTS 0 total bytes 67112550 in_flight now 0 fair_inc 100659 prop_inc 199 fast_inc 0 eta_inc 18297672 multi_dec -18358245 quick_dec -158619 nack_dec -688900
Flow Uec_8158_0 flowId 34 uecSrc 33 finished at 344905 total messages 1 total packets 16425 RTS 0 total bytes 67112550 in_flight now 0 fair_inc 221920 prop_inc 688 fast_inc 0 eta_inc 18358806 multi_dec -18575110 quick_dec -258437 nack_dec -697664
Flow Uec_8179_0 flowId 13 uecSrc 12 finished at 345172 total messages 1 total packets 16425 RTS 0 total bytes 67112550 in_flight now 0 fair_inc 236329 prop_inc 316 fast_inc 0 eta_inc 18365451 multi_dec -18607991 quick_dec -275814 nack_dec -730400
Flow Uec_8151_0 flowId 41 uecSrc 40 finished at 345440 total messages 1 total packets 16425 RTS 0 total bytes 67112550 in_flight now 0 fair_inc 261596 prop_inc 0 fast_inc 0 eta_inc 18377412 multi_dec -18732053 quick_dec -182862 nack_dec -742850
Flow Uec_8153_0 flowId 39 uecSrc 38 finished at 345566 total messages 1 total packets 16425 RTS 0 total bytes 67112550 in_flight now 0 fair_inc 163070 prop_inc 221 fast_inc 0 eta_inc 18390702 multi_dec -18548376 quick_dec -248177 nack_dec -655700
Flow Uec_8072_0 flowId 120 uecSrc 119 finished at 345788 total messages 1 total packets 16425 RTS 0 total bytes 67112550 in_flight now 0 fair_inc 197278 prop_inc 1201 fast_inc 0 eta_inc 18390702 multi_dec -18602792 quick_dec -191594 nack_dec -738700
Flow Uec_8150_0 flowId 42 uecSrc 41 finished at 345962 total messages 1 total packets 16425 RTS 0 total bytes 67112550 in_flight now 0 fair_inc 217167 prop_inc 1068 fast_inc 0 eta_inc 18413295 multi_dec -18618431 quick_dec -325413 nack_dec -763600
Flow Uec_8161_0 flowId 31 uecSrc 30 finished at 346233 total messages 1 total packets 16425 RTS 0 total bytes 67112550 in_flight now 0 fair_inc 225460 prop_inc 229 fast_inc 0 eta_inc 18429243 multi_dec -18729788 quick_dec -263433 nack_dec -701350
Flow Uec_8138_0 flowId 54 uecSrc 53 finished at 346715 total messages 1 total packets 16425 RTS 0 total bytes 67112550 in_flight now 0 fair_inc 281308 prop_inc 510 fast_inc 0 eta_inc 18431901 multi_dec -18556782 quick_dec -261224 nack_dec -846600
Flow Uec_8191_0 flowId 1 uecSrc 0 finished at 346721 total messages 1 total packets 16425 RTS 0 total bytes 67112550 in_flight now 0 fair_inc 211823 prop_inc 128 fast_inc 0 eta_inc 18451836 multi_dec -18607852 quick_dec -254014 nack_dec -730400
Flow Uec_8134_0 flowId 58 uecSrc 57 finished at 346879 total messages 1 total packets 16425 RTS 0 total bytes 67112550 in_flight now 0 fair_inc 253238 prop_inc 285 fast_inc 0 eta_inc 18454494 multi_dec -18656274 quick_dec -266440 nack_dec -771900
Flow Uec_8188_0 flowId 4 uecSrc 3 finished at 347187 total messages 1 total packets 16425 RTS 0 total bytes 67112550 in_flight now 0 fair_inc 201771 prop_inc 4388 fast_inc 0 eta_inc 18475758 multi_dec -18611097 quick_dec -332046 nack_dec -759450
Flow Uec_8123_0 flowId 69 uecSrc 68 finished at 347193 total messages 1 total packets 16425 RTS 0 total bytes 67112550 in_flight now 0 fair_inc 258046 prop_inc 562 fast_inc 0 eta_inc 18475758 multi_dec -18680491 quick_dec -241353 nack_dec -755300
Flow Uec_8176_0 flowId 16 uecSrc 15 finished at 347466 total messages 1 total packets 16425 RTS 0 total bytes 67112550 in_flight now 0 fair_inc 163705 prop_inc 1601 fast_inc 0 eta_inc 18474429 multi_dec -18597229 quick_dec -183033 nack_dec -767750
Flow Uec_8169_0 flowId 23 uecSrc 22 finished at 347599 total messages 1 total packets 16425 RTS 0 total bytes 67112550 in_flight now 0 fair_inc 209371 prop_inc 1114 fast_inc 0 eta_inc 18487719 multi_dec -18716183 quick_dec -234927 nack_dec -763600
Flow Uec_8077_0 flowId 115 uecSrc 114 finished at 347762 total messages 1 total packets 16425 RTS 0 total bytes 67112550 in_flight now 0 fair_inc 321757 prop_inc 0 fast_inc 0 eta_inc 18501009 multi_dec -18845103 quick_dec -316801 nack_dec -846600
Flow Uec_8178_0 flowId 14 uecSrc 13 finished at 347783 total messages 1 total packets 16425 RTS 0 total bytes 67112550 in_flight now 0 fair_inc 287455 prop_inc 3831 fast_inc 0 eta_inc 18516957 multi_dec -18734277 quick_dec -358256 nack_dec -767750
Flow Uec_8110_0 flowId 82 uecSrc 81 finished at 347844 total messages 1 total packets 16425 RTS 0 total bytes 67112550 in_flight now 0 fair_inc 265505 prop_inc 2901 fast_inc 0 eta_inc 18499680 multi_dec -18822686 quick_dec -263113 nack_dec -800950
Flow Uec_8102_0 flowId 90 uecSrc 89 finished at 347857 total messages 1 total packets 16425 RTS 0 total bytes 67112550 in_flight now 0 fair_inc 254516 prop_inc 1374 fast_inc 0 eta_inc 18504996 multi_dec -18645686 quick_dec -342774 nack_dec -800950
Flow Uec_8064_0 flowId 128 uecSrc 127 finished at 347933 total messages 1 total packets 16425 RTS 0 total bytes 67112550 in_flight now 0 fair_inc 259565 prop_inc 2860 fast_inc 0 eta_inc 18490377 multi_dec -18746537 quick_dec -336676 nack_dec -879800
Flow Uec_8142_0 flowId 50 uecSrc 49 finished at 347947 total messages 1 total packets 16425 RTS 0 total bytes 67112550 in_flight now 0 fair_inc 285219 prop_inc 1418 fast_inc 0 eta_inc 18511641 multi_dec -18844720 quick_dec -252097 nack_dec -776050
Flow Uec_8119_0 flowId 73 uecSrc 72 finished at 348009 total messages 1 total packets 16425 RTS 0 total bytes 67112550 in_flight now 0 fair_inc 296007 prop_inc 1584 fast_inc 0 eta_inc 18516957 multi_dec -18755562 quick_dec -323474 nack_dec -854900
Flow Uec_8071_0 flowId 121 uecSrc 120 finished at 348118 total messages 1 total packets 16425 RTS 0 total bytes 67112550 in_flight now 0 fair_inc 322099 prop_inc 1174 fast_inc 0 eta_inc 18516957 multi_dec -18823634 quick_dec -244636 nack_dec -867350
Flow Uec_8170_0 flowId 22 uecSrc 21 finished at 348153 total messages 1 total packets 16425 RTS 0 total bytes 67112550 in_flight now 0 fair_inc 337775 prop_inc 5994 fast_inc 0 eta_inc 18523602 multi_dec -18880162 quick_dec -279052 nack_dec -809250
Flow Uec_8109_0 flowId 83 uecSrc 82 finished at 348194 total messages 1 total packets 16425 RTS 0 total bytes 67112550 in_flight now 0 fair_inc 288030 prop_inc 3230 fast_inc 0 eta_inc 18523602 multi_dec -18855737 quick_dec -270758 nack_dec -784350
Flow Uec_8140_0 flowId 52 uecSrc 51 finished at 348251 total messages 1 total packets 16425 RTS 0 total bytes 67112550 in_flight now 0 fair_inc 235591 prop_inc 8575 fast_inc 0 eta_inc 18514299 multi_dec -18741545 quick_dec -231960 nack_dec -821700
Flow Uec_8118_0 flowId 74 uecSrc 73 finished at 348297 total messages 1 total packets 16425 RTS 0 total bytes 67112550 in_flight now 0 fair_inc 273931 prop_inc 4253 fast_inc 0 eta_inc 18534234 multi_dec -18775615 quick_dec -299745 nack_dec -788500
Flow Uec_8098_0 flowId 94 uecSrc 93 finished at 348353 total messages 1 total packets 16425 RTS 0 total bytes 67112550 in_flight now 0 fair_inc 242987 prop_inc 9600 fast_inc 0 eta_inc 18539550 multi_dec -18823334 quick_dec -315612 nack_dec -688900
Flow Uec_8185_0 flowId 7 uecSrc 6 finished at 348421 total messages 1 total packets 16425 RTS 0 total bytes 67112550 in_flight now 0 fair_inc 377122 prop_inc 4515 fast_inc 0 eta_inc 18550182 multi_dec -19064465 quick_dec -246522 nack_dec -767750
Flow Uec_8160_0 flowId 32 uecSrc 31 finished at 348423 total messages 1 total packets 16425 RTS 0 total bytes 67112550 in_flight now 0 fair_inc 310008 prop_inc 7650 fast_inc 0 eta_inc 18547524 multi_dec -18839070 quick_dec -286320 nack_dec -821700
Flow Uec_8156_0 flowId 36 uecSrc 35 finished at 348445 total messages 1 total packets 16425 RTS 0 total bytes 67112550 in_flight now 0 fair_inc 301651 prop_inc 2354 fast_inc 0 eta_inc 18548853 multi_dec -18843073 quick_dec -418465 nack_dec -717950
Flow Uec_8164_0 flowId 28 uecSrc 27 finished at 348463 total messages 1 total packets 16425 RTS 0 total bytes 67112550 in_flight now 0 fair_inc 327840 prop_inc 7911 fast_inc 0 eta_inc 18547524 multi_dec -18874673 quick_dec -309432 nack_dec -788500
Flow Uec_8137_0 flowId 55 uecSrc 54 finished at 348504 total messages 1 total packets 16425 RTS 0 total bytes 67112550 in_flight now 0 fair_inc 260478 prop_inc 4662 fast_inc 0 eta_inc 18562143 multi_dec -18747400 quick_dec -307680 nack_dec -693050
Flow Uec_8155_0 flowId 37 uecSrc 36 finished at 348544 total messages 1 total packets 16425 RTS 0 total bytes 67112550 in_flight now 0 fair_inc 266688 prop_inc 7701 fast_inc 0 eta_inc 18558156 multi_dec -18809913 quick_dec -207394 nack_dec -713800
Flow Uec_8112_0 flowId 80 uecSrc 79 finished at 348585 total messages 1 total packets 16425 RTS 0 total bytes 67112550 in_flight now 0 fair_inc 238573 prop_inc 10328 fast_inc 0 eta_inc 18575433 multi_dec -18808918 quick_dec -253189 nack_dec -659850
Flow Uec_8103_0 flowId 89 uecSrc 88 finished at 348594 total messages 1 total packets 16425 RTS 0 total bytes 67112550 in_flight now 0 fair_inc 263378 prop_inc 9477 fast_inc 0 eta_inc 18559485 multi_dec -18829062 quick_dec -268405 nack_dec -771900
Flow Uec_8154_0 flowId 38 uecSrc 37 finished at 348597 total messages 1 total packets 16425 RTS 0 total bytes 67112550 in_flight now 0 fair_inc 320724 prop_inc 7545 fast_inc 0 eta_inc 18554169 multi_dec -18772401 quick_dec -303951 nack_dec -759450
Flow Uec_8121_0 flowId 71 uecSrc 70 finished at 348626 total messages 1 total packets 16425 RTS 0 total bytes 67112550 in_flight now 0 fair_inc 244456 prop_inc 14863 fast_inc 0 eta_inc 18560814 multi_dec -18735035 quick_dec -260749 nack_dec -759450
Flow Uec_8136_0 flowId 56 uecSrc 55 finished at 348646 total messages 1 total packets 16425 RTS 0 total bytes 67112550 in_flight now 0 fair_inc 274780 prop_inc 12790 fast_inc 0 eta_inc 18556827 multi_dec -18806632 quick_dec -244177 nack_dec -747000
Flow Uec_8187_0 flowId 5 uecSrc 4 finished at 348659 total messages 1 total packets 16425 RTS 0 total bytes 67112550 in_flight now 0 fair_inc 295923 prop_inc 12765 fast_inc 0 eta_inc 18559485 multi_dec -18792671 quick_dec -323755 nack_dec -805100
Flow Uec_8085_0 flowId 107 uecSrc 106 finished at 348660 total messages 1 total packets 16425 RTS 0 total bytes 67112550 in_flight now 0 fair_inc 177581 prop_inc 10322 fast_inc 0 eta_inc 18540879 multi_dec -18696083 quick_dec -200007 nack_dec -796800
Flow Uec_8143_0 flowId 49 uecSrc 48 finished at 348711 total messages 1 total packets 16425 RTS 0 total bytes 67112550 in_flight now 0 fair_inc 237660 prop_inc 26423 fast_inc 0 eta_inc 18566130 multi_dec -18779545 quick_dec -276201 nack_dec -755300
Flow Uec_8081_0 flowId 111 uecSrc 110 finished at 348826 total messages 1 total packets 16425 RTS 0 total bytes 67112550 in_flight now 0 fair_inc 309107 prop_inc 38640 fast_inc 0 eta_inc 18567459 multi_dec -18817271 quick_dec -348137 nack_dec -805100
Flow Uec_8126_0 flowId 66 uecSrc 65 finished at 348843 total messages 1 total packets 16425 RTS 0 total bytes 67112550 in_flight now 0 fair_inc 237467 prop_inc 29146 fast_inc 0 eta_inc 18547524 multi_dec -18700253 quick_dec -206749 nack_dec -817550
Flow Uec_8094_0 flowId 98 uecSrc 97 finished at 348999 total messages 1 total packets 16425 RTS 0 total bytes 67112550 in_flight now 0 fair_inc 275132 prop_inc 46797 fast_inc 0 eta_inc 18575433 multi_dec -18754219 quick_dec -219420 nack_dec -821700
Flow Uec_8124_0 flowId 68 uecSrc 67 finished at 349012 total messages 1 total packets 16425 RTS 0 total bytes 67112550 in_flight now 0 fair_inc 238461 prop_inc 39319 fast_inc 0 eta_inc 18575433 multi_dec -18685225 quick_dec -354603 nack_dec -821700
Flow Uec_8148_0 flowId 44 uecSrc 43 finished at 349038 total messages 1 total packets 16425 RTS 0 total bytes 67112550 in_flight now 0 fair_inc 127679 prop_inc 72118 fast_inc 0 eta_inc 18592710 multi_dec -18583308 quick_dec -303483 nack_dec -697200
Flow Uec_8086_0 flowId 106 uecSrc 105 finished at 349045 total messages 1 total packets 16425 RTS 0 total bytes 67112550 in_flight now 0 fair_inc 294374 prop_inc 83361 fast_inc 0 eta_inc 18570117 multi_dec -18884261 quick_dec -278599 nack_dec -767750
Flow Uec_8084_0 flowId 108 uecSrc 107 finished at 349046 total messages 1 total packets 16425 RTS 0 total bytes 67112550 in_flight now 0 fair_inc 198307 prop_inc 75007 fast_inc 0 eta_inc 18575433 multi_dec -18655091 quick_dec -248941 nack_dec -784350
New: 2102400 Rtx: 20369 RTS: 0 Bounced: 0 ACKs: 2102032 NACKs: 20369 Pulls: 0 sleek_pkts: 0
SPURIOUS_COUNT 0
