....Flow Uec_8113_0 flowId 79 uecSrc 78 finished at 207256 total messages 1 total packets 16425 RTS 0 total bytes 67112550 in_flight now 0 fair_inc 0 prop_inc 0 fast_inc 0 eta_inc 10937670 multi_dec -10890293 quick_dec -193017 nack_dec -589300
Flow Uec_8181_0 flowId 11 uecSrc 10 finished at 207257 total messages 1 total packets 16425 RTS 0 total bytes 67112550 in_flight now 0 fair_inc 0 prop_inc 0 fast_inc 0 eta_inc 10941657 multi_dec -10894687 quick_dec -162796 nack_dec -568550
Flow Uec_8131_0 flowId 61 uecSrc 60 finished at 207600 total messages 1 total packets 16425 RTS 0 total bytes 67112550 in_flight now 0 fair_inc 0 prop_inc 0 fast_inc 0 eta_inc 10953618 multi_dec -10905020 quick_dec -215007 nack_dec -597600
Flow Uec_8089_0 flowId 103 uecSrc 102 finished at 207624 total messages 1 total packets 16425 RTS 0 total bytes 67112550 in_flight now 0 fair_inc 0 prop_inc 0 fast_inc 0 eta_inc 10973553 multi_dec -10941937 quick_dec -192681 nack_dec -543650
Flow Uec_8112_0 flowId 80 uecSrc 79 finished at 207723 total messages 1 total packets 16425 RTS 0 total bytes 67112550 in_flight now 0 fair_inc 3794 prop_inc 0 fast_inc 0 eta_inc 10981527 multi_dec -10949289 quick_dec -205362 nack_dec -547800
Flow Uec_8123_0 flowId 69 uecSrc 68 finished at 207747 total messages 1 total packets 16425 RTS 0 total bytes 67112550 in_flight now 0 fair_inc 0 prop_inc 0 fast_inc 0 eta_inc 10972224 multi_dec -10918154 quick_dec -190136 nack_dec -576850
Flow Uec_8167_0 flowId 25 uecSrc 24 finished at 207858 total messages 1 total packets 16425 RTS 0 total bytes 67112550 in_flight now 0 fair_inc 0 prop_inc 0 fast_inc 0 eta_inc 10965579 multi_dec -10923278 quick_dec -191781 nack_dec -618350
Flow Uec_8099_0 flowId 93 uecSrc 92 finished at 207898 total messages 1 total packets 16425 RTS 0 total bytes 67112550 in_flight now 0 fair_inc 0 prop_inc 0 fast_inc 0 eta_inc 10986843 multi_dec -10955767 quick_dec -171790 nack_dec -551950
Flow Uec_8148_0 flowId 44 uecSrc 43 finished at 207923 total messages 1 total packets 16425 RTS 0 total bytes 67112550 in_flight now 0 fair_inc 0 prop_inc 0 fast_inc 0 eta_inc 11001462 multi_dec -10984523 quick_dec -201531 nack_dec -506300
Flow Uec_8174_0 flowId 18 uecSrc 17 finished at 208036 total messages 1 total packets 16425 RTS 0 total bytes 67112550 in_flight now 0 fair_inc 0 prop_inc 0 fast_inc 0 eta_inc 11004120 multi_dec -10990435 quick_dec -172095 nack_dec -502614
Flow Uec_8182_0 flowId 10 uecSrc 9 finished at 208036 total messages 1 total packets 16425 RTS 0 total bytes 67112550 in_flight now 0 fair_inc 0 prop_inc 15177 fast_inc 0 eta_inc 10994817 multi_dec -10966787 quick_dec -170878 nack_dec -539500
Flow Uec_8171_0 flowId 21 uecSrc 20 finished at 208046 total messages 1 total packets 16425 RTS 0 total bytes 67112550 in_flight now 0 fair_inc 0 prop_inc 0 fast_inc 0 eta_inc 10994817 multi_dec -10975801 quick_dec -185104 nack_dec -551950
Flow Uec_8069_0 flowId 123 uecSrc 122 finished at 208048 total messages 1 total packets 16425 RTS 0 total bytes 67112550 in_flight now 0 fair_inc 0 prop_inc 0 fast_inc 0 eta_inc 11001462 multi_dec -10981180 quick_dec -180426 nack_dec -510450
Flow Uec_8115_0 flowId 77 uecSrc 76 finished at 208058 total messages 1 total packets 16425 RTS 0 total bytes 67112550 in_flight now 0 fair_inc 0 prop_inc 0 fast_inc 0 eta_inc 11005449 multi_dec -10986586 quick_dec -157673 nack_dec -510450
Flow Uec_8187_0 flowId 5 uecSrc 4 finished at 208059 total messages 1 total packets 16425 RTS 0 total bytes 67112550 in_flight now 0 fair_inc 0 prop_inc 0 fast_inc 0 eta_inc 11002791 multi_dec -10982102 quick_dec -220436 nack_dec -514600
Flow Uec_8136_0 flowId 56 uecSrc 55 finished at 208103 total messages 1 total packets 16425 RTS 0 total bytes 67112550 in_flight now 0 fair_inc 5685 prop_inc 0 fast_inc 0 eta_inc 10970895 multi_dec -10933203 quick_dec -163030 nack_dec -643250
Flow Uec_8121_0 flowId 71 uecSrc 70 finished at 208145 total messages 1 total packets 16425 RTS 0 total bytes 67112550 in_flight now 0 fair_inc 15969 prop_inc 236 fast_inc 0 eta_inc 11001462 multi_dec -10970607 quick_dec -210998 nack_dec -576850
Flow Uec_8097_0 flowId 95 uecSrc 94 finished at 208240 total messages 1 total packets 16425 RTS 0 total bytes 67112550 in_flight now 0 fair_inc 0 prop_inc 0 fast_inc 0 eta_inc 11002791 multi_dec -10969503 quick_dec -211380 nack_dec -539500
Flow Uec_8117_0 flowId 75 uecSrc 74 finished at 208269 total messages 1 total packets 16425 RTS 0 total bytes 67112550 in_flight now 0 fair_inc 3794 prop_inc 0 fast_inc 0 eta_inc 11008107 multi_dec -10982056 quick_dec -194104 nack_dec -551950
Flow Uec_8183_0 flowId 9 uecSrc 8 finished at 208430 total messages 1 total packets 16425 RTS 0 total bytes 67112550 in_flight now 0 fair_inc 0 prop_inc 0 fast_inc 0 eta_inc 11021397 multi_dec -11001278 quick_dec -163005 nack_dec -527050
Flow Uec_8109_0 flowId 83 uecSrc 82 finished at 208547 total messages 1 total packets 16425 RTS 0 total bytes 67112550 in_flight now 0 fair_inc 0 prop_inc 0 fast_inc 0 eta_inc 11021397 multi_dec -10995664 quick_dec -193428 nack_dec -539500
Flow Uec_8101_0 flowId 91 uecSrc 90 finished at 208689 total messages 1 total packets 16425 RTS 0 total bytes 67112550 in_flight now 0 fair_inc 0 prop_inc 0 fast_inc 0 eta_inc 11029371 multi_dec -10999944 quick_dec -201044 nack_dec -539500
Flow Uec_8157_0 flowId 35 uecSrc 34 finished at 209382 total messages 1 total packets 16425 RTS 0 total bytes 67112550 in_flight now 0 fair_inc 0 prop_inc 0 fast_inc 0 eta_inc 11067912 multi_dec -11034593 quick_dec -177167 nack_dec -543650
..Flow Uec_8146_0 flowId 46 uecSrc 45 finished at 306598 total messages 1 total packets 16425 RTS 0 total bytes 67112550 in_flight now 0 fair_inc 5650 prop_inc 0 fast_inc 0 eta_inc 16184562 multi_dec -16103381 quick_dec -117951 nack_dec -734550
Flow Uec_8094_0 flowId 98 uecSrc 97 finished at 310479 total messages 1 total packets 16425 RTS 0 total bytes 67112550 in_flight now 0 fair_inc 6090 prop_inc 0 fast_inc 0 eta_inc 16394544 multi_dec -16359833 quick_dec -135504 nack_dec -709650
Flow Uec_8122_0 flowId 70 uecSrc 69 finished at 310611 total messages 1 total packets 16425 RTS 0 total bytes 67112550 in_flight now 0 fair_inc 0 prop_inc 0 fast_inc 0 eta_inc 16385241 multi_dec -16299442 quick_dec -104372 nack_dec -734550
Flow Uec_8105_0 flowId 87 uecSrc 86 finished at 310956 total messages 1 total packets 16425 RTS 0 total bytes 67112550 in_flight now 0 fair_inc 40196 prop_inc 0 fast_inc 0 eta_inc 16417137 multi_dec -16377308 quick_dec -154211 nack_dec -738700
Flow Uec_8173_0 flowId 19 uecSrc 18 finished at 311299 total messages 1 total packets 16425 RTS 0 total bytes 67112550 in_flight now 0 fair_inc 6031 prop_inc 0 fast_inc 0 eta_inc 16445046 multi_dec -16411811 quick_dec -74646 nack_dec -643250
Flow Uec_8102_0 flowId 90 uecSrc 89 finished at 311326 total messages 1 total packets 16425 RTS 0 total bytes 67112550 in_flight now 0 fair_inc 5646 prop_inc 0 fast_inc 0 eta_inc 16442388 multi_dec -16379301 quick_dec -85022 nack_dec -664000
Flow Uec_8116_0 flowId 76 uecSrc 75 finished at 311524 total messages 1 total packets 16425 RTS 0 total bytes 67112550 in_flight now 0 fair_inc 5567 prop_inc 0 fast_inc 0 eta_inc 16449033 multi_dec -16401527 quick_dec -92562 nack_dec -668150
Flow Uec_8189_0 flowId 3 uecSrc 2 finished at 311686 total messages 1 total packets 16425 RTS 0 total bytes 67112550 in_flight now 0 fair_inc 11672 prop_inc 0 fast_inc 0 eta_inc 16471626 multi_dec -16455293 quick_dec -132861 nack_dec -634950
Flow Uec_8137_0 flowId 55 uecSrc 54 finished at 311760 total messages 1 total packets 16425 RTS 0 total bytes 67112550 in_flight now 0 fair_inc 5632 prop_inc 0 fast_inc 0 eta_inc 16437072 multi_dec -16355220 quick_dec -73344 nack_dec -780200
Flow Uec_8178_0 flowId 14 uecSrc 13 finished at 312188 total messages 1 total packets 16425 RTS 0 total bytes 67112550 in_flight now 0 fair_inc 5622 prop_inc 0 fast_inc 0 eta_inc 16482258 multi_dec -16405438 quick_dec -126572 nack_dec -705500
Flow Uec_8172_0 flowId 20 uecSrc 19 finished at 312326 total messages 1 total packets 16425 RTS 0 total bytes 67112550 in_flight now 0 fair_inc 16646 prop_inc 240 fast_inc 0 eta_inc 16488903 multi_dec -16408219 quick_dec -129633 nack_dec -738700
Flow Uec_8093_0 flowId 99 uecSrc 98 finished at 312333 total messages 1 total packets 16425 RTS 0 total bytes 67112550 in_flight now 0 fair_inc 6113 prop_inc 0 fast_inc 0 eta_inc 16475613 multi_dec -16410877 quick_dec -75557 nack_dec -738700
Flow Uec_8070_0 flowId 122 uecSrc 121 finished at 312539 total messages 1 total packets 16425 RTS 0 total bytes 67112550 in_flight now 0 fair_inc 5606 prop_inc 0 fast_inc 0 eta_inc 16496877 multi_dec -16425920 quick_dec -82162 nack_dec -688900
Flow Uec_8068_0 flowId 124 uecSrc 123 finished at 312583 total messages 1 total packets 16425 RTS 0 total bytes 67112550 in_flight now 0 fair_inc 0 prop_inc 0 fast_inc 0 eta_inc 16475613 multi_dec -16396776 quick_dec -119783 nack_dec -809250
Flow Uec_8064_0 flowId 128 uecSrc 127 finished at 312652 total messages 1 total packets 16425 RTS 0 total bytes 67112550 in_flight now 0 fair_inc 4710 prop_inc 0 fast_inc 0 eta_inc 16464981 multi_dec -16392822 quick_dec -52758 nack_dec -854900
Flow Uec_8155_0 flowId 37 uecSrc 36 finished at 312799 total messages 1 total packets 16425 RTS 0 total bytes 67112550 in_flight now 0 fair_inc 0 prop_inc 0 fast_inc 0 eta_inc 16527444 multi_dec -16469053 quick_dec -107473 nack_dec -651550
Flow Uec_8080_0 flowId 112 uecSrc 111 finished at 312810 total messages 1 total packets 16425 RTS 0 total bytes 67112550 in_flight now 0 fair_inc 6108 prop_inc 0 fast_inc 0 eta_inc 16499535 multi_dec -16431465 quick_dec -87013 nack_dec -738700
Flow Uec_8065_0 flowId 127 uecSrc 126 finished at 312981 total messages 1 total packets 16425 RTS 0 total bytes 67112550 in_flight now 0 fair_inc 0 prop_inc 0 fast_inc 0 eta_inc 16522128 multi_dec -16427211 quick_dec -81706 nack_dec -697200
Flow Uec_8104_0 flowId 88 uecSrc 87 finished at 313228 total messages 1 total packets 16425 RTS 0 total bytes 67112550 in_flight now 0 fair_inc 4710 prop_inc 0 fast_inc 0 eta_inc 16531431 multi_dec -16479721 quick_dec -79715 nack_dec -722100
Flow Uec_8126_0 flowId 66 uecSrc 65 finished at 313400 total messages 1 total packets 16425 RTS 0 total bytes 67112550 in_flight now 0 fair_inc 6094 prop_inc 0 fast_inc 0 eta_inc 16546050 multi_dec -16463535 quick_dec -102120 nack_dec -709650
Flow Uec_8074_0 flowId 118 uecSrc 117 finished at 313408 total messages 1 total packets 16425 RTS 0 total bytes 67112550 in_flight now 0 fair_inc 0 prop_inc 0 fast_inc 0 eta_inc 16546050 multi_dec -16459825 quick_dec -113608 nack_dec -697664
Flow Uec_8106_0 flowId 86 uecSrc 85 finished at 313944 total messages 1 total packets 16425 RTS 0 total bytes 67112550 in_flight now 0 fair_inc 9903 prop_inc 0 fast_inc 0 eta_inc 16575288 multi_dec -16498034 quick_dec -178187 nack_dec -734550
Flow Uec_8085_0 flowId 107 uecSrc 106 finished at 314022 total messages 1 total packets 16425 RTS 0 total bytes 67112550 in_flight now 0 fair_inc 11460 prop_inc 0 fast_inc 0 eta_inc 16555353 multi_dec -16478704 quick_dec -97260 nack_dec -776050
Flow Uec_8128_0 flowId 64 uecSrc 63 finished at 315002 total messages 1 total packets 16425 RTS 0 total bytes 67112550 in_flight now 0 fair_inc 0 prop_inc 0 fast_inc 0 eta_inc 16583262 multi_dec -16432639 quick_dec -91283 nack_dec -888100
Flow Uec_8150_0 flowId 42 uecSrc 41 finished at 319332 total messages 1 total packets 16425 RTS 0 total bytes 67112550 in_flight now 0 fair_inc 5572 prop_inc 0 fast_inc 0 eta_inc 16843746 multi_dec -16738177 quick_dec -85072 nack_dec -767750
Flow Uec_8087_0 flowId 105 uecSrc 104 finished at 321185 total messages 1 total packets 16425 RTS 0 total bytes 67112550 in_flight now 0 fair_inc 0 prop_inc 0 fast_inc 0 eta_inc 16930131 multi_dec -16794561 quick_dec -76399 nack_dec -805100
Flow Uec_8135_0 flowId 57 uecSrc 56 finished at 322219 total messages 1 total packets 16425 RTS 0 total bytes 67112550 in_flight now 0 fair_inc 0 prop_inc 0 fast_inc 0 eta_inc 16964685 multi_dec -16809240 quick_dec -69418 nack_dec -908850
Flow Uec_8179_0 flowId 13 uecSrc 12 finished at 323709 total messages 1 total packets 16425 RTS 0 total bytes 67112550 in_flight now 0 fair_inc 0 prop_inc 0 fast_inc 0 eta_inc 17076321 multi_dec -16963088 quick_dec -177451 nack_dec -767750
Flow Uec_8119_0 flowId 73 uecSrc 72 finished at 324191 total messages 1 total packets 16425 RTS 0 total bytes 67112550 in_flight now 0 fair_inc 6032 prop_inc 0 fast_inc 0 eta_inc 17125494 multi_dec -17050757 quick_dec -122642 nack_dec -676450
Flow Uec_8169_0 flowId 23 uecSrc 22 finished at 324835 total messages 1 total packets 16425 RTS 0 total bytes 67112550 in_flight now 0 fair_inc 0 prop_inc 0 fast_inc 0 eta_inc 17145429 multi_dec -17019897 quick_dec -123991 nack_dec -717950
Flow Uec_8073_0 flowId 119 uecSrc 118 finished at 324957 total messages 1 total packets 16425 RTS 0 total bytes 67112550 in_flight now 0 fair_inc 0 prop_inc 0 fast_inc 0 eta_inc 17150745 multi_dec -17027233 quick_dec -99258 nack_dec -734550
Flow Uec_8154_0 flowId 38 uecSrc 37 finished at 325467 total messages 1 total packets 16425 RTS 0 total bytes 67112550 in_flight now 0 fair_inc 6030 prop_inc 0 fast_inc 0 eta_inc 17178654 multi_dec -17053072 quick_dec -92633 nack_dec -747000
Flow Uec_8166_0 flowId 26 uecSrc 25 finished at 325653 total messages 1 total packets 16425 RTS 0 total bytes 67112550 in_flight now 0 fair_inc 0 prop_inc 0 fast_inc 0 eta_inc 17207892 multi_dec -17099150 quick_dec -130932 nack_dec -655700
Flow Uec_8125_0 flowId 67 uecSrc 66 finished at 327073 total messages 1 total packets 16425 RTS 0 total bytes 67112550 in_flight now 0 fair_inc 0 prop_inc 0 fast_inc 0 eta_inc 17237130 multi_dec -17081344 quick_dec -85522 nack_dec -838300
Flow Uec_8141_0 flowId 51 uecSrc 50 finished at 327095 total messages 1 total packets 16425 RTS 0 total bytes 67112550 in_flight now 0 fair_inc 15449 prop_inc 0 fast_inc 0 eta_inc 17261052 multi_dec -17164004 quick_dec -131749 nack_dec -805100
Flow Uec_8191_0 flowId 1 uecSrc 0 finished at 328266 total messages 1 total packets 16425 RTS 0 total bytes 67112550 in_flight now 0 fair_inc 6059 prop_inc 0 fast_inc 0 eta_inc 17294277 multi_dec -17143527 quick_dec -53445 nack_dec -867350
Flow Uec_8084_0 flowId 108 uecSrc 107 finished at 328833 total messages 1 total packets 16425 RTS 0 total bytes 67112550 in_flight now 0 fair_inc 32176 prop_inc 0 fast_inc 0 eta_inc 17346108 multi_dec -17174113 quick_dec -144784 nack_dec -776050
Flow Uec_8142_0 flowId 50 uecSrc 49 finished at 329012 total messages 1 total packets 16425 RTS 0 total bytes 67112550 in_flight now 0 fair_inc 8972 prop_inc 0 fast_inc 0 eta_inc 17362056 multi_dec -17264869 quick_dec -129526 nack_dec -805100
Flow Uec_8162_0 flowId 30 uecSrc 29 finished at 330094 total messages 1 total packets 16425 RTS 0 total bytes 67112550 in_flight now 0 fair_inc 17488 prop_inc 0 fast_inc 0 eta_inc 17391294 multi_dec -17263004 quick_dec -180446 nack_dec -913000
Flow Uec_8086_0 flowId 106 uecSrc 105 finished at 330702 total messages 1 total packets 16425 RTS 0 total bytes 67112550 in_flight now 0 fair_inc 11440 prop_inc 0 fast_inc 0 eta_inc 17445783 multi_dec -17277555 quick_dec -137978 nack_dec -842450
Flow Uec_8139_0 flowId 53 uecSrc 52 finished at 330719 total messages 1 total packets 16425 RTS 0 total bytes 67112550 in_flight now 0 fair_inc 18038 prop_inc 0 fast_inc 0 eta_inc 17449770 multi_dec -17335693 quick_dec -115897 nack_dec -784350
Flow Uec_8177_0 flowId 15 uecSrc 14 finished at 332553 total messages 1 total packets 16425 RTS 0 total bytes 67112550 in_flight now 0 fair_inc 18606 prop_inc 0 fast_inc 0 eta_inc 17552103 multi_dec -17431428 quick_dec -129913 nack_dec -784350
Flow Uec_8159_0 flowId 33 uecSrc 32 finished at 333099 total messages 1 total packets 16425 RTS 0 total bytes 67112550 in_flight now 0 fair_inc 39284 prop_inc 0 fast_inc 0 eta_inc 17569380 multi_dec -17449027 quick_dec -131832 nack_dec -846600
Flow Uec_8132_0 flowId 60 uecSrc 59 finished at 333957 total messages 1 total packets 16425 RTS 0 total bytes 67112550 in_flight now 0 fair_inc 51514 prop_inc 0 fast_inc 0 eta_inc 17626527 multi_dec -17585263 quick_dec -187615 nack_dec -846600
Flow Uec_8185_0 flowId 7 uecSrc 6 finished at 334304 total messages 1 total packets 16425 RTS 0 total bytes 67112550 in_flight now 0 fair_inc 25332 prop_inc 0 fast_inc 0 eta_inc 17638488 multi_dec -17547186 quick_dec -117936 nack_dec -821700
Flow Uec_8186_0 flowId 6 uecSrc 5 finished at 335406 total messages 1 total packets 16425 RTS 0 total bytes 67112550 in_flight now 0 fair_inc 25355 prop_inc 0 fast_inc 0 eta_inc 17714241 multi_dec -17626416 quick_dec -132241 nack_dec -751150
Flow Uec_8103_0 flowId 89 uecSrc 88 finished at 335491 total messages 1 total packets 16425 RTS 0 total bytes 67112550 in_flight now 0 fair_inc 38232 prop_inc 0 fast_inc 0 eta_inc 17731518 multi_dec -17613710 quick_dec -179031 nack_dec -759914
Flow Uec_8129_0 flowId 63 uecSrc 62 finished at 335663 total messages 1 total packets 16425 RTS 0 total bytes 67112550 in_flight now 0 fair_inc 48662 prop_inc 0 fast_inc 0 eta_inc 17722215 multi_dec -17644420 quick_dec -188839 nack_dec -854900
Flow Uec_8120_0 flowId 72 uecSrc 71 finished at 336671 total messages 1 total packets 16425 RTS 0 total bytes 67112550 in_flight now 0 fair_inc 77590 prop_inc 0 fast_inc 0 eta_inc 17754111 multi_dec -17650982 quick_dec -198216 nack_dec -962800
Flow Uec_8091_0 flowId 101 uecSrc 100 finished at 339267 total messages 1 total packets 16425 RTS 0 total bytes 67112550 in_flight now 0 fair_inc 57884 prop_inc 0 fast_inc 0 eta_inc 17898972 multi_dec -17753909 quick_dec -145797 nack_dec -892250
Flow Uec_8124_0 flowId 68 uecSrc 67 finished at 339849 total messages 1 total packets 16425 RTS 0 total bytes 67112550 in_flight now 0 fair_inc 38512 prop_inc 0 fast_inc 0 eta_inc 17949474 multi_dec -17849026 quick_dec -170615 nack_dec -821700
Flow Uec_8095_0 flowId 97 uecSrc 96 finished at 340148 total messages 1 total packets 16425 RTS 0 total bytes 67112550 in_flight now 0 fair_inc 95400 prop_inc 0 fast_inc 0 eta_inc 17924223 multi_dec -17796570 quick_dec -187756 nack_dec -983550
Flow Uec_8134_0 flowId 58 uecSrc 57 finished at 340265 total messages 1 total packets 16425 RTS 0 total bytes 67112550 in_flight now 0 fair_inc 84313 prop_inc 0 fast_inc 0 eta_inc 17950803 multi_dec -17822426 quick_dec -195408 nack_dec -983550
Flow Uec_8158_0 flowId 34 uecSrc 33 finished at 340380 total messages 1 total packets 16425 RTS 0 total bytes 67112550 in_flight now 0 fair_inc 65656 prop_inc 0 fast_inc 0 eta_inc 17977383 multi_dec -17896556 quick_dec -135711 nack_dec -846600
Flow Uec_8077_0 flowId 115 uecSrc 114 finished at 340422 total messages 1 total packets 16425 RTS 0 total bytes 67112550 in_flight now 0 fair_inc 71767 prop_inc 0 fast_inc 0 eta_inc 17964093 multi_dec -17865433 quick_dec -117257 nack_dec -875650
Flow Uec_8075_0 flowId 117 uecSrc 116 finished at 340609 total messages 1 total packets 16425 RTS 0 total bytes 67112550 in_flight now 0 fair_inc 56257 prop_inc 0 fast_inc 0 eta_inc 17986686 multi_dec -17914303 quick_dec -185703 nack_dec -834150
Flow Uec_8184_0 flowId 8 uecSrc 7 finished at 340655 total messages 1 total packets 16425 RTS 0 total bytes 67112550 in_flight now 0 fair_inc 75381 prop_inc 0 fast_inc 0 eta_inc 17986686 multi_dec -17882683 quick_dec -155785 nack_dec -830000
Flow Uec_8170_0 flowId 22 uecSrc 21 finished at 340922 total messages 1 total packets 16425 RTS 0 total bytes 67112550 in_flight now 0 fair_inc 136356 prop_inc 0 fast_inc 0 eta_inc 18006621 multi_dec -18005157 quick_dec -149677 nack_dec -834150
Flow Uec_8153_0 flowId 39 uecSrc 38 finished at 341465 total messages 1 total packets 16425 RTS 0 total bytes 67112550 in_flight now 0 fair_inc 81057 prop_inc 0 fast_inc 0 eta_inc 18011937 multi_dec -17885190 quick_dec -184319 nack_dec -1016750
Flow Uec_8076_0 flowId 116 uecSrc 115 finished at 341589 total messages 1 total packets 16425 RTS 0 total bytes 67112550 in_flight now 0 fair_inc 76575 prop_inc 36 fast_inc 0 eta_inc 18035859 multi_dec -17844165 quick_dec -207268 nack_dec -867350
Flow Uec_8144_0 flowId 48 uecSrc 47 finished at 343108 total messages 1 total packets 16425 RTS 0 total bytes 67112550 in_flight now 0 fair_inc 111306 prop_inc 121 fast_inc 0 eta_inc 18074400 multi_dec -17973462 quick_dec -169551 nack_dec -1049950
Flow Uec_8114_0 flowId 78 uecSrc 77 finished at 343111 total messages 1 total packets 16425 RTS 0 total bytes 67112550 in_flight now 0 fair_inc 104424 prop_inc 282 fast_inc 0 eta_inc 18093006 multi_dec -18061650 quick_dec -127812 nack_dec -971100
Flow Uec_8098_0 flowId 94 uecSrc 93 finished at 344703 total messages 1 total packets 16425 RTS 0 total bytes 67112550 in_flight now 0 fair_inc 163627 prop_inc 2066 fast_inc 0 eta_inc 18151482 multi_dec -18067770 quick_dec -152134 nack_dec -1108050
Flow Uec_8147_0 flowId 45 uecSrc 44 finished at 345992 total messages 1 total packets 16425 RTS 0 total bytes 67112550 in_flight now 0 fair_inc 251196 prop_inc 566 fast_inc 0 eta_inc 18277737 multi_dec -18483350 quick_dec -161225 nack_dec -889028
Flow Uec_8156_0 flowId 36 uecSrc 35 finished at 346224 total messages 1 total packets 16425 RTS 0 total bytes 67112550 in_flight now 0 fair_inc 170399 prop_inc 624 fast_inc 0 eta_inc 18277737 multi_dec -18262257 quick_dec -186220 nack_dec -954500
Flow Uec_8130_0 flowId 62 uecSrc 61 finished at 346770 total messages 1 total packets 16425 RTS 0 total bytes 67112550 in_flight now 0 fair_inc 215070 prop_inc 791 fast_inc 0 eta_inc 18295014 multi_dec -18334365 quick_dec -201268 nack_dec -1037500
Flow Uec_8082_0 flowId 110 uecSrc 109 finished at 347039 total messages 1 total packets 16425 RTS 0 total bytes 67112550 in_flight now 0 fair_inc 191692 prop_inc 1027 fast_inc 0 eta_inc 18333555 multi_dec -18394802 quick_dec -158932 nack_dec -929600
Flow Uec_8072_0 flowId 120 uecSrc 119 finished at 347090 total messages 1 total packets 16425 RTS 0 total bytes 67112550 in_flight now 0 fair_inc 141169 prop_inc 707 fast_inc 0 eta_inc 18352161 multi_dec -18348181 quick_dec -182940 nack_dec -879800
Flow Uec_8149_0 flowId 43 uecSrc 42 finished at 347129 total messages 1 total packets 16425 RTS 0 total bytes 67112550 in_flight now 0 fair_inc 270648 prop_inc 1463 fast_inc 0 eta_inc 18336213 multi_dec -18359664 quick_dec -222944 nack_dec -1124650
Flow Uec_8092_0 flowId 100 uecSrc 99 finished at 347206 total messages 1 total packets 16425 RTS 0 total bytes 67112550 in_flight now 0 fair_inc 237149 prop_inc 574 fast_inc 0 eta_inc 18318936 multi_dec -18414895 quick_dec -171540 nack_dec -996000
Flow Uec_8090_0 flowId 102 uecSrc 101 finished at 347390 total messages 1 total packets 16425 RTS 0 total bytes 67112550 in_flight now 0 fair_inc 237920 prop_inc 1235 fast_inc 0 eta_inc 18357477 multi_dec -18381609 quick_dec -220768 nack_dec -963264
Flow Uec_8127_0 flowId 65 uecSrc 64 finished at 347429 total messages 1 total packets 16425 RTS 0 total bytes 67112550 in_flight now 0 fair_inc 248254 prop_inc 688 fast_inc 0 eta_inc 18337542 multi_dec -18322881 quick_dec -247146 nack_dec -971100
Flow Uec_8078_0 flowId 114 uecSrc 113 finished at 347678 total messages 1 total packets 16425 RTS 0 total bytes 67112550 in_flight now 0 fair_inc 180235 prop_inc 1825 fast_inc 0 eta_inc 18354819 multi_dec -18403406 quick_dec -137740 nack_dec -987700
Flow Uec_8079_0 flowId 113 uecSrc 112 finished at 347878 total messages 1 total packets 16425 RTS 0 total bytes 67112550 in_flight now 0 fair_inc 248674 prop_inc 1387 fast_inc 0 eta_inc 18366780 multi_dec -18368574 quick_dec -280032 nack_dec -1054100
Flow Uec_8107_0 flowId 85 uecSrc 84 finished at 347883 total messages 1 total packets 16425 RTS 0 total bytes 67112550 in_flight now 0 fair_inc 241019 prop_inc 1537 fast_inc 0 eta_inc 18360135 multi_dec -18326848 quick_dec -241989 nack_dec -1008450
Flow Uec_8176_0 flowId 16 uecSrc 15 finished at 347891 total messages 1 total packets 16425 RTS 0 total bytes 67112550 in_flight now 0 fair_inc 183228 prop_inc 520 fast_inc 0 eta_inc 18372096 multi_dec -18309496 quick_dec -241856 nack_dec -996000
Flow Uec_8188_0 flowId 4 uecSrc 3 finished at 347929 total messages 1 total packets 16425 RTS 0 total bytes 67112550 in_flight now 0 fair_inc 226650 prop_inc 454 fast_inc 0 eta_inc 18390702 multi_dec -18425313 quick_dec -275790 nack_dec -937900
Flow Uec_8088_0 flowId 104 uecSrc 103 finished at 347944 total messages 1 total packets 16425 RTS 0 total bytes 67112550 in_flight now 0 fair_inc 218320 prop_inc 2233 fast_inc 0 eta_inc 18364122 multi_dec -18359061 quick_dec -226451 nack_dec -1116350
Flow Uec_8133_0 flowId 59 uecSrc 58 finished at 347946 total messages 1 total packets 16425 RTS 0 total bytes 67112550 in_flight now 0 fair_inc 219474 prop_inc 307 fast_inc 0 eta_inc 18370767 multi_dec -18299051 quick_dec -216577 nack_dec -1008450
Flow Uec_8161_0 flowId 31 uecSrc 30 finished at 348027 total messages 1 total packets 16425 RTS 0 total bytes 67112550 in_flight now 0 fair_inc 267961 prop_inc 3319 fast_inc 0 eta_inc 18336213 multi_dec -18294573 quick_dec -286282 nack_dec -1228864
Flow Uec_8145_0 flowId 47 uecSrc 46 finished at 348049 total messages 1 total packets 16425 RTS 0 total bytes 67112550 in_flight now 0 fair_inc 176896 prop_inc 3022 fast_inc 0 eta_inc 18393360 multi_dec -18401727 quick_dec -262063 nack_dec -917150
Flow Uec_8152_0 flowId 40 uecSrc 39 finished at 348056 total messages 1 total packets 16425 RTS 0 total bytes 67112550 in_flight now 0 fair_inc 214545 prop_inc 2185 fast_inc 0 eta_inc 18374754 multi_dec -18334008 quick_dec -276058 nack_dec -1070700
Flow Uec_8110_0 flowId 82 uecSrc 81 finished at 348057 total messages 1 total packets 16425 RTS 0 total bytes 67112550 in_flight now 0 fair_inc 163733 prop_inc 3325 fast_inc 0 eta_inc 18393360 multi_dec -18413794 quick_dec -180244 nack_dec -896400
Flow Uec_8190_0 flowId 2 uecSrc 1 finished at 348085 total messages 1 total packets 16425 RTS 0 total bytes 67112550 in_flight now 0 fair_inc 210803 prop_inc 3151 fast_inc 0 eta_inc 18370767 multi_dec -18381191 quick_dec -224377 nack_dec -1045800
Flow Uec_8081_0 flowId 111 uecSrc 110 finished at 348091 total messages 1 total packets 16425 RTS 0 total bytes 67112550 in_flight now 0 fair_inc 225847 prop_inc 2408 fast_inc 0 eta_inc 18364122 multi_dec -18298806 quick_dec -268378 nack_dec -1066550
Flow Uec_8138_0 flowId 54 uecSrc 53 finished at 348146 total messages 1 total packets 16425 RTS 0 total bytes 67112550 in_flight now 0 fair_inc 222580 prop_inc 2038 fast_inc 0 eta_inc 18394689 multi_dec -18301626 quick_dec -243415 nack_dec -979400
Flow Uec_8096_0 flowId 96 uecSrc 95 finished at 348293 total messages 1 total packets 16425 RTS 0 total bytes 67112550 in_flight now 0 fair_inc 227587 prop_inc 2690 fast_inc 0 eta_inc 18340200 multi_dec -18311299 quick_dec -228101 nack_dec -1137100
Flow Uec_8067_0 flowId 125 uecSrc 124 finished at 348334 total messages 1 total packets 16425 RTS 0 total bytes 67112550 in_flight now 0 fair_inc 214732 prop_inc 3491 fast_inc 0 eta_inc 18390702 multi_dec -18339735 quick_dec -225822 nack_dec -975250
Flow Uec_8066_0 flowId 126 uecSrc 125 finished at 348353 total messages 1 total packets 16425 RTS 0 total bytes 67112550 in_flight now 0 fair_inc 269438 prop_inc 2629 fast_inc 0 eta_inc 18365451 multi_dec -18331305 quick_dec -261443 nack_dec -1170300
Flow Uec_8140_0 flowId 52 uecSrc 51 finished at 348454 total messages 1 total packets 16425 RTS 0 total bytes 67112550 in_flight now 0 fair_inc 225831 prop_inc 3933 fast_inc 0 eta_inc 18385386 multi_dec -18308930 quick_dec -310554 nack_dec -1066550
Flow Uec_8100_0 flowId 92 uecSrc 91 finished at 348480 total messages 1 total packets 16425 RTS 0 total bytes 67112550 in_flight now 0 fair_inc 219170 prop_inc 4141 fast_inc 0 eta_inc 18421269 multi_dec -18372102 quick_dec -331271 nack_dec -983550
Flow Uec_8180_0 flowId 12 uecSrc 11 finished at 348598 total messages 1 total packets 16425 RTS 0 total bytes 67112550 in_flight now 0 fair_inc 224420 prop_inc 3128 fast_inc 0 eta_inc 18385386 multi_dec -18280380 quick_dec -255718 nack_dec -1132950
Flow Uec_8108_0 flowId 84 uecSrc 83 finished at 348618 total messages 1 total packets 16425 RTS 0 total bytes 67112550 in_flight now 0 fair_inc 264724 prop_inc 4925 fast_inc 0 eta_inc 18413295 multi_dec -18466912 quick_dec -235495 nack_dec -958650
Flow Uec_8164_0 flowId 28 uecSrc 27 finished at 348682 total messages 1 total packets 16425 RTS 0 total bytes 67112550 in_flight now 0 fair_inc 273287 prop_inc 6475 fast_inc 0 eta_inc 18402663 multi_dec -18467526 quick_dec -244810 nack_dec -1079000
Flow Uec_8071_0 flowId 121 uecSrc 120 finished at 348694 total messages 1 total packets 16425 RTS 0 total bytes 67112550 in_flight now 0 fair_inc 227916 prop_inc 6855 fast_inc 0 eta_inc 18407979 multi_dec -18377665 quick_dec -304273 nack_dec -1041650
Flow Uec_8165_0 flowId 27 uecSrc 26 finished at 348706 total messages 1 total packets 16425 RTS 0 total bytes 67112550 in_flight now 0 fair_inc 178741 prop_inc 7026 fast_inc 0 eta_inc 18417282 multi_dec -18370082 quick_dec -248736 nack_dec -1004300
Flow Uec_8175_0 flowId 17 uecSrc 16 finished at 348767 total messages 1 total packets 16425 RTS 0 total bytes 67112550 in_flight now 0 fair_inc 210074 prop_inc 12201 fast_inc 0 eta_inc 18450507 multi_dec -18449349 quick_dec -273708 nack_dec -913000
Flow Uec_8143_0 flowId 49 uecSrc 48 finished at 348779 total messages 1 total packets 16425 RTS 0 total bytes 67112550 in_flight now 0 fair_inc 226244 prop_inc 12123 fast_inc 0 eta_inc 18417282 multi_dec -18330288 quick_dec -208081 nack_dec -1083150
Flow Uec_8118_0 flowId 74 uecSrc 73 finished at 348920 total messages 1 total packets 16425 RTS 0 total bytes 67112550 in_flight now 0 fair_inc 193490 prop_inc 17080 fast_inc 0 eta_inc 18423927 multi_dec -18318024 quick_dec -242755 nack_dec -1079000
Flow Uec_8151_0 flowId 41 uecSrc 40 finished at 348930 total messages 1 total packets 16425 RTS 0 total bytes 67112550 in_flight now 0 fair_inc 252298 prop_inc 21734 fast_inc 0 eta_inc 18453165 multi_dec -18436822 quick_dec -234888 nack_dec -958650
Flow Uec_8168_0 flowId 24 uecSrc 23 finished at 348954 total messages 1 total packets 16425 RTS 0 total bytes 67112550 in_flight now 0 fair_inc 329131 prop_inc 22515 fast_inc 0 eta_inc 18450507 multi_dec -18592323 quick_dec -189036 nack_dec -875650
Flow Uec_8160_0 flowId 32 uecSrc 31 finished at 348994 total messages 1 total packets 16425 RTS 0 total bytes 67112550 in_flight now 0 fair_inc 311020 prop_inc 58166 fast_inc 0 eta_inc 18467784 multi_dec -18595925 quick_dec -246805 nack_dec -859050
Flow Uec_8083_0 flowId 109 uecSrc 108 finished at 348995 total messages 1 total packets 16425 RTS 0 total bytes 67112550 in_flight now 0 fair_inc 206389 prop_inc 55403 fast_inc 0 eta_inc 18481074 multi_dec -18530475 quick_dec -210055 nack_dec -871500
Flow Uec_8111_0 flowId 81 uecSrc 80 finished at 348996 total messages 1 total packets 16425 RTS 0 total bytes 67112550 in_flight now 0 fair_inc 314631 prop_inc 51851 fast_inc 0 eta_inc 18462468 multi_dec -18613253 quick_dec -263452 nack_dec -950350
Flow Uec_8163_0 flowId 29 uecSrc 28 finished at 349077 total messages 1 total packets 16425 RTS 0 total bytes 67112550 in_flight now 0 fair_inc 257398 prop_inc 78861 fast_inc 740418 eta_inc 18477087 multi_dec -18560585 quick_dec -261018 nack_dec -854900
New: 2102400 Rtx: 25349 RTS: 0 Bounced: 0 ACKs: 2101896 NACKs: 25346 Pulls: 0 sleek_pkts: 0
SPURIOUS_COUNT 3
