.Flow Uec_8144_0 flowId 48 uecSrc 47 finished at 52251.6 total messages 1 total packets 4107 RTS 0 total bytes 16781202 in_flight now 0 fair_inc 0 prop_inc 0 fast_inc 0 eta_inc 2747043 multi_dec -2713928 quick_dec -256063 nack_dec -560250
Flow Uec_8135_0 flowId 57 uecSrc 56 finished at 52271.5 total messages 1 total packets 4107 RTS 0 total bytes 16781202 in_flight now 0 fair_inc 0 prop_inc 0 fast_inc 0 eta_inc 2749701 multi_dec -2708850 quick_dec -169059 nack_dec -543650
Flow Uec_8093_0 flowId 99 uecSrc 98 finished at 52447.4 total messages 1 total packets 4107 RTS 0 total bytes 16781202 in_flight now 0 fair_inc 0 prop_inc 199 fast_inc 0 eta_inc 2759004 multi_dec -2719548 quick_dec -164323 nack_dec -547800
Flow Uec_8114_0 flowId 78 uecSrc 77 finished at 52498 total messages 1 total packets 4107 RTS 0 total bytes 16781202 in_flight now 0 fair_inc 0 prop_inc 0 fast_inc 0 eta_inc 2762991 multi_dec -2734789 quick_dec -239039 nack_dec -535350
Flow Uec_8077_0 flowId 115 uecSrc 114 finished at 52499.2 total messages 1 total packets 4107 RTS 0 total bytes 16781202 in_flight now 0 fair_inc 0 prop_inc 0 fast_inc 0 eta_inc 2757675 multi_dec -2719999 quick_dec -156856 nack_dec -568550
Flow Uec_8089_0 flowId 103 uecSrc 102 finished at 52500.3 total messages 1 total packets 4107 RTS 0 total bytes 16781202 in_flight now 0 fair_inc 0 prop_inc 0 fast_inc 0 eta_inc 2752359 multi_dec -2717331 quick_dec -170652 nack_dec -564400
Flow Uec_8189_0 flowId 3 uecSrc 2 finished at 52622.6 total messages 1 total packets 4107 RTS 0 total bytes 16781202 in_flight now 0 fair_inc 44303 prop_inc 0 fast_inc 0 eta_inc 2768307 multi_dec -2737595 quick_dec -145883 nack_dec -543978
Flow Uec_8080_0 flowId 112 uecSrc 111 finished at 52652.5 total messages 1 total packets 4107 RTS 0 total bytes 16781202 in_flight now 0 fair_inc 0 prop_inc 0 fast_inc 0 eta_inc 2777610 multi_dec -2753145 quick_dec -268425 nack_dec -539500
Flow Uec_8074_0 flowId 118 uecSrc 117 finished at 52669.3 total messages 1 total packets 4107 RTS 0 total bytes 16781202 in_flight now 0 fair_inc 0 prop_inc 0 fast_inc 0 eta_inc 2760333 multi_dec -2720511 quick_dec -154294 nack_dec -585150
Flow Uec_8118_0 flowId 74 uecSrc 73 finished at 52686.5 total messages 1 total packets 4107 RTS 0 total bytes 16781202 in_flight now 0 fair_inc 5583 prop_inc 0 fast_inc 0 eta_inc 2770965 multi_dec -2730195 quick_dec -207372 nack_dec -560250
Flow Uec_8146_0 flowId 46 uecSrc 45 finished at 52768.8 total messages 1 total packets 4107 RTS 0 total bytes 16781202 in_flight now 0 fair_inc 6186 prop_inc 0 fast_inc 0 eta_inc 2780268 multi_dec -2771282 quick_dec -191170 nack_dec -531364
Flow Uec_8147_0 flowId 45 uecSrc 44 finished at 52829.1 total messages 1 total packets 4107 RTS 0 total bytes 16781202 in_flight now 0 fair_inc 0 prop_inc 0 fast_inc 0 eta_inc 2770965 multi_dec -2736105 quick_dec -191722 nack_dec -568550
Flow Uec_8165_0 flowId 27 uecSrc 26 finished at 52882.1 total messages 1 total packets 4107 RTS 0 total bytes 16781202 in_flight now 0 fair_inc 0 prop_inc 0 fast_inc 0 eta_inc 2781597 multi_dec -2745521 quick_dec -183034 nack_dec -576850
Flow Uec_8123_0 flowId 69 uecSrc 68 finished at 53036.6 total messages 1 total packets 4107 RTS 0 total bytes 16781202 in_flight now 0 fair_inc 12776 prop_inc 0 fast_inc 0 eta_inc 2782926 multi_dec -2765835 quick_dec -128302 nack_dec -572700
Flow Uec_8182_0 flowId 10 uecSrc 9 finished at 53281.1 total messages 1 total packets 4107 RTS 0 total bytes 16781202 in_flight now 0 fair_inc 0 prop_inc 0 fast_inc 0 eta_inc 2801532 multi_dec -2768386 quick_dec -184497 nack_dec -551950
Flow Uec_8068_0 flowId 124 uecSrc 123 finished at 53438.2 total messages 1 total packets 4107 RTS 0 total bytes 16781202 in_flight now 0 fair_inc 0 prop_inc 0 fast_inc 0 eta_inc 2801532 multi_dec -2764186 quick_dec -165513 nack_dec -589300
Flow Uec_8075_0 flowId 117 uecSrc 116 finished at 54271.4 total messages 1 total packets 4107 RTS 0 total bytes 16781202 in_flight now 0 fair_inc 0 prop_inc 0 fast_inc 0 eta_inc 2858679 multi_dec -2834650 quick_dec -169937 nack_dec -527050
Flow Uec_8088_0 flowId 104 uecSrc 103 finished at 56819.5 total messages 1 total packets 4107 RTS 0 total bytes 16781202 in_flight now 0 fair_inc 0 prop_inc 0 fast_inc 0 eta_inc 2990250 multi_dec -2948654 quick_dec -166764 nack_dec -551950
Flow Uec_8184_0 flowId 8 uecSrc 7 finished at 57987.2 total messages 1 total packets 4107 RTS 0 total bytes 16781202 in_flight now 0 fair_inc 0 prop_inc 0 fast_inc 0 eta_inc 3050055 multi_dec -3006917 quick_dec -148880 nack_dec -551950
Flow Uec_8072_0 flowId 120 uecSrc 119 finished at 58181.4 total messages 1 total packets 4107 RTS 0 total bytes 16781202 in_flight now 0 fair_inc 0 prop_inc 0 fast_inc 0 eta_inc 3062016 multi_dec -3022341 quick_dec -193147 nack_dec -560414
Flow Uec_8103_0 flowId 89 uecSrc 88 finished at 61296.7 total messages 1 total packets 4107 RTS 0 total bytes 16781202 in_flight now 0 fair_inc 0 prop_inc 0 fast_inc 0 eta_inc 3228141 multi_dec -3190051 quick_dec -184866 nack_dec -547800
Flow Uec_8066_0 flowId 126 uecSrc 125 finished at 63086.6 total messages 1 total packets 4107 RTS 0 total bytes 16781202 in_flight now 0 fair_inc 0 prop_inc 0 fast_inc 0 eta_inc 3321171 multi_dec -3279301 quick_dec -243751 nack_dec -564400
Flow Uec_8171_0 flowId 21 uecSrc 20 finished at 65146.3 total messages 1 total packets 4107 RTS 0 total bytes 16781202 in_flight now 0 fair_inc 5576 prop_inc 0 fast_inc 0 eta_inc 3447426 multi_dec -3434005 quick_dec -198992 nack_dec -522900
Flow Uec_8067_0 flowId 125 uecSrc 124 finished at 68461 total messages 1 total packets 4107 RTS 0 total bytes 16781202 in_flight now 0 fair_inc 5983 prop_inc 0 fast_inc 0 eta_inc 3605577 multi_dec -3586371 quick_dec -194992 nack_dec -585150
Flow Uec_8130_0 flowId 62 uecSrc 61 finished at 68589.4 total messages 1 total packets 4107 RTS 0 total bytes 16781202 in_flight now 0 fair_inc 0 prop_inc 0 fast_inc 0 eta_inc 3620196 multi_dec -3576756 quick_dec -204093 nack_dec -556100
Flow Uec_8101_0 flowId 91 uecSrc 90 finished at 73556.8 total messages 1 total packets 4107 RTS 0 total bytes 16781202 in_flight now 0 fair_inc 0 prop_inc 0 fast_inc 0 eta_inc 3887325 multi_dec -3849493 quick_dec -238083 nack_dec -551950
Flow Uec_8084_0 flowId 108 uecSrc 107 finished at 74523.5 total messages 1 total packets 4107 RTS 0 total bytes 16781202 in_flight now 0 fair_inc 5554 prop_inc 0 fast_inc 0 eta_inc 3927195 multi_dec -3890048 quick_dec -192554 nack_dec -597600
Flow Uec_8122_0 flowId 70 uecSrc 69 finished at 74714.7 total messages 1 total packets 4107 RTS 0 total bytes 16781202 in_flight now 0 fair_inc 0 prop_inc 0 fast_inc 0 eta_inc 3941814 multi_dec -3913727 quick_dec -132181 nack_dec -572700
Flow Uec_8177_0 flowId 15 uecSrc 14 finished at 75569.7 total messages 1 total packets 4107 RTS 0 total bytes 16781202 in_flight now 0 fair_inc 0 prop_inc 0 fast_inc 0 eta_inc 3987000 multi_dec -3953672 quick_dec -245721 nack_dec -560250
Flow Uec_8132_0 flowId 60 uecSrc 59 finished at 75588.3 total messages 1 total packets 4107 RTS 0 total bytes 16781202 in_flight now 0 fair_inc 0 prop_inc 0 fast_inc 0 eta_inc 3994974 multi_dec -3964715 quick_dec -200860 nack_dec -535350
Flow Uec_8129_0 flowId 63 uecSrc 62 finished at 75678.4 total messages 1 total packets 4107 RTS 0 total bytes 16781202 in_flight now 0 fair_inc 6035 prop_inc 0 fast_inc 0 eta_inc 3988329 multi_dec -3943691 quick_dec -248779 nack_dec -597600
Flow Uec_8096_0 flowId 96 uecSrc 95 finished at 75758.1 total messages 1 total packets 4107 RTS 0 total bytes 16781202 in_flight now 0 fair_inc 0 prop_inc 0 fast_inc 0 eta_inc 3993645 multi_dec -3944494 quick_dec -225178 nack_dec -564400
Flow Uec_8164_0 flowId 28 uecSrc 27 finished at 75967.7 total messages 1 total packets 4107 RTS 0 total bytes 16781202 in_flight now 0 fair_inc 0 prop_inc 0 fast_inc 0 eta_inc 4005606 multi_dec -3965315 quick_dec -191999 nack_dec -568550
Flow Uec_8100_0 flowId 92 uecSrc 91 finished at 76064 total messages 1 total packets 4107 RTS 0 total bytes 16781202 in_flight now 0 fair_inc 0 prop_inc 0 fast_inc 0 eta_inc 4010922 multi_dec -3955747 quick_dec -204849 nack_dec -585314
Flow Uec_8087_0 flowId 105 uecSrc 104 finished at 76194.8 total messages 1 total packets 4107 RTS 0 total bytes 16781202 in_flight now 0 fair_inc 0 prop_inc 0 fast_inc 0 eta_inc 4028199 multi_dec -3996260 quick_dec -162753 nack_dec -527050
Flow Uec_8119_0 flowId 73 uecSrc 72 finished at 76289.8 total messages 1 total packets 4107 RTS 0 total bytes 16781202 in_flight now 0 fair_inc 0 prop_inc 0 fast_inc 0 eta_inc 4036173 multi_dec -4001149 quick_dec -202648 nack_dec -531200
Flow Uec_8076_0 flowId 116 uecSrc 115 finished at 76351.4 total messages 1 total packets 4107 RTS 0 total bytes 16781202 in_flight now 0 fair_inc 6039 prop_inc 0 fast_inc 0 eta_inc 4033515 multi_dec -4015391 quick_dec -145514 nack_dec -556100
Flow Uec_8160_0 flowId 32 uecSrc 31 finished at 76694.2 total messages 1 total packets 4107 RTS 0 total bytes 16781202 in_flight now 0 fair_inc 0 prop_inc 0 fast_inc 0 eta_inc 4056108 multi_dec -4020784 quick_dec -240180 nack_dec -531200
Flow Uec_8136_0 flowId 56 uecSrc 55 finished at 76927.4 total messages 1 total packets 4107 RTS 0 total bytes 16781202 in_flight now 0 fair_inc 0 prop_inc 0 fast_inc 0 eta_inc 4056108 multi_dec -4016054 quick_dec -189613 nack_dec -581000
Flow Uec_8183_0 flowId 9 uecSrc 8 finished at 77030.8 total messages 1 total packets 4107 RTS 0 total bytes 16781202 in_flight now 0 fair_inc 5792 prop_inc 0 fast_inc 0 eta_inc 4066740 multi_dec -4023995 quick_dec -177688 nack_dec -560250
Flow Uec_8081_0 flowId 111 uecSrc 110 finished at 77063.9 total messages 1 total packets 4107 RTS 0 total bytes 16781202 in_flight now 0 fair_inc 0 prop_inc 0 fast_inc 0 eta_inc 4060095 multi_dec -4010468 quick_dec -252658 nack_dec -618350
Flow Uec_8069_0 flowId 123 uecSrc 122 finished at 77174.6 total messages 1 total packets 4107 RTS 0 total bytes 16781202 in_flight now 0 fair_inc 0 prop_inc 0 fast_inc 0 eta_inc 4084017 multi_dec -4058144 quick_dec -185177 nack_dec -522900
Flow Uec_8115_0 flowId 77 uecSrc 76 finished at 77386.3 total messages 1 total packets 4107 RTS 0 total bytes 16781202 in_flight now 0 fair_inc 0 prop_inc 0 fast_inc 0 eta_inc 4098636 multi_dec -4077498 quick_dec -180587 nack_dec -514600
Flow Uec_8149_0 flowId 43 uecSrc 42 finished at 77457.1 total messages 1 total packets 4107 RTS 0 total bytes 16781202 in_flight now 0 fair_inc 0 prop_inc 0 fast_inc 0 eta_inc 4094649 multi_dec -4052547 quick_dec -218854 nack_dec -551950
Flow Uec_8169_0 flowId 23 uecSrc 22 finished at 77536.2 total messages 1 total packets 4107 RTS 0 total bytes 16781202 in_flight now 0 fair_inc 0 prop_inc 0 fast_inc 0 eta_inc 4082688 multi_dec -4030571 quick_dec -141306 nack_dec -610050
Flow Uec_8108_0 flowId 84 uecSrc 83 finished at 77551.1 total messages 1 total packets 4107 RTS 0 total bytes 16781202 in_flight now 0 fair_inc 0 prop_inc 0 fast_inc 0 eta_inc 4099965 multi_dec -4073640 quick_dec -129909 nack_dec -551950
Flow Uec_8095_0 flowId 97 uecSrc 96 finished at 77622.2 total messages 1 total packets 4107 RTS 0 total bytes 16781202 in_flight now 0 fair_inc 0 prop_inc 220 fast_inc 0 eta_inc 4095978 multi_dec -4055079 quick_dec -167187 nack_dec -576850
Flow Uec_8125_0 flowId 67 uecSrc 66 finished at 77644.6 total messages 1 total packets 4107 RTS 0 total bytes 16781202 in_flight now 0 fair_inc 0 prop_inc 0 fast_inc 0 eta_inc 4099965 multi_dec -4046640 quick_dec -155523 nack_dec -556100
Flow Uec_8079_0 flowId 113 uecSrc 112 finished at 77650.4 total messages 1 total packets 4107 RTS 0 total bytes 16781202 in_flight now 0 fair_inc 0 prop_inc 0 fast_inc 0 eta_inc 4103952 multi_dec -4068961 quick_dec -156867 nack_dec -535350
Flow Uec_8112_0 flowId 80 uecSrc 79 finished at 77683.9 total messages 1 total packets 4107 RTS 0 total bytes 16781202 in_flight now 0 fair_inc 0 prop_inc 0 fast_inc 0 eta_inc 4105281 multi_dec -4072174 quick_dec -256377 nack_dec -547800
Flow Uec_8180_0 flowId 12 uecSrc 11 finished at 77726.8 total messages 1 total packets 4107 RTS 0 total bytes 16781202 in_flight now 0 fair_inc 0 prop_inc 0 fast_inc 0 eta_inc 4102623 multi_dec -4052327 quick_dec -172648 nack_dec -576850
Flow Uec_8091_0 flowId 101 uecSrc 100 finished at 77843 total messages 1 total packets 4107 RTS 0 total bytes 16781202 in_flight now 0 fair_inc 0 prop_inc 0 fast_inc 0 eta_inc 4103952 multi_dec -4067424 quick_dec -188915 nack_dec -597600
Flow Uec_8188_0 flowId 4 uecSrc 3 finished at 78298.2 total messages 1 total packets 4107 RTS 0 total bytes 16781202 in_flight now 0 fair_inc 0 prop_inc 0 fast_inc 0 eta_inc 4138506 multi_dec -4101217 quick_dec -143538 nack_dec -539500
Flow Uec_8181_0 flowId 11 uecSrc 10 finished at 78322.1 total messages 1 total packets 4107 RTS 0 total bytes 16781202 in_flight now 0 fair_inc 0 prop_inc 0 fast_inc 0 eta_inc 4125216 multi_dec -4089066 quick_dec -228121 nack_dec -614200
Flow Uec_8191_0 flowId 1 uecSrc 0 finished at 78516.3 total messages 1 total packets 4107 RTS 0 total bytes 16781202 in_flight now 0 fair_inc 0 prop_inc 28822 fast_inc 0 eta_inc 4139835 multi_dec -4104589 quick_dec -167343 nack_dec -568550
Flow Uec_8161_0 flowId 31 uecSrc 30 finished at 78621.7 total messages 1 total packets 4107 RTS 0 total bytes 16781202 in_flight now 0 fair_inc 0 prop_inc 0 fast_inc 0 eta_inc 4151796 multi_dec -4115777 quick_dec -227428 nack_dec -551950
Flow Uec_8179_0 flowId 13 uecSrc 12 finished at 79693.2 total messages 1 total packets 4107 RTS 0 total bytes 16781202 in_flight now 0 fair_inc 0 prop_inc 0 fast_inc 0 eta_inc 4220904 multi_dec -4191874 quick_dec -201989 nack_dec -527050
Flow Uec_8186_0 flowId 6 uecSrc 5 finished at 80071.2 total messages 1 total packets 4107 RTS 0 total bytes 16781202 in_flight now 0 fair_inc 0 prop_inc 0 fast_inc 0 eta_inc 4232865 multi_dec -4178606 quick_dec -181855 nack_dec -564400
Flow Uec_8139_0 flowId 53 uecSrc 52 finished at 80464 total messages 1 total packets 4107 RTS 0 total bytes 16781202 in_flight now 0 fair_inc 0 prop_inc 0 fast_inc 0 eta_inc 4259445 multi_dec -4222337 quick_dec -131184 nack_dec -531200
Flow Uec_8185_0 flowId 7 uecSrc 6 finished at 81148.3 total messages 1 total packets 4107 RTS 0 total bytes 16781202 in_flight now 0 fair_inc 13378 prop_inc 0 fast_inc 0 eta_inc 4305960 multi_dec -4313997 quick_dec -157475 nack_dec -522900
Flow Uec_8120_0 flowId 72 uecSrc 71 finished at 81207.9 total messages 1 total packets 4107 RTS 0 total bytes 16781202 in_flight now 0 fair_inc 0 prop_inc 0 fast_inc 0 eta_inc 4303302 multi_dec -4270994 quick_dec -139180 nack_dec -535350
Flow Uec_8140_0 flowId 52 uecSrc 51 finished at 81331.9 total messages 1 total packets 4107 RTS 0 total bytes 16781202 in_flight now 0 fair_inc 6681 prop_inc 0 fast_inc 0 eta_inc 4293999 multi_dec -4263292 quick_dec -158012 nack_dec -589300
Flow Uec_8176_0 flowId 16 uecSrc 15 finished at 82012.9 total messages 1 total packets 4107 RTS 0 total bytes 16781202 in_flight now 0 fair_inc 0 prop_inc 0 fast_inc 0 eta_inc 4341843 multi_dec -4297002 quick_dec -232756 nack_dec -577014
Flow Uec_8097_0 flowId 95 uecSrc 94 finished at 82048.9 total messages 1 total packets 4107 RTS 0 total bytes 16781202 in_flight now 0 fair_inc 0 prop_inc 0 fast_inc 0 eta_inc 4345830 multi_dec -4312895 quick_dec -190612 nack_dec -543650
Flow Uec_8121_0 flowId 71 uecSrc 70 finished at 82241.9 total messages 1 total packets 4107 RTS 0 total bytes 16781202 in_flight now 0 fair_inc 6467 prop_inc 0 fast_inc 0 eta_inc 4353804 multi_dec -4309094 quick_dec -159225 nack_dec -576850
Flow Uec_8111_0 flowId 81 uecSrc 80 finished at 82723 total messages 1 total packets 4107 RTS 0 total bytes 16781202 in_flight now 0 fair_inc 6461 prop_inc 236 fast_inc 0 eta_inc 4388358 multi_dec -4365608 quick_dec -198362 nack_dec -535350
Flow Uec_8113_0 flowId 79 uecSrc 78 finished at 83132.8 total messages 1 total packets 4107 RTS 0 total bytes 16781202 in_flight now 0 fair_inc 6408 prop_inc 0 fast_inc 0 eta_inc 4412280 multi_dec -4392935 quick_dec -232042 nack_dec -527050
Flow Uec_8126_0 flowId 66 uecSrc 65 finished at 83274.9 total messages 1 total packets 4107 RTS 0 total bytes 16781202 in_flight now 0 fair_inc 19156 prop_inc 215 fast_inc 0 eta_inc 4395003 multi_dec -4374263 quick_dec -177750 nack_dec -605900
Flow Uec_8065_0 flowId 127 uecSrc 126 finished at 83471.7 total messages 1 total packets 4107 RTS 0 total bytes 16781202 in_flight now 0 fair_inc 0 prop_inc 0 fast_inc 0 eta_inc 4412280 multi_dec -4358404 quick_dec -233068 nack_dec -572700
Flow Uec_8127_0 flowId 65 uecSrc 64 finished at 83699.6 total messages 1 total packets 4107 RTS 0 total bytes 16781202 in_flight now 0 fair_inc 32110 prop_inc 228 fast_inc 0 eta_inc 4420254 multi_dec -4421496 quick_dec -151370 nack_dec -614200
Flow Uec_8116_0 flowId 76 uecSrc 75 finished at 84388.4 total messages 1 total packets 4107 RTS 0 total bytes 16781202 in_flight now 0 fair_inc 32291 prop_inc 0 fast_inc 0 eta_inc 4465440 multi_dec -4488221 quick_dec -198841 nack_dec -568550
Flow Uec_8106_0 flowId 86 uecSrc 85 finished at 85087.7 total messages 1 total packets 4107 RTS 0 total bytes 16781202 in_flight now 0 fair_inc 25771 prop_inc 0 fast_inc 0 eta_inc 4497336 multi_dec -4456872 quick_dec -199771 nack_dec -626650
Flow Uec_8090_0 flowId 102 uecSrc 101 finished at 85139.2 total messages 1 total packets 4107 RTS 0 total bytes 16781202 in_flight now 0 fair_inc 38622 prop_inc 0 fast_inc 0 eta_inc 4499994 multi_dec -4510973 quick_dec -189250 nack_dec -639100
Flow Uec_8102_0 flowId 90 uecSrc 89 finished at 85570.9 total messages 1 total packets 4107 RTS 0 total bytes 16781202 in_flight now 0 fair_inc 53445 prop_inc 0 fast_inc 0 eta_inc 4535877 multi_dec -4565717 quick_dec -190966 nack_dec -547800
Flow Uec_8082_0 flowId 110 uecSrc 109 finished at 85613.3 total messages 1 total packets 4107 RTS 0 total bytes 16781202 in_flight now 0 fair_inc 58117 prop_inc 0 fast_inc 0 eta_inc 4542522 multi_dec -4618756 quick_dec -200932 nack_dec -564400
Flow Uec_8124_0 flowId 68 uecSrc 67 finished at 85859 total messages 1 total packets 4107 RTS 0 total bytes 16781202 in_flight now 0 fair_inc 32196 prop_inc 0 fast_inc 0 eta_inc 4561128 multi_dec -4590421 quick_dec -195825 nack_dec -518750
Flow Uec_8167_0 flowId 25 uecSrc 24 finished at 85935.5 total messages 1 total packets 4107 RTS 0 total bytes 16781202 in_flight now 0 fair_inc 65732 prop_inc 0 fast_inc 0 eta_inc 4550496 multi_dec -4580750 quick_dec -193663 nack_dec -605900
Flow Uec_8173_0 flowId 19 uecSrc 18 finished at 85946 total messages 1 total packets 4107 RTS 0 total bytes 16781202 in_flight now 0 fair_inc 51786 prop_inc 0 fast_inc 0 eta_inc 4553154 multi_dec -4581530 quick_dec -121988 nack_dec -610050
Flow Uec_8064_0 flowId 128 uecSrc 127 finished at 85990 total messages 1 total packets 4107 RTS 0 total bytes 16781202 in_flight now 0 fair_inc 47141 prop_inc 0 fast_inc 0 eta_inc 4545180 multi_dec -4565863 quick_dec -268666 nack_dec -610050
Flow Uec_8153_0 flowId 39 uecSrc 38 finished at 86159.7 total messages 1 total packets 4107 RTS 0 total bytes 16781202 in_flight now 0 fair_inc 96010 prop_inc 17 fast_inc 0 eta_inc 4562457 multi_dec -4617294 quick_dec -204013 nack_dec -618350
Flow Uec_8109_0 flowId 83 uecSrc 82 finished at 86174 total messages 1 total packets 4107 RTS 0 total bytes 16781202 in_flight now 0 fair_inc 32830 prop_inc 0 fast_inc 0 eta_inc 4575747 multi_dec -4628511 quick_dec -157942 nack_dec -547800
Flow Uec_8190_0 flowId 2 uecSrc 1 finished at 86252.5 total messages 1 total packets 4107 RTS 0 total bytes 16781202 in_flight now 0 fair_inc 69193 prop_inc 190 fast_inc 0 eta_inc 4549167 multi_dec -4590199 quick_dec -166577 nack_dec -705500
Flow Uec_8105_0 flowId 87 uecSrc 86 finished at 86261 total messages 1 total packets 4107 RTS 0 total bytes 16781202 in_flight now 0 fair_inc 33051 prop_inc 48 fast_inc 0 eta_inc 4565115 multi_dec -4540538 quick_dec -214089 nack_dec -614200
Flow Uec_8170_0 flowId 22 uecSrc 21 finished at 86333.3 total messages 1 total packets 4107 RTS 0 total bytes 16781202 in_flight now 0 fair_inc 31718 prop_inc 0 fast_inc 0 eta_inc 4570431 multi_dec -4548521 quick_dec -188340 nack_dec -605900
Flow Uec_8158_0 flowId 34 uecSrc 33 finished at 86388.9 total messages 1 total packets 4107 RTS 0 total bytes 16781202 in_flight now 0 fair_inc 93659 prop_inc 0 fast_inc 0 eta_inc 4573089 multi_dec -4632053 quick_dec -158589 nack_dec -647400
Flow Uec_8150_0 flowId 42 uecSrc 41 finished at 86473.1 total messages 1 total packets 4107 RTS 0 total bytes 16781202 in_flight now 0 fair_inc 58466 prop_inc 0 fast_inc 0 eta_inc 4587708 multi_dec -4635716 quick_dec -171032 nack_dec -589300
Flow Uec_8151_0 flowId 41 uecSrc 40 finished at 86480.5 total messages 1 total packets 4107 RTS 0 total bytes 16781202 in_flight now 0 fair_inc 43320 prop_inc 260 fast_inc 0 eta_inc 4589037 multi_dec -4581725 quick_dec -230591 nack_dec -601750
Flow Uec_8187_0 flowId 5 uecSrc 4 finished at 86556.2 total messages 1 total packets 4107 RTS 0 total bytes 16781202 in_flight now 0 fair_inc 49865 prop_inc 24 fast_inc 0 eta_inc 4579734 multi_dec -4582676 quick_dec -163075 nack_dec -597600
Flow Uec_8083_0 flowId 109 uecSrc 108 finished at 86565.1 total messages 1 total packets 4107 RTS 0 total bytes 16781202 in_flight now 0 fair_inc 62667 prop_inc 55 fast_inc 0 eta_inc 4575747 multi_dec -4611734 quick_dec -173802 nack_dec -664000
Flow Uec_8143_0 flowId 49 uecSrc 48 finished at 86657.4 total messages 1 total packets 4107 RTS 0 total bytes 16781202 in_flight now 0 fair_inc 77217 prop_inc 207 fast_inc 0 eta_inc 4593024 multi_dec -4658937 quick_dec -175617 nack_dec -597600
Flow Uec_8117_0 flowId 75 uecSrc 74 finished at 86739.5 total messages 1 total packets 4107 RTS 0 total bytes 16781202 in_flight now 0 fair_inc 38735 prop_inc 1356 fast_inc 0 eta_inc 4602327 multi_dec -4612744 quick_dec -228481 nack_dec -552114
Flow Uec_8175_0 flowId 17 uecSrc 16 finished at 86757 total messages 1 total packets 4107 RTS 0 total bytes 16781202 in_flight now 0 fair_inc 70703 prop_inc 3464 fast_inc 0 eta_inc 4599669 multi_dec -4615376 quick_dec -227526 nack_dec -593450
Flow Uec_8094_0 flowId 98 uecSrc 97 finished at 86799.3 total messages 1 total packets 4107 RTS 0 total bytes 16781202 in_flight now 0 fair_inc 88218 prop_inc 250 fast_inc 0 eta_inc 4599669 multi_dec -4666150 quick_dec -183198 nack_dec -601750
Flow Uec_8078_0 flowId 114 uecSrc 113 finished at 86804.3 total messages 1 total packets 4107 RTS 0 total bytes 16781202 in_flight now 0 fair_inc 88312 prop_inc 2577 fast_inc 0 eta_inc 4603656 multi_dec -4672919 quick_dec -171346 nack_dec -593450
Flow Uec_8070_0 flowId 122 uecSrc 121 finished at 86825.8 total messages 1 total packets 4107 RTS 0 total bytes 16781202 in_flight now 0 fair_inc 64994 prop_inc 2456 fast_inc 0 eta_inc 4594353 multi_dec -4605934 quick_dec -225422 nack_dec -622500
Flow Uec_8104_0 flowId 88 uecSrc 87 finished at 86850.5 total messages 1 total packets 4107 RTS 0 total bytes 16781202 in_flight now 0 fair_inc 83533 prop_inc 3289 fast_inc 0 eta_inc 4599669 multi_dec -4661747 quick_dec -220264 nack_dec -630800
Flow Uec_8142_0 flowId 50 uecSrc 49 finished at 86871.1 total messages 1 total packets 4107 RTS 0 total bytes 16781202 in_flight now 0 fair_inc 60234 prop_inc 878 fast_inc 0 eta_inc 4611630 multi_dec -4653915 quick_dec -202341 nack_dec -572700
Flow Uec_8166_0 flowId 26 uecSrc 25 finished at 86906.6 total messages 1 total packets 4107 RTS 0 total bytes 16781202 in_flight now 0 fair_inc 58857 prop_inc 1572 fast_inc 0 eta_inc 4618275 multi_dec -4705606 quick_dec -157658 nack_dec -522900
Flow Uec_8133_0 flowId 59 uecSrc 58 finished at 86923.6 total messages 1 total packets 4107 RTS 0 total bytes 16781202 in_flight now 0 fair_inc 56270 prop_inc 3708 fast_inc 0 eta_inc 4610301 multi_dec -4635407 quick_dec -166216 nack_dec -572700
Flow Uec_8159_0 flowId 33 uecSrc 32 finished at 86936 total messages 1 total packets 4107 RTS 0 total bytes 16781202 in_flight now 0 fair_inc 58645 prop_inc 3422 fast_inc 0 eta_inc 4591695 multi_dec -4615267 quick_dec -184112 nack_dec -655700
Flow Uec_8073_0 flowId 119 uecSrc 118 finished at 86941.7 total messages 1 total packets 4107 RTS 0 total bytes 16781202 in_flight now 0 fair_inc 99430 prop_inc 1197 fast_inc 0 eta_inc 4618275 multi_dec -4690364 quick_dec -176465 nack_dec -626650
Flow Uec_8138_0 flowId 54 uecSrc 53 finished at 86942.7 total messages 1 total packets 4107 RTS 0 total bytes 16781202 in_flight now 0 fair_inc 38509 prop_inc 3226 fast_inc 0 eta_inc 4604985 multi_dec -4626740 quick_dec -180613 nack_dec -589300
Flow Uec_8154_0 flowId 38 uecSrc 37 finished at 87010.9 total messages 1 total packets 4107 RTS 0 total bytes 16781202 in_flight now 0 fair_inc 82118 prop_inc 1113 fast_inc 0 eta_inc 4608972 multi_dec -4615923 quick_dec -206638 nack_dec -634950
Flow Uec_8152_0 flowId 40 uecSrc 39 finished at 87030.2 total messages 1 total packets 4107 RTS 0 total bytes 16781202 in_flight now 0 fair_inc 46612 prop_inc 1436 fast_inc 0 eta_inc 4608972 multi_dec -4621773 quick_dec -184908 nack_dec -585150
Flow Uec_8174_0 flowId 18 uecSrc 17 finished at 87032.7 total messages 1 total packets 4107 RTS 0 total bytes 16781202 in_flight now 0 fair_inc 62964 prop_inc 1022 fast_inc 0 eta_inc 4612959 multi_dec -4605746 quick_dec -192583 nack_dec -655700
Flow Uec_8098_0 flowId 94 uecSrc 93 finished at 87045.5 total messages 1 total packets 4107 RTS 0 total bytes 16781202 in_flight now 0 fair_inc 45316 prop_inc 1315 fast_inc 0 eta_inc 4610301 multi_dec -4623086 quick_dec -216858 nack_dec -614200
Flow Uec_8110_0 flowId 82 uecSrc 81 finished at 87058.6 total messages 1 total packets 4107 RTS 0 total bytes 16781202 in_flight now 0 fair_inc 20061 prop_inc 4186 fast_inc 0 eta_inc 4610301 multi_dec -4563360 quick_dec -161874 nack_dec -605900
Flow Uec_8162_0 flowId 30 uecSrc 29 finished at 87078 total messages 1 total packets 4107 RTS 0 total bytes 16781202 in_flight now 0 fair_inc 100990 prop_inc 4689 fast_inc 0 eta_inc 4616946 multi_dec -4658753 quick_dec -253801 nack_dec -601750
Flow Uec_8086_0 flowId 106 uecSrc 105 finished at 87086 total messages 1 total packets 4107 RTS 0 total bytes 16781202 in_flight now 0 fair_inc 75887 prop_inc 940 fast_inc 0 eta_inc 4631565 multi_dec -4692108 quick_dec -217634 nack_dec -581000
Flow Uec_8128_0 flowId 64 uecSrc 63 finished at 87100.9 total messages 1 total packets 4107 RTS 0 total bytes 16781202 in_flight now 0 fair_inc 67312 prop_inc 7168 fast_inc 0 eta_inc 4611630 multi_dec -4597178 quick_dec -299959 nack_dec -622500
Flow Uec_8168_0 flowId 24 uecSrc 23 finished at 87105.9 total messages 1 total packets 4107 RTS 0 total bytes 16781202 in_flight now 0 fair_inc 52457 prop_inc 2320 fast_inc 0 eta_inc 4618275 multi_dec -4591663 quick_dec -217276 nack_dec -622500
Flow Uec_8092_0 flowId 100 uecSrc 99 finished at 87121.7 total messages 1 total packets 4107 RTS 0 total bytes 16781202 in_flight now 0 fair_inc 74048 prop_inc 12661 fast_inc 0 eta_inc 4618275 multi_dec -4663147 quick_dec -178135 nack_dec -576850
Flow Uec_8157_0 flowId 35 uecSrc 34 finished at 87121.9 total messages 1 total packets 4107 RTS 0 total bytes 16781202 in_flight now 0 fair_inc 51980 prop_inc 7249 fast_inc 0 eta_inc 4628907 multi_dec -4653585 quick_dec -149939 nack_dec -614200
Flow Uec_8156_0 flowId 36 uecSrc 35 finished at 87149.6 total messages 1 total packets 4107 RTS 0 total bytes 16781202 in_flight now 0 fair_inc 47468 prop_inc 16024 fast_inc 0 eta_inc 4634223 multi_dec -4663552 quick_dec -160406 nack_dec -531200
Flow Uec_8085_0 flowId 107 uecSrc 106 finished at 87189.6 total messages 1 total packets 4107 RTS 0 total bytes 16781202 in_flight now 0 fair_inc 74389 prop_inc 13655 fast_inc 0 eta_inc 4622262 multi_dec -4619912 quick_dec -228566 nack_dec -572700
Flow Uec_8107_0 flowId 85 uecSrc 84 finished at 87192.6 total messages 1 total packets 4107 RTS 0 total bytes 16781202 in_flight now 0 fair_inc 87304 prop_inc 14587 fast_inc 0 eta_inc 4620933 multi_dec -4649382 quick_dec -159004 nack_dec -605900
Flow Uec_8134_0 flowId 58 uecSrc 57 finished at 87194.1 total messages 1 total packets 4107 RTS 0 total bytes 16781202 in_flight now 0 fair_inc 63080 prop_inc 24746 fast_inc 0 eta_inc 4623591 multi_dec -4603505 quick_dec -189296 nack_dec -630800
Flow Uec_8141_0 flowId 51 uecSrc 50 finished at 87239.9 total messages 1 total packets 4107 RTS 0 total bytes 16781202 in_flight now 0 fair_inc 55378 prop_inc 24170 fast_inc 0 eta_inc 4640868 multi_dec -4666183 quick_dec -158995 nack_dec -564400
Flow Uec_8071_0 flowId 121 uecSrc 120 finished at 87256.7 total messages 1 total packets 4107 RTS 0 total bytes 16781202 in_flight now 0 fair_inc 64632 prop_inc 20985 fast_inc 0 eta_inc 4630236 multi_dec -4657301 quick_dec -236032 nack_dec -597600
Flow Uec_8178_0 flowId 14 uecSrc 13 finished at 87272.1 total messages 1 total packets 4107 RTS 0 total bytes 16781202 in_flight now 0 fair_inc 19554 prop_inc 22157 fast_inc 0 eta_inc 4623591 multi_dec -4600315 quick_dec -201210 nack_dec -572700
Flow Uec_8099_0 flowId 93 uecSrc 92 finished at 87275.1 total messages 1 total packets 4107 RTS 0 total bytes 16781202 in_flight now 0 fair_inc 74211 prop_inc 24474 fast_inc 0 eta_inc 4618275 multi_dec -4579449 quick_dec -291240 nack_dec -680600
Flow Uec_8131_0 flowId 61 uecSrc 60 finished at 87275.6 total messages 1 total packets 4107 RTS 0 total bytes 16781202 in_flight now 0 fair_inc 53822 prop_inc 27554 fast_inc 0 eta_inc 4624920 multi_dec -4606708 quick_dec -255127 nack_dec -668150
Flow Uec_8148_0 flowId 44 uecSrc 43 finished at 87279.1 total messages 1 total packets 4107 RTS 0 total bytes 16781202 in_flight now 0 fair_inc 97720 prop_inc 16488 fast_inc 0 eta_inc 4626249 multi_dec -4609461 quick_dec -295830 nack_dec -618350
Flow Uec_8137_0 flowId 55 uecSrc 54 finished at 87295.8 total messages 1 total packets 4107 RTS 0 total bytes 16781202 in_flight now 0 fair_inc 22011 prop_inc 53970 fast_inc 0 eta_inc 4631565 multi_dec -4572396 quick_dec -219121 nack_dec -576850
Flow Uec_8163_0 flowId 29 uecSrc 28 finished at 87296.1 total messages 1 total packets 4107 RTS 0 total bytes 16781202 in_flight now 0 fair_inc 44540 prop_inc 39706 fast_inc 0 eta_inc 4619604 multi_dec -4629560 quick_dec -200590 nack_dec -639100
Flow Uec_8145_0 flowId 47 uecSrc 46 finished at 87300.7 total messages 1 total packets 4107 RTS 0 total bytes 16781202 in_flight now 0 fair_inc 61168 prop_inc 47403 fast_inc 6838 eta_inc 4634223 multi_dec -4664816 quick_dec -278502 nack_dec -572700
Flow Uec_8172_0 flowId 20 uecSrc 19 finished at 87305.1 total messages 1 total packets 4107 RTS 0 total bytes 16781202 in_flight now 0 fair_inc 72416 prop_inc 59604 fast_inc 29335 eta_inc 4643526 multi_dec -4650591 quick_dec -192934 nack_dec -572700
Flow Uec_8155_0 flowId 37 uecSrc 36 finished at 87322.2 total messages 1 total packets 4107 RTS 0 total bytes 16781202 in_flight now 0 fair_inc 69269 prop_inc 71012 fast_inc 0 eta_inc 4631565 multi_dec -4601662 quick_dec -178295 nack_dec -626650
New: 525696 Rtx: 17873 RTS: 0 Bounced: 0 ACKs: 525431 NACKs: 17873 Pulls: 0 sleek_pkts: 0
SPURIOUS_COUNT 0
