Flow Uec_7838_0 flowId 56 uecSrc 55 finished at 7731.06 total messages 1 total packets 514 RTS 0 total bytes 2100204 in_flight now 0 fair_inc 0 prop_inc 0 fast_inc 0 eta_inc 373449 multi_dec -319512 quick_dec -177341 nack_dec -568550
Flow Uec_5109_0 flowId 40 uecSrc 39 finished at 7759.65 total messages 1 total packets 514 RTS 0 total bytes 2100204 in_flight now 0 fair_inc 0 prop_inc 0 fast_inc 0 eta_inc 364146 multi_dec -316758 quick_dec -169016 nack_dec -618350
Flow Uec_5272_0 flowId 49 uecSrc 48 finished at 7818.3 total messages 1 total packets 514 RTS 0 total bytes 2100204 in_flight now 0 fair_inc 0 prop_inc 0 fast_inc 0 eta_inc 380094 multi_dec -324442 quick_dec -177400 nack_dec -576850
Flow Uec_6681_0 flowId 79 uecSrc 78 finished at 7823.49 total messages 1 total packets 514 RTS 0 total bytes 2100204 in_flight now 0 fair_inc 0 prop_inc 0 fast_inc 0 eta_inc 381423 multi_dec -324823 quick_dec -182068 nack_dec -589300
Flow Uec_6679_0 flowId 73 uecSrc 72 finished at 7835.32 total messages 1 total packets 514 RTS 0 total bytes 2100204 in_flight now 0 fair_inc 0 prop_inc 0 fast_inc 0 eta_inc 388068 multi_dec -342981 quick_dec -186635 nack_dec -551950
Flow Uec_6373_0 flowId 93 uecSrc 92 finished at 7920.32 total messages 1 total packets 514 RTS 0 total bytes 2100204 in_flight now 0 fair_inc 0 prop_inc 0 fast_inc 0 eta_inc 368133 multi_dec -317565 quick_dec -210795 nack_dec -643250
Flow Uec_6828_0 flowId 60 uecSrc 59 finished at 7923.53 total messages 1 total packets 514 RTS 0 total bytes 2100204 in_flight now 0 fair_inc 0 prop_inc 0 fast_inc 0 eta_inc 372120 multi_dec -316465 quick_dec -197117 nack_dec -639100
Flow Uec_7194_0 flowId 113 uecSrc 112 finished at 8052.62 total messages 1 total packets 514 RTS 0 total bytes 2100204 in_flight now 0 fair_inc 0 prop_inc 0 fast_inc 0 eta_inc 393384 multi_dec -336310 quick_dec -187409 nack_dec -589300
Flow Uec_4558_0 flowId 52 uecSrc 51 finished at 8075.92 total messages 1 total packets 514 RTS 0 total bytes 2100204 in_flight now 0 fair_inc 0 prop_inc 0 fast_inc 0 eta_inc 405345 multi_dec -369891 quick_dec -166079 nack_dec -531200
Flow Uec_4265_0 flowId 97 uecSrc 96 finished at 8144.03 total messages 1 total packets 514 RTS 0 total bytes 2100204 in_flight now 0 fair_inc 0 prop_inc 0 fast_inc 0 eta_inc 378765 multi_dec -324976 quick_dec -195838 nack_dec -643250
Flow Uec_5457_0 flowId 121 uecSrc 120 finished at 8211.3 total messages 1 total packets 514 RTS 0 total bytes 2100204 in_flight now 0 fair_inc 0 prop_inc 0 fast_inc 0 eta_inc 411990 multi_dec -382061 quick_dec -187522 nack_dec -535350
Flow Uec_3291_0 flowId 66 uecSrc 65 finished at 8273.1 total messages 1 total packets 514 RTS 0 total bytes 2100204 in_flight now 0 fair_inc 0 prop_inc 0 fast_inc 0 eta_inc 392055 multi_dec -328140 quick_dec -182839 nack_dec -639100
Flow Uec_1661_0 flowId 59 uecSrc 58 finished at 8295.56 total messages 1 total packets 514 RTS 0 total bytes 2100204 in_flight now 0 fair_inc 0 prop_inc 0 fast_inc 0 eta_inc 417306 multi_dec -380979 quick_dec -155250 nack_dec -531200
Flow Uec_27_0 flowId 128 uecSrc 127 finished at 8357.07 total messages 1 total packets 514 RTS 0 total bytes 2100204 in_flight now 0 fair_inc 5936 prop_inc 1697 fast_inc 0 eta_inc 434583 multi_dec -363623 quick_dec --13074 nack_dec -659850
Flow Uec_4862_0 flowId 27 uecSrc 26 finished at 8413.58 total messages 1 total packets 514 RTS 0 total bytes 2100204 in_flight now 0 fair_inc 0 prop_inc 0 fast_inc 0 eta_inc 422622 multi_dec -394879 quick_dec -180206 nack_dec -522900
Flow Uec_1431_0 flowId 8 uecSrc 7 finished at 8486.8 total messages 1 total packets 514 RTS 0 total bytes 2100204 in_flight now 0 fair_inc 0 prop_inc 0 fast_inc 0 eta_inc 430596 multi_dec -407233 quick_dec -191671 nack_dec -518750
Flow Uec_4033_0 flowId 116 uecSrc 115 finished at 8578.64 total messages 1 total packets 514 RTS 0 total bytes 2100204 in_flight now 0 fair_inc 0 prop_inc 0 fast_inc 0 eta_inc 425280 multi_dec -388399 quick_dec -184096 nack_dec -560250
Flow Uec_3202_0 flowId 114 uecSrc 113 finished at 8617.2 total messages 1 total packets 514 RTS 0 total bytes 2100204 in_flight now 0 fair_inc 0 prop_inc 0 fast_inc 0 eta_inc 429267 multi_dec -387365 quick_dec -191970 nack_dec -556100
Flow Uec_2942_0 flowId 111 uecSrc 110 finished at 8800.63 total messages 1 total packets 514 RTS 0 total bytes 2100204 in_flight now 0 fair_inc 5600 prop_inc 0 fast_inc 0 eta_inc 446544 multi_dec -408517 quick_dec -208922 nack_dec -531200
Flow Uec_251_0 flowId 84 uecSrc 83 finished at 8917.7 total messages 1 total packets 514 RTS 0 total bytes 2100204 in_flight now 0 fair_inc 4980 prop_inc 1729 fast_inc 0 eta_inc 466479 multi_dec -423661 quick_dec --54848 nack_dec -693050
Flow Uec_1988_0 flowId 55 uecSrc 54 finished at 9022.69 total messages 1 total packets 514 RTS 0 total bytes 2100204 in_flight now 0 fair_inc 0 prop_inc 0 fast_inc 0 eta_inc 443886 multi_dec -402170 quick_dec -170117 nack_dec -576850
Flow Uec_3942_0 flowId 54 uecSrc 53 finished at 9114.21 total messages 1 total packets 514 RTS 0 total bytes 2100204 in_flight now 0 fair_inc 6117 prop_inc 0 fast_inc 0 eta_inc 461163 multi_dec -446970 quick_dec -152612 nack_dec -539500
Flow Uec_7751_0 flowId 30 uecSrc 29 finished at 9161.56 total messages 1 total packets 514 RTS 0 total bytes 2100204 in_flight now 0 fair_inc 0 prop_inc 0 fast_inc 0 eta_inc 459834 multi_dec -420945 quick_dec -187283 nack_dec -551950
Flow Uec_5695_0 flowId 92 uecSrc 91 finished at 9334.26 total messages 1 total packets 514 RTS 0 total bytes 2100204 in_flight now 0 fair_inc 0 prop_inc 0 fast_inc 0 eta_inc 462492 multi_dec -410904 quick_dec -166348 nack_dec -568550
Flow Uec_576_0 flowId 123 uecSrc 122 finished at 9502.34 total messages 1 total packets 514 RTS 0 total bytes 2100204 in_flight now 0 fair_inc 11702 prop_inc 0 fast_inc 0 eta_inc 486414 multi_dec -483905 quick_dec -209270 nack_dec -536448
Flow Uec_2753_0 flowId 71 uecSrc 70 finished at 9502.72 total messages 1 total packets 514 RTS 0 total bytes 2100204 in_flight now 0 fair_inc 0 prop_inc 0 fast_inc 0 eta_inc 459834 multi_dec -396276 quick_dec -188100 nack_dec -610050
Flow Uec_2366_0 flowId 87 uecSrc 86 finished at 9600.37 total messages 1 total packets 514 RTS 0 total bytes 2100204 in_flight now 0 fair_inc 0 prop_inc 0 fast_inc 0 eta_inc 461163 multi_dec -397597 quick_dec -189119 nack_dec -614200
Flow Uec_6546_0 flowId 99 uecSrc 98 finished at 9663.04 total messages 1 total packets 514 RTS 0 total bytes 2100204 in_flight now 0 fair_inc 26602 prop_inc 0 fast_inc 0 eta_inc 494388 multi_dec -481237 quick_dec -167549 nack_dec -539500
Flow Uec_2229_0 flowId 115 uecSrc 114 finished at 9715.88 total messages 1 total packets 514 RTS 0 total bytes 2100204 in_flight now 0 fair_inc 5583 prop_inc 0 fast_inc 0 eta_inc 489072 multi_dec -444055 quick_dec -187103 nack_dec -572700
Flow Uec_6740_0 flowId 102 uecSrc 101 finished at 9820.01 total messages 1 total packets 514 RTS 0 total bytes 2100204 in_flight now 0 fair_inc 0 prop_inc 0 fast_inc 0 eta_inc 495717 multi_dec -450187 quick_dec -176326 nack_dec -547800
Flow Uec_978_0 flowId 118 uecSrc 117 finished at 9836.51 total messages 1 total packets 514 RTS 0 total bytes 2100204 in_flight now 0 fair_inc 0 prop_inc 0 fast_inc 0 eta_inc 481098 multi_dec -414871 quick_dec -198849 nack_dec -618350
Flow Uec_5876_0 flowId 37 uecSrc 36 finished at 9853.66 total messages 1 total packets 514 RTS 0 total bytes 2100204 in_flight now 0 fair_inc 0 prop_inc 0 fast_inc 0 eta_inc 490401 multi_dec -433895 quick_dec -168241 nack_dec -568550
Flow Uec_560_0 flowId 22 uecSrc 21 finished at 9939.53 total messages 1 total packets 514 RTS 0 total bytes 2100204 in_flight now 0 fair_inc 12773 prop_inc 0 fast_inc 0 eta_inc 493059 multi_dec -503110 quick_dec -174057 nack_dec -576850
Flow Uec_3231_0 flowId 96 uecSrc 95 finished at 10004.9 total messages 1 total packets 514 RTS 0 total bytes 2100204 in_flight now 0 fair_inc 4710 prop_inc 0 fast_inc 0 eta_inc 490401 multi_dec -470578 quick_dec -188912 nack_dec -597600
Flow Uec_1286_0 flowId 67 uecSrc 66 finished at 10041.9 total messages 1 total packets 514 RTS 0 total bytes 2100204 in_flight now 0 fair_inc 0 prop_inc 0 fast_inc 0 eta_inc 485085 multi_dec -422302 quick_dec -180916 nack_dec -597600
Flow Uec_969_0 flowId 64 uecSrc 63 finished at 10048.8 total messages 1 total packets 514 RTS 0 total bytes 2100204 in_flight now 0 fair_inc 6029 prop_inc 0 fast_inc 0 eta_inc 503691 multi_dec -483282 quick_dec -153294 nack_dec -551950
Flow Uec_5602_0 flowId 46 uecSrc 45 finished at 10052.1 total messages 1 total packets 514 RTS 0 total bytes 2100204 in_flight now 0 fair_inc 6110 prop_inc 0 fast_inc 0 eta_inc 501033 multi_dec -480530 quick_dec -210809 nack_dec -572700
Flow Uec_500_0 flowId 16 uecSrc 15 finished at 10056.5 total messages 1 total packets 514 RTS 0 total bytes 2100204 in_flight now 0 fair_inc 0 prop_inc 0 fast_inc 0 eta_inc 506349 multi_dec -472809 quick_dec -168690 nack_dec -539500
Flow Uec_7454_0 flowId 119 uecSrc 118 finished at 10078.5 total messages 1 total packets 514 RTS 0 total bytes 2100204 in_flight now 0 fair_inc 9890 prop_inc 0 fast_inc 0 eta_inc 491730 multi_dec -451102 quick_dec -206440 nack_dec -647400
Flow Uec_5923_0 flowId 13 uecSrc 12 finished at 10080.5 total messages 1 total packets 514 RTS 0 total bytes 2100204 in_flight now 0 fair_inc 0 prop_inc 0 fast_inc 0 eta_inc 505020 multi_dec -472457 quick_dec -157861 nack_dec -564400
Flow Uec_4841_0 flowId 10 uecSrc 9 finished at 10082.7 total messages 1 total packets 514 RTS 0 total bytes 2100204 in_flight now 0 fair_inc 5946 prop_inc 0 fast_inc 0 eta_inc 506349 multi_dec -495154 quick_dec -170924 nack_dec -551950
Flow Uec_1600_0 flowId 127 uecSrc 126 finished at 10086.7 total messages 1 total packets 514 RTS 0 total bytes 2100204 in_flight now 0 fair_inc 0 prop_inc 0 fast_inc 0 eta_inc 494388 multi_dec -429115 quick_dec -196482 nack_dec -614200
Flow Uec_5108_0 flowId 77 uecSrc 76 finished at 10096.9 total messages 1 total packets 514 RTS 0 total bytes 2100204 in_flight now 0 fair_inc 12174 prop_inc 0 fast_inc 0 eta_inc 497046 multi_dec -479060 quick_dec -181209 nack_dec -585150
Flow Uec_6382_0 flowId 4 uecSrc 3 finished at 10131.7 total messages 1 total packets 514 RTS 0 total bytes 2100204 in_flight now 0 fair_inc 5546 prop_inc 0 fast_inc 0 eta_inc 511665 multi_dec -484469 quick_dec -189626 nack_dec -568550
Flow Uec_6841_0 flowId 42 uecSrc 41 finished at 10137.2 total messages 1 total packets 514 RTS 0 total bytes 2100204 in_flight now 0 fair_inc 5948 prop_inc 0 fast_inc 0 eta_inc 498375 multi_dec -465789 quick_dec -200010 nack_dec -594548
Flow Uec_3002_0 flowId 101 uecSrc 100 finished at 10175.8 total messages 1 total packets 514 RTS 0 total bytes 2100204 in_flight now 0 fair_inc 6048 prop_inc 0 fast_inc 0 eta_inc 489072 multi_dec -446025 quick_dec -221353 nack_dec -652648
Flow Uec_295_0 flowId 48 uecSrc 47 finished at 10237.7 total messages 1 total packets 514 RTS 0 total bytes 2100204 in_flight now 0 fair_inc 3794 prop_inc 0 fast_inc 0 eta_inc 501033 multi_dec -441220 quick_dec -215218 nack_dec -630800
Flow Uec_1353_0 flowId 105 uecSrc 104 finished at 10259 total messages 1 total packets 514 RTS 0 total bytes 2100204 in_flight now 0 fair_inc 0 prop_inc 0 fast_inc 0 eta_inc 519639 multi_dec -481533 quick_dec -179584 nack_dec -547800
Flow Uec_5791_0 flowId 74 uecSrc 73 finished at 10301.2 total messages 1 total packets 514 RTS 0 total bytes 2100204 in_flight now 0 fair_inc 12130 prop_inc 0 fast_inc 0 eta_inc 522297 multi_dec -501757 quick_dec -152910 nack_dec -572700
Flow Uec_7588_0 flowId 95 uecSrc 94 finished at 10408.3 total messages 1 total packets 514 RTS 0 total bytes 2100204 in_flight now 0 fair_inc 6032 prop_inc 0 fast_inc 0 eta_inc 509007 multi_dec -467247 quick_dec -215704 nack_dec -630800
Flow Uec_4106_0 flowId 65 uecSrc 64 finished at 10418.8 total messages 1 total packets 514 RTS 0 total bytes 2100204 in_flight now 0 fair_inc 0 prop_inc 0 fast_inc 0 eta_inc 519639 multi_dec -461032 quick_dec -201161 nack_dec -605900
Flow Uec_6566_0 flowId 107 uecSrc 106 finished at 10426.7 total messages 1 total packets 514 RTS 0 total bytes 2100204 in_flight now 0 fair_inc 6036 prop_inc 0 fast_inc 0 eta_inc 532929 multi_dec -508550 quick_dec -164618 nack_dec -531200
Flow Uec_8186_0 flowId 91 uecSrc 90 finished at 10427.1 total messages 1 total packets 514 RTS 0 total bytes 2100204 in_flight now 0 fair_inc 11750 prop_inc 0 fast_inc 0 eta_inc 510336 multi_dec -467715 quick_dec -182768 nack_dec -622500
Flow Uec_2271_0 flowId 63 uecSrc 62 finished at 10434.1 total messages 1 total packets 514 RTS 0 total bytes 2100204 in_flight now 0 fair_inc 18874 prop_inc 0 fast_inc 0 eta_inc 512994 multi_dec -483036 quick_dec -189533 nack_dec -622500
Flow Uec_7380_0 flowId 100 uecSrc 99 finished at 10447.4 total messages 1 total packets 514 RTS 0 total bytes 2100204 in_flight now 0 fair_inc 9902 prop_inc 0 fast_inc 0 eta_inc 518310 multi_dec -482924 quick_dec -228842 nack_dec -634950
Flow Uec_7797_0 flowId 89 uecSrc 88 finished at 10454.3 total messages 1 total packets 514 RTS 0 total bytes 2100204 in_flight now 0 fair_inc 9931 prop_inc 0 fast_inc 0 eta_inc 520968 multi_dec -497012 quick_dec -230778 nack_dec -618350
Flow Uec_5163_0 flowId 50 uecSrc 49 finished at 10463.9 total messages 1 total packets 514 RTS 0 total bytes 2100204 in_flight now 0 fair_inc 0 prop_inc 0 fast_inc 0 eta_inc 519639 multi_dec -476259 quick_dec -207470 nack_dec -593450
Flow Uec_1041_0 flowId 124 uecSrc 123 finished at 10465.8 total messages 1 total packets 514 RTS 0 total bytes 2100204 in_flight now 0 fair_inc 0 prop_inc 0 fast_inc 0 eta_inc 511665 multi_dec -458785 quick_dec -194755 nack_dec -622500
Flow Uec_2377_0 flowId 2 uecSrc 1 finished at 10474.3 total messages 1 total packets 514 RTS 0 total bytes 2100204 in_flight now 0 fair_inc 0 prop_inc 0 fast_inc 0 eta_inc 535587 multi_dec -501924 quick_dec -198035 nack_dec -522900
Flow Uec_4838_0 flowId 45 uecSrc 44 finished at 10481 total messages 1 total packets 514 RTS 0 total bytes 2100204 in_flight now 0 fair_inc 5899 prop_inc 0 fast_inc 0 eta_inc 522297 multi_dec -497755 quick_dec -211841 nack_dec -601750
Flow Uec_5399_0 flowId 70 uecSrc 69 finished at 10488.8 total messages 1 total packets 514 RTS 0 total bytes 2100204 in_flight now 0 fair_inc 0 prop_inc 0 fast_inc 0 eta_inc 524955 multi_dec -473991 quick_dec -198379 nack_dec -564400
Flow Uec_1811_0 flowId 85 uecSrc 84 finished at 10489.1 total messages 1 total packets 514 RTS 0 total bytes 2100204 in_flight now 0 fair_inc 0 prop_inc 0 fast_inc 0 eta_inc 532929 multi_dec -496219 quick_dec -148569 nack_dec -543650
Flow Uec_5382_0 flowId 58 uecSrc 57 finished at 10500.3 total messages 1 total packets 514 RTS 0 total bytes 2100204 in_flight now 0 fair_inc 11471 prop_inc 0 fast_inc 0 eta_inc 515652 multi_dec -505733 quick_dec -176383 nack_dec -576850
Flow Uec_5522_0 flowId 110 uecSrc 109 finished at 10543 total messages 1 total packets 514 RTS 0 total bytes 2100204 in_flight now 0 fair_inc 0 prop_inc 0 fast_inc 0 eta_inc 506349 multi_dec -441363 quick_dec -199403 nack_dec -664000
Flow Uec_689_0 flowId 12 uecSrc 11 finished at 10560.3 total messages 1 total packets 514 RTS 0 total bytes 2100204 in_flight now 0 fair_inc 0 prop_inc 0 fast_inc 0 eta_inc 535587 multi_dec -503265 quick_dec -155134 nack_dec -535350
Flow Uec_3458_0 flowId 23 uecSrc 22 finished at 10573.8 total messages 1 total packets 514 RTS 0 total bytes 2100204 in_flight now 0 fair_inc 5707 prop_inc 0 fast_inc 0 eta_inc 530271 multi_dec -495655 quick_dec -166501 nack_dec -585150
Flow Uec_1553_0 flowId 75 uecSrc 74 finished at 10593.1 total messages 1 total packets 514 RTS 0 total bytes 2100204 in_flight now 0 fair_inc 0 prop_inc 0 fast_inc 0 eta_inc 536916 multi_dec -503828 quick_dec -175066 nack_dec -547800
Flow Uec_803_0 flowId 90 uecSrc 89 finished at 10595.8 total messages 1 total packets 514 RTS 0 total bytes 2100204 in_flight now 0 fair_inc 11520 prop_inc 0 fast_inc 0 eta_inc 528942 multi_dec -501804 quick_dec -169225 nack_dec -564400
Flow Uec_5865_0 flowId 20 uecSrc 19 finished at 10648.1 total messages 1 total packets 514 RTS 0 total bytes 2100204 in_flight now 0 fair_inc 9527 prop_inc 0 fast_inc 0 eta_inc 542232 multi_dec -514051 quick_dec -232757 nack_dec -543650
Flow Uec_381_0 flowId 1 uecSrc 0 finished at 10655.5 total messages 1 total packets 514 RTS 0 total bytes 2100204 in_flight now 0 fair_inc 6485 prop_inc 158 fast_inc 0 eta_inc 527613 multi_dec -490325 quick_dec -171930 nack_dec -576850
Flow Uec_6391_0 flowId 6 uecSrc 5 finished at 10656.8 total messages 1 total packets 514 RTS 0 total bytes 2100204 in_flight now 0 fair_inc 6058 prop_inc 0 fast_inc 0 eta_inc 534258 multi_dec -495755 quick_dec -181722 nack_dec -568550
Flow Uec_6235_0 flowId 117 uecSrc 116 finished at 10658.7 total messages 1 total packets 514 RTS 0 total bytes 2100204 in_flight now 0 fair_inc 0 prop_inc 0 fast_inc 0 eta_inc 534258 multi_dec -484628 quick_dec -180010 nack_dec -589300
Flow Uec_3757_0 flowId 35 uecSrc 34 finished at 10682.3 total messages 1 total packets 514 RTS 0 total bytes 2100204 in_flight now 0 fair_inc 0 prop_inc 0 fast_inc 0 eta_inc 524955 multi_dec -476349 quick_dec -207811 nack_dec -618350
Flow Uec_4404_0 flowId 108 uecSrc 107 finished at 10685.2 total messages 1 total packets 514 RTS 0 total bytes 2100204 in_flight now 0 fair_inc 0 prop_inc 229 fast_inc 0 eta_inc 532929 multi_dec -487316 quick_dec -193957 nack_dec -589300
Flow Uec_1203_0 flowId 51 uecSrc 50 finished at 10697.4 total messages 1 total packets 514 RTS 0 total bytes 2100204 in_flight now 0 fair_inc 0 prop_inc 1936 fast_inc 0 eta_inc 524955 multi_dec -472781 quick_dec -165893 nack_dec -597600
Flow Uec_4524_0 flowId 32 uecSrc 31 finished at 10707.5 total messages 1 total packets 514 RTS 0 total bytes 2100204 in_flight now 0 fair_inc 5997 prop_inc 0 fast_inc 0 eta_inc 540903 multi_dec -500137 quick_dec -193818 nack_dec -568550
Flow Uec_7536_0 flowId 80 uecSrc 79 finished at 10709.2 total messages 1 total packets 514 RTS 0 total bytes 2100204 in_flight now 0 fair_inc 6074 prop_inc 1592 fast_inc 0 eta_inc 532929 multi_dec -475028 quick_dec -216389 nack_dec -593450
Flow Uec_3222_0 flowId 109 uecSrc 108 finished at 10718.4 total messages 1 total packets 514 RTS 0 total bytes 2100204 in_flight now 0 fair_inc 38331 prop_inc 0 fast_inc 0 eta_inc 551535 multi_dec -517410 quick_dec -203495 nack_dec -539500
Flow Uec_385_0 flowId 83 uecSrc 82 finished at 10721.6 total messages 1 total packets 514 RTS 0 total bytes 2100204 in_flight now 0 fair_inc 0 prop_inc 0 fast_inc 0 eta_inc 524955 multi_dec -464696 quick_dec -174397 nack_dec -618350
Flow Uec_7888_0 flowId 26 uecSrc 25 finished at 10725.8 total messages 1 total packets 514 RTS 0 total bytes 2100204 in_flight now 0 fair_inc 11562 prop_inc 681 fast_inc 0 eta_inc 539574 multi_dec -494784 quick_dec -201198 nack_dec -572700
Flow Uec_7715_0 flowId 81 uecSrc 80 finished at 10746.8 total messages 1 total packets 514 RTS 0 total bytes 2100204 in_flight now 0 fair_inc 6344 prop_inc 1366 fast_inc 0 eta_inc 550206 multi_dec -526638 quick_dec -192589 nack_dec -539500
Flow Uec_1855_0 flowId 98 uecSrc 97 finished at 10748.1 total messages 1 total packets 514 RTS 0 total bytes 2100204 in_flight now 0 fair_inc 6368 prop_inc 223 fast_inc 0 eta_inc 531600 multi_dec -473106 quick_dec -184383 nack_dec -605900
Flow Uec_3159_0 flowId 24 uecSrc 23 finished at 10752.8 total messages 1 total packets 514 RTS 0 total bytes 2100204 in_flight now 0 fair_inc 15755 prop_inc 26 fast_inc 0 eta_inc 515652 multi_dec -458694 quick_dec -223225 nack_dec -726250
Flow Uec_2018_0 flowId 103 uecSrc 102 finished at 10772.6 total messages 1 total packets 514 RTS 0 total bytes 2100204 in_flight now 0 fair_inc 11795 prop_inc 1657 fast_inc 0 eta_inc 535587 multi_dec -491905 quick_dec -196246 nack_dec -589300
Flow Uec_1129_0 flowId 14 uecSrc 13 finished at 10777.9 total messages 1 total packets 514 RTS 0 total bytes 2100204 in_flight now 0 fair_inc 24750 prop_inc 0 fast_inc 0 eta_inc 530271 multi_dec -511662 quick_dec -147041 nack_dec -634950
Flow Uec_1069_0 flowId 29 uecSrc 28 finished at 10788 total messages 1 total packets 514 RTS 0 total bytes 2100204 in_flight now 0 fair_inc 6667 prop_inc 0 fast_inc 0 eta_inc 552864 multi_dec -529388 quick_dec -194920 nack_dec -522900
Flow Uec_4786_0 flowId 57 uecSrc 56 finished at 10796.1 total messages 1 total packets 514 RTS 0 total bytes 2100204 in_flight now 0 fair_inc 6184 prop_inc 0 fast_inc 0 eta_inc 536916 multi_dec -490397 quick_dec -193501 nack_dec -597600
Flow Uec_3182_0 flowId 47 uecSrc 46 finished at 10798.1 total messages 1 total packets 514 RTS 0 total bytes 2100204 in_flight now 0 fair_inc 21380 prop_inc 466 fast_inc 0 eta_inc 547548 multi_dec -534137 quick_dec -196646 nack_dec -543650
Flow Uec_7196_0 flowId 88 uecSrc 87 finished at 10805.6 total messages 1 total packets 514 RTS 0 total bytes 2100204 in_flight now 0 fair_inc 15816 prop_inc 2035 fast_inc 0 eta_inc 520968 multi_dec -479598 quick_dec -234917 nack_dec -688900
Flow Uec_4063_0 flowId 18 uecSrc 17 finished at 10817.1 total messages 1 total packets 514 RTS 0 total bytes 2100204 in_flight now 0 fair_inc 0 prop_inc 981 fast_inc 0 eta_inc 552864 multi_dec -530132 quick_dec -190164 nack_dec -527050
Flow Uec_5102_0 flowId 86 uecSrc 85 finished at 10831.3 total messages 1 total packets 514 RTS 0 total bytes 2100204 in_flight now 0 fair_inc 11917 prop_inc 2033 fast_inc 0 eta_inc 532929 multi_dec -471978 quick_dec -186220 nack_dec -614200
Flow Uec_5270_0 flowId 69 uecSrc 68 finished at 10836.8 total messages 1 total packets 514 RTS 0 total bytes 2100204 in_flight now 0 fair_inc 6027 prop_inc 5710 fast_inc 0 eta_inc 558180 multi_dec -524579 quick_dec -179079 nack_dec -527050
Flow Uec_579_0 flowId 62 uecSrc 61 finished at 10855.3 total messages 1 total packets 514 RTS 0 total bytes 2100204 in_flight now 0 fair_inc 0 prop_inc 701 fast_inc 0 eta_inc 546219 multi_dec -484059 quick_dec -163545 nack_dec -551950
Flow Uec_7567_0 flowId 7 uecSrc 6 finished at 10862.8 total messages 1 total packets 514 RTS 0 total bytes 2100204 in_flight now 0 fair_inc 6760 prop_inc 9418 fast_inc 0 eta_inc 548877 multi_dec -512072 quick_dec -195839 nack_dec -564400
Flow Uec_1571_0 flowId 17 uecSrc 16 finished at 10863.2 total messages 1 total packets 514 RTS 0 total bytes 2100204 in_flight now 0 fair_inc 3794 prop_inc 5113 fast_inc 0 eta_inc 540903 multi_dec -477427 quick_dec -232072 nack_dec -639100
Flow Uec_1565_0 flowId 112 uecSrc 111 finished at 10863.4 total messages 1 total packets 514 RTS 0 total bytes 2100204 in_flight now 0 fair_inc 6094 prop_inc 6428 fast_inc 0 eta_inc 538245 multi_dec -503817 quick_dec -180440 nack_dec -597600
Flow Uec_7076_0 flowId 28 uecSrc 27 finished at 10869.2 total messages 1 total packets 514 RTS 0 total bytes 2100204 in_flight now 0 fair_inc 13341 prop_inc 0 fast_inc 0 eta_inc 552864 multi_dec -506997 quick_dec -204569 nack_dec -556100
Flow Uec_6147_0 flowId 122 uecSrc 121 finished at 10870.3 total messages 1 total packets 514 RTS 0 total bytes 2100204 in_flight now 0 fair_inc 28152 prop_inc 0 fast_inc 0 eta_inc 543561 multi_dec -491466 quick_dec -210223 nack_dec -610050
Flow Uec_3842_0 flowId 41 uecSrc 40 finished at 10872.6 total messages 1 total packets 514 RTS 0 total bytes 2100204 in_flight now 0 fair_inc 27636 prop_inc 0 fast_inc 0 eta_inc 531600 multi_dec -489376 quick_dec -235929 nack_dec -659850
Flow Uec_2693_0 flowId 68 uecSrc 67 finished at 10874.8 total messages 1 total packets 514 RTS 0 total bytes 2100204 in_flight now 0 fair_inc 0 prop_inc 1376 fast_inc 0 eta_inc 550206 multi_dec -508784 quick_dec -186476 nack_dec -568550
Flow Uec_6817_0 flowId 120 uecSrc 119 finished at 10875.1 total messages 1 total packets 514 RTS 0 total bytes 2100204 in_flight now 0 fair_inc 6672 prop_inc 770 fast_inc 0 eta_inc 555522 multi_dec -521350 quick_dec -158707 nack_dec -539500
Flow Uec_2105_0 flowId 11 uecSrc 10 finished at 10876.7 total messages 1 total packets 514 RTS 0 total bytes 2100204 in_flight now 0 fair_inc 12659 prop_inc 4404 fast_inc 0 eta_inc 538245 multi_dec -499139 quick_dec -163321 nack_dec -589300
Flow Uec_5933_0 flowId 53 uecSrc 52 finished at 10885 total messages 1 total packets 514 RTS 0 total bytes 2100204 in_flight now 0 fair_inc 26571 prop_inc 2644 fast_inc 0 eta_inc 552864 multi_dec -493694 quick_dec -232734 nack_dec -556100
Flow Uec_6363_0 flowId 25 uecSrc 24 finished at 10886.5 total messages 1 total packets 514 RTS 0 total bytes 2100204 in_flight now 0 fair_inc 17559 prop_inc 7157 fast_inc 0 eta_inc 539574 multi_dec -482116 quick_dec -183555 nack_dec -614200
Flow Uec_1119_0 flowId 21 uecSrc 20 finished at 10890.7 total messages 1 total packets 514 RTS 0 total bytes 2100204 in_flight now 0 fair_inc 24242 prop_inc 1980 fast_inc 0 eta_inc 536916 multi_dec -493771 quick_dec -217364 nack_dec -614200
Flow Uec_2958_0 flowId 3 uecSrc 2 finished at 10896.1 total messages 1 total packets 514 RTS 0 total bytes 2100204 in_flight now 0 fair_inc 17948 prop_inc 7664 fast_inc 0 eta_inc 552864 multi_dec -513993 quick_dec -224289 nack_dec -560250
Flow Uec_5276_0 flowId 15 uecSrc 14 finished at 10899.8 total messages 1 total packets 514 RTS 0 total bytes 2100204 in_flight now 0 fair_inc 6755 prop_inc 2878 fast_inc 0 eta_inc 546219 multi_dec -500400 quick_dec -157265 nack_dec -589300
Flow Uec_3064_0 flowId 61 uecSrc 60 finished at 10904 total messages 1 total packets 514 RTS 0 total bytes 2100204 in_flight now 0 fair_inc 8900 prop_inc 6514 fast_inc 0 eta_inc 538245 multi_dec -480134 quick_dec -174740 nack_dec -597600
Flow Uec_7509_0 flowId 106 uecSrc 105 finished at 10904.4 total messages 1 total packets 514 RTS 0 total bytes 2100204 in_flight now 0 fair_inc 0 prop_inc 9720 fast_inc 0 eta_inc 543561 multi_dec -478301 quick_dec -198675 nack_dec -576850
Flow Uec_4019_0 flowId 126 uecSrc 125 finished at 10910.7 total messages 1 total packets 514 RTS 0 total bytes 2100204 in_flight now 0 fair_inc 11966 prop_inc 13248 fast_inc 0 eta_inc 534258 multi_dec -497950 quick_dec -187411 nack_dec -634950
Flow Uec_531_0 flowId 36 uecSrc 35 finished at 10911.8 total messages 1 total packets 514 RTS 0 total bytes 2100204 in_flight now 0 fair_inc 12184 prop_inc 9528 fast_inc 0 eta_inc 554193 multi_dec -514322 quick_dec -184005 nack_dec -572700
Flow Uec_2008_0 flowId 82 uecSrc 81 finished at 10917.3 total messages 1 total packets 514 RTS 0 total bytes 2100204 in_flight now 0 fair_inc 12778 prop_inc 11691 fast_inc 0 eta_inc 539574 multi_dec -486507 quick_dec -170970 nack_dec -618350
Flow Uec_2906_0 flowId 39 uecSrc 38 finished at 10918.8 total messages 1 total packets 514 RTS 0 total bytes 2100204 in_flight now 0 fair_inc 6677 prop_inc 1665 fast_inc 0 eta_inc 550206 multi_dec -505338 quick_dec -144497 nack_dec -564400
Flow Uec_5106_0 flowId 31 uecSrc 30 finished at 10922 total messages 1 total packets 514 RTS 0 total bytes 2100204 in_flight now 0 fair_inc 28696 prop_inc 4493 fast_inc 0 eta_inc 547548 multi_dec -500822 quick_dec -221365 nack_dec -614200
Flow Uec_2677_0 flowId 38 uecSrc 37 finished at 10925 total messages 1 total packets 514 RTS 0 total bytes 2100204 in_flight now 0 fair_inc 12647 prop_inc 8258 fast_inc 0 eta_inc 548877 multi_dec -500058 quick_dec -189735 nack_dec -564400
Flow Uec_764_0 flowId 76 uecSrc 75 finished at 10926.6 total messages 1 total packets 514 RTS 0 total bytes 2100204 in_flight now 0 fair_inc 6633 prop_inc 7743 fast_inc 0 eta_inc 556851 multi_dec -508255 quick_dec -181618 nack_dec -564400
Flow Uec_6711_0 flowId 9 uecSrc 8 finished at 10932.6 total messages 1 total packets 514 RTS 0 total bytes 2100204 in_flight now 0 fair_inc 15119 prop_inc 19722 fast_inc 0 eta_inc 548877 multi_dec -502703 quick_dec -207859 nack_dec -564400
Flow Uec_2438_0 flowId 104 uecSrc 103 finished at 10934.6 total messages 1 total packets 514 RTS 0 total bytes 2100204 in_flight now 0 fair_inc 6023 prop_inc 25573 fast_inc 0 eta_inc 558180 multi_dec -504505 quick_dec -215753 nack_dec -564400
Flow Uec_5589_0 flowId 5 uecSrc 4 finished at 10938.5 total messages 1 total packets 514 RTS 0 total bytes 2100204 in_flight now 0 fair_inc 15655 prop_inc 14679 fast_inc 0 eta_inc 543561 multi_dec -495185 quick_dec -167519 nack_dec -581000
Flow Uec_5946_0 flowId 94 uecSrc 93 finished at 10939 total messages 1 total packets 514 RTS 0 total bytes 2100204 in_flight now 0 fair_inc 6705 prop_inc 6855 fast_inc 0 eta_inc 563496 multi_dec -527714 quick_dec -216741 nack_dec -518750
Flow Uec_7562_0 flowId 43 uecSrc 42 finished at 10944.4 total messages 1 total packets 514 RTS 0 total bytes 2100204 in_flight now 0 fair_inc 0 prop_inc 19858 fast_inc 0 eta_inc 552864 multi_dec -492770 quick_dec -188082 nack_dec -581000
Flow Uec_6699_0 flowId 78 uecSrc 77 finished at 10945.5 total messages 1 total packets 514 RTS 0 total bytes 2100204 in_flight now 0 fair_inc 12316 prop_inc 32402 fast_inc 0 eta_inc 535587 multi_dec -485996 quick_dec -170446 nack_dec -659850
Flow Uec_4317_0 flowId 19 uecSrc 18 finished at 10946.7 total messages 1 total packets 514 RTS 0 total bytes 2100204 in_flight now 0 fair_inc 6731 prop_inc 26836 fast_inc 0 eta_inc 558180 multi_dec -505952 quick_dec -175479 nack_dec -556100
Flow Uec_3013_0 flowId 33 uecSrc 32 finished at 10958.1 total messages 1 total packets 514 RTS 0 total bytes 2100204 in_flight now 0 fair_inc 12966 prop_inc 34140 fast_inc 0 eta_inc 560838 multi_dec -512639 quick_dec -209027 nack_dec -560250
Flow Uec_4730_0 flowId 72 uecSrc 71 finished at 10962.2 total messages 1 total packets 514 RTS 0 total bytes 2100204 in_flight now 0 fair_inc 3794 prop_inc 41502 fast_inc 0 eta_inc 548877 multi_dec -488344 quick_dec -229228 nack_dec -614200
Flow Uec_4506_0 flowId 34 uecSrc 33 finished at 10964.5 total messages 1 total packets 514 RTS 0 total bytes 2100204 in_flight now 0 fair_inc 0 prop_inc 50433 fast_inc 0 eta_inc 536916 multi_dec -459150 quick_dec -191774 nack_dec -651550
Flow Uec_3216_0 flowId 44 uecSrc 43 finished at 10971.5 total messages 1 total packets 514 RTS 0 total bytes 2100204 in_flight now 0 fair_inc 10409 prop_inc 43675 fast_inc 43340 eta_inc 543561 multi_dec -466733 quick_dec -223268 nack_dec -651550
Flow Uec_2527_0 flowId 125 uecSrc 124 finished at 10981.3 total messages 1 total packets 514 RTS 0 total bytes 2100204 in_flight now 0 fair_inc 0 prop_inc 46889 fast_inc 26997 eta_inc 558180 multi_dec -497744 quick_dec -183654 nack_dec -581000
New: 65792 Rtx: 18075 RTS: 0 Bounced: 0 ACKs: 65565 NACKs: 18073 Pulls: 0 sleek_pkts: 0
SPURIOUS_COUNT 0
