.Flow Uec_6545_0 flowId 26 uecSrc 25 finished at 81297.6 total messages 1 total packets 16425 RTS 0 total bytes 67112550 in_flight now 0 fair_inc 2456636 prop_inc 61881 fast_inc 0 eta_inc 4474743 multi_dec -6761138 quick_dec -657206 nack_dec -1697350
Flow Uec_2053_0 flowId 27 uecSrc 26 finished at 81591.4 total messages 1 total packets 16425 RTS 0 total bytes 67112550 in_flight now 0 fair_inc 2510863 prop_inc 51409 fast_inc 0 eta_inc 4498665 multi_dec -6908232 quick_dec -864817 nack_dec -1668300
Flow Uec_7548_0 flowId 12 uecSrc 11 finished at 82219.9 total messages 1 total packets 16425 RTS 0 total bytes 67112550 in_flight now 0 fair_inc 2480729 prop_inc 49721 fast_inc 0 eta_inc 4523916 multi_dec -7090525 quick_dec -655844 nack_dec -1606050
Flow Uec_5880_0 flowId 29 uecSrc 28 finished at 82833.7 total messages 1 total packets 16425 RTS 0 total bytes 67112550 in_flight now 0 fair_inc 2427066 prop_inc 50463 fast_inc 0 eta_inc 4563786 multi_dec -6767041 quick_dec -809277 nack_dec -1713950
Flow Uec_7107_0 flowId 1 uecSrc 0 finished at 82993.9 total messages 1 total packets 16425 RTS 0 total bytes 67112550 in_flight now 0 fair_inc 2612795 prop_inc 56673 fast_inc 0 eta_inc 4582392 multi_dec -6977778 quick_dec -786261 nack_dec -1796950
Flow Uec_172_0 flowId 8 uecSrc 7 finished at 83313.4 total messages 1 total packets 16425 RTS 0 total bytes 67112550 in_flight now 0 fair_inc 3106507 prop_inc 88278 fast_inc 0 eta_inc 5479467 multi_dec -7510377 quick_dec --1006406 nack_dec -5287100
Flow Uec_1373_0 flowId 20 uecSrc 19 finished at 83393.7 total messages 1 total packets 16425 RTS 0 total bytes 67112550 in_flight now 0 fair_inc 2432698 prop_inc 55309 fast_inc 0 eta_inc 4586379 multi_dec -6938476 quick_dec -665972 nack_dec -1834300
Flow Uec_929_0 flowId 31 uecSrc 30 finished at 84310.4 total messages 1 total packets 16425 RTS 0 total bytes 67112550 in_flight now 0 fair_inc 2462898 prop_inc 49011 fast_inc 0 eta_inc 4644855 multi_dec -6907851 quick_dec -773888 nack_dec -1606050
Flow Uec_7762_0 flowId 23 uecSrc 22 finished at 84722.7 total messages 1 total packets 16425 RTS 0 total bytes 67112550 in_flight now 0 fair_inc 2462597 prop_inc 63013 fast_inc 0 eta_inc 4659474 multi_dec -6957570 quick_dec -778823 nack_dec -1672450
Flow Uec_655_0 flowId 18 uecSrc 17 finished at 84805 total messages 1 total packets 16425 RTS 0 total bytes 67112550 in_flight now 0 fair_inc 2399831 prop_inc 65945 fast_inc 0 eta_inc 4654158 multi_dec -6881672 quick_dec -744720 nack_dec -1880414
Flow Uec_1760_0 flowId 16 uecSrc 15 finished at 84943.2 total messages 1 total packets 16425 RTS 0 total bytes 67112550 in_flight now 0 fair_inc 2464869 prop_inc 51353 fast_inc 0 eta_inc 4676751 multi_dec -6963978 quick_dec -727816 nack_dec -1701500
Flow Uec_3864_0 flowId 13 uecSrc 12 finished at 85339.2 total messages 1 total packets 16425 RTS 0 total bytes 67112550 in_flight now 0 fair_inc 2379270 prop_inc 60550 fast_inc 0 eta_inc 4694028 multi_dec -7101591 quick_dec -571186 nack_dec -1568700
Flow Uec_7573_0 flowId 5 uecSrc 4 finished at 85342.2 total messages 1 total packets 16425 RTS 0 total bytes 67112550 in_flight now 0 fair_inc 2458961 prop_inc 58306 fast_inc 0 eta_inc 4700673 multi_dec -6946227 quick_dec -714867 nack_dec -1743000
Flow Uec_4869_0 flowId 7 uecSrc 6 finished at 85944.6 total messages 1 total packets 16425 RTS 0 total bytes 67112550 in_flight now 0 fair_inc 2358405 prop_inc 72752 fast_inc 0 eta_inc 4731240 multi_dec -6905726 quick_dec -835324 nack_dec -1850900
Flow Uec_5765_0 flowId 28 uecSrc 27 finished at 86113.7 total messages 1 total packets 16425 RTS 0 total bytes 67112550 in_flight now 0 fair_inc 2447551 prop_inc 55662 fast_inc 0 eta_inc 4741872 multi_dec -6960414 quick_dec -811194 nack_dec -1751300
Flow Uec_2340_0 flowId 3 uecSrc 2 finished at 86159.2 total messages 1 total packets 16425 RTS 0 total bytes 67112550 in_flight now 0 fair_inc 2275426 prop_inc 77950 fast_inc 0 eta_inc 4735227 multi_dec -6968811 quick_dec -689995 nack_dec -1668300
Flow Uec_3047_0 flowId 24 uecSrc 23 finished at 86218.8 total messages 1 total packets 16425 RTS 0 total bytes 67112550 in_flight now 0 fair_inc 2386163 prop_inc 66222 fast_inc 0 eta_inc 4743201 multi_dec -6916935 quick_dec -722521 nack_dec -1830150
Flow Uec_7309_0 flowId 6 uecSrc 5 finished at 86219.3 total messages 1 total packets 16425 RTS 0 total bytes 67112550 in_flight now 0 fair_inc 2456995 prop_inc 67890 fast_inc 0 eta_inc 4736556 multi_dec -6902778 quick_dec -891788 nack_dec -1884100
Flow Uec_2826_0 flowId 19 uecSrc 18 finished at 86263.6 total messages 1 total packets 16425 RTS 0 total bytes 67112550 in_flight now 0 fair_inc 2383290 prop_inc 76313 fast_inc 0 eta_inc 4755162 multi_dec -6821458 quick_dec -940691 nack_dec -1743000
Flow Uec_3120_0 flowId 10 uecSrc 9 finished at 86285.2 total messages 1 total packets 16425 RTS 0 total bytes 67112550 in_flight now 0 fair_inc 2466107 prop_inc 58180 fast_inc 0 eta_inc 4744530 multi_dec -7057909 quick_dec -741177 nack_dec -1738850
Flow Uec_4022_0 flowId 2 uecSrc 1 finished at 86511.2 total messages 1 total packets 16425 RTS 0 total bytes 67112550 in_flight now 0 fair_inc 2447592 prop_inc 81153 fast_inc 0 eta_inc 4765794 multi_dec -6830480 quick_dec -890407 nack_dec -1850900
Flow Uec_4596_0 flowId 32 uecSrc 31 finished at 86599.7 total messages 1 total packets 16425 RTS 0 total bytes 67112550 in_flight now 0 fair_inc 2503851 prop_inc 66757 fast_inc 0 eta_inc 4763136 multi_dec -7025988 quick_dec -747308 nack_dec -1830150
Flow Uec_5254_0 flowId 22 uecSrc 21 finished at 86626.8 total messages 1 total packets 16425 RTS 0 total bytes 67112550 in_flight now 0 fair_inc 2363531 prop_inc 62582 fast_inc 0 eta_inc 4768452 multi_dec -6888187 quick_dec -897226 nack_dec -1668300
Flow Uec_5707_0 flowId 4 uecSrc 3 finished at 86667.5 total messages 1 total packets 16425 RTS 0 total bytes 67112550 in_flight now 0 fair_inc 2498462 prop_inc 76988 fast_inc 0 eta_inc 4759149 multi_dec -6938647 quick_dec -760877 nack_dec -1846750
Flow Uec_4555_0 flowId 17 uecSrc 16 finished at 86767.1 total messages 1 total packets 16425 RTS 0 total bytes 67112550 in_flight now 0 fair_inc 2511618 prop_inc 63139 fast_inc 0 eta_inc 4764465 multi_dec -6955596 quick_dec -846045 nack_dec -1884100
Flow Uec_3194_0 flowId 9 uecSrc 8 finished at 86813.9 total messages 1 total packets 16425 RTS 0 total bytes 67112550 in_flight now 0 fair_inc 2362731 prop_inc 71186 fast_inc 0 eta_inc 4771110 multi_dec -6795009 quick_dec -870128 nack_dec -1867500
Flow Uec_3824_0 flowId 14 uecSrc 13 finished at 86908.9 total messages 1 total packets 16425 RTS 0 total bytes 67112550 in_flight now 0 fair_inc 2496816 prop_inc 67938 fast_inc 0 eta_inc 4793703 multi_dec -6857623 quick_dec -821463 nack_dec -1971250
Flow Uec_1451_0 flowId 11 uecSrc 10 finished at 87024.4 total messages 1 total packets 16425 RTS 0 total bytes 67112550 in_flight now 0 fair_inc 2477901 prop_inc 93850 fast_inc 0 eta_inc 4793703 multi_dec -6880299 quick_dec -941831 nack_dec -1842600
Flow Uec_5520_0 flowId 30 uecSrc 29 finished at 87062.1 total messages 1 total packets 16425 RTS 0 total bytes 67112550 in_flight now 0 fair_inc 2297873 prop_inc 104699 fast_inc 0 eta_inc 4792374 multi_dec -6706160 quick_dec -838190 nack_dec -1743000
Flow Uec_843_0 flowId 25 uecSrc 24 finished at 87122.4 total messages 1 total packets 16425 RTS 0 total bytes 67112550 in_flight now 0 fair_inc 2245432 prop_inc 136816 fast_inc 0 eta_inc 4803006 multi_dec -6663932 quick_dec -928981 nack_dec -1684900
Flow Uec_6468_0 flowId 15 uecSrc 14 finished at 87250.5 total messages 1 total packets 16425 RTS 0 total bytes 67112550 in_flight now 0 fair_inc 2400738 prop_inc 232710 fast_inc 0 eta_inc 4797690 multi_dec -6699220 quick_dec -995371 nack_dec -1863350
Flow Uec_3861_0 flowId 21 uecSrc 20 finished at 87299.3 total messages 1 total packets 16425 RTS 0 total bytes 67112550 in_flight now 0 fair_inc 2164042 prop_inc 257579 fast_inc 371455 eta_inc 4805664 multi_dec -6490953 quick_dec -884600 nack_dec -1734700
New: 525600 Rtx: 14466 RTS: 0 Bounced: 0 ACKs: 524290 NACKs: 14466 Pulls: 0 sleek_pkts: 0
SPURIOUS_COUNT 0
