..Flow Uec_8087_0 flowId 105 uecSrc 104 finished at 137121 total messages 1 total packets 16425 RTS 0 total bytes 67112550 in_flight now 0 fair_inc 0 prop_inc 0 fast_inc 0 eta_inc 0 multi_dec -0 quick_dec -255526 nack_dec -767750
..Flow Uec_8182_0 flowId 10 uecSrc 9 finished at 205363 total messages 1 total packets 16425 RTS 0 total bytes 67112550 in_flight now 0 fair_inc 0 prop_inc 0 fast_inc 0 eta_inc 0 multi_dec -0 quick_dec -226476 nack_dec -618350
Flow Uec_8103_0 flowId 89 uecSrc 88 finished at 205784 total messages 1 total packets 16425 RTS 0 total bytes 67112550 in_flight now 0 fair_inc 0 prop_inc 0 fast_inc 0 eta_inc 10937670 multi_dec -10905597 quick_dec -195604 nack_dec -514600
Flow Uec_8097_0 flowId 95 uecSrc 94 finished at 206019 total messages 1 total packets 16425 RTS 0 total bytes 67112550 in_flight now 0 fair_inc 0 prop_inc 0 fast_inc 0 eta_inc 10935012 multi_dec -10897604 quick_dec -205595 nack_dec -551950
Flow Uec_8077_0 flowId 115 uecSrc 114 finished at 206131 total messages 1 total packets 16425 RTS 0 total bytes 67112550 in_flight now 0 fair_inc 0 prop_inc 0 fast_inc 0 eta_inc 10942986 multi_dec -10897909 quick_dec -192348 nack_dec -581000
Flow Uec_8070_0 flowId 122 uecSrc 121 finished at 206153 total messages 1 total packets 16425 RTS 0 total bytes 67112550 in_flight now 0 fair_inc 0 prop_inc 0 fast_inc 0 eta_inc 10953618 multi_dec -10936888 quick_dec -153778 nack_dec -514600
Flow Uec_8111_0 flowId 81 uecSrc 80 finished at 206155 total messages 1 total packets 16425 RTS 0 total bytes 67112550 in_flight now 0 fair_inc 0 prop_inc 0 fast_inc 0 eta_inc 10942986 multi_dec -10900709 quick_dec -187037 nack_dec -560250
Flow Uec_8081_0 flowId 111 uecSrc 110 finished at 206180 total messages 1 total packets 16425 RTS 0 total bytes 67112550 in_flight now 0 fair_inc 0 prop_inc 0 fast_inc 0 eta_inc 10953618 multi_dec -10929406 quick_dec -173328 nack_dec -522900
Flow Uec_8105_0 flowId 87 uecSrc 86 finished at 206182 total messages 1 total packets 16425 RTS 0 total bytes 67112550 in_flight now 0 fair_inc 0 prop_inc 0 fast_inc 0 eta_inc 10935012 multi_dec -10891877 quick_dec -215921 nack_dec -589300
Flow Uec_8064_0 flowId 128 uecSrc 127 finished at 206197 total messages 1 total packets 16425 RTS 0 total bytes 67112550 in_flight now 0 fair_inc 0 prop_inc 0 fast_inc 0 eta_inc 10937670 multi_dec -10896871 quick_dec -269250 nack_dec -589300
Flow Uec_8076_0 flowId 116 uecSrc 115 finished at 206298 total messages 1 total packets 16425 RTS 0 total bytes 67112550 in_flight now 0 fair_inc 0 prop_inc 0 fast_inc 0 eta_inc 10942986 multi_dec -10891705 quick_dec -245522 nack_dec -564400
Flow Uec_8177_0 flowId 15 uecSrc 14 finished at 206312 total messages 1 total packets 16425 RTS 0 total bytes 67112550 in_flight now 0 fair_inc 0 prop_inc 0 fast_inc 0 eta_inc 10953618 multi_dec -10915702 quick_dec -270931 nack_dec -527050
Flow Uec_8095_0 flowId 97 uecSrc 96 finished at 206323 total messages 1 total packets 16425 RTS 0 total bytes 67112550 in_flight now 0 fair_inc 0 prop_inc 228 fast_inc 0 eta_inc 10952289 multi_dec -10913126 quick_dec -193763 nack_dec -551950
Flow Uec_8179_0 flowId 13 uecSrc 12 finished at 206323 total messages 1 total packets 16425 RTS 0 total bytes 67112550 in_flight now 0 fair_inc 0 prop_inc 0 fast_inc 0 eta_inc 10949631 multi_dec -10914713 quick_dec -181567 nack_dec -560250
Flow Uec_8190_0 flowId 2 uecSrc 1 finished at 206334 total messages 1 total packets 16425 RTS 0 total bytes 67112550 in_flight now 0 fair_inc 0 prop_inc 0 fast_inc 0 eta_inc 10953618 multi_dec -10930025 quick_dec -221843 nack_dec -535350
Flow Uec_8098_0 flowId 94 uecSrc 93 finished at 206400 total messages 1 total packets 16425 RTS 0 total bytes 67112550 in_flight now 0 fair_inc 0 prop_inc 0 fast_inc 0 eta_inc 10962921 multi_dec -10927742 quick_dec -216722 nack_dec -551950
Flow Uec_8131_0 flowId 61 uecSrc 60 finished at 206452 total messages 1 total packets 16425 RTS 0 total bytes 67112550 in_flight now 0 fair_inc 0 prop_inc 0 fast_inc 0 eta_inc 10958934 multi_dec -10934292 quick_dec -218289 nack_dec -556100
Flow Uec_8139_0 flowId 53 uecSrc 52 finished at 206653 total messages 1 total packets 16425 RTS 0 total bytes 67112550 in_flight now 0 fair_inc 0 prop_inc 0 fast_inc 0 eta_inc 10976211 multi_dec -10939643 quick_dec -241393 nack_dec -547800
Flow Uec_8149_0 flowId 43 uecSrc 42 finished at 206939 total messages 1 total packets 16425 RTS 0 total bytes 67112550 in_flight now 0 fair_inc 0 prop_inc 0 fast_inc 0 eta_inc 10990830 multi_dec -10962243 quick_dec -198330 nack_dec -531200
Flow Uec_8150_0 flowId 42 uecSrc 41 finished at 206990 total messages 1 total packets 16425 RTS 0 total bytes 67112550 in_flight now 0 fair_inc 0 prop_inc 0 fast_inc 0 eta_inc 10998804 multi_dec -10976987 quick_dec -243100 nack_dec -510450
Flow Uec_8181_0 flowId 11 uecSrc 10 finished at 207476 total messages 1 total packets 16425 RTS 0 total bytes 67112550 in_flight now 0 fair_inc 0 prop_inc 0 fast_inc 0 eta_inc 11006778 multi_dec -10981420 quick_dec -208512 nack_dec -585150
.Flow Uec_8101_0 flowId 91 uecSrc 90 finished at 263574 total messages 1 total packets 16425 RTS 0 total bytes 67112550 in_flight now 0 fair_inc 0 prop_inc 0 fast_inc 0 eta_inc 14022279 multi_dec -13991385 quick_dec -150325 nack_dec -539500
Flow Uec_8159_0 flowId 33 uecSrc 32 finished at 265007 total messages 1 total packets 16425 RTS 0 total bytes 67112550 in_flight now 0 fair_inc 0 prop_inc 0 fast_inc 0 eta_inc 14100690 multi_dec -14066218 quick_dec -202843 nack_dec -556100
Flow Uec_8069_0 flowId 123 uecSrc 122 finished at 269188 total messages 1 total packets 16425 RTS 0 total bytes 67112550 in_flight now 0 fair_inc 0 prop_inc 0 fast_inc 0 eta_inc 14330607 multi_dec -14290339 quick_dec -195428 nack_dec -535350
Flow Uec_8175_0 flowId 17 uecSrc 16 finished at 297488 total messages 1 total packets 16425 RTS 0 total bytes 67112550 in_flight now 0 fair_inc 0 prop_inc 0 fast_inc 0 eta_inc 15839022 multi_dec -15799707 quick_dec -219089 nack_dec -576850
Flow Uec_8130_0 flowId 62 uecSrc 61 finished at 299901 total messages 1 total packets 16425 RTS 0 total bytes 67112550 in_flight now 0 fair_inc 0 prop_inc 0 fast_inc 0 eta_inc 15967935 multi_dec -15934526 quick_dec -232374 nack_dec -585150
.Flow Uec_8092_0 flowId 100 uecSrc 99 finished at 300778 total messages 1 total packets 16425 RTS 0 total bytes 67112550 in_flight now 0 fair_inc 0 prop_inc 0 fast_inc 0 eta_inc 16023753 multi_dec -16001894 quick_dec -247383 nack_dec -531200
Flow Uec_8160_0 flowId 32 uecSrc 31 finished at 305589 total messages 1 total packets 16425 RTS 0 total bytes 67112550 in_flight now 0 fair_inc 0 prop_inc 0 fast_inc 0 eta_inc 16286895 multi_dec -16253029 quick_dec -186698 nack_dec -547800
Flow Uec_8166_0 flowId 26 uecSrc 25 finished at 306183 total messages 1 total packets 16425 RTS 0 total bytes 67112550 in_flight now 0 fair_inc 0 prop_inc 0 fast_inc 0 eta_inc 16317462 multi_dec -16287978 quick_dec -178455 nack_dec -560250
Flow Uec_8178_0 flowId 14 uecSrc 13 finished at 306399 total messages 1 total packets 16425 RTS 0 total bytes 67112550 in_flight now 0 fair_inc 0 prop_inc 0 fast_inc 0 eta_inc 16330752 multi_dec -16296840 quick_dec -237810 nack_dec -531200
Flow Uec_8071_0 flowId 121 uecSrc 120 finished at 306466 total messages 1 total packets 16425 RTS 0 total bytes 67112550 in_flight now 0 fair_inc 0 prop_inc 0 fast_inc 0 eta_inc 16322778 multi_dec -16277749 quick_dec -183852 nack_dec -568550
Flow Uec_8075_0 flowId 117 uecSrc 116 finished at 306499 total messages 1 total packets 16425 RTS 0 total bytes 67112550 in_flight now 0 fair_inc 0 prop_inc 0 fast_inc 0 eta_inc 16328094 multi_dec -16282810 quick_dec -182993 nack_dec -568550
Flow Uec_8161_0 flowId 31 uecSrc 30 finished at 306560 total messages 1 total packets 16425 RTS 0 total bytes 67112550 in_flight now 0 fair_inc 0 prop_inc 0 fast_inc 0 eta_inc 16321449 multi_dec -16284115 quick_dec -198580 nack_dec -589300
Flow Uec_8169_0 flowId 23 uecSrc 22 finished at 306764 total messages 1 total packets 16425 RTS 0 total bytes 67112550 in_flight now 0 fair_inc 0 prop_inc 0 fast_inc 0 eta_inc 16356003 multi_dec -16327775 quick_dec -150068 nack_dec -514600
Flow Uec_8086_0 flowId 106 uecSrc 105 finished at 306777 total messages 1 total packets 16425 RTS 0 total bytes 67112550 in_flight now 0 fair_inc 0 prop_inc 0 fast_inc 0 eta_inc 16352016 multi_dec -16305449 quick_dec -197339 nack_dec -547800
Flow Uec_8122_0 flowId 70 uecSrc 69 finished at 306781 total messages 1 total packets 16425 RTS 0 total bytes 67112550 in_flight now 0 fair_inc 6246 prop_inc 0 fast_inc 0 eta_inc 16337397 multi_dec -16319850 quick_dec -218064 nack_dec -572700
Flow Uec_8135_0 flowId 57 uecSrc 56 finished at 306831 total messages 1 total packets 16425 RTS 0 total bytes 67112550 in_flight now 0 fair_inc 0 prop_inc 0 fast_inc 0 eta_inc 16346700 multi_dec -16307154 quick_dec -164690 nack_dec -564400
Flow Uec_8107_0 flowId 85 uecSrc 84 finished at 306937 total messages 1 total packets 16425 RTS 0 total bytes 67112550 in_flight now 0 fair_inc 6194 prop_inc 0 fast_inc 0 eta_inc 16354674 multi_dec -16348182 quick_dec -160145 nack_dec -560250
Flow Uec_8113_0 flowId 79 uecSrc 78 finished at 306980 total messages 1 total packets 16425 RTS 0 total bytes 67112550 in_flight now 0 fair_inc 0 prop_inc 0 fast_inc 0 eta_inc 16363977 multi_dec -16335352 quick_dec -189230 nack_dec -522900
Flow Uec_8119_0 flowId 73 uecSrc 72 finished at 306987 total messages 1 total packets 16425 RTS 0 total bytes 67112550 in_flight now 0 fair_inc 0 prop_inc 0 fast_inc 0 eta_inc 16362648 multi_dec -16326806 quick_dec -152360 nack_dec -535350
Flow Uec_8153_0 flowId 39 uecSrc 38 finished at 307035 total messages 1 total packets 16425 RTS 0 total bytes 67112550 in_flight now 0 fair_inc 0 prop_inc 0 fast_inc 0 eta_inc 16361319 multi_dec -16326440 quick_dec -169347 nack_dec -539500
Flow Uec_8120_0 flowId 72 uecSrc 71 finished at 307085 total messages 1 total packets 16425 RTS 0 total bytes 67112550 in_flight now 0 fair_inc 0 prop_inc 0 fast_inc 0 eta_inc 16361319 multi_dec -16317655 quick_dec -219867 nack_dec -551950
Flow Uec_8084_0 flowId 108 uecSrc 107 finished at 307087 total messages 1 total packets 16425 RTS 0 total bytes 67112550 in_flight now 0 fair_inc 6253 prop_inc 0 fast_inc 0 eta_inc 16371951 multi_dec -16350982 quick_dec -212715 nack_dec -560250
Flow Uec_8152_0 flowId 40 uecSrc 39 finished at 307160 total messages 1 total packets 16425 RTS 0 total bytes 67112550 in_flight now 0 fair_inc 0 prop_inc 0 fast_inc 0 eta_inc 16361319 multi_dec -16328625 quick_dec -202131 nack_dec -564400
Flow Uec_8068_0 flowId 124 uecSrc 123 finished at 307169 total messages 1 total packets 16425 RTS 0 total bytes 67112550 in_flight now 0 fair_inc 0 prop_inc 0 fast_inc 0 eta_inc 16366635 multi_dec -16332874 quick_dec -210414 nack_dec -560250
Flow Uec_8183_0 flowId 9 uecSrc 8 finished at 307178 total messages 1 total packets 16425 RTS 0 total bytes 67112550 in_flight now 0 fair_inc 0 prop_inc 207 fast_inc 0 eta_inc 16370622 multi_dec -16337298 quick_dec -179925 nack_dec -551950
Flow Uec_8096_0 flowId 96 uecSrc 95 finished at 307187 total messages 1 total packets 16425 RTS 0 total bytes 67112550 in_flight now 0 fair_inc 0 prop_inc 0 fast_inc 0 eta_inc 16370622 multi_dec -16347162 quick_dec -124743 nack_dec -539500
Flow Uec_8100_0 flowId 92 uecSrc 91 finished at 307192 total messages 1 total packets 16425 RTS 0 total bytes 67112550 in_flight now 0 fair_inc 0 prop_inc 0 fast_inc 0 eta_inc 16375938 multi_dec -16340412 quick_dec -227927 nack_dec -531200
Flow Uec_8067_0 flowId 125 uecSrc 124 finished at 307193 total messages 1 total packets 16425 RTS 0 total bytes 67112550 in_flight now 0 fair_inc 0 prop_inc 0 fast_inc 0 eta_inc 16367964 multi_dec -16331050 quick_dec -156567 nack_dec -539500
Flow Uec_8072_0 flowId 120 uecSrc 119 finished at 307213 total messages 1 total packets 16425 RTS 0 total bytes 67112550 in_flight now 0 fair_inc 0 prop_inc 0 fast_inc 0 eta_inc 16373280 multi_dec -16339066 quick_dec -165566 nack_dec -543650
Flow Uec_8108_0 flowId 84 uecSrc 83 finished at 307228 total messages 1 total packets 16425 RTS 0 total bytes 67112550 in_flight now 0 fair_inc 11306 prop_inc 0 fast_inc 0 eta_inc 16370622 multi_dec -16340444 quick_dec -174351 nack_dec -539500
Flow Uec_8114_0 flowId 78 uecSrc 77 finished at 307300 total messages 1 total packets 16425 RTS 0 total bytes 67112550 in_flight now 0 fair_inc 0 prop_inc 0 fast_inc 0 eta_inc 16371951 multi_dec -16333530 quick_dec -231275 nack_dec -564400
Flow Uec_8162_0 flowId 30 uecSrc 29 finished at 307336 total messages 1 total packets 16425 RTS 0 total bytes 67112550 in_flight now 0 fair_inc 0 prop_inc 0 fast_inc 0 eta_inc 16371951 multi_dec -16332574 quick_dec -212087 nack_dec -572700
Flow Uec_8124_0 flowId 68 uecSrc 67 finished at 307384 total messages 1 total packets 16425 RTS 0 total bytes 67112550 in_flight now 0 fair_inc 12107 prop_inc 0 fast_inc 0 eta_inc 16371951 multi_dec -16349187 quick_dec -232315 nack_dec -593450
Flow Uec_8168_0 flowId 24 uecSrc 23 finished at 307388 total messages 1 total packets 16425 RTS 0 total bytes 67112550 in_flight now 0 fair_inc 6267 prop_inc 0 fast_inc 0 eta_inc 16375938 multi_dec -16348797 quick_dec -153564 nack_dec -568550
Flow Uec_8110_0 flowId 82 uecSrc 81 finished at 307413 total messages 1 total packets 16425 RTS 0 total bytes 67112550 in_flight now 0 fair_inc 0 prop_inc 0 fast_inc 0 eta_inc 16379925 multi_dec -16331760 quick_dec -191960 nack_dec -572700
Flow Uec_8165_0 flowId 27 uecSrc 26 finished at 307463 total messages 1 total packets 16425 RTS 0 total bytes 67112550 in_flight now 0 fair_inc 0 prop_inc 0 fast_inc 0 eta_inc 16385241 multi_dec -16362840 quick_dec -154839 nack_dec -531200
Flow Uec_8090_0 flowId 102 uecSrc 101 finished at 307505 total messages 1 total packets 16425 RTS 0 total bytes 67112550 in_flight now 0 fair_inc 6199 prop_inc 0 fast_inc 0 eta_inc 16377267 multi_dec -16346245 quick_dec -209002 nack_dec -601750
Flow Uec_8164_0 flowId 28 uecSrc 27 finished at 308065 total messages 1 total packets 16425 RTS 0 total bytes 67112550 in_flight now 0 fair_inc 12628 prop_inc 0 fast_inc 0 eta_inc 16407834 multi_dec -16398954 quick_dec -166219 nack_dec -585150
Flow Uec_8074_0 flowId 118 uecSrc 117 finished at 308071 total messages 1 total packets 16425 RTS 0 total bytes 67112550 in_flight now 0 fair_inc 0 prop_inc 0 fast_inc 0 eta_inc 16415808 multi_dec -16392570 quick_dec -173384 nack_dec -556100
Flow Uec_8116_0 flowId 76 uecSrc 75 finished at 308253 total messages 1 total packets 16425 RTS 0 total bytes 67112550 in_flight now 0 fair_inc 5973 prop_inc 0 fast_inc 0 eta_inc 16429098 multi_dec -16395514 quick_dec -171191 nack_dec -556100
Flow Uec_8145_0 flowId 47 uecSrc 46 finished at 308425 total messages 1 total packets 16425 RTS 0 total bytes 67112550 in_flight now 0 fair_inc 0 prop_inc 0 fast_inc 0 eta_inc 16441059 multi_dec -16402188 quick_dec -201722 nack_dec -531200
Flow Uec_8127_0 flowId 65 uecSrc 64 finished at 309199 total messages 1 total packets 16425 RTS 0 total bytes 67112550 in_flight now 0 fair_inc 0 prop_inc 0 fast_inc 0 eta_inc 16488903 multi_dec -16463850 quick_dec -159943 nack_dec -531200
Flow Uec_8088_0 flowId 104 uecSrc 103 finished at 332416 total messages 1 total packets 16425 RTS 0 total bytes 67112550 in_flight now 0 fair_inc 166130 prop_inc 0 fast_inc 0 eta_inc 17723544 multi_dec -17927093 quick_dec -204903 nack_dec -693050
Flow Uec_8083_0 flowId 109 uecSrc 108 finished at 332545 total messages 1 total packets 16425 RTS 0 total bytes 67112550 in_flight now 0 fair_inc 127956 prop_inc 0 fast_inc 0 eta_inc 17730189 multi_dec -17861486 quick_dec -192336 nack_dec -684750
Flow Uec_8163_0 flowId 29 uecSrc 28 finished at 332744 total messages 1 total packets 16425 RTS 0 total bytes 67112550 in_flight now 0 fair_inc 161271 prop_inc 0 fast_inc 0 eta_inc 17752782 multi_dec -17935700 quick_dec -176625 nack_dec -668150
Flow Uec_8137_0 flowId 55 uecSrc 54 finished at 333095 total messages 1 total packets 16425 RTS 0 total bytes 67112550 in_flight now 0 fair_inc 76442 prop_inc 0 fast_inc 0 eta_inc 17768730 multi_dec -17868033 quick_dec -226700 nack_dec -647400
Flow Uec_8118_0 flowId 74 uecSrc 73 finished at 334885 total messages 1 total packets 16425 RTS 0 total bytes 67112550 in_flight now 0 fair_inc 108239 prop_inc 0 fast_inc 0 eta_inc 17865747 multi_dec -18041021 quick_dec -183458 nack_dec -647400
Flow Uec_8109_0 flowId 83 uecSrc 82 finished at 338656 total messages 1 total packets 16425 RTS 0 total bytes 67112550 in_flight now 0 fair_inc 108394 prop_inc 0 fast_inc 0 eta_inc 18051807 multi_dec -18273278 quick_dec -103194 nack_dec -680600
Flow Uec_8154_0 flowId 38 uecSrc 37 finished at 342611 total messages 1 total packets 16425 RTS 0 total bytes 67112550 in_flight now 0 fair_inc 224502 prop_inc 0 fast_inc 0 eta_inc 18292356 multi_dec -18687617 quick_dec -271999 nack_dec -672300
Flow Uec_8102_0 flowId 90 uecSrc 89 finished at 343045 total messages 1 total packets 16425 RTS 0 total bytes 67112550 in_flight now 0 fair_inc 198328 prop_inc 0 fast_inc 0 eta_inc 18301659 multi_dec -18484403 quick_dec -206061 nack_dec -709650
Flow Uec_8187_0 flowId 5 uecSrc 4 finished at 344127 total messages 1 total packets 16425 RTS 0 total bytes 67112550 in_flight now 0 fair_inc 200668 prop_inc 0 fast_inc 0 eta_inc 18368109 multi_dec -18710579 quick_dec -255535 nack_dec -723028
Flow Uec_8093_0 flowId 99 uecSrc 98 finished at 344727 total messages 1 total packets 16425 RTS 0 total bytes 67112550 in_flight now 0 fair_inc 265861 prop_inc 0 fast_inc 0 eta_inc 18394689 multi_dec -18752230 quick_dec -326318 nack_dec -784350
Flow Uec_8132_0 flowId 60 uecSrc 59 finished at 346114 total messages 1 total packets 16425 RTS 0 total bytes 67112550 in_flight now 0 fair_inc 282800 prop_inc 0 fast_inc 0 eta_inc 18454494 multi_dec -18750450 quick_dec -393220 nack_dec -784350
Flow Uec_8133_0 flowId 59 uecSrc 58 finished at 346196 total messages 1 total packets 16425 RTS 0 total bytes 67112550 in_flight now 0 fair_inc 316103 prop_inc 87 fast_inc 0 eta_inc 18473100 multi_dec -18987079 quick_dec -244493 nack_dec -830000
Flow Uec_8172_0 flowId 20 uecSrc 19 finished at 346835 total messages 1 total packets 16425 RTS 0 total bytes 67112550 in_flight now 0 fair_inc 327503 prop_inc 240 fast_inc 0 eta_inc 18518286 multi_dec -19075254 quick_dec -233108 nack_dec -751150
Flow Uec_8148_0 flowId 44 uecSrc 43 finished at 347029 total messages 1 total packets 16425 RTS 0 total bytes 67112550 in_flight now 0 fair_inc 278017 prop_inc 2079 fast_inc 0 eta_inc 18535563 multi_dec -18943527 quick_dec -281101 nack_dec -717950
Flow Uec_8173_0 flowId 19 uecSrc 18 finished at 347045 total messages 1 total packets 16425 RTS 0 total bytes 67112550 in_flight now 0 fair_inc 321944 prop_inc 0 fast_inc 0 eta_inc 18512970 multi_dec -18972467 quick_dec -276355 nack_dec -817550
Flow Uec_8136_0 flowId 56 uecSrc 55 finished at 347048 total messages 1 total packets 16425 RTS 0 total bytes 67112550 in_flight now 0 fair_inc 246665 prop_inc 0 fast_inc 0 eta_inc 18528918 multi_dec -18890044 quick_dec -245062 nack_dec -730400
Flow Uec_8158_0 flowId 34 uecSrc 33 finished at 347093 total messages 1 total packets 16425 RTS 0 total bytes 67112550 in_flight now 0 fair_inc 263253 prop_inc 220 fast_inc 0 eta_inc 18522273 multi_dec -18822335 quick_dec -198559 nack_dec -755300
Flow Uec_8156_0 flowId 36 uecSrc 35 finished at 347211 total messages 1 total packets 16425 RTS 0 total bytes 67112550 in_flight now 0 fair_inc 294699 prop_inc 0 fast_inc 0 eta_inc 18538221 multi_dec -18998129 quick_dec -228201 nack_dec -763600
Flow Uec_8134_0 flowId 58 uecSrc 57 finished at 347738 total messages 1 total packets 16425 RTS 0 total bytes 67112550 in_flight now 0 fair_inc 277528 prop_inc 0 fast_inc 0 eta_inc 18570117 multi_dec -19049764 quick_dec -207118 nack_dec -717950
Flow Uec_8191_0 flowId 1 uecSrc 0 finished at 347741 total messages 1 total packets 16425 RTS 0 total bytes 67112550 in_flight now 0 fair_inc 274336 prop_inc 0 fast_inc 0 eta_inc 18574104 multi_dec -18947908 quick_dec -247646 nack_dec -713800
Flow Uec_8143_0 flowId 49 uecSrc 48 finished at 347825 total messages 1 total packets 16425 RTS 0 total bytes 67112550 in_flight now 0 fair_inc 271872 prop_inc 162 fast_inc 0 eta_inc 18551511 multi_dec -18838843 quick_dec -212590 nack_dec -813400
Flow Uec_8089_0 flowId 103 uecSrc 102 finished at 347893 total messages 1 total packets 16425 RTS 0 total bytes 67112550 in_flight now 0 fair_inc 353972 prop_inc 0 fast_inc 0 eta_inc 18579420 multi_dec -19065663 quick_dec -352816 nack_dec -784350
Flow Uec_8141_0 flowId 51 uecSrc 50 finished at 347900 total messages 1 total packets 16425 RTS 0 total bytes 67112550 in_flight now 0 fair_inc 204393 prop_inc 201 fast_inc 0 eta_inc 18563472 multi_dec -18810712 quick_dec -220992 nack_dec -755300
Flow Uec_8091_0 flowId 101 uecSrc 100 finished at 347908 total messages 1 total packets 16425 RTS 0 total bytes 67112550 in_flight now 0 fair_inc 352966 prop_inc 232 fast_inc 0 eta_inc 18572775 multi_dec -19038961 quick_dec -379527 nack_dec -830000
Flow Uec_8125_0 flowId 67 uecSrc 66 finished at 347922 total messages 1 total packets 16425 RTS 0 total bytes 67112550 in_flight now 0 fair_inc 242511 prop_inc 730 fast_inc 0 eta_inc 18576762 multi_dec -18921668 quick_dec -232453 nack_dec -668150
Flow Uec_8138_0 flowId 54 uecSrc 53 finished at 347975 total messages 1 total packets 16425 RTS 0 total bytes 67112550 in_flight now 0 fair_inc 262803 prop_inc 69 fast_inc 0 eta_inc 18579420 multi_dec -18918513 quick_dec -252982 nack_dec -717950
Flow Uec_8073_0 flowId 119 uecSrc 118 finished at 348169 total messages 1 total packets 16425 RTS 0 total bytes 67112550 in_flight now 0 fair_inc 305657 prop_inc 918 fast_inc 0 eta_inc 18584736 multi_dec -19025110 quick_dec -266400 nack_dec -821700
Flow Uec_8129_0 flowId 63 uecSrc 62 finished at 348189 total messages 1 total packets 16425 RTS 0 total bytes 67112550 in_flight now 0 fair_inc 337729 prop_inc 0 fast_inc 0 eta_inc 18594039 multi_dec -19050382 quick_dec -284245 nack_dec -817550
Flow Uec_8128_0 flowId 64 uecSrc 63 finished at 348204 total messages 1 total packets 16425 RTS 0 total bytes 67112550 in_flight now 0 fair_inc 294311 prop_inc 802 fast_inc 0 eta_inc 18591381 multi_dec -18934968 quick_dec -326215 nack_dec -809250
Flow Uec_8121_0 flowId 71 uecSrc 70 finished at 348207 total messages 1 total packets 16425 RTS 0 total bytes 67112550 in_flight now 0 fair_inc 279541 prop_inc 1696 fast_inc 0 eta_inc 18586065 multi_dec -19044222 quick_dec -226858 nack_dec -747000
Flow Uec_8106_0 flowId 86 uecSrc 85 finished at 348253 total messages 1 total packets 16425 RTS 0 total bytes 67112550 in_flight now 0 fair_inc 242265 prop_inc 0 fast_inc 0 eta_inc 18590052 multi_dec -18821520 quick_dec -250730 nack_dec -817550
Flow Uec_8171_0 flowId 21 uecSrc 20 finished at 348260 total messages 1 total packets 16425 RTS 0 total bytes 67112550 in_flight now 0 fair_inc 258316 prop_inc 1505 fast_inc 0 eta_inc 18612645 multi_dec -19081432 quick_dec -237938 nack_dec -655700
Flow Uec_8104_0 flowId 88 uecSrc 87 finished at 348275 total messages 1 total packets 16425 RTS 0 total bytes 67112550 in_flight now 0 fair_inc 317522 prop_inc 1962 fast_inc 0 eta_inc 18567459 multi_dec -18952095 quick_dec -314056 nack_dec -868278
Flow Uec_8099_0 flowId 93 uecSrc 92 finished at 348289 total messages 1 total packets 16425 RTS 0 total bytes 67112550 in_flight now 0 fair_inc 298232 prop_inc 1067 fast_inc 0 eta_inc 18592710 multi_dec -19074379 quick_dec -335082 nack_dec -734550
Flow Uec_8186_0 flowId 6 uecSrc 5 finished at 348300 total messages 1 total packets 16425 RTS 0 total bytes 67112550 in_flight now 0 fair_inc 260586 prop_inc 958 fast_inc 0 eta_inc 18587394 multi_dec -19000915 quick_dec -226993 nack_dec -751150
Flow Uec_8167_0 flowId 25 uecSrc 24 finished at 348318 total messages 1 total packets 16425 RTS 0 total bytes 67112550 in_flight now 0 fair_inc 292405 prop_inc 2487 fast_inc 0 eta_inc 18582078 multi_dec -18951232 quick_dec -237345 nack_dec -817550
Flow Uec_8151_0 flowId 41 uecSrc 40 finished at 348369 total messages 1 total packets 16425 RTS 0 total bytes 67112550 in_flight now 0 fair_inc 259522 prop_inc 2498 fast_inc 0 eta_inc 18600684 multi_dec -19036210 quick_dec -156478 nack_dec -742850
Flow Uec_8188_0 flowId 4 uecSrc 3 finished at 348373 total messages 1 total packets 16425 RTS 0 total bytes 67112550 in_flight now 0 fair_inc 268768 prop_inc 2170 fast_inc 0 eta_inc 18608658 multi_dec -19020963 quick_dec -271470 nack_dec -751150
Flow Uec_8085_0 flowId 107 uecSrc 106 finished at 348399 total messages 1 total packets 16425 RTS 0 total bytes 67112550 in_flight now 0 fair_inc 262027 prop_inc 3310 fast_inc 0 eta_inc 18600684 multi_dec -19059980 quick_dec -164257 nack_dec -767750
Flow Uec_8140_0 flowId 52 uecSrc 51 finished at 348462 total messages 1 total packets 16425 RTS 0 total bytes 67112550 in_flight now 0 fair_inc 318243 prop_inc 1087 fast_inc 0 eta_inc 18612645 multi_dec -19080726 quick_dec -284152 nack_dec -796800
Flow Uec_8157_0 flowId 35 uecSrc 34 finished at 348553 total messages 1 total packets 16425 RTS 0 total bytes 67112550 in_flight now 0 fair_inc 255959 prop_inc 1556 fast_inc 0 eta_inc 18611316 multi_dec -18936935 quick_dec -292596 nack_dec -800950
Flow Uec_8184_0 flowId 8 uecSrc 7 finished at 348569 total messages 1 total packets 16425 RTS 0 total bytes 67112550 in_flight now 0 fair_inc 297965 prop_inc 3668 fast_inc 0 eta_inc 18600684 multi_dec -18940502 quick_dec -298989 nack_dec -871500
Flow Uec_8185_0 flowId 7 uecSrc 6 finished at 348576 total messages 1 total packets 16425 RTS 0 total bytes 67112550 in_flight now 0 fair_inc 321583 prop_inc 807 fast_inc 0 eta_inc 18616632 multi_dec -19006063 quick_dec -272093 nack_dec -734550
Flow Uec_8189_0 flowId 3 uecSrc 2 finished at 348577 total messages 1 total packets 16425 RTS 0 total bytes 67112550 in_flight now 0 fair_inc 324342 prop_inc 5458 fast_inc 0 eta_inc 18608658 multi_dec -18949975 quick_dec -144124 nack_dec -697200
Flow Uec_8146_0 flowId 46 uecSrc 45 finished at 348693 total messages 1 total packets 16425 RTS 0 total bytes 67112550 in_flight now 0 fair_inc 319823 prop_inc 4060 fast_inc 0 eta_inc 18625935 multi_dec -18945975 quick_dec -435416 nack_dec -834150
Flow Uec_8080_0 flowId 112 uecSrc 111 finished at 348705 total messages 1 total packets 16425 RTS 0 total bytes 67112550 in_flight now 0 fair_inc 288632 prop_inc 5884 fast_inc 0 eta_inc 18623277 multi_dec -19039632 quick_dec -266190 nack_dec -742850
Flow Uec_8126_0 flowId 66 uecSrc 65 finished at 348747 total messages 1 total packets 16425 RTS 0 total bytes 67112550 in_flight now 0 fair_inc 325878 prop_inc 3836 fast_inc 0 eta_inc 18617961 multi_dec -18995722 quick_dec -299975 nack_dec -817550
Flow Uec_8155_0 flowId 37 uecSrc 36 finished at 348784 total messages 1 total packets 16425 RTS 0 total bytes 67112550 in_flight now 0 fair_inc 285931 prop_inc 6272 fast_inc 0 eta_inc 18607329 multi_dec -18932700 quick_dec -247227 nack_dec -900550
Flow Uec_8112_0 flowId 80 uecSrc 79 finished at 348805 total messages 1 total packets 16425 RTS 0 total bytes 67112550 in_flight now 0 fair_inc 290732 prop_inc 7650 fast_inc 0 eta_inc 18629922 multi_dec -18930116 quick_dec -404720 nack_dec -796800
Flow Uec_8170_0 flowId 22 uecSrc 21 finished at 348831 total messages 1 total packets 16425 RTS 0 total bytes 67112550 in_flight now 0 fair_inc 309130 prop_inc 9121 fast_inc 0 eta_inc 18607329 multi_dec -18873322 quick_dec -357041 nack_dec -883950
Flow Uec_8144_0 flowId 48 uecSrc 47 finished at 348842 total messages 1 total packets 16425 RTS 0 total bytes 67112550 in_flight now 0 fair_inc 282473 prop_inc 3072 fast_inc 0 eta_inc 18619290 multi_dec -18995412 quick_dec -281716 nack_dec -800950
Flow Uec_8176_0 flowId 16 uecSrc 15 finished at 348846 total messages 1 total packets 16425 RTS 0 total bytes 67112550 in_flight now 0 fair_inc 341813 prop_inc 5357 fast_inc 0 eta_inc 18616632 multi_dec -18816527 quick_dec -395919 nack_dec -809250
Flow Uec_8174_0 flowId 18 uecSrc 17 finished at 348877 total messages 1 total packets 16425 RTS 0 total bytes 67112550 in_flight now 0 fair_inc 295202 prop_inc 12653 fast_inc 0 eta_inc 18624606 multi_dec -18912215 quick_dec -408644 nack_dec -813400
Flow Uec_8066_0 flowId 126 uecSrc 125 finished at 348888 total messages 1 total packets 16425 RTS 0 total bytes 67112550 in_flight now 0 fair_inc 243018 prop_inc 9311 fast_inc 0 eta_inc 18636567 multi_dec -18961624 quick_dec -309235 nack_dec -734550
Flow Uec_8082_0 flowId 110 uecSrc 109 finished at 348891 total messages 1 total packets 16425 RTS 0 total bytes 67112550 in_flight now 0 fair_inc 239273 prop_inc 14432 fast_inc 0 eta_inc 18607329 multi_dec -18925615 quick_dec -224850 nack_dec -834150
Flow Uec_8180_0 flowId 12 uecSrc 11 finished at 348896 total messages 1 total packets 16425 RTS 0 total bytes 67112550 in_flight now 0 fair_inc 251419 prop_inc 9117 fast_inc 0 eta_inc 18621948 multi_dec -18925487 quick_dec -277776 nack_dec -800950
Flow Uec_8147_0 flowId 45 uecSrc 44 finished at 348898 total messages 1 total packets 16425 RTS 0 total bytes 67112550 in_flight now 0 fair_inc 297906 prop_inc 14198 fast_inc 0 eta_inc 18621948 multi_dec -18985292 quick_dec -238845 nack_dec -817550
Flow Uec_8078_0 flowId 114 uecSrc 113 finished at 348920 total messages 1 total packets 16425 RTS 0 total bytes 67112550 in_flight now 0 fair_inc 221643 prop_inc 39644 fast_inc 0 eta_inc 18639225 multi_dec -18927363 quick_dec -312862 nack_dec -701350
Flow Uec_8065_0 flowId 127 uecSrc 126 finished at 348937 total messages 1 total packets 16425 RTS 0 total bytes 67112550 in_flight now 0 fair_inc 256312 prop_inc 47243 fast_inc 0 eta_inc 18631251 multi_dec -18982932 quick_dec -208607 nack_dec -813400
Flow Uec_8142_0 flowId 50 uecSrc 49 finished at 348988 total messages 1 total packets 16425 RTS 0 total bytes 67112550 in_flight now 0 fair_inc 273217 prop_inc 47459 fast_inc 0 eta_inc 18636567 multi_dec -18921842 quick_dec -326863 nack_dec -871500
Flow Uec_8079_0 flowId 113 uecSrc 112 finished at 348991 total messages 1 total packets 16425 RTS 0 total bytes 67112550 in_flight now 0 fair_inc 287785 prop_inc 46925 fast_inc 0 eta_inc 18649857 multi_dec -19001873 quick_dec -284314 nack_dec -713800
Flow Uec_8117_0 flowId 75 uecSrc 74 finished at 349022 total messages 1 total packets 16425 RTS 0 total bytes 67112550 in_flight now 0 fair_inc 181930 prop_inc 84259 fast_inc 0 eta_inc 18651186 multi_dec -18921982 quick_dec -273754 nack_dec -697200
Flow Uec_8123_0 flowId 69 uecSrc 68 finished at 349029 total messages 1 total packets 16425 RTS 0 total bytes 67112550 in_flight now 0 fair_inc 210145 prop_inc 76883 fast_inc 0 eta_inc 18644541 multi_dec -18944519 quick_dec -184251 nack_dec -763600
Flow Uec_8094_0 flowId 98 uecSrc 97 finished at 349033 total messages 1 total packets 16425 RTS 0 total bytes 67112550 in_flight now 0 fair_inc 205862 prop_inc 95270 fast_inc 0 eta_inc 18627264 multi_dec -18895293 quick_dec -255264 nack_dec -784350
Flow Uec_8115_0 flowId 77 uecSrc 76 finished at 349063 total messages 1 total packets 16425 RTS 0 total bytes 67112550 in_flight now 0 fair_inc 186730 prop_inc 116255 fast_inc 96990 eta_inc 18645870 multi_dec -18807843 quick_dec -289901 nack_dec -747000
New: 2102400 Rtx: 20454 RTS: 0 Bounced: 0 ACKs: 2101827 NACKs: 20454 Pulls: 0 sleek_pkts: 0
SPURIOUS_COUNT 0
